
==============================================================================
  SURFACE GRINDING CONTROLLER
==============================================================================
  robot              172.16.0.2
  parameters         /home/hm-panda/Desktop/Thesis_Final_Control/surface_grinding_controller/params
------------------------------------------------------------------------------

==============================================================================
  SURFACE GRINDING CONTROLLER - STARTUP MENU
==============================================================================

-- RUN MODES -----------------------------------------------------------------
  s      Run orientation, approach, setup, and grinding
  h      Cartesian pose hold at the initial posture
  t      Cartesian pose hold with the setup impedance
  g      Start manual guidance from the current robot pose

-- ROBOT PREPARATION ---------------------------------------------------------
  i      Move to the configured initial joint posture

-- GRIPPER AND TOOL ----------------------------------------------------------
  o      Open the gripper
  c      Grasp the tool
  r      Recalibrate the gripper with empty fingers
  f      Pick up the tool from the holder
  b      Return the tool to the holder

-- PROGRAM -------------------------------------------------------------------
  e      Exit
------------------------------------------------------------------------------
  During control: e = stop | m = startup menu | g = guidance
------------------------------------------------------------------------------
Selection [s/h/t/g/i/o/c/r/f/b/e]: 
-- SELECTED MODE: PHASE SEQUENCE ---------------------------------------------

-- moving to q_init ----------------------------------------------------------
  case               saved_qinit
  q1..q7 [deg]     = [0.8, 12.1, -0.5, -130.9, -0.2, 142.9, 44.7] deg
  saved_qinit = [0.014777, 0.210911, -0.009320, -2.284835, -0.002725, 2.493410, 0.780694] rad
  q_init reached.

-- start pose ----------------------------------------------------------------
  q_start          = [0.8, 12.1, -0.5, -130.9, -0.2, 142.9, 44.7] deg
  p_start          = [    531.3,       2.5,     156.8] mm

==============================================================================
  RUN
==============================================================================

-- phase: approach_orient ----------------------------------------------------
  Kp [t1,t2,n]     = [    150.0,     150.0,     150.0] N/m
  Dp [t1,t2,n]     = [    133.7,      94.2,     128.3] Ns/m     auto (factor 1.90)
  KR [t1,t2,n]     = [    180.0,     180.0,      90.0] Nm/rad
  DR [t1,t2,n]     = [     15.3,      25.0,       2.0] Nms/rad  auto (factor 1.90)
orient:     t=  0.0 s | axis_err=  7.6 deg | spin_err=  0.7 deg
orient:     t=  0.2 s | axis_err=  6.2 deg | spin_err=  0.4 deg
orient:     t=  0.4 s | axis_err=  3.0 deg | spin_err=  0.1 deg
orient:     t=  0.6 s | axis_err=  1.4 deg | spin_err=  0.0 deg
orient:     t=  0.8 s | axis_err=  1.0 deg | spin_err=  0.0 deg

Orientation reached: axis_err=0.9 deg | spin_err=0.0 deg

-- phase: approach_descend ---------------------------------------------------
  Kp [t1,t2,n]     = [    150.0,     150.0,     150.0] N/m
  Dp [t1,t2,n]     = [    133.7,      94.2,     128.3] Ns/m     auto (factor 1.90)
  KR [t1,t2,n]     = [    180.0,     180.0,      90.0] Nm/rad
  DR [t1,t2,n]     = [     15.3,      25.0,       2.0] Nms/rad  auto (factor 1.90)
  descend to         20 mm clearance at 0.100 m/s
descend:    t=  0.0 s | distance=   0.1 mm | height=+125.0 mm (target 20.0) | force=  0.0 N
descend:    t=  0.2 s | distance=  20.2 mm | height=+114.0 mm (target 20.0) | force=  2.1 N
descend:    t=  0.4 s | distance=  40.3 mm | height= +98.2 mm (target 20.0) | force=  2.4 N
descend:    t=  0.6 s | distance=  60.4 mm | height= +81.5 mm (target 20.0) | force=  2.6 N
descend:    t=  0.8 s | distance=  80.5 mm | height= +64.2 mm (target 20.0) | force=  2.8 N
descend:    t=  1.0 s | distance= 100.6 mm | height= +46.6 mm (target 20.0) | force=  2.9 N
descend:    t=  1.2 s | distance= 120.7 mm | height= +28.9 mm (target 20.0) | force=  2.6 N

Clearance reached: distance=130.9 mm | height=20.0 mm | target=20.0 mm | force=2.8 N
  offset_ee        = [     20.0,      60.0,      20.0] mm
  p_EE_at_contact  = [    508.4,      -0.2,      42.7] mm
  contact_point    = [    525.1,     -61.3,       1.7] mm
  edge_offset      = [     16.8,     -61.1,     -41.0] mm

-- phase: setup --------------------------------------------------------------

-- setup impedance -----------------------------------------------------------
  law                wrench = K_TCP*dx + D_TCP*dv
                     K_TCP  = Ad(r_c)^T * blkdiag(Kp,KR) * Ad(r_c)
  Kp [t1,t2,n]     = [   2000.0,    2000.0,     350.0] N/m
  Dp [t1,t2,n]     = [    234.6,     173.9,     111.4] Ns/m     auto
  KR [t1,t2,n]     = [      5.0,       5.0,      50.0] Nm/rad
  DR [t1,t2,n]     = [      1.3,       2.1,       0.9] Nms/rad  auto
  p_c [EE]         = [    -30.0,       0.0,      -0.0] mm       commanded in the tool frame
  r_c [t1,t2,n]    = [     29.8,      -0.0,      -3.5] mm       p_TCP - p_c, in the plane
setup:     t=  0.0 s | ee=  0.0 deg | F=  0.1 N | M=  0.0 Nm (limit 150.0) | contact= 19.9 mm
setup:     t=  0.2 s | ee=  0.7 deg | F=  0.5 N | M=  0.4 Nm (limit 150.0) | contact=  7.1 mm
setup:     t=  0.4 s | ee=  1.2 deg | F= 14.2 N | M=  7.7 Nm (limit 150.0) | contact=  2.3 mm
setup:     t=  0.6 s | ee=  1.2 deg | F= 14.1 N | M=  7.3 Nm (limit 150.0) | contact=  2.3 mm
setup:     t=  0.8 s | ee=  1.2 deg | F= 19.8 N | M= 10.2 Nm (limit 150.0) | contact=  2.5 mm
setup:     t=  1.0 s | ee=  1.2 deg | F= 25.7 N | M= 13.2 Nm (limit 150.0) | contact=  2.8 mm
setup:     t=  1.2 s | ee=  1.2 deg | F= 31.5 N | M= 16.0 Nm (limit 150.0) | contact=  3.1 mm
setup:     t=  1.4 s | ee=  1.3 deg | F= 37.1 N | M= 18.8 Nm (limit 150.0) | contact=  3.5 mm
setup:     t=  1.6 s | ee=  1.3 deg | F= 42.0 N | M= 21.1 Nm (limit 150.0) | contact=  4.1 mm
setup:     t=  1.8 s | ee=  1.6 deg | F= 49.0 N | M= 24.6 Nm (limit 150.0) | contact=  5.1 mm
setup:     t=  2.0 s | ee=  1.5 deg | F= 54.3 N | M= 27.1 Nm (limit 150.0) | contact=  5.2 mm
setup:     t=  2.2 s | ee=  1.5 deg | F= 59.8 N | M= 29.6 Nm (limit 150.0) | contact=  5.3 mm
setup:     t=  2.4 s | ee=  1.4 deg | F= 65.3 N | M= 32.3 Nm (limit 150.0) | contact=  5.4 mm
setup:     t=  2.6 s | ee=  1.4 deg | F= 72.0 N | M= 35.5 Nm (limit 150.0) | contact=  5.4 mm
setup:     t=  2.8 s | ee=  1.3 deg | F= 78.6 N | M= 38.8 Nm (limit 150.0) | contact=  5.5 mm
setup:     t=  3.0 s | ee=  1.2 deg | F= 84.3 N | M= 41.7 Nm (limit 150.0) | contact=  5.5 mm
setup:     t=  3.2 s | ee=  1.2 deg | F= 88.3 N | M= 43.7 Nm (limit 150.0) | contact=  5.6 mm
setup:     t=  3.4 s | ee=  1.2 deg | F= 81.8 N | M= 40.5 Nm (limit 150.0) | contact=  5.5 mm
setup:     t=  3.6 s | ee=  1.2 deg | F= 81.7 N | M= 40.5 Nm (limit 150.0) | contact=  5.5 mm
setup:     t=  3.8 s | ee=  1.2 deg | F= 81.7 N | M= 40.5 Nm (limit 150.0) | contact=  5.5 mm
setup:     t=  4.0 s | ee=  1.2 deg | F= 81.6 N | M= 40.4 Nm (limit 150.0) | contact=  5.5 mm
setup:     t=  4.2 s | ee=  1.2 deg | F= 81.7 N | M= 40.5 Nm (limit 150.0) | contact=  5.5 mm
setup:     t=  4.4 s | ee=  1.2 deg | F= 81.6 N | M= 40.4 Nm (limit 150.0) | contact=  5.5 mm
setup:     t=  4.6 s | ee=  1.2 deg | F= 81.5 N | M= 40.4 Nm (limit 150.0) | contact=  5.5 mm
setup:     t=  4.8 s | ee=  1.2 deg | F= 81.5 N | M= 40.4 Nm (limit 150.0) | contact=  5.5 mm

==============================================================================
  SETUP RESULT
==============================================================================
  stop: time | t=5.0 s | ee=1.2 deg | F=81.5 N | M=40.4 Nm
  contact_from_start = [-1.4, -0.2, -5.3] mm | norm=5.5 mm
  tcp_from_contact  = [-19.0, +59.8, +16.9] mm | norm=65.0 mm
  deviation: before=5.16 deg | after=5.36 deg | gain=-0.20 deg
  deviation components [t1,t2,n] deg: before=[-0.63,-5.12,+0.00] | after=[-1.69,-5.09,-0.00]

-- setup surface-frame breakdown ---------------------------------------------
  frame              alignment-target [tangent1, tangent2, normal]
  force        [N]      = [    +5.35,     +1.73,    -81.32]
  tcp_disp     [mm]     = [    -1.81,     -0.60,    -24.15]
  contact_disp [mm]     = [    -1.32,     -0.01,     -5.30]
  Kp_eff=F/tcp [N/m]    = [  -2951.5,   -2902.8,    3366.6]
  M_contact    [Nm]     = [    -3.47,    +39.05,     +0.03]
  tip_angle    [deg]    = [    -1.11,     +0.04,     -0.45]
  KR_eff=M/ang [Nm/rad] = [    179.8,   53978.8,      -3.6]
  frame              tool face [length, width, tool axis]
  M_contact    [Nm]     = [   -39.05,     +3.11,     +1.43]

-- center of compliance ------------------------------------------------------
  definition         r_c = p_TCP - p_c
  p_TCP [x,y,z]    = [    506.2,      -1.5,      18.6] mm
  p_c [EE]         = [    -30.0,       0.0,       0.0] mm
  r_c [t1,t2,n]    = [     29.8,       0.3,      -3.4] mm
                     p_c resolved at end of setup

-- effective TCP impedance ---------------------------------------------------
  K_TCP translation = [   1999.5,    1998.7,     351.8] N/m
  K_TCP rotation   = [      5.0,       5.4,      51.7] Nm/rad
  commanded KR was = [      5.0,       5.0,      50.0] Nm/rad   including lever contribution
  D_TCP translation = [    234.5,     173.9,     111.5] Ns/m
  D_TCP rotation   = [      1.3,       2.2,       1.1] Nms/rad
  coupling           max |moment per unit translation| = 59.4 Nm/m (K), 5.2 Nms/m (D)
  eigenvalues        K_TCP 5.00 .. 2002 | D_TCP 0.95 .. 235  (both positive: valid springs)

  K_TCP [N/m, Nm/rad | rows fx..mz, cols tx..rz]:
           tx        ty        tz    |    rx        ry        rz
  fx [    2000  -0.7871   -28.44 | 0.008076    7.076    0.372 ]
  fy [ -0.7871     1999   -45.62 |    -7.91    -1.36   -59.44 ]
  fz [  -28.44   -45.62    351.8 |   0.1194    10.35    1.352 ]
     ---------------------------+---------------------------
  mx [0.008076    -7.91   0.1194 |    5.045  0.02505    1.011 ]
  my [   7.076    -1.36    10.35 |  0.02505     5.37    1.286 ]
  mz [   0.372   -59.44    1.352 |    1.011    1.286    51.72 ]

  D_TCP [Ns/m, Nms/rad]:
           tx        ty        tz    |    rx        ry        rz
  fx [   234.5 -0.05873   -2.122 | 0.0006026    0.866  0.04264 ]
  fy [-0.05873    173.9   -1.727 |  -0.6886 -0.05159   -5.171 ]
  fz [  -2.122   -1.727    111.5 |  -0.0126    3.308  0.05099 ]
     ---------------------------+---------------------------
  mx [0.0006026  -0.6886  -0.0126 |    1.289 -0.000534  0.01464 ]
  my [   0.866 -0.05159    3.308 | -0.000534    2.207 -0.03036 ]
  mz [ 0.04264   -5.171  0.05099 |  0.01464 -0.03036    1.102 ]

[GATE] Set up finished (still pressing). Press Enter to start the grind (e+Enter stops).

Stop requested with e + Enter. Finishing control loop...

-- joint motion [deg] --------------------------------------------------------
  joint       start    final    delta
  q1            0.8     -0.6     -1.4
  q2           12.1     29.9    +17.8
  q3           -0.5      0.4     +0.9
  q4         -130.9   -128.6     +2.3
  q5           -0.2     -1.1     -0.9
  q6          142.9    150.9     +8.0
  q7           44.7     45.4     +0.6

==============================================================================
  FINAL RESULT
==============================================================================
  p_d              = [    503.9,      -7.4,    -217.1] mm
  p_EE             = [    506.2,      -1.5,      18.6] mm
  e_p              = [     -2.3,      -5.9,    -235.8] mm
  e_R              = [    -1.11,      0.03,     -0.44] deg
------------------------------------------------------------------------------
  position error     235.84 mm
  rotation error     1.20 deg
  csv                logs/surface_grinding_controller_log.csv
------------------------------------------------------------------------------
