
==============================================================================
  SURFACE GRINDING CONTROLLER
==============================================================================
  robot              172.16.0.2
  parameters         /home/hm-panda/Desktop/Thesis_Final_Control/surface_grinding_controller/params
------------------------------------------------------------------------------

==============================================================================
  SURFACE GRINDING CONTROLLER - STARTUP MENU
==============================================================================

-- RUN MODES -----------------------------------------------------------------
  s      Run orientation, approach, setup, and grinding
  h      Cartesian pose hold at the initial posture
  t      Cartesian pose hold with the setup impedance
  g      Start manual guidance from the current robot pose

-- ROBOT PREPARATION ---------------------------------------------------------
  i      Move to the configured initial joint posture

-- GRIPPER AND TOOL ----------------------------------------------------------
  o      Open the gripper
  c      Grasp the tool
  r      Recalibrate the gripper with empty fingers
  f      Pick up the tool from the holder
  b      Return the tool to the holder

-- PROGRAM -------------------------------------------------------------------
  e      Exit
------------------------------------------------------------------------------
  During control: e = stop | m = startup menu | g = guidance
------------------------------------------------------------------------------
Selection [s/h/t/g/i/o/c/r/f/b/e]: 
-- SELECTED MODE: PHASE SEQUENCE ---------------------------------------------

-- moving to q_init ----------------------------------------------------------
  case               saved_qinit
  q1..q7 [deg]     = [0.8, 12.1, -0.5, -130.9, -0.2, 142.9, 44.7] deg
  saved_qinit = [0.014777, 0.210911, -0.009320, -2.284835, -0.002725, 2.493410, 0.780694] rad
  q_init reached.

-- start pose ----------------------------------------------------------------
  q_start          = [0.9, 12.1, -0.5, -130.9, -0.1, 142.9, 44.7] deg
  p_start          = [    531.4,       2.5,     156.9] mm

==============================================================================
  RUN
==============================================================================

-- phase: approach_orient ----------------------------------------------------
  Kp [t1,t2,n]     = [    150.0,     150.0,     150.0] N/m
  Dp [t1,t2,n]     = [    133.7,      94.2,     128.3] Ns/m     auto (factor 1.90)
  KR [t1,t2,n]     = [    180.0,     180.0,      90.0] Nm/rad
  DR [t1,t2,n]     = [     15.3,      25.0,       2.0] Nms/rad  auto (factor 1.90)
orient:     t=  0.0 s | axis_err=  8.5 deg | spin_err=  0.5 deg
orient:     t=  0.2 s | axis_err=  7.3 deg | spin_err=  0.3 deg
orient:     t=  0.4 s | axis_err=  3.3 deg | spin_err=  0.2 deg
orient:     t=  0.6 s | axis_err=  1.1 deg | spin_err=  0.3 deg
orient:     t=  0.8 s | axis_err=  0.9 deg | spin_err=  0.3 deg

Orientation reached: axis_err=0.8 deg | spin_err=0.3 deg

-- phase: approach_descend ---------------------------------------------------
  Kp [t1,t2,n]     = [    150.0,     150.0,     150.0] N/m
  Dp [t1,t2,n]     = [    133.7,      94.2,     128.3] Ns/m     auto (factor 1.90)
  KR [t1,t2,n]     = [    180.0,     180.0,      90.0] Nm/rad
  DR [t1,t2,n]     = [     15.3,      25.0,       2.0] Nms/rad  auto (factor 1.90)
  descend to         20 mm clearance at 0.100 m/s
descend:    t=  0.0 s | distance=   0.1 mm | height=+121.3 mm (target 20.0) | force=  0.0 N
descend:    t=  0.2 s | distance=  20.2 mm | height=+110.4 mm (target 20.0) | force=  2.4 N
descend:    t=  0.4 s | distance=  40.3 mm | height= +95.8 mm (target 20.0) | force=  2.7 N
descend:    t=  0.6 s | distance=  60.4 mm | height= +79.6 mm (target 20.0) | force=  2.3 N
descend:    t=  0.8 s | distance=  80.5 mm | height= +62.5 mm (target 20.0) | force=  3.1 N
descend:    t=  1.0 s | distance= 100.6 mm | height= +45.8 mm (target 20.0) | force=  3.6 N
descend:    t=  1.2 s | distance= 120.7 mm | height= +28.8 mm (target 20.0) | force=  3.0 N

Clearance reached: distance=131.6 mm | height=20.0 mm | target=20.0 mm | force=3.0 N
  offset_ee        = [     20.0,      60.0,      20.0] mm
  p_EE_at_contact  = [    516.9,       1.7,      49.8] mm
  contact_point    = [    535.3,     -55.8,       1.3] mm
  edge_offset      = [     18.4,     -57.4,     -48.5] mm

-- phase: setup --------------------------------------------------------------

-- setup impedance -----------------------------------------------------------
  law                wrench = K_TCP*dx + D_TCP*dv
                     K_TCP  = Ad(r_c)^T * blkdiag(Kp,KR) * Ad(r_c)
  Kp [t1,t2,n]     = [   2000.0,    2000.0,     350.0] N/m
  Dp [t1,t2,n]     = [    231.2,     178.1,     112.1] Ns/m     auto
  KR [t1,t2,n]     = [      5.0,       5.0,      50.0] Nm/rad
  DR [t1,t2,n]     = [      1.5,       1.9,       1.2] Nms/rad  auto
  p_c [EE]         = [     -0.0,       0.0,     -90.0] mm       commanded in the tool frame
  r_c [t1,t2,n]    = [     -3.1,      14.0,     -88.8] mm       p_TCP - p_c, in the plane
setup:     t=  0.0 s | tip=  0.0 deg | F=  0.2 N | M=  0.0 Nm (limit 150.0) | contact= 19.9 mm
setup:     t=  0.2 s | tip=  1.2 deg | F=  1.0 N | M=  0.9 Nm (limit 150.0) | contact=  7.2 mm
setup:     t=  0.4 s | tip=  1.8 deg | F= 13.2 N | M=  7.6 Nm (limit 150.0) | contact=  5.8 mm
setup:     t=  0.6 s | tip=  1.9 deg | F= 14.6 N | M=  8.2 Nm (limit 150.0) | contact=  5.8 mm
setup:     t=  0.8 s | tip=  1.9 deg | F= 20.1 N | M= 11.0 Nm (limit 150.0) | contact=  6.0 mm
setup:     t=  1.0 s | tip=  1.9 deg | F= 26.4 N | M= 14.3 Nm (limit 150.0) | contact=  6.2 mm
setup:     t=  1.2 s | tip=  1.9 deg | F= 32.4 N | M= 17.3 Nm (limit 150.0) | contact=  6.4 mm
setup:     t=  1.4 s | tip=  1.9 deg | F= 38.2 N | M= 20.3 Nm (limit 150.0) | contact=  6.6 mm
setup:     t=  1.6 s | tip=  2.0 deg | F= 43.8 N | M= 23.2 Nm (limit 150.0) | contact=  6.7 mm
setup:     t=  1.8 s | tip=  2.0 deg | F= 49.8 N | M= 26.2 Nm (limit 150.0) | contact=  6.9 mm
setup:     t=  2.0 s | tip=  2.0 deg | F= 55.3 N | M= 29.0 Nm (limit 150.0) | contact=  7.0 mm
setup:     t=  2.2 s | tip=  2.0 deg | F= 60.7 N | M= 31.9 Nm (limit 150.0) | contact=  7.1 mm
setup:     t=  2.4 s | tip=  2.0 deg | F= 66.1 N | M= 34.7 Nm (limit 150.0) | contact=  7.3 mm
setup:     t=  2.6 s | tip=  2.1 deg | F= 71.5 N | M= 37.5 Nm (limit 150.0) | contact=  7.4 mm
setup:     t=  2.8 s | tip=  2.1 deg | F= 77.3 N | M= 40.6 Nm (limit 150.0) | contact=  7.5 mm
setup:     t=  3.0 s | tip=  2.1 deg | F= 82.8 N | M= 43.4 Nm (limit 150.0) | contact=  7.7 mm
setup:     t=  3.2 s | tip=  2.3 deg | F= 88.2 N | M= 46.3 Nm (limit 150.0) | contact=  7.8 mm
setup:     t=  3.4 s | tip=  2.4 deg | F= 80.7 N | M= 42.4 Nm (limit 150.0) | contact=  7.8 mm
setup:     t=  3.6 s | tip=  2.5 deg | F= 80.5 N | M= 42.3 Nm (limit 150.0) | contact=  7.8 mm
setup:     t=  3.8 s | tip=  2.7 deg | F= 81.6 N | M= 42.9 Nm (limit 150.0) | contact=  7.7 mm
setup:     t=  4.0 s | tip=  2.8 deg | F= 82.9 N | M= 43.6 Nm (limit 150.0) | contact=  7.7 mm
setup:     t=  4.2 s | tip=  2.8 deg | F= 81.5 N | M= 42.8 Nm (limit 150.0) | contact=  7.7 mm
setup:     t=  4.4 s | tip=  2.8 deg | F= 81.5 N | M= 42.8 Nm (limit 150.0) | contact=  7.7 mm
setup:     t=  4.6 s | tip=  2.8 deg | F= 81.5 N | M= 42.8 Nm (limit 150.0) | contact=  7.7 mm
setup:     t=  4.8 s | tip=  2.8 deg | F= 81.5 N | M= 42.8 Nm (limit 150.0) | contact=  7.7 mm

==============================================================================
  SETUP RESULT
==============================================================================
  stop: time | t=5.0 s | tip=2.8 deg | F=81.5 N | M=42.8 Nm
  contact_from_start = [-6.2, +0.2, -4.6] mm | norm=7.7 mm
  tcp_from_contact  = [-24.1, +57.8, +22.9] mm | norm=66.7 mm
  alignment: before=9.36 deg | after=8.09 deg | gain=+1.27 deg
  alignment components [t1,t2,n] deg: before=[-9.34,-0.50,-0.00] | after=[-7.61,-2.75,+0.00]

-- setup surface-frame breakdown ---------------------------------------------
  frame              alignment-target [tangent1, tangent2, normal]
  force        [N]      = [    +1.67,     -8.52,    -81.02]
  tcp_disp     [mm]     = [    -5.23,     +1.09,    -25.66]
  contact_disp [mm]     = [    -6.07,     +0.30,     -4.74]
  Kp_eff=F/tcp [N/m]    = [   -320.4,   -7843.4,    3157.0]
  M_contact    [Nm]     = [    -1.94,    +41.10,     -4.14]
  tip_angle    [deg]    = [    +1.73,     -2.23,     -0.30]
  KR_eff=M/ang [Nm/rad] = [    -64.1,   -1055.2,     793.2]
  frame              tool face [length, width, tool axis]
  M_contact    [Nm]     = [   -40.19,     +1.50,     +9.63]

-- center of compliance ------------------------------------------------------
  definition         r_c = p_TCP - p_c
  p_TCP [x,y,z]    = [    511.2,       2.0,      24.2] mm
  p_c [EE]         = [     -0.0,       0.0,     -90.0] mm
  r_c [t1,t2,n]    = [     -6.7,      11.3,     -89.0] mm
                     p_c resolved at end of setup

-- effective TCP impedance ---------------------------------------------------
  K_TCP translation = [   1999.5,    1998.7,     351.8] N/m
  K_TCP rotation   = [     20.9,      21.0,      50.2] Nm/rad
  commanded KR was = [      5.0,       5.0,      50.0] Nm/rad   including lever contribution
  D_TCP translation = [    231.2,     178.0,     112.2] Ns/m
  D_TCP rotation   = [      2.9,       3.7,       1.2] Nms/rad
  coupling           max |moment per unit translation| = 178.6 Nm/m (K), 20.6 Nms/m (D)
  eigenvalues        K_TCP 4.96 .. 2016 | D_TCP 1.21 .. 233  (both positive: valid springs)

  K_TCP [N/m, Nm/rad | rows fx..mz, cols tx..rz]:
           tx        ty        tz    |    rx        ry        rz
  fx [    2000  -0.7871   -28.44 |   0.3214    178.6    17.66 ]
  fy [ -0.7871     1999   -45.62 |   -177.9   0.3046    16.41 ]
  fz [  -28.44   -45.62    351.8 |   0.9617   -5.426   -0.626 ]
     ---------------------------+---------------------------
  mx [  0.3214   -177.9   0.9617 |    20.87  0.04223  -0.6826 ]
  my [   178.6   0.3046   -5.426 |  0.04223       21    2.824 ]
  mz [   17.66    16.41   -0.626 |  -0.6826    2.824    50.24 ]

  D_TCP [Ns/m, Nms/rad]:
           tx        ty        tz    |    rx        ry        rz
  fx [   231.2 -0.05683   -2.053 |  0.02321    20.63    2.042 ]
  fy [-0.05683      178   -1.825 |   -15.86 0.009919    1.462 ]
  fz [  -2.053   -1.825    112.2 |   -0.828   -1.104 -0.03313 ]
     ---------------------------+---------------------------
  mx [ 0.02321   -15.86   -0.828 |    2.912 0.008736   -0.135 ]
  my [   20.63 0.009919   -1.104 | 0.008736    3.746   0.1633 ]
  mz [   2.042    1.462 -0.03313 |   -0.135   0.1633    1.237 ]

[GATE] Set up finished (still pressing). Press Enter to start the grind (e+Enter stops).

Stop requested with e + Enter. Finishing control loop...

-- joint motion [deg] --------------------------------------------------------
  joint       start    final    delta
  q1            0.9      4.5     +3.6
  q2           12.1     29.3    +17.2
  q3           -0.5     -4.3     -3.7
  q4         -130.9   -128.9     +2.0
  q5           -0.1     16.7    +16.8
  q6          142.9    152.0     +9.1
  q7           44.7     30.4    -14.3

==============================================================================
  FINAL RESULT
==============================================================================
  p_d              = [    512.4,      -5.5,    -210.0] mm
  p_EE             = [    511.2,       2.0,      24.2] mm
  e_p              = [      1.2,      -7.6,    -234.2] mm
  e_R              = [     1.72,     -2.24,     -0.27] deg
------------------------------------------------------------------------------
  position error     234.35 mm
  rotation error     2.84 deg
  csv                logs/surface_grinding_controller_log.csv
------------------------------------------------------------------------------
