
==============================================================================
  SURFACE GRINDING CONTROLLER
==============================================================================
  robot              172.16.0.2
  parameters         /home/hm-panda/Desktop/Thesis_Final_Control/surface_grinding_controller/params
------------------------------------------------------------------------------

==============================================================================
  SURFACE GRINDING CONTROLLER - STARTUP MENU
==============================================================================

-- RUN MODES -----------------------------------------------------------------
  s      Run orientation, approach, setup, and grinding
  h      Cartesian pose hold at the initial posture
  t      Cartesian pose hold with the setup impedance
  g      Start manual guidance from the current robot pose

-- ROBOT PREPARATION ---------------------------------------------------------
  i      Move to the configured initial joint posture

-- GRIPPER AND TOOL ----------------------------------------------------------
  o      Open the gripper
  c      Grasp the tool
  r      Recalibrate the gripper with empty fingers
  f      Pick up the tool from the holder
  b      Return the tool to the holder

-- PROGRAM -------------------------------------------------------------------
  e      Exit
------------------------------------------------------------------------------
  During control: e = stop | m = startup menu | g = guidance
------------------------------------------------------------------------------
Selection [s/h/t/g/i/o/c/r/f/b/e]: 
-- SELECTED MODE: PHASE SEQUENCE ---------------------------------------------

-- moving to q_init ----------------------------------------------------------
  case               saved_qinit
  q1..q7 [deg]     = [0.8, 12.1, -0.5, -130.9, -0.2, 142.9, 44.7] deg
  saved_qinit = [0.014777, 0.210911, -0.009320, -2.284835, -0.002725, 2.493410, 0.780694] rad
  q_init reached.

-- start pose ----------------------------------------------------------------
  q_start          = [0.8, 12.1, -0.5, -130.9, -0.2, 142.9, 44.7] deg
  p_start          = [    531.3,       2.5,     156.8] mm

==============================================================================
  RUN
==============================================================================

-- phase: approach_orient ----------------------------------------------------
  Kp [t1,t2,n]     = [    150.0,     150.0,     150.0] N/m
  Dp [t1,t2,n]     = [    133.7,      94.2,     128.3] Ns/m     auto (factor 1.90)
  KR [t1,t2,n]     = [    180.0,     180.0,      90.0] Nm/rad
  DR [t1,t2,n]     = [     15.3,      25.0,       2.0] Nms/rad  auto (factor 1.90)
orient:     t=  0.0 s | axis_err= 12.5 deg | spin_err=  0.6 deg
orient:     t=  0.2 s | axis_err= 11.0 deg | spin_err=  0.4 deg
orient:     t=  0.4 s | axis_err=  7.9 deg | spin_err=  0.2 deg
orient:     t=  0.6 s | axis_err=  4.1 deg | spin_err=  0.0 deg
orient:     t=  0.8 s | axis_err=  1.6 deg | spin_err=  0.1 deg
orient:     t=  1.0 s | axis_err=  1.0 deg | spin_err=  0.1 deg

Orientation reached: axis_err=0.9 deg | spin_err=0.1 deg

-- phase: approach_descend ---------------------------------------------------
  Kp [t1,t2,n]     = [    150.0,     150.0,     150.0] N/m
  Dp [t1,t2,n]     = [    133.7,      94.2,     128.3] Ns/m     auto (factor 1.90)
  KR [t1,t2,n]     = [    180.0,     180.0,      90.0] Nm/rad
  DR [t1,t2,n]     = [     15.3,      25.0,       2.0] Nms/rad  auto (factor 1.90)
  descend to         20 mm clearance at 0.100 m/s
descend:    t=  0.0 s | distance=   0.1 mm | height=+124.2 mm (target 20.0) | force= -0.1 N
descend:    t=  0.2 s | distance=  20.2 mm | height=+112.5 mm (target 20.0) | force=  2.0 N
descend:    t=  0.4 s | distance=  40.3 mm | height= +96.4 mm (target 20.0) | force=  1.8 N
descend:    t=  0.6 s | distance=  60.4 mm | height= +79.5 mm (target 20.0) | force=  1.7 N
descend:    t=  0.8 s | distance=  80.5 mm | height= +62.0 mm (target 20.0) | force=  2.4 N
descend:    t=  1.0 s | distance= 100.6 mm | height= +44.3 mm (target 20.0) | force=  1.5 N
descend:    t=  1.2 s | distance= 120.7 mm | height= +26.3 mm (target 20.0) | force=  2.4 N

Clearance reached: distance=127.6 mm | height=20.0 mm | target=20.0 mm | force=1.0 N
  offset_ee        = [     20.0,      60.0,      20.0] mm
  p_EE_at_contact  = [    502.5,      -0.4,      44.0] mm
  contact_point    = [    517.3,     -61.6,       1.8] mm
  edge_offset      = [     14.8,     -61.2,     -42.2] mm

-- phase: setup --------------------------------------------------------------

-- setup impedance -----------------------------------------------------------
  law                wrench = K_TCP*dx + D_TCP*dv
                     K_TCP  = Ad(r_c)^T * blkdiag(Kp,KR) * Ad(r_c)
  Kp [t1,t2,n]     = [   2000.0,    2000.0,     350.0] N/m
  Dp [t1,t2,n]     = [    236.7,     176.3,     109.9] Ns/m     auto
  KR [t1,t2,n]     = [      5.0,       5.0,      50.0] Nm/rad
  DR [t1,t2,n]     = [      1.3,       2.2,       1.2] Nms/rad  auto
  p_c [EE]         = [    -30.0,       0.0,      -0.0] mm       commanded in the tool frame
  r_c [t1,t2,n]    = [     29.4,      -0.0,      -6.0] mm       p_TCP - p_c, in the plane
setup:     t=  0.0 s | tip=  0.0 deg | F=  0.0 N | M=  0.0 Nm (limit 150.0) | contact= 19.9 mm
setup:     t=  0.2 s | tip=  0.5 deg | F=  2.1 N | M=  1.0 Nm (limit 150.0) | contact=  7.0 mm
setup:     t=  0.4 s | tip=  0.9 deg | F= 16.4 N | M=  8.5 Nm (limit 150.0) | contact=  2.4 mm
setup:     t=  0.6 s | tip=  0.9 deg | F= 15.9 N | M=  7.9 Nm (limit 150.0) | contact=  2.4 mm
setup:     t=  0.8 s | tip=  0.9 deg | F= 21.7 N | M= 10.8 Nm (limit 150.0) | contact=  2.6 mm
setup:     t=  1.0 s | tip=  0.9 deg | F= 27.8 N | M= 13.8 Nm (limit 150.0) | contact=  2.8 mm
setup:     t=  1.2 s | tip=  0.9 deg | F= 33.6 N | M= 16.6 Nm (limit 150.0) | contact=  3.1 mm
setup:     t=  1.4 s | tip=  0.9 deg | F= 39.0 N | M= 19.2 Nm (limit 150.0) | contact=  3.5 mm
setup:     t=  1.6 s | tip=  1.0 deg | F= 43.8 N | M= 21.6 Nm (limit 150.0) | contact=  4.2 mm
setup:     t=  1.8 s | tip=  1.5 deg | F= 50.2 N | M= 24.7 Nm (limit 150.0) | contact=  5.5 mm
setup:     t=  2.0 s | tip=  1.5 deg | F= 56.9 N | M= 27.9 Nm (limit 150.0) | contact=  6.0 mm
setup:     t=  2.2 s | tip=  1.4 deg | F= 63.6 N | M= 31.1 Nm (limit 150.0) | contact=  6.5 mm
setup:     t=  2.4 s | tip=  1.4 deg | F= 67.9 N | M= 33.2 Nm (limit 150.0) | contact=  7.1 mm
setup:     t=  2.6 s | tip=  1.4 deg | F= 74.4 N | M= 36.3 Nm (limit 150.0) | contact=  7.5 mm
setup:     t=  2.8 s | tip=  1.5 deg | F= 79.9 N | M= 38.8 Nm (limit 150.0) | contact=  7.4 mm
setup:     t=  3.0 s | tip=  1.6 deg | F= 84.9 N | M= 41.1 Nm (limit 150.0) | contact=  7.4 mm
setup:     t=  3.2 s | tip=  1.6 deg | F= 91.0 N | M= 44.0 Nm (limit 150.0) | contact=  7.5 mm
setup:     t=  3.4 s | tip=  1.8 deg | F= 84.9 N | M= 41.0 Nm (limit 150.0) | contact=  7.4 mm
setup:     t=  3.6 s | tip=  1.8 deg | F= 84.7 N | M= 40.9 Nm (limit 150.0) | contact=  7.4 mm
setup:     t=  3.8 s | tip=  1.8 deg | F= 84.9 N | M= 41.0 Nm (limit 150.0) | contact=  7.4 mm
setup:     t=  4.0 s | tip=  1.8 deg | F= 85.0 N | M= 41.1 Nm (limit 150.0) | contact=  7.4 mm
setup:     t=  4.2 s | tip=  1.8 deg | F= 84.9 N | M= 41.0 Nm (limit 150.0) | contact=  7.4 mm
setup:     t=  4.4 s | tip=  1.8 deg | F= 84.9 N | M= 41.0 Nm (limit 150.0) | contact=  7.4 mm
setup:     t=  4.6 s | tip=  1.8 deg | F= 84.8 N | M= 41.0 Nm (limit 150.0) | contact=  7.4 mm
setup:     t=  4.8 s | tip=  1.8 deg | F= 84.8 N | M= 41.0 Nm (limit 150.0) | contact=  7.4 mm

==============================================================================
  SETUP RESULT
==============================================================================
  stop: time | t=5.0 s | tip=1.8 deg | F=84.7 N | M=40.9 Nm
  contact_from_start = [-3.2, -0.2, -6.7] mm | norm=7.4 mm
  tcp_from_contact  = [-19.3, +59.8, +16.7] mm | norm=65.0 mm
  alignment: before=10.00 deg | after=9.01 deg | gain=+0.99 deg
  alignment components [t1,t2,n] deg: before=[-0.45,-9.99,+0.00] | after=[-1.67,-8.86,+0.00]

-- setup surface-frame breakdown ---------------------------------------------
  frame              alignment-target [tangent1, tangent2, normal]
  force        [N]      = [   +10.41,     +2.56,    -84.02]
  tcp_disp     [mm]     = [    -4.09,     -0.69,    -25.67]
  contact_disp [mm]     = [    -3.08,     +0.01,     -6.72]
  Kp_eff=F/tcp [N/m]    = [  -2542.4,   -3711.1,    3273.4]
  M_contact    [Nm]     = [    -4.29,    +39.80,     +0.04]
  tip_angle    [deg]    = [    -1.31,     +1.15,     -0.51]
  KR_eff=M/ang [Nm/rad] = [    187.0,    1985.6,      -4.6]
  frame              tool face [length, width, tool axis]
  M_contact    [Nm]     = [   -39.81,     +3.78,     +1.77]

-- center of compliance ------------------------------------------------------
  definition         r_c = p_TCP - p_c
  p_TCP [x,y,z]    = [    498.0,      -1.8,      18.5] mm
  p_c [EE]         = [    -30.0,       0.0,       0.0] mm
  r_c [t1,t2,n]    = [     29.5,       0.4,      -5.4] mm
                     p_c resolved at end of setup

-- effective TCP impedance ---------------------------------------------------
  K_TCP translation = [   1999.5,    1998.7,     351.8] N/m
  K_TCP rotation   = [      5.1,       5.4,      51.7] Nm/rad
  commanded KR was = [      5.0,       5.0,      50.0] Nm/rad   including lever contribution
  D_TCP translation = [    236.7,     176.2,     110.0] Ns/m
  D_TCP rotation   = [      1.3,       2.3,       1.3] Nms/rad
  coupling           max |moment per unit translation| = 58.8 Nm/m (K), 5.2 Nms/m (D)
  eigenvalues        K_TCP 5.00 .. 2002 | D_TCP 1.19 .. 237  (both positive: valid springs)

  K_TCP [N/m, Nm/rad | rows fx..mz, cols tx..rz]:
           tx        ty        tz    |    rx        ry        rz
  fx [    2000  -0.7871   -28.44 |  0.01047    10.97   0.4323 ]
  fy [ -0.7871     1999   -45.62 |    -11.8   -1.346   -58.79 ]
  fz [  -28.44   -45.62    351.8 |   0.1975    10.18    1.336 ]
     ---------------------------+---------------------------
  mx [ 0.01047    -11.8   0.1975 |    5.083  0.02734    1.123 ]
  my [   10.97   -1.346    10.18 |  0.02734    5.399    1.286 ]
  mz [  0.4323   -58.79    1.336 |    1.123    1.286    51.68 ]

  D_TCP [Ns/m, Nms/rad]:
           tx        ty        tz    |    rx        ry        rz
  fx [   236.7 -0.06048   -2.185 | 0.0008044    1.334  0.05021 ]
  fy [-0.06048    176.2   -1.834 |    -1.04 -0.05429   -5.183 ]
  fz [  -2.185   -1.834      110 | -0.01168    3.223  0.05349 ]
     ---------------------------+---------------------------
  mx [0.0008044    -1.04 -0.01168 |    1.298 -0.0003868  0.02886 ]
  my [   1.334 -0.05429    3.223 | -0.0003868    2.319 -0.02649 ]
  mz [ 0.05021   -5.183  0.05349 |  0.02886 -0.02649    1.345 ]

[GATE] Set up finished (still pressing). Press Enter to start the grind (e+Enter stops).

Stop requested with e + Enter. Finishing control loop...

-- joint motion [deg] --------------------------------------------------------
  joint       start    final    delta
  q1            0.8     -0.4     -1.2
  q2           12.1     30.1    +17.9
  q3           -0.5      0.2     +0.8
  q4         -130.9   -127.4     +3.5
  q5           -0.2     -0.8     -0.6
  q6          142.9    146.1     +3.2
  q7           44.7     45.1     +0.4

==============================================================================
  FINAL RESULT
==============================================================================
  p_d              = [    498.0,      -7.6,    -215.8] mm
  p_EE             = [    498.0,      -1.8,      18.5] mm
  e_p              = [      0.1,      -5.8,    -234.3] mm
  e_R              = [    -1.32,      1.13,     -0.52] deg
------------------------------------------------------------------------------
  position error     234.37 mm
  rotation error     1.82 deg
  csv                logs/surface_grinding_controller_log.csv
------------------------------------------------------------------------------
