
==============================================================================
  SURFACE GRINDING CONTROLLER
==============================================================================
  robot              172.16.0.2
  parameters         /home/hm-panda/Desktop/Thesis_Final_Control/surface_grinding_controller/params
------------------------------------------------------------------------------

==============================================================================
  SURFACE GRINDING CONTROLLER - STARTUP MENU
==============================================================================

-- RUN MODES -----------------------------------------------------------------
  s      Run orientation, approach, setup, and grinding
  h      Cartesian pose hold at the initial posture
  t      Cartesian pose hold with the setup impedance
  g      Start manual guidance from the current robot pose

-- ROBOT PREPARATION ---------------------------------------------------------
  i      Move to the configured initial joint posture

-- GRIPPER AND TOOL ----------------------------------------------------------
  o      Open the gripper
  c      Grasp the tool
  r      Recalibrate the gripper with empty fingers
  f      Pick up the tool from the holder
  b      Return the tool to the holder

-- PROGRAM -------------------------------------------------------------------
  e      Exit
------------------------------------------------------------------------------
  During control: e = stop | m = startup menu | g = guidance
------------------------------------------------------------------------------
Selection [s/h/t/g/i/o/c/r/f/b/e]: 
-- SELECTED MODE: PHASE SEQUENCE ---------------------------------------------

-- moving to q_init ----------------------------------------------------------
  case               saved_qinit
  q1..q7 [deg]     = [0.8, 12.1, -0.5, -130.9, -0.2, 142.9, 44.7] deg
  saved_qinit = [0.014777, 0.210911, -0.009320, -2.284835, -0.002725, 2.493410, 0.780694] rad
  q_init reached.

-- start pose ----------------------------------------------------------------
  q_start          = [0.8, 12.1, -0.5, -130.9, -0.2, 142.8, 44.7] deg
  p_start          = [    531.1,       2.4,     156.7] mm

==============================================================================
  RUN
==============================================================================

-- phase: approach_orient ----------------------------------------------------
  Kp [t1,t2,n]     = [    150.0,     150.0,     150.0] N/m
  Dp [t1,t2,n]     = [    133.7,      94.2,     128.3] Ns/m     auto (factor 1.90)
  KR [t1,t2,n]     = [    180.0,     180.0,      90.0] Nm/rad
  DR [t1,t2,n]     = [     15.3,      25.0,       2.0] Nms/rad  auto (factor 1.90)
orient:     t=  0.0 s | axis_err=  7.9 deg | spin_err=  0.9 deg
orient:     t=  0.2 s | axis_err=  6.5 deg | spin_err=  0.7 deg
orient:     t=  0.4 s | axis_err=  3.3 deg | spin_err=  0.4 deg
orient:     t=  0.6 s | axis_err=  1.4 deg | spin_err=  0.2 deg
orient:     t=  0.8 s | axis_err=  1.0 deg | spin_err=  0.2 deg
orient:     t=  1.0 s | axis_err=  0.9 deg | spin_err=  0.2 deg
orient:     t=  1.2 s | axis_err=  0.9 deg | spin_err=  0.2 deg

Orientation reached: axis_err=0.9 deg | spin_err=0.2 deg

-- phase: approach_descend ---------------------------------------------------
  Kp [t1,t2,n]     = [    150.0,     150.0,     150.0] N/m
  Dp [t1,t2,n]     = [    133.7,      94.2,     128.3] Ns/m     auto (factor 1.90)
  KR [t1,t2,n]     = [    180.0,     180.0,      90.0] Nm/rad
  DR [t1,t2,n]     = [     15.3,      25.0,       2.0] Nms/rad  auto (factor 1.90)
  descend to         20 mm clearance at 0.100 m/s
descend:    t=  0.0 s | distance=   0.1 mm | height=+137.4 mm (target 20.0) | force=  0.0 N
descend:    t=  0.2 s | distance=  20.2 mm | height=+126.4 mm (target 20.0) | force=  0.7 N
descend:    t=  0.4 s | distance=  40.3 mm | height=+109.4 mm (target 20.0) | force= -0.1 N
descend:    t=  0.6 s | distance=  60.4 mm | height= +91.5 mm (target 20.0) | force=  0.7 N
descend:    t=  0.8 s | distance=  80.5 mm | height= +73.0 mm (target 20.0) | force=  1.8 N
descend:    t=  1.0 s | distance= 100.6 mm | height= +54.3 mm (target 20.0) | force=  0.4 N
descend:    t=  1.2 s | distance= 120.7 mm | height= +35.4 mm (target 20.0) | force=  0.5 N

Clearance reached: distance=137.2 mm | height=20.0 mm | target=20.0 mm | force=-1.2 N
  offset_ee        = [    -20.0,      60.0,      20.0] mm
  p_EE_at_contact  = [    535.3,      -4.1,      43.0] mm
  contact_point    = [    517.7,     -65.1,       1.9] mm
  edge_offset      = [    -17.6,     -61.0,     -41.1] mm

-- phase: setup --------------------------------------------------------------

-- setup impedance -----------------------------------------------------------
  law                wrench = K_TCP*dx + D_TCP*dv
                     K_TCP  = Ad(r_c)^T * blkdiag(Kp,KR) * Ad(r_c)
  Kp [t1,t2,n]     = [   2000.0,    2000.0,     350.0] N/m
  Dp [t1,t2,n]     = [    227.8,     160.3,     115.5] Ns/m     auto
  KR [t1,t2,n]     = [      5.0,       5.0,      50.0] Nm/rad
  DR [t1,t2,n]     = [      1.6,       1.9,       1.0] Nms/rad  auto
  p_c [EE]         = [     20.0,       0.0,      -0.0] mm       commanded in the tool frame
  r_c [t1,t2,n]    = [    -19.8,      -0.0,      -2.8] mm       p_TCP - p_c, in the plane
setup:     t=  0.0 s | ee=  0.0 deg | F=  0.2 N | M=  0.0 Nm (limit 150.0) | contact= 19.9 mm
setup:     t=  0.2 s | ee=  0.6 deg | F=  2.8 N | M=  0.7 Nm (limit 150.0) | contact=  7.0 mm
setup:     t=  0.4 s | ee=  0.8 deg | F= 12.8 N | M=  0.7 Nm (limit 150.0) | contact=  3.8 mm
setup:     t=  0.6 s | ee=  0.8 deg | F= 17.5 N | M=  0.8 Nm (limit 150.0) | contact=  3.3 mm
setup:     t=  0.8 s | ee=  0.9 deg | F= 22.6 N | M=  0.8 Nm (limit 150.0) | contact=  2.5 mm
setup:     t=  1.0 s | ee=  0.9 deg | F= 28.2 N | M=  0.8 Nm (limit 150.0) | contact=  1.2 mm
setup:     t=  1.2 s | ee=  0.9 deg | F= 33.8 N | M=  0.8 Nm (limit 150.0) | contact=  1.1 mm
setup:     t=  1.4 s | ee=  1.0 deg | F= 40.5 N | M=  0.8 Nm (limit 150.0) | contact=  2.4 mm
setup:     t=  1.6 s | ee=  1.1 deg | F= 46.0 N | M=  0.9 Nm (limit 150.0) | contact=  2.8 mm
setup:     t=  1.8 s | ee=  1.2 deg | F= 51.7 N | M=  1.2 Nm (limit 150.0) | contact=  3.1 mm
setup:     t=  2.0 s | ee=  1.2 deg | F= 57.0 N | M=  1.3 Nm (limit 150.0) | contact=  3.2 mm
setup:     t=  2.2 s | ee=  1.2 deg | F= 62.6 N | M=  1.4 Nm (limit 150.0) | contact=  3.3 mm
setup:     t=  2.4 s | ee=  1.3 deg | F= 68.3 N | M=  1.5 Nm (limit 150.0) | contact=  3.4 mm
setup:     t=  2.6 s | ee=  1.3 deg | F= 73.6 N | M=  1.5 Nm (limit 150.0) | contact=  3.5 mm
setup:     t=  2.8 s | ee=  1.3 deg | F= 79.3 N | M=  1.7 Nm (limit 150.0) | contact=  3.6 mm
setup:     t=  3.0 s | ee=  1.3 deg | F= 84.5 N | M=  1.8 Nm (limit 150.0) | contact=  3.7 mm
setup:     t=  3.2 s | ee=  1.4 deg | F= 89.9 N | M=  1.9 Nm (limit 150.0) | contact=  3.8 mm
setup:     t=  3.4 s | ee=  1.4 deg | F= 85.0 N | M=  1.9 Nm (limit 150.0) | contact=  3.8 mm
setup:     t=  3.6 s | ee=  1.4 deg | F= 84.8 N | M=  1.9 Nm (limit 150.0) | contact=  3.8 mm
setup:     t=  3.8 s | ee=  1.4 deg | F= 84.7 N | M=  1.9 Nm (limit 150.0) | contact=  3.8 mm
setup:     t=  4.0 s | ee=  1.4 deg | F= 84.8 N | M=  1.9 Nm (limit 150.0) | contact=  3.8 mm
setup:     t=  4.2 s | ee=  1.4 deg | F= 84.6 N | M=  1.9 Nm (limit 150.0) | contact=  3.8 mm
setup:     t=  4.4 s | ee=  1.4 deg | F= 84.6 N | M=  1.9 Nm (limit 150.0) | contact=  3.8 mm
setup:     t=  4.6 s | ee=  1.4 deg | F= 84.5 N | M=  1.9 Nm (limit 150.0) | contact=  3.8 mm
setup:     t=  4.8 s | ee=  1.4 deg | F= 84.5 N | M=  1.9 Nm (limit 150.0) | contact=  3.8 mm

==============================================================================
  SETUP RESULT
==============================================================================
  stop: time | t=5.0 s | ee=1.4 deg | F=84.5 N | M_TCP=1.8 Nm
  contact_from_start = [+1.5, -0.5, -3.4] mm | norm=3.8 mm
  tcp_from_contact  = [+19.9, +59.6, +17.7] mm | norm=65.3 mm
  deviation: before=9.59 deg | after=8.42 deg | gain=+1.17 deg
  t_align: not reached | tolerance=2.00 deg | hold=0.30 s
  t_align_fraction: not reached | fraction=0.50 of the deviation at contact
  deviation_min: 8.42 deg at t=4.96 s
  align_status: not_aligned
  deviation components [t1,t2,n] deg: before=[-0.87,+9.55,+0.00] | after=[-1.13,+8.35,+0.00]

-- setup surface-frame breakdown ---------------------------------------------
  frame              alignment-target [tangent1, tangent2, normal]
  force        [N]      = [    -6.13,     +3.14,    -84.23]
  tcp_disp     [mm]     = [    +2.76,     -0.79,    -23.34]
  contact_disp [mm]     = [    +1.58,     -0.45,     -3.38]
  Kp_eff=F/tcp [N/m]    = [  -2217.8,   -3950.1,    3609.3]
  M_contact    [Nm]     = [    -6.13,     +2.85,     +0.79]
  ee_angle     [deg]    = [    -0.36,     -1.22,     +0.66]
  KR_eff=M/ang [Nm/rad] = [    966.0,    -134.1,      68.9]
  frame              tool face [length, width, tool axis]
  M_contact    [Nm]     = [    -2.82,     +5.98,     -1.62]

-- center of compliance ------------------------------------------------------
  definition         r_c = p_TCP - p_c
  p_TCP [x,y,z]    = [    537.6,      -5.5,      19.6] mm
  p_c [EE]         = [     20.0,      -0.0,      -0.0] mm
  r_c [t1,t2,n]    = [    -19.9,       0.2,      -2.4] mm
                     p_c resolved at end of setup

-- effective TCP impedance ---------------------------------------------------
  K_TCP translation = [   1999.5,    1998.7,     351.8] N/m
  K_TCP rotation   = [      5.0,       5.2,      50.7] Nm/rad
  commanded KR was = [      5.0,       5.0,      50.0] Nm/rad   including lever contribution
  D_TCP translation = [    227.8,     160.3,     115.6] Ns/m
  D_TCP rotation   = [      1.6,       2.0,       1.1] Nms/rad
  coupling           max |moment per unit translation| = 39.8 Nm/m (K), 3.2 Nms/m (D)
  eigenvalues        K_TCP 5.00 .. 2001 | D_TCP 1.01 .. 228  (both positive: valid springs)

  K_TCP [N/m, Nm/rad | rows fx..mz, cols tx..rz]:
           tx        ty        tz    |    rx        ry        rz
  fx [    2000  -0.7871   -28.44 | 0.005881    4.642    0.285 ]
  fy [ -0.7871     1999   -45.62 |   -4.068    0.906    39.76 ]
  fz [  -28.44   -45.62    351.8 |  0.04011   -7.056  -0.9119 ]
     ---------------------------+---------------------------
  mx [0.005881   -4.068  0.04011 |    5.022  0.02068   0.6947 ]
  my [   4.642    0.906   -7.056 |  0.02068    5.184    1.263 ]
  mz [   0.285    39.76  -0.9119 |   0.6947    1.263    50.74 ]

  D_TCP [Ns/m, Nms/rad]:
           tx        ty        tz    |    rx        ry        rz
  fx [   227.8 -0.05358   -1.936 | 0.0004003   0.5029  0.03318 ]
  fy [-0.05358    160.3   -1.238 |  -0.3265  0.02452    3.188 ]
  fz [  -1.936   -1.238    115.6 | -0.01485   -2.303 -0.02492 ]
     ---------------------------+---------------------------
  mx [0.0004003  -0.3265 -0.01485 |    1.624 4.162e-06 -0.01705 ]
  my [  0.5029  0.02452   -2.303 | 4.162e-06    1.986  -0.0251 ]
  mz [ 0.03318    3.188 -0.02492 | -0.01705  -0.0251    1.076 ]

[GATE] Set up finished (still pressing). Press Enter to start the grind (e+Enter stops).

Stop requested with e + Enter. Finishing control loop...

-- joint motion [deg] --------------------------------------------------------
  joint       start    final    delta
  q1            0.8      0.6     -0.2
  q2           12.1     31.1    +19.0
  q3           -0.5     -1.1     -0.6
  q4         -130.9   -131.3     -0.4
  q5           -0.2     -1.0     -0.8
  q6          142.8    168.2    +25.4
  q7           44.7     46.2     +1.4

==============================================================================
  FINAL RESULT
==============================================================================
  p_d              = [    530.8,     -11.3,    -216.8] mm
  p_EE             = [    537.6,      -5.5,      19.6] mm
  e_p              = [     -6.8,      -5.7,    -236.5] mm
  e_R              = [    -0.35,     -1.20,      0.70] deg
------------------------------------------------------------------------------
  position error     236.64 mm
  rotation error     1.43 deg
  csv                logs/surface_grinding_controller_log.csv
------------------------------------------------------------------------------
