
==============================================================================
  SURFACE GRINDING CONTROLLER
==============================================================================
  robot              172.16.0.2
  parameters         /home/hm-panda/Desktop/Thesis_Final_Control/surface_grinding_controller/params
------------------------------------------------------------------------------

==============================================================================
  SURFACE GRINDING CONTROLLER - STARTUP MENU
==============================================================================

-- RUN MODES -----------------------------------------------------------------
  s      Run orientation, approach, setup, and grinding
  h      Cartesian pose hold at the initial posture
  t      Cartesian pose hold with the setup impedance
  g      Start manual guidance from the current robot pose

-- ROBOT PREPARATION ---------------------------------------------------------
  i      Move to the configured initial joint posture

-- GRIPPER AND TOOL ----------------------------------------------------------
  o      Open the gripper
  c      Grasp the tool
  r      Recalibrate the gripper with empty fingers
  f      Pick up the tool from the holder
  b      Return the tool to the holder

-- PROGRAM -------------------------------------------------------------------
  e      Exit
------------------------------------------------------------------------------
  During control: e = stop | m = startup menu | g = guidance
------------------------------------------------------------------------------
Selection [s/h/t/g/i/o/c/r/f/b/e]: 
-- SELECTED MODE: PHASE SEQUENCE ---------------------------------------------

-- moving to q_init ----------------------------------------------------------
  case               saved_qinit
  q1..q7 [deg]     = [0.8, 12.1, -0.5, -130.9, -0.2, 142.9, 44.7] deg
  saved_qinit = [0.014777, 0.210911, -0.009320, -2.284835, -0.002725, 2.493410, 0.780694] rad
  q_init reached.

-- start pose ----------------------------------------------------------------
  q_start          = [0.8, 12.1, -0.5, -130.9, -0.2, 142.9, 44.7] deg
  p_start          = [    531.3,       2.5,     156.9] mm

==============================================================================
  RUN
==============================================================================

-- phase: approach_orient ----------------------------------------------------
  Kp [t1,t2,n]     = [    150.0,     150.0,     150.0] N/m
  Dp [t1,t2,n]     = [    133.7,      94.2,     128.3] Ns/m     auto (factor 1.90)
  KR [t1,t2,n]     = [     90.0,      90.0,      90.0] Nm/rad
  DR [t1,t2,n]     = [     10.8,      17.7,       2.0] Nms/rad  auto (factor 1.90)
orient:     t=  0.0 s | axis_err=  6.0 deg | spin_err=  0.7 deg
orient:     t=  0.2 s | axis_err=  5.2 deg | spin_err=  0.4 deg
orient:     t=  0.4 s | axis_err=  3.1 deg | spin_err=  0.0 deg
orient:     t=  0.6 s | axis_err=  2.0 deg | spin_err=  0.0 deg

Orientation reached: axis_err=2.0 deg | spin_err=0.0 deg

-- phase: approach_descend ---------------------------------------------------
  Kp [t1,t2,n]     = [    150.0,     150.0,     150.0] N/m
  Dp [t1,t2,n]     = [    133.7,      94.2,     128.3] Ns/m     auto (factor 1.90)
  KR [t1,t2,n]     = [     90.0,      90.0,      90.0] Nm/rad
  DR [t1,t2,n]     = [     10.8,      17.7,       2.0] Nms/rad  auto (factor 1.90)
  descend to         20 mm clearance at 0.100 m/s
descend:    t=  0.0 s | distance=   0.1 mm | height=+128.7 mm (target 20.0) | force= -0.0 N
descend:    t=  0.2 s | distance=  20.1 mm | height=+116.2 mm (target 20.0) | force=  1.3 N
descend:    t=  0.4 s | distance=  40.2 mm | height= +99.7 mm (target 20.0) | force=  2.7 N
descend:    t=  0.6 s | distance=  60.3 mm | height= +82.5 mm (target 20.0) | force=  1.8 N
descend:    t=  0.8 s | distance=  80.4 mm | height= +64.9 mm (target 20.0) | force=  2.6 N
descend:    t=  1.0 s | distance= 100.5 mm | height= +47.0 mm (target 20.0) | force=  2.3 N
descend:    t=  1.2 s | distance= 120.6 mm | height= +29.3 mm (target 20.0) | force=  2.6 N

Clearance reached: distance=131.1 mm | height=19.9 mm | target=20.0 mm | force=3.2 N
  offset_ee        = [     20.0,      60.0,      20.0] mm
  p_EE_at_contact  = [    507.8,       0.4,      42.9] mm
  contact_point    = [    525.2,     -60.4,       1.6] mm
  edge_offset      = [     17.4,     -60.8,     -41.2] mm

-- phase: setup --------------------------------------------------------------

-- setup impedance -----------------------------------------------------------
  law                wrench = K_TCP*dx + D_TCP*dv
                     K_TCP  = Ad(r_c)^T * blkdiag(Kp,KR) * Ad(r_c)
  Kp [t1,t2,n]     = [   2000.0,    2000.0,     350.0] N/m
  Dp [t1,t2,n]     = [    233.7,     173.2,     112.2] Ns/m     auto
  KR [t1,t2,n]     = [      5.0,       5.0,      50.0] Nm/rad
  DR [t1,t2,n]     = [      1.3,       2.1,       0.9] Nms/rad  auto
  p_c [EE]         = [    -20.0,      -0.0,       0.0] mm       commanded in the tool frame
  r_c [t1,t2,n]    = [     19.9,       0.0,      -1.8] mm       p_TCP - p_c, in the plane
setup:     t=  0.0 s | tip=  0.0 deg | F=  0.1 N | M=  0.0 Nm (limit 150.0) | contact= 19.9 mm
setup:     t=  0.2 s | tip=  0.7 deg | F=  0.4 N | M=  0.4 Nm (limit 150.0) | contact=  6.9 mm
setup:     t=  0.4 s | tip=  1.3 deg | F= 17.1 N | M=  8.9 Nm (limit 150.0) | contact=  3.0 mm
setup:     t=  0.6 s | tip=  1.3 deg | F= 14.1 N | M=  7.5 Nm (limit 150.0) | contact=  3.1 mm
setup:     t=  0.8 s | tip=  1.3 deg | F= 19.2 N | M= 10.0 Nm (limit 150.0) | contact=  3.3 mm
setup:     t=  1.0 s | tip=  1.3 deg | F= 25.1 N | M= 12.9 Nm (limit 150.0) | contact=  3.5 mm
setup:     t=  1.2 s | tip=  1.3 deg | F= 30.6 N | M= 15.7 Nm (limit 150.0) | contact=  3.7 mm
setup:     t=  1.4 s | tip=  1.4 deg | F= 36.3 N | M= 18.5 Nm (limit 150.0) | contact=  4.1 mm
setup:     t=  1.6 s | tip=  1.4 deg | F= 41.6 N | M= 21.1 Nm (limit 150.0) | contact=  4.5 mm
setup:     t=  1.8 s | tip=  1.4 deg | F= 47.5 N | M= 24.0 Nm (limit 150.0) | contact=  4.7 mm
setup:     t=  2.0 s | tip=  1.4 deg | F= 52.9 N | M= 26.7 Nm (limit 150.0) | contact=  4.9 mm
setup:     t=  2.2 s | tip=  1.4 deg | F= 58.7 N | M= 29.6 Nm (limit 150.0) | contact=  5.0 mm
setup:     t=  2.4 s | tip=  1.4 deg | F= 64.5 N | M= 32.4 Nm (limit 150.0) | contact=  5.2 mm
setup:     t=  2.6 s | tip=  1.4 deg | F= 70.2 N | M= 35.1 Nm (limit 150.0) | contact=  5.3 mm
setup:     t=  2.8 s | tip=  1.4 deg | F= 75.7 N | M= 37.8 Nm (limit 150.0) | contact=  5.5 mm
setup:     t=  3.0 s | tip=  1.4 deg | F= 81.4 N | M= 40.7 Nm (limit 150.0) | contact=  5.6 mm
setup:     t=  3.2 s | tip=  1.3 deg | F= 87.0 N | M= 43.3 Nm (limit 150.0) | contact=  5.7 mm
setup:     t=  3.4 s | tip=  1.2 deg | F= 82.4 N | M= 41.0 Nm (limit 150.0) | contact=  5.6 mm
setup:     t=  3.6 s | tip=  1.2 deg | F= 82.2 N | M= 41.0 Nm (limit 150.0) | contact=  5.6 mm
setup:     t=  3.8 s | tip=  1.2 deg | F= 82.2 N | M= 41.0 Nm (limit 150.0) | contact=  5.6 mm
setup:     t=  4.0 s | tip=  1.2 deg | F= 82.2 N | M= 41.0 Nm (limit 150.0) | contact=  5.6 mm
setup:     t=  4.2 s | tip=  1.2 deg | F= 82.2 N | M= 41.0 Nm (limit 150.0) | contact=  5.6 mm
setup:     t=  4.4 s | tip=  1.2 deg | F= 82.1 N | M= 40.9 Nm (limit 150.0) | contact=  5.6 mm
setup:     t=  4.6 s | tip=  1.2 deg | F= 82.1 N | M= 40.9 Nm (limit 150.0) | contact=  5.6 mm
setup:     t=  4.8 s | tip=  1.2 deg | F= 82.1 N | M= 40.9 Nm (limit 150.0) | contact=  5.6 mm

==============================================================================
  SETUP RESULT
==============================================================================
  stop: time | t=5.0 s | tip=1.2 deg | F=82.1 N | M=40.9 Nm
  contact_from_start = [-2.2, -0.1, -5.1] mm | norm=5.6 mm
  tcp_from_contact  = [-19.4, +60.1, +17.0] mm | norm=65.4 mm
  alignment: before=5.21 deg | after=6.40 deg | gain=-1.19 deg
  alignment components [t1,t2,n] deg: before=[-0.89,-5.13,+0.00] | after=[-1.34,-6.26,-0.00]

-- setup surface-frame breakdown ---------------------------------------------
  frame              alignment-target [tangent1, tangent2, normal]
  force        [N]      = [    +4.36,     +0.57,    -81.96]
  tcp_disp     [mm]     = [    -1.62,     -0.09,    -24.29]
  contact_disp [mm]     = [    -2.12,     +0.07,     -5.16]
  Kp_eff=F/tcp [N/m]    = [  -2691.9,   -6089.9,    3373.6]
  M_contact    [Nm]     = [    -4.47,    +39.60,     +0.03]
  tip_angle    [deg]    = [    -0.45,     -1.13,     +0.04]
  KR_eff=M/ang [Nm/rad] = [    571.4,   -2012.0,      37.6]
  frame              tool face [length, width, tool axis]
  M_contact    [Nm]     = [   -39.58,     +4.41,     +1.38]

-- center of compliance ------------------------------------------------------
  definition         r_c = p_TCP - p_c
  p_TCP [x,y,z]    = [    505.7,      -0.4,      18.6] mm
  p_c [EE]         = [    -20.0,       0.0,      -0.0] mm
  r_c [t1,t2,n]    = [     19.9,       0.0,      -2.2] mm
                     p_c resolved at end of setup

-- effective TCP impedance ---------------------------------------------------
  K_TCP translation = [   1999.5,    1998.7,     351.8] N/m
  K_TCP rotation   = [      5.0,       5.2,      50.7] Nm/rad
  commanded KR was = [      5.0,       5.0,      50.0] Nm/rad   including lever contribution
  D_TCP translation = [    233.6,     173.2,     112.2] Ns/m
  D_TCP rotation   = [      1.3,       2.1,       1.0] Nms/rad
  coupling           max |moment per unit translation| = 39.7 Nm/m (K), 3.4 Nms/m (D)
  eigenvalues        K_TCP 5.00 .. 2001 | D_TCP 0.89 .. 234  (both positive: valid springs)

  K_TCP [N/m, Nm/rad | rows fx..mz, cols tx..rz]:
           tx        ty        tz    |    rx        ry        rz
  fx [    2000  -0.7871   -28.44 |  0.00059     4.48 -0.08253 ]
  fy [ -0.7871     1999   -45.62 |   -5.045  -0.9071   -39.65 ]
  fz [  -28.44   -45.62    351.8 |   0.1324    6.907   0.9065 ]
     ---------------------------+---------------------------
  mx [ 0.00059   -5.045   0.1324 |    5.026  0.02409   0.8757 ]
  my [    4.48  -0.9071    6.907 |  0.02409    5.183    1.262 ]
  mz [-0.08253   -39.65   0.9065 |   0.8757    1.262    50.74 ]

  D_TCP [Ns/m, Nms/rad]:
           tx        ty        tz    |    rx        ry        rz
  fx [   233.6 -0.05798   -2.095 | 4.346e-05   0.5479 -0.01032 ]
  fy [-0.05798    173.2   -1.688 |   -0.437 -0.03363   -3.435 ]
  fz [  -2.095   -1.688    112.2 | 0.009766    2.221  0.03358 ]
     ---------------------------+---------------------------
  mx [4.346e-05   -0.437 0.009766 |    1.296 7.95e-07 0.001693 ]
  my [  0.5479 -0.03363    2.221 | 7.95e-07    2.114 -0.03196 ]
  mz [-0.01032   -3.435  0.03358 | 0.001693 -0.03196   0.9598 ]

[GATE] Set up finished (still pressing). Press Enter to start the grind (e+Enter stops).

Stop requested with e + Enter. Finishing control loop...

-- joint motion [deg] --------------------------------------------------------
  joint       start    final    delta
  q1            0.8     -0.2     -1.1
  q2           12.1     29.8    +17.7
  q3           -0.5      0.2     +0.7
  q4         -130.9   -128.9     +2.0
  q5           -0.2     -0.7     -0.5
  q6          142.9    151.4     +8.6
  q7           44.7     45.7     +1.0

==============================================================================
  FINAL RESULT
==============================================================================
  p_d              = [    503.3,      -6.8,    -216.9] mm
  p_EE             = [    505.7,      -0.4,      18.6] mm
  e_p              = [     -2.4,      -6.4,    -235.6] mm
  e_R              = [    -0.45,     -1.13,      0.08] deg
------------------------------------------------------------------------------
  position error     235.66 mm
  rotation error     1.21 deg
  csv                logs/surface_grinding_controller_log.csv
------------------------------------------------------------------------------
