
==============================================================================
  SURFACE GRINDING CONTROLLER
==============================================================================
  robot              172.16.0.2
  parameters         /home/hm-panda/Desktop/Thesis_Final_Control/surface_grinding_controller/params
------------------------------------------------------------------------------

==============================================================================
  SURFACE GRINDING CONTROLLER - STARTUP MENU
==============================================================================

-- RUN MODES -----------------------------------------------------------------
  s      Run orientation, approach, setup, and grinding
  h      Cartesian pose hold at the initial posture
  t      Cartesian pose hold with the setup impedance
  g      Start manual guidance from the current robot pose

-- ROBOT PREPARATION ---------------------------------------------------------
  i      Move to the configured initial joint posture

-- GRIPPER AND TOOL ----------------------------------------------------------
  o      Open the gripper
  c      Grasp the tool
  r      Recalibrate the gripper with empty fingers
  f      Pick up the tool from the holder
  b      Return the tool to the holder

-- PROGRAM -------------------------------------------------------------------
  e      Exit
------------------------------------------------------------------------------
  During control: e = stop | m = startup menu | g = guidance
------------------------------------------------------------------------------
Selection [s/h/t/g/i/o/c/r/f/b/e]: 
-- SELECTED MODE: PHASE SEQUENCE ---------------------------------------------

-- moving to q_init ----------------------------------------------------------
  case               saved_qinit
  q1..q7 [deg]     = [0.8, 12.1, -0.5, -130.9, -0.2, 142.9, 44.7] deg
  saved_qinit = [0.014777, 0.210911, -0.009320, -2.284835, -0.002725, 2.493410, 0.780694] rad
  q_init reached.

-- start pose ----------------------------------------------------------------
  q_start          = [0.9, 12.1, -0.5, -130.9, -0.1, 142.9, 44.7] deg
  p_start          = [    531.3,       2.5,     156.9] mm

==============================================================================
  RUN
==============================================================================

-- phase: approach_orient ----------------------------------------------------
  Kp [t1,t2,n]     = [    150.0,     150.0,     150.0] N/m
  Dp [t1,t2,n]     = [    133.7,      94.2,     128.3] Ns/m     auto (factor 1.90)
  KR [t1,t2,n]     = [    300.0,     300.0,      90.0] Nm/rad
  DR [t1,t2,n]     = [     19.8,      32.3,       2.0] Nms/rad  auto (factor 1.90)
orient:     t=  0.0 s | axis_err=  8.5 deg | spin_err=  0.5 deg
orient:     t=  0.2 s | axis_err=  6.5 deg | spin_err=  0.2 deg
orient:     t=  0.4 s | axis_err=  2.5 deg | spin_err=  0.2 deg
orient:     t=  0.6 s | axis_err=  0.6 deg | spin_err=  0.1 deg
orient:     t=  0.8 s | axis_err=  0.5 deg | spin_err=  0.2 deg

Orientation reached: axis_err=0.5 deg | spin_err=0.2 deg

-- phase: approach_descend ---------------------------------------------------
  Kp [t1,t2,n]     = [    150.0,     150.0,     150.0] N/m
  Dp [t1,t2,n]     = [    133.7,      94.2,     128.3] Ns/m     auto (factor 1.90)
  KR [t1,t2,n]     = [    300.0,     300.0,      90.0] Nm/rad
  DR [t1,t2,n]     = [     19.8,      32.3,       2.0] Nms/rad  auto (factor 1.90)
  descend to         20 mm clearance at 0.100 m/s
descend:    t=  0.0 s | distance=   0.1 mm | height=+120.2 mm (target 20.0) | force=  0.0 N
descend:    t=  0.2 s | distance=  20.2 mm | height=+110.0 mm (target 20.0) | force=  1.6 N
descend:    t=  0.4 s | distance=  40.3 mm | height= +95.0 mm (target 20.0) | force=  1.5 N
descend:    t=  0.6 s | distance=  60.4 mm | height= +78.7 mm (target 20.0) | force=  2.4 N
descend:    t=  0.8 s | distance=  80.5 mm | height= +61.6 mm (target 20.0) | force=  3.0 N
descend:    t=  1.0 s | distance= 100.6 mm | height= +44.0 mm (target 20.0) | force=  2.0 N
descend:    t=  1.2 s | distance= 120.7 mm | height= +26.8 mm (target 20.0) | force=  3.3 N

Clearance reached: distance=128.6 mm | height=19.9 mm | target=20.0 mm | force=1.9 N
  offset_ee        = [     20.0,      60.0,      20.0] mm
  p_EE_at_contact  = [    519.6,       1.4,      49.9] mm
  contact_point    = [    538.2,     -55.9,       1.3] mm
  edge_offset      = [     18.6,     -57.3,     -48.6] mm

-- phase: setup --------------------------------------------------------------

-- setup impedance -----------------------------------------------------------
  law                wrench = K_TCP*dx + D_TCP*dv
                     K_TCP  = Ad(r_c)^T * blkdiag(Kp,KR) * Ad(r_c)
  Kp [t1,t2,n]     = [   2000.0,    2000.0,     350.0] N/m
  Dp [t1,t2,n]     = [    231.2,     178.2,     111.9] Ns/m     auto
  KR [t1,t2,n]     = [      5.0,       5.0,      50.0] Nm/rad
  DR [t1,t2,n]     = [      1.5,       1.9,       1.2] Nms/rad  auto
  p_c [EE]         = [     -0.0,       0.0,      60.0] mm       commanded in the tool frame
  r_c [t1,t2,n]    = [      1.9,      -9.6,      59.2] mm       p_TCP - p_c, in the plane
setup:     t=  0.0 s | tip=  0.0 deg | F=  0.3 N | M=  0.1 Nm (limit 150.0) | contact= 19.9 mm
setup:     t=  0.2 s | tip=  0.8 deg | F=  1.4 N | M=  0.9 Nm (limit 150.0) | contact=  7.1 mm
setup:     t=  0.4 s | tip=  1.4 deg | F= 19.2 N | M= 10.0 Nm (limit 150.0) | contact=  2.6 mm
setup:     t=  0.6 s | tip=  1.5 deg | F= 16.3 N | M=  8.9 Nm (limit 150.0) | contact=  2.6 mm
setup:     t=  0.8 s | tip=  1.5 deg | F= 21.8 N | M= 11.8 Nm (limit 150.0) | contact=  2.8 mm
setup:     t=  1.0 s | tip=  1.5 deg | F= 27.3 N | M= 14.7 Nm (limit 150.0) | contact=  2.9 mm
setup:     t=  1.2 s | tip=  1.5 deg | F= 32.6 N | M= 17.4 Nm (limit 150.0) | contact=  3.0 mm
setup:     t=  1.4 s | tip=  1.5 deg | F= 37.9 N | M= 20.1 Nm (limit 150.0) | contact=  3.2 mm
setup:     t=  1.6 s | tip=  1.6 deg | F= 43.8 N | M= 23.1 Nm (limit 150.0) | contact=  3.3 mm
setup:     t=  1.8 s | tip=  1.7 deg | F= 49.2 N | M= 25.7 Nm (limit 150.0) | contact=  3.4 mm
setup:     t=  2.0 s | tip=  2.0 deg | F= 55.2 N | M= 28.8 Nm (limit 150.0) | contact=  3.6 mm
setup:     t=  2.2 s | tip=  2.5 deg | F= 60.0 N | M= 31.5 Nm (limit 150.0) | contact=  3.7 mm
setup:     t=  2.4 s | tip=  3.8 deg | F= 63.1 N | M= 33.3 Nm (limit 150.0) | contact=  3.9 mm
setup:     t=  2.6 s | tip=  5.9 deg | F= 68.2 N | M= 36.0 Nm (limit 150.0) | contact=  4.3 mm
setup:     t=  2.8 s | tip=  8.0 deg | F= 75.4 N | M= 39.8 Nm (limit 150.0) | contact=  4.5 mm
setup:     t=  3.0 s | tip=  8.0 deg | F= 80.2 N | M= 42.3 Nm (limit 150.0) | contact=  4.5 mm
setup:     t=  3.2 s | tip=  8.0 deg | F= 85.3 N | M= 44.8 Nm (limit 150.0) | contact=  4.7 mm
setup:     t=  3.4 s | tip=  7.9 deg | F= 80.5 N | M= 42.4 Nm (limit 150.0) | contact=  4.6 mm
setup:     t=  3.6 s | tip=  7.9 deg | F= 80.4 N | M= 42.3 Nm (limit 150.0) | contact=  4.6 mm
setup:     t=  3.8 s | tip=  7.9 deg | F= 80.4 N | M= 42.3 Nm (limit 150.0) | contact=  4.6 mm
setup:     t=  4.0 s | tip=  7.9 deg | F= 80.5 N | M= 42.4 Nm (limit 150.0) | contact=  4.6 mm
setup:     t=  4.2 s | tip=  7.9 deg | F= 80.3 N | M= 42.3 Nm (limit 150.0) | contact=  4.6 mm
setup:     t=  4.4 s | tip=  7.9 deg | F= 80.0 N | M= 42.1 Nm (limit 150.0) | contact=  4.6 mm
setup:     t=  4.6 s | tip=  7.9 deg | F= 80.2 N | M= 42.2 Nm (limit 150.0) | contact=  4.6 mm
setup:     t=  4.8 s | tip=  7.9 deg | F= 80.0 N | M= 42.1 Nm (limit 150.0) | contact=  4.6 mm

==============================================================================
  SETUP RESULT
==============================================================================
  stop: time | t=5.0 s | tip=7.9 deg | F=80.1 N | M=42.2 Nm
  contact_from_start = [-0.5, +2.5, -3.9] mm | norm=4.6 mm
  tcp_from_contact  = [-18.6, +62.7, +17.3] mm | norm=67.6 mm
  alignment: before=9.58 deg | after=2.45 deg | gain=+7.13 deg
  alignment components [t1,t2,n] deg: before=[-9.57,-0.30,+0.00] | after=[-1.77,-1.70,+0.00]

-- setup surface-frame breakdown ---------------------------------------------
  frame              alignment-target [tangent1, tangent2, normal]
  force        [N]      = [    +2.64,     +3.95,    -79.97]
  tcp_disp     [mm]     = [    +0.52,     +6.29,    -31.17]
  contact_disp [mm]     = [    -0.44,     +2.60,     -3.81]
  Kp_eff=F/tcp [N/m]    = [   5068.9,     627.8,    2565.8]
  M_contact    [Nm]     = [    -5.43,    +40.67,     +2.16]
  tip_angle    [deg]    = [    +7.81,     -1.43,     +0.30]
  KR_eff=M/ang [Nm/rad] = [    -39.8,   -1625.2,     411.8]
  frame              tool face [length, width, tool axis]
  M_contact    [Nm]     = [   -40.68,     +5.71,     -0.74]

-- center of compliance ------------------------------------------------------
  definition         r_c = p_TCP - p_c
  p_TCP [x,y,z]    = [    519.6,       6.8,      18.6] mm
  p_c [EE]         = [     -0.0,       0.0,      60.0] mm
  r_c [t1,t2,n]    = [      3.4,      -1.5,      59.9] mm
                     p_c resolved at end of setup

-- effective TCP impedance ---------------------------------------------------
  K_TCP translation = [   1999.5,    1998.7,     351.8] N/m
  K_TCP rotation   = [     12.2,      12.2,      50.0] Nm/rad
  commanded KR was = [      5.0,       5.0,      50.0] Nm/rad   including lever contribution
  D_TCP translation = [    231.2,     178.2,     112.0] Ns/m
  D_TCP rotation   = [      2.1,       2.7,       1.2] Nms/rad
  coupling           max |moment per unit translation| = 119.8 Nm/m (K), 13.8 Nms/m (D)
  eigenvalues        K_TCP 4.98 .. 2007 | D_TCP 1.22 .. 232  (both positive: valid springs)

  K_TCP [N/m, Nm/rad | rows fx..mz, cols tx..rz]:
           tx        ty        tz    |    rx        ry        rz
  fx [    2000  -0.7871   -28.44 | -0.04152   -119.8   0.3959 ]
  fy [ -0.7871     1999   -45.62 |    119.6  -0.1533   -8.779 ]
  fz [  -28.44   -45.62    351.8 |   -2.799    3.247   0.1948 ]
     ---------------------------+---------------------------
  mx [-0.04152    119.6   -2.799 |    12.17  0.01166   0.2502 ]
  my [  -119.8  -0.1533    3.247 |  0.01166    12.22    1.221 ]
  mz [  0.3959   -8.779   0.1948 |   0.2502    1.221    49.99 ]

  D_TCP [Ns/m, Nms/rad]:
           tx        ty        tz    |    rx        ry        rz
  fx [   231.2 -0.05693   -2.057 | -0.003003   -13.84  0.04563 ]
  fy [-0.05693    178.2   -1.835 |    10.66 -0.004652  -0.7827 ]
  fz [  -2.057   -1.835      112 |  -0.1318   0.6148 0.007655 ]
     ---------------------------+---------------------------
  mx [-0.003003    10.66  -0.1318 |    2.134 -0.0005286 -0.05152 ]
  my [  -13.84 -0.004652   0.6148 | -0.0005286    2.722 -0.02113 ]
  mz [ 0.04563  -0.7827 0.007655 | -0.05152 -0.02113    1.229 ]

[GATE] Set up finished (still pressing). Press Enter to start the grind (e+Enter stops).

Stop requested with e + Enter. Finishing control loop...

-- joint motion [deg] --------------------------------------------------------
  joint       start    final    delta
  q1            0.9      5.6     +4.8
  q2           12.1     30.7    +18.5
  q3           -0.5     -4.3     -3.7
  q4         -130.9   -128.2     +2.7
  q5           -0.1      4.9     +5.1
  q6          142.9    154.5    +11.6
  q7           44.7     42.7     -2.0

==============================================================================
  FINAL RESULT
==============================================================================
  p_d              = [    515.2,      -5.8,    -209.9] mm
  p_EE             = [    519.6,       6.8,      18.6] mm
  e_p              = [     -4.5,     -12.6,    -228.5] mm
  e_R              = [     7.81,     -1.43,      0.20] deg
------------------------------------------------------------------------------
  position error     228.86 mm
  rotation error     7.95 deg
  csv                logs/surface_grinding_controller_log.csv
------------------------------------------------------------------------------
