
==============================================================================
  SURFACE GRINDING CONTROLLER
==============================================================================
  robot              172.16.0.2
  parameters         /home/hm-panda/Desktop/Thesis_Final_Control/surface_grinding_controller/params
------------------------------------------------------------------------------

==============================================================================
  SURFACE GRINDING CONTROLLER - STARTUP MENU
==============================================================================

-- RUN MODES -----------------------------------------------------------------
  s      Run orientation, approach, setup, and grinding
  h      Cartesian pose hold at the initial posture
  t      Cartesian pose hold with the setup impedance
  g      Start manual guidance from the current robot pose

-- ROBOT PREPARATION ---------------------------------------------------------
  i      Move to the configured initial joint posture

-- GRIPPER AND TOOL ----------------------------------------------------------
  o      Open the gripper
  c      Grasp the tool
  r      Recalibrate the gripper with empty fingers
  f      Pick up the tool from the holder
  b      Return the tool to the holder

-- PROGRAM -------------------------------------------------------------------
  e      Exit
------------------------------------------------------------------------------
  During control: e = stop | m = startup menu | g = guidance
------------------------------------------------------------------------------
Selection [s/h/t/g/i/o/c/r/f/b/e]: 
-- SELECTED MODE: PHASE SEQUENCE ---------------------------------------------

-- moving to q_init ----------------------------------------------------------
  case               saved_qinit
  q1..q7 [deg]     = [0.8, 12.1, -0.5, -130.9, -0.2, 142.9, 44.7] deg
  saved_qinit = [0.014777, 0.210911, -0.009320, -2.284835, -0.002725, 2.493410, 0.780694] rad
  q_init reached.

-- start pose ----------------------------------------------------------------
  q_start          = [0.8, 12.1, -0.5, -130.9, -0.2, 142.8, 44.7] deg
  p_start          = [    531.1,       2.4,     156.7] mm

==============================================================================
  RUN
==============================================================================

-- phase: approach_orient ----------------------------------------------------
  Kp [t1,t2,n]     = [    150.0,     150.0,     150.0] N/m
  Dp [t1,t2,n]     = [    133.7,      94.2,     128.3] Ns/m     auto (factor 1.90)
  KR [t1,t2,n]     = [    300.0,     300.0,      90.0] Nm/rad
  DR [t1,t2,n]     = [     19.8,      32.3,       2.0] Nms/rad  auto (factor 1.90)
orient:     t=  0.0 s | axis_err= 12.4 deg | spin_err=  0.6 deg
orient:     t=  0.2 s | axis_err= 10.5 deg | spin_err=  0.5 deg
orient:     t=  0.4 s | axis_err=  7.0 deg | spin_err=  0.2 deg
orient:     t=  0.6 s | axis_err=  3.0 deg | spin_err=  0.0 deg
orient:     t=  0.8 s | axis_err=  0.8 deg | spin_err=  0.1 deg

Orientation reached: axis_err=0.5 deg | spin_err=0.1 deg

-- phase: approach_descend ---------------------------------------------------
  Kp [t1,t2,n]     = [    150.0,     150.0,     150.0] N/m
  Dp [t1,t2,n]     = [    133.7,      94.2,     128.3] Ns/m     auto (factor 1.90)
  KR [t1,t2,n]     = [    300.0,     300.0,      90.0] Nm/rad
  DR [t1,t2,n]     = [     19.8,      32.3,       2.0] Nms/rad  auto (factor 1.90)
  descend to         20 mm clearance at 0.100 m/s
descend:    t=  0.0 s | distance=   0.1 mm | height=+125.4 mm (target 20.0) | force=  0.0 N
descend:    t=  0.2 s | distance=  20.2 mm | height=+114.0 mm (target 20.0) | force=  1.9 N
descend:    t=  0.4 s | distance=  40.3 mm | height= +97.9 mm (target 20.0) | force=  2.8 N
descend:    t=  0.6 s | distance=  60.4 mm | height= +80.6 mm (target 20.0) | force=  2.0 N
descend:    t=  0.8 s | distance=  80.5 mm | height= +63.1 mm (target 20.0) | force=  2.9 N
descend:    t=  1.0 s | distance= 100.6 mm | height= +45.3 mm (target 20.0) | force=  2.1 N
descend:    t=  1.2 s | distance= 120.7 mm | height= +27.5 mm (target 20.0) | force=  2.8 N

Clearance reached: distance=129.3 mm | height=20.0 mm | target=20.0 mm | force=3.2 N
  offset_ee        = [     20.0,     -60.0,      20.0] mm
  p_EE_at_contact  = [    507.1,      -0.2,      44.0] mm
  contact_point    = [    522.0,      58.6,      -1.6] mm
  edge_offset      = [     14.9,      58.7,     -45.6] mm

-- phase: setup --------------------------------------------------------------

-- setup impedance -----------------------------------------------------------
  law                wrench = K_TCP*dx + D_TCP*dv
                     K_TCP  = Ad(r_c)^T * blkdiag(Kp,KR) * Ad(r_c)
  Kp [t1,t2,n]     = [   2000.0,    2000.0,     350.0] N/m
  Dp [t1,t2,n]     = [    237.1,     176.2,     109.5] Ns/m     auto
  KR [t1,t2,n]     = [      5.0,       5.0,      50.0] Nm/rad
  DR [t1,t2,n]     = [      1.3,       2.2,       1.2] Nms/rad  auto
  p_c [EE]         = [      0.0,       0.0,       0.0] mm       resolved in the tool frame
  r_c [t1,t2,n]    = [      0.0,       0.0,       0.0] mm       commanded: p_TCP - p_c, in the plane
setup:     t=  0.0 s | tip=  0.0 deg | F=  0.2 N | M=  0.0 Nm (limit 150.0) | contact= 19.9 mm
setup:     t=  0.2 s | tip=  0.4 deg | F=  0.5 N | M=  0.4 Nm (limit 150.0) | contact=  7.0 mm
setup:     t=  0.4 s | tip=  0.8 deg | F= 16.9 N | M=  8.7 Nm (limit 150.0) | contact=  2.7 mm
setup:     t=  0.6 s | tip=  0.8 deg | F= 13.8 N | M=  7.4 Nm (limit 150.0) | contact=  2.8 mm
setup:     t=  0.8 s | tip=  0.8 deg | F= 19.1 N | M= 10.1 Nm (limit 150.0) | contact=  2.9 mm
setup:     t=  1.0 s | tip=  0.8 deg | F= 24.6 N | M= 12.9 Nm (limit 150.0) | contact=  3.1 mm
setup:     t=  1.2 s | tip=  0.9 deg | F= 30.7 N | M= 16.1 Nm (limit 150.0) | contact=  3.4 mm
setup:     t=  1.4 s | tip=  1.0 deg | F= 36.1 N | M= 18.8 Nm (limit 150.0) | contact=  3.7 mm
setup:     t=  1.6 s | tip=  1.4 deg | F= 39.7 N | M= 20.5 Nm (limit 150.0) | contact=  4.2 mm
setup:     t=  1.8 s | tip=  1.8 deg | F= 47.2 N | M= 24.2 Nm (limit 150.0) | contact=  4.7 mm
setup:     t=  2.0 s | tip=  1.8 deg | F= 53.0 N | M= 27.0 Nm (limit 150.0) | contact=  5.3 mm
setup:     t=  2.2 s | tip=  1.8 deg | F= 58.3 N | M= 29.7 Nm (limit 150.0) | contact=  5.7 mm
setup:     t=  2.4 s | tip=  1.8 deg | F= 63.9 N | M= 32.4 Nm (limit 150.0) | contact=  6.0 mm
setup:     t=  2.6 s | tip=  1.9 deg | F= 69.3 N | M= 35.1 Nm (limit 150.0) | contact=  6.2 mm
setup:     t=  2.8 s | tip=  1.9 deg | F= 74.8 N | M= 37.8 Nm (limit 150.0) | contact=  6.3 mm
setup:     t=  3.0 s | tip=  1.9 deg | F= 80.7 N | M= 40.8 Nm (limit 150.0) | contact=  6.4 mm
setup:     t=  3.2 s | tip=  1.9 deg | F= 86.1 N | M= 43.5 Nm (limit 150.0) | contact=  6.6 mm
setup:     t=  3.4 s | tip=  1.9 deg | F= 81.8 N | M= 41.4 Nm (limit 150.0) | contact=  6.5 mm
setup:     t=  3.6 s | tip=  1.9 deg | F= 81.7 N | M= 41.4 Nm (limit 150.0) | contact=  6.5 mm
setup:     t=  3.8 s | tip=  1.9 deg | F= 81.7 N | M= 41.4 Nm (limit 150.0) | contact=  6.5 mm
setup:     t=  4.0 s | tip=  1.9 deg | F= 81.6 N | M= 41.4 Nm (limit 150.0) | contact=  6.5 mm
setup:     t=  4.2 s | tip=  1.9 deg | F= 81.7 N | M= 41.3 Nm (limit 150.0) | contact=  6.5 mm
setup:     t=  4.4 s | tip=  1.9 deg | F= 81.6 N | M= 41.3 Nm (limit 150.0) | contact=  6.5 mm
setup:     t=  4.6 s | tip=  1.9 deg | F= 81.5 N | M= 41.3 Nm (limit 150.0) | contact=  6.5 mm
setup:     t=  4.8 s | tip=  1.9 deg | F= 81.4 N | M= 41.2 Nm (limit 150.0) | contact=  6.5 mm

==============================================================================
  SETUP RESULT
==============================================================================
  stop: time | t=5.0 s | tip=1.9 deg | F=81.5 N | M=41.3 Nm
  contact_from_start = [-4.8, -0.2, -4.4] mm | norm=6.5 mm
  tcp_from_contact  = [-19.1, -60.2, +20.0] mm | norm=66.3 mm
  alignment: before=10.05 deg | after=11.30 deg | gain=-1.26 deg
  alignment components [t1,t2,n] deg: before=[-0.33,-10.04,+0.00] | after=[-1.65,-11.18,-0.00]

-- setup surface-frame breakdown ---------------------------------------------
  frame              alignment-target [tangent1, tangent2, normal]
  force        [N]      = [    +6.72,     +1.83,    -81.19]
  tcp_disp     [mm]     = [    -3.79,     -0.78,    -25.65]
  contact_disp [mm]     = [    -4.72,     -0.09,     -4.47]
  Kp_eff=F/tcp [N/m]    = [  -1774.7,   -2332.8,    3164.7]
  M_contact    [Nm]     = [    +5.46,    +40.22,     +0.87]
  tip_angle    [deg]    = [    -1.42,     -1.13,     -0.45]
  KR_eff=M/ang [Nm/rad] = [   -219.8,   -2037.4,    -110.2]
  frame              tool face [length, width, tool axis]
  M_contact    [Nm]     = [   -40.20,     -5.62,     -0.76]

-- center of compliance ------------------------------------------------------
  definition         r_c = p_TCP - p_c
  p_TCP [x,y,z]    = [    502.8,      -1.6,      18.4] mm
  p_c [EE]         = [     -0.0,      -0.0,       0.0] mm
  r_c [t1,t2,n]    = [      0.0,       0.0,       0.0] mm
                     p_c resolved at end of setup

-- effective TCP impedance ---------------------------------------------------
  K_TCP translation = [   1999.5,    1998.7,     351.8] N/m
  K_TCP rotation   = [      5.0,       5.0,      50.0] Nm/rad
  commanded KR was = [      5.0,       5.0,      50.0] Nm/rad   including lever contribution
  D_TCP translation = [    237.1,     176.2,     109.6] Ns/m
  D_TCP rotation   = [      1.3,       2.2,       1.2] Nms/rad
  coupling           max |moment per unit translation| = 0.0 Nm/m (K), 0.0 Nms/m (D)
  eigenvalues        K_TCP 5.00 .. 2000 | D_TCP 1.20 .. 237  (both positive: valid springs)

  K_TCP [N/m, Nm/rad | rows fx..mz, cols tx..rz]:
           tx        ty        tz    |    rx        ry        rz
  fx [    2000  -0.7871   -28.44 |        0        0        0 ]
  fy [ -0.7871     1999   -45.62 |        0        0        0 ]
  fz [  -28.44   -45.62    351.8 |        0        0        0 ]
     ---------------------------+---------------------------
  mx [       0        0        0 |    5.013  0.02147   0.7756 ]
  my [       0        0        0 |  0.02147    5.034    1.244 ]
  mz [       0        0        0 |   0.7756    1.244    49.95 ]

  D_TCP [Ns/m, Nms/rad]:
           tx        ty        tz    |    rx        ry        rz
  fx [   237.1 -0.06087   -2.199 |        0        0        0 ]
  fy [-0.06087    176.2   -1.844 |        0        0        0 ]
  fz [  -2.199   -1.844    109.6 |        0        0        0 ]
     ---------------------------+---------------------------
  mx [       0        0        0 |    1.293 -4.632e-05 -0.001674 ]
  my [       0        0        0 | -4.632e-05    2.223 -0.02843 ]
  mz [       0        0        0 | -0.001674 -0.02843    1.196 ]

[GATE] Set up finished (still pressing). Press Enter to start the grind (e+Enter stops).

Stop requested with e + Enter. Finishing control loop...

-- joint motion [deg] --------------------------------------------------------
  joint       start    final    delta
  q1            0.8     -0.4     -1.2
  q2           12.1     31.3    +19.2
  q3           -0.5      0.2     +0.8
  q4         -130.9   -124.5     +6.4
  q5           -0.2     -0.8     -0.6
  q6          142.8    142.2     -0.7
  q7           44.7     45.2     +0.4

==============================================================================
  FINAL RESULT
==============================================================================
  p_d              = [    502.6,      -7.3,    -215.9] mm
  p_EE             = [    502.8,      -1.6,      18.4] mm
  e_p              = [     -0.3,      -5.7,    -234.3] mm
  e_R              = [    -1.43,     -1.14,     -0.40] deg
------------------------------------------------------------------------------
  position error     234.37 mm
  rotation error     1.87 deg
  csv                logs/surface_grinding_controller_log.csv
------------------------------------------------------------------------------
