
==============================================================================
  SURFACE GRINDING CONTROLLER
==============================================================================
  robot              172.16.0.2
  parameters         /home/hm-panda/Desktop/Thesis_Final_Control/surface_grinding_controller/params
------------------------------------------------------------------------------

==============================================================================
  SURFACE GRINDING CONTROLLER - STARTUP MENU
==============================================================================

-- RUN MODES -----------------------------------------------------------------
  s      Run orientation, approach, setup, and grinding
  h      Cartesian pose hold at the initial posture
  t      Cartesian pose hold with the setup impedance
  g      Start manual guidance from the current robot pose

-- ROBOT PREPARATION ---------------------------------------------------------
  i      Move to the configured initial joint posture

-- GRIPPER AND TOOL ----------------------------------------------------------
  o      Open the gripper
  c      Grasp the tool
  r      Recalibrate the gripper with empty fingers
  f      Pick up the tool from the holder
  b      Return the tool to the holder

-- PROGRAM -------------------------------------------------------------------
  e      Exit
------------------------------------------------------------------------------
  During control: e = stop | m = startup menu | g = guidance
------------------------------------------------------------------------------
Selection [s/h/t/g/i/o/c/r/f/b/e]: 
-- SELECTED MODE: PHASE SEQUENCE ---------------------------------------------

-- moving to q_init ----------------------------------------------------------
  case               saved_qinit
  q1..q7 [deg]     = [0.8, 12.1, -0.5, -130.9, -0.2, 142.9, 44.7] deg
  saved_qinit = [0.014777, 0.210911, -0.009320, -2.284835, -0.002725, 2.493410, 0.780694] rad
  q_init reached.

-- start pose ----------------------------------------------------------------
  q_start          = [0.9, 12.1, -0.5, -130.9, -0.1, 142.9, 44.7] deg
  p_start          = [    531.4,       2.5,     156.9] mm

==============================================================================
  RUN
==============================================================================

-- phase: approach_orient ----------------------------------------------------
  Kp [t1,t2,n]     = [    150.0,     150.0,     150.0] N/m
  Dp [t1,t2,n]     = [    133.7,      94.2,     128.3] Ns/m     auto (factor 1.90)
  KR [t1,t2,n]     = [    300.0,     300.0,      90.0] Nm/rad
  DR [t1,t2,n]     = [     19.8,      32.3,       2.0] Nms/rad  auto (factor 1.90)
orient:     t=  0.0 s | axis_err=  8.5 deg | spin_err=  0.5 deg
orient:     t=  0.2 s | axis_err=  6.5 deg | spin_err=  0.2 deg
orient:     t=  0.4 s | axis_err=  2.5 deg | spin_err=  0.2 deg
orient:     t=  0.6 s | axis_err=  0.6 deg | spin_err=  0.1 deg
orient:     t=  0.8 s | axis_err=  0.5 deg | spin_err=  0.2 deg

Orientation reached: axis_err=0.5 deg | spin_err=0.1 deg

-- phase: approach_descend ---------------------------------------------------
  Kp [t1,t2,n]     = [    150.0,     150.0,     150.0] N/m
  Dp [t1,t2,n]     = [    133.7,      94.2,     128.3] Ns/m     auto (factor 1.90)
  KR [t1,t2,n]     = [    300.0,     300.0,      90.0] Nm/rad
  DR [t1,t2,n]     = [     19.8,      32.3,       2.0] Nms/rad  auto (factor 1.90)
  descend to         20 mm clearance at 0.100 m/s
descend:    t=  0.0 s | distance=   0.1 mm | height=+119.9 mm (target 20.0) | force= -0.0 N
descend:    t=  0.2 s | distance=  20.2 mm | height=+109.6 mm (target 20.0) | force=  2.0 N
descend:    t=  0.4 s | distance=  40.3 mm | height= +94.6 mm (target 20.0) | force=  1.6 N
descend:    t=  0.6 s | distance=  60.4 mm | height= +78.3 mm (target 20.0) | force=  1.7 N
descend:    t=  0.8 s | distance=  80.5 mm | height= +61.2 mm (target 20.0) | force=  2.6 N
descend:    t=  1.0 s | distance= 100.6 mm | height= +43.7 mm (target 20.0) | force=  3.1 N
descend:    t=  1.2 s | distance= 120.7 mm | height= +25.6 mm (target 20.0) | force=  1.5 N

Clearance reached: distance=127.4 mm | height=20.0 mm | target=20.0 mm | force=1.4 N
  offset_ee        = [     20.0,      60.0,      20.0] mm
  p_EE_at_contact  = [    519.2,       1.4,      50.0] mm
  contact_point    = [    537.7,     -55.8,       1.3] mm
  edge_offset      = [     18.5,     -57.3,     -48.7] mm

-- phase: setup --------------------------------------------------------------

-- setup impedance -----------------------------------------------------------
  law                wrench = K_TCP*dx + D_TCP*dv
                     K_TCP  = Ad(r_c)^T * blkdiag(Kp,KR) * Ad(r_c)
  Kp [t1,t2,n]     = [   2000.0,    2000.0,     350.0] N/m
  Dp [t1,t2,n]     = [    231.2,     178.3,     111.9] Ns/m     auto
  KR [t1,t2,n]     = [      5.0,       5.0,      50.0] Nm/rad
  DR [t1,t2,n]     = [      1.5,       1.9,       1.2] Nms/rad  auto
  p_c [EE]         = [      0.0,       0.0,     120.0] mm       commanded in the tool frame
  r_c [t1,t2,n]    = [      3.9,     -19.3,     118.4] mm       p_TCP - p_c, in the plane
setup:     t=  0.0 s | tip=  0.0 deg | F=  0.1 N | M=  0.1 Nm (limit 150.0) | contact= 19.9 mm
setup:     t=  0.2 s | tip=  0.7 deg | F=  1.2 N | M=  0.7 Nm (limit 150.0) | contact=  7.3 mm
setup:     t=  0.4 s | tip=  1.2 deg | F= 18.3 N | M=  9.5 Nm (limit 150.0) | contact=  2.4 mm
setup:     t=  0.6 s | tip=  1.2 deg | F= 16.6 N | M=  8.8 Nm (limit 150.0) | contact=  2.4 mm
setup:     t=  0.8 s | tip=  1.2 deg | F= 22.5 N | M= 11.8 Nm (limit 150.0) | contact=  2.6 mm
setup:     t=  1.0 s | tip=  1.2 deg | F= 27.6 N | M= 14.3 Nm (limit 150.0) | contact=  2.7 mm
setup:     t=  1.2 s | tip=  1.2 deg | F= 33.3 N | M= 17.2 Nm (limit 150.0) | contact=  2.9 mm
setup:     t=  1.4 s | tip=  1.3 deg | F= 38.9 N | M= 20.1 Nm (limit 150.0) | contact=  3.0 mm
setup:     t=  1.6 s | tip=  1.3 deg | F= 44.8 N | M= 23.1 Nm (limit 150.0) | contact=  3.1 mm
setup:     t=  1.8 s | tip=  1.5 deg | F= 49.7 N | M= 25.8 Nm (limit 150.0) | contact=  3.3 mm
setup:     t=  2.0 s | tip=  1.9 deg | F= 55.6 N | M= 29.1 Nm (limit 150.0) | contact=  3.4 mm
setup:     t=  2.2 s | tip=  2.4 deg | F= 59.3 N | M= 31.0 Nm (limit 150.0) | contact=  3.5 mm
setup:     t=  2.4 s | tip=  3.6 deg | F= 69.9 N | M= 36.6 Nm (limit 150.0) | contact=  3.6 mm
setup:     t=  2.6 s | tip=  5.6 deg | F= 73.2 N | M= 38.3 Nm (limit 150.0) | contact=  5.0 mm
setup:     t=  2.8 s | tip=  7.2 deg | F= 77.9 N | M= 41.0 Nm (limit 150.0) | contact=  6.7 mm
setup:     t=  3.0 s | tip=  7.7 deg | F= 86.5 N | M= 45.5 Nm (limit 150.0) | contact=  7.7 mm
setup:     t=  3.2 s | tip=  7.8 deg | F= 89.6 N | M= 47.3 Nm (limit 150.0) | contact=  8.5 mm
setup:     t=  3.4 s | tip=  7.8 deg | F= 83.6 N | M= 44.3 Nm (limit 150.0) | contact=  8.6 mm
setup:     t=  3.6 s | tip=  7.8 deg | F= 82.1 N | M= 43.7 Nm (limit 150.0) | contact=  8.6 mm
setup:     t=  3.8 s | tip=  7.8 deg | F= 82.5 N | M= 43.9 Nm (limit 150.0) | contact=  8.6 mm
setup:     t=  4.0 s | tip=  7.8 deg | F= 83.1 N | M= 44.2 Nm (limit 150.0) | contact=  8.6 mm
setup:     t=  4.2 s | tip=  7.8 deg | F= 83.1 N | M= 44.3 Nm (limit 150.0) | contact=  8.6 mm
setup:     t=  4.4 s | tip=  7.8 deg | F= 82.7 N | M= 44.0 Nm (limit 150.0) | contact=  8.6 mm
setup:     t=  4.6 s | tip=  7.8 deg | F= 81.7 N | M= 43.5 Nm (limit 150.0) | contact=  8.6 mm
setup:     t=  4.8 s | tip=  7.8 deg | F= 80.3 N | M= 43.0 Nm (limit 150.0) | contact=  8.6 mm

==============================================================================
  SETUP RESULT
==============================================================================
  stop: time | t=5.0 s | tip=7.8 deg | F=81.5 N | M=43.6 Nm
  contact_from_start = [+1.9, +7.6, -3.7] mm | norm=8.6 mm
  tcp_from_contact  = [-16.9, +67.7, +17.1] mm | norm=71.8 mm
  alignment: before=9.63 deg | after=1.84 deg | gain=+7.79 deg
  alignment components [t1,t2,n] deg: before=[-9.62,-0.34,+0.00] | after=[-1.82,-0.21,+0.00]

-- setup surface-frame breakdown ---------------------------------------------
  frame              alignment-target [tangent1, tangent2, normal]
  force        [N]      = [    -4.33,    +10.29,    -80.71]
  tcp_disp     [mm]     = [    +2.13,    +11.27,    -31.29]
  contact_disp [mm]     = [    +2.01,     +7.66,     -3.42]
  Kp_eff=F/tcp [N/m]    = [  -2028.2,     912.9,    2579.3]
  M_contact    [Nm]     = [    -5.42,    +41.57,     +5.63]
  tip_angle    [deg]    = [    +7.80,     +0.11,     +0.18]
  KR_eff=M/ang [Nm/rad] = [    -39.8,   20865.4,    1827.2]
  frame              tool face [length, width, tool axis]
  M_contact    [Nm]     = [   -41.72,     +5.52,     -4.29]

-- center of compliance ------------------------------------------------------
  definition         r_c = p_TCP - p_c
  p_TCP [x,y,z]    = [    520.8,      11.8,      18.4] mm
  p_c [EE]         = [     -0.0,       0.0,     120.0] mm
  r_c [t1,t2,n]    = [      3.6,      -3.0,     119.9] mm
                     p_c resolved at end of setup

-- effective TCP impedance ---------------------------------------------------
  K_TCP translation = [   1999.5,    1998.7,     351.8] N/m
  K_TCP rotation   = [     33.7,      33.8,      50.0] Nm/rad
  commanded KR was = [      5.0,       5.0,      50.0] Nm/rad   including lever contribution
  D_TCP translation = [    231.2,     178.3,     112.0] Ns/m
  D_TCP rotation   = [      4.1,       5.2,       1.2] Nms/rad
  coupling           max |moment per unit translation| = 239.8 Nm/m (K), 27.7 Nms/m (D)
  eigenvalues        K_TCP 4.93 .. 2029 | D_TCP 1.23 .. 235  (both positive: valid springs)

  K_TCP [N/m, Nm/rad | rows fx..mz, cols tx..rz]:
           tx        ty        tz    |    rx        ry        rz
  fx [    2000  -0.7871   -28.44 | -0.08608   -239.8   0.5861 ]
  fy [ -0.7871     1999   -45.62 |    239.6  -0.1646   -11.34 ]
  fz [  -28.44   -45.62    351.8 |   -5.571    5.405   0.2506 ]
     ---------------------------+---------------------------
  mx [-0.08608    239.6   -5.571 |    33.73 0.0001707  -0.5841 ]
  my [  -239.8  -0.1646    5.405 | 0.0001707    33.81    1.175 ]
  mz [  0.5861   -11.34   0.2506 |  -0.5841    1.175    50.02 ]

  D_TCP [Ns/m, Nms/rad]:
           tx        ty        tz    |    rx        ry        rz
  fx [   231.2 -0.05692   -2.056 | -0.006224   -27.72  0.06757 ]
  fy [-0.05692    178.3   -1.836 |    21.37 -0.003598   -1.012 ]
  fz [  -2.056   -1.836      112 |  -0.2527    0.882 0.009823 ]
     ---------------------------+---------------------------
  mx [-0.006224    21.37  -0.2527 |    4.059 -0.0008165  -0.1259 ]
  my [  -27.72 -0.003598    0.882 | -0.0008165    5.218 -0.02638 ]
  mz [ 0.06757   -1.012 0.009823 |  -0.1259 -0.02638    1.234 ]

[GATE] Set up finished (still pressing). Press Enter to start the grind (e+Enter stops).

Stop requested with e + Enter. Finishing control loop...

-- joint motion [deg] --------------------------------------------------------
  joint       start    final    delta
  q1            0.9      6.2     +5.4
  q2           12.1     30.6    +18.4
  q3           -0.5     -4.3     -3.7
  q4         -130.9   -129.0     +1.9
  q5           -0.1      5.4     +5.5
  q6          142.9    156.7    +13.8
  q7           44.7     42.7     -2.1

==============================================================================
  FINAL RESULT
==============================================================================
  p_d              = [    514.7,      -5.8,    -209.8] mm
  p_EE             = [    520.7,      11.8,      18.4] mm
  e_p              = [     -6.0,     -17.6,    -228.2] mm
  e_R              = [     7.80,      0.11,      0.04] deg
------------------------------------------------------------------------------
  position error     228.94 mm
  rotation error     7.80 deg
  csv                logs/surface_grinding_controller_log.csv
------------------------------------------------------------------------------
