
==============================================================================
  SURFACE GRINDING CONTROLLER
==============================================================================
  robot              172.16.0.2
  parameters         /home/hm-panda/Desktop/Thesis_Final_Control/surface_grinding_controller/params
------------------------------------------------------------------------------

==============================================================================
  SURFACE GRINDING CONTROLLER - STARTUP MENU
==============================================================================

-- RUN MODES -----------------------------------------------------------------
  s      Run orientation, approach, setup, and grinding
  h      Cartesian pose hold at the initial posture
  t      Cartesian pose hold with the setup impedance
  g      Start manual guidance from the current robot pose

-- ROBOT PREPARATION ---------------------------------------------------------
  i      Move to the configured initial joint posture

-- GRIPPER AND TOOL ----------------------------------------------------------
  o      Open the gripper
  c      Grasp the tool
  r      Recalibrate the gripper with empty fingers
  f      Pick up the tool from the holder
  b      Return the tool to the holder

-- PROGRAM -------------------------------------------------------------------
  e      Exit
------------------------------------------------------------------------------
  During control: e = stop | m = startup menu | g = guidance
------------------------------------------------------------------------------
Selection [s/h/t/g/i/o/c/r/f/b/e]: 
-- SELECTED MODE: PHASE SEQUENCE ---------------------------------------------

-- moving to q_init ----------------------------------------------------------
  case               saved_qinit
  q1..q7 [deg]     = [0.8, 12.1, -0.5, -130.9, -0.2, 142.9, 44.7] deg
  saved_qinit = [0.014777, 0.210911, -0.009320, -2.284835, -0.002725, 2.493410, 0.780694] rad
  q_init reached.

-- start pose ----------------------------------------------------------------
  q_start          = [0.8, 12.1, -0.5, -130.9, -0.2, 142.9, 44.7] deg
  p_start          = [    531.1,       2.3,     156.6] mm

==============================================================================
  RUN
==============================================================================

-- phase: approach_orient ----------------------------------------------------
  Kp [t1,t2,n]     = [    150.0,     150.0,     150.0] N/m
  Dp [t1,t2,n]     = [    133.6,      94.2,     128.3] Ns/m     auto (factor 1.90)
  KR [t1,t2,n]     = [    180.0,     180.0,      90.0] Nm/rad
  DR [t1,t2,n]     = [     15.3,      25.0,       2.0] Nms/rad  auto (factor 1.90)
orient:     t=  0.0 s | axis_err=  7.9 deg | spin_err=  0.9 deg
orient:     t=  0.2 s | axis_err=  6.5 deg | spin_err=  0.7 deg
orient:     t=  0.4 s | axis_err=  3.3 deg | spin_err=  0.3 deg
orient:     t=  0.6 s | axis_err=  1.4 deg | spin_err=  0.2 deg
orient:     t=  0.8 s | axis_err=  1.1 deg | spin_err=  0.2 deg
orient:     t=  1.0 s | axis_err=  1.0 deg | spin_err=  0.2 deg
orient:     t=  1.2 s | axis_err=  1.0 deg | spin_err=  0.2 deg
orient:     t=  1.4 s | axis_err=  1.0 deg | spin_err=  0.2 deg
orient:     t=  1.6 s | axis_err=  0.9 deg | spin_err=  0.2 deg
orient:     t=  1.8 s | axis_err=  0.9 deg | spin_err=  0.2 deg
orient:     t=  2.0 s | axis_err=  0.9 deg | spin_err=  0.2 deg
orient:     t=  2.2 s | axis_err=  0.9 deg | spin_err=  0.2 deg
orient:     t=  2.4 s | axis_err=  0.9 deg | spin_err=  0.2 deg
orient:     t=  2.6 s | axis_err=  0.9 deg | spin_err=  0.2 deg
orient:     t=  2.8 s | axis_err=  0.9 deg | spin_err=  0.2 deg
orient:     t=  3.0 s | axis_err=  0.9 deg | spin_err=  0.2 deg
orient:     t=  3.2 s | axis_err=  0.9 deg | spin_err=  0.2 deg
orient:     t=  3.4 s | axis_err=  0.9 deg | spin_err=  0.2 deg
orient:     t=  3.6 s | axis_err=  0.9 deg | spin_err=  0.2 deg
orient:     t=  3.8 s | axis_err=  0.9 deg | spin_err=  0.2 deg
orient:     t=  4.0 s | axis_err=  0.9 deg | spin_err=  0.2 deg
orient:     t=  4.2 s | axis_err=  0.9 deg | spin_err=  0.2 deg
orient:     t=  4.4 s | axis_err=  0.9 deg | spin_err=  0.2 deg
orient:     t=  4.6 s | axis_err=  0.9 deg | spin_err=  0.2 deg
orient:     t=  4.8 s | axis_err=  0.9 deg | spin_err=  0.2 deg
orient:     t=  5.0 s | axis_err=  0.9 deg | spin_err=  0.2 deg
orient:     t=  5.2 s | axis_err=  0.9 deg | spin_err=  0.2 deg
orient:     t=  5.4 s | axis_err=  0.9 deg | spin_err=  0.2 deg
orient:     t=  5.6 s | axis_err=  0.9 deg | spin_err=  0.2 deg
orient:     t=  5.8 s | axis_err=  0.9 deg | spin_err=  0.2 deg
orient:     t=  6.0 s | axis_err=  0.9 deg | spin_err=  0.2 deg
orient:     t=  6.2 s | axis_err=  0.9 deg | spin_err=  0.2 deg
orient:     t=  6.4 s | axis_err=  0.9 deg | spin_err=  0.2 deg
orient:     t=  6.6 s | axis_err=  0.9 deg | spin_err=  0.2 deg
orient:     t=  6.8 s | axis_err=  0.9 deg | spin_err=  0.2 deg
orient:     t=  7.0 s | axis_err=  0.9 deg | spin_err=  0.2 deg
orient:     t=  7.2 s | axis_err=  0.9 deg | spin_err=  0.2 deg
orient:     t=  7.4 s | axis_err=  0.9 deg | spin_err=  0.2 deg
orient:     t=  7.6 s | axis_err=  0.9 deg | spin_err=  0.2 deg
orient:     t=  7.8 s | axis_err=  0.9 deg | spin_err=  0.2 deg

Orientation settled short of the 0.9 deg gate after 8.0 s: axis_err=0.9 deg | spin_err=0.2 deg

-- phase: approach_descend ---------------------------------------------------
  Kp [t1,t2,n]     = [    150.0,     150.0,     150.0] N/m
  Dp [t1,t2,n]     = [    133.6,      94.2,     128.3] Ns/m     auto (factor 1.90)
  KR [t1,t2,n]     = [    180.0,     180.0,      90.0] Nm/rad
  DR [t1,t2,n]     = [     15.3,      25.0,       2.0] Nms/rad  auto (factor 1.90)
  descend to         20 mm clearance at 0.100 m/s
descend:    t=  0.0 s | distance=   0.1 mm | height=+136.4 mm (target 20.0) | force= -0.0 N
descend:    t=  0.2 s | distance=  20.2 mm | height=+125.7 mm (target 20.0) | force=  0.6 N
descend:    t=  0.4 s | distance=  40.3 mm | height=+108.7 mm (target 20.0) | force= -0.5 N
descend:    t=  0.6 s | distance=  60.4 mm | height= +90.9 mm (target 20.0) | force=  1.2 N
descend:    t=  0.8 s | distance=  80.5 mm | height= +72.6 mm (target 20.0) | force=  0.6 N
descend:    t=  1.0 s | distance= 100.6 mm | height= +53.9 mm (target 20.0) | force= -0.6 N
descend:    t=  1.2 s | distance= 120.7 mm | height= +35.1 mm (target 20.0) | force=  0.7 N

Clearance reached: distance=136.7 mm | height=20.0 mm | target=20.0 mm | force=-1.6 N
  offset_ee        = [    -20.0,      60.0,      20.0] mm
  p_EE_at_contact  = [    535.1,      -4.5,      43.0] mm
  contact_point    = [    517.5,     -65.6,       1.9] mm
  edge_offset      = [    -17.5,     -61.0,     -41.1] mm

-- phase: setup --------------------------------------------------------------

-- setup impedance -----------------------------------------------------------
  law                wrench = K_TCP*dx + D_TCP*dv
                     K_TCP  = Ad(r_c)^T * blkdiag(Kp,KR) * Ad(r_c)
  Kp [t1,t2,n]     = [   2000.0,    2000.0,     350.0] N/m
  Dp [t1,t2,n]     = [    227.8,     160.3,     115.5] Ns/m     auto
  KR [t1,t2,n]     = [      5.0,       5.0,      50.0] Nm/rad
  DR [t1,t2,n]     = [      1.6,       1.9,       1.0] Nms/rad  auto
  p_c [EE]         = [     -0.0,       0.0,       0.0] mm       resolved in the tool frame
  r_c [t1,t2,n]    = [      0.0,       0.0,       0.0] mm       commanded: p_TCP - p_c, in the plane
setup:     t=  0.0 s | ee=  0.0 deg | F=  0.2 N | M=  0.0 Nm (limit 150.0) | contact= 19.9 mm
setup:     t=  0.2 s | ee=  0.6 deg | F=  2.8 N | M=  0.6 Nm (limit 150.0) | contact=  6.8 mm
setup:     t=  0.4 s | ee=  1.1 deg | F= 15.8 N | M=  0.6 Nm (limit 150.0) | contact=  1.7 mm
setup:     t=  0.6 s | ee=  1.1 deg | F= 18.0 N | M=  0.7 Nm (limit 150.0) | contact=  2.0 mm
setup:     t=  0.8 s | ee=  1.2 deg | F= 23.3 N | M=  0.7 Nm (limit 150.0) | contact=  2.1 mm
setup:     t=  1.0 s | ee=  1.2 deg | F= 29.4 N | M=  0.7 Nm (limit 150.0) | contact=  2.3 mm
setup:     t=  1.2 s | ee=  1.2 deg | F= 35.0 N | M=  0.8 Nm (limit 150.0) | contact=  2.5 mm
setup:     t=  1.4 s | ee=  1.2 deg | F= 40.7 N | M=  1.0 Nm (limit 150.0) | contact=  2.7 mm
setup:     t=  1.6 s | ee=  1.2 deg | F= 46.0 N | M=  1.1 Nm (limit 150.0) | contact=  3.0 mm
setup:     t=  1.8 s | ee=  1.3 deg | F= 51.3 N | M=  1.2 Nm (limit 150.0) | contact=  3.2 mm
setup:     t=  2.0 s | ee=  1.3 deg | F= 56.8 N | M=  1.2 Nm (limit 150.0) | contact=  3.4 mm
setup:     t=  2.2 s | ee=  1.3 deg | F= 62.4 N | M=  1.3 Nm (limit 150.0) | contact=  3.6 mm
setup:     t=  2.4 s | ee=  1.3 deg | F= 68.3 N | M=  1.3 Nm (limit 150.0) | contact=  3.8 mm
setup:     t=  2.6 s | ee=  1.3 deg | F= 74.0 N | M=  1.3 Nm (limit 150.0) | contact=  3.9 mm
setup:     t=  2.8 s | ee=  1.3 deg | F= 79.4 N | M=  1.3 Nm (limit 150.0) | contact=  4.1 mm
setup:     t=  3.0 s | ee=  1.4 deg | F= 84.7 N | M=  1.3 Nm (limit 150.0) | contact=  4.3 mm
setup:     t=  3.2 s | ee=  1.4 deg | F= 90.1 N | M=  1.4 Nm (limit 150.0) | contact=  4.4 mm
setup:     t=  3.4 s | ee=  1.4 deg | F= 85.1 N | M=  1.4 Nm (limit 150.0) | contact=  4.3 mm
setup:     t=  3.6 s | ee=  1.4 deg | F= 84.9 N | M=  1.3 Nm (limit 150.0) | contact=  4.3 mm
setup:     t=  3.8 s | ee=  1.4 deg | F= 84.8 N | M=  1.3 Nm (limit 150.0) | contact=  4.3 mm
setup:     t=  4.0 s | ee=  1.4 deg | F= 84.7 N | M=  1.2 Nm (limit 150.0) | contact=  4.3 mm
setup:     t=  4.2 s | ee=  1.4 deg | F= 84.5 N | M=  1.2 Nm (limit 150.0) | contact=  4.3 mm
setup:     t=  4.4 s | ee=  1.4 deg | F= 84.5 N | M=  1.2 Nm (limit 150.0) | contact=  4.3 mm
setup:     t=  4.6 s | ee=  1.4 deg | F= 84.4 N | M=  1.2 Nm (limit 150.0) | contact=  4.3 mm
setup:     t=  4.8 s | ee=  1.4 deg | F= 84.3 N | M=  1.1 Nm (limit 150.0) | contact=  4.3 mm

==============================================================================
  SETUP RESULT
==============================================================================
  stop: time | t=5.0 s | ee=1.4 deg | F=84.3 N | M_TCP=1.1 Nm
  contact_from_start = [-2.8, -0.4, -3.3] mm | norm=4.3 mm
  tcp_from_contact  = [+15.0, +60.0, +17.7] mm | norm=64.3 mm
  deviation: before=9.57 deg | after=8.28 deg | gain=+1.29 deg
  t_align: not reached | tolerance=2.00 deg | hold=0.30 s
  deviation components [t1,t2,n] deg: before=[-0.87,+9.53,+0.00] | after=[-1.20,+8.20,-0.00]

-- setup surface-frame breakdown ---------------------------------------------
  frame              alignment-target [tangent1, tangent2, normal]
  force        [N]      = [    +5.67,     +1.82,    -84.10]
  tcp_disp     [mm]     = [    -2.17,     -0.41,    -23.38]
  contact_disp [mm]     = [    -2.71,     -0.27,     -3.39]
  Kp_eff=F/tcp [N/m]    = [  -2611.0,   -4428.4,    3596.9]
  M_contact    [Nm]     = [    -6.04,     +2.12,     -0.49]
  ee_angle     [deg]    = [    -0.34,     -1.34,     +0.00]
  KR_eff=M/ang [Nm/rad] = [   1025.6,     -90.7,       n/a]
  frame              tool face [length, width, tool axis]
  M_contact    [Nm]     = [    -2.13,     +6.05,     -0.33]

-- center of compliance ------------------------------------------------------
  definition         r_c = p_TCP - p_c
  p_TCP [x,y,z]    = [    532.5,      -5.6,      19.7] mm
  p_c [EE]         = [     -0.0,      -0.0,      -0.0] mm
  r_c [t1,t2,n]    = [      0.0,       0.0,       0.0] mm
                     p_c resolved at end of setup

-- effective TCP impedance ---------------------------------------------------
  K_TCP translation = [   1999.5,    1998.7,     351.8] N/m
  K_TCP rotation   = [      5.0,       5.0,      50.0] Nm/rad
  commanded KR was = [      5.0,       5.0,      50.0] Nm/rad   including lever contribution
  D_TCP translation = [    227.8,     160.3,     115.6] Ns/m
  D_TCP rotation   = [      1.6,       1.9,       1.0] Nms/rad
  coupling           max |moment per unit translation| = 0.0 Nm/m (K), 0.0 Nms/m (D)
  eigenvalues        K_TCP 5.00 .. 2000 | D_TCP 1.01 .. 228  (both positive: valid springs)

  K_TCP [N/m, Nm/rad | rows fx..mz, cols tx..rz]:
           tx        ty        tz    |    rx        ry        rz
  fx [    2000  -0.7871   -28.44 |        0        0        0 ]
  fy [ -0.7871     1999   -45.62 |        0        0        0 ]
  fz [  -28.44   -45.62    351.8 |        0        0        0 ]
     ---------------------------+---------------------------
  mx [       0        0        0 |    5.013  0.02147   0.7756 ]
  my [       0        0        0 |  0.02147    5.034    1.244 ]
  mz [       0        0        0 |   0.7756    1.244    49.95 ]

  D_TCP [Ns/m, Nms/rad]:
           tx        ty        tz    |    rx        ry        rz
  fx [   227.8 -0.05356   -1.935 |        0        0        0 ]
  fy [-0.05356    160.3   -1.239 |        0        0        0 ]
  fz [  -1.935   -1.239    115.6 |        0        0        0 ]
     ---------------------------+---------------------------
  mx [       0        0        0 |    1.625 -0.0002931 -0.01059 ]
  my [       0        0        0 | -0.0002931    1.937 -0.02565 ]
  mz [       0        0        0 | -0.01059 -0.02565    1.011 ]

[GATE] Set up finished (still pressing). Press Enter to start the grind (e+Enter stops).

Stop requested with e + Enter. Finishing control loop...

-- joint motion [deg] --------------------------------------------------------
  joint       start    final    delta
  q1            0.8      0.7     -0.2
  q2           12.1     30.6    +18.5
  q3           -0.5     -1.1     -0.6
  q4         -130.9   -132.2     -1.3
  q5           -0.2     -0.8     -0.6
  q6          142.9    168.5    +25.7
  q7           44.7     45.3     +0.5

==============================================================================
  FINAL RESULT
==============================================================================
  p_d              = [    530.6,     -11.7,    -216.8] mm
  p_EE             = [    532.5,      -5.6,      19.7] mm
  e_p              = [     -1.9,      -6.1,    -236.5] mm
  e_R              = [    -0.34,     -1.34,      0.05] deg
------------------------------------------------------------------------------
  position error     236.58 mm
  rotation error     1.38 deg
  csv                logs/surface_grinding_controller_log.csv
------------------------------------------------------------------------------
