
==============================================================================
  SURFACE GRINDING CONTROLLER
==============================================================================
  robot              172.16.0.2
  parameters         /home/hm-panda/Desktop/Thesis_Final_Control/surface_grinding_controller/params
------------------------------------------------------------------------------

==============================================================================
  SURFACE GRINDING CONTROLLER - STARTUP MENU
==============================================================================

-- RUN MODES -----------------------------------------------------------------
  s      Run orientation, approach, setup, and grinding
  h      Cartesian pose hold at the initial posture
  t      Cartesian pose hold with the setup impedance
  g      Start manual guidance from the current robot pose

-- ROBOT PREPARATION ---------------------------------------------------------
  i      Move to the configured initial joint posture

-- GRIPPER AND TOOL ----------------------------------------------------------
  o      Open the gripper
  c      Grasp the tool
  r      Recalibrate the gripper with empty fingers
  f      Pick up the tool from the holder
  b      Return the tool to the holder

-- PROGRAM -------------------------------------------------------------------
  e      Exit
------------------------------------------------------------------------------
  During control: e = stop | m = startup menu | g = guidance
------------------------------------------------------------------------------
Selection [s/h/t/g/i/o/c/r/f/b/e]: 
-- SELECTED MODE: PHASE SEQUENCE ---------------------------------------------

-- moving to q_init ----------------------------------------------------------
  case               saved_qinit
  q1..q7 [deg]     = [0.8, 12.1, -0.5, -130.9, -0.2, 142.9, 44.7] deg
  saved_qinit = [0.014777, 0.210911, -0.009320, -2.284835, -0.002725, 2.493410, 0.780694] rad
  q_init reached.

-- start pose ----------------------------------------------------------------
  q_start          = [0.9, 12.1, -0.5, -130.9, -0.1, 142.9, 44.7] deg
  p_start          = [    531.3,       2.5,     156.8] mm

==============================================================================
  RUN
==============================================================================

-- phase: approach_orient ----------------------------------------------------
  Kp [t1,t2,n]     = [    150.0,     150.0,     150.0] N/m
  Dp [t1,t2,n]     = [    133.7,      94.2,     128.3] Ns/m     auto (factor 1.90)
  KR [t1,t2,n]     = [    180.0,     180.0,      90.0] Nm/rad
  DR [t1,t2,n]     = [     15.3,      25.0,       2.0] Nms/rad  auto (factor 1.90)
orient:     t=  0.0 s | axis_err=  8.5 deg | spin_err=  0.5 deg
orient:     t=  0.2 s | axis_err=  7.3 deg | spin_err=  0.3 deg
orient:     t=  0.4 s | axis_err=  3.3 deg | spin_err=  0.2 deg
orient:     t=  0.6 s | axis_err=  1.0 deg | spin_err=  0.3 deg
orient:     t=  0.8 s | axis_err=  0.9 deg | spin_err=  0.3 deg

Orientation reached: axis_err=0.8 deg | spin_err=0.3 deg

-- phase: approach_descend ---------------------------------------------------
  Kp [t1,t2,n]     = [    150.0,     150.0,     150.0] N/m
  Dp [t1,t2,n]     = [    133.7,      94.2,     128.3] Ns/m     auto (factor 1.90)
  KR [t1,t2,n]     = [    180.0,     180.0,      90.0] Nm/rad
  DR [t1,t2,n]     = [     15.3,      25.0,       2.0] Nms/rad  auto (factor 1.90)
  descend to         20 mm clearance at 0.100 m/s
descend:    t=  0.0 s | distance=   0.1 mm | height=+122.2 mm (target 20.0) | force=  0.0 N
descend:    t=  0.2 s | distance=  20.2 mm | height=+111.8 mm (target 20.0) | force=  1.8 N
descend:    t=  0.4 s | distance=  40.3 mm | height= +96.9 mm (target 20.0) | force=  2.7 N
descend:    t=  0.6 s | distance=  60.4 mm | height= +80.7 mm (target 20.0) | force=  2.3 N
descend:    t=  0.8 s | distance=  80.5 mm | height= +63.7 mm (target 20.0) | force=  1.7 N
descend:    t=  1.0 s | distance= 100.6 mm | height= +47.3 mm (target 20.0) | force=  3.3 N
descend:    t=  1.2 s | distance= 120.7 mm | height= +31.0 mm (target 20.0) | force=  2.8 N

Clearance reached: distance=134.1 mm | height=19.9 mm | target=20.0 mm | force=2.6 N
  offset_ee        = [     20.0,      60.0,      20.0] mm
  p_EE_at_contact  = [    516.7,       1.5,      49.8] mm
  contact_point    = [    535.1,     -55.9,       1.3] mm
  edge_offset      = [     18.4,     -57.4,     -48.4] mm

-- phase: setup --------------------------------------------------------------

-- setup impedance -----------------------------------------------------------
  law                wrench = K_TCP*dx + D_TCP*dv
                     K_TCP  = Ad(r_c)^T * blkdiag(Kp,KR) * Ad(r_c)
  Kp [t1,t2,n]     = [   2000.0,    2000.0,     350.0] N/m
  Dp [t1,t2,n]     = [    231.2,     178.0,     112.1] Ns/m     auto
  KR [t1,t2,n]     = [      5.0,       5.0,      50.0] Nm/rad
  DR [t1,t2,n]     = [      1.5,       1.9,       1.2] Nms/rad  auto
  p_c [EE]         = [      0.0,       0.0,      20.0] mm       commanded in the tool frame
  r_c [t1,t2,n]    = [      0.7,      -3.1,      19.7] mm       p_TCP - p_c, in the plane
setup:     t=  0.0 s | ee=  0.0 deg | F=  0.1 N | M=  0.0 Nm (limit 150.0) | contact= 19.8 mm
setup:     t=  0.2 s | ee=  0.8 deg | F=  1.3 N | M=  0.7 Nm (limit 150.0) | contact=  7.9 mm
setup:     t=  0.4 s | ee=  1.5 deg | F= 14.1 N | M=  0.2 Nm (limit 150.0) | contact=  2.9 mm
setup:     t=  0.6 s | ee=  1.6 deg | F= 16.4 N | M=  1.0 Nm (limit 150.0) | contact=  2.9 mm
setup:     t=  0.8 s | ee=  1.6 deg | F= 21.1 N | M=  1.0 Nm (limit 150.0) | contact=  3.1 mm
setup:     t=  1.0 s | ee=  1.6 deg | F= 26.8 N | M=  1.0 Nm (limit 150.0) | contact=  3.2 mm
setup:     t=  1.2 s | ee=  1.6 deg | F= 32.3 N | M=  1.0 Nm (limit 150.0) | contact=  3.3 mm
setup:     t=  1.4 s | ee=  1.6 deg | F= 37.9 N | M=  1.0 Nm (limit 150.0) | contact=  3.5 mm
setup:     t=  1.6 s | ee=  1.6 deg | F= 43.5 N | M=  1.1 Nm (limit 150.0) | contact=  3.6 mm
setup:     t=  1.8 s | ee=  1.7 deg | F= 49.0 N | M=  1.1 Nm (limit 150.0) | contact=  3.8 mm
setup:     t=  2.0 s | ee=  1.7 deg | F= 54.5 N | M=  1.0 Nm (limit 150.0) | contact=  4.0 mm
setup:     t=  2.2 s | ee=  1.9 deg | F= 59.8 N | M=  1.2 Nm (limit 150.0) | contact=  4.1 mm
setup:     t=  2.4 s | ee=  2.2 deg | F= 64.8 N | M=  1.0 Nm (limit 150.0) | contact=  4.3 mm
setup:     t=  2.6 s | ee=  2.5 deg | F= 71.6 N | M=  1.5 Nm (limit 150.0) | contact=  4.3 mm
setup:     t=  2.8 s | ee=  3.7 deg | F= 74.9 N | M=  1.2 Nm (limit 150.0) | contact=  4.4 mm
setup:     t=  3.0 s | ee=  5.8 deg | F= 78.6 N | M=  1.7 Nm (limit 150.0) | contact=  4.7 mm
setup:     t=  3.2 s | ee=  8.0 deg | F= 84.9 N | M=  1.2 Nm (limit 150.0) | contact=  4.9 mm
setup:     t=  3.4 s | ee=  7.9 deg | F= 79.8 N | M=  1.6 Nm (limit 150.0) | contact=  4.8 mm
setup:     t=  3.6 s | ee=  7.9 deg | F= 79.4 N | M=  1.4 Nm (limit 150.0) | contact=  4.9 mm
setup:     t=  3.8 s | ee=  7.9 deg | F= 79.3 N | M=  1.4 Nm (limit 150.0) | contact=  4.9 mm
setup:     t=  4.0 s | ee=  7.9 deg | F= 79.3 N | M=  1.4 Nm (limit 150.0) | contact=  4.9 mm
setup:     t=  4.2 s | ee=  7.9 deg | F= 79.3 N | M=  1.4 Nm (limit 150.0) | contact=  4.9 mm
setup:     t=  4.4 s | ee=  7.9 deg | F= 79.3 N | M=  1.4 Nm (limit 150.0) | contact=  4.9 mm
setup:     t=  4.6 s | ee=  7.9 deg | F= 79.3 N | M=  1.4 Nm (limit 150.0) | contact=  4.9 mm
setup:     t=  4.8 s | ee=  7.9 deg | F= 79.3 N | M=  1.4 Nm (limit 150.0) | contact=  4.9 mm

==============================================================================
  SETUP RESULT
==============================================================================
  stop: time | t=5.0 s | ee=7.9 deg | F=79.2 N | M_TCP=1.4 Nm
  contact_from_start = [-2.3, +1.8, -3.9] mm | norm=4.9 mm
  tcp_from_contact  = [-19.9, +62.1, +17.6] mm | norm=67.5 mm
  deviation: before=9.30 deg | after=3.27 deg | gain=+6.04 deg
  t_align: not reached | tolerance=2.00 deg | hold=0.30 s
  deviation components [t1,t2,n] deg: before=[-9.29,-0.54,+0.00] | after=[-1.72,-2.78,+0.00]

-- setup surface-frame breakdown ---------------------------------------------
  frame              alignment-target [tangent1, tangent2, normal]
  force        [N]      = [    +4.19,     -5.10,    -78.93]
  tcp_disp     [mm]     = [    -0.95,     +5.51,    -30.73]
  contact_disp [mm]     = [    -2.24,     +1.95,     -3.88]
  Kp_eff=F/tcp [N/m]    = [  -4420.7,    -925.3,    2568.7]
  M_contact    [Nm]     = [    -5.34,     -0.19,     +0.03]
  ee_angle     [deg]    = [    +7.58,     -2.27,     +0.24]
  KR_eff=M/ang [Nm/rad] = [    -40.4,       4.8,       7.9]
  frame              tool face [length, width, tool axis]
  M_contact    [Nm]     = [    +0.23,     +5.33,     +0.22]

-- center of compliance ------------------------------------------------------
  definition         r_c = p_TCP - p_c
  p_TCP [x,y,z]    = [    515.2,       6.2,      18.9] mm
  p_c [EE]         = [     -0.0,       0.0,      20.0] mm
  r_c [t1,t2,n]    = [      1.5,      -0.5,      19.9] mm
                     p_c resolved at end of setup

-- effective TCP impedance ---------------------------------------------------
  K_TCP translation = [   1999.5,    1998.7,     351.8] N/m
  K_TCP rotation   = [      5.8,       5.8,      50.0] Nm/rad
  commanded KR was = [      5.0,       5.0,      50.0] Nm/rad   including lever contribution
  D_TCP translation = [    231.2,     178.0,     112.2] Ns/m
  D_TCP rotation   = [      1.6,       2.0,       1.2] Nms/rad
  coupling           max |moment per unit translation| = 39.9 Nm/m (K), 4.6 Nms/m (D)
  eigenvalues        K_TCP 5.00 .. 2001 | D_TCP 1.20 .. 231  (both positive: valid springs)

  K_TCP [N/m, Nm/rad | rows fx..mz, cols tx..rz]:
           tx        ty        tz    |    rx        ry        rz
  fx [    2000  -0.7871   -28.44 | -0.01337   -39.87   0.1636 ]
  fy [ -0.7871     1999   -45.62 |    39.81 -0.06826   -3.678 ]
  fz [  -28.44   -45.62    351.8 |  -0.9371    1.214  0.08163 ]
     ---------------------------+---------------------------
  mx [-0.01337    39.81  -0.9371 |    5.806  0.02001   0.7024 ]
  my [  -39.87 -0.06826    1.214 |  0.02001    5.831    1.241 ]
  mz [  0.1636   -3.678  0.08163 |   0.7024    1.241    49.96 ]

  D_TCP [Ns/m, Nms/rad]:
           tx        ty        tz    |    rx        ry        rz
  fx [   231.2 -0.05684   -2.054 | -0.0009654   -4.608  0.01885 ]
  fy [-0.05684      178   -1.823 |    3.545 -0.002222  -0.3275 ]
  fz [  -2.054   -1.823    112.2 |  -0.0454   0.2473 0.003187 ]
     ---------------------------+---------------------------
  mx [-0.0009654    3.545  -0.0454 |    1.559 -0.0002007 -0.01145 ]
  my [  -4.608 -0.002222   0.2473 | -0.0002007    1.991 -0.01962 ]
  mz [ 0.01885  -0.3275 0.003187 | -0.01145 -0.01962    1.204 ]

[GATE] Set up finished (still pressing). Press Enter to start the grind (e+Enter stops).

Stop requested with e + Enter. Finishing control loop...

-- joint motion [deg] --------------------------------------------------------
  joint       start    final    delta
  q1            0.9      5.5     +4.7
  q2           12.1     30.4    +18.2
  q3           -0.5     -4.3     -3.7
  q4         -130.9   -128.4     +2.5
  q5           -0.1      4.7     +4.8
  q6          142.9    153.3    +10.4
  q7           44.7     43.0     -1.7

==============================================================================
  FINAL RESULT
==============================================================================
  p_d              = [    512.2,      -5.6,    -210.0] mm
  p_EE             = [    515.2,       6.2,      18.9] mm
  e_p              = [     -3.0,     -11.9,    -228.9] mm
  e_R              = [     7.58,     -2.27,      0.17] deg
------------------------------------------------------------------------------
  position error     229.27 mm
  rotation error     7.92 deg
  csv                logs/surface_grinding_controller_log.csv
------------------------------------------------------------------------------
