
==============================================================================
  SURFACE GRINDING CONTROLLER
==============================================================================
  robot              172.16.0.2
  parameters         /home/hm-panda/Desktop/Thesis_Final_Control/surface_grinding_controller/params
------------------------------------------------------------------------------

==============================================================================
  SURFACE GRINDING CONTROLLER - STARTUP MENU
==============================================================================

-- RUN MODES -----------------------------------------------------------------
  s      Run orientation, approach, setup, and grinding
  h      Cartesian pose hold at the initial posture
  t      Cartesian pose hold with the setup impedance
  g      Start manual guidance from the current robot pose

-- ROBOT PREPARATION ---------------------------------------------------------
  i      Move to the configured initial joint posture

-- GRIPPER AND TOOL ----------------------------------------------------------
  o      Open the gripper
  c      Grasp the tool
  r      Recalibrate the gripper with empty fingers
  f      Pick up the tool from the holder
  b      Return the tool to the holder

-- PROGRAM -------------------------------------------------------------------
  e      Exit
------------------------------------------------------------------------------
  During control: e = stop | m = startup menu | g = guidance
------------------------------------------------------------------------------
Selection [s/h/t/g/i/o/c/r/f/b/e]: 
-- SELECTED MODE: PHASE SEQUENCE ---------------------------------------------

-- moving to q_init ----------------------------------------------------------
  case               saved_qinit
  q1..q7 [deg]     = [0.8, 12.1, -0.5, -130.9, -0.2, 142.9, 44.7] deg
  saved_qinit = [0.014777, 0.210911, -0.009320, -2.284835, -0.002725, 2.493410, 0.780694] rad
  q_init reached.

-- start pose ----------------------------------------------------------------
  q_start          = [0.9, 12.1, -0.5, -130.9, -0.1, 142.9, 44.7] deg
  p_start          = [    531.3,       2.6,     156.8] mm

==============================================================================
  RUN
==============================================================================

-- phase: approach_orient ----------------------------------------------------
  Kp [t1,t2,n]     = [    150.0,     150.0,     150.0] N/m
  Dp [t1,t2,n]     = [    133.7,      94.2,     128.3] Ns/m     auto (factor 1.90)
  KR [t1,t2,n]     = [    180.0,     180.0,      90.0] Nm/rad
  DR [t1,t2,n]     = [     15.3,      25.0,       2.0] Nms/rad  auto (factor 1.90)
orient:     t=  0.0 s | axis_err= 10.8 deg | spin_err=  0.0 deg
orient:     t=  0.2 s | axis_err=  9.5 deg | spin_err=  0.4 deg
orient:     t=  0.4 s | axis_err=  6.1 deg | spin_err=  0.2 deg
orient:     t=  0.6 s | axis_err=  2.5 deg | spin_err=  0.1 deg
orient:     t=  0.8 s | axis_err=  1.3 deg | spin_err=  0.1 deg
orient:     t=  1.0 s | axis_err=  1.0 deg | spin_err=  0.1 deg
orient:     t=  1.2 s | axis_err=  1.0 deg | spin_err=  0.1 deg
orient:     t=  1.4 s | axis_err=  1.0 deg | spin_err=  0.1 deg
orient:     t=  1.6 s | axis_err=  1.0 deg | spin_err=  0.1 deg
orient:     t=  1.8 s | axis_err=  0.9 deg | spin_err=  0.1 deg
orient:     t=  2.0 s | axis_err=  0.9 deg | spin_err=  0.1 deg
orient:     t=  2.2 s | axis_err=  0.9 deg | spin_err=  0.1 deg
orient:     t=  2.4 s | axis_err=  0.9 deg | spin_err=  0.1 deg
orient:     t=  2.6 s | axis_err=  0.9 deg | spin_err=  0.1 deg
orient:     t=  2.8 s | axis_err=  0.9 deg | spin_err=  0.1 deg
orient:     t=  3.0 s | axis_err=  0.9 deg | spin_err=  0.1 deg
orient:     t=  3.2 s | axis_err=  0.9 deg | spin_err=  0.1 deg
orient:     t=  3.4 s | axis_err=  0.9 deg | spin_err=  0.1 deg
orient:     t=  3.6 s | axis_err=  0.9 deg | spin_err=  0.1 deg
orient:     t=  3.8 s | axis_err=  0.9 deg | spin_err=  0.1 deg
orient:     t=  4.0 s | axis_err=  0.9 deg | spin_err=  0.1 deg
orient:     t=  4.2 s | axis_err=  0.9 deg | spin_err=  0.1 deg
orient:     t=  4.4 s | axis_err=  0.9 deg | spin_err=  0.1 deg
orient:     t=  4.6 s | axis_err=  0.9 deg | spin_err=  0.1 deg
orient:     t=  4.8 s | axis_err=  0.9 deg | spin_err=  0.1 deg
orient:     t=  5.0 s | axis_err=  0.9 deg | spin_err=  0.1 deg
orient:     t=  5.2 s | axis_err=  0.9 deg | spin_err=  0.1 deg
orient:     t=  5.4 s | axis_err=  0.9 deg | spin_err=  0.1 deg
orient:     t=  5.6 s | axis_err=  0.9 deg | spin_err=  0.1 deg
orient:     t=  5.8 s | axis_err=  0.9 deg | spin_err=  0.1 deg
orient:     t=  6.0 s | axis_err=  0.9 deg | spin_err=  0.1 deg
orient:     t=  6.2 s | axis_err=  0.9 deg | spin_err=  0.1 deg
orient:     t=  6.4 s | axis_err=  0.9 deg | spin_err=  0.1 deg
orient:     t=  6.6 s | axis_err=  0.9 deg | spin_err=  0.1 deg
orient:     t=  6.8 s | axis_err=  0.9 deg | spin_err=  0.1 deg
orient:     t=  7.0 s | axis_err=  0.9 deg | spin_err=  0.1 deg
orient:     t=  7.2 s | axis_err=  0.9 deg | spin_err=  0.1 deg
orient:     t=  7.4 s | axis_err=  0.9 deg | spin_err=  0.1 deg
orient:     t=  7.6 s | axis_err=  0.9 deg | spin_err=  0.1 deg
orient:     t=  7.8 s | axis_err=  0.9 deg | spin_err=  0.1 deg

Orientation settled short of the 0.9 deg gate after 8.0 s: axis_err=0.9 deg | spin_err=0.1 deg

-- phase: approach_descend ---------------------------------------------------
  Kp [t1,t2,n]     = [    150.0,     150.0,     150.0] N/m
  Dp [t1,t2,n]     = [    133.7,      94.2,     128.3] Ns/m     auto (factor 1.90)
  KR [t1,t2,n]     = [    180.0,     180.0,      90.0] Nm/rad
  DR [t1,t2,n]     = [     15.3,      25.0,       2.0] Nms/rad  auto (factor 1.90)
  descend to         20 mm clearance at 0.100 m/s
descend:    t=  0.0 s | distance=   0.1 mm | height=+120.4 mm (target 20.0) | force=  0.0 N
descend:    t=  0.2 s | distance=  20.2 mm | height=+109.7 mm (target 20.0) | force=  2.4 N
descend:    t=  0.4 s | distance=  40.3 mm | height= +93.3 mm (target 20.0) | force=  1.1 N
descend:    t=  0.6 s | distance=  60.4 mm | height= +76.3 mm (target 20.0) | force=  2.4 N
descend:    t=  0.8 s | distance=  80.5 mm | height= +58.8 mm (target 20.0) | force=  1.2 N
descend:    t=  1.0 s | distance= 100.6 mm | height= +41.2 mm (target 20.0) | force=  2.7 N
descend:    t=  1.2 s | distance= 120.7 mm | height= +23.6 mm (target 20.0) | force=  1.5 N

Clearance reached: distance=124.9 mm | height=20.0 mm | target=20.0 mm | force=3.5 N
  offset_ee        = [     20.0,      60.0,      20.0] mm
  p_EE_at_contact  = [    507.0,       3.7,      49.2] mm
  contact_point    = [    523.2,     -54.8,       1.5] mm
  edge_offset      = [     16.1,     -58.5,     -47.7] mm

-- phase: setup --------------------------------------------------------------

-- setup impedance -----------------------------------------------------------
  law                wrench = K_TCP*dx + D_TCP*dv
                     K_TCP  = Ad(r_c)^T * blkdiag(Kp,KR) * Ad(r_c)
  Kp [t1,t2,n]     = [   2000.0,    2000.0,     350.0] N/m
  Dp [t1,t2,n]     = [    235.7,     177.6,     110.3] Ns/m     auto
  KR [t1,t2,n]     = [      5.0,       5.0,      50.0] Nm/rad
  DR [t1,t2,n]     = [      1.4,       2.1,       1.2] Nms/rad  auto
  p_c [EE]         = [    -28.3,     -28.3,       0.0] mm       commanded in the tool frame
  r_c [t1,t2,n]    = [     28.1,     -27.5,      -7.3] mm       p_TCP - p_c, in the plane
setup:     t=  0.0 s | ee=  0.0 deg | F=  0.1 N | M=  0.0 Nm (limit 150.0) | contact= 19.9 mm
setup:     t=  0.2 s | ee=  0.8 deg | F=  0.3 N | M=  0.6 Nm (limit 150.0) | contact=  7.4 mm
setup:     t=  0.4 s | ee=  1.6 deg | F=  9.8 N | M=  0.2 Nm (limit 150.0) | contact=  5.1 mm
setup:     t=  0.6 s | ee=  1.6 deg | F= 13.4 N | M=  0.6 Nm (limit 150.0) | contact=  4.8 mm
setup:     t=  0.8 s | ee=  1.7 deg | F= 18.4 N | M=  0.4 Nm (limit 150.0) | contact=  5.0 mm
setup:     t=  1.0 s | ee=  1.7 deg | F= 24.4 N | M=  0.3 Nm (limit 150.0) | contact=  5.2 mm
setup:     t=  1.2 s | ee=  1.7 deg | F= 30.1 N | M=  0.4 Nm (limit 150.0) | contact=  5.4 mm
setup:     t=  1.4 s | ee=  1.9 deg | F= 33.9 N | M=  0.5 Nm (limit 150.0) | contact=  5.7 mm
setup:     t=  1.6 s | ee=  3.4 deg | F= 38.8 N | M=  0.7 Nm (limit 150.0) | contact=  5.7 mm
setup:     t=  1.8 s | ee=  5.1 deg | F= 44.8 N | M=  3.0 Nm (limit 150.0) | contact=  5.5 mm
setup:     t=  2.0 s | ee=  5.0 deg | F= 51.9 N | M=  3.0 Nm (limit 150.0) | contact=  5.7 mm
setup:     t=  2.2 s | ee=  5.0 deg | F= 56.2 N | M=  3.1 Nm (limit 150.0) | contact=  5.8 mm
setup:     t=  2.4 s | ee=  5.0 deg | F= 61.3 N | M=  3.2 Nm (limit 150.0) | contact=  5.9 mm
setup:     t=  2.6 s | ee=  5.0 deg | F= 66.7 N | M=  3.3 Nm (limit 150.0) | contact=  6.1 mm
setup:     t=  2.8 s | ee=  4.9 deg | F= 72.5 N | M=  3.3 Nm (limit 150.0) | contact=  6.2 mm
setup:     t=  3.0 s | ee=  4.9 deg | F= 77.7 N | M=  3.4 Nm (limit 150.0) | contact=  6.3 mm
setup:     t=  3.2 s | ee=  4.9 deg | F= 83.7 N | M=  3.5 Nm (limit 150.0) | contact=  6.4 mm
setup:     t=  3.4 s | ee=  4.9 deg | F= 78.4 N | M=  3.3 Nm (limit 150.0) | contact=  6.3 mm
setup:     t=  3.6 s | ee=  4.9 deg | F= 78.5 N | M=  3.3 Nm (limit 150.0) | contact=  6.3 mm
setup:     t=  3.8 s | ee=  4.9 deg | F= 78.2 N | M=  3.3 Nm (limit 150.0) | contact=  6.3 mm
setup:     t=  4.0 s | ee=  4.9 deg | F= 78.2 N | M=  3.3 Nm (limit 150.0) | contact=  6.3 mm
setup:     t=  4.2 s | ee=  4.9 deg | F= 78.1 N | M=  3.3 Nm (limit 150.0) | contact=  6.3 mm
setup:     t=  4.4 s | ee=  4.9 deg | F= 78.1 N | M=  3.3 Nm (limit 150.0) | contact=  6.3 mm
setup:     t=  4.6 s | ee=  4.9 deg | F= 78.1 N | M=  3.3 Nm (limit 150.0) | contact=  6.3 mm
setup:     t=  4.8 s | ee=  4.9 deg | F= 78.1 N | M=  3.3 Nm (limit 150.0) | contact=  6.3 mm

==============================================================================
  SETUP RESULT
==============================================================================
  stop: time | t=5.0 s | ee=4.9 deg | F=78.0 N | M_TCP=3.3 Nm
  contact_from_start = [-2.8, +0.4, -5.6] mm | norm=6.3 mm
  tcp_from_contact  = [-18.9, +60.5, +17.4] mm | norm=65.7 mm
  deviation: before=9.70 deg | after=8.16 deg | gain=+1.54 deg
  t_align: not reached | tolerance=2.00 deg | hold=0.30 s
  t_align_fraction: not reached | fraction=0.50 of the deviation at contact
  deviation_min: 8.16 deg at t=4.95 s
  align_status: not_aligned
  deviation components [t1,t2,n] deg: before=[-6.41,-7.28,+0.00] | after=[-1.60,-8.00,-0.00]

-- setup surface-frame breakdown ---------------------------------------------
  frame              alignment-target [tangent1, tangent2, normal]
  force        [N]      = [    +5.30,     -5.70,    -77.64]
  tcp_disp     [mm]     = [    -2.28,     +2.85,    -30.32]
  contact_disp [mm]     = [    -2.73,     +0.56,     -5.61]
  Kp_eff=F/tcp [N/m]    = [  -2320.6,   -2000.4,    2560.7]
  M_contact    [Nm]     = [    -7.69,     -1.95,     -0.02]
  ee_angle     [deg]    = [    +4.85,     -0.74,     +0.10]
  KR_eff=M/ang [Nm/rad] = [    -90.7,     149.9,     -13.7]
  frame              tool face [length, width, tool axis]
  M_contact    [Nm]     = [    +1.94,     +7.62,     +1.04]

-- center of compliance ------------------------------------------------------
  definition         r_c = p_TCP - p_c
  p_TCP [x,y,z]    = [    504.2,       5.8,      18.9] mm
  p_c [EE]         = [    -28.3,     -28.3,       0.0] mm
  r_c [t1,t2,n]    = [     28.0,     -28.1,      -5.3] mm
                     p_c resolved at end of setup

-- effective TCP impedance ---------------------------------------------------
  K_TCP translation = [   1999.5,    1998.7,     351.8] N/m
  K_TCP rotation   = [      5.4,       5.3,      53.1] Nm/rad
  commanded KR was = [      5.0,       5.0,      50.0] Nm/rad   including lever contribution
  D_TCP translation = [    235.6,     177.5,     110.4] Ns/m
  D_TCP rotation   = [      1.5,       2.2,       1.5] Nms/rad
  coupling           max |moment per unit translation| = 56.5 Nm/m (K), 6.7 Nms/m (D)
  eigenvalues        K_TCP 4.99 .. 2003 | D_TCP 1.17 .. 236  (both positive: valid springs)

  K_TCP [N/m, Nm/rad | rows fx..mz, cols tx..rz]:
           tx        ty        tz    |    rx        ry        rz
  fx [    2000  -0.7871   -28.44 |     -0.8    9.173    -56.5 ]
  fy [ -0.7871     1999   -45.62 |   -11.25   -1.275   -55.65 ]
  fz [  -28.44   -45.62    351.8 |    10.17    9.657    2.075 ]
     ---------------------------+---------------------------
  mx [    -0.8   -11.25    10.17 |    5.357   0.3008    1.112 ]
  my [   9.173   -1.275    9.657 |   0.3008    5.349     1.02 ]
  mz [   -56.5   -55.65    2.075 |    1.112     1.02     53.1 ]

  D_TCP [Ns/m, Nms/rad]:
           tx        ty        tz    |    rx        ry        rz
  fx [   235.6 -0.05981   -2.161 | -0.06079    1.114    -6.66 ]
  fy [-0.05981    177.5    -1.86 |  -0.9375 -0.05212   -4.944 ]
  fz [  -2.161    -1.86    110.4 |     3.13    3.064   0.1129 ]
     ---------------------------+---------------------------
  mx [-0.06079  -0.9375     3.13 |    1.468  0.08679  0.02437 ]
  my [   1.114 -0.05212    3.064 |  0.08679    2.208 -0.05612 ]
  mz [   -6.66   -4.944   0.1129 |  0.02437 -0.05612    1.501 ]

[GATE] Set up finished (still pressing). Press Enter to start the grind (e+Enter stops).

Stop requested with e + Enter. Finishing control loop...

-- joint motion [deg] --------------------------------------------------------
  joint       start    final    delta
  q1            0.9      1.8     +0.9
  q2           12.1     30.4    +18.3
  q3           -0.5     -1.0     -0.5
  q4         -130.9   -126.8     +4.1
  q5           -0.1      0.6     +0.7
  q6          142.9    146.7     +3.8
  q7           44.7     45.3     +0.6

==============================================================================
  FINAL RESULT
==============================================================================
  p_d              = [    502.6,      -3.5,    -210.6] mm
  p_EE             = [    504.2,       5.8,      18.9] mm
  e_p              = [     -1.7,      -9.2,    -229.5] mm
  e_R              = [     4.86,     -0.74,      0.03] deg
------------------------------------------------------------------------------
  position error     229.69 mm
  rotation error     4.91 deg
  csv                logs/surface_grinding_controller_log.csv
------------------------------------------------------------------------------
