
==============================================================================
  SURFACE GRINDING CONTROLLER
==============================================================================
  robot              172.16.0.2
  parameters         /home/hm-panda/Desktop/Thesis_Final_Control/surface_grinding_controller/params
------------------------------------------------------------------------------

==============================================================================
  SURFACE GRINDING CONTROLLER - STARTUP MENU
==============================================================================

-- RUN MODES -----------------------------------------------------------------
  s      Run orientation, approach, setup, and grinding
  h      Cartesian pose hold at the initial posture
  t      Cartesian pose hold with the setup impedance
  g      Start manual guidance from the current robot pose

-- ROBOT PREPARATION ---------------------------------------------------------
  i      Move to the configured initial joint posture

-- GRIPPER AND TOOL ----------------------------------------------------------
  o      Open the gripper
  c      Grasp the tool
  r      Recalibrate the gripper with empty fingers
  f      Pick up the tool from the holder
  b      Return the tool to the holder

-- PROGRAM -------------------------------------------------------------------
  e      Exit
------------------------------------------------------------------------------
  During control: e = stop | m = startup menu | g = guidance
------------------------------------------------------------------------------
Selection [s/h/t/g/i/o/c/r/f/b/e]: 
-- SELECTED MODE: PHASE SEQUENCE ---------------------------------------------

-- moving to q_init ----------------------------------------------------------
  case               saved_qinit
  q1..q7 [deg]     = [0.8, 12.1, -0.5, -130.9, -0.2, 142.9, 44.7] deg
  saved_qinit = [0.014777, 0.210911, -0.009320, -2.284835, -0.002725, 2.493410, 0.780694] rad
  q_init reached.

-- start pose ----------------------------------------------------------------
  q_start          = [0.8, 12.1, -0.5, -130.9, -0.2, 142.8, 44.7] deg
  p_start          = [    531.1,       2.4,     156.7] mm

==============================================================================
  RUN
==============================================================================

-- phase: approach_orient ----------------------------------------------------
  Kp [t1,t2,n]     = [    150.0,     150.0,     150.0] N/m
  Dp [t1,t2,n]     = [    133.7,      94.2,     128.3] Ns/m     auto (factor 1.90)
  KR [t1,t2,n]     = [    180.0,     180.0,      90.0] Nm/rad
  DR [t1,t2,n]     = [     15.3,      25.0,       2.0] Nms/rad  auto (factor 1.90)
orient:     t=  0.0 s | axis_err=  7.5 deg | spin_err=  0.7 deg
orient:     t=  0.2 s | axis_err=  6.1 deg | spin_err=  0.5 deg
orient:     t=  0.4 s | axis_err=  2.9 deg | spin_err=  0.1 deg
orient:     t=  0.6 s | axis_err=  1.3 deg | spin_err=  0.1 deg
orient:     t=  0.8 s | axis_err=  0.9 deg | spin_err=  0.0 deg

Orientation reached: axis_err=0.7 deg | spin_err=0.0 deg

-- phase: approach_descend ---------------------------------------------------
  Kp [t1,t2,n]     = [    150.0,     150.0,     150.0] N/m
  Dp [t1,t2,n]     = [    133.7,      94.2,     128.3] Ns/m     auto (factor 1.90)
  KR [t1,t2,n]     = [    180.0,     180.0,      90.0] Nm/rad
  DR [t1,t2,n]     = [     15.3,      25.0,       2.0] Nms/rad  auto (factor 1.90)
  descend to         20 mm clearance at 0.100 m/s
descend:    t=  0.0 s | distance=   0.1 mm | height=+127.7 mm (target 20.0) | force= -0.0 N
descend:    t=  0.2 s | distance=  20.2 mm | height=+116.5 mm (target 20.0) | force=  1.5 N
descend:    t=  0.4 s | distance=  40.3 mm | height=+100.0 mm (target 20.0) | force=  2.3 N
descend:    t=  0.6 s | distance=  60.4 mm | height= +82.9 mm (target 20.0) | force=  2.6 N
descend:    t=  0.8 s | distance=  80.5 mm | height= +65.7 mm (target 20.0) | force=  2.5 N
descend:    t=  1.0 s | distance= 100.6 mm | height= +48.2 mm (target 20.0) | force=  3.0 N
descend:    t=  1.2 s | distance= 120.7 mm | height= +30.4 mm (target 20.0) | force=  2.9 N

Clearance reached: distance=132.5 mm | height=20.0 mm | target=20.0 mm | force=2.4 N
  offset_ee        = [     20.0,      60.0,      20.0] mm
  p_EE_at_contact  = [    508.9,      -0.2,      42.7] mm
  contact_point    = [    525.7,     -61.2,       1.7] mm
  edge_offset      = [     16.8,     -61.1,     -41.0] mm

-- phase: setup --------------------------------------------------------------

-- setup impedance -----------------------------------------------------------
  law                wrench = K_TCP*dx + D_TCP*dv
                     K_TCP  = Ad(r_c)^T * blkdiag(Kp,KR) * Ad(r_c)
  Kp [t1,t2,n]     = [   2000.0,    2000.0,     350.0] N/m
  Dp [t1,t2,n]     = [    234.6,     174.0,     111.4] Ns/m     auto
  KR [t1,t2,n]     = [      5.0,       5.0,      50.0] Nm/rad
  DR [t1,t2,n]     = [      1.3,       2.1,       0.9] Nms/rad  auto
  p_c [EE]         = [      0.0,       0.0,       0.0] mm       resolved in the tool frame
  r_c [t1,t2,n]    = [      0.0,       0.0,       0.0] mm       commanded: p_TCP - p_c, in the plane
setup:     t=  0.0 s | ee=  0.0 deg | F=  0.1 N | M=  0.0 Nm (limit 150.0) | contact= 19.9 mm
setup:     t=  0.2 s | ee=  0.6 deg | F=  0.6 N | M=  0.4 Nm (limit 150.0) | contact=  7.0 mm
setup:     t=  0.4 s | ee=  1.2 deg | F= 13.8 N | M=  0.7 Nm (limit 150.0) | contact=  2.3 mm
setup:     t=  0.6 s | ee=  1.2 deg | F= 14.5 N | M=  0.4 Nm (limit 150.0) | contact=  2.3 mm
setup:     t=  0.8 s | ee=  1.2 deg | F= 19.8 N | M=  0.6 Nm (limit 150.0) | contact=  2.4 mm
setup:     t=  1.0 s | ee=  1.2 deg | F= 25.8 N | M=  0.7 Nm (limit 150.0) | contact=  2.6 mm
setup:     t=  1.2 s | ee=  1.3 deg | F= 31.1 N | M=  1.0 Nm (limit 150.0) | contact=  2.9 mm
setup:     t=  1.4 s | ee=  1.3 deg | F= 36.3 N | M=  1.1 Nm (limit 150.0) | contact=  3.3 mm
setup:     t=  1.6 s | ee=  1.4 deg | F= 41.5 N | M=  0.9 Nm (limit 150.0) | contact=  3.9 mm
setup:     t=  1.8 s | ee=  1.7 deg | F= 49.0 N | M=  1.4 Nm (limit 150.0) | contact=  5.0 mm
setup:     t=  2.0 s | ee=  1.7 deg | F= 54.1 N | M=  1.2 Nm (limit 150.0) | contact=  5.1 mm
setup:     t=  2.2 s | ee=  1.7 deg | F= 59.4 N | M=  1.0 Nm (limit 150.0) | contact=  5.3 mm
setup:     t=  2.4 s | ee=  1.7 deg | F= 64.8 N | M=  0.9 Nm (limit 150.0) | contact=  5.4 mm
setup:     t=  2.6 s | ee=  1.7 deg | F= 70.7 N | M=  0.9 Nm (limit 150.0) | contact=  5.6 mm
setup:     t=  2.8 s | ee=  1.7 deg | F= 76.3 N | M=  0.8 Nm (limit 150.0) | contact=  5.7 mm
setup:     t=  3.0 s | ee=  1.8 deg | F= 82.0 N | M=  0.7 Nm (limit 150.0) | contact=  5.9 mm
setup:     t=  3.2 s | ee=  1.8 deg | F= 87.1 N | M=  0.7 Nm (limit 150.0) | contact=  6.0 mm
setup:     t=  3.4 s | ee=  1.8 deg | F= 83.0 N | M=  0.8 Nm (limit 150.0) | contact=  5.9 mm
setup:     t=  3.6 s | ee=  1.8 deg | F= 82.6 N | M=  0.8 Nm (limit 150.0) | contact=  5.9 mm
setup:     t=  3.8 s | ee=  1.8 deg | F= 82.5 N | M=  0.8 Nm (limit 150.0) | contact=  5.9 mm
setup:     t=  4.0 s | ee=  1.8 deg | F= 82.5 N | M=  0.8 Nm (limit 150.0) | contact=  6.0 mm
setup:     t=  4.2 s | ee=  1.8 deg | F= 82.4 N | M=  0.8 Nm (limit 150.0) | contact=  6.0 mm
setup:     t=  4.4 s | ee=  1.8 deg | F= 82.4 N | M=  0.8 Nm (limit 150.0) | contact=  6.0 mm
setup:     t=  4.6 s | ee=  1.8 deg | F= 82.3 N | M=  0.8 Nm (limit 150.0) | contact=  6.0 mm
setup:     t=  4.8 s | ee=  1.8 deg | F= 82.3 N | M=  0.8 Nm (limit 150.0) | contact=  6.0 mm

==============================================================================
  SETUP RESULT
==============================================================================
  stop: time | t=5.0 s | ee=1.8 deg | F=82.3 N | M_TCP=0.8 Nm
  contact_from_start = [-2.4, -0.2, -5.5] mm | norm=6.0 mm
  tcp_from_contact  = [-19.0, +59.9, +17.2] mm | norm=65.2 mm
  deviation: before=5.20 deg | after=6.78 deg | gain=-1.58 deg
  t_align: not reached | tolerance=2.00 deg | hold=0.30 s
  t_align_fraction: not reached | fraction=0.50 of the deviation at contact
  deviation_min: 5.18 deg at t=0.01 s
  align_status: not_aligned
  deviation components [t1,t2,n] deg: before=[-0.63,-5.16,-0.00] | after=[-1.68,-6.57,-0.00]

-- setup surface-frame breakdown ---------------------------------------------
  frame              alignment-target [tangent1, tangent2, normal]
  force        [N]      = [    +2.93,     +0.93,    -82.27]
  tcp_disp     [mm]     = [    -1.83,     -0.48,    -23.95]
  contact_disp [mm]     = [    -2.29,     -0.02,     -5.50]
  Kp_eff=F/tcp [N/m]    = [  -1598.0,   -1939.7,    3435.2]
  M_contact    [Nm]     = [    -4.17,     -1.01,     -0.20]
  ee_angle     [deg]    = [    -1.06,     -1.41,     -0.11]
  KR_eff=M/ang [Nm/rad] = [    225.8,      41.3,     107.2]
  frame              tool face [length, width, tool axis]
  M_contact    [Nm]     = [    +1.02,     +4.13,     +0.65]

-- center of compliance ------------------------------------------------------
  definition         r_c = p_TCP - p_c
  p_TCP [x,y,z]    = [    506.7,      -1.3,      18.8] mm
  p_c [EE]         = [     -0.0,      -0.0,       0.0] mm
  r_c [t1,t2,n]    = [      0.0,       0.0,       0.0] mm
                     p_c resolved at end of setup

-- effective TCP impedance ---------------------------------------------------
  K_TCP translation = [   1999.5,    1998.7,     351.8] N/m
  K_TCP rotation   = [      5.0,       5.0,      50.0] Nm/rad
  commanded KR was = [      5.0,       5.0,      50.0] Nm/rad   including lever contribution
  D_TCP translation = [    234.6,     173.9,     111.5] Ns/m
  D_TCP rotation   = [      1.3,       2.1,       0.9] Nms/rad
  coupling           max |moment per unit translation| = 0.0 Nm/m (K), 0.0 Nms/m (D)
  eigenvalues        K_TCP 5.00 .. 2000 | D_TCP 0.95 .. 235  (both positive: valid springs)

  K_TCP [N/m, Nm/rad | rows fx..mz, cols tx..rz]:
           tx        ty        tz    |    rx        ry        rz
  fx [    2000  -0.7871   -28.44 |        0        0        0 ]
  fy [ -0.7871     1999   -45.62 |        0        0        0 ]
  fz [  -28.44   -45.62    351.8 |        0        0        0 ]
     ---------------------------+---------------------------
  mx [       0        0        0 |    5.013  0.02147   0.7756 ]
  my [       0        0        0 |  0.02147    5.034    1.244 ]
  mz [       0        0        0 |   0.7756    1.244    49.95 ]

  D_TCP [Ns/m, Nms/rad]:
           tx        ty        tz    |    rx        ry        rz
  fx [   234.6 -0.05879   -2.124 |        0        0        0 ]
  fy [-0.05879    173.9    -1.73 |        0        0        0 ]
  fz [  -2.124    -1.73    111.5 |        0        0        0 ]
     ---------------------------+---------------------------
  mx [       0        0        0 |    1.286 -0.0001608 -0.005811 ]
  my [       0        0        0 | -0.0001608    2.107 -0.03204 ]
  mz [       0        0        0 | -0.005811 -0.03204   0.9499 ]

[GATE] Set up finished (still pressing). Press Enter to start the grind (e+Enter stops).

Stop requested with e + Enter. Finishing control loop...

-- joint motion [deg] --------------------------------------------------------
  joint       start    final    delta
  q1            0.8     -0.5     -1.4
  q2           12.1     30.3    +18.2
  q3           -0.5      0.4     +0.9
  q4         -130.9   -127.4     +3.6
  q5           -0.2     -1.0     -0.8
  q6          142.8    148.6     +5.8
  q7           44.7     45.7     +0.9

==============================================================================
  FINAL RESULT
==============================================================================
  p_d              = [    504.5,      -7.4,    -217.1] mm
  p_EE             = [    506.7,      -1.3,      18.8] mm
  e_p              = [     -2.2,      -6.0,    -235.9] mm
  e_R              = [    -1.06,     -1.41,     -0.05] deg
------------------------------------------------------------------------------
  position error     236.03 mm
  rotation error     1.76 deg
  csv                logs/surface_grinding_controller_log.csv
------------------------------------------------------------------------------
