
==============================================================================
  SURFACE GRINDING CONTROLLER
==============================================================================
  robot              172.16.0.2
  parameters         /home/hm-panda/Desktop/Thesis_Final_Control/surface_grinding_controller/params
------------------------------------------------------------------------------

==============================================================================
  SURFACE GRINDING CONTROLLER - STARTUP MENU
==============================================================================

-- RUN MODES -----------------------------------------------------------------
  s      Run orientation, approach, setup, and grinding
  h      Cartesian pose hold at the initial posture
  t      Cartesian pose hold with the setup impedance
  g      Start manual guidance from the current robot pose

-- ROBOT PREPARATION ---------------------------------------------------------
  i      Move to the configured initial joint posture

-- GRIPPER AND TOOL ----------------------------------------------------------
  o      Open the gripper
  c      Grasp the tool
  r      Recalibrate the gripper with empty fingers
  f      Pick up the tool from the holder
  b      Return the tool to the holder

-- PROGRAM -------------------------------------------------------------------
  e      Exit
------------------------------------------------------------------------------
  During control: e = stop | m = startup menu | g = guidance
------------------------------------------------------------------------------
Selection [s/h/t/g/i/o/c/r/f/b/e]: 
-- SELECTED MODE: PHASE SEQUENCE ---------------------------------------------

-- moving to q_init ----------------------------------------------------------
  case               saved_qinit
  q1..q7 [deg]     = [0.8, 12.1, -0.5, -130.9, -0.2, 142.9, 44.7] deg
  saved_qinit = [0.014777, 0.210911, -0.009320, -2.284835, -0.002725, 2.493410, 0.780694] rad
  q_init reached.

-- start pose ----------------------------------------------------------------
  q_start          = [0.8, 12.1, -0.5, -130.9, -0.2, 142.9, 44.7] deg
  p_start          = [    531.3,       2.5,     156.8] mm

==============================================================================
  RUN
==============================================================================

-- phase: approach_orient ----------------------------------------------------
  Kp [t1,t2,n]     = [    150.0,     150.0,     150.0] N/m
  Dp [t1,t2,n]     = [    133.7,      94.2,     128.3] Ns/m     auto (factor 1.90)
  KR [t1,t2,n]     = [    180.0,     180.0,      90.0] Nm/rad
  DR [t1,t2,n]     = [     15.3,      25.0,       2.0] Nms/rad  auto (factor 1.90)
orient:     t=  0.0 s | axis_err= 12.5 deg | spin_err=  0.6 deg
orient:     t=  0.2 s | axis_err= 11.0 deg | spin_err=  0.4 deg
orient:     t=  0.4 s | axis_err=  7.9 deg | spin_err=  0.2 deg
orient:     t=  0.6 s | axis_err=  4.1 deg | spin_err=  0.0 deg
orient:     t=  0.8 s | axis_err=  1.6 deg | spin_err=  0.1 deg
orient:     t=  1.0 s | axis_err=  1.1 deg | spin_err=  0.1 deg
orient:     t=  1.2 s | axis_err=  0.9 deg | spin_err=  0.1 deg

Orientation reached: axis_err=0.9 deg | spin_err=0.1 deg

-- phase: approach_descend ---------------------------------------------------
  Kp [t1,t2,n]     = [    150.0,     150.0,     150.0] N/m
  Dp [t1,t2,n]     = [    133.7,      94.2,     128.3] Ns/m     auto (factor 1.90)
  KR [t1,t2,n]     = [    180.0,     180.0,      90.0] Nm/rad
  DR [t1,t2,n]     = [     15.3,      25.0,       2.0] Nms/rad  auto (factor 1.90)
  descend to         20 mm clearance at 0.100 m/s
descend:    t=  0.0 s | distance=   0.1 mm | height=+123.6 mm (target 20.0) | force=  0.0 N
descend:    t=  0.2 s | distance=  20.2 mm | height=+112.1 mm (target 20.0) | force=  1.5 N
descend:    t=  0.4 s | distance=  40.3 mm | height= +96.3 mm (target 20.0) | force=  2.6 N
descend:    t=  0.6 s | distance=  60.4 mm | height= +79.6 mm (target 20.0) | force=  2.2 N
descend:    t=  0.8 s | distance=  80.5 mm | height= +62.4 mm (target 20.0) | force=  2.8 N
descend:    t=  1.0 s | distance= 100.6 mm | height= +44.7 mm (target 20.0) | force=  2.4 N
descend:    t=  1.2 s | distance= 120.7 mm | height= +26.8 mm (target 20.0) | force=  2.9 N

Clearance reached: distance=128.3 mm | height=19.9 mm | target=20.0 mm | force=1.7 N
  offset_ee        = [     20.0,      60.0,      20.0] mm
  p_EE_at_contact  = [    502.2,      -0.5,      44.0] mm
  contact_point    = [    517.0,     -61.6,       1.8] mm
  edge_offset      = [     14.7,     -61.2,     -42.2] mm

-- phase: setup --------------------------------------------------------------

-- setup impedance -----------------------------------------------------------
  law                wrench = K_TCP*dx + D_TCP*dv
                     K_TCP  = Ad(r_c)^T * blkdiag(Kp,KR) * Ad(r_c)
  Kp [t1,t2,n]     = [   2000.0,    2000.0,     350.0] N/m
  Dp [t1,t2,n]     = [    236.7,     176.3,     109.9] Ns/m     auto
  KR [t1,t2,n]     = [      5.0,       5.0,      50.0] Nm/rad
  DR [t1,t2,n]     = [      1.3,       2.2,       1.2] Nms/rad  auto
  p_c [EE]         = [    -30.0,      -0.0,      -0.0] mm       commanded in the tool frame
  r_c [t1,t2,n]    = [     29.4,      -0.0,      -6.0] mm       p_TCP - p_c, in the plane
setup:     t=  0.0 s | ee=  0.0 deg | F=  0.0 N | M=  0.0 Nm (limit 150.0) | contact= 19.8 mm
setup:     t=  0.2 s | ee=  0.5 deg | F=  1.4 N | M=  0.7 Nm (limit 150.0) | contact=  7.1 mm
setup:     t=  0.4 s | ee=  1.0 deg | F= 18.6 N | M=  9.6 Nm (limit 150.0) | contact=  2.5 mm
setup:     t=  0.6 s | ee=  1.0 deg | F= 15.9 N | M=  8.0 Nm (limit 150.0) | contact=  2.6 mm
setup:     t=  0.8 s | ee=  1.0 deg | F= 21.2 N | M= 10.6 Nm (limit 150.0) | contact=  2.8 mm
setup:     t=  1.0 s | ee=  1.0 deg | F= 27.2 N | M= 13.5 Nm (limit 150.0) | contact=  3.0 mm
setup:     t=  1.2 s | ee=  1.0 deg | F= 32.7 N | M= 16.1 Nm (limit 150.0) | contact=  3.3 mm
setup:     t=  1.4 s | ee=  1.1 deg | F= 38.1 N | M= 18.7 Nm (limit 150.0) | contact=  3.7 mm
setup:     t=  1.6 s | ee=  1.2 deg | F= 42.7 N | M= 21.0 Nm (limit 150.0) | contact=  4.4 mm
setup:     t=  1.8 s | ee=  1.6 deg | F= 49.8 N | M= 24.4 Nm (limit 150.0) | contact=  5.5 mm
setup:     t=  2.0 s | ee=  1.5 deg | F= 55.5 N | M= 27.1 Nm (limit 150.0) | contact=  5.9 mm
setup:     t=  2.2 s | ee=  1.5 deg | F= 61.9 N | M= 30.2 Nm (limit 150.0) | contact=  6.4 mm
setup:     t=  2.4 s | ee=  1.4 deg | F= 68.5 N | M= 33.4 Nm (limit 150.0) | contact=  6.9 mm
setup:     t=  2.6 s | ee=  1.3 deg | F= 73.0 N | M= 35.5 Nm (limit 150.0) | contact=  7.4 mm
setup:     t=  2.8 s | ee=  1.6 deg | F= 78.1 N | M= 37.7 Nm (limit 150.0) | contact=  7.3 mm
setup:     t=  3.0 s | ee=  1.9 deg | F= 83.8 N | M= 40.4 Nm (limit 150.0) | contact=  7.2 mm
setup:     t=  3.2 s | ee=  1.9 deg | F= 88.1 N | M= 42.6 Nm (limit 150.0) | contact=  7.3 mm
setup:     t=  3.4 s | ee=  1.9 deg | F= 83.1 N | M= 40.2 Nm (limit 150.0) | contact=  7.2 mm
setup:     t=  3.6 s | ee=  1.9 deg | F= 82.9 N | M= 40.1 Nm (limit 150.0) | contact=  7.2 mm
setup:     t=  3.8 s | ee=  1.9 deg | F= 82.9 N | M= 40.1 Nm (limit 150.0) | contact=  7.2 mm
setup:     t=  4.0 s | ee=  1.9 deg | F= 82.8 N | M= 40.0 Nm (limit 150.0) | contact=  7.2 mm
setup:     t=  4.2 s | ee=  1.9 deg | F= 82.8 N | M= 40.0 Nm (limit 150.0) | contact=  7.2 mm
setup:     t=  4.4 s | ee=  1.9 deg | F= 82.7 N | M= 40.0 Nm (limit 150.0) | contact=  7.2 mm
setup:     t=  4.6 s | ee=  1.9 deg | F= 82.7 N | M= 40.0 Nm (limit 150.0) | contact=  7.2 mm
setup:     t=  4.8 s | ee=  1.9 deg | F= 82.7 N | M= 40.0 Nm (limit 150.0) | contact=  7.2 mm

==============================================================================
  SETUP RESULT
==============================================================================
  stop: time | t=5.0 s | ee=1.9 deg | F=82.6 N | M=40.0 Nm
  contact_from_start = [-3.0, -0.1, -6.5] mm | norm=7.2 mm
  tcp_from_contact  = [-19.2, +59.9, +16.7] mm | norm=65.0 mm
  deviation: before=10.01 deg | after=8.82 deg | gain=+1.19 deg
  deviation components [t1,t2,n] deg: before=[-0.53,-10.00,+0.00] | after=[-1.65,-8.67,+0.00]

-- setup surface-frame breakdown ---------------------------------------------
  frame              alignment-target [tangent1, tangent2, normal]
  force        [N]      = [    +9.13,     +2.38,    -82.07]
  tcp_disp     [mm]     = [    -3.97,     -0.60,    -25.61]
  contact_disp [mm]     = [    -2.84,     +0.07,     -6.59]
  Kp_eff=F/tcp [N/m]    = [  -2298.1,   -3996.8,    3205.0]
  M_contact    [Nm]     = [    -4.24,    +38.81,     +0.01]
  tip_angle    [deg]    = [    -1.22,     +1.35,     -0.54]
  KR_eff=M/ang [Nm/rad] = [    199.5,    1652.0,      -0.8]
  frame              tool face [length, width, tool axis]
  M_contact    [Nm]     = [   -38.82,     +3.76,     +1.74]

-- center of compliance ------------------------------------------------------
  definition         r_c = p_TCP - p_c
  p_TCP [x,y,z]    = [    497.8,      -1.8,      18.5] mm
  p_c [EE]         = [    -30.0,      -0.0,      -0.0] mm
  r_c [t1,t2,n]    = [     29.5,       0.4,      -5.3] mm
                     p_c resolved at end of setup

-- effective TCP impedance ---------------------------------------------------
  K_TCP translation = [   1999.5,    1998.7,     351.8] N/m
  K_TCP rotation   = [      5.1,       5.4,      51.7] Nm/rad
  commanded KR was = [      5.0,       5.0,      50.0] Nm/rad   including lever contribution
  D_TCP translation = [    236.6,     176.2,     110.0] Ns/m
  D_TCP rotation   = [      1.3,       2.3,       1.3] Nms/rad
  coupling           max |moment per unit translation| = 58.8 Nm/m (K), 5.2 Nms/m (D)
  eigenvalues        K_TCP 5.00 .. 2002 | D_TCP 1.19 .. 237  (both positive: valid springs)

  K_TCP [N/m, Nm/rad | rows fx..mz, cols tx..rz]:
           tx        ty        tz    |    rx        ry        rz
  fx [    2000  -0.7871   -28.44 |  0.01021    10.78   0.4196 ]
  fy [ -0.7871     1999   -45.62 |    -11.6   -1.347   -58.83 ]
  fz [  -28.44   -45.62    351.8 |   0.1952    10.19    1.337 ]
     ---------------------------+---------------------------
  mx [ 0.01021    -11.6   0.1952 |    5.081  0.02727    1.117 ]
  my [   10.78   -1.347    10.19 |  0.02727    5.397    1.286 ]
  mz [  0.4196   -58.83    1.337 |    1.117    1.286    51.68 ]

  D_TCP [Ns/m, Nms/rad]:
           tx        ty        tz    |    rx        ry        rz
  fx [   236.6 -0.06045   -2.184 | 0.0007841     1.31  0.04869 ]
  fy [-0.06045    176.2   -1.834 |   -1.023 -0.05432   -5.187 ]
  fz [  -2.184   -1.834      110 | -0.01116    3.226  0.05354 ]
     ---------------------------+---------------------------
  mx [0.0007841   -1.023 -0.01116 |    1.299 -0.0003725  0.02836 ]
  my [    1.31 -0.05432    3.226 | -0.0003725    2.318 -0.02649 ]
  mz [ 0.04869   -5.187  0.05354 |  0.02836 -0.02649    1.345 ]

[GATE] Set up finished (still pressing). Press Enter to start the grind (e+Enter stops).

Stop requested with e + Enter. Finishing control loop...

-- joint motion [deg] --------------------------------------------------------
  joint       start    final    delta
  q1            0.8     -0.4     -1.2
  q2           12.1     30.0    +17.9
  q3           -0.5      0.2     +0.8
  q4         -130.9   -127.6     +3.3
  q5           -0.2     -0.8     -0.7
  q6          142.9    146.4     +3.5
  q7           44.7     45.1     +0.4

==============================================================================
  FINAL RESULT
==============================================================================
  p_d              = [    497.7,      -7.7,    -215.7] mm
  p_EE             = [    497.8,      -1.8,      18.5] mm
  e_p              = [     -0.1,      -5.9,    -234.3] mm
  e_R              = [    -1.23,      1.33,     -0.56] deg
------------------------------------------------------------------------------
  position error     234.34 mm
  rotation error     1.89 deg
  csv                logs/surface_grinding_controller_log.csv
------------------------------------------------------------------------------
