
==============================================================================
  SURFACE GRINDING CONTROLLER
==============================================================================
  robot              172.16.0.2
  parameters         /home/hm-panda/Desktop/Thesis_Final_Control/surface_grinding_controller/params
------------------------------------------------------------------------------

==============================================================================
  SURFACE GRINDING CONTROLLER - STARTUP MENU
==============================================================================

-- RUN MODES -----------------------------------------------------------------
  s      Run orientation, approach, setup, and grinding
  h      Cartesian pose hold at the initial posture
  t      Cartesian pose hold with the setup impedance
  g      Start manual guidance from the current robot pose

-- ROBOT PREPARATION ---------------------------------------------------------
  i      Move to the configured initial joint posture

-- GRIPPER AND TOOL ----------------------------------------------------------
  o      Open the gripper
  c      Grasp the tool
  r      Recalibrate the gripper with empty fingers
  f      Pick up the tool from the holder
  b      Return the tool to the holder

-- PROGRAM -------------------------------------------------------------------
  e      Exit
------------------------------------------------------------------------------
  During control: e = stop | m = startup menu | g = guidance
------------------------------------------------------------------------------
Selection [s/h/t/g/i/o/c/r/f/b/e]: 
-- SELECTED MODE: PHASE SEQUENCE ---------------------------------------------

-- moving to q_init ----------------------------------------------------------
  case               saved_qinit
  q1..q7 [deg]     = [0.8, 12.1, -0.5, -130.9, -0.2, 142.9, 44.7] deg
  saved_qinit = [0.014777, 0.210911, -0.009320, -2.284835, -0.002725, 2.493410, 0.780694] rad
  q_init reached.

-- start pose ----------------------------------------------------------------
  q_start          = [0.8, 12.1, -0.5, -130.9, -0.1, 142.9, 44.7] deg
  p_start          = [    531.4,       2.4,     156.9] mm

==============================================================================
  RUN
==============================================================================

-- phase: approach_orient ----------------------------------------------------
  Kp [t1,t2,n]     = [    150.0,     150.0,     150.0] N/m
  Dp [t1,t2,n]     = [    133.7,      94.2,     128.3] Ns/m     auto (factor 1.90)
  KR [t1,t2,n]     = [    180.0,     180.0,      90.0] Nm/rad
  DR [t1,t2,n]     = [     15.3,      25.0,       2.0] Nms/rad  auto (factor 1.90)
orient:     t=  0.0 s | axis_err=  8.5 deg | spin_err=  0.5 deg
orient:     t=  0.2 s | axis_err=  7.2 deg | spin_err=  0.2 deg
orient:     t=  0.4 s | axis_err=  3.3 deg | spin_err=  0.2 deg
orient:     t=  0.6 s | axis_err=  1.1 deg | spin_err=  0.3 deg
orient:     t=  0.8 s | axis_err=  0.9 deg | spin_err=  0.3 deg

Orientation reached: axis_err=0.9 deg | spin_err=0.3 deg

-- phase: approach_descend ---------------------------------------------------
  Kp [t1,t2,n]     = [    150.0,     150.0,     150.0] N/m
  Dp [t1,t2,n]     = [    133.7,      94.2,     128.3] Ns/m     auto (factor 1.90)
  KR [t1,t2,n]     = [    180.0,     180.0,      90.0] Nm/rad
  DR [t1,t2,n]     = [     15.3,      25.0,       2.0] Nms/rad  auto (factor 1.90)
  descend to         20 mm clearance at 0.100 m/s
descend:    t=  0.0 s | distance=   0.1 mm | height=+121.8 mm (target 20.0) | force=  0.0 N
descend:    t=  0.2 s | distance=  20.2 mm | height=+111.2 mm (target 20.0) | force=  2.0 N
descend:    t=  0.4 s | distance=  40.3 mm | height= +96.3 mm (target 20.0) | force=  2.7 N
descend:    t=  0.6 s | distance=  60.4 mm | height= +80.3 mm (target 20.0) | force=  3.4 N
descend:    t=  0.8 s | distance=  80.5 mm | height= +63.4 mm (target 20.0) | force=  2.4 N
descend:    t=  1.0 s | distance= 100.6 mm | height= +46.8 mm (target 20.0) | force=  2.9 N
descend:    t=  1.2 s | distance= 120.7 mm | height= +30.0 mm (target 20.0) | force=  2.6 N

Clearance reached: distance=132.8 mm | height=20.0 mm | target=20.0 mm | force=2.6 N
  offset_ee        = [     20.0,      60.0,      20.0] mm
  p_EE_at_contact  = [    516.7,       1.3,      49.9] mm
  contact_point    = [    535.1,     -56.1,       1.4] mm
  edge_offset      = [     18.4,     -57.4,     -48.5] mm

-- phase: setup --------------------------------------------------------------

-- setup impedance -----------------------------------------------------------
  law                wrench = K_TCP*dx + D_TCP*dv
                     K_TCP  = Ad(r_c)^T * blkdiag(Kp,KR) * Ad(r_c)
  Kp [t1,t2,n]     = [   2000.0,    2000.0,     350.0] N/m
  Dp [t1,t2,n]     = [    231.2,     178.1,     112.1] Ns/m     auto
  KR [t1,t2,n]     = [      5.0,       5.0,      50.0] Nm/rad
  DR [t1,t2,n]     = [      1.5,       1.9,       1.2] Nms/rad  auto
  p_c [EE]         = [      0.0,      40.0,       0.0] mm       commanded in the tool frame
  r_c [t1,t2,n]    = [     -0.0,      39.5,       6.2] mm       p_TCP - p_c, in the plane
setup:     t=  0.0 s | ee=  0.0 deg | F=  0.0 N | M=  0.0 Nm (limit 150.0) | contact= 19.9 mm
setup:     t=  0.2 s | ee=  0.9 deg | F=  1.0 N | M=  0.6 Nm (limit 150.0) | contact=  7.5 mm
setup:     t=  0.4 s | ee=  1.6 deg | F= 20.4 N | M=  1.0 Nm (limit 150.0) | contact=  3.0 mm
setup:     t=  0.6 s | ee=  1.6 deg | F= 15.0 N | M=  0.9 Nm (limit 150.0) | contact=  3.1 mm
setup:     t=  0.8 s | ee=  1.6 deg | F= 20.9 N | M=  0.9 Nm (limit 150.0) | contact=  3.2 mm
setup:     t=  1.0 s | ee=  1.6 deg | F= 26.5 N | M=  1.0 Nm (limit 150.0) | contact=  3.4 mm
setup:     t=  1.2 s | ee=  1.6 deg | F= 32.1 N | M=  1.2 Nm (limit 150.0) | contact=  3.5 mm
setup:     t=  1.4 s | ee=  1.6 deg | F= 37.6 N | M=  1.3 Nm (limit 150.0) | contact=  3.7 mm
setup:     t=  1.6 s | ee=  1.6 deg | F= 42.9 N | M=  1.5 Nm (limit 150.0) | contact=  3.8 mm
setup:     t=  1.8 s | ee=  1.6 deg | F= 48.5 N | M=  1.7 Nm (limit 150.0) | contact=  4.0 mm
setup:     t=  2.0 s | ee=  1.7 deg | F= 54.0 N | M=  2.0 Nm (limit 150.0) | contact=  4.2 mm
setup:     t=  2.2 s | ee=  1.7 deg | F= 60.0 N | M=  2.1 Nm (limit 150.0) | contact=  4.3 mm
setup:     t=  2.4 s | ee=  1.7 deg | F= 65.5 N | M=  2.4 Nm (limit 150.0) | contact=  4.5 mm
setup:     t=  2.6 s | ee=  1.7 deg | F= 71.0 N | M=  2.6 Nm (limit 150.0) | contact=  4.6 mm
setup:     t=  2.8 s | ee=  1.7 deg | F= 76.1 N | M=  2.8 Nm (limit 150.0) | contact=  4.8 mm
setup:     t=  3.0 s | ee=  1.7 deg | F= 81.6 N | M=  3.0 Nm (limit 150.0) | contact=  5.0 mm
setup:     t=  3.2 s | ee=  1.7 deg | F= 87.0 N | M=  3.3 Nm (limit 150.0) | contact=  5.1 mm
setup:     t=  3.4 s | ee=  1.7 deg | F= 82.3 N | M=  3.2 Nm (limit 150.0) | contact=  5.0 mm
setup:     t=  3.6 s | ee=  1.7 deg | F= 82.2 N | M=  3.2 Nm (limit 150.0) | contact=  5.0 mm
setup:     t=  3.8 s | ee=  1.7 deg | F= 82.1 N | M=  3.2 Nm (limit 150.0) | contact=  5.0 mm
setup:     t=  4.0 s | ee=  1.7 deg | F= 82.1 N | M=  3.2 Nm (limit 150.0) | contact=  5.0 mm
setup:     t=  4.2 s | ee=  1.7 deg | F= 82.1 N | M=  3.2 Nm (limit 150.0) | contact=  5.0 mm
setup:     t=  4.4 s | ee=  1.7 deg | F= 82.0 N | M=  3.2 Nm (limit 150.0) | contact=  5.0 mm
setup:     t=  4.6 s | ee=  1.7 deg | F= 81.9 N | M=  3.2 Nm (limit 150.0) | contact=  5.0 mm
setup:     t=  4.8 s | ee=  1.7 deg | F= 81.9 N | M=  3.2 Nm (limit 150.0) | contact=  5.0 mm

==============================================================================
  SETUP RESULT
==============================================================================
  stop: time | t=5.0 s | ee=1.7 deg | F=81.8 N | M_TCP=3.2 Nm
  contact_from_start = [-2.8, +0.3, -4.2] mm | norm=5.0 mm
  tcp_from_contact  = [-20.9, +57.1, +24.8] mm | norm=65.7 mm
  deviation: before=9.35 deg | after=9.48 deg | gain=-0.13 deg
  t_align: not reached | tolerance=2.00 deg | hold=0.30 s
  t_align_fraction: not reached | fraction=0.50 of the deviation at contact
  deviation_min: 9.31 deg at t=0.05 s
  align_status: not_aligned
  deviation components [t1,t2,n] deg: before=[-9.33,-0.53,-0.00] | after=[-9.20,-2.26,+0.00]

-- setup surface-frame breakdown ---------------------------------------------
  frame              alignment-target [tangent1, tangent2, normal]
  force        [N]      = [    +3.62,     -1.49,    -81.67]
  tcp_disp     [mm]     = [    -2.10,     +0.38,    -23.74]
  contact_disp [mm]     = [    -2.70,     +0.41,     -4.21]
  Kp_eff=F/tcp [N/m]    = [  -1723.1,   -3911.8,    3439.9]
  M_contact    [Nm]     = [    -1.43,     -0.71,     +0.11]
  ee_angle     [deg]    = [    +0.13,     -1.69,     -0.29]
  KR_eff=M/ang [Nm/rad] = [   -654.5,      23.9,     -22.3]
  frame              tool face [length, width, tool axis]
  M_contact    [Nm]     = [    +0.68,     +1.44,     -0.17]

-- center of compliance ------------------------------------------------------
  definition         r_c = p_TCP - p_c
  p_TCP [x,y,z]    = [    514.2,       1.0,      26.2] mm
  p_c [EE]         = [      0.0,      40.0,      -0.0] mm
  r_c [t1,t2,n]    = [     -0.0,      39.5,       6.1] mm
                     p_c resolved at end of setup

-- effective TCP impedance ---------------------------------------------------
  K_TCP translation = [   1999.5,    1998.7,     351.8] N/m
  K_TCP rotation   = [      5.6,       5.1,      53.1] Nm/rad
  commanded KR was = [      5.0,       5.0,      50.0] Nm/rad   including lever contribution
  D_TCP translation = [    231.2,     178.0,     112.2] Ns/m
  D_TCP rotation   = [      1.7,       1.9,       1.6] Nms/rad
  coupling           max |moment per unit translation| = 79.3 Nm/m (K), 9.2 Nms/m (D)
  eigenvalues        K_TCP 4.99 .. 2003 | D_TCP 1.20 .. 232  (both positive: valid springs)

  K_TCP [N/m, Nm/rad | rows fx..mz, cols tx..rz]:
           tx        ty        tz    |    rx        ry        rz
  fx [    2000  -0.7871   -28.44 |    1.124   -10.08    79.34 ]
  fy [ -0.7871     1999   -45.62 |    11.89 0.0005713  -0.1801 ]
  fz [  -28.44   -45.62    351.8 |   -14.19   0.1696   -1.125 ]
     ---------------------------+---------------------------
  mx [   1.124    11.89   -14.19 |    5.636  0.01474   0.8193 ]
  my [  -10.08 0.0005713   0.1696 |  0.01474    5.085   0.8441 ]
  mz [   79.34  -0.1801   -1.125 |   0.8193   0.8441     53.1 ]

  D_TCP [Ns/m, Nms/rad]:
           tx        ty        tz    |    rx        ry        rz
  fx [   231.2 -0.05684   -2.054 |   0.0812   -1.166    9.174 ]
  fy [-0.05684      178   -1.825 |     0.97 0.0001507 -0.01551 ]
  fz [  -2.054   -1.825    112.2 |    -4.46  0.01871 -0.08135 ]
     ---------------------------+---------------------------
  mx [  0.0812     0.97    -4.46 |    1.672 -0.0008769 -0.001742 ]
  my [  -1.166 0.0001507  0.01871 | -0.0008769    1.903  -0.0654 ]
  mz [   9.174 -0.01551 -0.08135 | -0.001742  -0.0654    1.571 ]

[GATE] Set up finished (still pressing). Press Enter to start the grind (e+Enter stops).

Stop requested with e + Enter. Finishing control loop...

-- joint motion [deg] --------------------------------------------------------
  joint       start    final    delta
  q1            0.8      0.7     -0.1
  q2           12.1     29.2    +17.1
  q3           -0.5     -1.1     -0.6
  q4         -130.9   -128.7     +2.2
  q5           -0.1     16.7    +16.8
  q6          142.9    152.0     +9.2
  q7           44.7     29.4    -15.3

==============================================================================
  FINAL RESULT
==============================================================================
  p_d              = [    512.2,      -5.9,    -210.0] mm
  p_EE             = [    514.2,       1.0,      26.2] mm
  e_p              = [     -2.0,      -6.9,    -236.1] mm
  e_R              = [     0.12,     -1.70,     -0.25] deg
------------------------------------------------------------------------------
  position error     236.24 mm
  rotation error     1.72 deg
  csv                logs/surface_grinding_controller_log.csv
------------------------------------------------------------------------------
