
==============================================================================
  SURFACE GRINDING CONTROLLER
==============================================================================
  robot              172.16.0.2
  parameters         /home/hm-panda/Desktop/Thesis_Final_Control/surface_grinding_controller/params
------------------------------------------------------------------------------

==============================================================================
  SURFACE GRINDING CONTROLLER - STARTUP MENU
==============================================================================

-- RUN MODES -----------------------------------------------------------------
  s      Run orientation, approach, setup, and grinding
  h      Cartesian pose hold at the initial posture
  t      Cartesian pose hold with the setup impedance
  g      Start manual guidance from the current robot pose

-- ROBOT PREPARATION ---------------------------------------------------------
  i      Move to the configured initial joint posture

-- GRIPPER AND TOOL ----------------------------------------------------------
  o      Open the gripper
  c      Grasp the tool
  r      Recalibrate the gripper with empty fingers
  f      Pick up the tool from the holder
  b      Return the tool to the holder

-- PROGRAM -------------------------------------------------------------------
  e      Exit
------------------------------------------------------------------------------
  During control: e = stop | m = startup menu | g = guidance
------------------------------------------------------------------------------
Selection [s/h/t/g/i/o/c/r/f/b/e]: 
-- SELECTED MODE: PHASE SEQUENCE ---------------------------------------------

-- moving to q_init ----------------------------------------------------------
  case               saved_qinit
  q1..q7 [deg]     = [0.8, 12.1, -0.5, -130.9, -0.2, 142.9, 44.7] deg
  saved_qinit = [0.014777, 0.210911, -0.009320, -2.284835, -0.002725, 2.493410, 0.780694] rad
  q_init reached.

-- start pose ----------------------------------------------------------------
  q_start          = [0.9, 12.1, -0.5, -130.9, -0.1, 142.9, 44.7] deg
  p_start          = [    531.3,       2.5,     156.8] mm

==============================================================================
  RUN
==============================================================================

-- phase: approach_orient ----------------------------------------------------
  Kp [t1,t2,n]     = [    150.0,     150.0,     150.0] N/m
  Dp [t1,t2,n]     = [    133.7,      94.2,     128.3] Ns/m     auto (factor 1.90)
  KR [t1,t2,n]     = [    300.0,     300.0,      90.0] Nm/rad
  DR [t1,t2,n]     = [     19.8,      32.3,       2.0] Nms/rad  auto (factor 1.90)
orient:     t=  0.0 s | axis_err=  8.5 deg | spin_err=  0.5 deg
orient:     t=  0.2 s | axis_err=  6.5 deg | spin_err=  0.2 deg
orient:     t=  0.4 s | axis_err=  2.5 deg | spin_err=  0.2 deg
orient:     t=  0.6 s | axis_err=  0.6 deg | spin_err=  0.1 deg
orient:     t=  0.8 s | axis_err=  0.5 deg | spin_err=  0.2 deg

Orientation reached: axis_err=0.5 deg | spin_err=0.1 deg

-- phase: approach_descend ---------------------------------------------------
  Kp [t1,t2,n]     = [    150.0,     150.0,     150.0] N/m
  Dp [t1,t2,n]     = [    133.7,      94.2,     128.3] Ns/m     auto (factor 1.90)
  KR [t1,t2,n]     = [    300.0,     300.0,      90.0] Nm/rad
  DR [t1,t2,n]     = [     19.8,      32.3,       2.0] Nms/rad  auto (factor 1.90)
  descend to         20 mm clearance at 0.100 m/s
descend:    t=  0.0 s | distance=   0.1 mm | height=+120.4 mm (target 20.0) | force= -0.0 N
descend:    t=  0.2 s | distance=  20.2 mm | height=+110.4 mm (target 20.0) | force=  1.9 N
descend:    t=  0.4 s | distance=  40.3 mm | height= +95.7 mm (target 20.0) | force=  2.3 N
descend:    t=  0.6 s | distance=  60.4 mm | height= +79.4 mm (target 20.0) | force=  1.6 N
descend:    t=  0.8 s | distance=  80.6 mm | height= +62.3 mm (target 20.0) | force=  2.6 N
descend:    t=  1.0 s | distance= 100.7 mm | height= +45.2 mm (target 20.0) | force=  2.6 N
descend:    t=  1.2 s | distance= 120.8 mm | height= +28.0 mm (target 20.0) | force=  3.7 N

Clearance reached: distance=130.3 mm | height=20.0 mm | target=20.0 mm | force=1.2 N
  offset_ee        = [     20.0,      60.0,      20.0] mm
  p_EE_at_contact  = [    518.9,       1.1,      50.0] mm
  contact_point    = [    537.4,     -56.1,       1.3] mm
  edge_offset      = [     18.5,     -57.3,     -48.7] mm

-- phase: setup --------------------------------------------------------------

-- setup impedance -----------------------------------------------------------
  law                wrench = K_TCP*dx + D_TCP*dv
                     K_TCP  = Ad(r_c)^T * blkdiag(Kp,KR) * Ad(r_c)
  Kp [t1,t2,n]     = [   2000.0,    2000.0,     350.0] N/m
  Dp [t1,t2,n]     = [    231.2,     178.3,     111.9] Ns/m     auto
  KR [t1,t2,n]     = [      5.0,       5.0,      50.0] Nm/rad
  DR [t1,t2,n]     = [      1.5,       1.9,       1.2] Nms/rad  auto
  p_c [EE]         = [     -0.0,     -60.0,      -0.0] mm       commanded in the tool frame
  r_c [t1,t2,n]    = [      0.1,     -59.2,      -9.6] mm       p_TCP - p_c, in the plane
setup:     t=  0.0 s | tip=  0.0 deg | F=  0.4 N | M=  0.1 Nm (limit 150.0) | contact= 19.9 mm
setup:     t=  0.2 s | tip=  0.9 deg | F=  3.5 N | M=  1.5 Nm (limit 150.0) | contact=  7.3 mm
setup:     t=  0.4 s | tip=  1.6 deg | F= 18.1 N | M=  9.6 Nm (limit 150.0) | contact=  3.5 mm
setup:     t=  0.6 s | tip=  1.6 deg | F= 17.5 N | M=  9.8 Nm (limit 150.0) | contact=  3.6 mm
setup:     t=  0.8 s | tip=  1.6 deg | F= 22.6 N | M= 12.5 Nm (limit 150.0) | contact=  3.7 mm
setup:     t=  1.0 s | tip=  1.7 deg | F= 28.4 N | M= 15.5 Nm (limit 150.0) | contact=  3.8 mm
setup:     t=  1.2 s | tip=  1.9 deg | F= 32.1 N | M= 17.4 Nm (limit 150.0) | contact=  4.0 mm
setup:     t=  1.4 s | tip=  2.3 deg | F= 38.7 N | M= 20.7 Nm (limit 150.0) | contact=  4.0 mm
setup:     t=  1.6 s | tip=  3.0 deg | F= 41.9 N | M= 22.3 Nm (limit 150.0) | contact=  4.1 mm
setup:     t=  1.8 s | tip=  5.6 deg | F= 43.6 N | M= 23.5 Nm (limit 150.0) | contact=  4.1 mm
setup:     t=  2.0 s | tip=  8.5 deg | F= 50.4 N | M= 27.1 Nm (limit 150.0) | contact=  3.9 mm
setup:     t=  2.2 s | tip=  8.6 deg | F= 55.4 N | M= 30.2 Nm (limit 150.0) | contact=  4.0 mm
setup:     t=  2.4 s | tip=  8.6 deg | F= 61.0 N | M= 33.0 Nm (limit 150.0) | contact=  4.1 mm
setup:     t=  2.6 s | tip=  8.6 deg | F= 66.6 N | M= 35.8 Nm (limit 150.0) | contact=  4.3 mm
setup:     t=  2.8 s | tip=  8.6 deg | F= 72.5 N | M= 38.9 Nm (limit 150.0) | contact=  4.4 mm
setup:     t=  3.0 s | tip=  8.6 deg | F= 78.1 N | M= 41.7 Nm (limit 150.0) | contact=  4.6 mm
setup:     t=  3.2 s | tip=  8.6 deg | F= 83.7 N | M= 44.6 Nm (limit 150.0) | contact=  4.7 mm
setup:     t=  3.4 s | tip=  8.6 deg | F= 78.6 N | M= 42.2 Nm (limit 150.0) | contact=  4.6 mm
setup:     t=  3.6 s | tip=  8.6 deg | F= 78.5 N | M= 42.1 Nm (limit 150.0) | contact=  4.6 mm
setup:     t=  3.8 s | tip=  8.6 deg | F= 78.5 N | M= 42.1 Nm (limit 150.0) | contact=  4.6 mm
setup:     t=  4.0 s | tip=  8.6 deg | F= 78.6 N | M= 42.1 Nm (limit 150.0) | contact=  4.6 mm
setup:     t=  4.2 s | tip=  8.6 deg | F= 78.3 N | M= 42.0 Nm (limit 150.0) | contact=  4.6 mm
setup:     t=  4.4 s | tip=  8.6 deg | F= 78.4 N | M= 42.1 Nm (limit 150.0) | contact=  4.6 mm
setup:     t=  4.6 s | tip=  8.6 deg | F= 78.2 N | M= 42.0 Nm (limit 150.0) | contact=  4.6 mm
setup:     t=  4.8 s | tip=  8.6 deg | F= 78.4 N | M= 42.0 Nm (limit 150.0) | contact=  4.6 mm

==============================================================================
  SETUP RESULT
==============================================================================
  stop: time | t=5.0 s | tip=8.6 deg | F=78.4 N | M=42.0 Nm
  contact_from_start = [-3.0, -0.3, -3.5] mm | norm=4.6 mm
  tcp_from_contact  = [-20.7, +60.1, +17.5] mm | norm=65.9 mm
  alignment: before=9.60 deg | after=2.88 deg | gain=+6.73 deg
  alignment components [t1,t2,n] deg: before=[-9.60,-0.33,+0.00] | after=[-1.32,-2.56,+0.00]

-- setup surface-frame breakdown ---------------------------------------------
  frame              alignment-target [tangent1, tangent2, normal]
  force        [N]      = [    +5.21,     -7.05,    -77.88]
  tcp_disp     [mm]     = [    -1.58,     +3.72,    -31.14]
  contact_disp [mm]     = [    -2.94,     -0.18,     -3.54]
  Kp_eff=F/tcp [N/m]    = [  -3289.6,   -1896.0,    2500.7]
  M_contact    [Nm]     = [    -9.80,    +40.26,     -3.78]
  tip_angle    [deg]    = [    +8.29,     -2.27,     +0.31]
  KR_eff=M/ang [Nm/rad] = [    -67.8,   -1014.7,    -699.0]
  frame              tool face [length, width, tool axis]
  M_contact    [Nm]     = [   -40.08,     +9.92,     +5.14]

-- center of compliance ------------------------------------------------------
  definition         r_c = p_TCP - p_c
  p_TCP [x,y,z]    = [    516.7,       4.0,      18.8] mm
  p_c [EE]         = [     -0.0,     -60.0,       0.0] mm
  r_c [t1,t2,n]    = [     -0.5,     -60.0,      -1.0] mm
                     p_c resolved at end of setup

-- effective TCP impedance ---------------------------------------------------
  K_TCP translation = [   1999.5,    1998.7,     351.8] N/m
  K_TCP rotation   = [      6.3,       5.0,      57.1] Nm/rad
  commanded KR was = [      5.0,       5.0,      50.0] Nm/rad   including lever contribution
  D_TCP translation = [    231.1,     178.3,     112.0] Ns/m
  D_TCP rotation   = [      1.9,       1.9,       2.1] Nms/rad
  coupling           max |moment per unit translation| = 120.0 Nm/m (K), 13.9 Nms/m (D)
  eigenvalues        K_TCP 4.98 .. 2007 | D_TCP 1.22 .. 232  (both positive: valid springs)

  K_TCP [N/m, Nm/rad | rows fx..mz, cols tx..rz]:
           tx        ty        tz    |    rx        ry        rz
  fx [    2000  -0.7871   -28.44 |   -1.707   -1.404     -120 ]
  fy [ -0.7871     1999   -45.62 |    -1.32  0.02331    1.044 ]
  fz [  -28.44   -45.62    351.8 |    21.07  -0.1552    1.683 ]
     ---------------------------+---------------------------
  mx [  -1.707    -1.32    21.07 |    6.277  0.01217   0.8773 ]
  my [  -1.404  0.02331  -0.1552 |  0.01217    5.036    1.328 ]
  mz [    -120    1.044    1.683 |   0.8773    1.328    57.15 ]

  D_TCP [Ns/m, Nms/rad]:
           tx        ty        tz    |    rx        ry        rz
  fx [   231.1 -0.05688   -2.055 |  -0.1233  -0.1629   -13.87 ]
  fy [-0.05688    178.3   -1.835 |  0.01632 0.0009553   0.0923 ]
  fz [  -2.055   -1.835      112 |    6.719 -0.05439   0.1224 ]
     ---------------------------+---------------------------
  mx [ -0.1233  0.01632    6.719 |    1.901 -0.003392 0.002721 ]
  my [ -0.1629 0.0009553 -0.05439 | -0.003392     1.89 -0.008597 ]
  mz [  -13.87   0.0923   0.1224 | 0.002721 -0.008597    2.058 ]

[GATE] Set up finished (still pressing). Press Enter to start the grind (e+Enter stops).

Stop requested with e + Enter. Finishing control loop...

-- joint motion [deg] --------------------------------------------------------
  joint       start    final    delta
  q1            0.9      5.8     +5.0
  q2           12.1     30.5    +18.4
  q3           -0.5     -4.7     -4.1
  q4         -130.9   -128.2     +2.7
  q5           -0.1      4.3     +4.4
  q6          142.9    153.5    +10.6
  q7           44.7     43.3     -1.4

==============================================================================
  FINAL RESULT
==============================================================================
  p_d              = [    514.4,      -6.0,    -209.8] mm
  p_EE             = [    516.7,       4.0,      18.8] mm
  e_p              = [     -2.4,     -10.0,    -228.6] mm
  e_R              = [     8.29,     -2.27,      0.23] deg
------------------------------------------------------------------------------
  position error     228.85 mm
  rotation error     8.60 deg
  csv                logs/surface_grinding_controller_log.csv
------------------------------------------------------------------------------
