
==============================================================================
  SURFACE GRINDING CONTROLLER
==============================================================================
  robot              172.16.0.2
  parameters         /home/hm-panda/Desktop/Thesis_Final_Control/surface_grinding_controller/params
------------------------------------------------------------------------------

==============================================================================
  SURFACE GRINDING CONTROLLER - STARTUP MENU
==============================================================================

-- RUN MODES -----------------------------------------------------------------
  s      Run orientation, approach, setup, and grinding
  h      Cartesian pose hold at the initial posture
  t      Cartesian pose hold with the setup impedance
  g      Start manual guidance from the current robot pose

-- ROBOT PREPARATION ---------------------------------------------------------
  i      Move to the configured initial joint posture

-- GRIPPER AND TOOL ----------------------------------------------------------
  o      Open the gripper
  c      Grasp the tool
  r      Recalibrate the gripper with empty fingers
  f      Pick up the tool from the holder
  b      Return the tool to the holder

-- PROGRAM -------------------------------------------------------------------
  e      Exit
------------------------------------------------------------------------------
  During control: e = stop | m = startup menu | g = guidance
------------------------------------------------------------------------------
Selection [s/h/t/g/i/o/c/r/f/b/e]: 
-- SELECTED MODE: PHASE SEQUENCE ---------------------------------------------

-- moving to q_init ----------------------------------------------------------
  case               saved_qinit
  q1..q7 [deg]     = [0.8, 12.1, -0.5, -130.9, -0.2, 142.9, 44.7] deg
  saved_qinit = [0.014777, 0.210911, -0.009320, -2.284835, -0.002725, 2.493410, 0.780694] rad
  q_init reached.

-- start pose ----------------------------------------------------------------
  q_start          = [0.8, 12.1, -0.5, -130.9, -0.2, 142.9, 44.7] deg
  p_start          = [    531.4,       2.3,     156.9] mm

==============================================================================
  RUN
==============================================================================

-- phase: approach_orient ----------------------------------------------------
  Kp [t1,t2,n]     = [    150.0,     150.0,     150.0] N/m
  Dp [t1,t2,n]     = [    133.7,      94.2,     128.3] Ns/m     auto (factor 1.90)
  KR [t1,t2,n]     = [    180.0,     180.0,      90.0] Nm/rad
  DR [t1,t2,n]     = [     15.3,      25.0,       2.0] Nms/rad  auto (factor 1.90)
orient:     t=  0.0 s | axis_err= 12.0 deg | spin_err=  0.9 deg
orient:     t=  0.2 s | axis_err= 10.4 deg | spin_err=  0.9 deg
orient:     t=  0.4 s | axis_err=  6.6 deg | spin_err=  0.6 deg
orient:     t=  0.6 s | axis_err=  2.7 deg | spin_err=  0.3 deg
orient:     t=  0.8 s | axis_err=  1.0 deg | spin_err=  0.2 deg

Orientation reached: axis_err=0.9 deg | spin_err=0.2 deg

-- phase: approach_descend ---------------------------------------------------
  Kp [t1,t2,n]     = [    150.0,     150.0,     150.0] N/m
  Dp [t1,t2,n]     = [    133.7,      94.2,     128.3] Ns/m     auto (factor 1.90)
  KR [t1,t2,n]     = [    180.0,     180.0,      90.0] Nm/rad
  DR [t1,t2,n]     = [     15.3,      25.0,       2.0] Nms/rad  auto (factor 1.90)
  descend to         20 mm clearance at 0.100 m/s
descend:    t=  0.0 s | distance=   0.1 mm | height=+120.6 mm (target 20.0) | force=  0.0 N
descend:    t=  0.2 s | distance=  20.2 mm | height=+110.4 mm (target 20.0) | force=  1.5 N
descend:    t=  0.4 s | distance=  40.3 mm | height= +95.8 mm (target 20.0) | force=  2.9 N
descend:    t=  0.6 s | distance=  60.4 mm | height= +79.9 mm (target 20.0) | force=  2.6 N
descend:    t=  0.8 s | distance=  80.5 mm | height= +63.3 mm (target 20.0) | force=  1.8 N
descend:    t=  1.0 s | distance= 100.6 mm | height= +46.8 mm (target 20.0) | force=  2.7 N
descend:    t=  1.2 s | distance= 120.7 mm | height= +30.1 mm (target 20.0) | force=  2.0 N

Clearance reached: distance=133.1 mm | height=19.9 mm | target=20.0 mm | force=1.8 N
  offset_ee        = [     20.0,     -60.0,      20.0] mm
  p_EE_at_contact  = [    516.0,      -1.1,      50.7] mm
  contact_point    = [    534.4,      53.1,      -1.7] mm
  edge_offset      = [     18.4,      54.2,     -52.4] mm

-- phase: setup --------------------------------------------------------------

-- setup impedance -----------------------------------------------------------
  law                wrench = K_TCP*dx + D_TCP*dv
                     K_TCP  = Ad(r_c)^T * blkdiag(Kp,KR) * Ad(r_c)
  Kp [t1,t2,n]     = [   2000.0,    2000.0,     350.0] N/m
  Dp [t1,t2,n]     = [    234.3,     174.6,     111.3] Ns/m     auto
  KR [t1,t2,n]     = [      5.0,       5.0,      50.0] Nm/rad
  DR [t1,t2,n]     = [      1.3,       2.0,       1.3] Nms/rad  auto
  p_c [EE]         = [      0.0,     -80.0,       0.0] mm       commanded in the tool frame
  r_c [t1,t2,n]    = [     -0.0,     -78.8,      13.6] mm       p_TCP - p_c, in the plane
setup:     t=  0.0 s | ee=  0.0 deg | F=  0.0 N | M=  0.0 Nm (limit 150.0) | contact= 19.8 mm
setup:     t=  0.2 s | ee=  0.9 deg | F=  1.3 N | M=  0.7 Nm (limit 150.0) | contact=  7.2 mm
setup:     t=  0.4 s | ee=  1.3 deg | F= 13.0 N | M=  1.2 Nm (limit 150.0) | contact=  2.0 mm
setup:     t=  0.6 s | ee=  1.4 deg | F= 16.4 N | M=  1.2 Nm (limit 150.0) | contact=  2.0 mm
setup:     t=  0.8 s | ee=  1.4 deg | F= 22.2 N | M=  1.3 Nm (limit 150.0) | contact=  2.0 mm
setup:     t=  1.0 s | ee=  1.4 deg | F= 27.7 N | M=  1.6 Nm (limit 150.0) | contact=  2.1 mm
setup:     t=  1.2 s | ee=  1.4 deg | F= 33.3 N | M=  1.9 Nm (limit 150.0) | contact=  2.1 mm
setup:     t=  1.4 s | ee=  1.4 deg | F= 38.6 N | M=  2.2 Nm (limit 150.0) | contact=  2.2 mm
setup:     t=  1.6 s | ee=  1.4 deg | F= 44.4 N | M=  2.6 Nm (limit 150.0) | contact=  2.3 mm
setup:     t=  1.8 s | ee=  1.5 deg | F= 50.3 N | M=  3.0 Nm (limit 150.0) | contact=  2.4 mm
setup:     t=  2.0 s | ee=  1.5 deg | F= 55.4 N | M=  3.3 Nm (limit 150.0) | contact=  2.5 mm
setup:     t=  2.2 s | ee=  1.5 deg | F= 60.8 N | M=  3.6 Nm (limit 150.0) | contact=  2.6 mm
setup:     t=  2.4 s | ee=  1.5 deg | F= 66.2 N | M=  4.0 Nm (limit 150.0) | contact=  2.7 mm
setup:     t=  2.6 s | ee=  1.5 deg | F= 71.7 N | M=  4.4 Nm (limit 150.0) | contact=  2.8 mm
setup:     t=  2.8 s | ee=  1.5 deg | F= 77.4 N | M=  4.7 Nm (limit 150.0) | contact=  2.9 mm
setup:     t=  3.0 s | ee=  1.5 deg | F= 82.9 N | M=  5.1 Nm (limit 150.0) | contact=  3.0 mm
setup:     t=  3.2 s | ee=  1.5 deg | F= 88.5 N | M=  5.3 Nm (limit 150.0) | contact=  3.1 mm
setup:     t=  3.4 s | ee=  1.5 deg | F= 83.7 N | M=  5.0 Nm (limit 150.0) | contact=  3.0 mm
setup:     t=  3.6 s | ee=  1.5 deg | F= 83.6 N | M=  4.9 Nm (limit 150.0) | contact=  3.0 mm
setup:     t=  3.8 s | ee=  1.5 deg | F= 83.6 N | M=  5.0 Nm (limit 150.0) | contact=  3.0 mm
setup:     t=  4.0 s | ee=  1.5 deg | F= 83.5 N | M=  4.9 Nm (limit 150.0) | contact=  3.0 mm
setup:     t=  4.2 s | ee=  1.5 deg | F= 83.5 N | M=  4.9 Nm (limit 150.0) | contact=  3.0 mm
setup:     t=  4.4 s | ee=  1.5 deg | F= 83.5 N | M=  4.9 Nm (limit 150.0) | contact=  3.0 mm
setup:     t=  4.6 s | ee=  1.5 deg | F= 83.4 N | M=  4.9 Nm (limit 150.0) | contact=  3.0 mm
setup:     t=  4.8 s | ee=  1.5 deg | F= 83.4 N | M=  4.9 Nm (limit 150.0) | contact=  3.0 mm

==============================================================================
  SETUP RESULT
==============================================================================
  stop: time | t=5.0 s | ee=1.5 deg | F=83.4 N | M_TCP=4.9 Nm
  contact_from_start = [-2.6, -0.2, -1.5] mm | norm=3.0 mm
  tcp_from_contact  = [-20.9, -54.7, +31.5] mm | norm=66.5 mm
  deviation: before=9.42 deg | after=9.77 deg | gain=-0.35 deg
  t_align: not reached | tolerance=2.00 deg | hold=0.30 s
  deviation components [t1,t2,n] deg: before=[+9.40,-0.58,-0.00] | after=[+9.54,-2.09,-0.00]

-- setup surface-frame breakdown ---------------------------------------------
  frame              alignment-target [tangent1, tangent2, normal]
  force        [N]      = [    +5.04,     +0.07,    -83.22]
  tcp_disp     [mm]     = [    -2.13,     +0.03,    -20.89]
  contact_disp [mm]     = [    -2.57,     -0.16,     -1.59]
  Kp_eff=F/tcp [N/m]    = [  -2368.2,       n/a,    3983.6]
  M_contact    [Nm]     = [    -0.12,     -0.03,     +0.04]
  ee_angle     [deg]    = [    +0.15,     -1.46,     +0.35]
  KR_eff=M/ang [Nm/rad] = [    -48.6,       1.1,       6.3]
  frame              tool face [length, width, tool axis]
  M_contact    [Nm]     = [    +0.03,     +0.13,     -0.03]

-- center of compliance ------------------------------------------------------
  definition         r_c = p_TCP - p_c
  p_TCP [x,y,z]    = [    513.5,      -1.7,      29.9] mm
  p_c [EE]         = [     -0.0,     -80.0,      -0.0] mm
  r_c [t1,t2,n]    = [     -0.1,     -78.8,      13.8] mm
                     p_c resolved at end of setup

-- effective TCP impedance ---------------------------------------------------
  K_TCP translation = [   1999.5,    1998.7,     351.8] N/m
  K_TCP rotation   = [      7.6,       5.5,      62.2] Nm/rad
  commanded KR was = [      5.0,       5.0,      50.0] Nm/rad   including lever contribution
  D_TCP translation = [    234.3,     174.5,     111.4] Ns/m
  D_TCP rotation   = [      2.0,       2.1,       2.8] Nms/rad
  coupling           max |moment per unit translation| = 156.7 Nm/m (K), 18.4 Nms/m (D)
  eigenvalues        K_TCP 4.97 .. 2013 | D_TCP 1.26 .. 236  (both positive: valid springs)

  K_TCP [N/m, Nm/rad | rows fx..mz, cols tx..rz]:
           tx        ty        tz    |    rx        ry        rz
  fx [    2000  -0.7871   -28.44 |   -2.242   -31.95   -156.7 ]
  fy [ -0.7871     1999   -45.62 |    28.36 0.008421  -0.1203 ]
  fz [  -28.44   -45.62    351.8 |    26.84   0.4864    2.233 ]
     ---------------------------+---------------------------
  mx [  -2.242    28.36    26.84 |    7.571  0.05973   0.9487 ]
  my [  -31.95 0.008421   0.4864 |  0.05973    5.545    3.749 ]
  mz [  -156.7  -0.1203    2.233 |   0.9487    3.749    62.24 ]

  D_TCP [Ns/m, Nms/rad]:
           tx        ty        tz    |    rx        ry        rz
  fx [   234.3 -0.05867    -2.12 |  -0.1671   -3.743   -18.37 ]
  fy [-0.05867    174.5   -1.748 |    2.652 0.0007782  -0.0113 ]
  fz [   -2.12   -1.748    111.4 |    8.706  0.04401   0.1663 ]
     ---------------------------+---------------------------
  mx [ -0.1671    2.652    8.706 |    1.994  0.00349  0.01383 ]
  my [  -3.743 0.0007782  0.04401 |  0.00349    2.109   0.2734 ]
  mz [  -18.37  -0.0113   0.1663 |  0.01383   0.2734    2.766 ]

[GATE] Set up finished (still pressing). Press Enter to start the grind (e+Enter stops).

Stop requested with e + Enter. Finishing control loop...

-- joint motion [deg] --------------------------------------------------------
  joint       start    final    delta
  q1            0.8      0.5     -0.3
  q2           12.1     28.8    +16.6
  q3           -0.5      0.5     +1.0
  q4         -130.9   -128.4     +2.5
  q5           -0.2    -23.9    -23.7
  q6          142.9    150.1     +7.2
  q7           44.7     67.9    +23.1

==============================================================================
  FINAL RESULT
==============================================================================
  p_d              = [    511.5,      -8.3,    -209.1] mm
  p_EE             = [    513.5,      -1.7,      29.9] mm
  e_p              = [     -2.0,      -6.6,    -238.9] mm
  e_R              = [     0.15,     -1.45,      0.39] deg
------------------------------------------------------------------------------
  position error     239.05 mm
  rotation error     1.51 deg
  csv                logs/surface_grinding_controller_log.csv
------------------------------------------------------------------------------
