
==============================================================================
  SURFACE GRINDING CONTROLLER
==============================================================================
  robot              172.16.0.2
  parameters         /home/hm-panda/Desktop/Thesis_Final_Control/surface_grinding_controller/params
------------------------------------------------------------------------------

==============================================================================
  SURFACE GRINDING CONTROLLER - STARTUP MENU
==============================================================================

-- RUN MODES -----------------------------------------------------------------
  s      Run orientation, approach, setup, and grinding
  h      Cartesian pose hold at the initial posture
  t      Cartesian pose hold with the setup impedance
  g      Start manual guidance from the current robot pose

-- ROBOT PREPARATION ---------------------------------------------------------
  i      Move to the configured initial joint posture

-- GRIPPER AND TOOL ----------------------------------------------------------
  o      Open the gripper
  c      Grasp the tool
  r      Recalibrate the gripper with empty fingers
  f      Pick up the tool from the holder
  b      Return the tool to the holder

-- PROGRAM -------------------------------------------------------------------
  e      Exit
------------------------------------------------------------------------------
  During control: e = stop | m = startup menu | g = guidance
------------------------------------------------------------------------------
Selection [s/h/t/g/i/o/c/r/f/b/e]: 
-- SELECTED MODE: PHASE SEQUENCE ---------------------------------------------

-- moving to q_init ----------------------------------------------------------
  case               saved_qinit
  q1..q7 [deg]     = [0.8, 12.1, -0.5, -130.9, -0.2, 142.9, 44.7] deg
  saved_qinit = [0.014777, 0.210911, -0.009320, -2.284835, -0.002725, 2.493410, 0.780694] rad
  q_init reached.

-- start pose ----------------------------------------------------------------
  q_start          = [0.9, 12.1, -0.5, -130.9, -0.1, 142.9, 44.7] deg
  p_start          = [    531.4,       2.5,     156.9] mm

==============================================================================
  RUN
==============================================================================

-- phase: approach_orient ----------------------------------------------------
  Kp [t1,t2,n]     = [    150.0,     150.0,     150.0] N/m
  Dp [t1,t2,n]     = [    133.7,      94.2,     128.3] Ns/m     auto (factor 1.90)
  KR [t1,t2,n]     = [    180.0,     180.0,      90.0] Nm/rad
  DR [t1,t2,n]     = [     15.3,      25.0,       2.0] Nms/rad  auto (factor 1.90)
orient:     t=  0.0 s | axis_err=  8.5 deg | spin_err=  0.5 deg
orient:     t=  0.2 s | axis_err=  7.2 deg | spin_err=  0.2 deg
orient:     t=  0.4 s | axis_err=  3.3 deg | spin_err=  0.2 deg
orient:     t=  0.6 s | axis_err=  1.1 deg | spin_err=  0.2 deg
orient:     t=  0.8 s | axis_err=  0.9 deg | spin_err=  0.3 deg

Orientation reached: axis_err=0.8 deg | spin_err=0.3 deg

-- phase: approach_descend ---------------------------------------------------
  Kp [t1,t2,n]     = [    150.0,     150.0,     150.0] N/m
  Dp [t1,t2,n]     = [    133.7,      94.2,     128.3] Ns/m     auto (factor 1.90)
  KR [t1,t2,n]     = [    180.0,     180.0,      90.0] Nm/rad
  DR [t1,t2,n]     = [     15.3,      25.0,       2.0] Nms/rad  auto (factor 1.90)
  descend to         20 mm clearance at 0.100 m/s
descend:    t=  0.0 s | distance=   0.1 mm | height=+121.3 mm (target 20.0) | force=  0.0 N
descend:    t=  0.2 s | distance=  20.2 mm | height=+110.5 mm (target 20.0) | force=  2.3 N
descend:    t=  0.4 s | distance=  40.3 mm | height= +95.8 mm (target 20.0) | force=  3.0 N
descend:    t=  0.6 s | distance=  60.4 mm | height= +80.0 mm (target 20.0) | force=  3.3 N
descend:    t=  0.8 s | distance=  80.5 mm | height= +63.0 mm (target 20.0) | force=  3.2 N
descend:    t=  1.0 s | distance= 100.6 mm | height= +46.3 mm (target 20.0) | force=  3.2 N
descend:    t=  1.2 s | distance= 120.7 mm | height= +29.5 mm (target 20.0) | force=  2.1 N

Clearance reached: distance=132.2 mm | height=20.0 mm | target=20.0 mm | force=2.3 N
  offset_ee        = [     20.0,      60.0,      20.0] mm
  p_EE_at_contact  = [    517.0,       1.5,      49.9] mm
  contact_point    = [    535.4,     -55.9,       1.3] mm
  edge_offset      = [     18.4,     -57.4,     -48.5] mm

-- phase: setup --------------------------------------------------------------

-- setup impedance -----------------------------------------------------------
  law                wrench = K_TCP*dx + D_TCP*dv
                     K_TCP  = Ad(r_c)^T * blkdiag(Kp,KR) * Ad(r_c)
  Kp [t1,t2,n]     = [   2000.0,    2000.0,     350.0] N/m
  Dp [t1,t2,n]     = [    231.3,     178.1,     112.0] Ns/m     auto
  KR [t1,t2,n]     = [      5.0,       5.0,      50.0] Nm/rad
  DR [t1,t2,n]     = [      1.5,       1.9,       1.2] Nms/rad  auto
  p_c [EE]         = [     -0.0,     -80.0,      -0.0] mm       commanded in the tool frame
  r_c [t1,t2,n]    = [      0.0,     -79.0,     -12.4] mm       p_TCP - p_c, in the plane
setup:     t=  0.0 s | ee=  0.0 deg | F=  0.1 N | M=  0.0 Nm (limit 150.0) | contact= 19.9 mm
setup:     t=  0.2 s | ee=  0.9 deg | F=  1.1 N | M=  0.8 Nm (limit 150.0) | contact=  7.3 mm
setup:     t=  0.4 s | ee=  1.6 deg | F= 20.3 N | M=  0.9 Nm (limit 150.0) | contact=  3.3 mm
setup:     t=  0.6 s | ee=  1.6 deg | F= 16.5 N | M=  1.0 Nm (limit 150.0) | contact=  3.4 mm
setup:     t=  0.8 s | ee=  1.7 deg | F= 21.6 N | M=  1.0 Nm (limit 150.0) | contact=  3.5 mm
setup:     t=  1.0 s | ee=  1.8 deg | F= 26.5 N | M=  0.8 Nm (limit 150.0) | contact=  3.7 mm
setup:     t=  1.2 s | ee=  2.1 deg | F= 31.3 N | M=  1.0 Nm (limit 150.0) | contact=  3.8 mm
setup:     t=  1.4 s | ee=  2.6 deg | F= 36.4 N | M=  0.7 Nm (limit 150.0) | contact=  3.9 mm
setup:     t=  1.6 s | ee=  4.6 deg | F= 37.9 N | M=  1.2 Nm (limit 150.0) | contact=  3.8 mm
setup:     t=  1.8 s | ee=  7.7 deg | F= 39.0 N | M=  1.2 Nm (limit 150.0) | contact=  3.9 mm
setup:     t=  2.0 s | ee=  8.5 deg | F= 48.6 N | M=  5.0 Nm (limit 150.0) | contact=  3.4 mm
setup:     t=  2.2 s | ee=  8.5 deg | F= 53.7 N | M=  5.2 Nm (limit 150.0) | contact=  3.5 mm
setup:     t=  2.4 s | ee=  8.5 deg | F= 59.5 N | M=  5.5 Nm (limit 150.0) | contact=  3.7 mm
setup:     t=  2.6 s | ee=  8.5 deg | F= 65.1 N | M=  5.8 Nm (limit 150.0) | contact=  3.8 mm
setup:     t=  2.8 s | ee=  8.5 deg | F= 70.8 N | M=  6.1 Nm (limit 150.0) | contact=  4.0 mm
setup:     t=  3.0 s | ee=  8.5 deg | F= 76.4 N | M=  6.5 Nm (limit 150.0) | contact=  4.1 mm
setup:     t=  3.2 s | ee=  8.5 deg | F= 81.4 N | M=  6.8 Nm (limit 150.0) | contact=  4.2 mm
setup:     t=  3.4 s | ee=  8.5 deg | F= 76.9 N | M=  6.6 Nm (limit 150.0) | contact=  4.1 mm
setup:     t=  3.6 s | ee=  8.5 deg | F= 76.8 N | M=  6.6 Nm (limit 150.0) | contact=  4.1 mm
setup:     t=  3.8 s | ee=  8.5 deg | F= 76.7 N | M=  6.6 Nm (limit 150.0) | contact=  4.1 mm
setup:     t=  4.0 s | ee=  8.5 deg | F= 76.6 N | M=  6.6 Nm (limit 150.0) | contact=  4.1 mm
setup:     t=  4.2 s | ee=  8.5 deg | F= 76.7 N | M=  6.6 Nm (limit 150.0) | contact=  4.1 mm
setup:     t=  4.4 s | ee=  8.5 deg | F= 76.6 N | M=  6.6 Nm (limit 150.0) | contact=  4.1 mm
setup:     t=  4.6 s | ee=  8.5 deg | F= 76.6 N | M=  6.6 Nm (limit 150.0) | contact=  4.1 mm
setup:     t=  4.8 s | ee=  8.5 deg | F= 76.6 N | M=  6.6 Nm (limit 150.0) | contact=  4.1 mm

==============================================================================
  SETUP RESULT
==============================================================================
  stop: time | t=5.0 s | ee=8.5 deg | F=76.5 N | M_TCP=6.6 Nm
  contact_from_start = [-2.8, -0.3, -2.9] mm | norm=4.1 mm
  tcp_from_contact  = [-20.5, +60.1, +18.0] mm | norm=66.0 mm
  deviation: before=9.33 deg | after=3.10 deg | gain=+6.23 deg
  t_align: not reached | tolerance=2.00 deg | hold=0.30 s
  deviation components [t1,t2,n] deg: before=[-9.31,-0.53,+0.00] | after=[-1.14,-2.88,+0.00]

-- setup surface-frame breakdown ---------------------------------------------
  frame              alignment-target [tangent1, tangent2, normal]
  force        [N]      = [    +3.57,     -6.90,    -76.15]
  tcp_disp     [mm]     = [    -1.52,     +3.53,    -30.49]
  contact_disp [mm]     = [    -2.78,     -0.25,     -2.98]
  Kp_eff=F/tcp [N/m]    = [  -2347.1,   -1955.8,    2497.3]
  M_contact    [Nm]     = [   -10.84,     -0.05,     -0.12]
  ee_angle     [deg]    = [    +8.19,     -2.38,     +0.18]
  KR_eff=M/ang [Nm/rad] = [    -75.8,       1.2,     -38.2]
  frame              tool face [length, width, tool axis]
  M_contact    [Nm]     = [    +0.12,    +10.81,     +0.66]

-- center of compliance ------------------------------------------------------
  definition         r_c = p_TCP - p_c
  p_TCP [x,y,z]    = [    514.9,       4.2,      19.3] mm
  p_c [EE]         = [      0.0,     -80.0,      -0.0] mm
  r_c [t1,t2,n]    = [     -0.5,     -80.0,      -1.0] mm
                     p_c resolved at end of setup

-- effective TCP impedance ---------------------------------------------------
  K_TCP translation = [   1999.5,    1998.7,     351.8] N/m
  K_TCP rotation   = [      7.3,       5.0,      62.7] Nm/rad
  commanded KR was = [      5.0,       5.0,      50.0] Nm/rad   including lever contribution
  D_TCP translation = [    231.2,     178.0,     112.1] Ns/m
  D_TCP rotation   = [      2.2,       1.9,       2.7] Nms/rad
  coupling           max |moment per unit translation| = 159.9 Nm/m (K), 18.5 Nms/m (D)
  eigenvalues        K_TCP 4.97 .. 2013 | D_TCP 1.20 .. 233  (both positive: valid springs)

  K_TCP [N/m, Nm/rad | rows fx..mz, cols tx..rz]:
           tx        ty        tz    |    rx        ry        rz
  fx [    2000  -0.7871   -28.44 |   -2.276   -2.369   -159.9 ]
  fy [ -0.7871     1999   -45.62 |   -1.266  0.02521    1.126 ]
  fz [  -28.44   -45.62    351.8 |    28.08  -0.1532     2.25 ]
     ---------------------------+---------------------------
  mx [  -2.276   -1.266    28.08 |    7.258  0.00924    0.957 ]
  my [  -2.369  0.02521  -0.1532 |  0.00924    5.037    1.434 ]
  mz [  -159.9    1.126     2.25 |    0.957    1.434    62.75 ]

  D_TCP [Ns/m, Nms/rad]:
           tx        ty        tz    |    rx        ry        rz
  fx [   231.2 -0.05687   -2.055 |  -0.1644  -0.2746    -18.5 ]
  fy [-0.05687      178   -1.825 |  0.06631 0.001039  0.09925 ]
  fz [  -2.055   -1.825    112.1 |    8.967 -0.05721   0.1634 ]
     ---------------------------+---------------------------
  mx [ -0.1644  0.06631    8.967 |    2.206 -0.00471 0.008288 ]
  my [ -0.2746 0.001039 -0.05721 | -0.00471    1.899 0.002772 ]
  mz [   -18.5  0.09925   0.1634 | 0.008288 0.002772    2.685 ]

[GATE] Set up finished (still pressing). Press Enter to start the grind (e+Enter stops).

Stop requested with e + Enter. Finishing control loop...

-- joint motion [deg] --------------------------------------------------------
  joint       start    final    delta
  q1            0.9      5.8     +4.9
  q2           12.1     30.3    +18.2
  q3           -0.5     -4.6     -4.1
  q4         -130.9   -128.4     +2.5
  q5           -0.1      3.7     +3.8
  q6          142.9    153.2    +10.3
  q7           44.7     43.7     -1.0

==============================================================================
  FINAL RESULT
==============================================================================
  p_d              = [    512.5,      -5.7,    -210.0] mm
  p_EE             = [    514.9,       4.2,      19.3] mm
  e_p              = [     -2.4,      -9.9,    -229.3] mm
  e_R              = [     8.19,     -2.38,      0.10] deg
------------------------------------------------------------------------------
  position error     229.53 mm
  rotation error     8.53 deg
  csv                logs/surface_grinding_controller_log.csv
------------------------------------------------------------------------------
