
==============================================================================
  SURFACE GRINDING CONTROLLER
==============================================================================
  robot              172.16.0.2
  parameters         /home/hm-panda/Desktop/Thesis_Final_Control/surface_grinding_controller/params
------------------------------------------------------------------------------

==============================================================================
  SURFACE GRINDING CONTROLLER - STARTUP MENU
==============================================================================

-- RUN MODES -----------------------------------------------------------------
  s      Run orientation, approach, contact establishment, and grinding
  h      Cartesian pose hold at the initial posture
  t      Cartesian pose hold with the contact establishment impedance
  g      Start manual guidance from the current robot pose

-- ROBOT PREPARATION ---------------------------------------------------------
  i      Move to the configured initial joint posture

-- GRIPPER AND TOOL ----------------------------------------------------------
  o      Open the gripper
  c      Grasp the tool
  r      Recalibrate the gripper with empty fingers
  f      Pick up the tool from the holder
  b      Return the tool to the holder

-- PROGRAM -------------------------------------------------------------------
  e      Exit
------------------------------------------------------------------------------
  During control: e = stop | m = startup menu | g = guidance
------------------------------------------------------------------------------
Selection [s/h/t/g/i/o/c/r/f/b/e]: 
-- SELECTED MODE: STATE SEQUENCE ---------------------------------------------

-- moving to q_init ----------------------------------------------------------
  case               saved_qinit
  q1..q7 [deg]     = [0.8, 12.1, -0.5, -130.9, -0.2, 142.9, 44.7] deg
  saved_qinit = [0.014777, 0.210911, -0.009320, -2.284835, -0.002725, 2.493410, 0.780694] rad
  q_init reached.

-- start pose ----------------------------------------------------------------
  q_start          = [0.8, 12.1, -0.5, -130.9, -0.1, 142.8, 44.7] deg
  p_start          = [    531.3,       2.3,     156.9] mm

==============================================================================
  RUN
==============================================================================

-- state: tool_orientation ---------------------------------------------------
  Kp [t1,t2,n]     = [    150.0,     150.0,     150.0] N/m
  Dp [t1,t2,n]     = [    133.7,      94.2,     128.3] Ns/m     auto (factor 1.90)
  KR [t1,t2,n]     = [    180.0,     180.0,      90.0] Nm/rad
  DR [t1,t2,n]     = [     15.3,      25.0,       2.0] Nms/rad  auto (factor 1.90)
orient:     t=  0.0 s | axis_err=  8.5 deg | spin_err=  0.5 deg
orient:     t=  0.2 s | axis_err=  7.1 deg | spin_err=  0.2 deg
orient:     t=  0.4 s | axis_err=  3.2 deg | spin_err=  0.2 deg
orient:     t=  0.6 s | axis_err=  1.0 deg | spin_err=  0.2 deg
orient:     t=  0.8 s | axis_err=  0.8 deg | spin_err=  0.2 deg

Orientation reached: axis_err=0.8 deg | spin_err=0.2 deg

-- state: surface_approach ---------------------------------------------------
  Kp [t1,t2,n]     = [    150.0,     150.0,     150.0] N/m
  Dp [t1,t2,n]     = [    133.7,      94.2,     128.3] Ns/m     auto (factor 1.90)
  KR [t1,t2,n]     = [    180.0,     180.0,      90.0] Nm/rad
  DR [t1,t2,n]     = [     15.3,      25.0,       2.0] Nms/rad  auto (factor 1.90)
  descend to         20 mm clearance at 0.100 m/s
descend:    t=  0.0 s | distance=   0.1 mm | height=+122.3 mm (target 20.0) | force=  0.0 N
descend:    t=  0.2 s | distance=  20.2 mm | height=+111.4 mm (target 20.0) | force=  1.1 N
descend:    t=  0.4 s | distance=  40.3 mm | height= +96.1 mm (target 20.0) | force=  2.0 N
descend:    t=  0.6 s | distance=  60.4 mm | height= +79.6 mm (target 20.0) | force=  2.1 N
descend:    t=  0.8 s | distance=  80.5 mm | height= +62.4 mm (target 20.0) | force=  2.2 N
descend:    t=  1.0 s | distance= 100.6 mm | height= +45.5 mm (target 20.0) | force=  2.4 N
descend:    t=  1.2 s | distance= 120.7 mm | height= +28.3 mm (target 20.0) | force=  2.2 N

Clearance reached: distance=130.6 mm | height=20.0 mm | target=20.0 mm | force=1.2 N
  offset_ee        = [     20.0,      60.0,      20.0] mm
  p_EE_at_contact  = [    516.8,       0.8,      49.9] mm
  contact_point    = [    535.3,     -56.6,       1.4] mm
  edge_offset      = [     18.5,     -57.4,     -48.5] mm

-- state: contact_establishment ----------------------------------------------

-- contact establishment impedance -------------------------------------------
  law                wrench = K_TCP*dx + D_TCP*dv
                     K_TCP  = Ad(r_c)^T * blkdiag(Kp,KR) * Ad(r_c)
  Kp [t1,t2,n]     = [   2000.0,    2000.0,     350.0] N/m
  Dp [t1,t2,n]     = [    231.1,     178.1,     112.1] Ns/m     auto
  KR [t1,t2,n]     = [      5.0,       5.0,      50.0] Nm/rad
  DR [t1,t2,n]     = [      1.5,       1.9,       1.2] Nms/rad  auto
  p_c [EE]         = [      0.0,      90.0,       0.0] mm       commanded in the tool frame
  r_c [t1,t2,n]    = [      0.0,     -88.9,     -14.0] mm       p_c - p_TCP, in the plane
contact establishment:     t=  0.0 s | ee=  0.0 deg | F=  0.1 N | M=  0.0 Nm | contact= 19.9 mm
contact establishment:     t=  0.2 s | ee=  1.0 deg | F=  0.7 N | M=  0.5 Nm | contact=  7.4 mm
contact establishment:     t=  0.4 s | ee=  1.6 deg | F= 17.1 N | M=  0.4 Nm | contact=  3.6 mm
contact establishment:     t=  0.6 s | ee=  1.6 deg | F= 16.2 N | M=  0.8 Nm | contact=  3.7 mm
contact establishment:     t=  0.8 s | ee=  1.7 deg | F= 21.1 N | M=  0.9 Nm | contact=  3.9 mm
contact establishment:     t=  1.0 s | ee=  1.7 deg | F= 26.6 N | M=  1.2 Nm | contact=  4.0 mm
contact establishment:     t=  1.2 s | ee=  1.7 deg | F= 32.3 N | M=  1.5 Nm | contact=  4.1 mm
contact establishment:     t=  1.4 s | ee=  1.7 deg | F= 37.6 N | M=  1.8 Nm | contact=  4.3 mm
contact establishment:     t=  1.6 s | ee=  1.7 deg | F= 43.5 N | M=  2.1 Nm | contact=  4.4 mm
contact establishment:     t=  1.8 s | ee=  1.7 deg | F= 49.2 N | M=  2.5 Nm | contact=  4.6 mm
contact establishment:     t=  2.0 s | ee=  1.7 deg | F= 54.8 N | M=  2.9 Nm | contact=  4.7 mm
contact establishment:     t=  2.2 s | ee=  1.7 deg | F= 60.1 N | M=  3.3 Nm | contact=  4.9 mm
contact establishment:     t=  2.4 s | ee=  1.7 deg | F= 65.7 N | M=  3.6 Nm | contact=  5.0 mm
contact establishment:     t=  2.6 s | ee=  1.7 deg | F= 71.0 N | M=  4.0 Nm | contact=  5.2 mm
contact establishment:     t=  2.8 s | ee=  1.7 deg | F= 76.1 N | M=  4.3 Nm | contact=  5.3 mm
contact establishment:     t=  3.0 s | ee=  1.8 deg | F= 81.9 N | M=  4.7 Nm | contact=  5.5 mm
contact establishment:     t=  3.2 s | ee=  1.7 deg | F= 88.6 N | M=  4.8 Nm | contact=  5.7 mm
contact establishment:     t=  3.4 s | ee=  1.9 deg | F= 83.4 N | M=  4.6 Nm | contact=  5.6 mm
contact establishment:     t=  3.6 s | ee=  2.0 deg | F= 84.0 N | M=  4.8 Nm | contact=  5.6 mm
contact establishment:     t=  3.8 s | ee=  2.0 deg | F= 84.3 N | M=  4.9 Nm | contact=  5.6 mm
contact establishment:     t=  4.0 s | ee=  2.1 deg | F= 83.8 N | M=  4.8 Nm | contact=  5.6 mm
contact establishment:     t=  4.2 s | ee=  2.1 deg | F= 83.8 N | M=  4.8 Nm | contact=  5.6 mm
contact establishment:     t=  4.4 s | ee=  2.1 deg | F= 83.7 N | M=  4.8 Nm | contact=  5.6 mm
contact establishment:     t=  4.6 s | ee=  2.1 deg | F= 83.6 N | M=  4.8 Nm | contact=  5.6 mm
contact establishment:     t=  4.8 s | ee=  2.1 deg | F= 83.5 N | M=  4.8 Nm | contact=  5.6 mm

==============================================================================
  CONTACT-ESTABLISHMENT RESULT
==============================================================================
  stop: time | t=5.0 s | ee=2.1 deg | F=83.5 N | M_TCP=4.8 Nm
  contact_from_start = [-3.0, +0.1, -4.7] mm | norm=5.6 mm
  tcp_from_contact  = [-21.3, +56.1, +25.8] mm | norm=65.3 mm
  deviation: before=9.36 deg | after=11.08 deg | gain=-1.72 deg
  t_align: not reached | tolerance=2.00 deg | hold=0.30 s
  t_align_fraction: not reached | fraction=0.50 of the deviation at contact
  deviation_min: 9.30 deg at t=0.07 s
  align_status: not_aligned
  deviation components [t1,t2,n] deg: before=[-9.35,-0.43,+0.00] | after=[-10.92,-1.86,+0.00]

-- contact establishment surface-frame breakdown -----------------------------
  frame              alignment-target [tangent1, tangent2, normal]
  force        [N]      = [    +5.34,     +2.16,    -83.33]
  tcp_disp     [mm]     = [    -2.44,     -0.71,    -22.77]
  contact_disp [mm]     = [    -2.95,     +0.22,     -4.76]
  Kp_eff=F/tcp [N/m]    = [  -2188.2,   -3056.1,    3659.8]
  M_contact    [Nm]     = [    +0.10,     -0.73,     -0.02]
  ee_angle     [deg]    = [    -1.57,     -1.39,     -0.24]
  KR_eff=M/ang [Nm/rad] = [     -3.7,      30.0,       4.3]
  frame              tool face [length, width, tool axis]
  M_contact    [Nm]     = [    +0.72,     -0.10,     -0.12]

-- center of compliance ------------------------------------------------------
  definition         r_c = p_c - p_TCP
  p_TCP [x,y,z]    = [    514.0,      -0.5,      27.2] mm
  p_c [EE]         = [      0.0,      90.0,       0.0] mm
  r_c [t1,t2,n]    = [      0.0,     -88.5,     -16.5] mm
                     p_c resolved at end of contact establishment

-- effective TCP impedance ---------------------------------------------------
  K_TCP translation = [   1999.5,    1998.7,     351.8] N/m
  K_TCP rotation   = [      8.3,       5.4,      65.8] Nm/rad
  commanded KR was = [      5.0,       5.0,      50.0] Nm/rad   including lever contribution
  D_TCP translation = [    231.1,     178.1,     112.2] Ns/m
  D_TCP rotation   = [      2.4,       1.9,       3.0] Nms/rad
  coupling           max |moment per unit translation| = 177.8 Nm/m (K), 20.5 Nms/m (D)
  eigenvalues        K_TCP 4.96 .. 2017 | D_TCP 1.20 .. 233  (both positive: valid springs)

  K_TCP [N/m, Nm/rad | rows fx..mz, cols tx..rz]:
           tx        ty        tz    |    rx        ry        rz
  fx [    2000  -0.7871   -28.44 |    2.517   -28.01    177.8 ]
  fy [ -0.7871     1999   -45.62 |    32.05 -0.0004117   -0.571 ]
  fz [  -28.44   -45.62    351.8 |   -31.91   0.4865   -2.517 ]
     ---------------------------+---------------------------
  mx [   2.517    32.05   -31.91 |    8.299 -0.02179   0.9914 ]
  my [  -28.01 -0.0004117   0.4865 | -0.02179    5.427   -1.246 ]
  mz [   177.8   -0.571   -2.517 |   0.9914   -1.246    65.76 ]

  D_TCP [Ns/m, Nms/rad]:
           tx        ty        tz    |    rx        ry        rz
  fx [   231.1 -0.05679   -2.052 |   0.1816   -3.237    20.55 ]
  fy [-0.05679    178.1   -1.825 |    2.656 0.000338 -0.04968 ]
  fz [  -2.052   -1.825    112.2 |   -9.999  0.05686  -0.1819 ]
     ---------------------------+---------------------------
  mx [  0.1816    2.656   -9.999 |    2.418 -0.005186  0.01056 ]
  my [  -3.237 0.000338  0.05686 | -0.005186     1.94  -0.3068 ]
  mz [   20.55 -0.04968  -0.1819 |  0.01056  -0.3068    3.034 ]

[STATE] Pre-grinding hold active. Press Enter to start grinding (e+Enter stops).

-- state: pre_grinding_hold --------------------------------------------------
  motion             established contact command
  impedance          inherited from contact establishment
  keys               Enter continue | e stop

Stop requested with e + Enter. Finishing control loop...

-- joint motion [deg] --------------------------------------------------------
  joint       start    final    delta
  q1            0.8      0.4     -0.4
  q2           12.1     29.0    +16.9
  q3           -0.5     -1.1     -0.6
  q4         -130.9   -128.7     +2.1
  q5           -0.1     20.3    +20.4
  q6          142.8    151.8     +8.9
  q7           44.7     25.8    -18.9

==============================================================================
  FINAL RESULT
==============================================================================
  p_d              = [    512.3,      -6.4,    -210.0] mm
  p_EE             = [    514.0,      -0.5,      27.2] mm
  e_p              = [     -1.7,      -5.9,    -237.2] mm
  e_R              = [    -1.58,     -1.40,     -0.18] deg
------------------------------------------------------------------------------
  position error     237.24 mm
  rotation error     2.12 deg
  csv                logs/surface_grinding_controller_log.csv
------------------------------------------------------------------------------
