
==============================================================================
  SURFACE GRINDING CONTROLLER
==============================================================================
  robot              172.16.0.2
  parameters         /home/hm-panda/Desktop/Thesis_Final_Control/surface_grinding_controller/params
------------------------------------------------------------------------------

==============================================================================
  SURFACE GRINDING CONTROLLER - STARTUP MENU
==============================================================================

-- RUN MODES -----------------------------------------------------------------
  s      Run orientation, approach, setup, and grinding
  h      Cartesian pose hold at the initial posture
  t      Cartesian pose hold with the setup impedance
  g      Start manual guidance from the current robot pose

-- ROBOT PREPARATION ---------------------------------------------------------
  i      Move to the configured initial joint posture

-- GRIPPER AND TOOL ----------------------------------------------------------
  o      Open the gripper
  c      Grasp the tool
  r      Recalibrate the gripper with empty fingers
  f      Pick up the tool from the holder
  b      Return the tool to the holder

-- PROGRAM -------------------------------------------------------------------
  e      Exit
------------------------------------------------------------------------------
  During control: e = stop | m = startup menu | g = guidance
------------------------------------------------------------------------------
Selection [s/h/t/g/i/o/c/r/f/b/e]: 
-- SELECTED MODE: PHASE SEQUENCE ---------------------------------------------

-- moving to q_init ----------------------------------------------------------
  case               saved_qinit
  q1..q7 [deg]     = [0.8, 12.1, -0.5, -130.9, -0.2, 142.9, 44.7] deg
  saved_qinit = [0.014777, 0.210911, -0.009320, -2.284835, -0.002725, 2.493410, 0.780694] rad
  q_init reached.

-- start pose ----------------------------------------------------------------
  q_start          = [0.8, 12.1, -0.5, -130.9, -0.2, 142.9, 44.7] deg
  p_start          = [    531.3,       2.5,     156.9] mm

==============================================================================
  RUN
==============================================================================

-- phase: approach_orient ----------------------------------------------------
  Kp [t1,t2,n]     = [    150.0,     150.0,     150.0] N/m
  Dp [t1,t2,n]     = [    133.7,      94.2,     128.3] Ns/m     auto (factor 1.90)
  KR [t1,t2,n]     = [    180.0,     180.0,      90.0] Nm/rad
  DR [t1,t2,n]     = [     15.3,      25.0,       2.0] Nms/rad  auto (factor 1.90)
orient:     t=  0.0 s | axis_err=  2.9 deg | spin_err=  0.7 deg
orient:     t=  0.2 s | axis_err=  1.7 deg | spin_err=  0.0 deg
orient:     t=  0.4 s | axis_err=  0.8 deg | spin_err=  0.0 deg
orient:     t=  0.6 s | axis_err=  0.7 deg | spin_err=  0.0 deg
orient:     t=  0.8 s | axis_err=  0.6 deg | spin_err=  0.0 deg

Orientation reached: axis_err=0.6 deg | spin_err=0.0 deg

-- phase: approach_descend ---------------------------------------------------
  Kp [t1,t2,n]     = [    150.0,     150.0,     150.0] N/m
  Dp [t1,t2,n]     = [    133.7,      94.2,     128.3] Ns/m     auto (factor 1.90)
  KR [t1,t2,n]     = [    180.0,     180.0,      90.0] Nm/rad
  DR [t1,t2,n]     = [     15.3,      25.0,       2.0] Nms/rad  auto (factor 1.90)
  descend to         20 mm clearance at 0.100 m/s
descend:    t=  0.0 s | distance=   0.1 mm | height=+130.1 mm (target 20.0) | force= -0.0 N
descend:    t=  0.2 s | distance=  20.2 mm | height=+118.8 mm (target 20.0) | force=  1.8 N
descend:    t=  0.4 s | distance=  40.3 mm | height=+102.5 mm (target 20.0) | force=  2.1 N
descend:    t=  0.6 s | distance=  60.4 mm | height= +85.1 mm (target 20.0) | force=  1.0 N
descend:    t=  0.8 s | distance=  80.5 mm | height= +67.4 mm (target 20.0) | force=  1.9 N
descend:    t=  1.0 s | distance= 100.6 mm | height= +49.8 mm (target 20.0) | force=  1.4 N
descend:    t=  1.2 s | distance= 120.7 mm | height= +32.0 mm (target 20.0) | force=  3.0 N

Clearance reached: distance=134.2 mm | height=20.0 mm | target=20.0 mm | force=2.4 N
  offset_ee        = [     20.0,      60.0,      20.0] mm
  p_EE_at_contact  = [    518.1,      -0.2,      41.1] mm
  contact_point    = [    536.8,     -61.2,       1.5] mm
  edge_offset      = [     18.6,     -61.0,     -39.6] mm

-- phase: setup --------------------------------------------------------------

-- setup impedance -----------------------------------------------------------
  law                wrench = K_TCP*dx + D_TCP*dv
                     K_TCP  = Ad(r_c)^T * blkdiag(Kp,KR) * Ad(r_c)
  Kp [t1,t2,n]     = [   2000.0,    2000.0,     350.0] N/m
  Dp [t1,t2,n]     = [    232.4,     170.6,     112.7] Ns/m     auto
  KR [t1,t2,n]     = [      5.0,       5.0,      50.0] Nm/rad
  DR [t1,t2,n]     = [      1.3,       2.0,       0.8] Nms/rad  auto
  p_c [EE]         = [      0.0,     -60.0,       0.0] mm       commanded in the tool frame
  r_c [t1,t2,n]    = [     -0.0,     -60.0,      -0.4] mm       p_TCP - p_c, in the plane
setup:     t=  0.0 s | tip=  0.0 deg | F=  0.2 N | M=  0.1 Nm (limit 150.0) | contact= 19.9 mm
setup:     t=  0.2 s | tip=  0.9 deg | F=  0.8 N | M=  0.5 Nm (limit 150.0) | contact=  7.1 mm
setup:     t=  0.4 s | tip=  1.2 deg | F= 12.7 N | M=  7.1 Nm (limit 150.0) | contact=  2.7 mm
setup:     t=  0.6 s | tip=  1.2 deg | F= 15.6 N | M=  8.7 Nm (limit 150.0) | contact=  2.7 mm
setup:     t=  0.8 s | tip=  1.3 deg | F= 20.7 N | M= 11.3 Nm (limit 150.0) | contact=  2.7 mm
setup:     t=  1.0 s | tip=  1.3 deg | F= 26.2 N | M= 14.1 Nm (limit 150.0) | contact=  2.8 mm
setup:     t=  1.2 s | tip=  1.3 deg | F= 31.8 N | M= 17.1 Nm (limit 150.0) | contact=  2.9 mm
setup:     t=  1.4 s | tip=  1.3 deg | F= 37.5 N | M= 20.0 Nm (limit 150.0) | contact=  3.0 mm
setup:     t=  1.6 s | tip=  1.3 deg | F= 43.4 N | M= 23.0 Nm (limit 150.0) | contact=  3.1 mm
setup:     t=  1.8 s | tip=  1.3 deg | F= 49.0 N | M= 26.0 Nm (limit 150.0) | contact=  3.2 mm
setup:     t=  2.0 s | tip=  1.3 deg | F= 54.0 N | M= 28.6 Nm (limit 150.0) | contact=  3.4 mm
setup:     t=  2.2 s | tip=  1.4 deg | F= 59.9 N | M= 31.6 Nm (limit 150.0) | contact=  3.5 mm
setup:     t=  2.4 s | tip=  1.4 deg | F= 65.3 N | M= 34.4 Nm (limit 150.0) | contact=  3.6 mm
setup:     t=  2.6 s | tip=  1.4 deg | F= 70.8 N | M= 37.2 Nm (limit 150.0) | contact=  3.7 mm
setup:     t=  2.8 s | tip=  1.4 deg | F= 76.4 N | M= 40.2 Nm (limit 150.0) | contact=  3.9 mm
setup:     t=  3.0 s | tip=  1.4 deg | F= 82.2 N | M= 43.2 Nm (limit 150.0) | contact=  4.0 mm
setup:     t=  3.2 s | tip=  1.4 deg | F= 87.8 N | M= 46.1 Nm (limit 150.0) | contact=  4.1 mm
setup:     t=  3.4 s | tip=  1.4 deg | F= 83.8 N | M= 44.0 Nm (limit 150.0) | contact=  4.0 mm
setup:     t=  3.6 s | tip=  1.4 deg | F= 83.6 N | M= 43.9 Nm (limit 150.0) | contact=  4.0 mm
setup:     t=  3.8 s | tip=  1.4 deg | F= 83.4 N | M= 43.8 Nm (limit 150.0) | contact=  4.0 mm
setup:     t=  4.0 s | tip=  1.4 deg | F= 83.5 N | M= 43.8 Nm (limit 150.0) | contact=  4.0 mm
setup:     t=  4.2 s | tip=  1.4 deg | F= 83.4 N | M= 43.8 Nm (limit 150.0) | contact=  4.0 mm
setup:     t=  4.4 s | tip=  1.4 deg | F= 83.5 N | M= 43.9 Nm (limit 150.0) | contact=  4.0 mm
setup:     t=  4.6 s | tip=  1.4 deg | F= 83.3 N | M= 43.7 Nm (limit 150.0) | contact=  4.0 mm
setup:     t=  4.8 s | tip=  1.4 deg | F= 83.3 N | M= 43.7 Nm (limit 150.0) | contact=  4.0 mm

==============================================================================
  SETUP RESULT
==============================================================================
  stop: time | t=5.0 s | tip=1.4 deg | F=83.3 N | M=43.7 Nm
  contact_from_start = [-3.3, -0.2, -2.3] mm | norm=4.0 mm
  tcp_from_contact  = [-21.2, +60.4, +17.7] mm | norm=66.4 mm
  alignment: before=0.79 deg | after=1.73 deg | gain=-0.93 deg
  alignment components [t1,t2,n] deg: before=[-0.75,-0.26,+0.00] | after=[-0.74,-1.56,-0.00]

-- setup surface-frame breakdown ---------------------------------------------
  frame              alignment-target [tangent1, tangent2, normal]
  force        [N]      = [    +3.37,     +1.01,    -83.19]
  tcp_disp     [mm]     = [    -2.21,     +0.03,    -21.94]
  contact_disp [mm]     = [    -3.25,     -0.15,     -2.40]
  Kp_eff=F/tcp [N/m]    = [  -1526.2,       n/a,    3791.2]
  M_contact    [Nm]     = [    -9.17,    +42.06,     +0.11]
  tip_angle    [deg]    = [    +0.02,     -1.31,     +0.53]
  KR_eff=M/ang [Nm/rad] = [      n/a,   -1845.6,      11.9]
  frame              tool face [length, width, tool axis]
  M_contact    [Nm]     = [   -41.96,     +9.58,     +0.69]

-- center of compliance ------------------------------------------------------
  definition         r_c = p_TCP - p_c
  p_TCP [x,y,z]    = [    515.6,      -0.8,      19.2] mm
  p_c [EE]         = [     -0.0,     -60.0,       0.0] mm
  r_c [t1,t2,n]    = [     -0.6,     -60.0,      -0.4] mm
                     p_c resolved at end of setup

-- effective TCP impedance ---------------------------------------------------
  K_TCP translation = [   1999.5,    1998.7,     351.8] N/m
  K_TCP rotation   = [      6.3,       5.0,      57.1] Nm/rad
  commanded KR was = [      5.0,       5.0,      50.0] Nm/rad   including lever contribution
  D_TCP translation = [    232.3,     170.5,     112.8] Ns/m
  D_TCP rotation   = [      1.7,       2.0,       1.6] Nms/rad
  coupling           max |moment per unit translation| = 119.9 Nm/m (K), 13.9 Nms/m (D)
  eigenvalues        K_TCP 4.98 .. 2007 | D_TCP 0.79 .. 233  (both positive: valid springs)

  K_TCP [N/m, Nm/rad | rows fx..mz, cols tx..rz]:
           tx        ty        tz    |    rx        ry        rz
  fx [    2000  -0.7871   -28.44 |   -1.707   -2.598   -119.9 ]
  fy [ -0.7871     1999   -45.62 |  -0.1224  0.02866    1.258 ]
  fz [  -28.44   -45.62    351.8 |    21.04  -0.1759    1.678 ]
     ---------------------------+---------------------------
  mx [  -1.707  -0.1224    21.04 |    6.275  0.01096   0.8779 ]
  my [  -2.598  0.02866  -0.1759 |  0.01096    5.038      1.4 ]
  mz [  -119.9    1.258    1.678 |   0.8779      1.4    57.15 ]

  D_TCP [Ns/m, Nms/rad]:
           tx        ty        tz    |    rx        ry        rz
  fx [   232.3 -0.05707   -2.062 |  -0.1238  -0.3026   -13.94 ]
  fy [-0.05707    170.5   -1.598 |   0.1271 0.001043   0.1067 ]
  fz [  -2.062   -1.598    112.8 |    6.765 -0.06564   0.1227 ]
     ---------------------------+---------------------------
  mx [ -0.1238   0.1271    6.765 |    1.709 -0.004177 -0.001231 ]
  my [ -0.3026 0.001043 -0.06564 | -0.004177    2.018 -0.01564 ]
  mz [  -13.94   0.1067   0.1227 | -0.001231 -0.01564    1.634 ]

[GATE] Set up finished (still pressing). Press Enter to start the grind (e+Enter stops).

Stop requested with e + Enter. Finishing control loop...

-- joint motion [deg] --------------------------------------------------------
  joint       start    final    delta
  q1            0.8      0.5     -0.3
  q2           12.1     30.0    +17.9
  q3           -0.5     -0.5     +0.1
  q4         -130.9   -129.2     +1.7
  q5           -0.2     -2.3     -2.1
  q6          142.9    155.2    +12.3
  q7           44.7     47.8     +3.1

==============================================================================
  FINAL RESULT
==============================================================================
  p_d              = [    513.7,      -7.4,    -218.7] mm
  p_EE             = [    515.6,      -0.8,      19.2] mm
  e_p              = [     -1.9,      -6.6,    -237.9] mm
  e_R              = [     0.02,     -1.29,      0.57] deg
------------------------------------------------------------------------------
  position error     238.02 mm
  rotation error     1.41 deg
  csv                logs/surface_grinding_controller_log.csv
------------------------------------------------------------------------------
