
==============================================================================
  SURFACE GRINDING CONTROLLER
==============================================================================
  robot              172.16.0.2
  parameters         /home/hm-panda/Desktop/Thesis_Final_Control/surface_grinding_controller/params
------------------------------------------------------------------------------

==============================================================================
  SURFACE GRINDING CONTROLLER - STARTUP MENU
==============================================================================

-- RUN MODES -----------------------------------------------------------------
  s      Run orientation, approach, setup, and grinding
  h      Cartesian pose hold at the initial posture
  t      Cartesian pose hold with the setup impedance
  g      Start manual guidance from the current robot pose

-- ROBOT PREPARATION ---------------------------------------------------------
  i      Move to the configured initial joint posture

-- GRIPPER AND TOOL ----------------------------------------------------------
  o      Open the gripper
  c      Grasp the tool
  r      Recalibrate the gripper with empty fingers
  f      Pick up the tool from the holder
  b      Return the tool to the holder

-- PROGRAM -------------------------------------------------------------------
  e      Exit
------------------------------------------------------------------------------
  During control: e = stop | m = startup menu | g = guidance
------------------------------------------------------------------------------
Selection [s/h/t/g/i/o/c/r/f/b/e]: 
-- SELECTED MODE: PHASE SEQUENCE ---------------------------------------------

-- moving to q_init ----------------------------------------------------------
  case               saved_qinit
  q1..q7 [deg]     = [0.8, 12.1, -0.5, -130.9, -0.2, 142.9, 44.7] deg
  saved_qinit = [0.014777, 0.210911, -0.009320, -2.284835, -0.002725, 2.493410, 0.780694] rad
  q_init reached.

-- start pose ----------------------------------------------------------------
  q_start          = [0.9, 12.1, -0.5, -130.9, -0.1, 142.9, 44.7] deg
  p_start          = [    531.4,       2.5,     156.8] mm

==============================================================================
  RUN
==============================================================================

-- phase: approach_orient ----------------------------------------------------
  Kp [t1,t2,n]     = [    150.0,     150.0,     150.0] N/m
  Dp [t1,t2,n]     = [    133.7,      94.2,     128.3] Ns/m     auto (factor 1.90)
  KR [t1,t2,n]     = [    180.0,     180.0,      90.0] Nm/rad
  DR [t1,t2,n]     = [     15.3,      25.0,       2.0] Nms/rad  auto (factor 1.90)
orient:     t=  0.0 s | axis_err=  8.5 deg | spin_err=  0.5 deg
orient:     t=  0.2 s | axis_err=  7.3 deg | spin_err=  0.3 deg
orient:     t=  0.4 s | axis_err=  3.3 deg | spin_err=  0.2 deg
orient:     t=  0.6 s | axis_err=  1.0 deg | spin_err=  0.3 deg
orient:     t=  0.8 s | axis_err=  0.9 deg | spin_err=  0.3 deg

Orientation reached: axis_err=0.8 deg | spin_err=0.3 deg

-- phase: approach_descend ---------------------------------------------------
  Kp [t1,t2,n]     = [    150.0,     150.0,     150.0] N/m
  Dp [t1,t2,n]     = [    133.7,      94.2,     128.3] Ns/m     auto (factor 1.90)
  KR [t1,t2,n]     = [    180.0,     180.0,      90.0] Nm/rad
  DR [t1,t2,n]     = [     15.3,      25.0,       2.0] Nms/rad  auto (factor 1.90)
  descend to         20 mm clearance at 0.100 m/s
descend:    t=  0.0 s | distance=   0.1 mm | height=+121.9 mm (target 20.0) | force=  0.0 N
descend:    t=  0.2 s | distance=  20.2 mm | height=+111.4 mm (target 20.0) | force=  1.3 N
descend:    t=  0.4 s | distance=  40.3 mm | height= +96.4 mm (target 20.0) | force=  3.2 N
descend:    t=  0.6 s | distance=  60.4 mm | height= +80.5 mm (target 20.0) | force=  3.2 N
descend:    t=  0.8 s | distance=  80.5 mm | height= +63.5 mm (target 20.0) | force=  2.1 N
descend:    t=  1.0 s | distance= 100.6 mm | height= +47.0 mm (target 20.0) | force=  3.6 N
descend:    t=  1.2 s | distance= 120.7 mm | height= +30.6 mm (target 20.0) | force=  2.5 N

Clearance reached: distance=133.8 mm | height=20.0 mm | target=20.0 mm | force=3.1 N
  offset_ee        = [     20.0,      60.0,      20.0] mm
  p_EE_at_contact  = [    516.4,       1.7,      49.7] mm
  contact_point    = [    534.7,     -55.7,       1.3] mm
  edge_offset      = [     18.4,     -57.5,     -48.4] mm

-- phase: setup --------------------------------------------------------------

-- setup impedance -----------------------------------------------------------
  law                wrench = K_TCP*dx + D_TCP*dv
                     K_TCP  = Ad(r_c)^T * blkdiag(Kp,KR) * Ad(r_c)
  Kp [t1,t2,n]     = [   2000.0,    2000.0,     350.0] N/m
  Dp [t1,t2,n]     = [    231.2,     178.0,     112.1] Ns/m     auto
  KR [t1,t2,n]     = [      5.0,       5.0,      50.0] Nm/rad
  DR [t1,t2,n]     = [      1.5,       1.9,       1.2] Nms/rad  auto
  p_c [EE]         = [     -0.0,       0.0,      20.0] mm       commanded in the tool frame
  r_c [t1,t2,n]    = [      0.7,      -3.1,      19.7] mm       p_TCP - p_c, in the plane
setup:     t=  0.0 s | ee=  0.0 deg | F=  0.2 N | M=  0.0 Nm (limit 150.0) | contact= 19.9 mm
setup:     t=  0.2 s | ee=  0.8 deg | F=  0.5 N | M=  0.8 Nm (limit 150.0) | contact=  7.9 mm
setup:     t=  0.4 s | ee=  1.6 deg | F= 13.8 N | M=  0.2 Nm (limit 150.0) | contact=  3.0 mm
setup:     t=  0.6 s | ee=  1.6 deg | F= 15.7 N | M=  1.0 Nm (limit 150.0) | contact=  3.0 mm
setup:     t=  0.8 s | ee=  1.6 deg | F= 20.6 N | M=  0.9 Nm (limit 150.0) | contact=  3.1 mm
setup:     t=  1.0 s | ee=  1.6 deg | F= 26.1 N | M=  0.9 Nm (limit 150.0) | contact=  3.2 mm
setup:     t=  1.2 s | ee=  1.6 deg | F= 31.9 N | M=  0.9 Nm (limit 150.0) | contact=  3.4 mm
setup:     t=  1.4 s | ee=  1.6 deg | F= 37.2 N | M=  0.9 Nm (limit 150.0) | contact=  3.5 mm
setup:     t=  1.6 s | ee=  1.6 deg | F= 42.7 N | M=  1.0 Nm (limit 150.0) | contact=  3.7 mm
setup:     t=  1.8 s | ee=  1.7 deg | F= 48.7 N | M=  0.9 Nm (limit 150.0) | contact=  3.8 mm
setup:     t=  2.0 s | ee=  1.7 deg | F= 54.1 N | M=  1.0 Nm (limit 150.0) | contact=  4.0 mm
setup:     t=  2.2 s | ee=  1.9 deg | F= 58.7 N | M=  0.9 Nm (limit 150.0) | contact=  4.1 mm
setup:     t=  2.4 s | ee=  2.1 deg | F= 66.2 N | M=  1.2 Nm (limit 150.0) | contact=  4.3 mm
setup:     t=  2.6 s | ee=  2.5 deg | F= 70.1 N | M=  1.1 Nm (limit 150.0) | contact=  4.4 mm
setup:     t=  2.8 s | ee=  3.4 deg | F= 74.0 N | M=  1.3 Nm (limit 150.0) | contact=  4.6 mm
setup:     t=  3.0 s | ee=  5.4 deg | F= 77.9 N | M=  1.7 Nm (limit 150.0) | contact=  4.8 mm
setup:     t=  3.2 s | ee=  7.7 deg | F= 84.7 N | M=  1.6 Nm (limit 150.0) | contact=  4.9 mm
setup:     t=  3.4 s | ee=  7.8 deg | F= 79.5 N | M=  1.8 Nm (limit 150.0) | contact=  4.8 mm
setup:     t=  3.6 s | ee=  7.8 deg | F= 79.6 N | M=  1.6 Nm (limit 150.0) | contact=  4.8 mm
setup:     t=  3.8 s | ee=  7.8 deg | F= 79.6 N | M=  1.6 Nm (limit 150.0) | contact=  4.8 mm
setup:     t=  4.0 s | ee=  7.8 deg | F= 79.5 N | M=  1.6 Nm (limit 150.0) | contact=  4.8 mm
setup:     t=  4.2 s | ee=  7.8 deg | F= 79.4 N | M=  1.6 Nm (limit 150.0) | contact=  4.8 mm
setup:     t=  4.4 s | ee=  7.8 deg | F= 79.6 N | M=  1.6 Nm (limit 150.0) | contact=  4.8 mm
setup:     t=  4.6 s | ee=  7.8 deg | F= 79.3 N | M=  1.6 Nm (limit 150.0) | contact=  4.8 mm
setup:     t=  4.8 s | ee=  7.8 deg | F= 79.3 N | M=  1.6 Nm (limit 150.0) | contact=  4.8 mm

==============================================================================
  SETUP RESULT
==============================================================================
  stop: time | t=5.0 s | ee=7.8 deg | F=79.3 N | M_TCP=1.6 Nm
  contact_from_start = [-2.3, +1.7, -3.8] mm | norm=4.8 mm
  tcp_from_contact  = [-19.9, +62.0, +17.6] mm | norm=67.5 mm
  deviation: before=9.25 deg | after=3.10 deg | gain=+6.15 deg
  t_align: not reached | tolerance=2.00 deg | hold=0.30 s
  deviation components [t1,t2,n] deg: before=[-9.23,-0.54,+0.00] | after=[-1.69,-2.60,-0.00]

-- setup surface-frame breakdown ---------------------------------------------
  frame              alignment-target [tangent1, tangent2, normal]
  force        [N]      = [    +3.77,     -4.70,    -79.03]
  tcp_disp     [mm]     = [    -1.00,     +5.40,    -30.72]
  contact_disp [mm]     = [    -2.27,     +1.85,     -3.81]
  Kp_eff=F/tcp [N/m]    = [  -3766.8,    -870.3,    2572.8]
  M_contact    [Nm]     = [    -5.80,     -0.29,     -0.01]
  ee_angle     [deg]    = [    +7.55,     -2.10,     +0.30]
  KR_eff=M/ang [Nm/rad] = [    -44.0,       7.8,      -2.4]
  frame              tool face [length, width, tool axis]
  M_contact    [Nm]     = [    +0.34,     +5.79,     +0.27]

-- center of compliance ------------------------------------------------------
  definition         r_c = p_TCP - p_c
  p_TCP [x,y,z]    = [    514.8,       6.3,      18.9] mm
  p_c [EE]         = [      0.0,       0.0,      20.0] mm
  r_c [t1,t2,n]    = [      1.4,      -0.5,      19.9] mm
                     p_c resolved at end of setup

-- effective TCP impedance ---------------------------------------------------
  K_TCP translation = [   1999.5,    1998.7,     351.8] N/m
  K_TCP rotation   = [      5.8,       5.8,      50.0] Nm/rad
  commanded KR was = [      5.0,       5.0,      50.0] Nm/rad   including lever contribution
  D_TCP translation = [    231.2,     177.9,     112.2] Ns/m
  D_TCP rotation   = [      1.6,       2.0,       1.2] Nms/rad
  coupling           max |moment per unit translation| = 39.9 Nm/m (K), 4.6 Nms/m (D)
  eigenvalues        K_TCP 5.00 .. 2001 | D_TCP 1.20 .. 231  (both positive: valid springs)

  K_TCP [N/m, Nm/rad | rows fx..mz, cols tx..rz]:
           tx        ty        tz    |    rx        ry        rz
  fx [    2000  -0.7871   -28.44 | -0.01314   -39.88   0.1801 ]
  fy [ -0.7871     1999   -45.62 |    39.82 -0.06542   -3.553 ]
  fz [  -28.44   -45.62    351.8 |  -0.9402    1.192  0.07856 ]
     ---------------------------+---------------------------
  mx [-0.01314    39.82  -0.9402 |    5.807  0.02006   0.7048 ]
  my [  -39.88 -0.06542    1.192 |  0.02006    5.831    1.241 ]
  mz [  0.1801   -3.553  0.07856 |   0.7048    1.241    49.96 ]

  D_TCP [Ns/m, Nms/rad]:
           tx        ty        tz    |    rx        ry        rz
  fx [   231.2 -0.05682   -2.053 | -0.0009484   -4.609  0.02077 ]
  fy [-0.05682    177.9    -1.82 |    3.544 -0.002104  -0.3163 ]
  fz [  -2.053    -1.82    112.2 | -0.04629   0.2404 0.003052 ]
     ---------------------------+---------------------------
  mx [-0.0009484    3.544 -0.04629 |    1.558 -0.000201 -0.01127 ]
  my [  -4.609 -0.002104   0.2404 | -0.000201    1.991 -0.01979 ]
  mz [ 0.02077  -0.3163 0.003052 | -0.01127 -0.01979      1.2 ]

[GATE] Set up finished (still pressing). Press Enter to start the grind (e+Enter stops).

Stop requested with e + Enter. Finishing control loop...

-- joint motion [deg] --------------------------------------------------------
  joint       start    final    delta
  q1            0.9      5.7     +4.8
  q2           12.1     30.3    +18.2
  q3           -0.5     -4.4     -3.8
  q4         -130.9   -128.6     +2.3
  q5           -0.1      4.7     +4.9
  q6          142.9    153.6    +10.8
  q7           44.7     43.0     -1.7

==============================================================================
  FINAL RESULT
==============================================================================
  p_d              = [    511.9,      -5.5,    -210.1] mm
  p_EE             = [    514.8,       6.3,      18.9] mm
  e_p              = [     -3.0,     -11.7,    -229.0] mm
  e_R              = [     7.55,     -2.10,      0.23] deg
------------------------------------------------------------------------------
  position error     229.30 mm
  rotation error     7.84 deg
  csv                logs/surface_grinding_controller_log.csv
------------------------------------------------------------------------------
