
==============================================================================
  SURFACE GRINDING CONTROLLER
==============================================================================
  robot              172.16.0.2
  parameters         /home/hm-panda/Desktop/Thesis_Final_Control/surface_grinding_controller/params
------------------------------------------------------------------------------

==============================================================================
  SURFACE GRINDING CONTROLLER - STARTUP MENU
==============================================================================

-- RUN MODES -----------------------------------------------------------------
  s      Run orientation, approach, setup, and grinding
  h      Cartesian pose hold at the initial posture
  t      Cartesian pose hold with the setup impedance
  g      Start manual guidance from the current robot pose

-- ROBOT PREPARATION ---------------------------------------------------------
  i      Move to the configured initial joint posture

-- GRIPPER AND TOOL ----------------------------------------------------------
  o      Open the gripper
  c      Grasp the tool
  r      Recalibrate the gripper with empty fingers
  f      Pick up the tool from the holder
  b      Return the tool to the holder

-- PROGRAM -------------------------------------------------------------------
  e      Exit
------------------------------------------------------------------------------
  During control: e = stop | m = startup menu | g = guidance
------------------------------------------------------------------------------
Selection [s/h/t/g/i/o/c/r/f/b/e]: 
-- SELECTED MODE: PHASE SEQUENCE ---------------------------------------------

-- moving to q_init ----------------------------------------------------------
  case               saved_qinit
  q1..q7 [deg]     = [0.8, 12.1, -0.5, -130.9, -0.2, 142.9, 44.7] deg
  saved_qinit = [0.014777, 0.210911, -0.009320, -2.284835, -0.002725, 2.493410, 0.780694] rad
  q_init reached.

-- start pose ----------------------------------------------------------------
  q_start          = [0.9, 12.1, -0.5, -130.9, -0.1, 142.9, 44.7] deg
  p_start          = [    531.3,       2.6,     156.8] mm

==============================================================================
  RUN
==============================================================================

-- phase: approach_orient ----------------------------------------------------
  Kp [t1,t2,n]     = [    150.0,     150.0,     150.0] N/m
  Dp [t1,t2,n]     = [    133.7,      94.2,     128.3] Ns/m     auto (factor 1.90)
  KR [t1,t2,n]     = [    180.0,     180.0,      90.0] Nm/rad
  DR [t1,t2,n]     = [     15.3,      25.0,       2.0] Nms/rad  auto (factor 1.90)
orient:     t=  0.0 s | axis_err= 12.5 deg | spin_err=  0.5 deg
orient:     t=  0.2 s | axis_err= 11.1 deg | spin_err=  0.4 deg
orient:     t=  0.4 s | axis_err=  7.9 deg | spin_err=  0.2 deg
orient:     t=  0.6 s | axis_err=  4.1 deg | spin_err=  0.1 deg
orient:     t=  0.8 s | axis_err=  1.7 deg | spin_err=  0.1 deg
orient:     t=  1.0 s | axis_err=  1.2 deg | spin_err=  0.1 deg
orient:     t=  1.2 s | axis_err=  1.0 deg | spin_err=  0.1 deg
orient:     t=  1.4 s | axis_err=  1.0 deg | spin_err=  0.1 deg
orient:     t=  1.6 s | axis_err=  0.9 deg | spin_err=  0.1 deg
orient:     t=  1.8 s | axis_err=  0.9 deg | spin_err=  0.1 deg

Orientation reached: axis_err=0.9 deg | spin_err=0.1 deg

-- phase: approach_descend ---------------------------------------------------
  Kp [t1,t2,n]     = [    150.0,     150.0,     150.0] N/m
  Dp [t1,t2,n]     = [    133.7,      94.2,     128.3] Ns/m     auto (factor 1.90)
  KR [t1,t2,n]     = [    180.0,     180.0,      90.0] Nm/rad
  DR [t1,t2,n]     = [     15.3,      25.0,       2.0] Nms/rad  auto (factor 1.90)
  descend to         20 mm clearance at 0.100 m/s
descend:    t=  0.0 s | distance=   0.1 mm | height=+121.9 mm (target 20.0) | force=  0.0 N
descend:    t=  0.2 s | distance=  20.2 mm | height=+110.8 mm (target 20.0) | force=  1.9 N
descend:    t=  0.4 s | distance=  40.3 mm | height= +94.8 mm (target 20.0) | force=  1.8 N
descend:    t=  0.6 s | distance=  60.4 mm | height= +77.6 mm (target 20.0) | force=  1.4 N
descend:    t=  0.8 s | distance=  80.5 mm | height= +60.1 mm (target 20.0) | force=  2.4 N
descend:    t=  1.0 s | distance= 100.6 mm | height= +42.4 mm (target 20.0) | force=  1.5 N
descend:    t=  1.2 s | distance= 120.7 mm | height= +25.1 mm (target 20.0) | force=  3.1 N

Clearance reached: distance=126.5 mm | height=20.0 mm | target=20.0 mm | force=1.6 N
  offset_ee        = [     20.0,      60.0,      20.0] mm
  p_EE_at_contact  = [    502.4,       0.5,      44.3] mm
  contact_point    = [    517.0,     -60.6,       1.8] mm
  edge_offset      = [     14.6,     -61.1,     -42.5] mm

-- phase: setup --------------------------------------------------------------

-- setup impedance -----------------------------------------------------------
  law                wrench = K_TCP*dx + D_TCP*dv
                     K_TCP  = Ad(r_c)^T * blkdiag(Kp,KR) * Ad(r_c)
  Kp [t1,t2,n]     = [   2000.0,    2000.0,     350.0] N/m
  Dp [t1,t2,n]     = [    236.7,     176.4,     109.9] Ns/m     auto
  KR [t1,t2,n]     = [      5.0,       5.0,      50.0] Nm/rad
  DR [t1,t2,n]     = [      1.3,       2.2,       1.2] Nms/rad  auto
  p_c [EE]         = [      0.0,     -40.0,      -0.0] mm       commanded in the tool frame
  r_c [t1,t2,n]    = [     -0.2,     -40.0,      -0.3] mm       p_TCP - p_c, in the plane
setup:     t=  0.0 s | ee=  0.0 deg | F=  0.0 N | M=  0.0 Nm (limit 150.0) | contact= 19.9 mm
setup:     t=  0.2 s | ee=  0.7 deg | F=  2.1 N | M=  0.9 Nm (limit 150.0) | contact=  7.5 mm
setup:     t=  0.4 s | ee=  1.4 deg | F= 20.5 N | M=  0.6 Nm (limit 150.0) | contact=  3.4 mm
setup:     t=  0.6 s | ee=  1.3 deg | F= 16.2 N | M=  0.5 Nm (limit 150.0) | contact=  3.4 mm
setup:     t=  0.8 s | ee=  1.3 deg | F= 21.0 N | M=  0.6 Nm (limit 150.0) | contact=  3.6 mm
setup:     t=  1.0 s | ee=  1.4 deg | F= 26.6 N | M=  0.7 Nm (limit 150.0) | contact=  3.8 mm
setup:     t=  1.2 s | ee=  1.4 deg | F= 32.2 N | M=  0.8 Nm (limit 150.0) | contact=  4.1 mm
setup:     t=  1.4 s | ee=  1.4 deg | F= 37.9 N | M=  1.1 Nm (limit 150.0) | contact=  4.4 mm
setup:     t=  1.6 s | ee=  1.4 deg | F= 43.9 N | M=  1.4 Nm (limit 150.0) | contact=  4.8 mm
setup:     t=  1.8 s | ee=  1.5 deg | F= 49.7 N | M=  1.6 Nm (limit 150.0) | contact=  5.2 mm
setup:     t=  2.0 s | ee=  1.5 deg | F= 54.8 N | M=  1.9 Nm (limit 150.0) | contact=  5.7 mm
setup:     t=  2.2 s | ee=  1.6 deg | F= 60.8 N | M=  2.3 Nm (limit 150.0) | contact=  6.1 mm
setup:     t=  2.4 s | ee=  1.6 deg | F= 66.0 N | M=  2.6 Nm (limit 150.0) | contact=  6.5 mm
setup:     t=  2.6 s | ee=  1.6 deg | F= 71.4 N | M=  2.9 Nm (limit 150.0) | contact=  6.7 mm
setup:     t=  2.8 s | ee=  1.6 deg | F= 77.0 N | M=  3.2 Nm (limit 150.0) | contact=  6.9 mm
setup:     t=  3.0 s | ee=  1.7 deg | F= 82.1 N | M=  3.4 Nm (limit 150.0) | contact=  7.1 mm
setup:     t=  3.2 s | ee=  1.7 deg | F= 87.5 N | M=  3.7 Nm (limit 150.0) | contact=  7.3 mm
setup:     t=  3.4 s | ee=  1.6 deg | F= 82.9 N | M=  3.5 Nm (limit 150.0) | contact=  7.2 mm
setup:     t=  3.6 s | ee=  1.6 deg | F= 82.3 N | M=  3.4 Nm (limit 150.0) | contact=  7.2 mm
setup:     t=  3.8 s | ee=  1.7 deg | F= 82.1 N | M=  3.5 Nm (limit 150.0) | contact=  7.2 mm
setup:     t=  4.0 s | ee=  1.7 deg | F= 82.0 N | M=  3.5 Nm (limit 150.0) | contact=  7.3 mm
setup:     t=  4.2 s | ee=  1.7 deg | F= 82.1 N | M=  3.4 Nm (limit 150.0) | contact=  7.3 mm
setup:     t=  4.4 s | ee=  1.7 deg | F= 82.0 N | M=  3.5 Nm (limit 150.0) | contact=  7.3 mm
setup:     t=  4.6 s | ee=  1.7 deg | F= 82.0 N | M=  3.5 Nm (limit 150.0) | contact=  7.3 mm
setup:     t=  4.8 s | ee=  1.7 deg | F= 82.0 N | M=  3.5 Nm (limit 150.0) | contact=  7.3 mm

==============================================================================
  SETUP RESULT
==============================================================================
  stop: time | t=5.0 s | ee=1.7 deg | F=82.0 N | M_TCP=3.5 Nm
  contact_from_start = [-4.7, -0.6, -5.6] mm | norm=7.3 mm
  tcp_from_contact  = [-18.7, +60.0, +17.6] mm | norm=65.3 mm
  deviation: before=10.06 deg | after=11.70 deg | gain=-1.64 deg
  t_align: not reached | tolerance=2.00 deg | hold=0.30 s
  t_align_fraction: not reached | fraction=0.50 of the deviation at contact
  deviation_min: 10.06 deg at t=0.01 s
  align_status: not_aligned
  deviation components [t1,t2,n] deg: before=[-0.79,-10.03,+0.00] | after=[-0.96,-11.66,+0.00]

-- setup surface-frame breakdown ---------------------------------------------
  frame              alignment-target [tangent1, tangent2, normal]
  force        [N]      = [    +5.59,     +1.86,    -81.81]
  tcp_disp     [mm]     = [    -3.65,     -0.39,    -25.06]
  contact_disp [mm]     = [    -4.59,     -0.40,     -5.65]
  Kp_eff=F/tcp [N/m]    = [  -1532.1,   -4750.0,    3264.9]
  M_contact    [Nm]     = [    -8.35,     -0.60,     -0.98]
  ee_angle     [deg]    = [    -0.13,     -1.64,     +0.24]
  KR_eff=M/ang [Nm/rad] = [   3823.5,      21.0,    -235.2]
  frame              tool face [length, width, tool axis]
  M_contact    [Nm]     = [    +0.69,     +7.98,     +2.63]

-- center of compliance ------------------------------------------------------
  definition         r_c = p_TCP - p_c
  p_TCP [x,y,z]    = [    498.4,      -0.5,      19.4] mm
  p_c [EE]         = [     -0.0,     -40.0,       0.0] mm
  r_c [t1,t2,n]    = [     -0.3,     -40.0,      -0.3] mm
                     p_c resolved at end of setup

-- effective TCP impedance ---------------------------------------------------
  K_TCP translation = [   1999.5,    1998.7,     351.8] N/m
  K_TCP rotation   = [      5.6,       5.0,      53.2] Nm/rad
  commanded KR was = [      5.0,       5.0,      50.0] Nm/rad   including lever contribution
  D_TCP translation = [    236.7,     176.3,     110.0] Ns/m
  D_TCP rotation   = [      1.5,       2.2,       1.6] Nms/rad
  coupling           max |moment per unit translation| = 80.0 Nm/m (K), 9.5 Nms/m (D)
  eigenvalues        K_TCP 4.99 .. 2003 | D_TCP 1.19 .. 237  (both positive: valid springs)

  K_TCP [N/m, Nm/rad | rows fx..mz, cols tx..rz]:
           tx        ty        tz    |    rx        ry        rz
  fx [    2000  -0.7871   -28.44 |   -1.138   -1.539   -79.96 ]
  fy [ -0.7871     1999   -45.62 |  -0.2765  0.01573    0.694 ]
  fz [  -28.44   -45.62    351.8 |    14.03 -0.09457    1.122 ]
     ---------------------------+---------------------------
  mx [  -1.138  -0.2765    14.03 |    5.574   0.0177    0.821 ]
  my [  -1.539  0.01573 -0.09457 |   0.0177    5.036    1.306 ]
  mz [  -79.96    0.694    1.122 |    0.821    1.306    53.15 ]

  D_TCP [Ns/m, Nms/rad]:
           tx        ty        tz    |    rx        ry        rz
  fx [   236.7 -0.06051   -2.186 | -0.08747  -0.1826   -9.466 ]
  fy [-0.06051    176.3   -1.837 |  0.06308 0.0006557  0.06086 ]
  fz [  -2.186   -1.837      110 |    4.397 -0.03477  0.08682 ]
     ---------------------------+---------------------------
  mx [-0.08747  0.06308    4.397 |    1.471 -0.001439 0.001731 ]
  my [ -0.1826 0.0006557 -0.03477 | -0.001439    2.216 -0.02104 ]
  mz [  -9.466  0.06086  0.08682 | 0.001731 -0.02104    1.571 ]

[GATE] Set up finished (still pressing). Press Enter to start the grind (e+Enter stops).

Stop requested with e + Enter. Finishing control loop...

-- joint motion [deg] --------------------------------------------------------
  joint       start    final    delta
  q1            0.9      0.4     -0.5
  q2           12.1     30.8    +18.7
  q3           -0.5     -0.2     +0.3
  q4         -130.9   -125.1     +5.8
  q5           -0.1     -1.3     -1.2
  q6          142.9    141.8     -1.1
  q7           44.7     46.9     +2.1

==============================================================================
  FINAL RESULT
==============================================================================
  p_d              = [    498.0,      -6.7,    -215.5] mm
  p_EE             = [    498.4,      -0.5,      19.4] mm
  e_p              = [     -0.4,      -6.1,    -234.9] mm
  e_R              = [    -0.12,     -1.63,      0.29] deg
------------------------------------------------------------------------------
  position error     234.94 mm
  rotation error     1.66 deg
  csv                logs/surface_grinding_controller_log.csv
------------------------------------------------------------------------------
