
==============================================================================
  SURFACE GRINDING CONTROLLER
==============================================================================
  robot              172.16.0.2
  parameters         /home/hm-panda/Desktop/Thesis_Final_Control/surface_grinding_controller/params
------------------------------------------------------------------------------

==============================================================================
  SURFACE GRINDING CONTROLLER - STARTUP MENU
==============================================================================

-- RUN MODES -----------------------------------------------------------------
  s      Run orientation, approach, setup, and grinding
  h      Cartesian pose hold at the initial posture
  t      Cartesian pose hold with the setup impedance
  g      Start manual guidance from the current robot pose

-- ROBOT PREPARATION ---------------------------------------------------------
  i      Move to the configured initial joint posture

-- GRIPPER AND TOOL ----------------------------------------------------------
  o      Open the gripper
  c      Grasp the tool
  r      Recalibrate the gripper with empty fingers
  f      Pick up the tool from the holder
  b      Return the tool to the holder

-- PROGRAM -------------------------------------------------------------------
  e      Exit
------------------------------------------------------------------------------
  During control: e = stop | m = startup menu | g = guidance
------------------------------------------------------------------------------
Selection [s/h/t/g/i/o/c/r/f/b/e]: 
-- SELECTED MODE: PHASE SEQUENCE ---------------------------------------------

-- moving to q_init ----------------------------------------------------------
  case               saved_qinit
  q1..q7 [deg]     = [0.8, 12.1, -0.5, -130.9, -0.2, 142.9, 44.7] deg
  saved_qinit = [0.014777, 0.210911, -0.009320, -2.284835, -0.002725, 2.493410, 0.780694] rad
  q_init reached.

-- start pose ----------------------------------------------------------------
  q_start          = [0.8, 12.1, -0.5, -130.9, -0.1, 142.9, 44.7] deg
  p_start          = [    531.3,       2.4,     156.8] mm

==============================================================================
  RUN
==============================================================================

-- phase: approach_orient ----------------------------------------------------
  Kp [t1,t2,n]     = [    150.0,     150.0,     150.0] N/m
  Dp [t1,t2,n]     = [    133.7,      94.2,     128.3] Ns/m     auto (factor 1.90)
  KR [t1,t2,n]     = [     90.0,      90.0,      90.0] Nm/rad
  DR [t1,t2,n]     = [     10.8,      17.7,       2.0] Nms/rad  auto (factor 1.90)
orient:     t=  0.0 s | axis_err=  1.6 deg | spin_err=  0.7 deg
orient:     t=  0.2 s | axis_err=  1.5 deg | spin_err=  0.1 deg
orient:     t=  0.4 s | axis_err=  1.5 deg | spin_err=  0.0 deg

Orientation reached: axis_err=1.5 deg | spin_err=0.0 deg

-- phase: approach_descend ---------------------------------------------------
  Kp [t1,t2,n]     = [    150.0,     150.0,     150.0] N/m
  Dp [t1,t2,n]     = [    133.7,      94.2,     128.3] Ns/m     auto (factor 1.90)
  KR [t1,t2,n]     = [     90.0,      90.0,      90.0] Nm/rad
  DR [t1,t2,n]     = [     10.8,      17.7,       2.0] Nms/rad  auto (factor 1.90)
  descend to         20 mm clearance at 0.100 m/s
descend:    t=  0.0 s | distance=   0.1 mm | height=+132.3 mm (target 20.0) | force=  0.0 N
descend:    t=  0.2 s | distance=  20.1 mm | height=+120.7 mm (target 20.0) | force=  0.8 N
descend:    t=  0.4 s | distance=  40.1 mm | height=+103.9 mm (target 20.0) | force=  1.7 N
descend:    t=  0.6 s | distance=  60.2 mm | height= +85.9 mm (target 20.0) | force=  0.7 N
descend:    t=  0.8 s | distance=  80.3 mm | height= +67.8 mm (target 20.0) | force=  2.3 N
descend:    t=  1.0 s | distance= 100.4 mm | height= +49.9 mm (target 20.0) | force=  1.4 N
descend:    t=  1.2 s | distance= 120.5 mm | height= +32.0 mm (target 20.0) | force=  2.7 N

Clearance reached: distance=134.1 mm | height=19.9 mm | target=20.0 mm | force=3.3 N
  offset_ee        = [     20.0,      60.0,      20.0] mm
  p_EE_at_contact  = [    520.1,      -0.5,      41.5] mm
  contact_point    = [    539.2,     -61.2,       1.4] mm
  edge_offset      = [     19.1,     -60.7,     -40.1] mm

-- phase: setup --------------------------------------------------------------

-- setup impedance -----------------------------------------------------------
  law                wrench = K_TCP*dx + D_TCP*dv
                     K_TCP  = Ad(r_c)^T * blkdiag(Kp,KR) * Ad(r_c)
  Kp [t1,t2,n]     = [   2000.0,    2000.0,     350.0] N/m
  Dp [t1,t2,n]     = [    231.6,     169.9,     113.1] Ns/m     auto
  KR [t1,t2,n]     = [      5.0,       5.0,      50.0] Nm/rad
  DR [t1,t2,n]     = [      1.3,       2.0,       0.8] Nms/rad  auto
  p_c [EE]         = [     -0.0,     -60.0,       0.0] mm       commanded in the tool frame
  r_c [t1,t2,n]    = [     -0.0,     -60.0,      -1.3] mm       p_TCP - p_c, in the plane
setup:     t=  0.0 s | tip=  0.0 deg | F=  0.0 N | M=  0.0 Nm (limit 150.0) | contact= 19.8 mm
setup:     t=  0.2 s | tip=  1.0 deg | F=  1.4 N | M=  0.6 Nm (limit 150.0) | contact=  7.4 mm
setup:     t=  0.4 s | tip=  1.5 deg | F= 14.1 N | M=  7.8 Nm (limit 150.0) | contact=  3.4 mm
setup:     t=  0.6 s | tip=  1.5 deg | F= 13.9 N | M=  7.7 Nm (limit 150.0) | contact=  3.4 mm
setup:     t=  0.8 s | tip=  1.5 deg | F= 19.3 N | M= 10.5 Nm (limit 150.0) | contact=  3.5 mm
setup:     t=  1.0 s | tip=  1.5 deg | F= 25.1 N | M= 13.6 Nm (limit 150.0) | contact=  3.6 mm
setup:     t=  1.2 s | tip=  1.5 deg | F= 30.8 N | M= 16.5 Nm (limit 150.0) | contact=  3.8 mm
setup:     t=  1.4 s | tip=  1.5 deg | F= 36.6 N | M= 19.5 Nm (limit 150.0) | contact=  3.9 mm
setup:     t=  1.6 s | tip=  1.5 deg | F= 41.9 N | M= 22.2 Nm (limit 150.0) | contact=  4.0 mm
setup:     t=  1.8 s | tip=  1.5 deg | F= 47.5 N | M= 25.1 Nm (limit 150.0) | contact=  4.2 mm
setup:     t=  2.0 s | tip=  1.6 deg | F= 52.9 N | M= 27.9 Nm (limit 150.0) | contact=  4.3 mm
setup:     t=  2.2 s | tip=  1.6 deg | F= 58.8 N | M= 31.0 Nm (limit 150.0) | contact=  4.4 mm
setup:     t=  2.4 s | tip=  1.6 deg | F= 64.6 N | M= 33.9 Nm (limit 150.0) | contact=  4.6 mm
setup:     t=  2.6 s | tip=  1.6 deg | F= 70.2 N | M= 36.8 Nm (limit 150.0) | contact=  4.7 mm
setup:     t=  2.8 s | tip=  1.6 deg | F= 76.1 N | M= 39.9 Nm (limit 150.0) | contact=  4.8 mm
setup:     t=  3.0 s | tip=  1.6 deg | F= 81.3 N | M= 42.6 Nm (limit 150.0) | contact=  4.9 mm
setup:     t=  3.2 s | tip=  1.6 deg | F= 86.8 N | M= 45.4 Nm (limit 150.0) | contact=  5.1 mm
setup:     t=  3.4 s | tip=  1.6 deg | F= 81.8 N | M= 43.0 Nm (limit 150.0) | contact=  4.9 mm
setup:     t=  3.6 s | tip=  1.6 deg | F= 81.7 N | M= 42.9 Nm (limit 150.0) | contact=  4.9 mm
setup:     t=  3.8 s | tip=  1.6 deg | F= 81.7 N | M= 42.9 Nm (limit 150.0) | contact=  4.9 mm
setup:     t=  4.0 s | tip=  1.6 deg | F= 81.6 N | M= 42.9 Nm (limit 150.0) | contact=  4.9 mm
setup:     t=  4.2 s | tip=  1.6 deg | F= 81.5 N | M= 42.8 Nm (limit 150.0) | contact=  4.9 mm
setup:     t=  4.4 s | tip=  1.6 deg | F= 81.5 N | M= 42.8 Nm (limit 150.0) | contact=  4.9 mm
setup:     t=  4.6 s | tip=  1.6 deg | F= 81.5 N | M= 42.8 Nm (limit 150.0) | contact=  4.9 mm
setup:     t=  4.8 s | tip=  1.6 deg | F= 81.4 N | M= 42.8 Nm (limit 150.0) | contact=  4.9 mm

==============================================================================
  SETUP RESULT
==============================================================================
  stop: time | t=5.0 s | tip=1.6 deg | F=81.4 N | M=42.7 Nm
  contact_from_start = [-3.7, -0.1, -3.3] mm | norm=4.9 mm
  tcp_from_contact  = [-22.0, +60.3, +17.2] mm | norm=66.4 mm
  alignment: before=1.34 deg | after=2.29 deg | gain=-0.95 deg
  alignment components [t1,t2,n] deg: before=[-1.25,-0.49,+0.00] | after=[-1.13,-1.99,-0.00]

-- setup surface-frame breakdown ---------------------------------------------
  frame              alignment-target [tangent1, tangent2, normal]
  force        [N]      = [    +3.74,     -0.29,    -81.31]
  tcp_disp     [mm]     = [    -2.51,     +0.20,    -22.92]
  contact_disp [mm]     = [    -3.61,     -0.02,     -3.36]
  Kp_eff=F/tcp [N/m]    = [  -1488.9,   -1445.1,    3547.7]
  M_contact    [Nm]     = [    -7.94,    +41.19,     -0.30]
  tip_angle    [deg]    = [    +0.13,     -1.52,     +0.50]
  KR_eff=M/ang [Nm/rad] = [  -3610.6,   -1556.5,     -34.6]
  frame              tool face [length, width, tool axis]
  M_contact    [Nm]     = [   -41.10,     +8.30,     +1.40]

-- center of compliance ------------------------------------------------------
  definition         r_c = p_TCP - p_c
  p_TCP [x,y,z]    = [    517.2,      -0.9,      18.6] mm
  p_c [EE]         = [      0.0,     -60.0,      -0.0] mm
  r_c [t1,t2,n]    = [     -0.6,     -60.0,      -1.2] mm
                     p_c resolved at end of setup

-- effective TCP impedance ---------------------------------------------------
  K_TCP translation = [   1999.5,    1998.7,     351.8] N/m
  K_TCP rotation   = [      6.3,       5.0,      57.1] Nm/rad
  commanded KR was = [      5.0,       5.0,      50.0] Nm/rad   including lever contribution
  D_TCP translation = [    231.6,     169.9,     113.2] Ns/m
  D_TCP rotation   = [      1.7,       2.0,       1.6] Nms/rad
  coupling           max |moment per unit translation| = 120.0 Nm/m (K), 13.9 Nms/m (D)
  eigenvalues        K_TCP 4.98 .. 2007 | D_TCP 0.79 .. 232  (both positive: valid springs)

  K_TCP [N/m, Nm/rad | rows fx..mz, cols tx..rz]:
           tx        ty        tz    |    rx        ry        rz
  fx [    2000  -0.7871   -28.44 |   -1.707  -0.9895     -120 ]
  fy [ -0.7871     1999   -45.62 |   -1.731  0.02776    1.246 ]
  fz [  -28.44   -45.62    351.8 |    21.08  -0.1966    1.679 ]
     ---------------------------+---------------------------
  mx [  -1.707   -1.731    21.08 |    6.277 0.009684   0.8769 ]
  my [ -0.9895  0.02776  -0.1966 | 0.009684    5.035    1.304 ]
  mz [    -120    1.246    1.679 |   0.8769    1.304    57.15 ]

  D_TCP [Ns/m, Nms/rad]:
           tx        ty        tz    |    rx        ry        rz
  fx [   231.6 -0.05653   -2.043 |  -0.1226  -0.1154   -13.89 ]
  fy [-0.05653    169.9    -1.57 | -0.008681 0.0009702   0.1053 ]
  fz [  -2.043    -1.57    113.2 |    6.791 -0.06686   0.1216 ]
     ---------------------------+---------------------------
  mx [ -0.1226 -0.008681    6.791 |    1.741 -0.00427 -0.002016 ]
  my [ -0.1154 0.0009702 -0.06686 | -0.00427    1.988 -0.02621 ]
  mz [  -13.89   0.1053   0.1216 | -0.002016 -0.02621    1.625 ]

[GATE] Set up finished (still pressing). Press Enter to start the grind (e+Enter stops).

Stop requested with e + Enter. Finishing control loop...

-- joint motion [deg] --------------------------------------------------------
  joint       start    final    delta
  q1            0.8      0.6     -0.3
  q2           12.1     30.1    +18.0
  q3           -0.5     -0.6     -0.0
  q4         -130.9   -129.6     +1.3
  q5           -0.1     -0.4     -0.3
  q6          142.9    156.8    +13.9
  q7           44.7     46.0     +1.3

==============================================================================
  FINAL RESULT
==============================================================================
  p_d              = [    515.6,      -7.7,    -218.3] mm
  p_EE             = [    517.2,      -0.9,      18.6] mm
  e_p              = [     -1.6,      -6.8,    -236.9] mm
  e_R              = [     0.13,     -1.50,      0.54] deg
------------------------------------------------------------------------------
  position error     237.03 mm
  rotation error     1.60 deg
  csv                logs/surface_grinding_controller_log.csv
------------------------------------------------------------------------------
