
==============================================================================
  SURFACE GRINDING CONTROLLER
==============================================================================
  robot              172.16.0.2
  parameters         /home/hm-panda/Desktop/Thesis_Final_Control/surface_grinding_controller/params
------------------------------------------------------------------------------

==============================================================================
  SURFACE GRINDING CONTROLLER - STARTUP MENU
==============================================================================

-- RUN MODES -----------------------------------------------------------------
  s      Run orientation, approach, contact establishment, and grinding
  h      Cartesian pose hold at the initial posture
  t      Cartesian pose hold with the contact establishment impedance
  g      Start manual guidance from the current robot pose

-- ROBOT PREPARATION ---------------------------------------------------------
  i      Move to the configured initial joint posture

-- GRIPPER AND TOOL ----------------------------------------------------------
  o      Open the gripper
  c      Grasp the tool
  r      Recalibrate the gripper with empty fingers
  f      Pick up the tool from the holder
  b      Return the tool to the holder

-- PROGRAM -------------------------------------------------------------------
  e      Exit
------------------------------------------------------------------------------
  During control: e = stop | m = startup menu | g = guidance
------------------------------------------------------------------------------
Selection [s/h/t/g/i/o/c/r/f/b/e]: 
-- SELECTED MODE: STATE SEQUENCE ---------------------------------------------

-- moving to q_init ----------------------------------------------------------
  case               saved_qinit
  q1..q7 [deg]     = [0.8, 12.1, -0.5, -130.9, -0.2, 142.9, 44.7] deg
  saved_qinit = [0.014777, 0.210911, -0.009320, -2.284835, -0.002725, 2.493410, 0.780694] rad
  q_init reached.

-- start pose ----------------------------------------------------------------
  q_start          = [0.8, 12.1, -0.5, -130.9, -0.2, 142.9, 44.7] deg
  p_start          = [    531.4,       2.4,     156.8] mm

==============================================================================
  RUN
==============================================================================

-- state: tool_orientation ---------------------------------------------------
  Kp [t1,t2,n]     = [    150.0,     150.0,     150.0] N/m
  Dp [t1,t2,n]     = [    133.7,      94.2,     128.3] Ns/m     auto (factor 1.90)
  KR [t1,t2,n]     = [    180.0,     180.0,      90.0] Nm/rad
  DR [t1,t2,n]     = [     15.3,      25.0,       2.0] Nms/rad  auto (factor 1.90)
orient:     t=  0.0 s | axis_err=  8.6 deg | spin_err=  0.5 deg
orient:     t=  0.2 s | axis_err=  7.3 deg | spin_err=  0.2 deg
orient:     t=  0.4 s | axis_err=  3.3 deg | spin_err=  0.2 deg
orient:     t=  0.6 s | axis_err=  1.1 deg | spin_err=  0.2 deg
orient:     t=  0.8 s | axis_err=  0.9 deg | spin_err=  0.2 deg

Orientation reached: axis_err=0.8 deg | spin_err=0.2 deg

-- state: surface_approach ---------------------------------------------------
  Kp [t1,t2,n]     = [    150.0,     150.0,     150.0] N/m
  Dp [t1,t2,n]     = [    133.7,      94.2,     128.3] Ns/m     auto (factor 1.90)
  KR [t1,t2,n]     = [    180.0,     180.0,      90.0] Nm/rad
  DR [t1,t2,n]     = [     15.3,      25.0,       2.0] Nms/rad  auto (factor 1.90)
  descend to         20 mm clearance at 0.100 m/s
descend:    t=  0.0 s | distance=   0.1 mm | height=+122.1 mm (target 20.0) | force=  0.0 N
descend:    t=  0.2 s | distance=  20.2 mm | height=+111.5 mm (target 20.0) | force=  1.3 N
descend:    t=  0.4 s | distance=  40.3 mm | height= +96.3 mm (target 20.0) | force=  2.3 N
descend:    t=  0.6 s | distance=  60.4 mm | height= +80.1 mm (target 20.0) | force=  2.1 N
descend:    t=  0.8 s | distance=  80.5 mm | height= +62.8 mm (target 20.0) | force=  2.3 N
descend:    t=  1.0 s | distance= 100.6 mm | height= +45.7 mm (target 20.0) | force=  3.1 N
descend:    t=  1.2 s | distance= 120.7 mm | height= +28.3 mm (target 20.0) | force=  2.5 N

Clearance reached: distance=130.6 mm | height=20.0 mm | target=20.0 mm | force=1.9 N
  offset_ee        = [     20.0,      60.0,      20.0] mm
  p_EE_at_contact  = [    516.7,       1.9,      49.8] mm
  contact_point    = [    535.2,     -55.5,       1.3] mm
  edge_offset      = [     18.5,     -57.4,     -48.5] mm

-- state: contact_establishment ----------------------------------------------

-- contact establishment impedance -------------------------------------------
  law                wrench = K_TCP*dx + D_TCP*dv
                     K_TCP  = Ad(r_c)^T * blkdiag(Kp,KR) * Ad(r_c)
  Kp [t1,t2,n]     = [   2000.0,    2000.0,     350.0] N/m
  Dp [t1,t2,n]     = [    231.2,     178.0,     112.1] Ns/m     auto
  KR [t1,t2,n]     = [      5.0,       5.0,      50.0] Nm/rad
  DR [t1,t2,n]     = [      1.5,       1.9,       1.2] Nms/rad  auto
  p_c [EE]         = [      0.0,     -90.0,       0.0] mm       commanded in the tool frame
  r_c [t1,t2,n]    = [      0.0,      88.9,      14.0] mm       p_c - p_TCP, in the plane
contact establishment:     t=  0.0 s | ee=  0.0 deg | F=  0.1 N | M=  0.0 Nm | contact= 19.9 mm
contact establishment:     t=  0.2 s | ee=  0.8 deg | F=  0.9 N | M=  0.8 Nm | contact=  7.7 mm
contact establishment:     t=  0.4 s | ee=  1.5 deg | F= 16.2 N | M=  0.2 Nm | contact=  4.1 mm
contact establishment:     t=  0.6 s | ee=  1.5 deg | F= 16.0 N | M=  0.7 Nm | contact=  4.0 mm
contact establishment:     t=  0.8 s | ee=  1.5 deg | F= 21.3 N | M=  0.9 Nm | contact=  4.2 mm
contact establishment:     t=  1.0 s | ee=  1.6 deg | F= 26.7 N | M=  0.9 Nm | contact=  4.3 mm
contact establishment:     t=  1.2 s | ee=  1.8 deg | F= 31.7 N | M=  0.7 Nm | contact=  4.4 mm
contact establishment:     t=  1.4 s | ee=  2.4 deg | F= 36.2 N | M=  1.2 Nm | contact=  4.5 mm
contact establishment:     t=  1.6 s | ee=  3.7 deg | F= 38.2 N | M=  1.2 Nm | contact=  4.4 mm
contact establishment:     t=  1.8 s | ee=  7.1 deg | F= 38.4 N | M=  1.0 Nm | contact=  4.3 mm
contact establishment:     t=  2.0 s | ee=  8.4 deg | F= 48.9 N | M=  5.1 Nm | contact=  3.4 mm
contact establishment:     t=  2.2 s | ee=  8.4 deg | F= 53.9 N | M=  5.3 Nm | contact=  3.5 mm
contact establishment:     t=  2.4 s | ee=  8.4 deg | F= 59.2 N | M=  5.6 Nm | contact=  3.6 mm
contact establishment:     t=  2.6 s | ee=  8.4 deg | F= 65.2 N | M=  6.0 Nm | contact=  3.7 mm
contact establishment:     t=  2.8 s | ee=  8.4 deg | F= 70.9 N | M=  6.4 Nm | contact=  3.8 mm
contact establishment:     t=  3.0 s | ee=  8.4 deg | F= 76.3 N | M=  6.8 Nm | contact=  3.9 mm
contact establishment:     t=  3.2 s | ee=  8.4 deg | F= 81.9 N | M=  7.1 Nm | contact=  4.0 mm
contact establishment:     t=  3.4 s | ee=  8.5 deg | F= 76.4 N | M=  6.9 Nm | contact=  3.9 mm
contact establishment:     t=  3.6 s | ee=  8.5 deg | F= 76.3 N | M=  6.9 Nm | contact=  3.9 mm
contact establishment:     t=  3.8 s | ee=  8.5 deg | F= 76.3 N | M=  6.9 Nm | contact=  3.9 mm
contact establishment:     t=  4.0 s | ee=  8.5 deg | F= 76.2 N | M=  6.9 Nm | contact=  3.9 mm
contact establishment:     t=  4.2 s | ee=  8.5 deg | F= 76.2 N | M=  6.9 Nm | contact=  3.9 mm
contact establishment:     t=  4.4 s | ee=  8.5 deg | F= 76.1 N | M=  6.9 Nm | contact=  3.9 mm
contact establishment:     t=  4.6 s | ee=  8.5 deg | F= 76.1 N | M=  6.9 Nm | contact=  3.9 mm
contact establishment:     t=  4.8 s | ee=  8.5 deg | F= 76.1 N | M=  6.9 Nm | contact=  3.9 mm

==============================================================================
  CONTACT-ESTABLISHMENT RESULT
==============================================================================
  stop: time | t=5.0 s | ee=8.5 deg | F=76.1 N | M_TCP=6.9 Nm
  contact_from_start = [-2.8, -1.3, -2.4] mm | norm=3.9 mm
  tcp_from_contact  = [-20.8, +59.1, +18.1] mm | norm=65.2 mm
  deviation: before=9.35 deg | after=2.36 deg | gain=+6.99 deg
  t_align: not reached | tolerance=2.00 deg | hold=0.30 s
  t_align_fraction: 1.71 s | fraction=0.50 of the deviation at contact
  deviation_min: 2.35 deg at t=1.96 s
  align_status: not_aligned
  deviation components [t1,t2,n] deg: before=[-9.34,-0.43,+0.00] | after=[-1.04,-2.11,+0.00]

-- contact establishment surface-frame breakdown -----------------------------
  frame              alignment-target [tangent1, tangent2, normal]
  force        [N]      = [    +3.50,     -5.06,    -75.85]
  tcp_disp     [mm]     = [    -1.83,     +2.54,    -30.33]
  contact_disp [mm]     = [    -2.73,     -1.25,     -2.52]
  Kp_eff=F/tcp [N/m]    = [  -1910.5,   -1996.5,    2501.4]
  M_contact    [Nm]     = [   -11.32,     -0.64,     -0.21]
  ee_angle     [deg]    = [    +8.30,     -1.70,     +0.13]
  KR_eff=M/ang [Nm/rad] = [    -78.1,      21.5,     -96.2]
  frame              tool face [length, width, tool axis]
  M_contact    [Nm]     = [    +0.70,    +11.30,     +0.62]

-- center of compliance ------------------------------------------------------
  definition         r_c = p_c - p_TCP
  p_TCP [x,y,z]    = [    514.4,       3.6,      19.5] mm
  p_c [EE]         = [      0.0,     -90.0,       0.0] mm
  r_c [t1,t2,n]    = [      0.4,      90.0,       1.0] mm
                     p_c resolved at end of contact establishment

-- effective TCP impedance ---------------------------------------------------
  K_TCP translation = [   1999.5,    1998.7,     351.8] N/m
  K_TCP rotation   = [      7.9,       5.0,      66.1] Nm/rad
  commanded KR was = [      5.0,       5.0,      50.0] Nm/rad   including lever contribution
  D_TCP translation = [    231.1,     178.0,     112.2] Ns/m
  D_TCP rotation   = [      2.4,       1.9,       3.1] Nms/rad
  coupling           max |moment per unit translation| = 179.9 Nm/m (K), 20.8 Nms/m (D)
  eigenvalues        K_TCP 4.96 .. 2017 | D_TCP 1.20 .. 233  (both positive: valid springs)

  K_TCP [N/m, Nm/rad | rows fx..mz, cols tx..rz]:
           tx        ty        tz    |    rx        ry        rz
  fx [    2000  -0.7871   -28.44 |    -2.56   -2.934   -179.9 ]
  fy [ -0.7871     1999   -45.62 |   -1.161  0.02084   0.9331 ]
  fz [  -28.44   -45.62    351.8 |    31.59  -0.1099    2.539 ]
     ---------------------------+---------------------------
  mx [   -2.56   -1.161    31.59 |    7.854  0.01161    1.005 ]
  my [  -2.934  0.02084  -0.1099 |  0.01161    5.039    1.508 ]
  mz [  -179.9   0.9331    2.539 |    1.005    1.508    66.14 ]

  D_TCP [Ns/m, Nms/rad]:
           tx        ty        tz    |    rx        ry        rz
  fx [   231.1 -0.05679   -2.052 |  -0.1847  -0.3396    -20.8 ]
  fy [-0.05679      178   -1.821 |  0.09828 0.0008694  0.08188 ]
  fz [  -2.052   -1.821    112.2 |    10.09 -0.04538   0.1838 ]
     ---------------------------+---------------------------
  mx [ -0.1847  0.09828    10.09 |    2.398 -0.004218  0.01178 ]
  my [ -0.3396 0.0008694 -0.04538 | -0.004218    1.896   0.0115 ]
  mz [   -20.8  0.08188   0.1838 |  0.01178   0.0115    3.079 ]

[STATE] Pre-grinding hold active. Press Enter to start grinding (e+Enter stops).

-- state: pre_grinding_hold --------------------------------------------------
  motion             established contact command
  impedance          inherited from contact establishment
  keys               Enter continue | e stop

Stop requested with e + Enter. Finishing control loop...

-- joint motion [deg] --------------------------------------------------------
  joint       start    final    delta
  q1            0.8      5.9     +5.0
  q2           12.1     30.1    +18.0
  q3           -0.5     -4.7     -4.2
  q4         -130.9   -129.1     +1.8
  q5           -0.2      3.7     +3.9
  q6          142.9    154.4    +11.5
  q7           44.7     43.6     -1.2

==============================================================================
  FINAL RESULT
==============================================================================
  p_d              = [    512.3,      -5.3,    -210.0] mm
  p_EE             = [    514.4,       3.6,      19.5] mm
  e_p              = [     -2.1,      -8.9,    -229.5] mm
  e_R              = [     8.30,     -1.70,      0.03] deg
------------------------------------------------------------------------------
  position error     229.65 mm
  rotation error     8.47 deg
  csv                logs/surface_grinding_controller_log.csv
------------------------------------------------------------------------------
