
==============================================================================
  SURFACE GRINDING CONTROLLER
==============================================================================
  robot              172.16.0.2
  parameters         /home/hm-panda/Desktop/Thesis_Final_Control/surface_grinding_controller/params
------------------------------------------------------------------------------

==============================================================================
  SURFACE GRINDING CONTROLLER - STARTUP MENU
==============================================================================

-- RUN MODES -----------------------------------------------------------------
  s      Run orientation, approach, setup, and grinding
  h      Cartesian pose hold at the initial posture
  t      Cartesian pose hold with the setup impedance
  g      Start manual guidance from the current robot pose

-- ROBOT PREPARATION ---------------------------------------------------------
  i      Move to the configured initial joint posture

-- GRIPPER AND TOOL ----------------------------------------------------------
  o      Open the gripper
  c      Grasp the tool
  r      Recalibrate the gripper with empty fingers
  f      Pick up the tool from the holder
  b      Return the tool to the holder

-- PROGRAM -------------------------------------------------------------------
  e      Exit
------------------------------------------------------------------------------
  During control: e = stop | m = startup menu | g = guidance
------------------------------------------------------------------------------
Selection [s/h/t/g/i/o/c/r/f/b/e]: 
-- SELECTED MODE: PHASE SEQUENCE ---------------------------------------------

-- moving to q_init ----------------------------------------------------------
  case               saved_qinit
  q1..q7 [deg]     = [0.8, 12.1, -0.5, -130.9, -0.2, 142.9, 44.7] deg
  saved_qinit = [0.014777, 0.210911, -0.009320, -2.284835, -0.002725, 2.493410, 0.780694] rad
  q_init reached.

-- start pose ----------------------------------------------------------------
  q_start          = [0.8, 12.1, -0.5, -130.9, -0.1, 142.9, 44.7] deg
  p_start          = [    531.3,       2.4,     156.8] mm

==============================================================================
  RUN
==============================================================================

-- phase: approach_orient ----------------------------------------------------
  Kp [t1,t2,n]     = [    150.0,     150.0,     150.0] N/m
  Dp [t1,t2,n]     = [    133.7,      94.2,     128.3] Ns/m     auto (factor 1.90)
  KR [t1,t2,n]     = [     90.0,      90.0,      90.0] Nm/rad
  DR [t1,t2,n]     = [     10.8,      17.7,       2.0] Nms/rad  auto (factor 1.90)
orient:     t=  0.0 s | axis_err=  8.6 deg | spin_err=  0.6 deg
orient:     t=  0.2 s | axis_err=  8.1 deg | spin_err=  0.0 deg
orient:     t=  0.4 s | axis_err=  4.9 deg | spin_err=  0.2 deg
orient:     t=  0.6 s | axis_err=  2.1 deg | spin_err=  0.2 deg

Orientation reached: axis_err=2.0 deg | spin_err=0.2 deg

-- phase: approach_descend ---------------------------------------------------
  Kp [t1,t2,n]     = [    150.0,     150.0,     150.0] N/m
  Dp [t1,t2,n]     = [    133.7,      94.2,     128.3] Ns/m     auto (factor 1.90)
  KR [t1,t2,n]     = [     90.0,      90.0,      90.0] Nm/rad
  DR [t1,t2,n]     = [     10.8,      17.7,       2.0] Nms/rad  auto (factor 1.90)
  descend to         20 mm clearance at 0.100 m/s
descend:    t=  0.0 s | distance=   0.1 mm | height=+125.2 mm (target 20.0) | force=  0.0 N
descend:    t=  0.2 s | distance=  20.1 mm | height=+113.4 mm (target 20.0) | force=  1.7 N
descend:    t=  0.4 s | distance=  40.2 mm | height= +97.6 mm (target 20.0) | force=  2.0 N
descend:    t=  0.6 s | distance=  60.3 mm | height= +81.3 mm (target 20.0) | force=  2.5 N
descend:    t=  0.8 s | distance=  80.4 mm | height= +64.3 mm (target 20.0) | force=  3.0 N
descend:    t=  1.0 s | distance= 100.5 mm | height= +47.0 mm (target 20.0) | force=  3.8 N
descend:    t=  1.2 s | distance= 120.6 mm | height= +30.1 mm (target 20.0) | force=  3.4 N

Clearance reached: distance=132.2 mm | height=19.9 mm | target=20.0 mm | force=1.4 N
  offset_ee        = [     20.0,      60.0,      20.0] mm
  p_EE_at_contact  = [    519.2,       1.8,      48.9] mm
  contact_point    = [    538.1,     -55.9,       1.3] mm
  edge_offset      = [     18.8,     -57.7,     -47.6] mm

-- phase: setup --------------------------------------------------------------

-- setup impedance -----------------------------------------------------------
  law                wrench = K_TCP*dx + D_TCP*dv
                     K_TCP  = Ad(r_c)^T * blkdiag(Kp,KR) * Ad(r_c)
  Kp [t1,t2,n]     = [   2000.0,    2000.0,     350.0] N/m
  Dp [t1,t2,n]     = [    230.7,     177.1,     112.4] Ns/m     auto
  KR [t1,t2,n]     = [      5.0,       5.0,      50.0] Nm/rad
  DR [t1,t2,n]     = [      1.5,       1.9,       1.2] Nms/rad  auto
  p_c [EE]         = [     -0.0,      50.0,       0.0] mm       commanded in the tool frame
  r_c [t1,t2,n]    = [     -0.0,      49.5,       7.3] mm       p_TCP - p_c, in the plane
setup:     t=  0.0 s | tip=  0.0 deg | F=  0.0 N | M=  0.0 Nm (limit 150.0) | contact= 19.9 mm
setup:     t=  0.2 s | tip=  0.9 deg | F=  1.8 N | M=  1.3 Nm (limit 150.0) | contact=  7.3 mm
setup:     t=  0.4 s | tip=  1.5 deg | F= 18.4 N | M= 10.1 Nm (limit 150.0) | contact=  2.9 mm
setup:     t=  0.6 s | tip=  1.5 deg | F= 16.3 N | M=  9.3 Nm (limit 150.0) | contact=  3.0 mm
setup:     t=  0.8 s | tip=  1.5 deg | F= 22.1 N | M= 12.2 Nm (limit 150.0) | contact=  3.2 mm
setup:     t=  1.0 s | tip=  1.6 deg | F= 27.9 N | M= 15.1 Nm (limit 150.0) | contact=  3.4 mm
setup:     t=  1.2 s | tip=  1.6 deg | F= 33.4 N | M= 18.0 Nm (limit 150.0) | contact=  3.5 mm
setup:     t=  1.4 s | tip=  1.6 deg | F= 38.8 N | M= 20.8 Nm (limit 150.0) | contact=  3.7 mm
setup:     t=  1.6 s | tip=  1.6 deg | F= 44.5 N | M= 23.7 Nm (limit 150.0) | contact=  3.8 mm
setup:     t=  1.8 s | tip=  1.6 deg | F= 50.1 N | M= 26.6 Nm (limit 150.0) | contact=  4.0 mm
setup:     t=  2.0 s | tip=  1.6 deg | F= 55.6 N | M= 29.5 Nm (limit 150.0) | contact=  4.2 mm
setup:     t=  2.2 s | tip=  1.6 deg | F= 61.5 N | M= 32.5 Nm (limit 150.0) | contact=  4.3 mm
setup:     t=  2.4 s | tip=  1.7 deg | F= 67.3 N | M= 35.5 Nm (limit 150.0) | contact=  4.5 mm
setup:     t=  2.6 s | tip=  1.7 deg | F= 72.6 N | M= 38.3 Nm (limit 150.0) | contact=  4.6 mm
setup:     t=  2.8 s | tip=  1.7 deg | F= 78.0 N | M= 41.1 Nm (limit 150.0) | contact=  4.8 mm
setup:     t=  3.0 s | tip=  1.7 deg | F= 83.4 N | M= 43.9 Nm (limit 150.0) | contact=  4.9 mm
setup:     t=  3.2 s | tip=  1.7 deg | F= 88.9 N | M= 46.8 Nm (limit 150.0) | contact=  5.1 mm
setup:     t=  3.4 s | tip=  1.7 deg | F= 83.2 N | M= 43.9 Nm (limit 150.0) | contact=  4.9 mm
setup:     t=  3.6 s | tip=  1.7 deg | F= 83.0 N | M= 43.8 Nm (limit 150.0) | contact=  4.9 mm
setup:     t=  3.8 s | tip=  1.7 deg | F= 82.9 N | M= 43.8 Nm (limit 150.0) | contact=  4.9 mm
setup:     t=  4.0 s | tip=  1.7 deg | F= 82.9 N | M= 43.8 Nm (limit 150.0) | contact=  5.0 mm
setup:     t=  4.2 s | tip=  1.7 deg | F= 83.0 N | M= 43.8 Nm (limit 150.0) | contact=  5.0 mm
setup:     t=  4.4 s | tip=  1.7 deg | F= 82.9 N | M= 43.8 Nm (limit 150.0) | contact=  4.9 mm
setup:     t=  4.6 s | tip=  1.7 deg | F= 82.9 N | M= 43.8 Nm (limit 150.0) | contact=  5.0 mm
setup:     t=  4.8 s | tip=  1.7 deg | F= 82.8 N | M= 43.7 Nm (limit 150.0) | contact=  5.0 mm

==============================================================================
  SETUP RESULT
==============================================================================
  stop: time | t=5.0 s | tip=1.7 deg | F=82.7 N | M=43.7 Nm
  contact_from_start = [-2.5, +0.4, -4.3] mm | norm=5.0 mm
  tcp_from_contact  = [-21.1, +57.5, +23.8] mm | norm=65.7 mm
  alignment: before=8.47 deg | after=8.72 deg | gain=-0.24 deg
  alignment components [t1,t2,n] deg: before=[-8.41,-1.01,+0.00] | after=[-8.29,-2.70,-0.00]

-- setup surface-frame breakdown ---------------------------------------------
  frame              alignment-target [tangent1, tangent2, normal]
  force        [N]      = [    +3.58,     -1.22,    -82.62]
  tcp_disp     [mm]     = [    -1.81,     +0.46,    -23.80]
  contact_disp [mm]     = [    -2.41,     +0.48,     -4.30]
  Kp_eff=F/tcp [N/m]    = [  -1976.3,   -2668.1,    3471.3]
  M_contact    [Nm]     = [    -1.45,    +42.09,     -0.52]
  tip_angle    [deg]    = [    +0.12,     -1.67,     -0.25]
  KR_eff=M/ang [Nm/rad] = [   -702.3,   -1448.0,     118.4]
  frame              tool face [length, width, tool axis]
  M_contact    [Nm]     = [   -41.57,     +1.11,     +6.65]

-- center of compliance ------------------------------------------------------
  definition         r_c = p_TCP - p_c
  p_TCP [x,y,z]    = [    517.0,       1.6,      25.1] mm
  p_c [EE]         = [     -0.0,      50.0,      -0.0] mm
  r_c [t1,t2,n]    = [     -0.0,      49.5,       7.2] mm
                     p_c resolved at end of setup

-- effective TCP impedance ---------------------------------------------------
  K_TCP translation = [   1999.5,    1998.7,     351.8] N/m
  K_TCP rotation   = [      6.0,       5.1,      54.9] Nm/rad
  commanded KR was = [      5.0,       5.0,      50.0] Nm/rad   including lever contribution
  D_TCP translation = [    230.6,     177.1,     112.4] Ns/m
  D_TCP rotation   = [      1.8,       1.9,       1.7] Nms/rad
  coupling           max |moment per unit translation| = 99.3 Nm/m (K), 11.5 Nms/m (D)
  eigenvalues        K_TCP 4.99 .. 2005 | D_TCP 1.17 .. 231  (both positive: valid springs)

  K_TCP [N/m, Nm/rad | rows fx..mz, cols tx..rz]:
           tx        ty        tz    |    rx        ry        rz
  fx [    2000  -0.7871   -28.44 |    1.408   -11.68    99.29 ]
  fy [ -0.7871     1999   -45.62 |    13.94  0.00065  -0.2121 ]
  fz [  -28.44   -45.62    351.8 |   -17.73   0.1966   -1.408 ]
     ---------------------------+---------------------------
  mx [   1.408    13.94   -17.73 |    5.975  0.01171   0.8443 ]
  my [  -11.68  0.00065   0.1966 |  0.01171    5.103    0.664 ]
  mz [   99.29  -0.2121   -1.408 |   0.8443    0.664    54.88 ]

  D_TCP [Ns/m, Nms/rad]:
           tx        ty        tz    |    rx        ry        rz
  fx [   230.6 -0.05643   -2.039 |   0.1009   -1.347    11.45 ]
  fy [-0.05643    177.1    -1.79 |    1.123 0.0001747 -0.01813 ]
  fz [  -2.039    -1.79    112.4 |   -5.594  0.02164  -0.1011 ]
     ---------------------------+---------------------------
  mx [  0.1009    1.123   -5.594 |    1.773 -0.001225 -0.0005455 ]
  my [  -1.347 0.0001747  0.02164 | -0.001225    1.889 -0.08656 ]
  mz [   11.45 -0.01813  -0.1011 | -0.0005455 -0.08656    1.741 ]

[GATE] Set up finished (still pressing). Press Enter to start the grind (e+Enter stops).

Stop requested with e + Enter. Finishing control loop...

-- joint motion [deg] --------------------------------------------------------
  joint       start    final    delta
  q1            0.8      0.7     -0.1
  q2           12.1     29.4    +17.3
  q3           -0.5     -0.8     -0.3
  q4         -130.9   -128.9     +2.0
  q5           -0.1     16.2    +16.3
  q6          142.9    153.7    +10.8
  q7           44.7     30.0    -14.7

==============================================================================
  FINAL RESULT
==============================================================================
  p_d              = [    514.7,      -5.4,    -210.9] mm
  p_EE             = [    517.0,       1.6,      25.1] mm
  e_p              = [     -2.3,      -7.0,    -236.0] mm
  e_R              = [     0.11,     -1.67,     -0.21] deg
------------------------------------------------------------------------------
  position error     236.15 mm
  rotation error     1.69 deg
  csv                logs/surface_grinding_controller_log.csv
------------------------------------------------------------------------------
