
==============================================================================
  SURFACE GRINDING CONTROLLER
==============================================================================
  robot              172.16.0.2
  parameters         /home/hm-panda/Desktop/Thesis_Final_Control/surface_grinding_controller/params
------------------------------------------------------------------------------

==============================================================================
  SURFACE GRINDING CONTROLLER - STARTUP MENU
==============================================================================

-- RUN MODES -----------------------------------------------------------------
  s      Run orientation, approach, setup, and grinding
  h      Cartesian pose hold at the initial posture
  t      Cartesian pose hold with the setup impedance
  g      Start manual guidance from the current robot pose

-- ROBOT PREPARATION ---------------------------------------------------------
  i      Move to the configured initial joint posture

-- GRIPPER AND TOOL ----------------------------------------------------------
  o      Open the gripper
  c      Grasp the tool
  r      Recalibrate the gripper with empty fingers
  f      Pick up the tool from the holder
  b      Return the tool to the holder

-- PROGRAM -------------------------------------------------------------------
  e      Exit
------------------------------------------------------------------------------
  During control: e = stop | m = startup menu | g = guidance
------------------------------------------------------------------------------
Selection [s/h/t/g/i/o/c/r/f/b/e]: 
-- SELECTED MODE: PHASE SEQUENCE ---------------------------------------------

-- moving to q_init ----------------------------------------------------------
  case               saved_qinit
  q1..q7 [deg]     = [0.8, 12.1, -0.5, -130.9, -0.2, 142.9, 44.7] deg
  saved_qinit = [0.014777, 0.210911, -0.009320, -2.284835, -0.002725, 2.493410, 0.780694] rad
  q_init reached.

-- start pose ----------------------------------------------------------------
  q_start          = [0.9, 12.1, -0.5, -130.9, -0.1, 142.9, 44.7] deg
  p_start          = [    531.3,       2.5,     156.8] mm

==============================================================================
  RUN
==============================================================================

-- phase: approach_orient ----------------------------------------------------
  Kp [t1,t2,n]     = [    150.0,     150.0,     150.0] N/m
  Dp [t1,t2,n]     = [    133.7,      94.2,     128.3] Ns/m     auto (factor 1.90)
  KR [t1,t2,n]     = [     90.0,      90.0,      90.0] Nm/rad
  DR [t1,t2,n]     = [     10.8,      17.7,       2.0] Nms/rad  auto (factor 1.90)
orient:     t=  0.0 s | axis_err=  8.6 deg | spin_err=  0.6 deg
orient:     t=  0.2 s | axis_err=  8.0 deg | spin_err=  0.1 deg
orient:     t=  0.4 s | axis_err=  4.9 deg | spin_err=  0.2 deg

Orientation reached: axis_err=2.0 deg | spin_err=0.2 deg

-- phase: approach_descend ---------------------------------------------------
  Kp [t1,t2,n]     = [    150.0,     150.0,     150.0] N/m
  Dp [t1,t2,n]     = [    133.7,      94.2,     128.3] Ns/m     auto (factor 1.90)
  KR [t1,t2,n]     = [     90.0,      90.0,      90.0] Nm/rad
  DR [t1,t2,n]     = [     10.8,      17.7,       2.0] Nms/rad  auto (factor 1.90)
  descend to         20 mm clearance at 0.100 m/s
descend:    t=  0.0 s | distance=   0.1 mm | height=+125.5 mm (target 20.0) | force=  0.0 N
descend:    t=  0.2 s | distance=  20.1 mm | height=+113.7 mm (target 20.0) | force=  1.9 N
descend:    t=  0.4 s | distance=  40.1 mm | height= +97.9 mm (target 20.0) | force=  3.0 N
descend:    t=  0.6 s | distance=  60.2 mm | height= +81.7 mm (target 20.0) | force=  3.5 N
descend:    t=  0.8 s | distance=  80.3 mm | height= +64.4 mm (target 20.0) | force=  2.4 N
descend:    t=  1.0 s | distance= 100.4 mm | height= +47.0 mm (target 20.0) | force=  3.8 N
descend:    t=  1.2 s | distance= 120.5 mm | height= +30.2 mm (target 20.0) | force=  3.4 N

Clearance reached: distance=132.3 mm | height=20.0 mm | target=20.0 mm | force=2.0 N
  offset_ee        = [     20.0,      60.0,      20.0] mm
  p_EE_at_contact  = [    519.3,       1.3,      48.9] mm
  contact_point    = [    538.1,     -56.4,       1.3] mm
  edge_offset      = [     18.8,     -57.7,     -47.6] mm

-- phase: setup --------------------------------------------------------------

-- setup impedance -----------------------------------------------------------
  law                wrench = K_TCP*dx + D_TCP*dv
                     K_TCP  = Ad(r_c)^T * blkdiag(Kp,KR) * Ad(r_c)
  Kp [t1,t2,n]     = [   2000.0,    2000.0,     350.0] N/m
  Dp [t1,t2,n]     = [    230.6,     177.2,     112.4] Ns/m     auto
  KR [t1,t2,n]     = [      5.0,       5.0,      50.0] Nm/rad
  DR [t1,t2,n]     = [      1.5,       1.9,       1.2] Nms/rad  auto
  p_c [EE]         = [      0.0,       0.0,       0.0] mm       commanded in the tool frame
  r_c [t1,t2,n]    = [      0.0,      -0.0,       0.0] mm       p_TCP - p_c, in the plane
setup:     t=  0.0 s | tip=  0.0 deg | F=  0.0 N | M=  0.0 Nm (limit 150.0) | contact= 19.9 mm
setup:     t=  0.2 s | tip=  0.8 deg | F=  1.7 N | M=  1.3 Nm (limit 150.0) | contact=  7.4 mm
setup:     t=  0.4 s | tip=  1.5 deg | F= 20.0 N | M= 10.6 Nm (limit 150.0) | contact=  3.1 mm
setup:     t=  0.6 s | tip=  1.5 deg | F= 16.5 N | M=  9.3 Nm (limit 150.0) | contact=  3.2 mm
setup:     t=  0.8 s | tip=  1.6 deg | F= 21.6 N | M= 12.1 Nm (limit 150.0) | contact=  3.4 mm
setup:     t=  1.0 s | tip=  1.6 deg | F= 27.6 N | M= 15.1 Nm (limit 150.0) | contact=  3.5 mm
setup:     t=  1.2 s | tip=  1.6 deg | F= 33.4 N | M= 18.2 Nm (limit 150.0) | contact=  3.7 mm
setup:     t=  1.4 s | tip=  1.6 deg | F= 38.8 N | M= 20.8 Nm (limit 150.0) | contact=  3.8 mm
setup:     t=  1.6 s | tip=  1.6 deg | F= 44.4 N | M= 23.7 Nm (limit 150.0) | contact=  4.0 mm
setup:     t=  1.8 s | tip=  1.7 deg | F= 50.5 N | M= 26.8 Nm (limit 150.0) | contact=  4.1 mm
setup:     t=  2.0 s | tip=  1.7 deg | F= 55.5 N | M= 29.4 Nm (limit 150.0) | contact=  4.3 mm
setup:     t=  2.2 s | tip=  1.9 deg | F= 62.2 N | M= 32.9 Nm (limit 150.0) | contact=  4.3 mm
setup:     t=  2.4 s | tip=  2.2 deg | F= 66.2 N | M= 34.8 Nm (limit 150.0) | contact=  4.4 mm
setup:     t=  2.6 s | tip=  2.6 deg | F= 72.0 N | M= 38.0 Nm (limit 150.0) | contact=  4.4 mm
setup:     t=  2.8 s | tip=  4.0 deg | F= 75.0 N | M= 39.5 Nm (limit 150.0) | contact=  4.7 mm
setup:     t=  3.0 s | tip=  6.1 deg | F= 80.5 N | M= 42.4 Nm (limit 150.0) | contact=  4.9 mm
setup:     t=  3.2 s | tip=  7.4 deg | F= 85.3 N | M= 45.2 Nm (limit 150.0) | contact=  4.8 mm
setup:     t=  3.4 s | tip=  7.4 deg | F= 80.6 N | M= 42.8 Nm (limit 150.0) | contact=  4.8 mm
setup:     t=  3.6 s | tip=  7.4 deg | F= 80.5 N | M= 42.7 Nm (limit 150.0) | contact=  4.8 mm
setup:     t=  3.8 s | tip=  7.4 deg | F= 80.5 N | M= 42.7 Nm (limit 150.0) | contact=  4.8 mm
setup:     t=  4.0 s | tip=  7.4 deg | F= 80.4 N | M= 42.7 Nm (limit 150.0) | contact=  4.8 mm
setup:     t=  4.2 s | tip=  7.4 deg | F= 80.4 N | M= 42.6 Nm (limit 150.0) | contact=  4.8 mm
setup:     t=  4.4 s | tip=  7.4 deg | F= 80.3 N | M= 42.6 Nm (limit 150.0) | contact=  4.8 mm
setup:     t=  4.6 s | tip=  7.4 deg | F= 80.3 N | M= 42.6 Nm (limit 150.0) | contact=  4.8 mm
setup:     t=  4.8 s | tip=  7.4 deg | F= 80.3 N | M= 42.6 Nm (limit 150.0) | contact=  4.8 mm

==============================================================================
  SETUP RESULT
==============================================================================
  stop: time | t=5.0 s | tip=7.4 deg | F=80.3 N | M=42.6 Nm
  contact_from_start = [-2.6, +1.3, -3.8] mm | norm=4.8 mm
  tcp_from_contact  = [-20.7, +61.5, +17.2] mm | norm=67.2 mm
  alignment: before=8.48 deg | after=3.16 deg | gain=+5.31 deg
  alignment components [t1,t2,n] deg: before=[-8.42,-0.98,+0.00] | after=[-1.34,-2.87,+0.00]

-- setup surface-frame breakdown ---------------------------------------------
  frame              alignment-target [tangent1, tangent2, normal]
  force        [N]      = [    +3.05,     -8.57,    -79.76]
  tcp_disp     [mm]     = [    -1.40,     +4.65,    -30.34]
  contact_disp [mm]     = [    -2.57,     +1.37,     -3.82]
  Kp_eff=F/tcp [N/m]    = [  -2175.3,   -1844.8,    2629.1]
  M_contact    [Nm]     = [    -5.65,    +40.97,     -4.26]
  tip_angle    [deg]    = [    +7.09,     -1.93,     +0.30]
  KR_eff=M/ang [Nm/rad] = [    -45.6,   -1219.2,    -823.0]
  frame              tool face [length, width, tool axis]
  M_contact    [Nm]     = [   -40.81,     +5.74,     +5.49]

-- center of compliance ------------------------------------------------------
  definition         r_c = p_TCP - p_c
  p_TCP [x,y,z]    = [    517.4,       5.1,      18.5] mm
  p_c [EE]         = [     -0.0,      -0.0,      -0.0] mm
  r_c [t1,t2,n]    = [      0.0,       0.0,       0.0] mm
                     p_c resolved at end of setup

-- effective TCP impedance ---------------------------------------------------
  K_TCP translation = [   1999.5,    1998.7,     351.8] N/m
  K_TCP rotation   = [      5.0,       5.0,      50.0] Nm/rad
  commanded KR was = [      5.0,       5.0,      50.0] Nm/rad   including lever contribution
  D_TCP translation = [    230.6,     177.1,     112.4] Ns/m
  D_TCP rotation   = [      1.5,       1.9,       1.2] Nms/rad
  coupling           max |moment per unit translation| = 0.0 Nm/m (K), 0.0 Nms/m (D)
  eigenvalues        K_TCP 5.00 .. 2000 | D_TCP 1.17 .. 231  (both positive: valid springs)

  K_TCP [N/m, Nm/rad | rows fx..mz, cols tx..rz]:
           tx        ty        tz    |    rx        ry        rz
  fx [    2000  -0.7871   -28.44 |        0        0        0 ]
  fy [ -0.7871     1999   -45.62 |        0        0        0 ]
  fz [  -28.44   -45.62    351.8 |        0        0        0 ]
     ---------------------------+---------------------------
  mx [       0        0        0 |    5.013  0.02147   0.7756 ]
  my [       0        0        0 |  0.02147    5.034    1.244 ]
  mz [       0        0        0 |   0.7756    1.244    49.95 ]

  D_TCP [Ns/m, Nms/rad]:
           tx        ty        tz    |    rx        ry        rz
  fx [   230.6 -0.05641   -2.038 |        0        0        0 ]
  fy [-0.05641    177.1   -1.792 |        0        0        0 ]
  fz [  -2.038   -1.792    112.4 |        0        0        0 ]
     ---------------------------+---------------------------
  mx [       0        0        0 |    1.491 -0.0001519 -0.005486 ]
  my [       0        0        0 | -0.0001519     1.88 -0.01958 ]
  mz [       0        0        0 | -0.005486 -0.01958    1.173 ]

[GATE] Set up finished (still pressing). Press Enter to start the grind (e+Enter stops).

Stop requested with e + Enter. Finishing control loop...

-- joint motion [deg] --------------------------------------------------------
  joint       start    final    delta
  q1            0.9      5.5     +4.7
  q2           12.1     30.4    +18.3
  q3           -0.5     -4.3     -3.8
  q4         -130.9   -128.9     +2.0
  q5           -0.1      4.9     +5.1
  q6          142.9    155.3    +12.4
  q7           44.7     42.7     -2.0

==============================================================================
  FINAL RESULT
==============================================================================
  p_d              = [    514.9,      -5.9,    -210.9] mm
  p_EE             = [    517.4,       5.1,      18.5] mm
  e_p              = [     -2.6,     -11.0,    -229.4] mm
  e_R              = [     7.10,     -1.92,      0.23] deg
------------------------------------------------------------------------------
  position error     229.68 mm
  rotation error     7.36 deg
  csv                logs/surface_grinding_controller_log.csv
------------------------------------------------------------------------------
