
==============================================================================
  SURFACE GRINDING CONTROLLER
==============================================================================
  robot              172.16.0.2
  parameters         /home/hm-panda/Desktop/Thesis_Final_Control/surface_grinding_controller/params
------------------------------------------------------------------------------

==============================================================================
  SURFACE GRINDING CONTROLLER - STARTUP MENU
==============================================================================

-- RUN MODES -----------------------------------------------------------------
  s      Run orientation, approach, setup, and grinding
  h      Cartesian pose hold at the initial posture
  t      Cartesian pose hold with the setup impedance
  g      Start manual guidance from the current robot pose

-- ROBOT PREPARATION ---------------------------------------------------------
  i      Move to the configured initial joint posture

-- GRIPPER AND TOOL ----------------------------------------------------------
  o      Open the gripper
  c      Grasp the tool
  r      Recalibrate the gripper with empty fingers
  f      Pick up the tool from the holder
  b      Return the tool to the holder

-- PROGRAM -------------------------------------------------------------------
  e      Exit
------------------------------------------------------------------------------
  During control: e = stop | m = startup menu | g = guidance
------------------------------------------------------------------------------
Selection [s/h/t/g/i/o/c/r/f/b/e]: 
-- SELECTED MODE: PHASE SEQUENCE ---------------------------------------------

-- moving to q_init ----------------------------------------------------------
  case               saved_qinit
  q1..q7 [deg]     = [0.8, 12.1, -0.5, -130.9, -0.2, 142.9, 44.7] deg
  saved_qinit = [0.014777, 0.210911, -0.009320, -2.284835, -0.002725, 2.493410, 0.780694] rad
  q_init reached.

-- start pose ----------------------------------------------------------------
  q_start          = [0.8, 12.1, -0.5, -130.9, -0.2, 142.9, 44.7] deg
  p_start          = [    531.4,       2.4,     156.9] mm

==============================================================================
  RUN
==============================================================================

-- phase: approach_orient ----------------------------------------------------
  Kp [t1,t2,n]     = [    150.0,     150.0,     150.0] N/m
  Dp [t1,t2,n]     = [    133.7,      94.2,     128.3] Ns/m     auto (factor 1.90)
  KR [t1,t2,n]     = [    180.0,     180.0,      90.0] Nm/rad
  DR [t1,t2,n]     = [     15.3,      25.0,       2.0] Nms/rad  auto (factor 1.90)
orient:     t=  0.0 s | axis_err= 12.0 deg | spin_err=  0.9 deg
orient:     t=  0.2 s | axis_err= 10.4 deg | spin_err=  0.9 deg
orient:     t=  0.4 s | axis_err=  6.6 deg | spin_err=  0.6 deg
orient:     t=  0.6 s | axis_err=  2.7 deg | spin_err=  0.3 deg
orient:     t=  0.8 s | axis_err=  1.0 deg | spin_err=  0.2 deg

Orientation reached: axis_err=0.8 deg | spin_err=0.2 deg

-- phase: approach_descend ---------------------------------------------------
  Kp [t1,t2,n]     = [    150.0,     150.0,     150.0] N/m
  Dp [t1,t2,n]     = [    133.7,      94.2,     128.3] Ns/m     auto (factor 1.90)
  KR [t1,t2,n]     = [    180.0,     180.0,      90.0] Nm/rad
  DR [t1,t2,n]     = [     15.3,      25.0,       2.0] Nms/rad  auto (factor 1.90)
  descend to         20 mm clearance at 0.100 m/s
descend:    t=  0.0 s | distance=   0.1 mm | height=+120.9 mm (target 20.0) | force=  0.0 N
descend:    t=  0.2 s | distance=  20.2 mm | height=+110.5 mm (target 20.0) | force=  1.7 N
descend:    t=  0.4 s | distance=  40.3 mm | height= +95.6 mm (target 20.0) | force=  2.7 N
descend:    t=  0.6 s | distance=  60.4 mm | height= +79.6 mm (target 20.0) | force=  2.8 N
descend:    t=  0.8 s | distance=  80.5 mm | height= +62.9 mm (target 20.0) | force=  1.7 N
descend:    t=  1.0 s | distance= 100.6 mm | height= +46.4 mm (target 20.0) | force=  2.8 N
descend:    t=  1.2 s | distance= 120.7 mm | height= +29.5 mm (target 20.0) | force=  2.0 N

Clearance reached: distance=132.3 mm | height=19.9 mm | target=20.0 mm | force=2.0 N
  offset_ee        = [     20.0,     -60.0,      20.0] mm
  p_EE_at_contact  = [    515.4,      -0.8,      50.7] mm
  contact_point    = [    533.8,      53.4,      -1.7] mm
  edge_offset      = [     18.4,      54.2,     -52.4] mm

-- phase: setup --------------------------------------------------------------

-- setup impedance -----------------------------------------------------------
  law                wrench = K_TCP*dx + D_TCP*dv
                     K_TCP  = Ad(r_c)^T * blkdiag(Kp,KR) * Ad(r_c)
  Kp [t1,t2,n]     = [   2000.0,    2000.0,     350.0] N/m
  Dp [t1,t2,n]     = [    234.3,     174.6,     111.4] Ns/m     auto
  KR [t1,t2,n]     = [      5.0,       5.0,      50.0] Nm/rad
  DR [t1,t2,n]     = [      1.3,       2.0,       1.3] Nms/rad  auto
  p_c [EE]         = [      0.0,       0.0,       0.0] mm       resolved in the tool frame
  r_c [t1,t2,n]    = [      0.0,       0.0,       0.0] mm       commanded: p_TCP - p_c, in the plane
setup:     t=  0.0 s | ee=  0.0 deg | F=  0.1 N | M=  0.0 Nm (limit 150.0) | contact= 19.8 mm
setup:     t=  0.2 s | ee=  0.9 deg | F=  1.2 N | M=  0.7 Nm (limit 150.0) | contact=  6.9 mm
setup:     t=  0.4 s | ee=  1.3 deg | F= 13.1 N | M=  0.9 Nm (limit 150.0) | contact=  1.8 mm
setup:     t=  0.6 s | ee=  1.3 deg | F= 16.5 N | M=  0.8 Nm (limit 150.0) | contact=  1.8 mm
setup:     t=  0.8 s | ee=  1.3 deg | F= 22.1 N | M=  1.0 Nm (limit 150.0) | contact=  1.7 mm
setup:     t=  1.0 s | ee=  1.3 deg | F= 27.3 N | M=  0.9 Nm (limit 150.0) | contact=  1.7 mm
setup:     t=  1.2 s | ee=  1.3 deg | F= 33.1 N | M=  1.0 Nm (limit 150.0) | contact=  1.7 mm
setup:     t=  1.4 s | ee=  1.3 deg | F= 39.6 N | M=  1.1 Nm (limit 150.0) | contact=  1.8 mm
setup:     t=  1.6 s | ee=  1.4 deg | F= 45.3 N | M=  1.3 Nm (limit 150.0) | contact=  1.8 mm
setup:     t=  1.8 s | ee=  1.4 deg | F= 51.1 N | M=  1.4 Nm (limit 150.0) | contact=  1.9 mm
setup:     t=  2.0 s | ee=  1.5 deg | F= 55.7 N | M=  1.5 Nm (limit 150.0) | contact=  2.1 mm
setup:     t=  2.2 s | ee=  1.8 deg | F= 60.8 N | M=  1.6 Nm (limit 150.0) | contact=  2.2 mm
setup:     t=  2.4 s | ee=  2.2 deg | F= 66.1 N | M=  1.9 Nm (limit 150.0) | contact=  2.3 mm
setup:     t=  2.6 s | ee=  2.8 deg | F= 71.7 N | M=  2.1 Nm (limit 150.0) | contact=  2.4 mm
setup:     t=  2.8 s | ee=  3.6 deg | F= 77.7 N | M=  2.1 Nm (limit 150.0) | contact=  2.3 mm
setup:     t=  3.0 s | ee=  4.5 deg | F= 83.5 N | M=  2.2 Nm (limit 150.0) | contact=  2.2 mm
setup:     t=  3.2 s | ee=  6.8 deg | F= 87.8 N | M=  2.9 Nm (limit 150.0) | contact=  2.3 mm
setup:     t=  3.4 s | ee=  9.2 deg | F= 79.0 N | M=  2.3 Nm (limit 150.0) | contact=  2.6 mm
setup:     t=  3.6 s | ee= 10.8 deg | F= 79.7 N | M=  1.9 Nm (limit 150.0) | contact=  2.8 mm
setup:     t=  3.8 s | ee= 10.9 deg | F= 79.3 N | M=  1.0 Nm (limit 150.0) | contact=  2.9 mm
setup:     t=  4.0 s | ee= 10.9 deg | F= 79.3 N | M=  1.0 Nm (limit 150.0) | contact=  2.9 mm
setup:     t=  4.2 s | ee= 10.9 deg | F= 79.4 N | M=  1.0 Nm (limit 150.0) | contact=  2.9 mm
setup:     t=  4.4 s | ee= 10.9 deg | F= 79.4 N | M=  1.1 Nm (limit 150.0) | contact=  2.9 mm
setup:     t=  4.6 s | ee= 10.9 deg | F= 79.4 N | M=  1.1 Nm (limit 150.0) | contact=  2.9 mm
setup:     t=  4.8 s | ee= 10.9 deg | F= 79.5 N | M=  1.1 Nm (limit 150.0) | contact=  2.9 mm

==============================================================================
  SETUP RESULT
==============================================================================
  stop: time | t=5.0 s | ee=10.9 deg | F=79.4 N | M_TCP=1.1 Nm
  contact_from_start = [-2.4, -1.1, -1.1] mm | norm=2.9 mm
  tcp_from_contact  = [-20.6, -61.0, +20.9] mm | norm=67.6 mm
  deviation: before=9.41 deg | after=2.44 deg | gain=+6.97 deg
  t_align: not reached | tolerance=2.00 deg | hold=0.30 s
  deviation components [t1,t2,n] deg: before=[+9.39,-0.57,-0.00] | after=[-1.46,-1.95,+0.00]

-- setup surface-frame breakdown ---------------------------------------------
  frame              alignment-target [tangent1, tangent2, normal]
  force        [N]      = [    +2.81,    +12.38,    -78.34]
  tcp_disp     [mm]     = [    -1.66,     -5.90,    -31.70]
  contact_disp [mm]     = [    -2.38,     -1.06,     -1.19]
  Kp_eff=F/tcp [N/m]    = [  -1695.4,   -2097.8,    2471.5]
  M_contact    [Nm]     = [    +4.09,     -0.40,     -0.34]
  ee_angle     [deg]    = [   -10.86,     -1.39,     -0.10]
  KR_eff=M/ang [Nm/rad] = [    -21.6,      16.4,     189.9]
  frame              tool face [length, width, tool axis]
  M_contact    [Nm]     = [    +0.42,     -4.10,     +0.19]

-- center of compliance ------------------------------------------------------
  definition         r_c = p_TCP - p_c
  p_TCP [x,y,z]    = [    513.2,      -7.5,      19.2] mm
  p_c [EE]         = [     -0.0,      -0.0,       0.0] mm
  r_c [t1,t2,n]    = [      0.0,       0.0,       0.0] mm
                     p_c resolved at end of setup

-- effective TCP impedance ---------------------------------------------------
  K_TCP translation = [   1999.5,    1998.7,     351.8] N/m
  K_TCP rotation   = [      5.0,       5.0,      50.0] Nm/rad
  commanded KR was = [      5.0,       5.0,      50.0] Nm/rad   including lever contribution
  D_TCP translation = [    234.2,     174.6,     111.5] Ns/m
  D_TCP rotation   = [      1.3,       2.0,       1.3] Nms/rad
  coupling           max |moment per unit translation| = 0.0 Nm/m (K), 0.0 Nms/m (D)
  eigenvalues        K_TCP 5.00 .. 2000 | D_TCP 1.27 .. 234  (both positive: valid springs)

  K_TCP [N/m, Nm/rad | rows fx..mz, cols tx..rz]:
           tx        ty        tz    |    rx        ry        rz
  fx [    2000  -0.7871   -28.44 |        0        0        0 ]
  fy [ -0.7871     1999   -45.62 |        0        0        0 ]
  fz [  -28.44   -45.62    351.8 |        0        0        0 ]
     ---------------------------+---------------------------
  mx [       0        0        0 |    5.013  0.02147   0.7756 ]
  my [       0        0        0 |  0.02147    5.034    1.244 ]
  mz [       0        0        0 |   0.7756    1.244    49.95 ]

  D_TCP [Ns/m, Nms/rad]:
           tx        ty        tz    |    rx        ry        rz
  fx [   234.2 -0.05862   -2.118 |        0        0        0 ]
  fy [-0.05862    174.6   -1.748 |        0        0        0 ]
  fz [  -2.118   -1.748    111.5 |        0        0        0 ]
     ---------------------------+---------------------------
  mx [       0        0        0 |     1.27 2.614e-05 0.0009443 ]
  my [       0        0        0 | 2.614e-05    2.048 -0.02003 ]
  mz [       0        0        0 | 0.0009443 -0.02003    1.325 ]

[GATE] Set up finished (still pressing). Press Enter to start the grind (e+Enter stops).

Stop requested with e + Enter. Finishing control loop...

-- joint motion [deg] --------------------------------------------------------
  joint       start    final    delta
  q1            0.8     -9.4    -10.2
  q2           12.1     30.2    +18.1
  q3           -0.5      7.5     +8.0
  q4         -130.9   -129.2     +1.7
  q5           -0.2    -10.4    -10.3
  q6          142.9    154.4    +11.5
  q7           44.7     51.7     +6.9

==============================================================================
  FINAL RESULT
==============================================================================
  p_d              = [    511.0,      -8.0,    -209.1] mm
  p_EE             = [    513.2,      -7.5,      19.2] mm
  e_p              = [     -2.3,      -0.4,    -228.3] mm
  e_R              = [   -10.86,     -1.39,      0.12] deg
------------------------------------------------------------------------------
  position error     228.32 mm
  rotation error     10.95 deg
  csv                logs/surface_grinding_controller_log.csv
------------------------------------------------------------------------------
