
==============================================================================
  SURFACE GRINDING CONTROLLER
==============================================================================
  robot              172.16.0.2
  parameters         /home/hm-panda/Desktop/Thesis_Final_Control/surface_grinding_controller/params
------------------------------------------------------------------------------

==============================================================================
  SURFACE GRINDING CONTROLLER - STARTUP MENU
==============================================================================

-- RUN MODES -----------------------------------------------------------------
  s      Run orientation, approach, setup, and grinding
  h      Cartesian pose hold at the initial posture
  t      Cartesian pose hold with the setup impedance
  g      Start manual guidance from the current robot pose

-- ROBOT PREPARATION ---------------------------------------------------------
  i      Move to the configured initial joint posture

-- GRIPPER AND TOOL ----------------------------------------------------------
  o      Open the gripper
  c      Grasp the tool
  r      Recalibrate the gripper with empty fingers
  f      Pick up the tool from the holder
  b      Return the tool to the holder

-- PROGRAM -------------------------------------------------------------------
  e      Exit
------------------------------------------------------------------------------
  During control: e = stop | m = startup menu | g = guidance
------------------------------------------------------------------------------
Selection [s/h/t/g/i/o/c/r/f/b/e]: 
-- SELECTED MODE: PHASE SEQUENCE ---------------------------------------------

-- moving to q_init ----------------------------------------------------------
  case               saved_qinit
  q1..q7 [deg]     = [0.8, 12.1, -0.5, -130.9, -0.2, 142.9, 44.7] deg
  saved_qinit = [0.014777, 0.210911, -0.009320, -2.284835, -0.002725, 2.493410, 0.780694] rad
  q_init reached.

-- start pose ----------------------------------------------------------------
  q_start          = [0.8, 12.1, -0.5, -130.9, -0.2, 142.9, 44.7] deg
  p_start          = [    531.3,       2.4,     156.8] mm

==============================================================================
  RUN
==============================================================================

-- phase: approach_orient ----------------------------------------------------
  Kp [t1,t2,n]     = [    150.0,     150.0,     150.0] N/m
  Dp [t1,t2,n]     = [    133.7,      94.2,     128.3] Ns/m     auto (factor 1.90)
  KR [t1,t2,n]     = [    300.0,     300.0,      90.0] Nm/rad
  DR [t1,t2,n]     = [     19.8,      32.3,       2.0] Nms/rad  auto (factor 1.90)
orient:     t=  0.0 s | axis_err= 12.5 deg | spin_err=  0.6 deg
orient:     t=  0.2 s | axis_err= 10.6 deg | spin_err=  0.5 deg
orient:     t=  0.4 s | axis_err=  7.0 deg | spin_err=  0.2 deg
orient:     t=  0.6 s | axis_err=  3.1 deg | spin_err=  0.0 deg
orient:     t=  0.8 s | axis_err=  0.9 deg | spin_err=  0.1 deg

Orientation reached: axis_err=0.5 deg | spin_err=0.1 deg

-- phase: approach_descend ---------------------------------------------------
  Kp [t1,t2,n]     = [    150.0,     150.0,     150.0] N/m
  Dp [t1,t2,n]     = [    133.7,      94.2,     128.3] Ns/m     auto (factor 1.90)
  KR [t1,t2,n]     = [    300.0,     300.0,      90.0] Nm/rad
  DR [t1,t2,n]     = [     19.8,      32.3,       2.0] Nms/rad  auto (factor 1.90)
  descend to         20 mm clearance at 0.100 m/s
descend:    t=  0.0 s | distance=   0.1 mm | height=+126.3 mm (target 20.0) | force=  0.1 N
descend:    t=  0.2 s | distance=  20.2 mm | height=+114.8 mm (target 20.0) | force=  1.6 N
descend:    t=  0.4 s | distance=  40.3 mm | height= +98.4 mm (target 20.0) | force=  1.9 N
descend:    t=  0.6 s | distance=  60.4 mm | height= +81.0 mm (target 20.0) | force=  1.0 N
descend:    t=  0.8 s | distance=  80.5 mm | height= +63.6 mm (target 20.0) | force=  2.3 N
descend:    t=  1.0 s | distance= 100.6 mm | height= +45.6 mm (target 20.0) | force=  1.2 N
descend:    t=  1.2 s | distance= 120.7 mm | height= +27.8 mm (target 20.0) | force=  2.7 N

Clearance reached: distance=129.5 mm | height=20.0 mm | target=20.0 mm | force=3.5 N
  offset_ee        = [     20.0,     -60.0,      20.0] mm
  p_EE_at_contact  = [    506.3,      -0.1,      44.0] mm
  contact_point    = [    521.2,      58.6,      -1.6] mm
  edge_offset      = [     14.9,      58.7,     -45.6] mm

-- phase: setup --------------------------------------------------------------

-- setup impedance -----------------------------------------------------------
  law                wrench = K_TCP*dx + D_TCP*dv
                     K_TCP  = Ad(r_c)^T * blkdiag(Kp,KR) * Ad(r_c)
  Kp [t1,t2,n]     = [   2000.0,    2000.0,     350.0] N/m
  Dp [t1,t2,n]     = [    237.0,     176.2,     109.6] Ns/m     auto
  KR [t1,t2,n]     = [      5.0,       5.0,      50.0] Nm/rad
  DR [t1,t2,n]     = [      1.3,       2.2,       1.2] Nms/rad  auto
  p_c [EE]         = [    -30.0,       0.0,       0.0] mm       commanded in the tool frame
  r_c [t1,t2,n]    = [     29.4,      -0.1,      -6.0] mm       p_TCP - p_c, in the plane
setup:     t=  0.0 s | tip=  0.0 deg | F=  0.2 N | M=  0.1 Nm (limit 150.0) | contact= 19.9 mm
setup:     t=  0.2 s | tip=  0.4 deg | F=  0.3 N | M=  0.4 Nm (limit 150.0) | contact=  7.0 mm
setup:     t=  0.4 s | tip=  0.7 deg | F= 16.1 N | M=  8.2 Nm (limit 150.0) | contact=  2.4 mm
setup:     t=  0.6 s | tip=  0.7 deg | F= 14.5 N | M=  7.3 Nm (limit 150.0) | contact=  2.5 mm
setup:     t=  0.8 s | tip=  0.7 deg | F= 19.7 N | M=  9.9 Nm (limit 150.0) | contact=  2.6 mm
setup:     t=  1.0 s | tip=  0.7 deg | F= 25.2 N | M= 12.6 Nm (limit 150.0) | contact=  2.8 mm
setup:     t=  1.2 s | tip=  0.7 deg | F= 30.7 N | M= 15.3 Nm (limit 150.0) | contact=  3.0 mm
setup:     t=  1.4 s | tip=  0.7 deg | F= 35.9 N | M= 17.8 Nm (limit 150.0) | contact=  3.2 mm
setup:     t=  1.6 s | tip=  1.0 deg | F= 40.8 N | M= 20.3 Nm (limit 150.0) | contact=  3.5 mm
setup:     t=  1.8 s | tip=  1.5 deg | F= 48.9 N | M= 24.0 Nm (limit 150.0) | contact=  4.0 mm
setup:     t=  2.0 s | tip=  1.5 deg | F= 54.6 N | M= 26.8 Nm (limit 150.0) | contact=  4.5 mm
setup:     t=  2.2 s | tip=  1.5 deg | F= 60.4 N | M= 29.7 Nm (limit 150.0) | contact=  5.0 mm
setup:     t=  2.4 s | tip=  1.5 deg | F= 65.7 N | M= 32.3 Nm (limit 150.0) | contact=  5.4 mm
setup:     t=  2.6 s | tip=  1.5 deg | F= 70.5 N | M= 34.5 Nm (limit 150.0) | contact=  5.5 mm
setup:     t=  2.8 s | tip=  1.6 deg | F= 76.1 N | M= 37.2 Nm (limit 150.0) | contact=  5.6 mm
setup:     t=  3.0 s | tip=  1.6 deg | F= 82.2 N | M= 40.1 Nm (limit 150.0) | contact=  5.6 mm
setup:     t=  3.2 s | tip=  1.8 deg | F= 88.2 N | M= 43.0 Nm (limit 150.0) | contact=  5.4 mm
setup:     t=  3.4 s | tip=  1.9 deg | F= 82.6 N | M= 40.1 Nm (limit 150.0) | contact=  5.2 mm
setup:     t=  3.6 s | tip=  1.9 deg | F= 82.2 N | M= 39.9 Nm (limit 150.0) | contact=  5.2 mm
setup:     t=  3.8 s | tip=  1.9 deg | F= 81.8 N | M= 39.6 Nm (limit 150.0) | contact=  5.2 mm
setup:     t=  4.0 s | tip=  1.9 deg | F= 81.9 N | M= 39.7 Nm (limit 150.0) | contact=  5.2 mm
setup:     t=  4.2 s | tip=  2.0 deg | F= 82.0 N | M= 39.8 Nm (limit 150.0) | contact=  5.2 mm
setup:     t=  4.4 s | tip=  2.0 deg | F= 81.9 N | M= 39.8 Nm (limit 150.0) | contact=  5.2 mm
setup:     t=  4.6 s | tip=  2.0 deg | F= 81.9 N | M= 39.8 Nm (limit 150.0) | contact=  5.2 mm
setup:     t=  4.8 s | tip=  2.0 deg | F= 81.9 N | M= 39.7 Nm (limit 150.0) | contact=  5.2 mm

==============================================================================
  SETUP RESULT
==============================================================================
  stop: time | t=5.0 s | tip=2.0 deg | F=81.8 N | M=39.7 Nm
  contact_from_start = [-3.7, -0.1, -3.7] mm | norm=5.2 mm
  tcp_from_contact  = [-18.9, -60.1, +20.1] mm | norm=66.1 mm
  alignment: before=10.03 deg | after=8.96 deg | gain=+1.07 deg
  alignment components [t1,t2,n] deg: before=[-0.32,-10.03,-0.00] | after=[-1.65,-8.81,-0.00]

-- setup surface-frame breakdown ---------------------------------------------
  frame              alignment-target [tangent1, tangent2, normal]
  force        [N]      = [    +8.37,     +2.43,    -81.34]
  tcp_disp     [mm]     = [    -3.53,     -0.70,    -25.56]
  contact_disp [mm]     = [    -3.62,     +0.02,     -3.75]
  Kp_eff=F/tcp [N/m]    = [  -2368.1,   -3470.1,    3182.5]
  M_contact    [Nm]     = [    +5.59,    +38.60,     +1.10]
  tip_angle    [deg]    = [    -1.43,     +1.23,     -0.54]
  KR_eff=M/ang [Nm/rad] = [   -223.7,    1799.7,    -115.2]
  frame              tool face [length, width, tool axis]
  M_contact    [Nm]     = [   -38.58,     -5.81,     -0.83]

-- center of compliance ------------------------------------------------------
  definition         r_c = p_TCP - p_c
  p_TCP [x,y,z]    = [    502.3,      -1.5,      18.5] mm
  p_c [EE]         = [    -30.0,      -0.0,      -0.0] mm
  r_c [t1,t2,n]    = [     29.5,       0.4,      -5.4] mm
                     p_c resolved at end of setup

-- effective TCP impedance ---------------------------------------------------
  K_TCP translation = [   1999.5,    1998.7,     351.8] N/m
  K_TCP rotation   = [      5.1,       5.4,      51.7] Nm/rad
  commanded KR was = [      5.0,       5.0,      50.0] Nm/rad   including lever contribution
  D_TCP translation = [    237.0,     176.2,     109.7] Ns/m
  D_TCP rotation   = [      1.3,       2.3,       1.3] Nms/rad
  coupling           max |moment per unit translation| = 58.8 Nm/m (K), 5.2 Nms/m (D)
  eigenvalues        K_TCP 5.00 .. 2002 | D_TCP 1.19 .. 237  (both positive: valid springs)

  K_TCP [N/m, Nm/rad | rows fx..mz, cols tx..rz]:
           tx        ty        tz    |    rx        ry        rz
  fx [    2000  -0.7871   -28.44 |  0.01056    10.92   0.4399 ]
  fy [ -0.7871     1999   -45.62 |   -11.75   -1.347    -58.8 ]
  fz [  -28.44   -45.62    351.8 |    0.195    10.18    1.336 ]
     ---------------------------+---------------------------
  mx [ 0.01056   -11.75    0.195 |    5.082  0.02727    1.121 ]
  my [   10.92   -1.347    10.18 |  0.02727    5.398    1.286 ]
  mz [  0.4399    -58.8    1.336 |    1.121    1.286    51.68 ]

  D_TCP [Ns/m, Nms/rad]:
           tx        ty        tz    |    rx        ry        rz
  fx [     237  -0.0608   -2.197 | 0.0008154    1.329  0.05119 ]
  fy [ -0.0608    176.2   -1.842 |   -1.036 -0.05454   -5.182 ]
  fz [  -2.197   -1.842    109.7 | -0.01203    3.213  0.05372 ]
     ---------------------------+---------------------------
  mx [0.0008154   -1.036 -0.01203 |    1.298 -0.0003955  0.02879 ]
  my [   1.329 -0.05454    3.213 | -0.0003955    2.324 -0.02654 ]
  mz [ 0.05119   -5.182  0.05372 |  0.02879 -0.02654    1.348 ]

[GATE] Set up finished (still pressing). Press Enter to start the grind (e+Enter stops).

Stop requested with e + Enter. Finishing control loop...

-- joint motion [deg] --------------------------------------------------------
  joint       start    final    delta
  q1            0.8     -0.4     -1.2
  q2           12.1     30.5    +18.4
  q3           -0.5      0.3     +0.8
  q4         -130.9   -126.5     +4.4
  q5           -0.2     -0.8     -0.7
  q6          142.9    145.7     +2.8
  q7           44.7     45.2     +0.4

==============================================================================
  FINAL RESULT
==============================================================================
  p_d              = [    501.8,      -7.3,    -215.9] mm
  p_EE             = [    502.3,      -1.5,      18.5] mm
  e_p              = [     -0.5,      -5.8,    -234.4] mm
  e_R              = [    -1.44,      1.21,     -0.55] deg
------------------------------------------------------------------------------
  position error     234.44 mm
  rotation error     1.96 deg
  csv                logs/surface_grinding_controller_log.csv
------------------------------------------------------------------------------
