
==============================================================================
  SURFACE GRINDING CONTROLLER
==============================================================================
  robot              172.16.0.2
  parameters         /home/hm-panda/Desktop/Thesis_Final_Control/surface_grinding_controller/params
------------------------------------------------------------------------------

==============================================================================
  SURFACE GRINDING CONTROLLER - STARTUP MENU
==============================================================================

-- RUN MODES -----------------------------------------------------------------
  s      Run orientation, approach, setup, and grinding
  h      Cartesian pose hold at the initial posture
  t      Cartesian pose hold with the setup impedance
  g      Start manual guidance from the current robot pose

-- ROBOT PREPARATION ---------------------------------------------------------
  i      Move to the configured initial joint posture

-- GRIPPER AND TOOL ----------------------------------------------------------
  o      Open the gripper
  c      Grasp the tool
  r      Recalibrate the gripper with empty fingers
  f      Pick up the tool from the holder
  b      Return the tool to the holder

-- PROGRAM -------------------------------------------------------------------
  e      Exit
------------------------------------------------------------------------------
  During control: e = stop | m = startup menu | g = guidance
------------------------------------------------------------------------------
Selection [s/h/t/g/i/o/c/r/f/b/e]: 
-- SELECTED MODE: PHASE SEQUENCE ---------------------------------------------

-- moving to q_init ----------------------------------------------------------
  case               saved_qinit
  q1..q7 [deg]     = [0.8, 12.1, -0.5, -130.9, -0.2, 142.9, 44.7] deg
  saved_qinit = [0.014777, 0.210911, -0.009320, -2.284835, -0.002725, 2.493410, 0.780694] rad
  q_init reached.

-- start pose ----------------------------------------------------------------
  q_start          = [0.9, 12.1, -0.5, -130.9, -0.1, 142.9, 44.7] deg
  p_start          = [    531.3,       2.5,     156.8] mm

==============================================================================
  RUN
==============================================================================

-- phase: approach_orient ----------------------------------------------------
  Kp [t1,t2,n]     = [    150.0,     150.0,     150.0] N/m
  Dp [t1,t2,n]     = [    133.7,      94.2,     128.3] Ns/m     auto (factor 1.90)
  KR [t1,t2,n]     = [    180.0,     180.0,      90.0] Nm/rad
  DR [t1,t2,n]     = [     15.3,      25.0,       2.0] Nms/rad  auto (factor 1.90)
orient:     t=  0.0 s | axis_err=  8.5 deg | spin_err=  0.5 deg
orient:     t=  0.2 s | axis_err=  7.2 deg | spin_err=  0.2 deg
orient:     t=  0.4 s | axis_err=  3.2 deg | spin_err=  0.2 deg
orient:     t=  0.6 s | axis_err=  1.1 deg | spin_err=  0.2 deg
orient:     t=  0.8 s | axis_err=  0.9 deg | spin_err=  0.2 deg

Orientation reached: axis_err=0.8 deg | spin_err=0.2 deg

-- phase: approach_descend ---------------------------------------------------
  Kp [t1,t2,n]     = [    150.0,     150.0,     150.0] N/m
  Dp [t1,t2,n]     = [    133.7,      94.2,     128.3] Ns/m     auto (factor 1.90)
  KR [t1,t2,n]     = [    180.0,     180.0,      90.0] Nm/rad
  DR [t1,t2,n]     = [     15.3,      25.0,       2.0] Nms/rad  auto (factor 1.90)
  descend to         20 mm clearance at 0.100 m/s
descend:    t=  0.0 s | distance=   0.1 mm | height=+121.5 mm (target 20.0) | force= -0.0 N
descend:    t=  0.2 s | distance=  20.2 mm | height=+110.6 mm (target 20.0) | force=  1.7 N
descend:    t=  0.4 s | distance=  40.3 mm | height= +95.6 mm (target 20.0) | force=  2.4 N
descend:    t=  0.6 s | distance=  60.4 mm | height= +79.0 mm (target 20.0) | force=  2.3 N
descend:    t=  0.8 s | distance=  80.5 mm | height= +61.7 mm (target 20.0) | force=  3.0 N
descend:    t=  1.0 s | distance= 100.6 mm | height= +44.6 mm (target 20.0) | force=  2.6 N
descend:    t=  1.2 s | distance= 120.7 mm | height= +27.4 mm (target 20.0) | force=  3.3 N

Clearance reached: distance=129.6 mm | height=20.0 mm | target=20.0 mm | force=2.0 N
  offset_ee        = [     20.0,      60.0,      20.0] mm
  p_EE_at_contact  = [    517.0,       1.3,      49.8] mm
  contact_point    = [    535.5,     -56.1,       1.3] mm
  edge_offset      = [     18.5,     -57.4,     -48.5] mm

-- phase: setup --------------------------------------------------------------

-- setup impedance -----------------------------------------------------------
  law                wrench = K_TCP*dx + D_TCP*dv
                     K_TCP  = Ad(r_c)^T * blkdiag(Kp,KR) * Ad(r_c)
  Kp [t1,t2,n]     = [   2000.0,    2000.0,     350.0] N/m
  Dp [t1,t2,n]     = [    231.2,     178.1,     112.1] Ns/m     auto
  KR [t1,t2,n]     = [      5.0,       5.0,      50.0] Nm/rad
  DR [t1,t2,n]     = [      1.5,       1.9,       1.2] Nms/rad  auto
  p_c [EE]         = [      0.0,     -60.0,      -0.0] mm       commanded in the tool frame
  r_c [t1,t2,n]    = [      0.0,     -59.3,      -9.3] mm       p_TCP - p_c, in the plane
setup:     t=  0.0 s | tip=  0.0 deg | F=  0.1 N | M=  0.0 Nm (limit 150.0) | contact= 19.9 mm
setup:     t=  0.2 s | tip=  0.9 deg | F=  1.7 N | M=  1.3 Nm (limit 150.0) | contact=  7.2 mm
setup:     t=  0.4 s | tip=  1.6 deg | F= 20.5 N | M= 10.8 Nm (limit 150.0) | contact=  3.5 mm
setup:     t=  0.6 s | tip=  1.6 deg | F= 15.7 N | M=  8.8 Nm (limit 150.0) | contact=  3.6 mm
setup:     t=  0.8 s | tip=  1.6 deg | F= 20.9 N | M= 11.5 Nm (limit 150.0) | contact=  3.8 mm
setup:     t=  1.0 s | tip=  1.7 deg | F= 27.0 N | M= 14.5 Nm (limit 150.0) | contact=  3.9 mm
setup:     t=  1.2 s | tip=  1.8 deg | F= 32.0 N | M= 17.0 Nm (limit 150.0) | contact=  4.0 mm
setup:     t=  1.4 s | tip=  2.2 deg | F= 37.1 N | M= 19.5 Nm (limit 150.0) | contact=  4.1 mm
setup:     t=  1.6 s | tip=  3.2 deg | F= 40.1 N | M= 21.0 Nm (limit 150.0) | contact=  4.2 mm
setup:     t=  1.8 s | tip=  5.9 deg | F= 42.2 N | M= 22.4 Nm (limit 150.0) | contact=  4.2 mm
setup:     t=  2.0 s | tip=  8.3 deg | F= 50.8 N | M= 27.4 Nm (limit 150.0) | contact=  3.9 mm
setup:     t=  2.2 s | tip=  8.3 deg | F= 55.4 N | M= 29.8 Nm (limit 150.0) | contact=  4.0 mm
setup:     t=  2.4 s | tip=  8.3 deg | F= 61.2 N | M= 32.7 Nm (limit 150.0) | contact=  4.2 mm
setup:     t=  2.6 s | tip=  8.3 deg | F= 66.5 N | M= 35.4 Nm (limit 150.0) | contact=  4.3 mm
setup:     t=  2.8 s | tip=  8.3 deg | F= 71.8 N | M= 38.1 Nm (limit 150.0) | contact=  4.4 mm
setup:     t=  3.0 s | tip=  8.3 deg | F= 77.1 N | M= 40.8 Nm (limit 150.0) | contact=  4.6 mm
setup:     t=  3.2 s | tip=  8.3 deg | F= 82.7 N | M= 43.7 Nm (limit 150.0) | contact=  4.7 mm
setup:     t=  3.4 s | tip=  8.3 deg | F= 77.6 N | M= 41.3 Nm (limit 150.0) | contact=  4.6 mm
setup:     t=  3.6 s | tip=  8.3 deg | F= 77.5 N | M= 41.2 Nm (limit 150.0) | contact=  4.6 mm
setup:     t=  3.8 s | tip=  8.3 deg | F= 77.5 N | M= 41.2 Nm (limit 150.0) | contact=  4.6 mm
setup:     t=  4.0 s | tip=  8.3 deg | F= 77.4 N | M= 41.1 Nm (limit 150.0) | contact=  4.6 mm
setup:     t=  4.2 s | tip=  8.3 deg | F= 77.4 N | M= 41.1 Nm (limit 150.0) | contact=  4.6 mm
setup:     t=  4.4 s | tip=  8.3 deg | F= 77.3 N | M= 41.1 Nm (limit 150.0) | contact=  4.6 mm
setup:     t=  4.6 s | tip=  8.3 deg | F= 77.3 N | M= 41.1 Nm (limit 150.0) | contact=  4.6 mm
setup:     t=  4.8 s | tip=  8.3 deg | F= 77.3 N | M= 41.1 Nm (limit 150.0) | contact=  4.6 mm

==============================================================================
  SETUP RESULT
==============================================================================
  stop: time | t=5.0 s | tip=8.3 deg | F=77.2 N | M=41.1 Nm
  contact_from_start = [-2.9, +0.2, -3.6] mm | norm=4.6 mm
  tcp_from_contact  = [-20.5, +60.5, +17.4] mm | norm=66.2 mm
  alignment: before=9.34 deg | after=3.01 deg | gain=+6.33 deg
  alignment components [t1,t2,n] deg: before=[-9.32,-0.48,+0.00] | after=[-1.34,-2.69,+0.00]

-- setup surface-frame breakdown ---------------------------------------------
  frame              alignment-target [tangent1, tangent2, normal]
  force        [N]      = [    +2.82,     -7.41,    -76.81]
  tcp_disp     [mm]     = [    -1.49,     +3.99,    -30.97]
  contact_disp [mm]     = [    -2.80,     +0.26,     -3.66]
  Kp_eff=F/tcp [N/m]    = [  -1887.8,   -1855.5,    2479.9]
  M_contact    [Nm]     = [    -9.84,    +39.20,     -3.84]
  tip_angle    [deg]    = [    +7.99,     -2.25,     +0.27]
  KR_eff=M/ang [Nm/rad] = [    -70.5,    -997.0,    -801.8]
  frame              tool face [length, width, tool axis]
  M_contact    [Nm]     = [   -39.02,     +9.93,     +5.22]

-- center of compliance ------------------------------------------------------
  definition         r_c = p_TCP - p_c
  p_TCP [x,y,z]    = [    515.0,       4.5,      18.8] mm
  p_c [EE]         = [     -0.0,     -60.0,       0.0] mm
  r_c [t1,t2,n]    = [     -0.5,     -60.0,      -1.0] mm
                     p_c resolved at end of setup

-- effective TCP impedance ---------------------------------------------------
  K_TCP translation = [   1999.5,    1998.7,     351.8] N/m
  K_TCP rotation   = [      6.3,       5.0,      57.1] Nm/rad
  commanded KR was = [      5.0,       5.0,      50.0] Nm/rad   including lever contribution
  D_TCP translation = [    231.2,     178.0,     112.2] Ns/m
  D_TCP rotation   = [      1.9,       1.9,       2.0] Nms/rad
  coupling           max |moment per unit translation| = 120.0 Nm/m (K), 13.9 Nms/m (D)
  eigenvalues        K_TCP 4.98 .. 2007 | D_TCP 1.20 .. 232  (both positive: valid springs)

  K_TCP [N/m, Nm/rad | rows fx..mz, cols tx..rz]:
           tx        ty        tz    |    rx        ry        rz
  fx [    2000  -0.7871   -28.44 |   -1.707   -1.353     -120 ]
  fy [ -0.7871     1999   -45.62 |   -1.371  0.02288    1.026 ]
  fz [  -28.44   -45.62    351.8 |    21.07  -0.1528    1.684 ]
     ---------------------------+---------------------------
  mx [  -1.707   -1.371    21.07 |    6.277  0.01232   0.8773 ]
  my [  -1.353  0.02288  -0.1528 |  0.01232    5.035    1.325 ]
  mz [    -120    1.026    1.684 |   0.8773    1.325    57.15 ]

  D_TCP [Ns/m, Nms/rad]:
           tx        ty        tz    |    rx        ry        rz
  fx [   231.2 -0.05683   -2.053 |  -0.1232   -0.157   -13.87 ]
  fy [-0.05683      178   -1.824 |  0.01223 0.0009321  0.09057 ]
  fz [  -2.053   -1.824    112.2 |    6.727 -0.05351   0.1223 ]
     ---------------------------+---------------------------
  mx [ -0.1232  0.01223    6.727 |    1.894 -0.003346 0.002484 ]
  my [  -0.157 0.0009321 -0.05351 | -0.003346    1.896 -0.009704 ]
  mz [  -13.87  0.09057   0.1223 | 0.002484 -0.009704    2.038 ]

[GATE] Set up finished (still pressing). Press Enter to start the grind (e+Enter stops).

Stop requested with e + Enter. Finishing control loop...

-- joint motion [deg] --------------------------------------------------------
  joint       start    final    delta
  q1            0.9      5.8     +5.0
  q2           12.1     30.4    +18.3
  q3           -0.5     -4.7     -4.1
  q4         -130.9   -128.5     +2.4
  q5           -0.1      4.3     +4.4
  q6          142.9    153.5    +10.6
  q7           44.7     43.3     -1.4

==============================================================================
  FINAL RESULT
==============================================================================
  p_d              = [    512.5,      -5.9,    -210.0] mm
  p_EE             = [    515.0,       4.5,      18.8] mm
  e_p              = [     -2.5,     -10.3,    -228.8] mm
  e_R              = [     7.99,     -2.25,      0.20] deg
------------------------------------------------------------------------------
  position error     229.02 mm
  rotation error     8.31 deg
  csv                logs/surface_grinding_controller_log.csv
------------------------------------------------------------------------------
