
==============================================================================
  SURFACE GRINDING CONTROLLER
==============================================================================
  robot              172.16.0.2
  parameters         /home/hm-panda/Desktop/Thesis_Final_Control/surface_grinding_controller/params
------------------------------------------------------------------------------

==============================================================================
  SURFACE GRINDING CONTROLLER - STARTUP MENU
==============================================================================

-- RUN MODES -----------------------------------------------------------------
  s      Run orientation, approach, setup, and grinding
  h      Cartesian pose hold at the initial posture
  t      Cartesian pose hold with the setup impedance
  g      Start manual guidance from the current robot pose

-- ROBOT PREPARATION ---------------------------------------------------------
  i      Move to the configured initial joint posture

-- GRIPPER AND TOOL ----------------------------------------------------------
  o      Open the gripper
  c      Grasp the tool
  r      Recalibrate the gripper with empty fingers
  f      Pick up the tool from the holder
  b      Return the tool to the holder

-- PROGRAM -------------------------------------------------------------------
  e      Exit
------------------------------------------------------------------------------
  During control: e = stop | m = startup menu | g = guidance
------------------------------------------------------------------------------
Selection [s/h/t/g/i/o/c/r/f/b/e]: 
-- SELECTED MODE: PHASE SEQUENCE ---------------------------------------------

-- moving to q_init ----------------------------------------------------------
  case               saved_qinit
  q1..q7 [deg]     = [0.8, 12.1, -0.5, -130.9, -0.2, 142.9, 44.7] deg
  saved_qinit = [0.014777, 0.210911, -0.009320, -2.284835, -0.002725, 2.493410, 0.780694] rad
  q_init reached.

-- start pose ----------------------------------------------------------------
  q_start          = [0.9, 12.1, -0.5, -130.9, -0.1, 142.9, 44.7] deg
  p_start          = [    531.3,       2.5,     156.8] mm

==============================================================================
  RUN
==============================================================================

-- phase: approach_orient ----------------------------------------------------
  Kp [t1,t2,n]     = [    150.0,     150.0,     150.0] N/m
  Dp [t1,t2,n]     = [    133.7,      94.2,     128.3] Ns/m     auto (factor 1.90)
  KR [t1,t2,n]     = [    180.0,     180.0,      90.0] Nm/rad
  DR [t1,t2,n]     = [     15.3,      25.0,       2.0] Nms/rad  auto (factor 1.90)
orient:     t=  0.0 s | axis_err=  8.5 deg | spin_err=  0.5 deg
orient:     t=  0.2 s | axis_err=  7.3 deg | spin_err=  0.2 deg
orient:     t=  0.4 s | axis_err=  3.3 deg | spin_err=  0.2 deg
orient:     t=  0.6 s | axis_err=  1.1 deg | spin_err=  0.3 deg
orient:     t=  0.8 s | axis_err=  0.9 deg | spin_err=  0.2 deg

Orientation reached: axis_err=0.9 deg | spin_err=0.2 deg

-- phase: approach_descend ---------------------------------------------------
  Kp [t1,t2,n]     = [    150.0,     150.0,     150.0] N/m
  Dp [t1,t2,n]     = [    133.7,      94.2,     128.3] Ns/m     auto (factor 1.90)
  KR [t1,t2,n]     = [    180.0,     180.0,      90.0] Nm/rad
  DR [t1,t2,n]     = [     15.3,      25.0,       2.0] Nms/rad  auto (factor 1.90)
  descend to         20 mm clearance at 0.100 m/s
descend:    t=  0.0 s | distance=   0.1 mm | height=+121.3 mm (target 20.0) | force=  0.0 N
descend:    t=  0.2 s | distance=  20.2 mm | height=+110.6 mm (target 20.0) | force=  2.4 N
descend:    t=  0.4 s | distance=  40.3 mm | height= +95.7 mm (target 20.0) | force=  2.7 N
descend:    t=  0.6 s | distance=  60.4 mm | height= +79.7 mm (target 20.0) | force=  2.8 N
descend:    t=  0.8 s | distance=  80.5 mm | height= +62.5 mm (target 20.0) | force=  2.9 N
descend:    t=  1.0 s | distance= 100.6 mm | height= +45.7 mm (target 20.0) | force=  3.4 N
descend:    t=  1.2 s | distance= 120.7 mm | height= +28.7 mm (target 20.0) | force=  3.4 N

Clearance reached: distance=131.4 mm | height=19.9 mm | target=20.0 mm | force=2.1 N
  offset_ee        = [     20.0,      60.0,      20.0] mm
  p_EE_at_contact  = [    516.8,       1.4,      49.8] mm
  contact_point    = [    535.2,     -56.0,       1.3] mm
  edge_offset      = [     18.4,     -57.4,     -48.4] mm

-- phase: setup --------------------------------------------------------------

-- setup impedance -----------------------------------------------------------
  law                wrench = K_TCP*dx + D_TCP*dv
                     K_TCP  = Ad(r_c)^T * blkdiag(Kp,KR) * Ad(r_c)
  Kp [t1,t2,n]     = [   2000.0,    2000.0,     350.0] N/m
  Dp [t1,t2,n]     = [    231.2,     178.1,     112.1] Ns/m     auto
  KR [t1,t2,n]     = [      5.0,       5.0,      50.0] Nm/rad
  DR [t1,t2,n]     = [      1.5,       1.9,       1.2] Nms/rad  auto
  p_c [EE]         = [     -0.0,     -60.0,      -0.0] mm       commanded in the tool frame
  r_c [t1,t2,n]    = [      0.0,     -59.3,      -9.3] mm       p_TCP - p_c, in the plane
setup:     t=  0.0 s | ee=  0.0 deg | F=  0.1 N | M=  0.0 Nm (limit 150.0) | contact= 19.8 mm
setup:     t=  0.2 s | ee=  0.9 deg | F=  1.9 N | M=  1.4 Nm (limit 150.0) | contact=  7.3 mm
setup:     t=  0.4 s | ee=  1.6 deg | F= 20.1 N | M= 10.7 Nm (limit 150.0) | contact=  3.6 mm
setup:     t=  0.6 s | ee=  1.7 deg | F= 16.4 N | M=  9.2 Nm (limit 150.0) | contact=  3.7 mm
setup:     t=  0.8 s | ee=  1.7 deg | F= 21.6 N | M= 11.8 Nm (limit 150.0) | contact=  3.8 mm
setup:     t=  1.0 s | ee=  1.7 deg | F= 26.9 N | M= 14.5 Nm (limit 150.0) | contact=  4.0 mm
setup:     t=  1.2 s | ee=  1.9 deg | F= 31.7 N | M= 16.9 Nm (limit 150.0) | contact=  4.1 mm
setup:     t=  1.4 s | ee=  2.3 deg | F= 37.3 N | M= 19.6 Nm (limit 150.0) | contact=  4.2 mm
setup:     t=  1.6 s | ee=  3.2 deg | F= 40.3 N | M= 21.2 Nm (limit 150.0) | contact=  4.3 mm
setup:     t=  1.8 s | ee=  5.8 deg | F= 42.9 N | M= 22.7 Nm (limit 150.0) | contact=  4.2 mm
setup:     t=  2.0 s | ee=  8.3 deg | F= 50.3 N | M= 27.3 Nm (limit 150.0) | contact=  4.0 mm
setup:     t=  2.2 s | ee=  8.3 deg | F= 55.2 N | M= 29.9 Nm (limit 150.0) | contact=  4.2 mm
setup:     t=  2.4 s | ee=  8.3 deg | F= 60.7 N | M= 32.6 Nm (limit 150.0) | contact=  4.4 mm
setup:     t=  2.6 s | ee=  8.3 deg | F= 66.2 N | M= 35.4 Nm (limit 150.0) | contact=  4.5 mm
setup:     t=  2.8 s | ee=  8.3 deg | F= 71.8 N | M= 38.2 Nm (limit 150.0) | contact=  4.7 mm
setup:     t=  3.0 s | ee=  8.3 deg | F= 77.3 N | M= 41.0 Nm (limit 150.0) | contact=  4.8 mm
setup:     t=  3.2 s | ee=  8.3 deg | F= 82.6 N | M= 43.7 Nm (limit 150.0) | contact=  4.9 mm
setup:     t=  3.4 s | ee=  8.3 deg | F= 77.4 N | M= 41.4 Nm (limit 150.0) | contact=  4.8 mm
setup:     t=  3.6 s | ee=  8.3 deg | F= 77.2 N | M= 41.3 Nm (limit 150.0) | contact=  4.8 mm
setup:     t=  3.8 s | ee=  8.3 deg | F= 77.2 N | M= 41.3 Nm (limit 150.0) | contact=  4.8 mm
setup:     t=  4.0 s | ee=  8.3 deg | F= 77.1 N | M= 41.3 Nm (limit 150.0) | contact=  4.8 mm
setup:     t=  4.2 s | ee=  8.3 deg | F= 77.1 N | M= 41.2 Nm (limit 150.0) | contact=  4.8 mm
setup:     t=  4.4 s | ee=  8.3 deg | F= 77.0 N | M= 41.2 Nm (limit 150.0) | contact=  4.8 mm
setup:     t=  4.6 s | ee=  8.3 deg | F= 77.0 N | M= 41.2 Nm (limit 150.0) | contact=  4.8 mm
setup:     t=  4.8 s | ee=  8.3 deg | F= 77.0 N | M= 41.2 Nm (limit 150.0) | contact=  4.8 mm

==============================================================================
  SETUP RESULT
==============================================================================
  stop: time | t=5.0 s | ee=8.3 deg | F=76.9 N | M=41.2 Nm
  contact_from_start = [-3.1, -0.1, -3.7] mm | norm=4.8 mm
  tcp_from_contact  = [-20.6, +60.3, +17.4] mm | norm=66.1 mm
  deviation: before=9.32 deg | after=3.19 deg | gain=+6.13 deg
  deviation components [t1,t2,n] deg: before=[-9.31,-0.51,+0.00] | after=[-1.38,-2.88,+0.00]

-- setup surface-frame breakdown ---------------------------------------------
  frame              alignment-target [tangent1, tangent2, normal]
  force        [N]      = [    +2.83,     -7.20,    -76.55]
  tcp_disp     [mm]     = [    -1.60,     +3.78,    -30.97]
  contact_disp [mm]     = [    -3.01,     +0.05,     -3.78]
  Kp_eff=F/tcp [N/m]    = [  -1765.0,   -1905.4,    2471.7]
  M_contact    [Nm]     = [    -9.61,    +39.35,     -3.73]
  tip_angle    [deg]    = [    +7.95,     -2.42,     +0.30]
  KR_eff=M/ang [Nm/rad] = [    -69.3,    -933.0,    -705.2]
  frame              tool face [length, width, tool axis]
  M_contact    [Nm]     = [   -39.16,     +9.72,     +5.15]

-- center of compliance ------------------------------------------------------
  definition         r_c = p_TCP - p_c
  p_TCP [x,y,z]    = [    514.6,       4.3,      18.7] mm
  p_c [EE]         = [     -0.0,     -60.0,       0.0] mm
  r_c [t1,t2,n]    = [     -0.5,     -60.0,      -1.0] mm
                     p_c resolved at end of setup

-- effective TCP impedance ---------------------------------------------------
  K_TCP translation = [   1999.5,    1998.7,     351.8] N/m
  K_TCP rotation   = [      6.3,       5.0,      57.1] Nm/rad
  commanded KR was = [      5.0,       5.0,      50.0] Nm/rad   including lever contribution
  D_TCP translation = [    231.2,     178.0,     112.2] Ns/m
  D_TCP rotation   = [      1.9,       1.9,       2.0] Nms/rad
  coupling           max |moment per unit translation| = 120.0 Nm/m (K), 13.9 Nms/m (D)
  eigenvalues        K_TCP 4.98 .. 2007 | D_TCP 1.20 .. 232  (both positive: valid springs)

  K_TCP [N/m, Nm/rad | rows fx..mz, cols tx..rz]:
           tx        ty        tz    |    rx        ry        rz
  fx [    2000  -0.7871   -28.44 |   -1.707   -1.295     -120 ]
  fy [ -0.7871     1999   -45.62 |   -1.428  0.02492    1.116 ]
  fz [  -28.44   -45.62    351.8 |    21.07  -0.1696    1.682 ]
     ---------------------------+---------------------------
  mx [  -1.707   -1.428    21.07 |    6.277  0.01131   0.8772 ]
  my [  -1.295  0.02492  -0.1696 |  0.01131    5.035    1.322 ]
  mz [    -120    1.116    1.682 |   0.8772    1.322    57.15 ]

  D_TCP [Ns/m, Nms/rad]:
           tx        ty        tz    |    rx        ry        rz
  fx [   231.2 -0.05682   -2.053 |  -0.1232  -0.1503   -13.87 ]
  fy [-0.05682      178   -1.823 | 0.007196 0.001013  0.09863 ]
  fz [  -2.053   -1.823    112.2 |    6.728 -0.05866   0.1222 ]
     ---------------------------+---------------------------
  mx [ -0.1232 0.007196    6.728 |    1.893 -0.003655 0.002477 ]
  my [ -0.1503 0.001013 -0.05866 | -0.003655    1.897 -0.01015 ]
  mz [  -13.87  0.09863   0.1222 | 0.002477 -0.01015    2.037 ]

[GATE] Set up finished (still pressing). Press Enter to start the grind (e+Enter stops).

Stop requested with e + Enter. Finishing control loop...

-- joint motion [deg] --------------------------------------------------------
  joint       start    final    delta
  q1            0.9      5.7     +4.8
  q2           12.1     30.4    +18.3
  q3           -0.5     -4.5     -4.0
  q4         -130.9   -128.4     +2.5
  q5           -0.1      4.2     +4.3
  q6          142.9    153.3    +10.4
  q7           44.7     43.4     -1.3

==============================================================================
  FINAL RESULT
==============================================================================
  p_d              = [    512.3,      -5.8,    -210.0] mm
  p_EE             = [    514.6,       4.3,      18.7] mm
  e_p              = [     -2.3,     -10.1,    -228.8] mm
  e_R              = [     7.95,     -2.41,      0.23] deg
------------------------------------------------------------------------------
  position error     228.99 mm
  rotation error     8.31 deg
  csv                logs/surface_grinding_controller_log.csv
------------------------------------------------------------------------------
