
==============================================================================
  SURFACE GRINDING CONTROLLER
==============================================================================
  robot              172.16.0.2
  parameters         /home/hm-panda/Desktop/Thesis_Final_Control/surface_grinding_controller/params
------------------------------------------------------------------------------

==============================================================================
  SURFACE GRINDING CONTROLLER - STARTUP MENU
==============================================================================

-- RUN MODES -----------------------------------------------------------------
  s      Run orientation, approach, setup, and grinding
  h      Cartesian pose hold at the initial posture
  t      Cartesian pose hold with the setup impedance
  g      Start manual guidance from the current robot pose

-- ROBOT PREPARATION ---------------------------------------------------------
  i      Move to the configured initial joint posture

-- GRIPPER AND TOOL ----------------------------------------------------------
  o      Open the gripper
  c      Grasp the tool
  r      Recalibrate the gripper with empty fingers
  f      Pick up the tool from the holder
  b      Return the tool to the holder

-- PROGRAM -------------------------------------------------------------------
  e      Exit
------------------------------------------------------------------------------
  During control: e = stop | m = startup menu | g = guidance
------------------------------------------------------------------------------
Selection [s/h/t/g/i/o/c/r/f/b/e]: 
-- SELECTED MODE: PHASE SEQUENCE ---------------------------------------------

-- moving to q_init ----------------------------------------------------------
  case               saved_qinit
  q1..q7 [deg]     = [0.8, 12.1, -0.5, -130.9, -0.2, 142.9, 44.7] deg
  saved_qinit = [0.014777, 0.210911, -0.009320, -2.284835, -0.002725, 2.493410, 0.780694] rad
  q_init reached.

-- start pose ----------------------------------------------------------------
  q_start          = [0.9, 12.1, -0.5, -130.9, -0.1, 142.9, 44.7] deg
  p_start          = [    531.3,       2.5,     156.8] mm

==============================================================================
  RUN
==============================================================================

-- phase: approach_orient ----------------------------------------------------
  Kp [t1,t2,n]     = [    150.0,     150.0,     150.0] N/m
  Dp [t1,t2,n]     = [    133.7,      94.2,     128.3] Ns/m     auto (factor 1.90)
  KR [t1,t2,n]     = [    180.0,     180.0,      90.0] Nm/rad
  DR [t1,t2,n]     = [     15.3,      25.0,       2.0] Nms/rad  auto (factor 1.90)
orient:     t=  0.0 s | axis_err=  8.5 deg | spin_err=  0.5 deg
orient:     t=  0.2 s | axis_err=  7.3 deg | spin_err=  0.3 deg
orient:     t=  0.4 s | axis_err=  3.3 deg | spin_err=  0.2 deg
orient:     t=  0.6 s | axis_err=  1.1 deg | spin_err=  0.2 deg
orient:     t=  0.8 s | axis_err=  0.9 deg | spin_err=  0.2 deg

Orientation reached: axis_err=0.9 deg | spin_err=0.2 deg

-- phase: approach_descend ---------------------------------------------------
  Kp [t1,t2,n]     = [    150.0,     150.0,     150.0] N/m
  Dp [t1,t2,n]     = [    133.7,      94.2,     128.3] Ns/m     auto (factor 1.90)
  KR [t1,t2,n]     = [    180.0,     180.0,      90.0] Nm/rad
  DR [t1,t2,n]     = [     15.3,      25.0,       2.0] Nms/rad  auto (factor 1.90)
  descend to         20 mm clearance at 0.100 m/s
descend:    t=  0.0 s | distance=   0.1 mm | height=+121.7 mm (target 20.0) | force=  0.0 N
descend:    t=  0.2 s | distance=  20.2 mm | height=+110.9 mm (target 20.0) | force=  1.9 N
descend:    t=  0.4 s | distance=  40.3 mm | height= +96.0 mm (target 20.0) | force=  2.0 N
descend:    t=  0.6 s | distance=  60.4 mm | height= +79.9 mm (target 20.0) | force=  3.0 N
descend:    t=  0.8 s | distance=  80.5 mm | height= +62.7 mm (target 20.0) | force=  3.1 N
descend:    t=  1.0 s | distance= 100.6 mm | height= +45.6 mm (target 20.0) | force=  3.2 N
descend:    t=  1.2 s | distance= 120.7 mm | height= +28.6 mm (target 20.0) | force=  2.8 N

Clearance reached: distance=131.2 mm | height=19.9 mm | target=20.0 mm | force=1.8 N
  offset_ee        = [     20.0,      60.0,      20.0] mm
  p_EE_at_contact  = [    516.7,       1.4,      49.8] mm
  contact_point    = [    535.2,     -56.0,       1.3] mm
  edge_offset      = [     18.4,     -57.4,     -48.4] mm

-- phase: setup --------------------------------------------------------------

-- setup impedance -----------------------------------------------------------
  law                wrench = K_TCP*dx + D_TCP*dv
                     K_TCP  = Ad(r_c)^T * blkdiag(Kp,KR) * Ad(r_c)
  Kp [t1,t2,n]     = [   2000.0,    2000.0,     350.0] N/m
  Dp [t1,t2,n]     = [    231.2,     178.0,     112.1] Ns/m     auto
  KR [t1,t2,n]     = [      5.0,       5.0,      50.0] Nm/rad
  DR [t1,t2,n]     = [      1.5,       1.9,       1.2] Nms/rad  auto
  p_c [EE]         = [     -0.0,      20.0,       0.0] mm       commanded in the tool frame
  r_c [t1,t2,n]    = [     -0.0,      19.8,       3.1] mm       p_TCP - p_c, in the plane
setup:     t=  0.0 s | tip=  0.0 deg | F=  0.1 N | M=  0.1 Nm (limit 150.0) | contact= 19.8 mm
setup:     t=  0.2 s | tip=  0.9 deg | F=  1.8 N | M=  1.3 Nm (limit 150.0) | contact=  7.2 mm
setup:     t=  0.4 s | tip=  1.6 deg | F= 20.4 N | M= 10.8 Nm (limit 150.0) | contact=  3.3 mm
setup:     t=  0.6 s | tip=  1.6 deg | F= 16.1 N | M=  9.1 Nm (limit 150.0) | contact=  3.4 mm
setup:     t=  0.8 s | tip=  1.6 deg | F= 21.2 N | M= 11.8 Nm (limit 150.0) | contact=  3.6 mm
setup:     t=  1.0 s | tip=  1.6 deg | F= 26.6 N | M= 14.6 Nm (limit 150.0) | contact=  3.7 mm
setup:     t=  1.2 s | tip=  1.7 deg | F= 32.1 N | M= 17.5 Nm (limit 150.0) | contact=  3.9 mm
setup:     t=  1.4 s | tip=  1.7 deg | F= 37.8 N | M= 20.4 Nm (limit 150.0) | contact=  4.0 mm
setup:     t=  1.6 s | tip=  1.7 deg | F= 43.8 N | M= 23.5 Nm (limit 150.0) | contact=  4.2 mm
setup:     t=  1.8 s | tip=  1.7 deg | F= 49.8 N | M= 26.5 Nm (limit 150.0) | contact=  4.3 mm
setup:     t=  2.0 s | tip=  1.7 deg | F= 55.2 N | M= 29.2 Nm (limit 150.0) | contact=  4.5 mm
setup:     t=  2.2 s | tip=  1.7 deg | F= 60.5 N | M= 32.0 Nm (limit 150.0) | contact=  4.7 mm
setup:     t=  2.4 s | tip=  1.7 deg | F= 66.1 N | M= 34.9 Nm (limit 150.0) | contact=  4.8 mm
setup:     t=  2.6 s | tip=  1.7 deg | F= 71.8 N | M= 37.8 Nm (limit 150.0) | contact=  5.0 mm
setup:     t=  2.8 s | tip=  1.8 deg | F= 77.4 N | M= 40.7 Nm (limit 150.0) | contact=  5.1 mm
setup:     t=  3.0 s | tip=  1.8 deg | F= 83.0 N | M= 43.5 Nm (limit 150.0) | contact=  5.3 mm
setup:     t=  3.2 s | tip=  1.8 deg | F= 88.3 N | M= 46.2 Nm (limit 150.0) | contact=  5.4 mm
setup:     t=  3.4 s | tip=  1.8 deg | F= 83.0 N | M= 43.4 Nm (limit 150.0) | contact=  5.3 mm
setup:     t=  3.6 s | tip=  1.9 deg | F= 82.4 N | M= 43.0 Nm (limit 150.0) | contact=  5.2 mm
setup:     t=  3.8 s | tip=  2.0 deg | F= 81.2 N | M= 42.4 Nm (limit 150.0) | contact=  5.2 mm
setup:     t=  4.0 s | tip=  2.1 deg | F= 82.9 N | M= 43.3 Nm (limit 150.0) | contact=  5.2 mm
setup:     t=  4.2 s | tip=  2.3 deg | F= 80.8 N | M= 42.2 Nm (limit 150.0) | contact=  5.2 mm
setup:     t=  4.4 s | tip=  2.5 deg | F= 83.7 N | M= 43.7 Nm (limit 150.0) | contact=  5.1 mm
setup:     t=  4.6 s | tip=  2.8 deg | F= 79.9 N | M= 41.7 Nm (limit 150.0) | contact=  5.2 mm
setup:     t=  4.8 s | tip=  3.4 deg | F= 80.3 N | M= 42.1 Nm (limit 150.0) | contact=  5.2 mm

==============================================================================
  SETUP RESULT
==============================================================================
  stop: time | t=5.0 s | tip=3.8 deg | F=80.2 N | M=42.1 Nm
  contact_from_start = [-2.6, +0.8, -4.4] mm | norm=5.2 mm
  tcp_from_contact  = [-20.3, +59.3, +21.2] mm | norm=66.2 mm
  alignment: before=9.30 deg | after=6.37 deg | gain=+2.94 deg
  alignment components [t1,t2,n] deg: before=[-9.29,-0.48,-0.00] | after=[-5.95,-2.28,+0.00]

-- setup surface-frame breakdown ---------------------------------------------
  frame              alignment-target [tangent1, tangent2, normal]
  force        [N]      = [    +1.49,     -6.32,    -79.98]
  tcp_disp     [mm]     = [    -1.38,     +2.66,    -27.12]
  contact_disp [mm]     = [    -2.48,     +0.94,     -4.46]
  Kp_eff=F/tcp [N/m]    = [  -1082.4,   -2373.2,    2949.5]
  M_contact    [Nm]     = [    -2.70,    +40.59,     -2.78]
  tip_angle    [deg]    = [    +3.35,     -1.84,     +0.20]
  KR_eff=M/ang [Nm/rad] = [    -46.2,   -1265.7,    -806.0]
  frame              tool face [length, width, tool axis]
  M_contact    [Nm]     = [   -40.06,     +2.73,     +7.07]

-- center of compliance ------------------------------------------------------
  definition         r_c = p_TCP - p_c
  p_TCP [x,y,z]    = [    514.9,       3.3,      22.6] mm
  p_c [EE]         = [     -0.0,      20.0,       0.0] mm
  r_c [t1,t2,n]    = [      0.1,      19.9,       1.9] mm
                     p_c resolved at end of setup

-- effective TCP impedance ---------------------------------------------------
  K_TCP translation = [   1999.5,    1998.7,     351.8] N/m
  K_TCP rotation   = [      5.2,       5.0,      50.7] Nm/rad
  commanded KR was = [      5.0,       5.0,      50.0] Nm/rad   including lever contribution
  D_TCP translation = [    231.1,     178.0,     112.2] Ns/m
  D_TCP rotation   = [      1.5,       1.9,       1.3] Nms/rad
  coupling           max |moment per unit translation| = 39.9 Nm/m (K), 4.6 Nms/m (D)
  eigenvalues        K_TCP 5.00 .. 2001 | D_TCP 1.20 .. 231  (both positive: valid springs)

  K_TCP [N/m, Nm/rad | rows fx..mz, cols tx..rz]:
           tx        ty        tz    |    rx        ry        rz
  fx [    2000  -0.7871   -28.44 |   0.5663   -2.763    39.89 ]
  fy [ -0.7871     1999   -45.62 |    3.667 -0.007046   -0.372 ]
  fz [  -28.44   -45.62    351.8 |   -7.081   0.1019  -0.5593 ]
     ---------------------------+---------------------------
  mx [  0.5663    3.667   -7.081 |     5.16  0.01942   0.7862 ]
  my [  -2.763 -0.007046   0.1019 |  0.01942    5.038    1.189 ]
  mz [   39.89   -0.372  -0.5593 |   0.7862    1.189    50.75 ]

  D_TCP [Ns/m, Nms/rad]:
           tx        ty        tz    |    rx        ry        rz
  fx [   231.1  -0.0568   -2.052 |  0.04087  -0.3192    4.612 ]
  fy [ -0.0568      178   -1.822 |   0.2819 -0.0002465 -0.03286 ]
  fz [  -2.052   -1.822    112.2 |   -2.241  0.02283 -0.04062 ]
     ---------------------------+---------------------------
  mx [ 0.04087   0.2819   -2.241 |    1.535 -0.0005927 -0.00418 ]
  my [ -0.3192 -0.0002465  0.02283 | -0.0005927    1.897 -0.02557 ]
  mz [   4.612 -0.03286 -0.04062 | -0.00418 -0.02557    1.296 ]

[GATE] Set up finished (still pressing). Press Enter to start the grind (e+Enter stops).

Stop requested with e + Enter. Finishing control loop...

-- joint motion [deg] --------------------------------------------------------
  joint       start    final    delta
  q1            0.9      4.9     +4.1
  q2           12.1     29.8    +17.6
  q3           -0.5     -4.3     -3.7
  q4         -130.9   -128.7     +2.2
  q5           -0.1     13.8    +13.9
  q6          142.9    153.0    +10.1
  q7           44.7     33.9    -10.8

==============================================================================
  FINAL RESULT
==============================================================================
  p_d              = [    512.2,      -5.8,    -210.0] mm
  p_EE             = [    514.9,       3.3,      22.6] mm
  e_p              = [     -2.6,      -9.1,    -232.6] mm
  e_R              = [     3.36,     -1.83,      0.19] deg
------------------------------------------------------------------------------
  position error     232.82 mm
  rotation error     3.83 deg
  csv                logs/surface_grinding_controller_log.csv
------------------------------------------------------------------------------
