
==============================================================================
  SURFACE GRINDING CONTROLLER
==============================================================================
  robot              172.16.0.2
  parameters         /home/hm-panda/Desktop/Thesis_Final_Control/surface_grinding_controller/params
------------------------------------------------------------------------------

==============================================================================
  SURFACE GRINDING CONTROLLER - STARTUP MENU
==============================================================================

-- RUN MODES -----------------------------------------------------------------
  s      Run orientation, approach, setup, and grinding
  h      Cartesian pose hold at the initial posture
  t      Cartesian pose hold with the setup impedance
  g      Start manual guidance from the current robot pose

-- ROBOT PREPARATION ---------------------------------------------------------
  i      Move to the configured initial joint posture

-- GRIPPER AND TOOL ----------------------------------------------------------
  o      Open the gripper
  c      Grasp the tool
  r      Recalibrate the gripper with empty fingers
  f      Pick up the tool from the holder
  b      Return the tool to the holder

-- PROGRAM -------------------------------------------------------------------
  e      Exit
------------------------------------------------------------------------------
  During control: e = stop | m = startup menu | g = guidance
------------------------------------------------------------------------------
Selection [s/h/t/g/i/o/c/r/f/b/e]: 
-- SELECTED MODE: PHASE SEQUENCE ---------------------------------------------

-- moving to q_init ----------------------------------------------------------
  case               saved_qinit
  q1..q7 [deg]     = [0.8, 12.1, -0.5, -130.9, -0.2, 142.9, 44.7] deg
  saved_qinit = [0.014777, 0.210911, -0.009320, -2.284835, -0.002725, 2.493410, 0.780694] rad
  q_init reached.

-- start pose ----------------------------------------------------------------
  q_start          = [0.9, 12.1, -0.5, -130.9, -0.1, 142.9, 44.7] deg
  p_start          = [    531.3,       2.5,     156.8] mm

==============================================================================
  RUN
==============================================================================

-- phase: approach_orient ----------------------------------------------------
  Kp [t1,t2,n]     = [    150.0,     150.0,     150.0] N/m
  Dp [t1,t2,n]     = [    133.7,      94.2,     128.3] Ns/m     auto (factor 1.90)
  KR [t1,t2,n]     = [    180.0,     180.0,      90.0] Nm/rad
  DR [t1,t2,n]     = [     15.3,      25.0,       2.0] Nms/rad  auto (factor 1.90)
orient:     t=  0.0 s | axis_err=  8.5 deg | spin_err=  0.5 deg
orient:     t=  0.2 s | axis_err=  7.2 deg | spin_err=  0.2 deg
orient:     t=  0.4 s | axis_err=  3.3 deg | spin_err=  0.2 deg
orient:     t=  0.6 s | axis_err=  1.0 deg | spin_err=  0.3 deg
orient:     t=  0.8 s | axis_err=  0.8 deg | spin_err=  0.3 deg

Orientation reached: axis_err=0.8 deg | spin_err=0.3 deg

-- phase: approach_descend ---------------------------------------------------
  Kp [t1,t2,n]     = [    150.0,     150.0,     150.0] N/m
  Dp [t1,t2,n]     = [    133.7,      94.2,     128.3] Ns/m     auto (factor 1.90)
  KR [t1,t2,n]     = [    180.0,     180.0,      90.0] Nm/rad
  DR [t1,t2,n]     = [     15.3,      25.0,       2.0] Nms/rad  auto (factor 1.90)
  descend to         20 mm clearance at 0.100 m/s
descend:    t=  0.0 s | distance=   0.1 mm | height=+122.1 mm (target 20.0) | force= -0.0 N
descend:    t=  0.2 s | distance=  20.2 mm | height=+111.6 mm (target 20.0) | force=  1.7 N
descend:    t=  0.4 s | distance=  40.3 mm | height= +96.9 mm (target 20.0) | force=  2.9 N
descend:    t=  0.6 s | distance=  60.4 mm | height= +80.7 mm (target 20.0) | force=  3.0 N
descend:    t=  0.8 s | distance=  80.5 mm | height= +63.7 mm (target 20.0) | force=  1.6 N
descend:    t=  1.0 s | distance= 100.6 mm | height= +47.3 mm (target 20.0) | force=  3.4 N
descend:    t=  1.2 s | distance= 120.7 mm | height= +30.6 mm (target 20.0) | force=  1.9 N

Clearance reached: distance=133.6 mm | height=19.9 mm | target=20.0 mm | force=2.5 N
  offset_ee        = [     20.0,      60.0,      20.0] mm
  p_EE_at_contact  = [    516.6,       1.4,      49.8] mm
  contact_point    = [    535.0,     -56.0,       1.4] mm
  edge_offset      = [     18.4,     -57.4,     -48.5] mm

-- phase: setup --------------------------------------------------------------

-- setup impedance -----------------------------------------------------------
  law                wrench = K_TCP*dx + D_TCP*dv
                     K_TCP  = Ad(r_c)^T * blkdiag(Kp,KR) * Ad(r_c)
  Kp [t1,t2,n]     = [   2000.0,    2000.0,     350.0] N/m
  Dp [t1,t2,n]     = [    231.2,     178.1,     112.1] Ns/m     auto
  KR [t1,t2,n]     = [      5.0,       5.0,      50.0] Nm/rad
  DR [t1,t2,n]     = [      1.5,       1.9,       1.2] Nms/rad  auto
  p_c [EE]         = [      0.0,     -20.0,      -0.0] mm       commanded in the tool frame
  r_c [t1,t2,n]    = [     -0.0,     -19.8,      -3.1] mm       p_TCP - p_c, in the plane
setup:     t=  0.0 s | ee=  0.0 deg | F=  0.1 N | M=  0.0 Nm (limit 150.0) | contact= 19.9 mm
setup:     t=  0.2 s | ee=  0.9 deg | F=  0.8 N | M=  0.7 Nm (limit 150.0) | contact=  7.9 mm
setup:     t=  0.4 s | ee=  1.6 deg | F= 14.7 N | M=  0.2 Nm (limit 150.0) | contact=  3.5 mm
setup:     t=  0.6 s | ee=  1.6 deg | F= 15.7 N | M=  0.9 Nm (limit 150.0) | contact=  3.5 mm
setup:     t=  0.8 s | ee=  1.6 deg | F= 21.2 N | M=  0.9 Nm (limit 150.0) | contact=  3.6 mm
setup:     t=  1.0 s | ee=  1.6 deg | F= 26.8 N | M=  0.8 Nm (limit 150.0) | contact=  3.7 mm
setup:     t=  1.2 s | ee=  1.7 deg | F= 32.4 N | M=  0.8 Nm (limit 150.0) | contact=  3.9 mm
setup:     t=  1.4 s | ee=  1.7 deg | F= 37.5 N | M=  0.8 Nm (limit 150.0) | contact=  4.0 mm
setup:     t=  1.6 s | ee=  1.8 deg | F= 43.1 N | M=  0.8 Nm (limit 150.0) | contact=  4.1 mm
setup:     t=  1.8 s | ee=  2.0 deg | F= 47.9 N | M=  0.5 Nm (limit 150.0) | contact=  4.3 mm
setup:     t=  2.0 s | ee=  2.3 deg | F= 54.5 N | M=  0.8 Nm (limit 150.0) | contact=  4.3 mm
setup:     t=  2.2 s | ee=  2.7 deg | F= 59.2 N | M=  0.5 Nm (limit 150.0) | contact=  4.5 mm
setup:     t=  2.4 s | ee=  4.5 deg | F= 62.2 N | M=  0.9 Nm (limit 150.0) | contact=  4.6 mm
setup:     t=  2.6 s | ee=  7.0 deg | F= 66.1 N | M=  1.1 Nm (limit 150.0) | contact=  4.8 mm
setup:     t=  2.8 s | ee=  8.1 deg | F= 72.5 N | M=  3.5 Nm (limit 150.0) | contact=  5.0 mm
setup:     t=  3.0 s | ee=  8.1 deg | F= 78.7 N | M=  2.5 Nm (limit 150.0) | contact=  5.1 mm
setup:     t=  3.2 s | ee=  8.1 deg | F= 84.1 N | M=  2.5 Nm (limit 150.0) | contact=  5.2 mm
setup:     t=  3.4 s | ee=  8.1 deg | F= 79.4 N | M=  2.5 Nm (limit 150.0) | contact=  5.1 mm
setup:     t=  3.6 s | ee=  8.1 deg | F= 79.3 N | M=  2.5 Nm (limit 150.0) | contact=  5.1 mm
setup:     t=  3.8 s | ee=  8.1 deg | F= 79.3 N | M=  2.5 Nm (limit 150.0) | contact=  5.1 mm
setup:     t=  4.0 s | ee=  8.1 deg | F= 79.3 N | M=  2.5 Nm (limit 150.0) | contact=  5.1 mm
setup:     t=  4.2 s | ee=  8.1 deg | F= 79.2 N | M=  2.5 Nm (limit 150.0) | contact=  5.1 mm
setup:     t=  4.4 s | ee=  8.1 deg | F= 79.2 N | M=  2.5 Nm (limit 150.0) | contact=  5.2 mm
setup:     t=  4.6 s | ee=  8.1 deg | F= 79.2 N | M=  2.5 Nm (limit 150.0) | contact=  5.2 mm
setup:     t=  4.8 s | ee=  8.1 deg | F= 79.2 N | M=  2.5 Nm (limit 150.0) | contact=  5.2 mm

==============================================================================
  SETUP RESULT
==============================================================================
  stop: time | t=5.0 s | ee=8.1 deg | F=79.2 N | M_TCP=2.4 Nm
  contact_from_start = [-3.3, +1.3, -3.8] mm | norm=5.2 mm
  tcp_from_contact  = [-20.8, +61.6, +17.6] mm | norm=67.4 mm
  deviation: before=9.33 deg | after=3.25 deg | gain=+6.08 deg
  t_align: not reached | tolerance=2.00 deg | hold=0.30 s
  deviation components [t1,t2,n] deg: before=[-9.31,-0.51,+0.00] | after=[-1.61,-2.82,+0.00]

-- setup surface-frame breakdown ---------------------------------------------
  frame              alignment-target [tangent1, tangent2, normal]
  force        [N]      = [    +3.72,     -9.42,    -78.50]
  tcp_disp     [mm]     = [    -1.84,     +5.06,    -30.75]
  contact_disp [mm]     = [    -3.21,     +1.43,     -3.77]
  Kp_eff=F/tcp [N/m]    = [  -2018.6,   -1860.5,    2552.5]
  M_contact    [Nm]     = [    -6.67,     -0.25,     -0.03]
  ee_angle     [deg]    = [    +7.72,     -2.35,     +0.28]
  KR_eff=M/ang [Nm/rad] = [    -49.5,       6.2,      -5.2]
  frame              tool face [length, width, tool axis]
  M_contact    [Nm]     = [    +0.32,     +6.66,     +0.35]

-- center of compliance ------------------------------------------------------
  definition         r_c = p_TCP - p_c
  p_TCP [x,y,z]    = [    514.3,       5.6,      19.0] mm
  p_c [EE]         = [      0.0,     -20.0,      -0.0] mm
  r_c [t1,t2,n]    = [     -0.2,     -20.0,      -0.4] mm
                     p_c resolved at end of setup

-- effective TCP impedance ---------------------------------------------------
  K_TCP translation = [   1999.5,    1998.7,     351.8] N/m
  K_TCP rotation   = [      5.2,       5.0,      50.8] Nm/rad
  commanded KR was = [      5.0,       5.0,      50.0] Nm/rad   including lever contribution
  D_TCP translation = [    231.2,     178.0,     112.2] Ns/m
  D_TCP rotation   = [      1.5,       1.9,       1.3] Nms/rad
  coupling           max |moment per unit translation| = 40.0 Nm/m (K), 4.6 Nms/m (D)
  eigenvalues        K_TCP 5.00 .. 2001 | D_TCP 1.20 .. 231  (both positive: valid springs)

  K_TCP [N/m, Nm/rad | rows fx..mz, cols tx..rz]:
           tx        ty        tz    |    rx        ry        rz
  fx [    2000  -0.7871   -28.44 |  -0.5688  -0.2692   -39.99 ]
  fy [ -0.7871     1999   -45.62 |   -0.638 0.008562   0.3861 ]
  fz [  -28.44   -45.62    351.8 |    7.028 -0.06128   0.5603 ]
     ---------------------------+---------------------------
  mx [ -0.5688   -0.638    7.028 |    5.154  0.02024   0.7869 ]
  my [ -0.2692 0.008562 -0.06128 |  0.02024    5.034     1.25 ]
  mz [  -39.99   0.3861   0.5603 |   0.7869     1.25    50.75 ]

  D_TCP [Ns/m, Nms/rad]:
           tx        ty        tz    |    rx        ry        rz
  fx [   231.2 -0.05682   -2.053 | -0.04106 -0.03135   -4.623 ]
  fy [-0.05682      178   -1.823 | -0.01203 0.0003457  0.03412 ]
  fz [  -2.053   -1.823    112.2 |    2.243 -0.02051  0.04072 ]
     ---------------------------+---------------------------
  mx [-0.04106 -0.01203    2.243 |    1.535 -0.0005462  -0.0041 ]
  my [-0.03135 0.0003457 -0.02051 | -0.0005462    1.897 -0.01854 ]
  mz [  -4.623  0.03412  0.04072 |  -0.0041 -0.01854    1.298 ]

[GATE] Set up finished (still pressing). Press Enter to start the grind (e+Enter stops).

Stop requested with e + Enter. Finishing control loop...

-- joint motion [deg] --------------------------------------------------------
  joint       start    final    delta
  q1            0.9      5.6     +4.7
  q2           12.1     30.3    +18.2
  q3           -0.5     -4.3     -3.8
  q4         -130.9   -128.5     +2.4
  q5           -0.1      4.5     +4.6
  q6          142.9    153.4    +10.5
  q7           44.7     43.2     -1.5

==============================================================================
  FINAL RESULT
==============================================================================
  p_d              = [    512.1,      -5.8,    -210.0] mm
  p_EE             = [    514.3,       5.7,      19.0] mm
  e_p              = [     -2.1,     -11.4,    -229.0] mm
  e_R              = [     7.72,     -2.35,      0.21] deg
------------------------------------------------------------------------------
  position error     229.25 mm
  rotation error     8.07 deg
  csv                logs/surface_grinding_controller_log.csv
------------------------------------------------------------------------------
