
==============================================================================
  SURFACE GRINDING CONTROLLER
==============================================================================
  robot              172.16.0.2
  parameters         /home/hm-panda/Desktop/Thesis_Final_Control/surface_grinding_controller/params
------------------------------------------------------------------------------

==============================================================================
  SURFACE GRINDING CONTROLLER - STARTUP MENU
==============================================================================

-- RUN MODES -----------------------------------------------------------------
  s      Run orientation, approach, setup, and grinding
  h      Cartesian pose hold at the initial posture
  t      Cartesian pose hold with the setup impedance
  g      Start manual guidance from the current robot pose

-- ROBOT PREPARATION ---------------------------------------------------------
  i      Move to the configured initial joint posture

-- GRIPPER AND TOOL ----------------------------------------------------------
  o      Open the gripper
  c      Grasp the tool
  r      Recalibrate the gripper with empty fingers
  f      Pick up the tool from the holder
  b      Return the tool to the holder

-- PROGRAM -------------------------------------------------------------------
  e      Exit
------------------------------------------------------------------------------
  During control: e = stop | m = startup menu | g = guidance
------------------------------------------------------------------------------
Selection [s/h/t/g/i/o/c/r/f/b/e]: 
-- SELECTED MODE: PHASE SEQUENCE ---------------------------------------------

-- moving to q_init ----------------------------------------------------------
  case               saved_qinit
  q1..q7 [deg]     = [0.8, 12.1, -0.5, -130.9, -0.2, 142.9, 44.7] deg
  saved_qinit = [0.014777, 0.210911, -0.009320, -2.284835, -0.002725, 2.493410, 0.780694] rad
  q_init reached.

-- start pose ----------------------------------------------------------------
  q_start          = [0.8, 12.1, -0.5, -130.9, -0.2, 142.9, 44.7] deg
  p_start          = [    531.0,       2.3,     156.6] mm

==============================================================================
  RUN
==============================================================================

-- phase: approach_orient ----------------------------------------------------
  Kp [t1,t2,n]     = [    150.0,     150.0,     150.0] N/m
  Dp [t1,t2,n]     = [    133.6,      94.2,     128.3] Ns/m     auto (factor 1.90)
  KR [t1,t2,n]     = [    180.0,     180.0,      90.0] Nm/rad
  DR [t1,t2,n]     = [     15.3,      25.0,       2.0] Nms/rad  auto (factor 1.90)
orient:     t=  0.0 s | axis_err=  7.9 deg | spin_err=  0.9 deg
orient:     t=  0.2 s | axis_err=  6.4 deg | spin_err=  0.7 deg
orient:     t=  0.4 s | axis_err=  3.3 deg | spin_err=  0.4 deg
orient:     t=  0.6 s | axis_err=  1.4 deg | spin_err=  0.2 deg
orient:     t=  0.8 s | axis_err=  1.0 deg | spin_err=  0.2 deg
orient:     t=  1.0 s | axis_err=  1.0 deg | spin_err=  0.2 deg
orient:     t=  1.2 s | axis_err=  0.9 deg | spin_err=  0.2 deg
orient:     t=  1.4 s | axis_err=  0.9 deg | spin_err=  0.2 deg
orient:     t=  1.6 s | axis_err=  0.9 deg | spin_err=  0.2 deg
orient:     t=  1.8 s | axis_err=  0.9 deg | spin_err=  0.2 deg
orient:     t=  2.0 s | axis_err=  0.9 deg | spin_err=  0.2 deg
orient:     t=  2.2 s | axis_err=  0.9 deg | spin_err=  0.2 deg
orient:     t=  2.4 s | axis_err=  0.9 deg | spin_err=  0.2 deg
orient:     t=  2.6 s | axis_err=  0.9 deg | spin_err=  0.2 deg
orient:     t=  2.8 s | axis_err=  0.9 deg | spin_err=  0.2 deg
orient:     t=  3.0 s | axis_err=  0.9 deg | spin_err=  0.2 deg
orient:     t=  3.2 s | axis_err=  0.9 deg | spin_err=  0.2 deg
orient:     t=  3.4 s | axis_err=  0.9 deg | spin_err=  0.2 deg
orient:     t=  3.6 s | axis_err=  0.9 deg | spin_err=  0.2 deg
orient:     t=  3.8 s | axis_err=  0.9 deg | spin_err=  0.2 deg
orient:     t=  4.0 s | axis_err=  0.9 deg | spin_err=  0.2 deg
orient:     t=  4.2 s | axis_err=  0.9 deg | spin_err=  0.2 deg
orient:     t=  4.4 s | axis_err=  0.9 deg | spin_err=  0.2 deg
orient:     t=  4.6 s | axis_err=  0.9 deg | spin_err=  0.2 deg
orient:     t=  4.8 s | axis_err=  0.9 deg | spin_err=  0.2 deg
orient:     t=  5.0 s | axis_err=  0.9 deg | spin_err=  0.2 deg
orient:     t=  5.2 s | axis_err=  0.9 deg | spin_err=  0.2 deg
orient:     t=  5.4 s | axis_err=  0.9 deg | spin_err=  0.2 deg
orient:     t=  5.6 s | axis_err=  0.9 deg | spin_err=  0.2 deg
orient:     t=  5.8 s | axis_err=  0.9 deg | spin_err=  0.2 deg
orient:     t=  6.0 s | axis_err=  0.9 deg | spin_err=  0.2 deg
orient:     t=  6.2 s | axis_err=  0.9 deg | spin_err=  0.2 deg
orient:     t=  6.4 s | axis_err=  0.9 deg | spin_err=  0.2 deg
orient:     t=  6.6 s | axis_err=  0.9 deg | spin_err=  0.2 deg
orient:     t=  6.8 s | axis_err=  0.9 deg | spin_err=  0.2 deg
orient:     t=  7.0 s | axis_err=  0.9 deg | spin_err=  0.2 deg
orient:     t=  7.2 s | axis_err=  0.9 deg | spin_err=  0.2 deg
orient:     t=  7.4 s | axis_err=  0.9 deg | spin_err=  0.2 deg
orient:     t=  7.6 s | axis_err=  0.9 deg | spin_err=  0.2 deg
orient:     t=  7.8 s | axis_err=  0.9 deg | spin_err=  0.2 deg

Orientation settled short of the 0.9 deg gate after 8.0 s: axis_err=0.9 deg | spin_err=0.2 deg

-- phase: approach_descend ---------------------------------------------------
  Kp [t1,t2,n]     = [    150.0,     150.0,     150.0] N/m
  Dp [t1,t2,n]     = [    133.6,      94.2,     128.3] Ns/m     auto (factor 1.90)
  KR [t1,t2,n]     = [    180.0,     180.0,      90.0] Nm/rad
  DR [t1,t2,n]     = [     15.3,      25.0,       2.0] Nms/rad  auto (factor 1.90)
  descend to         20 mm clearance at 0.100 m/s
descend:    t=  0.0 s | distance=   0.1 mm | height=+136.5 mm (target 20.0) | force=  0.0 N
descend:    t=  0.2 s | distance=  20.2 mm | height=+125.8 mm (target 20.0) | force=  0.5 N
descend:    t=  0.4 s | distance=  40.3 mm | height=+108.8 mm (target 20.0) | force= -0.1 N
descend:    t=  0.6 s | distance=  60.4 mm | height= +90.9 mm (target 20.0) | force=  0.4 N
descend:    t=  0.8 s | distance=  80.5 mm | height= +72.5 mm (target 20.0) | force=  0.8 N
descend:    t=  1.0 s | distance= 100.6 mm | height= +53.8 mm (target 20.0) | force= -0.8 N
descend:    t=  1.2 s | distance= 120.7 mm | height= +34.9 mm (target 20.0) | force=  0.6 N

Clearance reached: distance=136.6 mm | height=19.9 mm | target=20.0 mm | force=-1.4 N
  offset_ee        = [    -20.0,      60.0,      20.0] mm
  p_EE_at_contact  = [    535.3,      -4.5,      43.0] mm
  contact_point    = [    517.7,     -65.6,       1.9] mm
  edge_offset      = [    -17.5,     -61.0,     -41.0] mm

-- phase: setup --------------------------------------------------------------

-- setup impedance -----------------------------------------------------------
  law                wrench = K_TCP*dx + D_TCP*dv
                     K_TCP  = Ad(r_c)^T * blkdiag(Kp,KR) * Ad(r_c)
  Kp [t1,t2,n]     = [   2000.0,    2000.0,     350.0] N/m
  Dp [t1,t2,n]     = [    227.8,     160.3,     115.5] Ns/m     auto
  KR [t1,t2,n]     = [      5.0,       5.0,      50.0] Nm/rad
  DR [t1,t2,n]     = [      1.6,       1.9,       1.0] Nms/rad  auto
  p_c [EE]         = [    -80.0,       0.0,       0.0] mm       commanded in the tool frame
  r_c [t1,t2,n]    = [     79.2,       0.2,      11.2] mm       p_TCP - p_c, in the plane
setup:     t=  0.0 s | ee=  0.0 deg | F=  0.0 N | M=  0.0 Nm (limit 150.0) | contact= 19.8 mm
setup:     t=  0.2 s | ee=  0.6 deg | F=  2.1 N | M=  0.7 Nm (limit 150.0) | contact=  6.6 mm
setup:     t=  0.4 s | ee=  1.0 deg | F= 14.9 N | M=  0.2 Nm (limit 150.0) | contact=  1.2 mm
setup:     t=  0.6 s | ee=  1.0 deg | F= 17.5 N | M=  0.3 Nm (limit 150.0) | contact=  1.4 mm
setup:     t=  0.8 s | ee=  1.0 deg | F= 23.3 N | M=  0.5 Nm (limit 150.0) | contact=  1.5 mm
setup:     t=  1.0 s | ee=  1.0 deg | F= 28.7 N | M=  0.8 Nm (limit 150.0) | contact=  1.6 mm
setup:     t=  1.2 s | ee=  0.8 deg | F= 34.3 N | M=  1.1 Nm (limit 150.0) | contact=  1.7 mm
setup:     t=  1.4 s | ee=  0.4 deg | F= 38.6 N | M=  1.3 Nm (limit 150.0) | contact=  1.8 mm
setup:     t=  1.6 s | ee=  2.5 deg | F= 42.3 N | M=  1.4 Nm (limit 150.0) | contact=  2.3 mm
setup:     t=  1.8 s | ee=  4.9 deg | F= 47.8 N | M=  1.4 Nm (limit 150.0) | contact=  2.9 mm
setup:     t=  2.0 s | ee=  7.3 deg | F= 51.6 N | M=  1.3 Nm (limit 150.0) | contact=  3.2 mm
setup:     t=  2.2 s | ee=  9.9 deg | F= 55.7 N | M=  1.7 Nm (limit 150.0) | contact=  3.4 mm
setup:     t=  2.4 s | ee= 12.7 deg | F= 61.2 N | M=  2.4 Nm (limit 150.0) | contact=  3.4 mm
setup:     t=  2.6 s | ee= 15.7 deg | F= 66.3 N | M=  2.2 Nm (limit 150.0) | contact=  3.1 mm
libfranka exception: libfranka: Move command aborted: motion aborted by reflex! ["tau_J_range_violation"]
control_command_success_rate: 0.99
Recover the robot in Franka Desk before the next run.
