
==============================================================================
  SURFACE GRINDING CONTROLLER
==============================================================================
  robot              172.16.0.2
  parameters         /home/hm-panda/Desktop/Thesis_Final_Control/surface_grinding_controller/params
------------------------------------------------------------------------------

==============================================================================
  SURFACE GRINDING CONTROLLER - STARTUP MENU
==============================================================================

-- RUN MODES -----------------------------------------------------------------
  s      Run orientation, approach, setup, and grinding
  h      Cartesian pose hold at the initial posture
  t      Cartesian pose hold with the setup impedance
  g      Start manual guidance from the current robot pose

-- ROBOT PREPARATION ---------------------------------------------------------
  i      Move to the configured initial joint posture

-- GRIPPER AND TOOL ----------------------------------------------------------
  o      Open the gripper
  c      Grasp the tool
  r      Recalibrate the gripper with empty fingers
  f      Pick up the tool from the holder
  b      Return the tool to the holder

-- PROGRAM -------------------------------------------------------------------
  e      Exit
------------------------------------------------------------------------------
  During control: e = stop | m = startup menu | g = guidance
------------------------------------------------------------------------------
Selection [s/h/t/g/i/o/c/r/f/b/e]: 
-- SELECTED MODE: PHASE SEQUENCE ---------------------------------------------

-- moving to q_init ----------------------------------------------------------
  case               saved_qinit
  q1..q7 [deg]     = [0.8, 12.1, -0.5, -130.9, -0.2, 142.9, 44.7] deg
  saved_qinit = [0.014777, 0.210911, -0.009320, -2.284835, -0.002725, 2.493410, 0.780694] rad
  q_init reached.

-- start pose ----------------------------------------------------------------
  q_start          = [0.8, 12.1, -0.5, -130.9, -0.2, 142.9, 44.7] deg
  p_start          = [    531.3,       2.5,     156.8] mm

==============================================================================
  RUN
==============================================================================

-- phase: approach_orient ----------------------------------------------------
  Kp [t1,t2,n]     = [    150.0,     150.0,     150.0] N/m
  Dp [t1,t2,n]     = [    133.7,      94.2,     128.3] Ns/m     auto (factor 1.90)
  KR [t1,t2,n]     = [    180.0,     180.0,      90.0] Nm/rad
  DR [t1,t2,n]     = [     15.3,      25.0,       2.0] Nms/rad  auto (factor 1.90)
orient:     t=  0.0 s | axis_err=  8.6 deg | spin_err=  0.5 deg
orient:     t=  0.2 s | axis_err=  7.3 deg | spin_err=  0.2 deg
orient:     t=  0.4 s | axis_err=  3.3 deg | spin_err=  0.2 deg
orient:     t=  0.6 s | axis_err=  1.1 deg | spin_err=  0.3 deg
orient:     t=  0.8 s | axis_err=  0.9 deg | spin_err=  0.3 deg

Orientation reached: axis_err=0.9 deg | spin_err=0.2 deg

-- phase: approach_descend ---------------------------------------------------
  Kp [t1,t2,n]     = [    150.0,     150.0,     150.0] N/m
  Dp [t1,t2,n]     = [    133.7,      94.2,     128.3] Ns/m     auto (factor 1.90)
  KR [t1,t2,n]     = [    180.0,     180.0,      90.0] Nm/rad
  DR [t1,t2,n]     = [     15.3,      25.0,       2.0] Nms/rad  auto (factor 1.90)
  descend to         20 mm clearance at 0.100 m/s
descend:    t=  0.0 s | distance=   0.1 mm | height=+121.7 mm (target 20.0) | force= -0.0 N
descend:    t=  0.2 s | distance=  20.2 mm | height=+110.9 mm (target 20.0) | force=  2.1 N
descend:    t=  0.4 s | distance=  40.3 mm | height= +95.9 mm (target 20.0) | force=  2.4 N
descend:    t=  0.6 s | distance=  60.4 mm | height= +80.0 mm (target 20.0) | force=  3.8 N
descend:    t=  0.8 s | distance=  80.5 mm | height= +62.9 mm (target 20.0) | force=  2.9 N
descend:    t=  1.0 s | distance= 100.6 mm | height= +46.0 mm (target 20.0) | force=  3.7 N
descend:    t=  1.2 s | distance= 120.7 mm | height= +29.1 mm (target 20.0) | force=  3.1 N

Clearance reached: distance=131.7 mm | height=20.0 mm | target=20.0 mm | force=2.6 N
  offset_ee        = [     20.0,      60.0,      20.0] mm
  p_EE_at_contact  = [    517.1,       2.0,      49.8] mm
  contact_point    = [    535.5,     -55.4,       1.3] mm
  edge_offset      = [     18.4,     -57.4,     -48.5] mm

-- phase: setup --------------------------------------------------------------

-- setup impedance -----------------------------------------------------------
  law                wrench = K_TCP*dx + D_TCP*dv
                     K_TCP  = Ad(r_c)^T * blkdiag(Kp,KR) * Ad(r_c)
  Kp [t1,t2,n]     = [   2000.0,    2000.0,     350.0] N/m
  Dp [t1,t2,n]     = [    231.2,     178.0,     112.0] Ns/m     auto
  KR [t1,t2,n]     = [      5.0,       5.0,      50.0] Nm/rad
  DR [t1,t2,n]     = [      1.5,       1.9,       1.2] Nms/rad  auto
  p_c [EE]         = [     -0.3,      59.3,      -9.4] mm       resolved in the tool frame
  r_c [t1,t2,n]    = [      0.0,      60.0,       0.0] mm       commanded: p_TCP - p_c, in the plane
setup:     t=  0.0 s | ee=  0.0 deg | F=  0.0 N | M=  0.0 Nm (limit 150.0) | contact= 19.9 mm
setup:     t=  0.2 s | ee=  1.0 deg | F=  1.7 N | M=  1.1 Nm (limit 150.0) | contact=  7.4 mm
setup:     t=  0.4 s | ee=  1.6 deg | F= 18.5 N | M= 10.0 Nm (limit 150.0) | contact=  3.4 mm
setup:     t=  0.6 s | ee=  1.6 deg | F= 15.4 N | M=  8.8 Nm (limit 150.0) | contact=  3.5 mm
setup:     t=  0.8 s | ee=  1.6 deg | F= 20.7 N | M= 11.4 Nm (limit 150.0) | contact=  3.7 mm
setup:     t=  1.0 s | ee=  1.7 deg | F= 26.5 N | M= 14.3 Nm (limit 150.0) | contact=  3.8 mm
setup:     t=  1.2 s | ee=  1.7 deg | F= 31.8 N | M= 17.1 Nm (limit 150.0) | contact=  4.0 mm
setup:     t=  1.4 s | ee=  1.7 deg | F= 38.0 N | M= 20.3 Nm (limit 150.0) | contact=  4.2 mm
setup:     t=  1.6 s | ee=  1.7 deg | F= 43.7 N | M= 23.2 Nm (limit 150.0) | contact=  4.3 mm
setup:     t=  1.8 s | ee=  1.7 deg | F= 49.1 N | M= 26.0 Nm (limit 150.0) | contact=  4.5 mm
setup:     t=  2.0 s | ee=  1.7 deg | F= 54.9 N | M= 29.0 Nm (limit 150.0) | contact=  4.7 mm
setup:     t=  2.2 s | ee=  1.7 deg | F= 60.2 N | M= 31.8 Nm (limit 150.0) | contact=  4.8 mm
setup:     t=  2.4 s | ee=  1.8 deg | F= 65.5 N | M= 34.5 Nm (limit 150.0) | contact=  5.0 mm
setup:     t=  2.6 s | ee=  1.8 deg | F= 70.8 N | M= 37.3 Nm (limit 150.0) | contact=  5.1 mm
setup:     t=  2.8 s | ee=  1.8 deg | F= 76.6 N | M= 40.3 Nm (limit 150.0) | contact=  5.3 mm
setup:     t=  3.0 s | ee=  1.8 deg | F= 82.0 N | M= 43.1 Nm (limit 150.0) | contact=  5.4 mm
setup:     t=  3.2 s | ee=  1.8 deg | F= 87.9 N | M= 46.1 Nm (limit 150.0) | contact=  5.6 mm
setup:     t=  3.4 s | ee=  1.8 deg | F= 82.7 N | M= 43.6 Nm (limit 150.0) | contact=  5.5 mm
setup:     t=  3.6 s | ee=  1.8 deg | F= 82.5 N | M= 43.6 Nm (limit 150.0) | contact=  5.5 mm
setup:     t=  3.8 s | ee=  1.8 deg | F= 82.5 N | M= 43.5 Nm (limit 150.0) | contact=  5.5 mm
setup:     t=  4.0 s | ee=  1.8 deg | F= 82.4 N | M= 43.5 Nm (limit 150.0) | contact=  5.5 mm
setup:     t=  4.2 s | ee=  1.8 deg | F= 82.4 N | M= 43.5 Nm (limit 150.0) | contact=  5.5 mm
setup:     t=  4.4 s | ee=  1.8 deg | F= 82.3 N | M= 43.5 Nm (limit 150.0) | contact=  5.5 mm
setup:     t=  4.6 s | ee=  1.8 deg | F= 82.3 N | M= 43.5 Nm (limit 150.0) | contact=  5.5 mm
setup:     t=  4.8 s | ee=  1.8 deg | F= 82.3 N | M= 43.5 Nm (limit 150.0) | contact=  5.5 mm

==============================================================================
  SETUP RESULT
==============================================================================
  stop: time | t=5.0 s | ee=1.8 deg | F=82.4 N | M=43.5 Nm
  contact_from_start = [-2.9, +0.3, -4.6] mm | norm=5.5 mm
  tcp_from_contact  = [-21.1, +57.1, +24.4] mm | norm=65.6 mm
  deviation: before=9.38 deg | after=9.56 deg | gain=-0.18 deg
  deviation components [t1,t2,n] deg: before=[-9.37,-0.49,+0.00] | after=[-9.28,-2.28,+0.00]

-- setup surface-frame breakdown ---------------------------------------------
  frame              alignment-target [tangent1, tangent2, normal]
  force        [N]      = [    +4.17,     -0.93,    -82.27]
  tcp_disp     [mm]     = [    -2.33,     +0.36,    -24.13]
  contact_disp [mm]     = [    -2.85,     +0.45,     -4.67]
  Kp_eff=F/tcp [N/m]    = [  -1794.2,   -2590.5,    3410.1]
  M_contact    [Nm]     = [    -0.83,    +41.91,     -0.52]
  tip_angle    [deg]    = [    +0.08,     -1.75,     -0.40]
  KR_eff=M/ang [Nm/rad] = [   -599.8,   -1375.0,      75.2]
  frame              tool face [length, width, tool axis]
  M_contact    [Nm]     = [   -41.28,     +0.48,     +7.30]

-- center of compliance ------------------------------------------------------
  definition         r_c = p_TCP - p_c
  p_TCP [x,y,z]    = [    514.4,       1.7,      25.8] mm
  p_c [EE]         = [     -0.7,      59.3,      -9.3] mm
  r_c [t1,t2,n]    = [      0.0,      60.0,       0.0] mm
                     p_c resolved at end of setup

-- effective TCP impedance ---------------------------------------------------
  K_TCP translation = [   1999.5,    1998.7,     351.8] N/m
  K_TCP rotation   = [      6.3,       5.0,      57.1] Nm/rad
  commanded KR was = [      5.0,       5.0,      50.0] Nm/rad   including lever contribution
  D_TCP translation = [    231.2,     178.0,     112.1] Ns/m
  D_TCP rotation   = [      1.9,       1.9,       2.0] Nms/rad
  coupling           max |moment per unit translation| = 119.9 Nm/m (K), 13.9 Nms/m (D)
  eigenvalues        K_TCP 4.98 .. 2007 | D_TCP 1.20 .. 232  (both positive: valid springs)

  K_TCP [N/m, Nm/rad | rows fx..mz, cols tx..rz]:
           tx        ty        tz    |    rx        ry        rz
  fx [    2000  -0.7871   -28.44 |    1.707    3.319    119.9 ]
  fy [ -0.7871     1999   -45.62 |  -0.5818 -0.001307 -0.04721 ]
  fz [  -28.44   -45.62    351.8 |   -21.02 -0.04721   -1.706 ]
     ---------------------------+---------------------------
  mx [   1.707  -0.5818   -21.02 |    6.275   0.0243    0.878 ]
  my [   3.319 -0.001307 -0.04721 |   0.0243     5.04    1.443 ]
  mz [   119.9 -0.04721   -1.706 |    0.878    1.443    57.14 ]

  D_TCP [Ns/m, Nms/rad]:
           tx        ty        tz    |    rx        ry        rz
  fx [   231.2 -0.05686   -2.054 |   0.1233   0.3838    13.87 ]
  fy [-0.05686      178   -1.824 |  -0.1861 -9.439e-05 -0.00341 ]
  fz [  -2.054   -1.824    112.1 |   -6.722 -0.00341  -0.1232 ]
     ---------------------------+---------------------------
  mx [  0.1233  -0.1861   -6.722 |    1.893 7.123e-05 0.002574 ]
  my [  0.3838 -9.439e-05 -0.00341 | 7.123e-05    1.898 0.003982 ]
  mz [   13.87 -0.00341  -0.1232 | 0.002574 0.003982    2.042 ]

[GATE] Set up finished (still pressing). Press Enter to start the grind (e+Enter stops).

Stop requested with e + Enter. Finishing control loop...

-- joint motion [deg] --------------------------------------------------------
  joint       start    final    delta
  q1            0.8      0.6     -0.2
  q2           12.1     29.3    +17.1
  q3           -0.5     -1.0     -0.4
  q4         -130.9   -128.6     +2.3
  q5           -0.2     16.7    +16.9
  q6          142.9    152.0     +9.1
  q7           44.7     29.3    -15.4

==============================================================================
  FINAL RESULT
==============================================================================
  p_d              = [    512.7,      -5.2,    -210.0] mm
  p_EE             = [    514.4,       1.7,      25.8] mm
  e_p              = [     -1.7,      -6.9,    -235.7] mm
  e_R              = [     0.07,     -1.76,     -0.35] deg
------------------------------------------------------------------------------
  position error     235.84 mm
  rotation error     1.79 deg
  csv                logs/surface_grinding_controller_log.csv
------------------------------------------------------------------------------
