
==============================================================================
  SURFACE GRINDING CONTROLLER
==============================================================================
  robot              172.16.0.2
  parameters         /home/hm-panda/Desktop/Thesis_Final_Control/surface_grinding_controller/params
------------------------------------------------------------------------------

==============================================================================
  SURFACE GRINDING CONTROLLER - STARTUP MENU
==============================================================================

-- RUN MODES -----------------------------------------------------------------
  s      Run orientation, approach, setup, and grinding
  h      Cartesian pose hold at the initial posture
  t      Cartesian pose hold with the setup impedance
  g      Start manual guidance from the current robot pose

-- ROBOT PREPARATION ---------------------------------------------------------
  i      Move to the configured initial joint posture

-- GRIPPER AND TOOL ----------------------------------------------------------
  o      Open the gripper
  c      Grasp the tool
  r      Recalibrate the gripper with empty fingers
  f      Pick up the tool from the holder
  b      Return the tool to the holder

-- PROGRAM -------------------------------------------------------------------
  e      Exit
------------------------------------------------------------------------------
  During control: e = stop | m = startup menu | g = guidance
------------------------------------------------------------------------------
Selection [s/h/t/g/i/o/c/r/f/b/e]: 
-- SELECTED MODE: PHASE SEQUENCE ---------------------------------------------

-- moving to q_init ----------------------------------------------------------
  case               saved_qinit
  q1..q7 [deg]     = [0.8, 12.1, -0.5, -130.9, -0.2, 142.9, 44.7] deg
  saved_qinit = [0.014777, 0.210911, -0.009320, -2.284835, -0.002725, 2.493410, 0.780694] rad
  q_init reached.

-- start pose ----------------------------------------------------------------
  q_start          = [0.8, 12.1, -0.5, -130.9, -0.2, 142.8, 44.7] deg
  p_start          = [    531.1,       2.4,     156.7] mm

==============================================================================
  RUN
==============================================================================

-- phase: approach_orient ----------------------------------------------------
  Kp [t1,t2,n]     = [    150.0,     150.0,     150.0] N/m
  Dp [t1,t2,n]     = [    133.7,      94.2,     128.3] Ns/m     auto (factor 1.90)
  KR [t1,t2,n]     = [    180.0,     180.0,      90.0] Nm/rad
  DR [t1,t2,n]     = [     15.3,      25.0,       2.0] Nms/rad  auto (factor 1.90)
orient:     t=  0.0 s | axis_err=  2.9 deg | spin_err=  0.7 deg
orient:     t=  0.2 s | axis_err=  1.6 deg | spin_err=  0.0 deg
orient:     t=  0.4 s | axis_err=  0.8 deg | spin_err=  0.0 deg
orient:     t=  0.6 s | axis_err=  0.7 deg | spin_err=  0.0 deg
orient:     t=  0.8 s | axis_err=  0.6 deg | spin_err=  0.0 deg

Orientation reached: axis_err=0.6 deg | spin_err=0.0 deg

-- phase: approach_descend ---------------------------------------------------
  Kp [t1,t2,n]     = [    150.0,     150.0,     150.0] N/m
  Dp [t1,t2,n]     = [    133.7,      94.2,     128.3] Ns/m     auto (factor 1.90)
  KR [t1,t2,n]     = [    180.0,     180.0,      90.0] Nm/rad
  DR [t1,t2,n]     = [     15.3,      25.0,       2.0] Nms/rad  auto (factor 1.90)
  descend to         20 mm clearance at 0.100 m/s
descend:    t=  0.0 s | distance=   0.1 mm | height=+130.8 mm (target 20.0) | force= -0.0 N
descend:    t=  0.2 s | distance=  20.2 mm | height=+119.4 mm (target 20.0) | force=  1.0 N
descend:    t=  0.4 s | distance=  40.3 mm | height=+103.4 mm (target 20.0) | force=  1.9 N
descend:    t=  0.6 s | distance=  60.4 mm | height= +86.5 mm (target 20.0) | force=  1.2 N
descend:    t=  0.8 s | distance=  80.5 mm | height= +69.1 mm (target 20.0) | force=  2.0 N
descend:    t=  1.0 s | distance= 100.6 mm | height= +51.3 mm (target 20.0) | force=  0.9 N
descend:    t=  1.2 s | distance= 120.7 mm | height= +33.2 mm (target 20.0) | force=  2.5 N

Clearance reached: distance=135.3 mm | height=19.9 mm | target=20.0 mm | force=2.0 N
  offset_ee        = [     20.0,      60.0,      20.0] mm
  p_EE_at_contact  = [    518.1,      -0.3,      41.0] mm
  contact_point    = [    536.7,     -61.3,       1.5] mm
  edge_offset      = [     18.6,     -61.0,     -39.6] mm

-- phase: setup --------------------------------------------------------------

-- setup impedance -----------------------------------------------------------
  law                wrench = K_TCP*dx + D_TCP*dv
                     K_TCP  = Ad(r_c)^T * blkdiag(Kp,KR) * Ad(r_c)
  Kp [t1,t2,n]     = [   2000.0,    2000.0,     350.0] N/m
  Dp [t1,t2,n]     = [    232.3,     170.6,     112.8] Ns/m     auto
  KR [t1,t2,n]     = [      5.0,       5.0,      50.0] Nm/rad
  DR [t1,t2,n]     = [      1.3,       2.0,       0.8] Nms/rad  auto
  p_c [EE]         = [      0.0,     -60.0,      -0.0] mm       commanded in the tool frame
  r_c [t1,t2,n]    = [     -0.0,     -60.0,      -0.4] mm       p_TCP - p_c, in the plane
setup:     t=  0.0 s | tip=  0.0 deg | F=  0.1 N | M=  0.0 Nm (limit 150.0) | contact= 19.8 mm
setup:     t=  0.2 s | tip=  0.8 deg | F=  1.1 N | M=  0.6 Nm (limit 150.0) | contact=  7.1 mm
setup:     t=  0.4 s | tip=  1.1 deg | F= 10.6 N | M=  6.0 Nm (limit 150.0) | contact=  2.6 mm
setup:     t=  0.6 s | tip=  1.2 deg | F= 14.8 N | M=  8.0 Nm (limit 150.0) | contact=  1.9 mm
setup:     t=  0.8 s | tip=  1.2 deg | F= 20.8 N | M= 11.3 Nm (limit 150.0) | contact=  1.8 mm
setup:     t=  1.0 s | tip=  1.2 deg | F= 26.3 N | M= 14.2 Nm (limit 150.0) | contact=  1.9 mm
setup:     t=  1.2 s | tip=  1.2 deg | F= 32.2 N | M= 17.2 Nm (limit 150.0) | contact=  2.0 mm
setup:     t=  1.4 s | tip=  1.2 deg | F= 37.9 N | M= 20.2 Nm (limit 150.0) | contact=  2.1 mm
setup:     t=  1.6 s | tip=  1.2 deg | F= 43.1 N | M= 22.9 Nm (limit 150.0) | contact=  2.2 mm
setup:     t=  1.8 s | tip=  1.2 deg | F= 48.5 N | M= 25.7 Nm (limit 150.0) | contact=  2.4 mm
setup:     t=  2.0 s | tip=  1.3 deg | F= 54.1 N | M= 28.7 Nm (limit 150.0) | contact=  2.5 mm
setup:     t=  2.2 s | tip=  1.3 deg | F= 60.2 N | M= 31.8 Nm (limit 150.0) | contact=  2.7 mm
setup:     t=  2.4 s | tip=  1.3 deg | F= 65.7 N | M= 34.7 Nm (limit 150.0) | contact=  2.8 mm
setup:     t=  2.6 s | tip=  1.3 deg | F= 71.4 N | M= 37.6 Nm (limit 150.0) | contact=  3.0 mm
setup:     t=  2.8 s | tip=  1.3 deg | F= 77.1 N | M= 40.6 Nm (limit 150.0) | contact=  3.1 mm
setup:     t=  3.0 s | tip=  1.3 deg | F= 82.4 N | M= 43.3 Nm (limit 150.0) | contact=  3.3 mm
setup:     t=  3.2 s | tip=  1.3 deg | F= 87.4 N | M= 45.9 Nm (limit 150.0) | contact=  3.4 mm
setup:     t=  3.4 s | tip=  1.3 deg | F= 83.1 N | M= 43.7 Nm (limit 150.0) | contact=  3.3 mm
setup:     t=  3.6 s | tip=  1.3 deg | F= 83.0 N | M= 43.6 Nm (limit 150.0) | contact=  3.3 mm
setup:     t=  3.8 s | tip=  1.3 deg | F= 82.9 N | M= 43.6 Nm (limit 150.0) | contact=  3.3 mm
setup:     t=  4.0 s | tip=  1.3 deg | F= 82.9 N | M= 43.6 Nm (limit 150.0) | contact=  3.3 mm
setup:     t=  4.2 s | tip=  1.3 deg | F= 82.8 N | M= 43.5 Nm (limit 150.0) | contact=  3.3 mm
setup:     t=  4.4 s | tip=  1.3 deg | F= 82.8 N | M= 43.5 Nm (limit 150.0) | contact=  3.3 mm
setup:     t=  4.6 s | tip=  1.3 deg | F= 82.8 N | M= 43.5 Nm (limit 150.0) | contact=  3.3 mm
setup:     t=  4.8 s | tip=  1.3 deg | F= 82.6 N | M= 43.5 Nm (limit 150.0) | contact=  3.3 mm

==============================================================================
  SETUP RESULT
==============================================================================
  stop: time | t=5.0 s | tip=1.3 deg | F=82.7 N | M=43.5 Nm
  contact_from_start = [-2.3, -0.4, -2.3] mm | norm=3.3 mm
  tcp_from_contact  = [-20.2, +60.3, +17.7] mm | norm=66.0 mm
  alignment: before=0.80 deg | after=1.61 deg | gain=-0.81 deg
  alignment components [t1,t2,n] deg: before=[-0.76,-0.23,+0.00] | after=[-0.76,-1.42,+0.00]

-- setup surface-frame breakdown ---------------------------------------------
  frame              alignment-target [tangent1, tangent2, normal]
  force        [N]      = [    +1.20,     +1.42,    -82.69]
  tcp_disp     [mm]     = [    -1.21,     -0.13,    -21.93]
  contact_disp [mm]     = [    -2.26,     -0.32,     -2.39]
  Kp_eff=F/tcp [N/m]    = [   -996.7,  -11138.4,    3770.6]
  M_contact    [Nm]     = [    -9.09,    +41.80,     +0.58]
  tip_angle    [deg]    = [    +0.01,     -1.20,     +0.58]
  KR_eff=M/ang [Nm/rad] = [      n/a,   -2002.2,      57.6]
  frame              tool face [length, width, tool axis]
  M_contact    [Nm]     = [   -41.70,     +9.55,     +0.20]

-- center of compliance ------------------------------------------------------
  definition         r_c = p_TCP - p_c
  p_TCP [x,y,z]    = [    516.5,      -1.0,      19.1] mm
  p_c [EE]         = [     -0.0,     -60.0,      -0.0] mm
  r_c [t1,t2,n]    = [     -0.7,     -60.0,      -0.4] mm
                     p_c resolved at end of setup

-- effective TCP impedance ---------------------------------------------------
  K_TCP translation = [   1999.5,    1998.7,     351.8] N/m
  K_TCP rotation   = [      6.3,       5.0,      57.1] Nm/rad
  commanded KR was = [      5.0,       5.0,      50.0] Nm/rad   including lever contribution
  D_TCP translation = [    232.3,     170.5,     112.8] Ns/m
  D_TCP rotation   = [      1.7,       2.0,       1.6] Nms/rad
  coupling           max |moment per unit translation| = 119.9 Nm/m (K), 13.9 Nms/m (D)
  eigenvalues        K_TCP 4.98 .. 2007 | D_TCP 0.79 .. 233  (both positive: valid springs)

  K_TCP [N/m, Nm/rad | rows fx..mz, cols tx..rz]:
           tx        ty        tz    |    rx        ry        rz
  fx [    2000  -0.7871   -28.44 |   -1.707   -2.566   -119.9 ]
  fy [ -0.7871     1999   -45.62 |  -0.1529  0.03102    1.362 ]
  fz [  -28.44   -45.62    351.8 |    21.04  -0.1946    1.676 ]
     ---------------------------+---------------------------
  mx [  -1.707  -0.1529    21.04 |    6.275 0.009837   0.8779 ]
  my [  -2.566  0.03102  -0.1946 | 0.009837    5.038    1.398 ]
  mz [  -119.9    1.362    1.676 |   0.8779    1.398    57.15 ]

  D_TCP [Ns/m, Nms/rad]:
           tx        ty        tz    |    rx        ry        rz
  fx [   232.3 -0.05705   -2.061 |  -0.1237  -0.2989   -13.93 ]
  fy [-0.05705    170.5   -1.597 |   0.1246 0.001124   0.1156 ]
  fz [  -2.061   -1.597    112.8 |    6.767 -0.07155   0.1226 ]
     ---------------------------+---------------------------
  mx [ -0.1237   0.1246    6.767 |    1.709 -0.004532 -0.001247 ]
  my [ -0.2989 0.001124 -0.07155 | -0.004532    2.017 -0.01585 ]
  mz [  -13.93   0.1156   0.1226 | -0.001247 -0.01585    1.633 ]

[GATE] Set up finished (still pressing). Press Enter to start the grind (e+Enter stops).

Stop requested with e + Enter. Finishing control loop...

-- joint motion [deg] --------------------------------------------------------
  joint       start    final    delta
  q1            0.8      0.5     -0.4
  q2           12.1     30.1    +18.0
  q3           -0.5     -0.5     +0.1
  q4         -130.9   -129.1     +1.8
  q5           -0.2     -2.3     -2.1
  q6          142.8    155.3    +12.5
  q7           44.7     47.8     +3.1

==============================================================================
  FINAL RESULT
==============================================================================
  p_d              = [    513.6,      -7.5,    -218.7] mm
  p_EE             = [    516.5,      -1.0,      19.1] mm
  e_p              = [     -2.9,      -6.5,    -237.9] mm
  e_R              = [     0.02,     -1.18,      0.61] deg
------------------------------------------------------------------------------
  position error     237.99 mm
  rotation error     1.33 deg
  csv                logs/surface_grinding_controller_log.csv
------------------------------------------------------------------------------
