
==============================================================================
  SURFACE GRINDING CONTROLLER
==============================================================================
  robot              172.16.0.2
  parameters         /home/hm-panda/Desktop/Thesis_Final_Control/surface_grinding_controller/params
------------------------------------------------------------------------------

==============================================================================
  SURFACE GRINDING CONTROLLER - STARTUP MENU
==============================================================================

-- RUN MODES -----------------------------------------------------------------
  s      Run orientation, approach, setup, and grinding
  h      Cartesian pose hold at the initial posture
  t      Cartesian pose hold with the setup impedance
  g      Start manual guidance from the current robot pose

-- ROBOT PREPARATION ---------------------------------------------------------
  i      Move to the configured initial joint posture

-- GRIPPER AND TOOL ----------------------------------------------------------
  o      Open the gripper
  c      Grasp the tool
  r      Recalibrate the gripper with empty fingers
  f      Pick up the tool from the holder
  b      Return the tool to the holder

-- PROGRAM -------------------------------------------------------------------
  e      Exit
------------------------------------------------------------------------------
  During control: e = stop | m = startup menu | g = guidance
------------------------------------------------------------------------------
Selection [s/h/t/g/i/o/c/r/f/b/e]: 
-- SELECTED MODE: PHASE SEQUENCE ---------------------------------------------

-- moving to q_init ----------------------------------------------------------
  case               saved_qinit
  q1..q7 [deg]     = [0.8, 12.1, -0.5, -130.9, -0.2, 142.9, 44.7] deg
  saved_qinit = [0.014777, 0.210911, -0.009320, -2.284835, -0.002725, 2.493410, 0.780694] rad
  q_init reached.

-- start pose ----------------------------------------------------------------
  q_start          = [0.8, 12.1, -0.5, -130.9, -0.1, 142.9, 44.7] deg
  p_start          = [    531.3,       2.4,     156.8] mm

==============================================================================
  RUN
==============================================================================

-- phase: approach_orient ----------------------------------------------------
  Kp [t1,t2,n]     = [    150.0,     150.0,     150.0] N/m
  Dp [t1,t2,n]     = [    133.7,      94.2,     128.3] Ns/m     auto (factor 1.90)
  KR [t1,t2,n]     = [    180.0,     180.0,      90.0] Nm/rad
  DR [t1,t2,n]     = [     15.3,      25.0,       2.0] Nms/rad  auto (factor 1.90)
orient:     t=  0.0 s | axis_err=  8.5 deg | spin_err=  0.5 deg
orient:     t=  0.2 s | axis_err=  7.2 deg | spin_err=  0.2 deg
orient:     t=  0.4 s | axis_err=  3.3 deg | spin_err=  0.2 deg
orient:     t=  0.6 s | axis_err=  1.1 deg | spin_err=  0.2 deg
orient:     t=  0.8 s | axis_err=  0.9 deg | spin_err=  0.2 deg

Orientation reached: axis_err=0.8 deg | spin_err=0.2 deg

-- phase: approach_descend ---------------------------------------------------
  Kp [t1,t2,n]     = [    150.0,     150.0,     150.0] N/m
  Dp [t1,t2,n]     = [    133.7,      94.2,     128.3] Ns/m     auto (factor 1.90)
  KR [t1,t2,n]     = [    180.0,     180.0,      90.0] Nm/rad
  DR [t1,t2,n]     = [     15.3,      25.0,       2.0] Nms/rad  auto (factor 1.90)
  descend to         20 mm clearance at 0.100 m/s
descend:    t=  0.0 s | distance=   0.1 mm | height=+121.7 mm (target 20.0) | force=  0.0 N
descend:    t=  0.2 s | distance=  20.2 mm | height=+110.9 mm (target 20.0) | force=  1.7 N
descend:    t=  0.4 s | distance=  40.3 mm | height= +95.9 mm (target 20.0) | force=  2.9 N
descend:    t=  0.6 s | distance=  60.4 mm | height= +79.9 mm (target 20.0) | force=  2.4 N
descend:    t=  0.8 s | distance=  80.5 mm | height= +63.0 mm (target 20.0) | force=  3.2 N
descend:    t=  1.0 s | distance= 100.6 mm | height= +46.4 mm (target 20.0) | force=  3.4 N
descend:    t=  1.2 s | distance= 120.7 mm | height= +29.5 mm (target 20.0) | force=  2.5 N

Clearance reached: distance=132.3 mm | height=19.9 mm | target=20.0 mm | force=1.2 N
  offset_ee        = [     20.0,      60.0,      20.0] mm
  p_EE_at_contact  = [    517.7,       1.2,      49.8] mm
  contact_point    = [    536.1,     -56.2,       1.3] mm
  edge_offset      = [     18.4,     -57.4,     -48.4] mm

-- phase: setup --------------------------------------------------------------

-- setup impedance -----------------------------------------------------------
  law                wrench = K_TCP*dx + D_TCP*dv
                     K_TCP  = Ad(r_c)^T * blkdiag(Kp,KR) * Ad(r_c)
  Kp [t1,t2,n]     = [   2000.0,    2000.0,     350.0] N/m
  Dp [t1,t2,n]     = [    231.3,     178.0,     112.0] Ns/m     auto
  KR [t1,t2,n]     = [      5.0,       5.0,      50.0] Nm/rad
  DR [t1,t2,n]     = [      1.5,       1.9,       1.2] Nms/rad  auto
  p_c [EE]         = [     -0.2,      39.5,      -6.2] mm       resolved in the tool frame
  r_c [t1,t2,n]    = [     -0.0,      40.0,       0.0] mm       commanded: p_TCP - p_c, in the plane
setup:     t=  0.0 s | ee=  0.0 deg | F=  0.1 N | M=  0.0 Nm (limit 150.0) | contact= 19.8 mm
setup:     t=  0.2 s | ee=  1.0 deg | F=  2.0 N | M=  0.6 Nm (limit 150.0) | contact=  7.0 mm
setup:     t=  0.4 s | ee=  1.6 deg | F= 18.4 N | M=  1.1 Nm (limit 150.0) | contact=  2.9 mm
setup:     t=  0.6 s | ee=  1.6 deg | F= 16.6 N | M=  0.9 Nm (limit 150.0) | contact=  3.0 mm
setup:     t=  0.8 s | ee=  1.6 deg | F= 22.7 N | M=  0.9 Nm (limit 150.0) | contact=  3.1 mm
setup:     t=  1.0 s | ee=  1.6 deg | F= 28.2 N | M=  1.0 Nm (limit 150.0) | contact=  3.3 mm
setup:     t=  1.2 s | ee=  1.6 deg | F= 33.8 N | M=  1.1 Nm (limit 150.0) | contact=  3.4 mm
setup:     t=  1.4 s | ee=  1.6 deg | F= 39.4 N | M=  1.3 Nm (limit 150.0) | contact=  3.6 mm
setup:     t=  1.6 s | ee=  1.6 deg | F= 45.2 N | M=  1.5 Nm (limit 150.0) | contact=  3.8 mm
setup:     t=  1.8 s | ee=  1.7 deg | F= 50.5 N | M=  1.7 Nm (limit 150.0) | contact=  4.0 mm
setup:     t=  2.0 s | ee=  1.7 deg | F= 56.1 N | M=  1.9 Nm (limit 150.0) | contact=  4.1 mm
setup:     t=  2.2 s | ee=  1.7 deg | F= 61.3 N | M=  2.1 Nm (limit 150.0) | contact=  4.3 mm
setup:     t=  2.4 s | ee=  1.7 deg | F= 66.9 N | M=  2.3 Nm (limit 150.0) | contact=  4.5 mm
setup:     t=  2.6 s | ee=  1.7 deg | F= 72.7 N | M=  2.6 Nm (limit 150.0) | contact=  4.6 mm
setup:     t=  2.8 s | ee=  1.7 deg | F= 78.4 N | M=  2.8 Nm (limit 150.0) | contact=  4.8 mm
setup:     t=  3.0 s | ee=  1.7 deg | F= 83.8 N | M=  3.0 Nm (limit 150.0) | contact=  4.9 mm
setup:     t=  3.2 s | ee=  1.7 deg | F= 89.1 N | M=  3.3 Nm (limit 150.0) | contact=  5.1 mm
setup:     t=  3.4 s | ee=  1.7 deg | F= 84.3 N | M=  3.3 Nm (limit 150.0) | contact=  5.0 mm
setup:     t=  3.6 s | ee=  1.7 deg | F= 84.2 N | M=  3.2 Nm (limit 150.0) | contact=  5.0 mm
setup:     t=  3.8 s | ee=  1.7 deg | F= 84.2 N | M=  3.2 Nm (limit 150.0) | contact=  5.0 mm
setup:     t=  4.0 s | ee=  1.7 deg | F= 83.9 N | M=  3.2 Nm (limit 150.0) | contact=  5.0 mm
setup:     t=  4.2 s | ee=  1.7 deg | F= 83.9 N | M=  3.2 Nm (limit 150.0) | contact=  5.0 mm
setup:     t=  4.4 s | ee=  1.7 deg | F= 84.0 N | M=  3.2 Nm (limit 150.0) | contact=  5.0 mm
setup:     t=  4.6 s | ee=  1.7 deg | F= 84.0 N | M=  3.2 Nm (limit 150.0) | contact=  5.0 mm
setup:     t=  4.8 s | ee=  1.7 deg | F= 83.9 N | M=  3.2 Nm (limit 150.0) | contact=  5.0 mm

==============================================================================
  SETUP RESULT
==============================================================================
  stop: time | t=5.0 s | ee=1.7 deg | F=83.9 N | M_TCP=3.2 Nm
  contact_from_start = [-2.6, +0.3, -4.2] mm | norm=5.0 mm
  tcp_from_contact  = [-20.7, +57.2, +24.7] mm | norm=65.7 mm
  deviation: before=9.30 deg | after=9.45 deg | gain=-0.14 deg
  t_align: not reached | tolerance=2.00 deg | hold=0.30 s
  deviation components [t1,t2,n] deg: before=[-9.29,-0.55,+0.00] | after=[-9.16,-2.29,-0.00]

-- setup surface-frame breakdown ---------------------------------------------
  frame              alignment-target [tangent1, tangent2, normal]
  force        [N]      = [    +4.52,     -1.43,    -83.77]
  tcp_disp     [mm]     = [    -1.88,     +0.43,    -23.74]
  contact_disp [mm]     = [    -2.53,     +0.45,     -4.27]
  Kp_eff=F/tcp [N/m]    = [  -2410.6,   -3321.1,    3528.0]
  M_contact    [Nm]     = [    -1.58,     -0.53,     +0.08]
  ee_angle     [deg]    = [    +0.12,     -1.72,     -0.25]
  KR_eff=M/ang [Nm/rad] = [   -766.3,      17.7,     -18.8]
  frame              tool face [length, width, tool axis]
  M_contact    [Nm]     = [    +0.51,     +1.59,     -0.10]

-- center of compliance ------------------------------------------------------
  definition         r_c = p_TCP - p_c
  p_TCP [x,y,z]    = [    515.4,       1.0,      26.1] mm
  p_c [EE]         = [     -0.4,      39.5,      -6.1] mm
  r_c [t1,t2,n]    = [     -0.0,      40.0,       0.0] mm
                     p_c resolved at end of setup

-- effective TCP impedance ---------------------------------------------------
  K_TCP translation = [   1999.5,    1998.7,     351.8] N/m
  K_TCP rotation   = [      5.6,       5.0,      53.1] Nm/rad
  commanded KR was = [      5.0,       5.0,      50.0] Nm/rad   including lever contribution
  D_TCP translation = [    231.3,     178.0,     112.1] Ns/m
  D_TCP rotation   = [      1.7,       1.9,       1.6] Nms/rad
  coupling           max |moment per unit translation| = 79.9 Nm/m (K), 9.2 Nms/m (D)
  eigenvalues        K_TCP 4.99 .. 2003 | D_TCP 1.20 .. 232  (both positive: valid springs)

  K_TCP [N/m, Nm/rad | rows fx..mz, cols tx..rz]:
           tx        ty        tz    |    rx        ry        rz
  fx [    2000  -0.7871   -28.44 |    1.138    2.213    79.95 ]
  fy [ -0.7871     1999   -45.62 |  -0.3879 -0.0008711 -0.03147 ]
  fz [  -28.44   -45.62    351.8 |   -14.01 -0.03147   -1.137 ]
     ---------------------------+---------------------------
  mx [   1.138  -0.3879   -14.01 |    5.574  0.02273   0.8211 ]
  my [   2.213 -0.0008711 -0.03147 |  0.02273    5.037    1.333 ]
  mz [   79.95 -0.03147   -1.137 |   0.8211    1.333    53.15 ]

  D_TCP [Ns/m, Nms/rad]:
           tx        ty        tz    |    rx        ry        rz
  fx [   231.3 -0.05693   -2.057 |  0.08231    0.256    9.248 ]
  fy [-0.05693      178   -1.825 |   -0.124 -6.3e-05 -0.002276 ]
  fz [  -2.057   -1.825    112.1 |   -4.479 -0.002276 -0.08224 ]
     ---------------------------+---------------------------
  mx [ 0.08231   -0.124   -4.479 |    1.667 -4.455e-05 -0.001609 ]
  my [   0.256 -6.3e-05 -0.002276 | -4.455e-05      1.9 -0.009052 ]
  mz [   9.248 -0.002276 -0.08224 | -0.001609 -0.009052    1.574 ]

[GATE] Set up finished (still pressing). Press Enter to start the grind (e+Enter stops).

Stop requested with e + Enter. Finishing control loop...

-- joint motion [deg] --------------------------------------------------------
  joint       start    final    delta
  q1            0.8      0.7     -0.1
  q2           12.1     29.3    +17.2
  q3           -0.5     -1.1     -0.6
  q4         -130.9   -128.4     +2.5
  q5           -0.1     16.5    +16.7
  q6          142.9    151.9     +9.0
  q7           44.7     29.6    -15.1

==============================================================================
  FINAL RESULT
==============================================================================
  p_d              = [    513.2,      -5.9,    -210.0] mm
  p_EE             = [    515.4,       1.0,      26.1] mm
  e_p              = [     -2.2,      -7.0,    -236.1] mm
  e_R              = [     0.11,     -1.72,     -0.20] deg
------------------------------------------------------------------------------
  position error     236.19 mm
  rotation error     1.74 deg
  csv                logs/surface_grinding_controller_log.csv
------------------------------------------------------------------------------
