
==============================================================================
  SURFACE GRINDING CONTROLLER
==============================================================================
  robot              172.16.0.2
  parameters         /home/hm-panda/Desktop/Thesis_Final_Control/surface_grinding_controller/params
------------------------------------------------------------------------------

==============================================================================
  SURFACE GRINDING CONTROLLER - STARTUP MENU
==============================================================================

-- RUN MODES -----------------------------------------------------------------
  s      Run orientation, approach, contact establishment, and grinding
  h      Cartesian pose hold at the initial posture
  t      Cartesian pose hold with the contact establishment impedance
  g      Start manual guidance from the current robot pose

-- ROBOT PREPARATION ---------------------------------------------------------
  i      Move to the configured initial joint posture

-- GRIPPER AND TOOL ----------------------------------------------------------
  o      Open the gripper
  c      Grasp the tool
  r      Recalibrate the gripper with empty fingers
  f      Pick up the tool from the holder
  b      Return the tool to the holder

-- PROGRAM -------------------------------------------------------------------
  e      Exit
------------------------------------------------------------------------------
  During control: e = stop | m = startup menu | g = guidance
------------------------------------------------------------------------------
Selection [s/h/t/g/i/o/c/r/f/b/e]: 
-- SELECTED MODE: STATE SEQUENCE ---------------------------------------------

-- moving to q_init ----------------------------------------------------------
  case               saved_qinit
  q1..q7 [deg]     = [0.8, 12.1, -0.5, -130.9, -0.2, 142.9, 44.7] deg
  saved_qinit = [0.014777, 0.210911, -0.009320, -2.284835, -0.002725, 2.493410, 0.780694] rad
  q_init reached.

-- start pose ----------------------------------------------------------------
  q_start          = [0.8, 12.1, -0.5, -130.9, -0.2, 142.9, 44.7] deg
  p_start          = [    531.4,       2.4,     156.9] mm

==============================================================================
  RUN
==============================================================================

-- state: tool_orientation ---------------------------------------------------
  Kp [t1,t2,n]     = [    150.0,     150.0,     150.0] N/m
  Dp [t1,t2,n]     = [    133.7,      94.2,     128.3] Ns/m     auto (factor 1.90)
  KR [t1,t2,n]     = [    180.0,     180.0,      90.0] Nm/rad
  DR [t1,t2,n]     = [     15.3,      25.0,       2.0] Nms/rad  auto (factor 1.90)
orient:     t=  0.0 s | axis_err= 12.0 deg | spin_err=  0.9 deg
orient:     t=  0.2 s | axis_err= 10.3 deg | spin_err=  0.9 deg
orient:     t=  0.4 s | axis_err=  6.6 deg | spin_err=  0.6 deg
orient:     t=  0.6 s | axis_err=  2.7 deg | spin_err=  0.3 deg
orient:     t=  0.8 s | axis_err=  1.0 deg | spin_err=  0.2 deg

Orientation reached: axis_err=0.8 deg | spin_err=0.2 deg

-- state: surface_approach ---------------------------------------------------
  Kp [t1,t2,n]     = [    150.0,     150.0,     150.0] N/m
  Dp [t1,t2,n]     = [    133.7,      94.2,     128.3] Ns/m     auto (factor 1.90)
  KR [t1,t2,n]     = [    180.0,     180.0,      90.0] Nm/rad
  DR [t1,t2,n]     = [     15.3,      25.0,       2.0] Nms/rad  auto (factor 1.90)
  descend to         20 mm clearance at 0.100 m/s
descend:    t=  0.0 s | distance=   0.1 mm | height=+120.6 mm (target 20.0) | force=  0.0 N
descend:    t=  0.2 s | distance=  20.2 mm | height=+110.3 mm (target 20.0) | force=  1.5 N
descend:    t=  0.4 s | distance=  40.3 mm | height= +95.2 mm (target 20.0) | force=  2.5 N
descend:    t=  0.6 s | distance=  60.4 mm | height= +79.0 mm (target 20.0) | force=  2.5 N
descend:    t=  0.8 s | distance=  80.5 mm | height= +62.3 mm (target 20.0) | force=  2.2 N
descend:    t=  1.0 s | distance= 100.6 mm | height= +45.3 mm (target 20.0) | force=  3.0 N
descend:    t=  1.2 s | distance= 120.7 mm | height= +28.4 mm (target 20.0) | force=  1.7 N

Clearance reached: distance=130.7 mm | height=19.9 mm | target=20.0 mm | force=2.6 N
  offset_ee        = [     20.0,     -60.0,      20.0] mm
  p_EE_at_contact  = [    515.0,      -0.1,      50.7] mm
  contact_point    = [    533.5,      54.1,      -1.7] mm
  edge_offset      = [     18.5,      54.1,     -52.4] mm

-- state: contact_establishment ----------------------------------------------

-- contact establishment impedance -------------------------------------------
  law                wrench = K_TCP*dx + D_TCP*dv
                     K_TCP  = Ad(r_c)^T * blkdiag(Kp,KR) * Ad(r_c)
  Kp [t1,t2,n]     = [   2000.0,    2000.0,     350.0] N/m
  Dp [t1,t2,n]     = [    234.2,     174.7,     111.4] Ns/m     auto
  KR [t1,t2,n]     = [      5.0,       5.0,      50.0] Nm/rad
  DR [t1,t2,n]     = [      1.3,       2.0,       1.3] Nms/rad  auto
  p_c [EE]         = [      0.0,     100.0,       0.0] mm       commanded in the tool frame
  r_c [t1,t2,n]    = [     -0.1,     -98.5,      17.1] mm       p_c - p_TCP, in the plane
contact establishment:     t=  0.0 s | ee=  0.0 deg | F=  0.1 N | M=  0.0 Nm | contact= 19.8 mm
contact establishment:     t=  0.2 s | ee=  0.9 deg | F=  0.4 N | M=  0.5 Nm | contact=  7.3 mm
contact establishment:     t=  0.4 s | ee=  1.3 deg | F= 11.8 N | M=  0.5 Nm | contact=  2.8 mm
contact establishment:     t=  0.6 s | ee=  1.3 deg | F= 15.6 N | M=  0.5 Nm | contact=  2.7 mm
contact establishment:     t=  0.8 s | ee=  1.3 deg | F= 20.9 N | M=  0.6 Nm | contact=  2.7 mm
contact establishment:     t=  1.0 s | ee=  1.5 deg | F= 25.5 N | M=  0.6 Nm | contact=  2.8 mm
contact establishment:     t=  1.2 s | ee=  2.3 deg | F= 30.4 N | M=  0.5 Nm | contact=  2.5 mm
contact establishment:     t=  1.4 s | ee=  3.6 deg | F= 35.7 N | M=  0.4 Nm | contact=  2.4 mm
contact establishment:     t=  1.6 s | ee=  5.6 deg | F= 37.0 N | M=  0.5 Nm | contact=  2.3 mm
contact establishment:     t=  1.8 s | ee=  9.2 deg | F= 38.1 N | M=  0.4 Nm | contact=  2.6 mm
contact establishment:     t=  2.0 s | ee= 12.0 deg | F= 46.3 N | M=  3.9 Nm | contact=  2.8 mm
contact establishment:     t=  2.2 s | ee= 12.0 deg | F= 50.8 N | M=  4.8 Nm | contact=  2.8 mm
contact establishment:     t=  2.4 s | ee= 12.0 deg | F= 56.3 N | M=  5.1 Nm | contact=  2.8 mm
contact establishment:     t=  2.6 s | ee= 12.0 deg | F= 62.0 N | M=  5.5 Nm | contact=  2.8 mm
contact establishment:     t=  2.8 s | ee= 12.1 deg | F= 67.4 N | M=  5.9 Nm | contact=  2.8 mm
contact establishment:     t=  3.0 s | ee= 12.1 deg | F= 73.1 N | M=  6.2 Nm | contact=  2.8 mm
contact establishment:     t=  3.2 s | ee= 12.1 deg | F= 78.4 N | M=  6.6 Nm | contact=  2.8 mm
contact establishment:     t=  3.4 s | ee= 12.1 deg | F= 73.1 N | M=  6.1 Nm | contact=  2.8 mm
contact establishment:     t=  3.6 s | ee= 12.1 deg | F= 73.0 N | M=  6.1 Nm | contact=  2.8 mm
contact establishment:     t=  3.8 s | ee= 12.1 deg | F= 73.0 N | M=  6.1 Nm | contact=  2.8 mm
contact establishment:     t=  4.0 s | ee= 12.1 deg | F= 73.0 N | M=  6.1 Nm | contact=  2.8 mm
contact establishment:     t=  4.2 s | ee= 12.1 deg | F= 72.9 N | M=  6.1 Nm | contact=  2.8 mm
contact establishment:     t=  4.4 s | ee= 12.1 deg | F= 72.9 N | M=  6.1 Nm | contact=  2.8 mm
contact establishment:     t=  4.6 s | ee= 12.1 deg | F= 72.8 N | M=  6.1 Nm | contact=  2.8 mm
contact establishment:     t=  4.8 s | ee= 12.1 deg | F= 72.8 N | M=  6.1 Nm | contact=  2.8 mm

==============================================================================
  CONTACT-ESTABLISHMENT RESULT
==============================================================================
  stop: time | t=5.0 s | ee=12.1 deg | F=72.8 N | M_TCP=6.1 Nm
  contact_from_start = [-1.8, +2.0, +0.8] mm | norm=2.8 mm
  tcp_from_contact  = [-20.6, -58.2, +21.2] mm | norm=65.3 mm
  deviation: before=9.49 deg | after=2.72 deg | gain=+6.77 deg
  t_align: not reached | tolerance=2.00 deg | hold=0.30 s
  t_align_fraction: 1.56 s | fraction=0.50 of the deviation at contact
  deviation_min: 0.49 deg at t=1.82 s
  align_status: not_aligned
  deviation components [t1,t2,n] deg: before=[+9.48,-0.47,+0.00] | after=[-2.61,-0.75,-0.00]

-- contact establishment surface-frame breakdown -----------------------------
  frame              alignment-target [tangent1, tangent2, normal]
  force        [N]      = [    +1.93,     +5.66,    -72.52]
  tcp_disp     [mm]     = [    -1.63,     -3.22,    -31.33]
  contact_disp [mm]     = [    -1.83,     +2.00,     +0.80]
  Kp_eff=F/tcp [N/m]    = [  -1179.7,   -1760.1,    2314.6]
  M_contact    [Nm]     = [   +10.38,     -1.10,     +0.12]
  ee_angle     [deg]    = [   -12.08,     -0.29,     -0.07]
  KR_eff=M/ang [Nm/rad] = [    -49.2,     217.0,     -99.6]
  frame              tool face [length, width, tool axis]
  M_contact    [Nm]     = [    +1.10,    -10.37,     -0.31]

-- center of compliance ------------------------------------------------------
  definition         r_c = p_c - p_TCP
  p_TCP [x,y,z]    = [    512.8,      -4.2,      19.5] mm
  p_c [EE]         = [      0.0,     100.0,       0.0] mm
  r_c [t1,t2,n]    = [      0.1,     -99.9,      -3.9] mm
                     p_c resolved at end of contact establishment

-- effective TCP impedance ---------------------------------------------------
  K_TCP translation = [   1999.5,    1998.7,     351.8] N/m
  K_TCP rotation   = [      8.5,       5.0,      69.9] Nm/rad
  commanded KR was = [      5.0,       5.0,      50.0] Nm/rad   including lever contribution
  D_TCP translation = [    234.1,     174.6,     111.5] Ns/m
  D_TCP rotation   = [      2.4,       2.0,       3.7] Nms/rad
  coupling           max |moment per unit translation| = 199.9 Nm/m (K), 23.4 Nms/m (D)
  eigenvalues        K_TCP 4.95 .. 2021 | D_TCP 1.26 .. 237  (both positive: valid springs)

  K_TCP [N/m, Nm/rad | rows fx..mz, cols tx..rz]:
           tx        ty        tz    |    rx        ry        rz
  fx [    2000  -0.7871   -28.44 |    2.843   -2.238    199.9 ]
  fy [ -0.7871     1999   -45.62 |    6.799 0.0007846 -0.08292 ]
  fz [  -28.44   -45.62    351.8 |   -35.22  0.03257   -2.844 ]
     ---------------------------+---------------------------
  mx [   2.843    6.799   -35.22 |    8.543  0.01821     1.06 ]
  my [  -2.238 0.0007846  0.03257 |  0.01821    5.037     1.02 ]
  mz [   199.9 -0.08292   -2.844 |     1.06     1.02    69.94 ]

  D_TCP [Ns/m, Nms/rad]:
           tx        ty        tz    |    rx        ry        rz
  fx [   234.1 -0.05854   -2.115 |   0.2114   -0.262    23.41 ]
  fy [-0.05854    174.6   -1.748 |   0.3702 6.183e-05 -0.006222 ]
  fz [  -2.115   -1.748    111.5 |   -11.15 0.002602  -0.2115 ]
     ---------------------------+---------------------------
  mx [  0.2114   0.3702   -11.15 |    2.387 -0.0002322  0.02215 ]
  my [  -0.262 6.183e-05 0.002602 | -0.0002322    2.046 -0.04601 ]
  mz [   23.41 -0.006222  -0.2115 |  0.02215 -0.04601    3.671 ]

[STATE] Pre-grinding hold active. Press Enter to start grinding (e+Enter stops).

-- state: pre_grinding_hold --------------------------------------------------
  motion             established contact command
  impedance          inherited from contact establishment
  keys               Enter continue | e stop

Stop requested with e + Enter. Finishing control loop...

-- joint motion [deg] --------------------------------------------------------
  joint       start    final    delta
  q1            0.8     -8.9     -9.7
  q2           12.1     29.9    +17.8
  q3           -0.5      7.2     +7.7
  q4         -130.9   -130.3     +0.6
  q5           -0.2     -7.7     -7.6
  q6          142.9    156.5    +13.6
  q7           44.7     49.7     +4.9

==============================================================================
  FINAL RESULT
==============================================================================
  p_d              = [    510.5,      -7.3,    -209.0] mm
  p_EE             = [    512.8,      -4.2,      19.5] mm
  e_p              = [     -2.3,      -3.1,    -228.6] mm
  e_R              = [   -12.08,     -0.29,      0.15] deg
------------------------------------------------------------------------------
  position error     228.61 mm
  rotation error     12.09 deg
  csv                logs/surface_grinding_controller_log.csv
------------------------------------------------------------------------------
