
==============================================================================
  SURFACE GRINDING CONTROLLER
==============================================================================
  robot              172.16.0.2
  parameters         /home/hm-panda/Desktop/Thesis_Final_Control/surface_grinding_controller/params
------------------------------------------------------------------------------

==============================================================================
  SURFACE GRINDING CONTROLLER - STARTUP MENU
==============================================================================

-- RUN MODES -----------------------------------------------------------------
  s      Run orientation, approach, setup, and grinding
  h      Cartesian pose hold at the initial posture
  t      Cartesian pose hold with the setup impedance
  g      Start manual guidance from the current robot pose

-- ROBOT PREPARATION ---------------------------------------------------------
  i      Move to the configured initial joint posture

-- GRIPPER AND TOOL ----------------------------------------------------------
  o      Open the gripper
  c      Grasp the tool
  r      Recalibrate the gripper with empty fingers
  f      Pick up the tool from the holder
  b      Return the tool to the holder

-- PROGRAM -------------------------------------------------------------------
  e      Exit
------------------------------------------------------------------------------
  During control: e = stop | m = startup menu | g = guidance
------------------------------------------------------------------------------
Selection [s/h/t/g/i/o/c/r/f/b/e]: 
-- SELECTED MODE: PHASE SEQUENCE ---------------------------------------------

-- moving to q_init ----------------------------------------------------------
  case               saved_qinit
  q1..q7 [deg]     = [0.8, 12.1, -0.5, -130.9, -0.2, 142.9, 44.7] deg
  saved_qinit = [0.014777, 0.210911, -0.009320, -2.284835, -0.002725, 2.493410, 0.780694] rad
  q_init reached.

-- start pose ----------------------------------------------------------------
  q_start          = [0.9, 12.1, -0.6, -130.9, -0.1, 142.9, 44.7] deg
  p_start          = [    531.4,       2.5,     156.8] mm

==============================================================================
  RUN
==============================================================================

-- phase: approach_orient ----------------------------------------------------
  Kp [t1,t2,n]     = [    150.0,     150.0,     150.0] N/m
  Dp [t1,t2,n]     = [    133.7,      94.2,     128.3] Ns/m     auto (factor 1.90)
  KR [t1,t2,n]     = [    180.0,     180.0,      90.0] Nm/rad
  DR [t1,t2,n]     = [     15.3,      25.0,       2.0] Nms/rad  auto (factor 1.90)
orient:     t=  0.0 s | axis_err=  4.0 deg | spin_err=  0.6 deg
orient:     t=  0.2 s | axis_err=  2.8 deg | spin_err=  0.4 deg
orient:     t=  0.4 s | axis_err=  1.1 deg | spin_err=  0.2 deg
orient:     t=  0.6 s | axis_err=  0.9 deg | spin_err=  0.2 deg
orient:     t=  0.8 s | axis_err=  0.9 deg | spin_err=  0.2 deg

Orientation reached: axis_err=0.8 deg | spin_err=0.2 deg

-- phase: approach_descend ---------------------------------------------------
  Kp [t1,t2,n]     = [    150.0,     150.0,     150.0] N/m
  Dp [t1,t2,n]     = [    133.7,      94.2,     128.3] Ns/m     auto (factor 1.90)
  KR [t1,t2,n]     = [    180.0,     180.0,      90.0] Nm/rad
  DR [t1,t2,n]     = [     15.3,      25.0,       2.0] Nms/rad  auto (factor 1.90)
  descend to         20 mm clearance at 0.100 m/s
descend:    t=  0.0 s | distance=   0.1 mm | height=+125.8 mm (target 20.0) | force=  0.0 N
descend:    t=  0.2 s | distance=  20.2 mm | height=+115.0 mm (target 20.0) | force=  2.5 N
descend:    t=  0.4 s | distance=  40.3 mm | height= +99.3 mm (target 20.0) | force=  2.3 N
descend:    t=  0.6 s | distance=  60.4 mm | height= +82.2 mm (target 20.0) | force=  1.3 N
descend:    t=  0.8 s | distance=  80.5 mm | height= +65.1 mm (target 20.0) | force=  1.7 N
descend:    t=  1.0 s | distance= 100.6 mm | height= +47.8 mm (target 20.0) | force=  1.5 N
descend:    t=  1.2 s | distance= 120.7 mm | height= +30.5 mm (target 20.0) | force=  3.0 N

Clearance reached: distance=132.9 mm | height=19.9 mm | target=20.0 mm | force=2.7 N
  offset_ee        = [     20.0,      60.0,      20.0] mm
  p_EE_at_contact  = [    518.1,       3.4,      44.6] mm
  contact_point    = [    536.7,     -56.3,       1.3] mm
  edge_offset      = [     18.6,     -59.7,     -43.3] mm

-- phase: setup --------------------------------------------------------------

-- setup impedance -----------------------------------------------------------
  law                wrench = K_TCP*dx + D_TCP*dv
                     K_TCP  = Ad(r_c)^T * blkdiag(Kp,KR) * Ad(r_c)
  Kp [t1,t2,n]     = [   2000.0,    2000.0,     350.0] N/m
  Dp [t1,t2,n]     = [    232.2,     172.8,     112.5] Ns/m     auto
  KR [t1,t2,n]     = [      5.0,       5.0,      50.0] Nm/rad
  DR [t1,t2,n]     = [      1.4,       2.0,       0.9] Nms/rad  auto
  p_c [EE]         = [      0.0,     -40.0,       0.0] mm       commanded in the tool frame
  r_c [t1,t2,n]    = [      0.0,     -39.9,      -2.7] mm       p_TCP - p_c, in the plane
setup:     t=  0.0 s | ee=  0.0 deg | F=  0.2 N | M=  0.0 Nm (limit 150.0) | contact= 19.8 mm
setup:     t=  0.2 s | ee=  0.8 deg | F=  0.7 N | M=  0.6 Nm (limit 150.0) | contact=  7.3 mm
setup:     t=  0.4 s | ee=  1.5 deg | F= 18.5 N | M=  0.8 Nm (limit 150.0) | contact=  2.9 mm
setup:     t=  0.6 s | ee=  1.5 deg | F= 15.7 N | M=  0.7 Nm (limit 150.0) | contact=  2.9 mm
setup:     t=  0.8 s | ee=  1.5 deg | F= 20.2 N | M=  0.6 Nm (limit 150.0) | contact=  3.0 mm
setup:     t=  1.0 s | ee=  1.6 deg | F= 26.7 N | M=  0.6 Nm (limit 150.0) | contact=  3.1 mm
setup:     t=  1.2 s | ee=  1.6 deg | F= 31.8 N | M=  0.4 Nm (limit 150.0) | contact=  3.3 mm
setup:     t=  1.4 s | ee=  2.4 deg | F= 34.4 N | M=  0.6 Nm (limit 150.0) | contact=  3.5 mm
setup:     t=  1.6 s | ee=  3.2 deg | F= 41.6 N | M=  3.1 Nm (limit 150.0) | contact=  3.7 mm
setup:     t=  1.8 s | ee=  3.2 deg | F= 47.4 N | M=  3.0 Nm (limit 150.0) | contact=  3.8 mm
setup:     t=  2.0 s | ee=  3.2 deg | F= 53.2 N | M=  3.0 Nm (limit 150.0) | contact=  4.0 mm
setup:     t=  2.2 s | ee=  3.2 deg | F= 58.5 N | M=  3.1 Nm (limit 150.0) | contact=  4.1 mm
setup:     t=  2.4 s | ee=  3.2 deg | F= 64.2 N | M=  3.1 Nm (limit 150.0) | contact=  4.2 mm
setup:     t=  2.6 s | ee=  3.2 deg | F= 69.8 N | M=  3.2 Nm (limit 150.0) | contact=  4.4 mm
setup:     t=  2.8 s | ee=  3.2 deg | F= 75.0 N | M=  3.3 Nm (limit 150.0) | contact=  4.5 mm
setup:     t=  3.0 s | ee=  3.2 deg | F= 80.7 N | M=  3.5 Nm (limit 150.0) | contact=  4.7 mm
setup:     t=  3.2 s | ee=  3.3 deg | F= 86.3 N | M=  3.6 Nm (limit 150.0) | contact=  4.8 mm
setup:     t=  3.4 s | ee=  3.3 deg | F= 81.1 N | M=  3.6 Nm (limit 150.0) | contact=  4.7 mm
setup:     t=  3.6 s | ee=  3.3 deg | F= 81.0 N | M=  3.5 Nm (limit 150.0) | contact=  4.7 mm
setup:     t=  3.8 s | ee=  3.3 deg | F= 80.9 N | M=  3.6 Nm (limit 150.0) | contact=  4.7 mm
setup:     t=  4.0 s | ee=  3.3 deg | F= 80.9 N | M=  3.6 Nm (limit 150.0) | contact=  4.7 mm
setup:     t=  4.2 s | ee=  3.3 deg | F= 80.8 N | M=  3.6 Nm (limit 150.0) | contact=  4.7 mm
setup:     t=  4.4 s | ee=  3.3 deg | F= 80.6 N | M=  3.6 Nm (limit 150.0) | contact=  4.7 mm
setup:     t=  4.6 s | ee=  3.3 deg | F= 80.7 N | M=  3.5 Nm (limit 150.0) | contact=  4.7 mm
setup:     t=  4.8 s | ee=  3.3 deg | F= 80.8 N | M=  3.6 Nm (limit 150.0) | contact=  4.7 mm

==============================================================================
  SETUP RESULT
==============================================================================
  stop: time | t=5.0 s | ee=3.3 deg | F=80.7 N | M_TCP=3.5 Nm
  contact_from_start = [-3.1, +0.5, -3.5] mm | norm=4.7 mm
  tcp_from_contact  = [-21.1, +60.7, +17.6] mm | norm=66.6 mm
  deviation: before=4.27 deg | after=2.68 deg | gain=+1.60 deg
  t_align: not reached | tolerance=2.00 deg | hold=0.30 s
  t_align_fraction: not reached | fraction=0.50 of the deviation at contact
  deviation_min: 2.59 deg at t=1.56 s
  align_status: not_aligned
  deviation components [t1,t2,n] deg: before=[-4.26,-0.34,+0.00] | after=[-1.59,-2.15,+0.00]

-- setup surface-frame breakdown ---------------------------------------------
  frame              alignment-target [tangent1, tangent2, normal]
  force        [N]      = [    +2.89,     -2.99,    -80.59]
  tcp_disp     [mm]     = [    -1.98,     +1.75,    -25.61]
  contact_disp [mm]     = [    -3.02,     +0.56,     -3.54]
  Kp_eff=F/tcp [N/m]    = [  -1460.4,   -1707.1,    3146.3]
  M_contact    [Nm]     = [    -8.24,     -0.89,     +0.04]
  ee_angle     [deg]    = [    +2.67,     -1.83,     +0.27]
  KR_eff=M/ang [Nm/rad] = [   -176.6,      27.7,       8.5]
  frame              tool face [length, width, tool axis]
  M_contact    [Nm]     = [    +0.93,     +8.23,     +0.24]

-- center of compliance ------------------------------------------------------
  definition         r_c = p_TCP - p_c
  p_TCP [x,y,z]    = [    515.7,       4.4,      19.0] mm
  p_c [EE]         = [     -0.0,     -40.0,      -0.0] mm
  r_c [t1,t2,n]    = [     -0.2,     -40.0,      -0.8] mm
                     p_c resolved at end of setup

-- effective TCP impedance ---------------------------------------------------
  K_TCP translation = [   1999.5,    1998.7,     351.8] N/m
  K_TCP rotation   = [      5.6,       5.0,      53.2] Nm/rad
  commanded KR was = [      5.0,       5.0,      50.0] Nm/rad   including lever contribution
  D_TCP translation = [    232.1,     172.7,     112.6] Ns/m
  D_TCP rotation   = [      1.5,       2.0,       1.3] Nms/rad
  coupling           max |moment per unit translation| = 80.0 Nm/m (K), 9.3 Nms/m (D)
  eigenvalues        K_TCP 4.99 .. 2003 | D_TCP 0.89 .. 233  (both positive: valid springs)

  K_TCP [N/m, Nm/rad | rows fx..mz, cols tx..rz]:
           tx        ty        tz    |    rx        ry        rz
  fx [    2000  -0.7871   -28.44 |   -1.138   -0.539   -79.98 ]
  fy [ -0.7871     1999   -45.62 |    -1.28  0.01046   0.4801 ]
  fz [  -28.44   -45.62    351.8 |    14.06  -0.0712    1.127 ]
     ---------------------------+---------------------------
  mx [  -1.138    -1.28    14.06 |    5.575  0.01862   0.8208 ]
  my [  -0.539  0.01046  -0.0712 |  0.01862    5.035    1.266 ]
  mz [  -79.98   0.4801    1.127 |   0.8208    1.266    53.15 ]

  D_TCP [Ns/m, Nms/rad]:
           tx        ty        tz    |    rx        ry        rz
  fx [   232.1 -0.05708   -2.062 | -0.08251 -0.06286   -9.285 ]
  fy [-0.05708    172.7   -1.666 | -0.01951 0.0003895  0.04106 ]
  fz [  -2.062   -1.666    112.6 |    4.503 -0.02471  0.08212 ]
     ---------------------------+---------------------------
  mx [-0.08251 -0.01951    4.503 |    1.548 -0.001214 -0.004843 ]
  my [-0.06286 0.0003895 -0.02471 | -0.001214    1.978 -0.02745 ]
  mz [  -9.285  0.04106  0.08212 | -0.004843 -0.02745    1.268 ]

[GATE] Set up finished (still pressing). Press Enter to start the grind (e+Enter stops).

Stop requested with e + Enter. Finishing control loop...

-- joint motion [deg] --------------------------------------------------------
  joint       start    final    delta
  q1            0.9      2.0     +1.1
  q2           12.1     30.2    +18.1
  q3           -0.6     -1.3     -0.7
  q4         -130.9   -128.8     +2.1
  q5           -0.1      0.8     +0.9
  q6          142.9    154.3    +11.4
  q7           44.7     45.4     +0.7

==============================================================================
  FINAL RESULT
==============================================================================
  p_d              = [    513.6,      -3.8,    -215.2] mm
  p_EE             = [    515.7,       4.4,      19.0] mm
  e_p              = [     -2.1,      -8.2,    -234.2] mm
  e_R              = [     2.68,     -1.83,      0.28] deg
------------------------------------------------------------------------------
  position error     234.32 mm
  rotation error     3.25 deg
  csv                logs/surface_grinding_controller_log.csv
------------------------------------------------------------------------------
