
==============================================================================
  SURFACE GRINDING CONTROLLER
==============================================================================
  robot              172.16.0.2
  parameters         /home/hm-panda/Desktop/Thesis_Final_Control/surface_grinding_controller/params
------------------------------------------------------------------------------

==============================================================================
  SURFACE GRINDING CONTROLLER - STARTUP MENU
==============================================================================

-- RUN MODES -----------------------------------------------------------------
  s      Run orientation, approach, setup, and grinding
  h      Cartesian pose hold at the initial posture
  t      Cartesian pose hold with the setup impedance
  g      Start manual guidance from the current robot pose

-- ROBOT PREPARATION ---------------------------------------------------------
  i      Move to the configured initial joint posture

-- GRIPPER AND TOOL ----------------------------------------------------------
  o      Open the gripper
  c      Grasp the tool
  r      Recalibrate the gripper with empty fingers
  f      Pick up the tool from the holder
  b      Return the tool to the holder

-- PROGRAM -------------------------------------------------------------------
  e      Exit
------------------------------------------------------------------------------
  During control: e = stop | m = startup menu | g = guidance
------------------------------------------------------------------------------
Selection [s/h/t/g/i/o/c/r/f/b/e]: 
-- SELECTED MODE: PHASE SEQUENCE ---------------------------------------------

-- moving to q_init ----------------------------------------------------------
  case               saved_qinit
  q1..q7 [deg]     = [0.8, 12.1, -0.5, -130.9, -0.2, 142.9, 44.7] deg
  saved_qinit = [0.014777, 0.210911, -0.009320, -2.284835, -0.002725, 2.493410, 0.780694] rad
  q_init reached.

-- start pose ----------------------------------------------------------------
  q_start          = [0.9, 12.1, -0.5, -130.9, -0.1, 142.9, 44.7] deg
  p_start          = [    531.3,       2.5,     156.8] mm

==============================================================================
  RUN
==============================================================================

-- phase: approach_orient ----------------------------------------------------
  Kp [t1,t2,n]     = [    150.0,     150.0,     150.0] N/m
  Dp [t1,t2,n]     = [    133.7,      94.2,     128.3] Ns/m     auto (factor 1.90)
  KR [t1,t2,n]     = [    180.0,     180.0,      90.0] Nm/rad
  DR [t1,t2,n]     = [     15.3,      25.0,       2.0] Nms/rad  auto (factor 1.90)
orient:     t=  0.0 s | axis_err=  8.5 deg | spin_err=  0.5 deg
orient:     t=  0.2 s | axis_err=  7.2 deg | spin_err=  0.2 deg
orient:     t=  0.4 s | axis_err=  3.3 deg | spin_err=  0.2 deg
orient:     t=  0.6 s | axis_err=  1.1 deg | spin_err=  0.2 deg
orient:     t=  0.8 s | axis_err=  0.9 deg | spin_err=  0.3 deg

Orientation reached: axis_err=0.9 deg | spin_err=0.3 deg

-- phase: approach_descend ---------------------------------------------------
  Kp [t1,t2,n]     = [    150.0,     150.0,     150.0] N/m
  Dp [t1,t2,n]     = [    133.7,      94.2,     128.3] Ns/m     auto (factor 1.90)
  KR [t1,t2,n]     = [    180.0,     180.0,      90.0] Nm/rad
  DR [t1,t2,n]     = [     15.3,      25.0,       2.0] Nms/rad  auto (factor 1.90)
  descend to         20 mm clearance at 0.100 m/s
descend:    t=  0.0 s | distance=   0.1 mm | height=+121.5 mm (target 20.0) | force=  0.0 N
descend:    t=  0.2 s | distance=  20.2 mm | height=+110.7 mm (target 20.0) | force=  2.3 N
descend:    t=  0.4 s | distance=  40.3 mm | height= +95.5 mm (target 20.0) | force=  2.5 N
descend:    t=  0.6 s | distance=  60.4 mm | height= +79.2 mm (target 20.0) | force=  2.6 N
descend:    t=  0.8 s | distance=  80.5 mm | height= +62.0 mm (target 20.0) | force=  2.7 N
descend:    t=  1.0 s | distance= 100.6 mm | height= +45.0 mm (target 20.0) | force=  3.1 N
descend:    t=  1.2 s | distance= 120.7 mm | height= +28.0 mm (target 20.0) | force=  3.5 N

Clearance reached: distance=130.4 mm | height=20.0 mm | target=20.0 mm | force=2.1 N
  offset_ee        = [     20.0,      60.0,      20.0] mm
  p_EE_at_contact  = [    516.8,       1.4,      49.8] mm
  contact_point    = [    535.3,     -56.0,       1.3] mm
  edge_offset      = [     18.4,     -57.4,     -48.4] mm

-- phase: setup --------------------------------------------------------------

-- setup impedance -----------------------------------------------------------
  law                wrench = K_TCP*dx + D_TCP*dv
                     K_TCP  = Ad(r_c)^T * blkdiag(Kp,KR) * Ad(r_c)
  Kp [t1,t2,n]     = [   2000.0,    2000.0,     350.0] N/m
  Dp [t1,t2,n]     = [    231.2,     178.0,     112.1] Ns/m     auto
  KR [t1,t2,n]     = [      5.0,       5.0,      50.0] Nm/rad
  DR [t1,t2,n]     = [      1.5,       1.9,       1.2] Nms/rad  auto
  p_c [EE]         = [     -0.0,     -60.0,       0.0] mm       commanded in the tool frame
  r_c [t1,t2,n]    = [      0.0,     -59.3,      -9.3] mm       p_TCP - p_c, in the plane
setup:     t=  0.0 s | tip=  0.0 deg | F=  0.1 N | M=  0.0 Nm (limit 150.0) | contact= 19.9 mm
setup:     t=  0.2 s | tip=  0.9 deg | F=  1.1 N | M=  1.0 Nm (limit 150.0) | contact=  7.2 mm
setup:     t=  0.4 s | tip=  1.6 deg | F= 19.3 N | M= 10.3 Nm (limit 150.0) | contact=  3.5 mm
setup:     t=  0.6 s | tip=  1.6 deg | F= 15.9 N | M=  8.7 Nm (limit 150.0) | contact=  3.5 mm
setup:     t=  0.8 s | tip=  1.6 deg | F= 21.3 N | M= 11.5 Nm (limit 150.0) | contact=  3.7 mm
setup:     t=  1.0 s | tip=  1.7 deg | F= 26.9 N | M= 14.3 Nm (limit 150.0) | contact=  3.8 mm
setup:     t=  1.2 s | tip=  1.9 deg | F= 32.5 N | M= 17.1 Nm (limit 150.0) | contact=  4.0 mm
setup:     t=  1.4 s | tip=  2.2 deg | F= 37.1 N | M= 19.4 Nm (limit 150.0) | contact=  4.1 mm
setup:     t=  1.6 s | tip=  3.1 deg | F= 40.9 N | M= 21.4 Nm (limit 150.0) | contact=  4.2 mm
setup:     t=  1.8 s | tip=  5.7 deg | F= 43.3 N | M= 23.0 Nm (limit 150.0) | contact=  4.0 mm
setup:     t=  2.0 s | tip=  8.3 deg | F= 50.6 N | M= 27.2 Nm (limit 150.0) | contact=  3.8 mm
setup:     t=  2.2 s | tip=  8.3 deg | F= 55.3 N | M= 29.8 Nm (limit 150.0) | contact=  4.0 mm
setup:     t=  2.4 s | tip=  8.3 deg | F= 61.2 N | M= 32.7 Nm (limit 150.0) | contact=  4.1 mm
setup:     t=  2.6 s | tip=  8.3 deg | F= 66.7 N | M= 35.5 Nm (limit 150.0) | contact=  4.3 mm
setup:     t=  2.8 s | tip=  8.3 deg | F= 72.0 N | M= 38.1 Nm (limit 150.0) | contact=  4.4 mm
setup:     t=  3.0 s | tip=  8.3 deg | F= 77.3 N | M= 40.8 Nm (limit 150.0) | contact=  4.6 mm
setup:     t=  3.2 s | tip=  8.3 deg | F= 83.0 N | M= 43.7 Nm (limit 150.0) | contact=  4.7 mm
setup:     t=  3.4 s | tip=  8.3 deg | F= 78.1 N | M= 41.5 Nm (limit 150.0) | contact=  4.6 mm
setup:     t=  3.6 s | tip=  8.3 deg | F= 78.1 N | M= 41.4 Nm (limit 150.0) | contact=  4.6 mm
setup:     t=  3.8 s | tip=  8.3 deg | F= 77.8 N | M= 41.3 Nm (limit 150.0) | contact=  4.6 mm
setup:     t=  4.0 s | tip=  8.3 deg | F= 77.8 N | M= 41.3 Nm (limit 150.0) | contact=  4.6 mm
setup:     t=  4.2 s | tip=  8.3 deg | F= 77.7 N | M= 41.2 Nm (limit 150.0) | contact=  4.6 mm
setup:     t=  4.4 s | tip=  8.3 deg | F= 77.7 N | M= 41.2 Nm (limit 150.0) | contact=  4.6 mm
setup:     t=  4.6 s | tip=  8.3 deg | F= 77.7 N | M= 41.2 Nm (limit 150.0) | contact=  4.6 mm
setup:     t=  4.8 s | tip=  8.3 deg | F= 77.9 N | M= 41.3 Nm (limit 150.0) | contact=  4.6 mm

==============================================================================
  SETUP RESULT
==============================================================================
  stop: time | t=5.0 s | tip=8.3 deg | F=77.6 N | M=41.2 Nm
  contact_from_start = [-2.9, +0.1, -3.6] mm | norm=4.6 mm
  tcp_from_contact  = [-20.5, +60.5, +17.4] mm | norm=66.2 mm
  alignment: before=9.29 deg | after=2.97 deg | gain=+6.32 deg
  alignment components [t1,t2,n] deg: before=[-9.28,-0.48,+0.00] | after=[-1.33,-2.66,+0.00]

-- setup surface-frame breakdown ---------------------------------------------
  frame              alignment-target [tangent1, tangent2, normal]
  force        [N]      = [    +2.42,     -7.19,    -77.26]
  tcp_disp     [mm]     = [    -1.48,     +3.87,    -30.94]
  contact_disp [mm]     = [    -2.79,     +0.15,     -3.64]
  Kp_eff=F/tcp [N/m]    = [  -1631.0,   -1857.7,    2497.3]
  M_contact    [Nm]     = [    -9.91,    +39.31,     -3.74]
  tip_angle    [deg]    = [    +7.96,     -2.22,     +0.29]
  KR_eff=M/ang [Nm/rad] = [    -71.3,   -1014.4,    -742.1]
  frame              tool face [length, width, tool axis]
  M_contact    [Nm]     = [   -39.13,    +10.02,     +5.11]

-- center of compliance ------------------------------------------------------
  definition         r_c = p_TCP - p_c
  p_TCP [x,y,z]    = [    514.8,       4.5,      18.8] mm
  p_c [EE]         = [      0.0,     -60.0,       0.0] mm
  r_c [t1,t2,n]    = [     -0.5,     -60.0,      -1.0] mm
                     p_c resolved at end of setup

-- effective TCP impedance ---------------------------------------------------
  K_TCP translation = [   1999.5,    1998.7,     351.8] N/m
  K_TCP rotation   = [      6.3,       5.0,      57.1] Nm/rad
  commanded KR was = [      5.0,       5.0,      50.0] Nm/rad   including lever contribution
  D_TCP translation = [    231.2,     178.0,     112.2] Ns/m
  D_TCP rotation   = [      1.9,       1.9,       2.0] Nms/rad
  coupling           max |moment per unit translation| = 120.0 Nm/m (K), 13.9 Nms/m (D)
  eigenvalues        K_TCP 4.98 .. 2007 | D_TCP 1.20 .. 232  (both positive: valid springs)

  K_TCP [N/m, Nm/rad | rows fx..mz, cols tx..rz]:
           tx        ty        tz    |    rx        ry        rz
  fx [    2000  -0.7871   -28.44 |   -1.707   -1.384     -120 ]
  fy [ -0.7871     1999   -45.62 |   -1.339   0.0238    1.066 ]
  fz [  -28.44   -45.62    351.8 |    21.07  -0.1593    1.683 ]
     ---------------------------+---------------------------
  mx [  -1.707   -1.339    21.07 |    6.277  0.01192   0.8773 ]
  my [  -1.384   0.0238  -0.1593 |  0.01192    5.035    1.327 ]
  mz [    -120    1.066    1.683 |   0.8773    1.327    57.15 ]

  D_TCP [Ns/m, Nms/rad]:
           tx        ty        tz    |    rx        ry        rz
  fx [   231.2 -0.05682   -2.053 |  -0.1232  -0.1607   -13.87 ]
  fy [-0.05682      178   -1.822 |  0.01518 0.0009682  0.09409 ]
  fz [  -2.053   -1.822    112.2 |    6.729 -0.05572   0.1222 ]
     ---------------------------+---------------------------
  mx [ -0.1232  0.01518    6.729 |    1.893 -0.003479 0.002451 ]
  my [ -0.1607 0.0009682 -0.05572 | -0.003479    1.897 -0.009588 ]
  mz [  -13.87  0.09409   0.1222 | 0.002451 -0.009588    2.035 ]

[GATE] Set up finished (still pressing). Press Enter to start the grind (e+Enter stops).

Stop requested with e + Enter. Finishing control loop...

-- joint motion [deg] --------------------------------------------------------
  joint       start    final    delta
  q1            0.9      5.7     +4.9
  q2           12.1     30.4    +18.2
  q3           -0.5     -4.6     -4.0
  q4         -130.9   -128.5     +2.4
  q5           -0.1      4.1     +4.3
  q6          142.9    153.6    +10.7
  q7           44.7     43.4     -1.3

==============================================================================
  FINAL RESULT
==============================================================================
  p_d              = [    512.4,      -5.8,    -210.0] mm
  p_EE             = [    514.8,       4.5,      18.8] mm
  e_p              = [     -2.5,     -10.2,    -228.8] mm
  e_R              = [     7.97,     -2.22,      0.21] deg
------------------------------------------------------------------------------
  position error     229.05 mm
  rotation error     8.27 deg
  csv                logs/surface_grinding_controller_log.csv
------------------------------------------------------------------------------
