
==============================================================================
  SURFACE GRINDING CONTROLLER
==============================================================================
  robot              172.16.0.2
  parameters         /home/hm-panda/Desktop/Thesis_Final_Control/surface_grinding_controller/params
------------------------------------------------------------------------------

==============================================================================
  SURFACE GRINDING CONTROLLER - STARTUP MENU
==============================================================================

-- RUN MODES -----------------------------------------------------------------
  s      Run orientation, approach, setup, and grinding
  h      Cartesian pose hold at the initial posture
  t      Cartesian pose hold with the setup impedance
  g      Start manual guidance from the current robot pose

-- ROBOT PREPARATION ---------------------------------------------------------
  i      Move to the configured initial joint posture

-- GRIPPER AND TOOL ----------------------------------------------------------
  o      Open the gripper
  c      Grasp the tool
  r      Recalibrate the gripper with empty fingers
  f      Pick up the tool from the holder
  b      Return the tool to the holder

-- PROGRAM -------------------------------------------------------------------
  e      Exit
------------------------------------------------------------------------------
  During control: e = stop | m = startup menu | g = guidance
------------------------------------------------------------------------------
Selection [s/h/t/g/i/o/c/r/f/b/e]: 
-- SELECTED MODE: PHASE SEQUENCE ---------------------------------------------

-- moving to q_init ----------------------------------------------------------
  case               saved_qinit
  q1..q7 [deg]     = [0.8, 12.1, -0.5, -130.9, -0.2, 142.9, 44.7] deg
  saved_qinit = [0.014777, 0.210911, -0.009320, -2.284835, -0.002725, 2.493410, 0.780694] rad
  q_init reached.

-- start pose ----------------------------------------------------------------
  q_start          = [0.9, 12.1, -0.6, -130.9, -0.1, 142.9, 44.7] deg
  p_start          = [    531.4,       2.5,     156.8] mm

==============================================================================
  RUN
==============================================================================

-- phase: approach_orient ----------------------------------------------------
  Kp [t1,t2,n]     = [    150.0,     150.0,     150.0] N/m
  Dp [t1,t2,n]     = [    133.7,      94.2,     128.3] Ns/m     auto (factor 1.90)
  KR [t1,t2,n]     = [    180.0,     180.0,      90.0] Nm/rad
  DR [t1,t2,n]     = [     15.3,      25.0,       2.0] Nms/rad  auto (factor 1.90)
orient:     t=  0.0 s | axis_err= 12.0 deg | spin_err=  0.9 deg
orient:     t=  0.2 s | axis_err= 10.6 deg | spin_err=  0.9 deg
orient:     t=  0.4 s | axis_err=  6.8 deg | spin_err=  0.6 deg
orient:     t=  0.6 s | axis_err=  2.8 deg | spin_err=  0.3 deg
orient:     t=  0.8 s | axis_err=  1.1 deg | spin_err=  0.2 deg
orient:     t=  1.0 s | axis_err=  1.0 deg | spin_err=  0.2 deg
orient:     t=  1.2 s | axis_err=  0.9 deg | spin_err=  0.2 deg

Orientation reached: axis_err=0.9 deg | spin_err=0.2 deg

-- phase: approach_descend ---------------------------------------------------
  Kp [t1,t2,n]     = [    150.0,     150.0,     150.0] N/m
  Dp [t1,t2,n]     = [    133.7,      94.2,     128.3] Ns/m     auto (factor 1.90)
  KR [t1,t2,n]     = [    180.0,     180.0,      90.0] Nm/rad
  DR [t1,t2,n]     = [     15.3,      25.0,       2.0] Nms/rad  auto (factor 1.90)
  descend to         20 mm clearance at 0.100 m/s
descend:    t=  0.0 s | distance=   0.1 mm | height=+120.4 mm (target 20.0) | force=  0.0 N
descend:    t=  0.2 s | distance=  20.2 mm | height=+110.3 mm (target 20.0) | force=  1.7 N
descend:    t=  0.4 s | distance=  40.3 mm | height= +95.7 mm (target 20.0) | force=  3.4 N
descend:    t=  0.6 s | distance=  60.4 mm | height= +80.0 mm (target 20.0) | force=  3.2 N
descend:    t=  0.8 s | distance=  80.5 mm | height= +63.3 mm (target 20.0) | force=  2.0 N
descend:    t=  1.0 s | distance= 100.6 mm | height= +46.9 mm (target 20.0) | force=  3.2 N
descend:    t=  1.2 s | distance= 120.7 mm | height= +30.2 mm (target 20.0) | force=  2.3 N

Clearance reached: distance=133.3 mm | height=20.0 mm | target=20.0 mm | force=2.1 N
  offset_ee        = [     20.0,     -60.0,      20.0] mm
  p_EE_at_contact  = [    516.0,      -1.1,      50.6] mm
  contact_point    = [    534.4,      53.2,      -1.7] mm
  edge_offset      = [     18.4,      54.3,     -52.2] mm

-- phase: setup --------------------------------------------------------------

-- setup impedance -----------------------------------------------------------
  law                wrench = K_TCP*dx + D_TCP*dv
                     K_TCP  = Ad(r_c)^T * blkdiag(Kp,KR) * Ad(r_c)
  Kp [t1,t2,n]     = [   2000.0,    2000.0,     350.0] N/m
  Dp [t1,t2,n]     = [    234.4,     174.4,     111.4] Ns/m     auto
  KR [t1,t2,n]     = [      5.0,       5.0,      50.0] Nm/rad
  DR [t1,t2,n]     = [      1.3,       2.1,       1.3] Nms/rad  auto
  p_c [EE]         = [      0.0,      20.0,      -0.0] mm       commanded in the tool frame
  r_c [t1,t2,n]    = [      0.0,      19.7,      -3.3] mm       p_TCP - p_c, in the plane
setup:     t=  0.0 s | ee=  0.0 deg | F=  0.0 N | M=  0.0 Nm (limit 150.0) | contact= 19.9 mm
setup:     t=  0.2 s | ee=  0.9 deg | F=  1.6 N | M=  1.0 Nm (limit 150.0) | contact=  7.3 mm
setup:     t=  0.4 s | ee=  1.4 deg | F= 12.6 N | M=  1.1 Nm (limit 150.0) | contact=  1.9 mm
setup:     t=  0.6 s | ee=  1.4 deg | F= 16.0 N | M=  0.9 Nm (limit 150.0) | contact=  1.8 mm
setup:     t=  0.8 s | ee=  1.4 deg | F= 21.8 N | M=  0.9 Nm (limit 150.0) | contact=  1.8 mm
setup:     t=  1.0 s | ee=  1.4 deg | F= 28.0 N | M=  0.8 Nm (limit 150.0) | contact=  1.8 mm
setup:     t=  1.2 s | ee=  1.4 deg | F= 33.7 N | M=  0.8 Nm (limit 150.0) | contact=  1.8 mm
setup:     t=  1.4 s | ee=  1.5 deg | F= 39.2 N | M=  0.8 Nm (limit 150.0) | contact=  1.9 mm
setup:     t=  1.6 s | ee=  1.6 deg | F= 45.1 N | M=  0.8 Nm (limit 150.0) | contact=  1.9 mm
setup:     t=  1.8 s | ee=  1.9 deg | F= 50.2 N | M=  0.8 Nm (limit 150.0) | contact=  2.0 mm
setup:     t=  2.0 s | ee=  2.3 deg | F= 54.8 N | M=  0.9 Nm (limit 150.0) | contact=  2.1 mm
setup:     t=  2.2 s | ee=  2.9 deg | F= 60.9 N | M=  1.1 Nm (limit 150.0) | contact=  2.2 mm
setup:     t=  2.4 s | ee=  3.7 deg | F= 67.1 N | M=  1.3 Nm (limit 150.0) | contact=  2.2 mm
setup:     t=  2.6 s | ee=  5.1 deg | F= 69.3 N | M=  1.2 Nm (limit 150.0) | contact=  2.4 mm
setup:     t=  2.8 s | ee=  8.5 deg | F= 73.3 N | M=  1.7 Nm (limit 150.0) | contact=  2.5 mm
setup:     t=  3.0 s | ee= 11.4 deg | F= 79.7 N | M=  3.3 Nm (limit 150.0) | contact=  3.0 mm
setup:     t=  3.2 s | ee= 11.3 deg | F= 85.0 N | M=  2.5 Nm (limit 150.0) | contact=  3.1 mm
setup:     t=  3.4 s | ee= 11.3 deg | F= 79.4 N | M=  2.5 Nm (limit 150.0) | contact=  3.1 mm
setup:     t=  3.6 s | ee= 11.3 deg | F= 79.2 N | M=  2.4 Nm (limit 150.0) | contact=  3.1 mm
setup:     t=  3.8 s | ee= 11.3 deg | F= 79.2 N | M=  2.4 Nm (limit 150.0) | contact=  3.1 mm
setup:     t=  4.0 s | ee= 11.3 deg | F= 79.2 N | M=  2.4 Nm (limit 150.0) | contact=  3.1 mm
setup:     t=  4.2 s | ee= 11.3 deg | F= 79.1 N | M=  2.4 Nm (limit 150.0) | contact=  3.1 mm
setup:     t=  4.4 s | ee= 11.3 deg | F= 79.1 N | M=  2.4 Nm (limit 150.0) | contact=  3.1 mm
setup:     t=  4.6 s | ee= 11.3 deg | F= 79.1 N | M=  2.4 Nm (limit 150.0) | contact=  3.1 mm
setup:     t=  4.8 s | ee= 11.3 deg | F= 79.0 N | M=  2.4 Nm (limit 150.0) | contact=  3.1 mm

==============================================================================
  SETUP RESULT
==============================================================================
  stop: time | t=5.0 s | ee=11.3 deg | F=79.0 N | M_TCP=2.4 Nm
  contact_from_start = [-2.8, -0.5, -1.2] mm | norm=3.1 mm
  tcp_from_contact  = [-20.7, -60.6, +20.6] mm | norm=67.2 mm
  deviation: before=9.23 deg | after=3.19 deg | gain=+6.04 deg
  t_align: not reached | tolerance=2.00 deg | hold=0.30 s
  deviation components [t1,t2,n] deg: before=[+9.21,-0.62,+0.00] | after=[-1.85,-2.60,+0.00]

-- setup surface-frame breakdown ---------------------------------------------
  frame              alignment-target [tangent1, tangent2, normal]
  force        [N]      = [    +4.33,    +10.40,    -78.24]
  tcp_disp     [mm]     = [    -1.74,     -5.41,    -31.83]
  contact_disp [mm]     = [    -2.79,     -0.48,     -1.25]
  Kp_eff=F/tcp [N/m]    = [  -2488.4,   -1923.5,    2457.8]
  M_contact    [Nm]     = [    +6.57,     -0.06,     -0.06]
  ee_angle     [deg]    = [   -11.07,     -2.00,     -0.17]
  KR_eff=M/ang [Nm/rad] = [    -34.0,       1.7,      20.4]
  frame              tool face [length, width, tool axis]
  M_contact    [Nm]     = [    +0.09,     -6.56,     -0.24]

-- center of compliance ------------------------------------------------------
  definition         r_c = p_TCP - p_c
  p_TCP [x,y,z]    = [    513.7,      -7.4,      18.9] mm
  p_c [EE]         = [      0.0,      20.0,      -0.0] mm
  r_c [t1,t2,n]    = [     -0.1,      20.0,       0.5] mm
                     p_c resolved at end of setup

-- effective TCP impedance ---------------------------------------------------
  K_TCP translation = [   1999.5,    1998.7,     351.8] N/m
  K_TCP rotation   = [      5.2,       5.0,      50.8] Nm/rad
  commanded KR was = [      5.0,       5.0,      50.0] Nm/rad   including lever contribution
  D_TCP translation = [    234.4,     174.3,     111.5] Ns/m
  D_TCP rotation   = [      1.3,       2.1,       1.4] Nms/rad
  coupling           max |moment per unit translation| = 40.0 Nm/m (K), 4.7 Nms/m (D)
  eigenvalues        K_TCP 5.00 .. 2001 | D_TCP 1.27 .. 234  (both positive: valid springs)

  K_TCP [N/m, Nm/rad | rows fx..mz, cols tx..rz]:
           tx        ty        tz    |    rx        ry        rz
  fx [    2000  -0.7871   -28.44 |   0.5688  0.07065    39.99 ]
  fy [ -0.7871     1999   -45.62 |   0.8445 0.004386   0.1776 ]
  fz [  -28.44   -45.62    351.8 |   -7.033 -0.03499  -0.5732 ]
     ---------------------------+---------------------------
  mx [  0.5688   0.8445   -7.033 |    5.154  0.02217   0.7871 ]
  my [ 0.07065 0.004386 -0.03499 |  0.02217    5.034    1.246 ]
  mz [   39.99   0.1776  -0.5732 |   0.7871    1.246    50.75 ]

  D_TCP [Ns/m, Nms/rad]:
           tx        ty        tz    |    rx        ry        rz
  fx [   234.4 -0.05869    -2.12 |  0.04241 0.008163    4.687 ]
  fy [-0.05869    174.3   -1.741 |  0.02891 0.0001665  0.01569 ]
  fz [   -2.12   -1.741    111.5 |   -2.229 -0.01085 -0.04257 ]
     ---------------------------+---------------------------
  mx [ 0.04241  0.02891   -2.229 |    1.311 0.0002382 0.001616 ]
  my [0.008163 0.0001665 -0.01085 | 0.0002382    2.051 -0.02032 ]
  mz [   4.687  0.01569 -0.04257 | 0.001616 -0.02032    1.405 ]

[GATE] Set up finished (still pressing). Press Enter to start the grind (e+Enter stops).

Stop requested with e + Enter. Finishing control loop...

-- joint motion [deg] --------------------------------------------------------
  joint       start    final    delta
  q1            0.9     -8.8     -9.7
  q2           12.1     30.4    +18.2
  q3           -0.6      7.0     +7.6
  q4         -130.9   -128.7     +2.2
  q5           -0.1     -8.8     -8.6
  q6          142.9    153.5    +10.7
  q7           44.7     50.2     +5.5

==============================================================================
  FINAL RESULT
==============================================================================
  p_d              = [    511.6,      -8.3,    -209.2] mm
  p_EE             = [    513.7,      -7.4,      18.9] mm
  e_p              = [     -2.2,      -0.9,    -228.2] mm
  e_R              = [   -11.07,     -2.00,      0.08] deg
------------------------------------------------------------------------------
  position error     228.20 mm
  rotation error     11.25 deg
  csv                logs/surface_grinding_controller_log.csv
------------------------------------------------------------------------------
