
==============================================================================
  SURFACE GRINDING CONTROLLER
==============================================================================
  robot              172.16.0.2
  parameters         /home/hm-panda/Desktop/Thesis_Final_Control/surface_grinding_controller/params
------------------------------------------------------------------------------

==============================================================================
  SURFACE GRINDING CONTROLLER - STARTUP MENU
==============================================================================

-- RUN MODES -----------------------------------------------------------------
  s      Run orientation, approach, setup, and grinding
  h      Cartesian pose hold at the initial posture
  t      Cartesian pose hold with the setup impedance
  g      Start manual guidance from the current robot pose

-- ROBOT PREPARATION ---------------------------------------------------------
  i      Move to the configured initial joint posture

-- GRIPPER AND TOOL ----------------------------------------------------------
  o      Open the gripper
  c      Grasp the tool
  r      Recalibrate the gripper with empty fingers
  f      Pick up the tool from the holder
  b      Return the tool to the holder

-- PROGRAM -------------------------------------------------------------------
  e      Exit
------------------------------------------------------------------------------
  During control: e = stop | m = startup menu | g = guidance
------------------------------------------------------------------------------
Selection [s/h/t/g/i/o/c/r/f/b/e]: 
-- SELECTED MODE: PHASE SEQUENCE ---------------------------------------------

-- moving to q_init ----------------------------------------------------------
  case               saved_qinit
  q1..q7 [deg]     = [0.8, 12.1, -0.5, -130.9, -0.2, 142.9, 44.7] deg
  saved_qinit = [0.014777, 0.210911, -0.009320, -2.284835, -0.002725, 2.493410, 0.780694] rad
  q_init reached.

-- start pose ----------------------------------------------------------------
  q_start          = [0.8, 12.1, -0.5, -130.9, -0.2, 142.9, 44.7] deg
  p_start          = [    531.0,       2.4,     156.6] mm

==============================================================================
  RUN
==============================================================================

-- phase: approach_orient ----------------------------------------------------
  Kp [t1,t2,n]     = [    150.0,     150.0,     150.0] N/m
  Dp [t1,t2,n]     = [    133.6,      94.2,     128.4] Ns/m     auto (factor 1.90)
  KR [t1,t2,n]     = [    180.0,     180.0,      90.0] Nm/rad
  DR [t1,t2,n]     = [     15.3,      25.0,       2.0] Nms/rad  auto (factor 1.90)
orient:     t=  0.0 s | axis_err=  7.9 deg | spin_err=  0.9 deg
orient:     t=  0.2 s | axis_err=  6.4 deg | spin_err=  0.7 deg
orient:     t=  0.4 s | axis_err=  3.2 deg | spin_err=  0.4 deg
orient:     t=  0.6 s | axis_err=  1.4 deg | spin_err=  0.2 deg
orient:     t=  0.8 s | axis_err=  1.0 deg | spin_err=  0.2 deg

Orientation reached: axis_err=0.9 deg | spin_err=0.2 deg

-- phase: approach_descend ---------------------------------------------------
  Kp [t1,t2,n]     = [    150.0,     150.0,     150.0] N/m
  Dp [t1,t2,n]     = [    133.6,      94.2,     128.4] Ns/m     auto (factor 1.90)
  KR [t1,t2,n]     = [    180.0,     180.0,      90.0] Nm/rad
  DR [t1,t2,n]     = [     15.3,      25.0,       2.0] Nms/rad  auto (factor 1.90)
  descend to         20 mm clearance at 0.100 m/s
descend:    t=  0.0 s | distance=   0.1 mm | height=+136.1 mm (target 20.0) | force=  0.0 N
descend:    t=  0.2 s | distance=  20.2 mm | height=+125.2 mm (target 20.0) | force=  0.7 N
descend:    t=  0.4 s | distance=  40.3 mm | height=+108.4 mm (target 20.0) | force=  0.1 N
descend:    t=  0.6 s | distance=  60.4 mm | height= +90.8 mm (target 20.0) | force=  1.4 N
descend:    t=  0.8 s | distance=  80.5 mm | height= +72.3 mm (target 20.0) | force=  0.4 N
descend:    t=  1.0 s | distance= 100.6 mm | height= +53.7 mm (target 20.0) | force=  0.2 N
descend:    t=  1.2 s | distance= 120.7 mm | height= +34.8 mm (target 20.0) | force=  0.5 N

Clearance reached: distance=136.6 mm | height=20.0 mm | target=20.0 mm | force=-0.6 N
  offset_ee        = [    -20.0,      60.0,      20.0] mm
  p_EE_at_contact  = [    534.6,      -4.3,      43.0] mm
  contact_point    = [    517.0,     -65.4,       1.9] mm
  edge_offset      = [    -17.6,     -61.0,     -41.1] mm

-- phase: setup --------------------------------------------------------------

-- setup impedance -----------------------------------------------------------
  law                wrench = K_TCP*dx + D_TCP*dv
                     K_TCP  = Ad(r_c)^T * blkdiag(Kp,KR) * Ad(r_c)
  Kp [t1,t2,n]     = [   2000.0,    2000.0,     350.0] N/m
  Dp [t1,t2,n]     = [    227.8,     160.2,     115.6] Ns/m     auto
  KR [t1,t2,n]     = [      5.0,       5.0,      50.0] Nm/rad
  DR [t1,t2,n]     = [      1.6,       1.9,       1.0] Nms/rad  auto
  p_c [EE]         = [    -20.0,      -0.0,       0.0] mm       commanded in the tool frame
  r_c [t1,t2,n]    = [     19.8,       0.0,       2.8] mm       p_TCP - p_c, in the plane
setup:     t=  0.0 s | ee=  0.0 deg | F=  0.1 N | M=  0.0 Nm (limit 150.0) | contact= 19.9 mm
setup:     t=  0.2 s | ee=  0.6 deg | F=  1.3 N | M=  0.6 Nm (limit 150.0) | contact=  6.9 mm
setup:     t=  0.4 s | ee=  1.1 deg | F= 15.0 N | M=  0.4 Nm (limit 150.0) | contact=  1.5 mm
setup:     t=  0.6 s | ee=  1.1 deg | F= 16.8 N | M=  0.4 Nm (limit 150.0) | contact=  1.7 mm
setup:     t=  0.8 s | ee=  1.1 deg | F= 22.6 N | M=  0.4 Nm (limit 150.0) | contact=  1.8 mm
setup:     t=  1.0 s | ee=  1.1 deg | F= 28.3 N | M=  0.5 Nm (limit 150.0) | contact=  2.0 mm
setup:     t=  1.2 s | ee=  1.1 deg | F= 33.9 N | M=  0.7 Nm (limit 150.0) | contact=  2.3 mm
setup:     t=  1.4 s | ee=  1.2 deg | F= 39.6 N | M=  0.9 Nm (limit 150.0) | contact=  2.5 mm
setup:     t=  1.6 s | ee=  1.2 deg | F= 44.9 N | M=  1.1 Nm (limit 150.0) | contact=  2.7 mm
setup:     t=  1.8 s | ee=  1.2 deg | F= 49.9 N | M=  1.2 Nm (limit 150.0) | contact=  2.9 mm
setup:     t=  2.0 s | ee=  1.2 deg | F= 55.5 N | M=  1.3 Nm (limit 150.0) | contact=  3.2 mm
setup:     t=  2.2 s | ee=  1.3 deg | F= 61.0 N | M=  1.4 Nm (limit 150.0) | contact=  3.4 mm
setup:     t=  2.4 s | ee=  1.3 deg | F= 66.9 N | M=  1.5 Nm (limit 150.0) | contact=  3.6 mm
setup:     t=  2.6 s | ee=  1.3 deg | F= 72.7 N | M=  1.5 Nm (limit 150.0) | contact=  3.7 mm
setup:     t=  2.8 s | ee=  1.3 deg | F= 78.0 N | M=  1.5 Nm (limit 150.0) | contact=  3.9 mm
setup:     t=  3.0 s | ee=  1.3 deg | F= 83.5 N | M=  1.6 Nm (limit 150.0) | contact=  4.1 mm
setup:     t=  3.2 s | ee=  1.3 deg | F= 88.5 N | M=  1.6 Nm (limit 150.0) | contact=  4.2 mm
setup:     t=  3.4 s | ee=  1.3 deg | F= 84.1 N | M=  1.6 Nm (limit 150.0) | contact=  4.1 mm
setup:     t=  3.6 s | ee=  1.3 deg | F= 83.9 N | M=  1.6 Nm (limit 150.0) | contact=  4.1 mm
setup:     t=  3.8 s | ee=  1.3 deg | F= 83.9 N | M=  1.5 Nm (limit 150.0) | contact=  4.1 mm
setup:     t=  4.0 s | ee=  1.3 deg | F= 83.8 N | M=  1.5 Nm (limit 150.0) | contact=  4.1 mm
setup:     t=  4.2 s | ee=  1.3 deg | F= 83.7 N | M=  1.5 Nm (limit 150.0) | contact=  4.1 mm
setup:     t=  4.4 s | ee=  1.3 deg | F= 83.6 N | M=  1.5 Nm (limit 150.0) | contact=  4.1 mm
setup:     t=  4.6 s | ee=  1.3 deg | F= 83.6 N | M=  1.5 Nm (limit 150.0) | contact=  4.1 mm
setup:     t=  4.8 s | ee=  1.3 deg | F= 83.6 N | M=  1.5 Nm (limit 150.0) | contact=  4.1 mm

==============================================================================
  SETUP RESULT
==============================================================================
  stop: time | t=5.0 s | ee=1.3 deg | F=83.5 N | M_TCP=1.4 Nm
  contact_from_start = [-2.5, -0.4, -3.3] mm | norm=4.1 mm
  tcp_from_contact  = [+15.3, +60.0, +17.8] mm | norm=64.4 mm
  deviation: before=9.60 deg | after=8.42 deg | gain=+1.19 deg
  t_align: not reached | tolerance=2.00 deg | hold=0.30 s
  t_align_fraction: not reached | fraction=0.50 of the deviation at contact
  deviation_min: 8.39 deg at t=3.17 s
  align_status: not_aligned
  deviation components [t1,t2,n] deg: before=[-0.83,+9.56,+0.00] | after=[-1.18,+8.33,+0.00]

-- setup surface-frame breakdown ---------------------------------------------
  frame              alignment-target [tangent1, tangent2, normal]
  force        [N]      = [    +5.76,     +2.11,    -83.28]
  tcp_disp     [mm]     = [    -1.89,     -0.44,    -23.33]
  contact_disp [mm]     = [    -2.42,     -0.28,     -3.36]
  Kp_eff=F/tcp [N/m]    = [  -3044.2,   -4829.8,    3570.2]
  M_contact    [Nm]     = [    -6.35,     +1.07,     -0.59]
  ee_angle     [deg]    = [    -0.36,     -1.23,     +0.03]
  KR_eff=M/ang [Nm/rad] = [   1005.2,     -49.8,       n/a]
  frame              tool face [length, width, tool axis]
  M_contact    [Nm]     = [    -1.08,     +6.37,     -0.32]

-- center of compliance ------------------------------------------------------
  definition         r_c = p_TCP - p_c
  p_TCP [x,y,z]    = [    532.3,      -5.4,      19.7] mm
  p_c [EE]         = [    -20.0,       0.0,       0.0] mm
  r_c [t1,t2,n]    = [     19.9,       0.0,       2.4] mm
                     p_c resolved at end of setup

-- effective TCP impedance ---------------------------------------------------
  K_TCP translation = [   1999.5,    1998.7,     351.8] N/m
  K_TCP rotation   = [      5.0,       5.2,      50.7] Nm/rad
  commanded KR was = [      5.0,       5.0,      50.0] Nm/rad   including lever contribution
  D_TCP translation = [    227.7,     160.2,     115.7] Ns/m
  D_TCP rotation   = [      1.6,       2.0,       1.1] Nms/rad
  coupling           max |moment per unit translation| = 39.8 Nm/m (K), 3.2 Nms/m (D)
  eigenvalues        K_TCP 5.00 .. 2001 | D_TCP 1.01 .. 228  (both positive: valid springs)

  K_TCP [N/m, Nm/rad | rows fx..mz, cols tx..rz]:
           tx        ty        tz    |    rx        ry        rz
  fx [    2000  -0.7871   -28.44 | 0.0003582   -4.628   0.1533 ]
  fy [ -0.7871     1999   -45.62 |    4.063  -0.9061   -39.77 ]
  fz [  -28.44   -45.62    351.8 |  -0.1169    7.056   0.9057 ]
     ---------------------------+---------------------------
  mx [0.0003582    4.063  -0.1169 |    5.022  0.01914   0.6948 ]
  my [  -4.628  -0.9061    7.056 |  0.01914    5.184    1.262 ]
  mz [  0.1533   -39.77   0.9057 |   0.6948    1.262    50.74 ]

  D_TCP [Ns/m, Nms/rad]:
           tx        ty        tz    |    rx        ry        rz
  fx [   227.7 -0.05351   -1.933 | 2.435e-05  -0.5011  0.01674 ]
  fy [-0.05351    160.2   -1.234 |   0.3255 -0.02443   -3.187 ]
  fz [  -1.933   -1.234    115.7 | -0.01046    2.305  0.02441 ]
     ---------------------------+---------------------------
  mx [2.435e-05   0.3255 -0.01046 |    1.629 -0.0005022  -0.0171 ]
  my [ -0.5011 -0.02443    2.305 | -0.0005022    1.986 -0.02519 ]
  mz [ 0.01674   -3.187  0.02441 |  -0.0171 -0.02519    1.077 ]

[GATE] Set up finished (still pressing). Press Enter to start the grind (e+Enter stops).

Stop requested with e + Enter. Finishing control loop...

-- joint motion [deg] --------------------------------------------------------
  joint       start    final    delta
  q1            0.8      0.6     -0.2
  q2           12.1     30.6    +18.5
  q3           -0.5     -1.1     -0.6
  q4         -130.9   -132.3     -1.4
  q5           -0.2     -0.9     -0.7
  q6          142.9    168.8    +25.9
  q7           44.7     45.4     +0.7

==============================================================================
  FINAL RESULT
==============================================================================
  p_d              = [    530.1,     -11.5,    -216.9] mm
  p_EE             = [    532.3,      -5.4,      19.7] mm
  e_p              = [     -2.2,      -6.1,    -236.6] mm
  e_R              = [    -0.36,     -1.23,      0.07] deg
------------------------------------------------------------------------------
  position error     236.66 mm
  rotation error     1.29 deg
  csv                logs/surface_grinding_controller_log.csv
------------------------------------------------------------------------------
