
==============================================================================
  SURFACE GRINDING CONTROLLER
==============================================================================
  robot              172.16.0.2
  parameters         /home/hm-panda/Desktop/Thesis_Final_Control/surface_grinding_controller/params
------------------------------------------------------------------------------

==============================================================================
  SURFACE GRINDING CONTROLLER - STARTUP MENU
==============================================================================

-- RUN MODES -----------------------------------------------------------------
  s      Run orientation, approach, setup, and grinding
  h      Cartesian pose hold at the initial posture
  t      Cartesian pose hold with the setup impedance
  g      Start manual guidance from the current robot pose

-- ROBOT PREPARATION ---------------------------------------------------------
  i      Move to the configured initial joint posture

-- GRIPPER AND TOOL ----------------------------------------------------------
  o      Open the gripper
  c      Grasp the tool
  r      Recalibrate the gripper with empty fingers
  f      Pick up the tool from the holder
  b      Return the tool to the holder

-- PROGRAM -------------------------------------------------------------------
  e      Exit
------------------------------------------------------------------------------
  During control: e = stop | m = startup menu | g = guidance
------------------------------------------------------------------------------
Selection [s/h/t/g/i/o/c/r/f/b/e]: 
-- SELECTED MODE: PHASE SEQUENCE ---------------------------------------------

-- moving to q_init ----------------------------------------------------------
  case               saved_qinit
  q1..q7 [deg]     = [0.8, 12.1, -0.5, -130.9, -0.2, 142.9, 44.7] deg
  saved_qinit = [0.014777, 0.210911, -0.009320, -2.284835, -0.002725, 2.493410, 0.780694] rad
  q_init reached.

-- start pose ----------------------------------------------------------------
  q_start          = [0.9, 12.1, -0.5, -130.9, -0.1, 142.9, 44.7] deg
  p_start          = [    531.3,       2.5,     156.8] mm

==============================================================================
  RUN
==============================================================================

-- phase: approach_orient ----------------------------------------------------
  Kp [t1,t2,n]     = [    150.0,     150.0,     150.0] N/m
  Dp [t1,t2,n]     = [    133.7,      94.2,     128.3] Ns/m     auto (factor 1.90)
  KR [t1,t2,n]     = [     90.0,      90.0,      90.0] Nm/rad
  DR [t1,t2,n]     = [     10.8,      17.7,       2.0] Nms/rad  auto (factor 1.90)
orient:     t=  0.0 s | axis_err=  8.6 deg | spin_err=  0.6 deg
orient:     t=  0.2 s | axis_err=  7.9 deg | spin_err=  0.1 deg
orient:     t=  0.4 s | axis_err=  4.8 deg | spin_err=  0.2 deg

Orientation reached: axis_err=2.0 deg | spin_err=0.2 deg

-- phase: approach_descend ---------------------------------------------------
  Kp [t1,t2,n]     = [    150.0,     150.0,     150.0] N/m
  Dp [t1,t2,n]     = [    133.7,      94.2,     128.3] Ns/m     auto (factor 1.90)
  KR [t1,t2,n]     = [     90.0,      90.0,      90.0] Nm/rad
  DR [t1,t2,n]     = [     10.8,      17.7,       2.0] Nms/rad  auto (factor 1.90)
  descend to         20 mm clearance at 0.100 m/s
descend:    t=  0.0 s | distance=   0.1 mm | height=+125.8 mm (target 20.0) | force= -0.0 N
descend:    t=  0.2 s | distance=  20.1 mm | height=+114.1 mm (target 20.0) | force=  1.3 N
descend:    t=  0.4 s | distance=  40.1 mm | height= +98.5 mm (target 20.0) | force=  2.1 N
descend:    t=  0.6 s | distance=  60.2 mm | height= +82.2 mm (target 20.0) | force=  2.6 N
descend:    t=  0.8 s | distance=  80.3 mm | height= +64.7 mm (target 20.0) | force=  1.5 N
descend:    t=  1.0 s | distance= 100.4 mm | height= +47.6 mm (target 20.0) | force=  3.6 N
descend:    t=  1.2 s | distance= 120.5 mm | height= +30.4 mm (target 20.0) | force=  2.3 N

Clearance reached: distance=132.6 mm | height=19.9 mm | target=20.0 mm | force=2.0 N
  offset_ee        = [     20.0,      60.0,      20.0] mm
  p_EE_at_contact  = [    518.9,       0.6,      49.2] mm
  contact_point    = [    537.7,     -57.0,       1.3] mm
  edge_offset      = [     18.8,     -57.6,     -47.9] mm

-- phase: setup --------------------------------------------------------------

-- setup impedance -----------------------------------------------------------
  law                wrench = K_TCP*dx + D_TCP*dv
                     K_TCP  = Ad(r_c)^T * blkdiag(Kp,KR) * Ad(r_c)
  Kp [t1,t2,n]     = [   2000.0,    2000.0,     350.0] N/m
  Dp [t1,t2,n]     = [    230.5,     177.5,     112.4] Ns/m     auto
  KR [t1,t2,n]     = [      5.0,       5.0,      50.0] Nm/rad
  DR [t1,t2,n]     = [      1.5,       1.9,       1.2] Nms/rad  auto
  p_c [EE]         = [     -0.0,       0.0,      60.0] mm       commanded in the tool frame
  r_c [t1,t2,n]    = [      1.0,      -9.1,      59.3] mm       p_TCP - p_c, in the plane
setup:     t=  0.0 s | tip=  0.0 deg | F=  0.1 N | M=  0.0 Nm (limit 150.0) | contact= 19.9 mm
setup:     t=  0.2 s | tip=  0.6 deg | F=  2.4 N | M=  1.4 Nm (limit 150.0) | contact=  8.1 mm
setup:     t=  0.4 s | tip=  1.3 deg | F= 14.4 N | M=  7.6 Nm (limit 150.0) | contact=  2.3 mm
setup:     t=  0.6 s | tip=  1.3 deg | F= 15.5 N | M=  8.4 Nm (limit 150.0) | contact=  2.3 mm
setup:     t=  0.8 s | tip=  1.3 deg | F= 21.4 N | M= 11.6 Nm (limit 150.0) | contact=  2.4 mm
setup:     t=  1.0 s | tip=  1.3 deg | F= 27.2 N | M= 14.6 Nm (limit 150.0) | contact=  2.6 mm
setup:     t=  1.2 s | tip=  1.3 deg | F= 32.6 N | M= 17.4 Nm (limit 150.0) | contact=  2.7 mm
setup:     t=  1.4 s | tip=  1.4 deg | F= 38.5 N | M= 20.4 Nm (limit 150.0) | contact=  2.9 mm
setup:     t=  1.6 s | tip=  1.4 deg | F= 43.6 N | M= 22.9 Nm (limit 150.0) | contact=  3.1 mm
setup:     t=  1.8 s | tip=  1.5 deg | F= 50.6 N | M= 26.6 Nm (limit 150.0) | contact=  3.2 mm
setup:     t=  2.0 s | tip=  1.7 deg | F= 55.3 N | M= 29.1 Nm (limit 150.0) | contact=  3.2 mm
setup:     t=  2.2 s | tip=  2.2 deg | F= 60.6 N | M= 31.7 Nm (limit 150.0) | contact=  3.3 mm
setup:     t=  2.4 s | tip=  3.3 deg | F= 63.4 N | M= 33.5 Nm (limit 150.0) | contact=  3.6 mm
setup:     t=  2.6 s | tip=  5.2 deg | F= 68.3 N | M= 36.2 Nm (limit 150.0) | contact=  3.8 mm
setup:     t=  2.8 s | tip=  7.2 deg | F= 74.3 N | M= 39.3 Nm (limit 150.0) | contact=  4.2 mm
setup:     t=  3.0 s | tip=  7.4 deg | F= 79.7 N | M= 42.1 Nm (limit 150.0) | contact=  4.4 mm
setup:     t=  3.2 s | tip=  7.4 deg | F= 85.9 N | M= 45.4 Nm (limit 150.0) | contact=  4.4 mm
setup:     t=  3.4 s | tip=  7.4 deg | F= 80.3 N | M= 42.5 Nm (limit 150.0) | contact=  4.4 mm
setup:     t=  3.6 s | tip=  7.4 deg | F= 80.2 N | M= 42.4 Nm (limit 150.0) | contact=  4.3 mm
setup:     t=  3.8 s | tip=  7.4 deg | F= 80.1 N | M= 42.4 Nm (limit 150.0) | contact=  4.3 mm
setup:     t=  4.0 s | tip=  7.4 deg | F= 80.1 N | M= 42.4 Nm (limit 150.0) | contact=  4.3 mm
setup:     t=  4.2 s | tip=  7.4 deg | F= 80.2 N | M= 42.4 Nm (limit 150.0) | contact=  4.3 mm
setup:     t=  4.4 s | tip=  7.4 deg | F= 80.1 N | M= 42.4 Nm (limit 150.0) | contact=  4.4 mm
setup:     t=  4.6 s | tip=  7.4 deg | F= 80.0 N | M= 42.3 Nm (limit 150.0) | contact=  4.3 mm
setup:     t=  4.8 s | tip=  7.4 deg | F= 80.1 N | M= 42.3 Nm (limit 150.0) | contact=  4.4 mm

==============================================================================
  SETUP RESULT
==============================================================================
  stop: time | t=5.0 s | tip=7.4 deg | F=80.1 N | M=42.3 Nm
  contact_from_start = [-0.7, +2.4, -3.6] mm | norm=4.4 mm
  tcp_from_contact  = [-19.1, +62.6, +17.2] mm | norm=67.7 mm
  alignment: before=8.73 deg | after=2.50 deg | gain=+6.23 deg
  alignment components [t1,t2,n] deg: before=[-8.68,-0.95,-0.00] | after=[-1.36,-2.10,-0.00]

-- setup surface-frame breakdown ---------------------------------------------
  frame              alignment-target [tangent1, tangent2, normal]
  force        [N]      = [    +2.78,     +3.83,    -79.94]
  tcp_disp     [mm]     = [    +0.21,     +5.88,    -30.47]
  contact_disp [mm]     = [    -0.61,     +2.51,     -3.51]
  Kp_eff=F/tcp [N/m]    = [  13423.6,     651.3,    2623.2]
  M_contact    [Nm]     = [    -5.51,    +40.84,     +2.07]
  tip_angle    [deg]    = [    +7.32,     -1.18,     +0.28]
  KR_eff=M/ang [Nm/rad] = [    -43.1,   -1982.6,     417.3]
  frame              tool face [length, width, tool axis]
  M_contact    [Nm]     = [   -40.84,     +5.84,     -0.89]

-- center of compliance ------------------------------------------------------
  definition         r_c = p_TCP - p_c
  p_TCP [x,y,z]    = [    518.5,       5.7,      18.6] mm
  p_c [EE]         = [      0.0,      -0.0,      60.0] mm
  r_c [t1,t2,n]    = [      2.2,      -1.4,      59.9] mm
                     p_c resolved at end of setup

-- effective TCP impedance ---------------------------------------------------
  K_TCP translation = [   1999.5,    1998.7,     351.8] N/m
  K_TCP rotation   = [     12.2,      12.2,      50.0] Nm/rad
  commanded KR was = [      5.0,       5.0,      50.0] Nm/rad   including lever contribution
  D_TCP translation = [    230.4,     177.5,     112.5] Ns/m
  D_TCP rotation   = [      2.1,       2.7,       1.2] Nms/rad
  coupling           max |moment per unit translation| = 119.9 Nm/m (K), 13.8 Nms/m (D)
  eigenvalues        K_TCP 4.98 .. 2007 | D_TCP 1.19 .. 231  (both positive: valid springs)

  K_TCP [N/m, Nm/rad | rows fx..mz, cols tx..rz]:
           tx        ty        tz    |    rx        ry        rz
  fx [    2000  -0.7871   -28.44 | -0.04063   -119.9   0.4616 ]
  fy [ -0.7871     1999   -45.62 |    119.8     -0.1    -6.45 ]
  fz [  -28.44   -45.62    351.8 |   -2.814    2.839   0.1407 ]
     ---------------------------+---------------------------
  mx [-0.04063    119.8   -2.814 |    12.19  0.01482   0.3891 ]
  my [  -119.9     -0.1    2.839 |  0.01482    12.23    1.217 ]
  mz [  0.4616    -6.45   0.1407 |   0.3891    1.217    49.97 ]

  D_TCP [Ns/m, Nms/rad]:
           tx        ty        tz    |    rx        ry        rz
  fx [   230.4 -0.05633   -2.035 | -0.002908   -13.81  0.05308 ]
  fy [-0.05633    177.5   -1.801 |    10.63 -0.002436  -0.5727 ]
  fz [  -2.035   -1.801    112.5 |  -0.1337   0.4849 0.005344 ]
     ---------------------------+---------------------------
  mx [-0.002908    10.63  -0.1337 |    2.136 -0.0004048 -0.03965 ]
  my [  -13.81 -0.002436   0.4849 | -0.0004048    2.702 -0.02206 ]
  mz [ 0.05308  -0.5727 0.005344 | -0.03965 -0.02206    1.192 ]

[GATE] Set up finished (still pressing). Press Enter to start the grind (e+Enter stops).

Stop requested with e + Enter. Finishing control loop...

-- joint motion [deg] --------------------------------------------------------
  joint       start    final    delta
  q1            0.9      5.6     +4.7
  q2           12.1     30.4    +18.2
  q3           -0.5     -4.3     -3.7
  q4         -130.9   -129.2     +1.7
  q5           -0.1      5.1     +5.2
  q6          142.9    156.4    +13.5
  q7           44.7     42.5     -2.2

==============================================================================
  FINAL RESULT
==============================================================================
  p_d              = [    514.4,      -6.5,    -210.6] mm
  p_EE             = [    518.5,       5.7,      18.6] mm
  e_p              = [     -4.2,     -12.2,    -229.2] mm
  e_R              = [     7.33,     -1.18,      0.19] deg
------------------------------------------------------------------------------
  position error     229.55 mm
  rotation error     7.42 deg
  csv                logs/surface_grinding_controller_log.csv
------------------------------------------------------------------------------
