
==============================================================================
  SURFACE GRINDING CONTROLLER
==============================================================================
  robot              172.16.0.2
  parameters         /home/hm-panda/Desktop/Thesis_Final_Control/surface_grinding_controller/params
------------------------------------------------------------------------------

==============================================================================
  SURFACE GRINDING CONTROLLER - STARTUP MENU
==============================================================================

-- RUN MODES -----------------------------------------------------------------
  s      Run orientation, approach, setup, and grinding
  h      Cartesian pose hold at the initial posture
  t      Cartesian pose hold with the setup impedance
  g      Start manual guidance from the current robot pose

-- ROBOT PREPARATION ---------------------------------------------------------
  i      Move to the configured initial joint posture

-- GRIPPER AND TOOL ----------------------------------------------------------
  o      Open the gripper
  c      Grasp the tool
  r      Recalibrate the gripper with empty fingers
  f      Pick up the tool from the holder
  b      Return the tool to the holder

-- PROGRAM -------------------------------------------------------------------
  e      Exit
------------------------------------------------------------------------------
  During control: e = stop | m = startup menu | g = guidance
------------------------------------------------------------------------------
Selection [s/h/t/g/i/o/c/r/f/b/e]: 
-- SELECTED MODE: PHASE SEQUENCE ---------------------------------------------

-- moving to q_init ----------------------------------------------------------
  case               saved_qinit
  q1..q7 [deg]     = [0.8, 12.1, -0.5, -130.9, -0.2, 142.9, 44.7] deg
  saved_qinit = [0.014777, 0.210911, -0.009320, -2.284835, -0.002725, 2.493410, 0.780694] rad
  q_init reached.

-- start pose ----------------------------------------------------------------
  q_start          = [0.9, 12.1, -0.5, -130.9, -0.1, 142.9, 44.7] deg
  p_start          = [    531.4,       2.5,     156.9] mm

==============================================================================
  RUN
==============================================================================

-- phase: approach_orient ----------------------------------------------------
  Kp [t1,t2,n]     = [    150.0,     150.0,     150.0] N/m
  Dp [t1,t2,n]     = [    133.7,      94.2,     128.3] Ns/m     auto (factor 1.90)
  KR [t1,t2,n]     = [    180.0,     180.0,      90.0] Nm/rad
  DR [t1,t2,n]     = [     15.3,      25.0,       2.0] Nms/rad  auto (factor 1.90)
orient:     t=  0.0 s | axis_err=  3.0 deg | spin_err=  0.7 deg
orient:     t=  0.2 s | axis_err=  1.8 deg | spin_err=  0.1 deg
orient:     t=  0.4 s | axis_err=  1.0 deg | spin_err=  0.1 deg
orient:     t=  0.6 s | axis_err=  0.8 deg | spin_err=  0.1 deg
orient:     t=  0.8 s | axis_err=  0.7 deg | spin_err=  0.1 deg

Orientation reached: axis_err=0.7 deg | spin_err=0.0 deg

-- phase: approach_descend ---------------------------------------------------
  Kp [t1,t2,n]     = [    150.0,     150.0,     150.0] N/m
  Dp [t1,t2,n]     = [    133.7,      94.2,     128.3] Ns/m     auto (factor 1.90)
  KR [t1,t2,n]     = [    180.0,     180.0,      90.0] Nm/rad
  DR [t1,t2,n]     = [     15.3,      25.0,       2.0] Nms/rad  auto (factor 1.90)
  descend to         20 mm clearance at 0.100 m/s
descend:    t=  0.0 s | distance=   0.1 mm | height=+129.6 mm (target 20.0) | force= -0.0 N
descend:    t=  0.2 s | distance=  20.2 mm | height=+118.5 mm (target 20.0) | force=  2.6 N
descend:    t=  0.4 s | distance=  40.3 mm | height=+102.4 mm (target 20.0) | force=  1.9 N
descend:    t=  0.6 s | distance=  60.4 mm | height= +85.1 mm (target 20.0) | force=  1.0 N
descend:    t=  0.8 s | distance=  80.5 mm | height= +67.3 mm (target 20.0) | force=  2.0 N
descend:    t=  1.0 s | distance= 100.6 mm | height= +49.6 mm (target 20.0) | force=  2.4 N
descend:    t=  1.2 s | distance= 120.7 mm | height= +31.9 mm (target 20.0) | force=  3.2 N

Clearance reached: distance=134.2 mm | height=19.9 mm | target=20.0 mm | force=3.0 N
  offset_ee        = [     20.0,      60.0,      20.0] mm
  p_EE_at_contact  = [    517.9,       0.1,      41.0] mm
  contact_point    = [    536.5,     -60.9,       1.5] mm
  edge_offset      = [     18.6,     -61.0,     -39.6] mm

-- phase: setup --------------------------------------------------------------

-- setup impedance -----------------------------------------------------------
  law                wrench = K_TCP*dx + D_TCP*dv
                     K_TCP  = Ad(r_c)^T * blkdiag(Kp,KR) * Ad(r_c)
  Kp [t1,t2,n]     = [   2000.0,    2000.0,     350.0] N/m
  Dp [t1,t2,n]     = [    232.4,     170.6,     112.8] Ns/m     auto
  KR [t1,t2,n]     = [      5.0,       5.0,      50.0] Nm/rad
  DR [t1,t2,n]     = [      1.3,       2.0,       0.8] Nms/rad  auto
  p_c [EE]         = [      0.0,       0.0,       0.0] mm       resolved in the tool frame
  r_c [t1,t2,n]    = [      0.0,       0.0,       0.0] mm       commanded: p_TCP - p_c, in the plane
setup:     t=  0.0 s | tip=  0.0 deg | F=  0.2 N | M=  0.1 Nm (limit 150.0) | contact= 19.8 mm
setup:     t=  0.2 s | tip=  0.6 deg | F=  1.2 N | M=  0.7 Nm (limit 150.0) | contact=  7.1 mm
setup:     t=  0.4 s | tip=  1.0 deg | F= 12.7 N | M=  7.2 Nm (limit 150.0) | contact=  1.9 mm
setup:     t=  0.6 s | tip=  1.1 deg | F= 15.5 N | M=  8.6 Nm (limit 150.0) | contact=  2.0 mm
setup:     t=  0.8 s | tip=  1.1 deg | F= 21.0 N | M= 11.5 Nm (limit 150.0) | contact=  2.1 mm
setup:     t=  1.0 s | tip=  1.1 deg | F= 26.3 N | M= 14.2 Nm (limit 150.0) | contact=  2.2 mm
setup:     t=  1.2 s | tip=  1.1 deg | F= 31.6 N | M= 17.0 Nm (limit 150.0) | contact=  2.3 mm
setup:     t=  1.4 s | tip=  1.1 deg | F= 37.4 N | M= 20.0 Nm (limit 150.0) | contact=  2.5 mm
setup:     t=  1.6 s | tip=  1.2 deg | F= 43.2 N | M= 23.0 Nm (limit 150.0) | contact=  2.8 mm
setup:     t=  1.8 s | tip=  1.2 deg | F= 48.3 N | M= 25.6 Nm (limit 150.0) | contact=  3.1 mm
setup:     t=  2.0 s | tip=  1.3 deg | F= 53.4 N | M= 28.1 Nm (limit 150.0) | contact=  3.6 mm
setup:     t=  2.2 s | tip=  1.6 deg | F= 60.1 N | M= 31.5 Nm (limit 150.0) | contact=  4.2 mm
setup:     t=  2.4 s | tip=  1.6 deg | F= 65.0 N | M= 34.0 Nm (limit 150.0) | contact=  4.3 mm
setup:     t=  2.6 s | tip=  1.6 deg | F= 71.1 N | M= 37.0 Nm (limit 150.0) | contact=  4.5 mm
setup:     t=  2.8 s | tip=  1.6 deg | F= 76.7 N | M= 39.9 Nm (limit 150.0) | contact=  4.6 mm
setup:     t=  3.0 s | tip=  1.6 deg | F= 82.0 N | M= 42.6 Nm (limit 150.0) | contact=  4.8 mm
setup:     t=  3.2 s | tip=  1.6 deg | F= 87.6 N | M= 45.4 Nm (limit 150.0) | contact=  4.9 mm
setup:     t=  3.4 s | tip=  1.6 deg | F= 82.8 N | M= 43.1 Nm (limit 150.0) | contact=  4.8 mm
setup:     t=  3.6 s | tip=  1.6 deg | F= 82.6 N | M= 43.0 Nm (limit 150.0) | contact=  4.8 mm
setup:     t=  3.8 s | tip=  1.6 deg | F= 82.6 N | M= 43.0 Nm (limit 150.0) | contact=  4.8 mm
setup:     t=  4.0 s | tip=  1.6 deg | F= 82.6 N | M= 43.0 Nm (limit 150.0) | contact=  4.8 mm
setup:     t=  4.2 s | tip=  1.6 deg | F= 82.5 N | M= 43.0 Nm (limit 150.0) | contact=  4.8 mm
setup:     t=  4.4 s | tip=  1.6 deg | F= 82.4 N | M= 42.9 Nm (limit 150.0) | contact=  4.8 mm
setup:     t=  4.6 s | tip=  1.6 deg | F= 82.4 N | M= 42.9 Nm (limit 150.0) | contact=  4.8 mm
setup:     t=  4.8 s | tip=  1.6 deg | F= 82.3 N | M= 42.9 Nm (limit 150.0) | contact=  4.8 mm

==============================================================================
  SETUP RESULT
==============================================================================
  stop: time | t=5.0 s | tip=1.6 deg | F=82.3 N | M=42.9 Nm
  contact_from_start = [-2.8, -0.1, -4.0] mm | norm=4.8 mm
  tcp_from_contact  = [-21.3, +60.0, +17.1] mm | norm=65.9 mm
  alignment: before=0.78 deg | after=2.29 deg | gain=-1.52 deg
  alignment components [t1,t2,n] deg: before=[-0.73,-0.26,+0.00] | after=[-1.68,-1.56,+0.00]

-- setup surface-frame breakdown ---------------------------------------------
  frame              alignment-target [tangent1, tangent2, normal]
  force        [N]      = [    +4.04,     +0.94,    -82.24]
  tcp_disp     [mm]     = [    -2.26,     -0.41,    -22.51]
  contact_disp [mm]     = [    -2.69,     -0.03,     -4.02]
  Kp_eff=F/tcp [N/m]    = [  -1782.7,   -2276.5,    3652.9]
  M_contact    [Nm]     = [    -4.10,    +41.41,     +0.15]
  tip_angle    [deg]    = [    -0.95,     -1.30,     -0.07]
  KR_eff=M/ang [Nm/rad] = [    246.3,   -1830.6,    -127.7]
  frame              tool face [length, width, tool axis]
  M_contact    [Nm]     = [   -41.39,     +4.06,     +1.18]

-- center of compliance ------------------------------------------------------
  definition         r_c = p_TCP - p_c
  p_TCP [x,y,z]    = [    515.2,      -1.0,      18.6] mm
  p_c [EE]         = [     -0.0,      -0.0,       0.0] mm
  r_c [t1,t2,n]    = [      0.0,       0.0,       0.0] mm
                     p_c resolved at end of setup

-- effective TCP impedance ---------------------------------------------------
  K_TCP translation = [   1999.5,    1998.7,     351.8] N/m
  K_TCP rotation   = [      5.0,       5.0,      50.0] Nm/rad
  commanded KR was = [      5.0,       5.0,      50.0] Nm/rad   including lever contribution
  D_TCP translation = [    232.3,     170.5,     112.9] Ns/m
  D_TCP rotation   = [      1.3,       2.0,       0.8] Nms/rad
  coupling           max |moment per unit translation| = 0.0 Nm/m (K), 0.0 Nms/m (D)
  eigenvalues        K_TCP 5.00 .. 2000 | D_TCP 0.80 .. 232  (both positive: valid springs)

  K_TCP [N/m, Nm/rad | rows fx..mz, cols tx..rz]:
           tx        ty        tz    |    rx        ry        rz
  fx [    2000  -0.7871   -28.44 |        0        0        0 ]
  fy [ -0.7871     1999   -45.62 |        0        0        0 ]
  fz [  -28.44   -45.62    351.8 |        0        0        0 ]
     ---------------------------+---------------------------
  mx [       0        0        0 |    5.013  0.02147   0.7756 ]
  my [       0        0        0 |  0.02147    5.034    1.244 ]
  mz [       0        0        0 |   0.7756    1.244    49.95 ]

  D_TCP [Ns/m, Nms/rad]:
           tx        ty        tz    |    rx        ry        rz
  fx [   232.3 -0.05704   -2.061 |        0        0        0 ]
  fy [-0.05704    170.5   -1.597 |        0        0        0 ]
  fz [  -2.061   -1.597    112.9 |        0        0        0 ]
     ---------------------------+---------------------------
  mx [       0        0        0 |    1.303 -0.0002418 -0.008737 ]
  my [       0        0        0 | -0.0002418    2.017 -0.03378 ]
  mz [       0        0        0 | -0.008737 -0.03378   0.7974 ]

[GATE] Set up finished (still pressing). Press Enter to start the grind (e+Enter stops).

Stop requested with e + Enter. Finishing control loop...

-- joint motion [deg] --------------------------------------------------------
  joint       start    final    delta
  q1            0.9     -0.6     -1.5
  q2           12.1     30.1    +18.0
  q3           -0.5      0.5     +1.0
  q4         -130.9   -129.3     +1.6
  q5           -0.1     -1.3     -1.1
  q6          142.9    155.3    +12.4
  q7           44.7     46.0     +1.2

==============================================================================
  FINAL RESULT
==============================================================================
  p_d              = [    513.4,      -7.1,    -218.8] mm
  p_EE             = [    515.2,      -1.0,      18.6] mm
  e_p              = [     -1.8,      -6.2,    -237.3] mm
  e_R              = [    -0.95,     -1.30,     -0.01] deg
------------------------------------------------------------------------------
  position error     237.42 mm
  rotation error     1.61 deg
  csv                logs/surface_grinding_controller_log.csv
------------------------------------------------------------------------------
