
==============================================================================
  SURFACE GRINDING CONTROLLER
==============================================================================
  robot              172.16.0.2
  parameters         /home/hm-panda/Desktop/Thesis_Final_Control/surface_grinding_controller/params
------------------------------------------------------------------------------

==============================================================================
  SURFACE GRINDING CONTROLLER - STARTUP MENU
==============================================================================

-- RUN MODES -----------------------------------------------------------------
  s      Run orientation, approach, setup, and grinding
  h      Cartesian pose hold at the initial posture
  t      Cartesian pose hold with the setup impedance
  g      Start manual guidance from the current robot pose

-- ROBOT PREPARATION ---------------------------------------------------------
  i      Move to the configured initial joint posture

-- GRIPPER AND TOOL ----------------------------------------------------------
  o      Open the gripper
  c      Grasp the tool
  r      Recalibrate the gripper with empty fingers
  f      Pick up the tool from the holder
  b      Return the tool to the holder

-- PROGRAM -------------------------------------------------------------------
  e      Exit
------------------------------------------------------------------------------
  During control: e = stop | m = startup menu | g = guidance
------------------------------------------------------------------------------
Selection [s/h/t/g/i/o/c/r/f/b/e]: 
-- SELECTED MODE: PHASE SEQUENCE ---------------------------------------------

-- moving to q_init ----------------------------------------------------------
  case               saved_qinit
  q1..q7 [deg]     = [0.8, 12.1, -0.5, -130.9, -0.2, 142.9, 44.7] deg
  saved_qinit = [0.014777, 0.210911, -0.009320, -2.284835, -0.002725, 2.493410, 0.780694] rad
  q_init reached.

-- start pose ----------------------------------------------------------------
  q_start          = [0.9, 12.1, -0.5, -130.9, -0.2, 142.9, 44.7] deg
  p_start          = [    531.3,       2.6,     156.8] mm

==============================================================================
  RUN
==============================================================================

-- phase: approach_orient ----------------------------------------------------
  Kp [t1,t2,n]     = [    150.0,     150.0,     150.0] N/m
  Dp [t1,t2,n]     = [    133.7,      94.2,     128.3] Ns/m     auto (factor 1.90)
  KR [t1,t2,n]     = [    180.0,     180.0,      90.0] Nm/rad
  DR [t1,t2,n]     = [     15.3,      25.0,       2.0] Nms/rad  auto (factor 1.90)
orient:     t=  0.0 s | axis_err=  7.1 deg | spin_err=  1.1 deg
orient:     t=  0.2 s | axis_err=  5.9 deg | spin_err=  0.1 deg
orient:     t=  0.4 s | axis_err=  2.4 deg | spin_err=  0.2 deg
orient:     t=  0.6 s | axis_err=  1.2 deg | spin_err=  0.1 deg
orient:     t=  0.8 s | axis_err=  1.0 deg | spin_err=  0.1 deg
orient:     t=  1.0 s | axis_err=  1.0 deg | spin_err=  0.1 deg
orient:     t=  1.2 s | axis_err=  1.0 deg | spin_err=  0.1 deg
orient:     t=  1.4 s | axis_err=  0.9 deg | spin_err=  0.1 deg
orient:     t=  1.6 s | axis_err=  0.9 deg | spin_err=  0.1 deg
orient:     t=  1.8 s | axis_err=  0.9 deg | spin_err=  0.1 deg
orient:     t=  2.0 s | axis_err=  0.9 deg | spin_err=  0.1 deg
orient:     t=  2.2 s | axis_err=  0.9 deg | spin_err=  0.1 deg
orient:     t=  2.4 s | axis_err=  0.9 deg | spin_err=  0.1 deg
orient:     t=  2.6 s | axis_err=  0.9 deg | spin_err=  0.1 deg
orient:     t=  2.8 s | axis_err=  0.9 deg | spin_err=  0.1 deg
orient:     t=  3.0 s | axis_err=  0.9 deg | spin_err=  0.1 deg
orient:     t=  3.2 s | axis_err=  0.9 deg | spin_err=  0.1 deg
orient:     t=  3.4 s | axis_err=  0.9 deg | spin_err=  0.1 deg
orient:     t=  3.6 s | axis_err=  0.9 deg | spin_err=  0.1 deg
orient:     t=  3.8 s | axis_err=  0.9 deg | spin_err=  0.1 deg
orient:     t=  4.0 s | axis_err=  0.9 deg | spin_err=  0.1 deg
orient:     t=  4.2 s | axis_err=  0.9 deg | spin_err=  0.1 deg
orient:     t=  4.4 s | axis_err=  0.9 deg | spin_err=  0.1 deg
orient:     t=  4.6 s | axis_err=  0.9 deg | spin_err=  0.1 deg
orient:     t=  4.8 s | axis_err=  0.9 deg | spin_err=  0.1 deg
orient:     t=  5.0 s | axis_err=  0.9 deg | spin_err=  0.1 deg
orient:     t=  5.2 s | axis_err=  0.9 deg | spin_err=  0.1 deg
orient:     t=  5.4 s | axis_err=  0.9 deg | spin_err=  0.1 deg
orient:     t=  5.6 s | axis_err=  0.9 deg | spin_err=  0.1 deg
orient:     t=  5.8 s | axis_err=  0.9 deg | spin_err=  0.1 deg
orient:     t=  6.0 s | axis_err=  0.9 deg | spin_err=  0.1 deg
orient:     t=  6.2 s | axis_err=  0.9 deg | spin_err=  0.1 deg
orient:     t=  6.4 s | axis_err=  0.9 deg | spin_err=  0.1 deg
orient:     t=  6.6 s | axis_err=  0.9 deg | spin_err=  0.1 deg
orient:     t=  6.8 s | axis_err=  0.9 deg | spin_err=  0.1 deg
orient:     t=  7.0 s | axis_err=  0.9 deg | spin_err=  0.1 deg
orient:     t=  7.2 s | axis_err=  0.9 deg | spin_err=  0.1 deg
orient:     t=  7.4 s | axis_err=  0.9 deg | spin_err=  0.1 deg
orient:     t=  7.6 s | axis_err=  0.9 deg | spin_err=  0.1 deg
orient:     t=  7.8 s | axis_err=  0.9 deg | spin_err=  0.1 deg

Orientation settled short of the 0.9 deg gate after 8.0 s: axis_err=0.9 deg | spin_err=0.1 deg

-- phase: approach_descend ---------------------------------------------------
  Kp [t1,t2,n]     = [    150.0,     150.0,     150.0] N/m
  Dp [t1,t2,n]     = [    133.7,      94.2,     128.3] Ns/m     auto (factor 1.90)
  KR [t1,t2,n]     = [    180.0,     180.0,      90.0] Nm/rad
  DR [t1,t2,n]     = [     15.3,      25.0,       2.0] Nms/rad  auto (factor 1.90)
  descend to         20 mm clearance at 0.100 m/s
descend:    t=  0.0 s | distance=   0.1 mm | height=+133.3 mm (target 20.0) | force= -0.0 N
descend:    t=  0.2 s | distance=  20.2 mm | height=+122.7 mm (target 20.0) | force=  0.4 N
descend:    t=  0.4 s | distance=  40.3 mm | height=+106.1 mm (target 20.0) | force=  1.4 N
descend:    t=  0.6 s | distance=  60.4 mm | height= +88.3 mm (target 20.0) | force=  1.1 N
descend:    t=  0.8 s | distance=  80.5 mm | height= +70.4 mm (target 20.0) | force=  1.6 N
descend:    t=  1.0 s | distance= 100.6 mm | height= +52.9 mm (target 20.0) | force=  1.3 N
descend:    t=  1.2 s | distance= 120.7 mm | height= +34.6 mm (target 20.0) | force=  1.3 N

Clearance reached: distance=136.9 mm | height=20.0 mm | target=20.0 mm | force=1.3 N
  offset_ee        = [    -20.0,      60.0,      20.0] mm
  p_EE_at_contact  = [    534.3,       3.9,      47.1] mm
  contact_point    = [    514.9,     -54.9,       1.7] mm
  edge_offset      = [    -19.4,     -58.7,     -45.5] mm

-- phase: setup --------------------------------------------------------------

-- setup impedance -----------------------------------------------------------
  law                wrench = K_TCP*dx + D_TCP*dv
                     K_TCP  = Ad(r_c)^T * blkdiag(Kp,KR) * Ad(r_c)
  Kp [t1,t2,n]     = [   2000.0,    2000.0,     350.0] N/m
  Dp [t1,t2,n]     = [    228.1,     170.4,     113.8] Ns/m     auto
  KR [t1,t2,n]     = [      5.0,       5.0,      50.0] Nm/rad
  DR [t1,t2,n]     = [      1.5,       1.8,       1.1] Nms/rad  auto
  p_c [EE]         = [     -0.0,     -40.0,       0.0] mm       commanded in the tool frame
  r_c [t1,t2,n]    = [     -0.2,     -39.8,      -3.9] mm       p_TCP - p_c, in the plane
setup:     t=  0.0 s | ee=  0.0 deg | F=  0.0 N | M=  0.0 Nm (limit 150.0) | contact= 19.9 mm
setup:     t=  0.2 s | ee=  1.0 deg | F=  2.2 N | M=  1.4 Nm (limit 150.0) | contact=  7.2 mm
setup:     t=  0.4 s | ee=  1.5 deg | F= 15.5 N | M=  1.1 Nm (limit 150.0) | contact=  3.3 mm
setup:     t=  0.6 s | ee=  1.5 deg | F= 14.8 N | M=  1.3 Nm (limit 150.0) | contact=  3.3 mm
setup:     t=  0.8 s | ee=  1.6 deg | F= 20.1 N | M=  1.3 Nm (limit 150.0) | contact=  3.4 mm
setup:     t=  1.0 s | ee=  1.6 deg | F= 24.5 N | M=  1.2 Nm (limit 150.0) | contact=  3.5 mm
setup:     t=  1.2 s | ee=  1.7 deg | F= 30.0 N | M=  1.1 Nm (limit 150.0) | contact=  3.7 mm
setup:     t=  1.4 s | ee=  1.7 deg | F= 35.8 N | M=  1.0 Nm (limit 150.0) | contact=  3.8 mm
setup:     t=  1.6 s | ee=  1.7 deg | F= 41.5 N | M=  1.0 Nm (limit 150.0) | contact=  3.9 mm
setup:     t=  1.8 s | ee=  2.2 deg | F= 45.6 N | M=  0.7 Nm (limit 150.0) | contact=  4.0 mm
setup:     t=  2.0 s | ee=  3.3 deg | F= 50.6 N | M=  0.7 Nm (limit 150.0) | contact=  4.0 mm
setup:     t=  2.2 s | ee=  4.5 deg | F= 57.0 N | M=  0.8 Nm (limit 150.0) | contact=  4.2 mm
setup:     t=  2.4 s | ee=  4.9 deg | F= 62.4 N | M=  2.2 Nm (limit 150.0) | contact=  4.3 mm
setup:     t=  2.6 s | ee=  4.9 deg | F= 68.4 N | M=  2.2 Nm (limit 150.0) | contact=  4.4 mm
setup:     t=  2.8 s | ee=  4.9 deg | F= 74.1 N | M=  2.3 Nm (limit 150.0) | contact=  4.5 mm
setup:     t=  3.0 s | ee=  4.9 deg | F= 79.5 N | M=  2.5 Nm (limit 150.0) | contact=  4.6 mm
setup:     t=  3.2 s | ee=  4.9 deg | F= 84.9 N | M=  2.6 Nm (limit 150.0) | contact=  4.7 mm
setup:     t=  3.4 s | ee=  4.9 deg | F= 79.1 N | M=  3.0 Nm (limit 150.0) | contact=  4.6 mm
setup:     t=  3.6 s | ee=  4.9 deg | F= 79.0 N | M=  3.0 Nm (limit 150.0) | contact=  4.6 mm
setup:     t=  3.8 s | ee=  4.9 deg | F= 78.9 N | M=  3.0 Nm (limit 150.0) | contact=  4.6 mm
setup:     t=  4.0 s | ee=  4.9 deg | F= 78.9 N | M=  3.0 Nm (limit 150.0) | contact=  4.6 mm
setup:     t=  4.2 s | ee=  4.9 deg | F= 78.9 N | M=  3.0 Nm (limit 150.0) | contact=  4.6 mm
setup:     t=  4.4 s | ee=  4.9 deg | F= 78.9 N | M=  3.0 Nm (limit 150.0) | contact=  4.6 mm
setup:     t=  4.6 s | ee=  4.9 deg | F= 78.8 N | M=  3.0 Nm (limit 150.0) | contact=  4.6 mm
setup:     t=  4.8 s | ee=  4.9 deg | F= 78.8 N | M=  3.0 Nm (limit 150.0) | contact=  4.6 mm

==============================================================================
  SETUP RESULT
==============================================================================
  stop: time | t=5.0 s | ee=4.9 deg | F=78.8 N | M_TCP=3.0 Nm
  contact_from_start = [-3.4, +1.6, -2.7] mm | norm=4.6 mm
  tcp_from_contact  = [+16.6, +61.5, +17.5] mm | norm=66.1 mm
  deviation: before=8.82 deg | after=4.54 deg | gain=+4.28 deg
  t_align: not reached | tolerance=2.00 deg | hold=0.30 s
  t_align_fraction: not reached | fraction=0.50 of the deviation at contact
  deviation_min: 4.54 deg at t=4.95 s
  align_status: not_aligned
  deviation components [t1,t2,n] deg: before=[-5.97,+6.49,+0.00] | after=[-1.56,+4.27,+0.00]

-- setup surface-frame breakdown ---------------------------------------------
  frame              alignment-target [tangent1, tangent2, normal]
  force        [N]      = [    +5.00,     -8.15,    -78.22]
  tcp_disp     [mm]     = [    -2.28,     +3.55,    -27.93]
  contact_disp [mm]     = [    -3.32,     +1.66,     -2.73]
  Kp_eff=F/tcp [N/m]    = [  -2187.7,   -2297.3,    2800.6]
  M_contact    [Nm]     = [    -7.24,     +2.69,     -0.34]
  ee_angle     [deg]    = [    +4.41,     -2.22,     +0.07]
  KR_eff=M/ang [Nm/rad] = [    -94.1,     -69.3,    -284.8]
  frame              tool face [length, width, tool axis]
  M_contact    [Nm]     = [    -2.61,     +7.27,     -0.13]

-- center of compliance ------------------------------------------------------
  definition         r_c = p_TCP - p_c
  p_TCP [x,y,z]    = [    531.5,       6.7,      19.2] mm
  p_c [EE]         = [      0.0,     -40.0,      -0.0] mm
  r_c [t1,t2,n]    = [     -0.4,     -40.0,      -0.9] mm
                     p_c resolved at end of setup

-- effective TCP impedance ---------------------------------------------------
  K_TCP translation = [   1999.5,    1998.7,     351.8] N/m
  K_TCP rotation   = [      5.6,       5.0,      53.2] Nm/rad
  commanded KR was = [      5.0,       5.0,      50.0] Nm/rad   including lever contribution
  D_TCP translation = [    228.1,     170.4,     113.8] Ns/m
  D_TCP rotation   = [      1.7,       1.8,       1.5] Nms/rad
  coupling           max |moment per unit translation| = 80.0 Nm/m (K), 9.1 Nms/m (D)
  eigenvalues        K_TCP 4.99 .. 2003 | D_TCP 1.11 .. 228  (both positive: valid springs)

  K_TCP [N/m, Nm/rad | rows fx..mz, cols tx..rz]:
           tx        ty        tz    |    rx        ry        rz
  fx [    2000  -0.7871   -28.44 |   -1.138  -0.5103   -79.97 ]
  fy [ -0.7871     1999   -45.62 |   -1.303  0.01852   0.8338 ]
  fz [  -28.44   -45.62    351.8 |    14.06  -0.1338    1.119 ]
     ---------------------------+---------------------------
  mx [  -1.138   -1.303    14.06 |    5.575  0.01612   0.8206 ]
  my [ -0.5103  0.01852  -0.1338 |  0.01612    5.035    1.265 ]
  mz [  -79.97   0.8338    1.119 |   0.8206    1.265    53.15 ]

  D_TCP [Ns/m, Nms/rad]:
           tx        ty        tz    |    rx        ry        rz
  fx [   228.1 -0.05455   -1.971 | -0.07884 -0.05871   -9.122 ]
  fy [-0.05455    170.4   -1.566 | -0.01818 0.0006428  0.07057 ]
  fz [  -1.971   -1.566    113.8 |    4.553 -0.04518   0.0782 ]
     ---------------------------+---------------------------
  mx [-0.07884 -0.01818    4.553 |    1.731 -0.002013 -0.004298 ]
  my [-0.05871 0.0006428 -0.04518 | -0.002013    1.836 -0.01754 ]
  mz [  -9.122  0.07057   0.0782 | -0.004298 -0.01754    1.482 ]

[GATE] Set up finished (still pressing). Press Enter to start the grind (e+Enter stops).

Stop requested with e + Enter. Finishing control loop...

-- joint motion [deg] --------------------------------------------------------
  joint       start    final    delta
  q1            0.9      0.9     +0.1
  q2           12.1     30.8    +18.7
  q3           -0.5     -0.2     +0.3
  q4         -130.9   -129.9     +1.0
  q5           -0.2     -1.0     -0.8
  q6          142.9    162.5    +19.6
  q7           44.7     47.3     +2.5

==============================================================================
  FINAL RESULT
==============================================================================
  p_d              = [    529.8,      -3.3,    -212.7] mm
  p_EE             = [    531.5,       6.6,      19.2] mm
  e_p              = [     -1.7,     -10.0,    -231.9] mm
  e_R              = [     4.41,     -2.22,      0.05] deg
------------------------------------------------------------------------------
  position error     232.07 mm
  rotation error     4.94 deg
  csv                logs/surface_grinding_controller_log.csv
------------------------------------------------------------------------------
