
==============================================================================
  SURFACE GRINDING CONTROLLER
==============================================================================
  robot              172.16.0.2
  parameters         /home/hm-panda/Desktop/Thesis_Final_Control/surface_grinding_controller/params
------------------------------------------------------------------------------

==============================================================================
  SURFACE GRINDING CONTROLLER - STARTUP MENU
==============================================================================

-- RUN MODES -----------------------------------------------------------------
  s      Run orientation, approach, setup, and grinding
  h      Cartesian pose hold at the initial posture
  t      Cartesian pose hold with the setup impedance
  g      Start manual guidance from the current robot pose

-- ROBOT PREPARATION ---------------------------------------------------------
  i      Move to the configured initial joint posture

-- GRIPPER AND TOOL ----------------------------------------------------------
  o      Open the gripper
  c      Grasp the tool
  r      Recalibrate the gripper with empty fingers
  f      Pick up the tool from the holder
  b      Return the tool to the holder

-- PROGRAM -------------------------------------------------------------------
  e      Exit
------------------------------------------------------------------------------
  During control: e = stop | m = startup menu | g = guidance
------------------------------------------------------------------------------
Selection [s/h/t/g/i/o/c/r/f/b/e]: 
-- SELECTED MODE: PHASE SEQUENCE ---------------------------------------------

-- moving to q_init ----------------------------------------------------------
  case               saved_qinit
  q1..q7 [deg]     = [0.8, 12.1, -0.5, -130.9, -0.2, 142.9, 44.7] deg
  saved_qinit = [0.014777, 0.210911, -0.009320, -2.284835, -0.002725, 2.493410, 0.780694] rad
  q_init reached.

-- start pose ----------------------------------------------------------------
  q_start          = [0.8, 12.1, -0.5, -130.9, -0.2, 142.8, 44.7] deg
  p_start          = [    531.1,       2.5,     156.7] mm

==============================================================================
  RUN
==============================================================================

-- phase: approach_orient ----------------------------------------------------
  Kp [t1,t2,n]     = [    150.0,     150.0,     150.0] N/m
  Dp [t1,t2,n]     = [    133.7,      94.2,     128.3] Ns/m     auto (factor 1.90)
  KR [t1,t2,n]     = [    180.0,     180.0,      90.0] Nm/rad
  DR [t1,t2,n]     = [     15.3,      25.0,       2.0] Nms/rad  auto (factor 1.90)
orient:     t=  0.0 s | axis_err= 12.4 deg | spin_err=  0.6 deg
orient:     t=  0.2 s | axis_err= 11.0 deg | spin_err=  0.4 deg
orient:     t=  0.4 s | axis_err=  7.8 deg | spin_err=  0.2 deg
orient:     t=  0.6 s | axis_err=  4.0 deg | spin_err=  0.0 deg
orient:     t=  0.8 s | axis_err=  1.6 deg | spin_err=  0.1 deg
orient:     t=  1.0 s | axis_err=  1.2 deg | spin_err=  0.1 deg
orient:     t=  1.2 s | axis_err=  1.0 deg | spin_err=  0.1 deg
orient:     t=  1.4 s | axis_err=  1.0 deg | spin_err=  0.1 deg

Orientation reached: axis_err=0.9 deg | spin_err=0.1 deg

-- phase: approach_descend ---------------------------------------------------
  Kp [t1,t2,n]     = [    150.0,     150.0,     150.0] N/m
  Dp [t1,t2,n]     = [    133.7,      94.2,     128.3] Ns/m     auto (factor 1.90)
  KR [t1,t2,n]     = [    180.0,     180.0,      90.0] Nm/rad
  DR [t1,t2,n]     = [     15.3,      25.0,       2.0] Nms/rad  auto (factor 1.90)
  descend to         20 mm clearance at 0.100 m/s
descend:    t=  0.0 s | distance=   0.1 mm | height=+122.3 mm (target 20.0) | force= -0.0 N
descend:    t=  0.2 s | distance=  20.2 mm | height=+111.1 mm (target 20.0) | force=  2.1 N
descend:    t=  0.4 s | distance=  40.3 mm | height= +95.0 mm (target 20.0) | force=  2.0 N
descend:    t=  0.6 s | distance=  60.4 mm | height= +77.7 mm (target 20.0) | force=  1.2 N
descend:    t=  0.8 s | distance=  80.5 mm | height= +60.1 mm (target 20.0) | force=  2.6 N
descend:    t=  1.0 s | distance= 100.6 mm | height= +42.6 mm (target 20.0) | force=  2.1 N
descend:    t=  1.2 s | distance= 120.7 mm | height= +25.2 mm (target 20.0) | force=  2.8 N

Clearance reached: distance=126.6 mm | height=19.9 mm | target=20.0 mm | force=1.5 N
  offset_ee        = [     20.0,      60.0,      20.0] mm
  p_EE_at_contact  = [    503.0,      -0.1,      44.3] mm
  contact_point    = [    517.6,     -61.2,       1.8] mm
  edge_offset      = [     14.6,     -61.1,     -42.5] mm

-- phase: setup --------------------------------------------------------------

-- setup impedance -----------------------------------------------------------
  law                wrench = K_TCP*dx + D_TCP*dv
                     K_TCP  = Ad(r_c)^T * blkdiag(Kp,KR) * Ad(r_c)
  Kp [t1,t2,n]     = [   2000.0,    2000.0,     350.0] N/m
  Dp [t1,t2,n]     = [    236.8,     176.4,     109.8] Ns/m     auto
  KR [t1,t2,n]     = [      5.0,       5.0,      50.0] Nm/rad
  DR [t1,t2,n]     = [      1.3,       2.2,       1.2] Nms/rad  auto
  p_c [EE]         = [      0.0,     -40.0,      -0.0] mm       commanded in the tool frame
  r_c [t1,t2,n]    = [     -0.2,     -40.0,      -0.2] mm       p_TCP - p_c, in the plane
setup:     t=  0.0 s | ee=  0.0 deg | F=  0.0 N | M=  0.0 Nm (limit 150.0) | contact= 19.8 mm
setup:     t=  0.2 s | ee=  0.6 deg | F=  1.4 N | M=  0.8 Nm (limit 150.0) | contact=  7.3 mm
setup:     t=  0.4 s | ee=  1.3 deg | F= 21.1 N | M=  0.7 Nm (limit 150.0) | contact=  3.5 mm
setup:     t=  0.6 s | ee=  1.3 deg | F= 16.0 N | M=  0.6 Nm (limit 150.0) | contact=  3.5 mm
setup:     t=  0.8 s | ee=  1.3 deg | F= 20.9 N | M=  0.7 Nm (limit 150.0) | contact=  3.7 mm
setup:     t=  1.0 s | ee=  1.3 deg | F= 26.8 N | M=  0.8 Nm (limit 150.0) | contact=  3.9 mm
setup:     t=  1.2 s | ee=  1.3 deg | F= 32.7 N | M=  1.1 Nm (limit 150.0) | contact=  4.2 mm
setup:     t=  1.4 s | ee=  1.4 deg | F= 38.5 N | M=  1.3 Nm (limit 150.0) | contact=  4.6 mm
setup:     t=  1.6 s | ee=  1.4 deg | F= 44.0 N | M=  1.5 Nm (limit 150.0) | contact=  4.9 mm
setup:     t=  1.8 s | ee=  1.4 deg | F= 49.5 N | M=  1.8 Nm (limit 150.0) | contact=  5.4 mm
setup:     t=  2.0 s | ee=  1.5 deg | F= 54.5 N | M=  2.1 Nm (limit 150.0) | contact=  5.8 mm
setup:     t=  2.2 s | ee=  1.5 deg | F= 60.3 N | M=  2.4 Nm (limit 150.0) | contact=  6.1 mm
setup:     t=  2.4 s | ee=  1.5 deg | F= 66.1 N | M=  2.8 Nm (limit 150.0) | contact=  6.4 mm
setup:     t=  2.6 s | ee=  1.6 deg | F= 71.3 N | M=  3.1 Nm (limit 150.0) | contact=  6.6 mm
setup:     t=  2.8 s | ee=  1.6 deg | F= 76.7 N | M=  3.4 Nm (limit 150.0) | contact=  6.8 mm
setup:     t=  3.0 s | ee=  1.6 deg | F= 81.9 N | M=  3.6 Nm (limit 150.0) | contact=  7.0 mm
setup:     t=  3.2 s | ee=  1.6 deg | F= 87.2 N | M=  3.8 Nm (limit 150.0) | contact=  7.2 mm
setup:     t=  3.4 s | ee=  1.6 deg | F= 82.4 N | M=  3.5 Nm (limit 150.0) | contact=  7.1 mm
setup:     t=  3.6 s | ee=  1.6 deg | F= 82.0 N | M=  3.6 Nm (limit 150.0) | contact=  7.1 mm
setup:     t=  3.8 s | ee=  1.6 deg | F= 81.8 N | M=  3.5 Nm (limit 150.0) | contact=  7.1 mm
setup:     t=  4.0 s | ee=  1.6 deg | F= 81.7 N | M=  3.5 Nm (limit 150.0) | contact=  7.1 mm
setup:     t=  4.2 s | ee=  1.6 deg | F= 81.7 N | M=  3.5 Nm (limit 150.0) | contact=  7.2 mm
setup:     t=  4.4 s | ee=  1.6 deg | F= 81.6 N | M=  3.5 Nm (limit 150.0) | contact=  7.2 mm
setup:     t=  4.6 s | ee=  1.6 deg | F= 81.6 N | M=  3.5 Nm (limit 150.0) | contact=  7.2 mm
setup:     t=  4.8 s | ee=  1.6 deg | F= 81.5 N | M=  3.4 Nm (limit 150.0) | contact=  7.3 mm

==============================================================================
  SETUP RESULT
==============================================================================
  stop: time | t=5.0 s | ee=1.6 deg | F=81.6 N | M_TCP=3.5 Nm
  contact_from_start = [-4.7, -0.5, -5.6] mm | norm=7.3 mm
  tcp_from_contact  = [-18.6, +60.0, +17.5] mm | norm=65.3 mm
  deviation: before=10.09 deg | after=11.67 deg | gain=-1.58 deg
  t_align: not reached | tolerance=2.00 deg | hold=0.30 s
  t_align_fraction: not reached | fraction=0.50 of the deviation at contact
  deviation_min: 10.08 deg at t=0.01 s
  align_status: not_aligned
  deviation components [t1,t2,n] deg: before=[-0.78,-10.06,-0.00] | after=[-1.01,-11.63,-0.00]

-- setup surface-frame breakdown ---------------------------------------------
  frame              alignment-target [tangent1, tangent2, normal]
  force        [N]      = [    +5.42,     +2.34,    -81.41]
  tcp_disp     [mm]     = [    -3.65,     -0.38,    -25.05]
  contact_disp [mm]     = [    -4.60,     -0.38,     -5.72]
  Kp_eff=F/tcp [N/m]    = [  -1483.3,   -6109.8,    3249.8]
  M_contact    [Nm]     = [    -8.32,     -0.56,     -1.01]
  ee_angle     [deg]    = [    -0.18,     -1.57,     +0.27]
  KR_eff=M/ang [Nm/rad] = [   2638.5,      20.3,    -213.0]
  frame              tool face [length, width, tool axis]
  M_contact    [Nm]     = [    +0.66,     +7.94,     +2.66]

-- center of compliance ------------------------------------------------------
  definition         r_c = p_TCP - p_c
  p_TCP [x,y,z]    = [    498.9,      -1.2,      19.3] mm
  p_c [EE]         = [      0.0,     -40.0,      -0.0] mm
  r_c [t1,t2,n]    = [     -0.4,     -40.0,      -0.4] mm
                     p_c resolved at end of setup

-- effective TCP impedance ---------------------------------------------------
  K_TCP translation = [   1999.5,    1998.7,     351.8] N/m
  K_TCP rotation   = [      5.6,       5.0,      53.2] Nm/rad
  commanded KR was = [      5.0,       5.0,      50.0] Nm/rad   including lever contribution
  D_TCP translation = [    236.7,     176.3,     109.9] Ns/m
  D_TCP rotation   = [      1.5,       2.2,       1.6] Nms/rad
  coupling           max |moment per unit translation| = 80.0 Nm/m (K), 9.5 Nms/m (D)
  eigenvalues        K_TCP 4.99 .. 2003 | D_TCP 1.19 .. 237  (both positive: valid springs)

  K_TCP [N/m, Nm/rad | rows fx..mz, cols tx..rz]:
           tx        ty        tz    |    rx        ry        rz
  fx [    2000  -0.7871   -28.44 |   -1.138   -1.478   -79.96 ]
  fy [ -0.7871     1999   -45.62 |  -0.3366  0.01772    0.782 ]
  fz [  -28.44   -45.62    351.8 |    14.03  -0.1109     1.12 ]
     ---------------------------+---------------------------
  mx [  -1.138  -0.3366    14.03 |    5.574  0.01704    0.821 ]
  my [  -1.478  0.01772  -0.1109 |  0.01704    5.036    1.303 ]
  mz [  -79.96    0.782     1.12 |    0.821    1.303    53.15 ]

  D_TCP [Ns/m, Nms/rad]:
           tx        ty        tz    |    rx        ry        rz
  fx [   236.7 -0.06056   -2.188 | -0.08754  -0.1754   -9.468 ]
  fy [-0.06056    176.3   -1.839 |  0.05772 0.0007355  0.06863 ]
  fz [  -2.188   -1.839    109.9 |    4.395 -0.03965  0.08681 ]
     ---------------------------+---------------------------
  mx [-0.08754  0.05772    4.395 |    1.471 -0.001634 0.001763 ]
  my [ -0.1754 0.0007355 -0.03965 | -0.001634    2.217 -0.02131 ]
  mz [  -9.468  0.06863  0.08681 | 0.001763 -0.02131    1.573 ]

[GATE] Set up finished (still pressing). Press Enter to start the grind (e+Enter stops).

Stop requested with e + Enter. Finishing control loop...

-- joint motion [deg] --------------------------------------------------------
  joint       start    final    delta
  q1            0.8      0.1     -0.8
  q2           12.1     30.9    +18.8
  q3           -0.5     -0.0     +0.5
  q4         -130.9   -125.0     +5.9
  q5           -0.2     -1.4     -1.2
  q6          142.8    141.8     -1.0
  q7           44.7     46.9     +2.2

==============================================================================
  FINAL RESULT
==============================================================================
  p_d              = [    498.5,      -7.3,    -215.5] mm
  p_EE             = [    498.9,      -1.2,      19.3] mm
  e_p              = [     -0.4,      -6.1,    -234.8] mm
  e_R              = [    -0.18,     -1.56,      0.32] deg
------------------------------------------------------------------------------
  position error     234.90 mm
  rotation error     1.61 deg
  csv                logs/surface_grinding_controller_log.csv
------------------------------------------------------------------------------
