
==============================================================================
  SURFACE GRINDING CONTROLLER
==============================================================================
  robot              172.16.0.2
  parameters         /home/hm-panda/Desktop/Thesis_Final_Control/surface_grinding_controller/params
------------------------------------------------------------------------------

==============================================================================
  SURFACE GRINDING CONTROLLER - STARTUP MENU
==============================================================================

-- RUN MODES -----------------------------------------------------------------
  s      Run orientation, approach, setup, and grinding
  h      Cartesian pose hold at the initial posture
  t      Cartesian pose hold with the setup impedance
  g      Start manual guidance from the current robot pose

-- ROBOT PREPARATION ---------------------------------------------------------
  i      Move to the configured initial joint posture

-- GRIPPER AND TOOL ----------------------------------------------------------
  o      Open the gripper
  c      Grasp the tool
  r      Recalibrate the gripper with empty fingers
  f      Pick up the tool from the holder
  b      Return the tool to the holder

-- PROGRAM -------------------------------------------------------------------
  e      Exit
------------------------------------------------------------------------------
  During control: e = stop | m = startup menu | g = guidance
------------------------------------------------------------------------------
Selection [s/h/t/g/i/o/c/r/f/b/e]: 
-- SELECTED MODE: PHASE SEQUENCE ---------------------------------------------

-- moving to q_init ----------------------------------------------------------
  case               saved_qinit
  q1..q7 [deg]     = [0.8, 12.1, -0.5, -130.9, -0.2, 142.9, 44.7] deg
  saved_qinit = [0.014777, 0.210911, -0.009320, -2.284835, -0.002725, 2.493410, 0.780694] rad
  q_init reached.

-- start pose ----------------------------------------------------------------
  q_start          = [0.8, 12.1, -0.5, -130.9, -0.2, 142.9, 44.7] deg
  p_start          = [    531.3,       2.4,     156.7] mm

==============================================================================
  RUN
==============================================================================

-- phase: approach_orient ----------------------------------------------------
  Kp [t1,t2,n]     = [    150.0,     150.0,     150.0] N/m
  Dp [t1,t2,n]     = [    133.7,      94.2,     128.3] Ns/m     auto (factor 1.90)
  KR [t1,t2,n]     = [    300.0,     300.0,      90.0] Nm/rad
  DR [t1,t2,n]     = [     19.8,      32.3,       2.0] Nms/rad  auto (factor 1.90)
orient:     t=  0.0 s | axis_err= 12.5 deg | spin_err=  0.6 deg
orient:     t=  0.2 s | axis_err= 10.6 deg | spin_err=  0.5 deg
orient:     t=  0.4 s | axis_err=  7.0 deg | spin_err=  0.2 deg
orient:     t=  0.6 s | axis_err=  3.1 deg | spin_err=  0.0 deg
orient:     t=  0.8 s | axis_err=  0.8 deg | spin_err=  0.1 deg

Orientation reached: axis_err=0.5 deg | spin_err=0.1 deg

-- phase: approach_descend ---------------------------------------------------
  Kp [t1,t2,n]     = [    150.0,     150.0,     150.0] N/m
  Dp [t1,t2,n]     = [    133.7,      94.2,     128.3] Ns/m     auto (factor 1.90)
  KR [t1,t2,n]     = [    300.0,     300.0,      90.0] Nm/rad
  DR [t1,t2,n]     = [     19.8,      32.3,       2.0] Nms/rad  auto (factor 1.90)
  descend to         20 mm clearance at 0.100 m/s
descend:    t=  0.0 s | distance=   0.1 mm | height=+125.4 mm (target 20.0) | force=  0.0 N
descend:    t=  0.2 s | distance=  20.2 mm | height=+114.3 mm (target 20.0) | force=  1.3 N
descend:    t=  0.4 s | distance=  40.3 mm | height= +98.2 mm (target 20.0) | force=  2.2 N
descend:    t=  0.6 s | distance=  60.4 mm | height= +81.0 mm (target 20.0) | force=  2.4 N
descend:    t=  0.8 s | distance=  80.5 mm | height= +63.5 mm (target 20.0) | force=  2.6 N
descend:    t=  1.0 s | distance= 100.6 mm | height= +45.7 mm (target 20.0) | force=  2.0 N
descend:    t=  1.2 s | distance= 120.7 mm | height= +27.8 mm (target 20.0) | force=  2.8 N

Clearance reached: distance=129.5 mm | height=20.0 mm | target=20.0 mm | force=2.7 N
  offset_ee        = [     20.0,     -60.0,      20.0] mm
  p_EE_at_contact  = [    507.5,      -0.1,      44.0] mm
  contact_point    = [    522.4,      58.6,      -1.6] mm
  edge_offset      = [     14.9,      58.7,     -45.6] mm

-- phase: setup --------------------------------------------------------------

-- setup impedance -----------------------------------------------------------
  law                wrench = K_TCP*dx + D_TCP*dv
                     K_TCP  = Ad(r_c)^T * blkdiag(Kp,KR) * Ad(r_c)
  Kp [t1,t2,n]     = [   2000.0,    2000.0,     350.0] N/m
  Dp [t1,t2,n]     = [    237.1,     176.2,     109.5] Ns/m     auto
  KR [t1,t2,n]     = [      5.0,       5.0,      50.0] Nm/rad
  DR [t1,t2,n]     = [      1.3,       2.2,       1.2] Nms/rad  auto
  p_c [EE]         = [    -30.0,       0.0,      -0.0] mm       commanded in the tool frame
  r_c [t1,t2,n]    = [     29.4,      -0.0,      -6.0] mm       p_TCP - p_c, in the plane
setup:     t=  0.0 s | tip=  0.0 deg | F=  0.2 N | M=  0.0 Nm (limit 150.0) | contact= 19.9 mm
setup:     t=  0.2 s | tip=  0.3 deg | F=  0.8 N | M=  0.3 Nm (limit 150.0) | contact=  7.0 mm
setup:     t=  0.4 s | tip=  0.3 deg | F= 17.4 N | M=  8.9 Nm (limit 150.0) | contact=  2.3 mm
setup:     t=  0.6 s | tip=  0.3 deg | F= 14.8 N | M=  7.6 Nm (limit 150.0) | contact=  2.3 mm
setup:     t=  0.8 s | tip=  0.3 deg | F= 20.4 N | M= 10.4 Nm (limit 150.0) | contact=  2.5 mm
setup:     t=  1.0 s | tip=  0.3 deg | F= 25.8 N | M= 13.1 Nm (limit 150.0) | contact=  2.6 mm
setup:     t=  1.2 s | tip=  0.3 deg | F= 31.5 N | M= 15.9 Nm (limit 150.0) | contact=  2.8 mm
setup:     t=  1.4 s | tip=  0.4 deg | F= 36.6 N | M= 18.4 Nm (limit 150.0) | contact=  3.0 mm
setup:     t=  1.6 s | tip=  1.0 deg | F= 41.6 N | M= 20.9 Nm (limit 150.0) | contact=  3.4 mm
setup:     t=  1.8 s | tip=  1.6 deg | F= 48.6 N | M= 24.2 Nm (limit 150.0) | contact=  3.9 mm
setup:     t=  2.0 s | tip=  1.6 deg | F= 53.4 N | M= 26.5 Nm (limit 150.0) | contact=  4.4 mm
setup:     t=  2.2 s | tip=  1.6 deg | F= 59.0 N | M= 29.3 Nm (limit 150.0) | contact=  4.7 mm
setup:     t=  2.4 s | tip=  1.6 deg | F= 64.6 N | M= 32.0 Nm (limit 150.0) | contact=  5.0 mm
setup:     t=  2.6 s | tip=  1.6 deg | F= 70.1 N | M= 34.6 Nm (limit 150.0) | contact=  5.1 mm
setup:     t=  2.8 s | tip=  1.7 deg | F= 76.3 N | M= 37.5 Nm (limit 150.0) | contact=  5.2 mm
setup:     t=  3.0 s | tip=  1.8 deg | F= 83.0 N | M= 40.8 Nm (limit 150.0) | contact=  5.2 mm
setup:     t=  3.2 s | tip=  2.0 deg | F= 88.9 N | M= 43.6 Nm (limit 150.0) | contact=  5.0 mm
setup:     t=  3.4 s | tip=  2.2 deg | F= 82.7 N | M= 40.4 Nm (limit 150.0) | contact=  4.9 mm
setup:     t=  3.6 s | tip=  2.2 deg | F= 82.7 N | M= 40.5 Nm (limit 150.0) | contact=  4.9 mm
setup:     t=  3.8 s | tip=  2.2 deg | F= 82.8 N | M= 40.5 Nm (limit 150.0) | contact=  4.9 mm
setup:     t=  4.0 s | tip=  2.2 deg | F= 82.7 N | M= 40.5 Nm (limit 150.0) | contact=  4.9 mm
setup:     t=  4.2 s | tip=  2.2 deg | F= 82.9 N | M= 40.5 Nm (limit 150.0) | contact=  4.9 mm
setup:     t=  4.4 s | tip=  2.2 deg | F= 83.0 N | M= 40.6 Nm (limit 150.0) | contact=  4.9 mm
setup:     t=  4.6 s | tip=  2.2 deg | F= 82.8 N | M= 40.5 Nm (limit 150.0) | contact=  4.9 mm
setup:     t=  4.8 s | tip=  2.2 deg | F= 82.9 N | M= 40.5 Nm (limit 150.0) | contact=  4.9 mm

==============================================================================
  SETUP RESULT
==============================================================================
  stop: time | t=5.0 s | tip=2.2 deg | F=82.8 N | M=40.5 Nm
  contact_from_start = [-3.3, -0.0, -3.6] mm | norm=4.9 mm
  tcp_from_contact  = [-18.6, -60.1, +20.1] mm | norm=66.0 mm
  alignment: before=10.04 deg | after=8.61 deg | gain=+1.43 deg
  alignment components [t1,t2,n] deg: before=[-0.31,-10.04,+0.00] | after=[-1.65,-8.45,+0.00]

-- setup surface-frame breakdown ---------------------------------------------
  frame              alignment-target [tangent1, tangent2, normal]
  force        [N]      = [    +8.99,     +2.51,    -82.23]
  tcp_disp     [mm]     = [    -3.28,     -0.67,    -25.58]
  contact_disp [mm]     = [    -3.25,     +0.06,     -3.63]
  Kp_eff=F/tcp [N/m]    = [  -2739.1,   -3738.0,    3215.0]
  M_contact    [Nm]     = [    +5.71,    +39.40,     +1.21]
  tip_angle    [deg]    = [    -1.45,     +1.60,     -0.57]
  KR_eff=M/ang [Nm/rad] = [   -226.3,    1414.1,    -121.4]
  frame              tool face [length, width, tool axis]
  M_contact    [Nm]     = [   -39.37,     -5.95,     -0.90]

-- center of compliance ------------------------------------------------------
  definition         r_c = p_TCP - p_c
  p_TCP [x,y,z]    = [    503.7,      -1.5,      18.5] mm
  p_c [EE]         = [    -30.0,      -0.0,      -0.0] mm
  r_c [t1,t2,n]    = [     29.5,       0.4,      -5.2] mm
                     p_c resolved at end of setup

-- effective TCP impedance ---------------------------------------------------
  K_TCP translation = [   1999.5,    1998.7,     351.8] N/m
  K_TCP rotation   = [      5.1,       5.4,      51.7] Nm/rad
  commanded KR was = [      5.0,       5.0,      50.0] Nm/rad   including lever contribution
  D_TCP translation = [    237.1,     176.2,     109.6] Ns/m
  D_TCP rotation   = [      1.3,       2.3,       1.3] Nms/rad
  coupling           max |moment per unit translation| = 58.9 Nm/m (K), 5.2 Nms/m (D)
  eigenvalues        K_TCP 5.00 .. 2002 | D_TCP 1.19 .. 237  (both positive: valid springs)

  K_TCP [N/m, Nm/rad | rows fx..mz, cols tx..rz]:
           tx        ty        tz    |    rx        ry        rz
  fx [    2000  -0.7871   -28.44 |    0.011    10.56    0.481 ]
  fy [ -0.7871     1999   -45.62 |   -11.38   -1.348   -58.87 ]
  fz [  -28.44   -45.62    351.8 |   0.1795     10.2    1.337 ]
     ---------------------------+---------------------------
  mx [   0.011   -11.38   0.1795 |    5.078  0.02682    1.111 ]
  my [   10.56   -1.348     10.2 |  0.02682    5.395    1.286 ]
  mz [   0.481   -58.87    1.337 |    1.111    1.286    51.69 ]

  D_TCP [Ns/m, Nms/rad]:
           tx        ty        tz    |    rx        ry        rz
  fx [   237.1  -0.0609     -2.2 | 0.0008509    1.287  0.05608 ]
  fy [ -0.0609    176.2   -1.845 |   -1.004 -0.05468   -5.189 ]
  fz [    -2.2   -1.845    109.6 | -0.01458    3.215  0.05383 ]
     ---------------------------+---------------------------
  mx [0.0008509   -1.004 -0.01458 |    1.298 -0.0004707  0.02789 ]
  my [   1.287 -0.05468    3.215 | -0.0004707    2.325 -0.02654 ]
  mz [ 0.05608   -5.189  0.05383 |  0.02789 -0.02654    1.349 ]

[GATE] Set up finished (still pressing). Press Enter to start the grind (e+Enter stops).

Stop requested with e + Enter. Finishing control loop...

-- joint motion [deg] --------------------------------------------------------
  joint       start    final    delta
  q1            0.8     -0.4     -1.2
  q2           12.1     30.5    +18.4
  q3           -0.5      0.3     +0.8
  q4         -130.9   -126.5     +4.4
  q5           -0.2     -0.9     -0.7
  q6          142.9    146.1     +3.2
  q7           44.7     45.1     +0.4

==============================================================================
  FINAL RESULT
==============================================================================
  p_d              = [    503.0,      -7.3,    -215.9] mm
  p_EE             = [    503.7,      -1.5,      18.5] mm
  e_p              = [     -0.8,      -5.8,    -234.4] mm
  e_R              = [    -1.45,      1.58,     -0.59] deg
------------------------------------------------------------------------------
  position error     234.43 mm
  rotation error     2.23 deg
  csv                logs/surface_grinding_controller_log.csv
------------------------------------------------------------------------------
