
==============================================================================
  SURFACE GRINDING CONTROLLER
==============================================================================
  robot              172.16.0.2
  parameters         /home/hm-panda/Desktop/Thesis_Final_Control/surface_grinding_controller/params
------------------------------------------------------------------------------

==============================================================================
  SURFACE GRINDING CONTROLLER - STARTUP MENU
==============================================================================

-- RUN MODES -----------------------------------------------------------------
  s      Run orientation, approach, setup, and grinding
  h      Cartesian pose hold at the initial posture
  t      Cartesian pose hold with the setup impedance
  g      Start manual guidance from the current robot pose

-- ROBOT PREPARATION ---------------------------------------------------------
  i      Move to the configured initial joint posture

-- GRIPPER AND TOOL ----------------------------------------------------------
  o      Open the gripper
  c      Grasp the tool
  r      Recalibrate the gripper with empty fingers
  f      Pick up the tool from the holder
  b      Return the tool to the holder

-- PROGRAM -------------------------------------------------------------------
  e      Exit
------------------------------------------------------------------------------
  During control: e = stop | m = startup menu | g = guidance
------------------------------------------------------------------------------
Selection [s/h/t/g/i/o/c/r/f/b/e]: 
-- SELECTED MODE: PHASE SEQUENCE ---------------------------------------------

-- moving to q_init ----------------------------------------------------------
  case               saved_qinit
  q1..q7 [deg]     = [0.8, 12.1, -0.5, -130.9, -0.2, 142.9, 44.7] deg
  saved_qinit = [0.014777, 0.210911, -0.009320, -2.284835, -0.002725, 2.493410, 0.780694] rad
  q_init reached.

-- start pose ----------------------------------------------------------------
  q_start          = [0.8, 12.1, -0.5, -130.9, -0.2, 142.9, 44.7] deg
  p_start          = [    531.3,       2.5,     156.8] mm

==============================================================================
  RUN
==============================================================================

-- phase: approach_orient ----------------------------------------------------
  Kp [t1,t2,n]     = [    150.0,     150.0,     150.0] N/m
  Dp [t1,t2,n]     = [    133.7,      94.2,     128.3] Ns/m     auto (factor 1.90)
  KR [t1,t2,n]     = [     90.0,      90.0,      90.0] Nm/rad
  DR [t1,t2,n]     = [     10.8,      17.7,       2.0] Nms/rad  auto (factor 1.90)
orient:     t=  0.0 s | axis_err= 10.9 deg | spin_err=  0.6 deg
orient:     t=  0.2 s | axis_err= 10.1 deg | spin_err=  0.4 deg
orient:     t=  0.4 s | axis_err=  7.6 deg | spin_err=  0.2 deg
orient:     t=  0.6 s | axis_err=  4.4 deg | spin_err=  0.1 deg
orient:     t=  0.8 s | axis_err=  2.6 deg | spin_err=  0.1 deg

Orientation reached: axis_err=2.0 deg | spin_err=0.1 deg

-- phase: approach_descend ---------------------------------------------------
  Kp [t1,t2,n]     = [    150.0,     150.0,     150.0] N/m
  Dp [t1,t2,n]     = [    133.7,      94.2,     128.3] Ns/m     auto (factor 1.90)
  KR [t1,t2,n]     = [     90.0,      90.0,      90.0] Nm/rad
  DR [t1,t2,n]     = [     10.8,      17.7,       2.0] Nms/rad  auto (factor 1.90)
  descend to         20 mm clearance at 0.100 m/s
descend:    t=  0.0 s | distance=   0.1 mm | height=+124.5 mm (target 20.0) | force= -0.0 N
descend:    t=  0.2 s | distance=  20.2 mm | height=+112.5 mm (target 20.0) | force=  1.9 N
descend:    t=  0.4 s | distance=  40.3 mm | height= +96.2 mm (target 20.0) | force=  1.2 N
descend:    t=  0.6 s | distance=  60.4 mm | height= +79.3 mm (target 20.0) | force=  2.1 N
descend:    t=  0.8 s | distance=  80.5 mm | height= +61.9 mm (target 20.0) | force=  1.5 N
descend:    t=  1.0 s | distance= 100.6 mm | height= +44.3 mm (target 20.0) | force=  2.8 N
descend:    t=  1.2 s | distance= 120.7 mm | height= +26.4 mm (target 20.0) | force=  1.8 N

Clearance reached: distance=128.1 mm | height=19.9 mm | target=20.0 mm | force=3.2 N
  offset_ee        = [     20.0,      60.0,      20.0] mm
  p_EE_at_contact  = [    501.1,       0.6,      44.4] mm
  contact_point    = [    516.5,     -60.2,       1.8] mm
  edge_offset      = [     15.4,     -60.9,     -42.6] mm

-- phase: setup --------------------------------------------------------------

-- setup impedance -----------------------------------------------------------
  law                wrench = K_TCP*dx + D_TCP*dv
                     K_TCP  = Ad(r_c)^T * blkdiag(Kp,KR) * Ad(r_c)
  Kp [t1,t2,n]     = [   2000.0,    2000.0,     350.0] N/m
  Dp [t1,t2,n]     = [    235.9,     175.8,     110.6] Ns/m     auto
  KR [t1,t2,n]     = [      5.0,       5.0,      50.0] Nm/rad
  DR [t1,t2,n]     = [      1.3,       2.2,       1.1] Nms/rad  auto
  p_c [EE]         = [      0.0,      -0.0,      60.0] mm       commanded in the tool frame
  r_c [t1,t2,n]    = [     10.4,      -0.9,      59.1] mm       p_TCP - p_c, in the plane
setup:     t=  0.0 s | tip=  0.0 deg | F=  0.0 N | M=  0.0 Nm (limit 150.0) | contact= 19.9 mm
setup:     t=  0.2 s | tip=  0.3 deg | F=  0.3 N | M=  0.3 Nm (limit 150.0) | contact=  6.9 mm
setup:     t=  0.4 s | tip=  0.1 deg | F= 18.4 N | M=  9.0 Nm (limit 150.0) | contact=  2.9 mm
setup:     t=  0.6 s | tip=  0.1 deg | F= 14.7 N | M=  7.3 Nm (limit 150.0) | contact=  3.0 mm
setup:     t=  0.8 s | tip=  0.2 deg | F= 19.8 N | M=  9.9 Nm (limit 150.0) | contact=  3.3 mm
setup:     t=  1.0 s | tip=  0.2 deg | F= 25.3 N | M= 12.6 Nm (limit 150.0) | contact=  3.5 mm
setup:     t=  1.2 s | tip=  0.2 deg | F= 30.7 N | M= 15.3 Nm (limit 150.0) | contact=  3.8 mm
setup:     t=  1.4 s | tip=  0.3 deg | F= 36.2 N | M= 18.0 Nm (limit 150.0) | contact=  4.3 mm
setup:     t=  1.6 s | tip=  0.5 deg | F= 40.9 N | M= 20.2 Nm (limit 150.0) | contact=  5.1 mm
setup:     t=  1.8 s | tip=  0.7 deg | F= 47.3 N | M= 23.4 Nm (limit 150.0) | contact=  5.7 mm
setup:     t=  2.0 s | tip=  0.7 deg | F= 53.0 N | M= 26.2 Nm (limit 150.0) | contact=  6.2 mm
setup:     t=  2.2 s | tip=  0.7 deg | F= 58.6 N | M= 29.0 Nm (limit 150.0) | contact=  6.7 mm
setup:     t=  2.4 s | tip=  0.7 deg | F= 63.8 N | M= 31.5 Nm (limit 150.0) | contact=  6.9 mm
setup:     t=  2.6 s | tip=  0.7 deg | F= 69.4 N | M= 34.3 Nm (limit 150.0) | contact=  7.1 mm
setup:     t=  2.8 s | tip=  0.7 deg | F= 74.8 N | M= 36.9 Nm (limit 150.0) | contact=  7.2 mm
setup:     t=  3.0 s | tip=  0.7 deg | F= 80.4 N | M= 39.6 Nm (limit 150.0) | contact=  7.4 mm
setup:     t=  3.2 s | tip=  0.7 deg | F= 86.1 N | M= 42.5 Nm (limit 150.0) | contact=  7.5 mm
setup:     t=  3.4 s | tip=  0.7 deg | F= 81.3 N | M= 40.1 Nm (limit 150.0) | contact=  7.4 mm
setup:     t=  3.6 s | tip=  0.7 deg | F= 81.1 N | M= 40.0 Nm (limit 150.0) | contact=  7.4 mm
setup:     t=  3.8 s | tip=  0.7 deg | F= 81.1 N | M= 40.0 Nm (limit 150.0) | contact=  7.4 mm
setup:     t=  4.0 s | tip=  0.7 deg | F= 81.0 N | M= 40.0 Nm (limit 150.0) | contact=  7.4 mm
setup:     t=  4.2 s | tip=  0.7 deg | F= 81.0 N | M= 39.9 Nm (limit 150.0) | contact=  7.4 mm
setup:     t=  4.4 s | tip=  0.7 deg | F= 80.9 N | M= 39.9 Nm (limit 150.0) | contact=  7.4 mm
setup:     t=  4.6 s | tip=  0.7 deg | F= 80.9 N | M= 39.9 Nm (limit 150.0) | contact=  7.4 mm
setup:     t=  4.8 s | tip=  0.7 deg | F= 80.9 N | M= 39.9 Nm (limit 150.0) | contact=  7.4 mm

==============================================================================
  SETUP RESULT
==============================================================================
  stop: time | t=5.0 s | tip=0.7 deg | F=80.8 N | M=39.9 Nm
  contact_from_start = [-3.4, -0.2, -6.6] mm | norm=7.4 mm
  tcp_from_contact  = [-19.2, +59.9, +16.7] mm | norm=65.1 mm
  alignment: before=10.03 deg | after=10.36 deg | gain=-0.33 deg
  alignment components [t1,t2,n] deg: before=[-0.83,-9.99,+0.00] | after=[-1.36,-10.27,+0.00]

-- setup surface-frame breakdown ---------------------------------------------
  frame              alignment-target [tangent1, tangent2, normal]
  force        [N]      = [    +7.54,     -0.19,    -80.47]
  tcp_disp     [mm]     = [    -3.35,     -0.30,    -25.93]
  contact_disp [mm]     = [    -3.26,     +0.00,     -6.66]
  Kp_eff=F/tcp [N/m]    = [  -2250.0,     633.4,    3103.4]
  M_contact    [Nm]     = [    -3.88,    +38.73,     -0.90]
  tip_angle    [deg]    = [    -0.57,     -0.27,     -0.20]
  KR_eff=M/ang [Nm/rad] = [    387.6,   -8289.3,     256.2]
  frame              tool face [length, width, tool axis]
  M_contact    [Nm]     = [   -38.70,     +3.42,     +2.50]

-- center of compliance ------------------------------------------------------
  definition         r_c = p_TCP - p_c
  p_TCP [x,y,z]    = [    497.3,      -0.4,      18.5] mm
  p_c [EE]         = [     -0.0,      -0.0,      60.0] mm
  r_c [t1,t2,n]    = [     10.7,      -1.4,      59.0] mm
                     p_c resolved at end of setup

-- effective TCP impedance ---------------------------------------------------
  K_TCP translation = [   1999.5,    1998.7,     351.8] N/m
  K_TCP rotation   = [     11.9,      12.0,      50.2] Nm/rad
  commanded KR was = [      5.0,       5.0,      50.0] Nm/rad   including lever contribution
  D_TCP translation = [    235.8,     175.8,     110.7] Ns/m
  D_TCP rotation   = [      1.9,       3.0,       1.1] Nms/rad
  coupling           max |moment per unit translation| = 118.0 Nm/m (K), 13.9 Nms/m (D)
  eigenvalues        K_TCP 4.98 .. 2007 | D_TCP 1.11 .. 237  (both positive: valid springs)

  K_TCP [N/m, Nm/rad | rows fx..mz, cols tx..rz]:
           tx        ty        tz    |    rx        ry        rz
  fx [    2000  -0.7871   -28.44 | -0.04039     -118    0.426 ]
  fy [ -0.7871     1999   -45.62 |    117.6  -0.4878    -23.4 ]
  fz [  -28.44   -45.62    351.8 |   -2.758    5.792   0.5282 ]
     ---------------------------+---------------------------
  mx [-0.04039    117.6   -2.758 |    11.94 -0.008444  -0.6015 ]
  my [    -118  -0.4878    5.792 | -0.008444    12.05    1.225 ]
  mz [   0.426    -23.4   0.5282 |  -0.6015    1.225    50.23 ]

  D_TCP [Ns/m, Nms/rad]:
           tx        ty        tz    |    rx        ry        rz
  fx [   235.8 -0.05975   -2.159 | -0.003066    -13.9  0.04986 ]
  fy [-0.05975    175.8   -1.802 |    10.34 -0.01759   -2.058 ]
  fz [  -2.159   -1.802    110.7 |  -0.1291    1.423  0.02065 ]
     ---------------------------+---------------------------
  mx [-0.003066    10.34  -0.1291 |    1.904 -0.001422  -0.1244 ]
  my [   -13.9 -0.01759    1.423 | -0.001422    3.009 -0.03228 ]
  mz [ 0.04986   -2.058  0.02065 |  -0.1244 -0.03228     1.13 ]

[GATE] Set up finished (still pressing). Press Enter to start the grind (e+Enter stops).

Stop requested with e + Enter. Finishing control loop...

-- joint motion [deg] --------------------------------------------------------
  joint       start    final    delta
  q1            0.8     -0.1     -1.0
  q2           12.1     30.0    +17.8
  q3           -0.5      0.1     +0.6
  q4         -130.9   -127.6     +3.3
  q5           -0.2     -0.5     -0.3
  q6          142.9    146.3     +3.4
  q7           44.7     45.3     +0.6

==============================================================================
  FINAL RESULT
==============================================================================
  p_d              = [    496.6,      -6.6,    -215.4] mm
  p_EE             = [    497.3,      -0.4,      18.5] mm
  e_p              = [     -0.7,      -6.2,    -234.0] mm
  e_R              = [    -0.58,     -0.27,     -0.18] deg
------------------------------------------------------------------------------
  position error     234.04 mm
  rotation error     0.66 deg
  csv                logs/surface_grinding_controller_log.csv
------------------------------------------------------------------------------
