
==============================================================================
  SURFACE GRINDING CONTROLLER
==============================================================================
  robot              172.16.0.2
  parameters         /home/hm-panda/Desktop/Thesis_Final_Control/surface_grinding_controller/params
------------------------------------------------------------------------------

==============================================================================
  SURFACE GRINDING CONTROLLER - STARTUP MENU
==============================================================================

-- RUN MODES -----------------------------------------------------------------
  s      Run orientation, approach, setup, and grinding
  h      Cartesian pose hold at the initial posture
  t      Cartesian pose hold with the setup impedance
  g      Start manual guidance from the current robot pose

-- ROBOT PREPARATION ---------------------------------------------------------
  i      Move to the configured initial joint posture

-- GRIPPER AND TOOL ----------------------------------------------------------
  o      Open the gripper
  c      Grasp the tool
  r      Recalibrate the gripper with empty fingers
  f      Pick up the tool from the holder
  b      Return the tool to the holder

-- PROGRAM -------------------------------------------------------------------
  e      Exit
------------------------------------------------------------------------------
  During control: e = stop | m = startup menu | g = guidance
------------------------------------------------------------------------------
Selection [s/h/t/g/i/o/c/r/f/b/e]: 
-- SELECTED MODE: PHASE SEQUENCE ---------------------------------------------

-- moving to q_init ----------------------------------------------------------
  case               saved_qinit
  q1..q7 [deg]     = [0.8, 12.1, -0.5, -130.9, -0.2, 142.9, 44.7] deg
  saved_qinit = [0.014777, 0.210911, -0.009320, -2.284835, -0.002725, 2.493410, 0.780694] rad
  q_init reached.

-- start pose ----------------------------------------------------------------
  q_start          = [0.9, 12.1, -0.5, -130.9, -0.1, 142.9, 44.7] deg
  p_start          = [    531.3,       2.5,     156.8] mm

==============================================================================
  RUN
==============================================================================

-- phase: approach_orient ----------------------------------------------------
  Kp [t1,t2,n]     = [    150.0,     150.0,     150.0] N/m
  Dp [t1,t2,n]     = [    133.7,      94.2,     128.3] Ns/m     auto (factor 1.90)
  KR [t1,t2,n]     = [    300.0,     300.0,      90.0] Nm/rad
  DR [t1,t2,n]     = [     19.8,      32.3,       2.0] Nms/rad  auto (factor 1.90)
orient:     t=  0.0 s | axis_err=  4.0 deg | spin_err=  0.6 deg
orient:     t=  0.2 s | axis_err=  2.1 deg | spin_err=  0.4 deg
orient:     t=  0.4 s | axis_err=  0.5 deg | spin_err=  0.1 deg
orient:     t=  0.6 s | axis_err=  0.4 deg | spin_err=  0.1 deg
orient:     t=  0.8 s | axis_err=  0.4 deg | spin_err=  0.1 deg

Orientation reached: axis_err=0.4 deg | spin_err=0.1 deg

-- phase: approach_descend ---------------------------------------------------
  Kp [t1,t2,n]     = [    150.0,     150.0,     150.0] N/m
  Dp [t1,t2,n]     = [    133.7,      94.2,     128.3] Ns/m     auto (factor 1.90)
  KR [t1,t2,n]     = [    300.0,     300.0,      90.0] Nm/rad
  DR [t1,t2,n]     = [     19.8,      32.3,       2.0] Nms/rad  auto (factor 1.90)
  descend to         20 mm clearance at 0.100 m/s
descend:    t=  0.0 s | distance=   0.1 mm | height=+126.2 mm (target 20.0) | force= -0.0 N
descend:    t=  0.2 s | distance=  20.2 mm | height=+115.6 mm (target 20.0) | force=  1.8 N
descend:    t=  0.4 s | distance=  40.3 mm | height=+100.0 mm (target 20.0) | force=  2.3 N
descend:    t=  0.6 s | distance=  60.4 mm | height= +83.0 mm (target 20.0) | force=  1.9 N
descend:    t=  0.8 s | distance=  80.5 mm | height= +65.6 mm (target 20.0) | force=  2.3 N
descend:    t=  1.0 s | distance= 100.6 mm | height= +48.5 mm (target 20.0) | force=  2.2 N
descend:    t=  1.2 s | distance= 120.7 mm | height= +31.2 mm (target 20.0) | force=  1.7 N

Clearance reached: distance=134.0 mm | height=19.9 mm | target=20.0 mm | force=3.6 N
  offset_ee        = [     20.0,      60.0,      20.0] mm
  p_EE_at_contact  = [    519.6,       2.1,      45.0] mm
  contact_point    = [    538.3,     -57.4,       1.3] mm
  edge_offset      = [     18.6,     -59.5,     -43.6] mm

-- phase: setup --------------------------------------------------------------

-- setup impedance -----------------------------------------------------------
  law                wrench = K_TCP*dx + D_TCP*dv
                     K_TCP  = Ad(r_c)^T * blkdiag(Kp,KR) * Ad(r_c)
  Kp [t1,t2,n]     = [   2000.0,    2000.0,     350.0] N/m
  Dp [t1,t2,n]     = [    232.1,     173.1,     112.4] Ns/m     auto
  KR [t1,t2,n]     = [      5.0,       5.0,      50.0] Nm/rad
  DR [t1,t2,n]     = [      1.4,       2.0,       0.9] Nms/rad  auto
  p_c [EE]         = [      0.0,     -60.0,      -0.0] mm       commanded in the tool frame
  r_c [t1,t2,n]    = [      0.0,     -59.8,      -4.5] mm       p_TCP - p_c, in the plane
setup:     t=  0.0 s | tip=  0.0 deg | F=  0.3 N | M=  0.1 Nm (limit 150.0) | contact= 19.8 mm
setup:     t=  0.2 s | tip=  0.9 deg | F=  2.1 N | M=  0.8 Nm (limit 150.0) | contact=  7.5 mm
setup:     t=  0.4 s | tip=  1.5 deg | F= 15.5 N | M=  8.0 Nm (limit 150.0) | contact=  3.3 mm
setup:     t=  0.6 s | tip=  1.6 deg | F= 14.5 N | M=  8.1 Nm (limit 150.0) | contact=  3.3 mm
setup:     t=  0.8 s | tip=  1.6 deg | F= 19.6 N | M= 10.8 Nm (limit 150.0) | contact=  3.4 mm
setup:     t=  1.0 s | tip=  1.7 deg | F= 24.3 N | M= 13.2 Nm (limit 150.0) | contact=  3.5 mm
setup:     t=  1.2 s | tip=  2.0 deg | F= 27.2 N | M= 14.6 Nm (limit 150.0) | contact=  3.7 mm
setup:     t=  1.4 s | tip=  3.6 deg | F= 33.1 N | M= 17.9 Nm (limit 150.0) | contact=  3.7 mm
setup:     t=  1.6 s | tip=  3.8 deg | F= 40.0 N | M= 21.8 Nm (limit 150.0) | contact=  3.7 mm
setup:     t=  1.8 s | tip=  3.8 deg | F= 45.7 N | M= 24.6 Nm (limit 150.0) | contact=  3.9 mm
setup:     t=  2.0 s | tip=  3.8 deg | F= 51.1 N | M= 27.3 Nm (limit 150.0) | contact=  4.0 mm
setup:     t=  2.2 s | tip=  3.8 deg | F= 56.8 N | M= 30.3 Nm (limit 150.0) | contact=  4.2 mm
setup:     t=  2.4 s | tip=  3.8 deg | F= 62.2 N | M= 33.0 Nm (limit 150.0) | contact=  4.3 mm
setup:     t=  2.6 s | tip=  3.8 deg | F= 67.7 N | M= 35.9 Nm (limit 150.0) | contact=  4.4 mm
setup:     t=  2.8 s | tip=  3.8 deg | F= 73.1 N | M= 38.7 Nm (limit 150.0) | contact=  4.5 mm
setup:     t=  3.0 s | tip=  3.8 deg | F= 78.5 N | M= 41.5 Nm (limit 150.0) | contact=  4.7 mm
setup:     t=  3.2 s | tip=  3.8 deg | F= 84.2 N | M= 44.4 Nm (limit 150.0) | contact=  4.8 mm
setup:     t=  3.4 s | tip=  3.8 deg | F= 79.2 N | M= 42.0 Nm (limit 150.0) | contact=  4.7 mm
setup:     t=  3.6 s | tip=  3.8 deg | F= 79.0 N | M= 41.9 Nm (limit 150.0) | contact=  4.7 mm
setup:     t=  3.8 s | tip=  3.8 deg | F= 79.0 N | M= 41.9 Nm (limit 150.0) | contact=  4.7 mm
setup:     t=  4.0 s | tip=  3.8 deg | F= 79.0 N | M= 41.9 Nm (limit 150.0) | contact=  4.7 mm
setup:     t=  4.2 s | tip=  3.8 deg | F= 78.9 N | M= 41.9 Nm (limit 150.0) | contact=  4.7 mm
setup:     t=  4.4 s | tip=  3.8 deg | F= 78.9 N | M= 41.9 Nm (limit 150.0) | contact=  4.7 mm
setup:     t=  4.6 s | tip=  3.8 deg | F= 78.9 N | M= 41.9 Nm (limit 150.0) | contact=  4.7 mm
setup:     t=  4.8 s | tip=  3.8 deg | F= 78.7 N | M= 41.8 Nm (limit 150.0) | contact=  4.7 mm

==============================================================================
  SETUP RESULT
==============================================================================
  stop: time | t=5.0 s | tip=3.8 deg | F=78.8 N | M=41.8 Nm
  contact_from_start = [-3.2, +0.1, -3.5] mm | norm=4.7 mm
  tcp_from_contact  = [-21.1, +60.5, +17.4] mm | norm=66.4 mm
  alignment: before=4.70 deg | after=2.50 deg | gain=+2.20 deg
  alignment components [t1,t2,n] deg: before=[-4.70,-0.15,+0.00] | after=[-1.41,-2.06,+0.00]

-- setup surface-frame breakdown ---------------------------------------------
  frame              alignment-target [tangent1, tangent2, normal]
  force        [N]      = [    +3.86,     -2.64,    -78.68]
  tcp_disp     [mm]     = [    -1.98,     +1.70,    -26.24]
  contact_disp [mm]     = [    -3.09,     +0.24,     -3.55]
  Kp_eff=F/tcp [N/m]    = [  -1950.6,   -1552.7,    2998.8]
  M_contact    [Nm]     = [    -9.96,    +40.13,     -1.55]
  tip_angle    [deg]    = [    +3.29,     -1.93,     +0.30]
  KR_eff=M/ang [Nm/rad] = [   -173.2,   -1190.9,    -291.7]
  frame              tool face [length, width, tool axis]
  M_contact    [Nm]     = [   -40.01,    +10.14,     +2.89]

-- center of compliance ------------------------------------------------------
  definition         r_c = p_TCP - p_c
  p_TCP [x,y,z]    = [    517.2,       3.1,      18.7] mm
  p_c [EE]         = [      0.0,     -60.0,      -0.0] mm
  r_c [t1,t2,n]    = [     -0.4,     -60.0,      -1.1] mm
                     p_c resolved at end of setup

-- effective TCP impedance ---------------------------------------------------
  K_TCP translation = [   1999.5,    1998.7,     351.8] N/m
  K_TCP rotation   = [      6.3,       5.0,      57.1] Nm/rad
  commanded KR was = [      5.0,       5.0,      50.0] Nm/rad   including lever contribution
  D_TCP translation = [    232.0,     173.1,     112.5] Ns/m
  D_TCP rotation   = [      1.8,       2.0,       1.8] Nms/rad
  coupling           max |moment per unit translation| = 120.0 Nm/m (K), 13.9 Nms/m (D)
  eigenvalues        K_TCP 4.98 .. 2007 | D_TCP 0.91 .. 233  (both positive: valid springs)

  K_TCP [N/m, Nm/rad | rows fx..mz, cols tx..rz]:
           tx        ty        tz    |    rx        ry        rz
  fx [    2000  -0.7871   -28.44 |   -1.707   -1.205     -120 ]
  fy [ -0.7871     1999   -45.62 |   -1.521  0.02001   0.9031 ]
  fz [  -28.44   -45.62    351.8 |    21.08  -0.1333    1.687 ]
     ---------------------------+---------------------------
  mx [  -1.707   -1.521    21.08 |    6.277  0.01348   0.8773 ]
  my [  -1.205  0.02001  -0.1333 |  0.01348    5.035    1.316 ]
  mz [    -120   0.9031    1.687 |   0.8773    1.316    57.15 ]

  D_TCP [Ns/m, Nms/rad]:
           tx        ty        tz    |    rx        ry        rz
  fx [     232 -0.05707   -2.062 |  -0.1237  -0.1403   -13.92 ]
  fy [-0.05707    173.1   -1.678 | 0.004673 0.0007531  0.07754 ]
  fz [  -2.062   -1.678    112.5 |    6.749 -0.04692    0.123 ]
     ---------------------------+---------------------------
  mx [ -0.1237 0.004673    6.749 |    1.786 -0.003037 -0.0005991 ]
  my [ -0.1403 0.0007531 -0.04692 | -0.003037    1.968 -0.02072 ]
  mz [  -13.92  0.07754    0.123 | -0.0005991 -0.02072    1.751 ]

[GATE] Set up finished (still pressing). Press Enter to start the grind (e+Enter stops).

Stop requested with e + Enter. Finishing control loop...

-- joint motion [deg] --------------------------------------------------------
  joint       start    final    delta
  q1            0.9      2.1     +1.3
  q2           12.1     30.4    +18.2
  q3           -0.5     -1.5     -1.0
  q4         -130.9   -128.5     +2.4
  q5           -0.1      0.7     +0.8
  q6          142.9    154.3    +11.4
  q7           44.7     45.6     +0.8

==============================================================================
  FINAL RESULT
==============================================================================
  p_d              = [    515.1,      -5.1,    -214.8] mm
  p_EE             = [    517.2,       3.1,      18.7] mm
  e_p              = [     -2.1,      -8.2,    -233.6] mm
  e_R              = [     3.30,     -1.92,      0.30] deg
------------------------------------------------------------------------------
  position error     233.70 mm
  rotation error     3.83 deg
  csv                logs/surface_grinding_controller_log.csv
------------------------------------------------------------------------------
