
==============================================================================
  SURFACE GRINDING CONTROLLER
==============================================================================
  robot              172.16.0.2
  parameters         /home/hm-panda/Desktop/Thesis_Final_Control/surface_grinding_controller/params
------------------------------------------------------------------------------

==============================================================================
  SURFACE GRINDING CONTROLLER - STARTUP MENU
==============================================================================

-- RUN MODES -----------------------------------------------------------------
  s      Run orientation, approach, setup, and grinding
  h      Cartesian pose hold at the initial posture
  t      Cartesian pose hold with the setup impedance
  g      Start manual guidance from the current robot pose

-- ROBOT PREPARATION ---------------------------------------------------------
  i      Move to the configured initial joint posture

-- GRIPPER AND TOOL ----------------------------------------------------------
  o      Open the gripper
  c      Grasp the tool
  r      Recalibrate the gripper with empty fingers
  f      Pick up the tool from the holder
  b      Return the tool to the holder

-- PROGRAM -------------------------------------------------------------------
  e      Exit
------------------------------------------------------------------------------
  During control: e = stop | m = startup menu | g = guidance
------------------------------------------------------------------------------
Selection [s/h/t/g/i/o/c/r/f/b/e]: 
-- SELECTED MODE: PHASE SEQUENCE ---------------------------------------------

-- moving to q_init ----------------------------------------------------------
  case               saved_qinit
  q1..q7 [deg]     = [0.8, 12.1, -0.5, -130.9, -0.2, 142.9, 44.7] deg
  saved_qinit = [0.014777, 0.210911, -0.009320, -2.284835, -0.002725, 2.493410, 0.780694] rad
  q_init reached.

-- start pose ----------------------------------------------------------------
  q_start          = [0.9, 12.1, -0.6, -130.9, -0.1, 142.9, 44.7] deg
  p_start          = [    531.3,       2.5,     156.8] mm

==============================================================================
  RUN
==============================================================================

-- phase: approach_orient ----------------------------------------------------
  Kp [t1,t2,n]     = [    150.0,     150.0,     150.0] N/m
  Dp [t1,t2,n]     = [    133.7,      94.2,     128.3] Ns/m     auto (factor 1.90)
  KR [t1,t2,n]     = [    180.0,     180.0,      90.0] Nm/rad
  DR [t1,t2,n]     = [     15.3,      25.0,       2.0] Nms/rad  auto (factor 1.90)
orient:     t=  0.0 s | axis_err= 12.5 deg | spin_err=  0.5 deg
orient:     t=  0.2 s | axis_err= 11.1 deg | spin_err=  0.5 deg
orient:     t=  0.4 s | axis_err=  8.0 deg | spin_err=  0.3 deg
orient:     t=  0.6 s | axis_err=  4.2 deg | spin_err=  0.0 deg
orient:     t=  0.8 s | axis_err=  1.7 deg | spin_err=  0.0 deg
orient:     t=  1.0 s | axis_err=  1.2 deg | spin_err=  0.0 deg
orient:     t=  1.2 s | axis_err=  1.0 deg | spin_err=  0.0 deg
orient:     t=  1.4 s | axis_err=  0.9 deg | spin_err=  0.0 deg

Orientation reached: axis_err=0.9 deg | spin_err=0.0 deg

-- phase: approach_descend ---------------------------------------------------
  Kp [t1,t2,n]     = [    150.0,     150.0,     150.0] N/m
  Dp [t1,t2,n]     = [    133.7,      94.2,     128.3] Ns/m     auto (factor 1.90)
  KR [t1,t2,n]     = [    180.0,     180.0,      90.0] Nm/rad
  DR [t1,t2,n]     = [     15.3,      25.0,       2.0] Nms/rad  auto (factor 1.90)
  descend to         20 mm clearance at 0.100 m/s
descend:    t=  0.0 s | distance=   0.1 mm | height=+121.3 mm (target 20.0) | force=  0.0 N
descend:    t=  0.2 s | distance=  20.2 mm | height=+110.1 mm (target 20.0) | force=  2.3 N
descend:    t=  0.4 s | distance=  40.3 mm | height= +94.4 mm (target 20.0) | force=  2.2 N
descend:    t=  0.6 s | distance=  60.4 mm | height= +77.6 mm (target 20.0) | force=  0.8 N
descend:    t=  0.8 s | distance=  80.5 mm | height= +60.3 mm (target 20.0) | force=  2.0 N
descend:    t=  1.0 s | distance= 100.6 mm | height= +42.9 mm (target 20.0) | force=  1.7 N
descend:    t=  1.2 s | distance= 120.7 mm | height= +25.6 mm (target 20.0) | force=  2.8 N

Clearance reached: distance=127.2 mm | height=19.9 mm | target=20.0 mm | force=1.6 N
  offset_ee        = [     20.0,      60.0,      20.0] mm
  p_EE_at_contact  = [    501.5,      -0.4,      44.3] mm
  contact_point    = [    516.1,     -61.5,       1.8] mm
  edge_offset      = [     14.7,     -61.1,     -42.5] mm

-- phase: setup --------------------------------------------------------------

-- setup impedance -----------------------------------------------------------
  law                wrench = K_TCP*dx + D_TCP*dv
                     K_TCP  = Ad(r_c)^T * blkdiag(Kp,KR) * Ad(r_c)
  Kp [t1,t2,n]     = [    300.0,    2000.0,     350.0] N/m
  Dp [t1,t2,n]     = [     91.7,     176.4,     110.0] Ns/m     auto
  KR [t1,t2,n]     = [      5.0,       5.0,      50.0] Nm/rad
  DR [t1,t2,n]     = [      1.3,       2.2,       1.2] Nms/rad  auto
  p_c [EE]         = [      0.0,       0.0,       0.0] mm       resolved in the tool frame
  r_c [t1,t2,n]    = [      0.0,       0.0,       0.0] mm       commanded: p_TCP - p_c, in the plane
setup:     t=  0.0 s | ee=  0.0 deg | F=  0.1 N | M=  0.0 Nm (limit 150.0) | contact= 19.9 mm
setup:     t=  0.2 s | ee=  1.1 deg | F=  1.7 N | M=  0.7 Nm (limit 150.0) | contact=  8.7 mm
setup:     t=  0.4 s | ee=  1.7 deg | F= 13.7 N | M=  0.8 Nm (limit 150.0) | contact=  9.4 mm
setup:     t=  0.6 s | ee=  1.7 deg | F= 15.8 N | M=  0.5 Nm (limit 150.0) | contact=  9.4 mm
setup:     t=  0.8 s | ee=  1.8 deg | F= 22.3 N | M=  0.6 Nm (limit 150.0) | contact=  9.5 mm
setup:     t=  1.0 s | ee=  1.8 deg | F= 27.8 N | M=  0.6 Nm (limit 150.0) | contact=  9.8 mm
setup:     t=  1.2 s | ee=  1.8 deg | F= 33.1 N | M=  0.6 Nm (limit 150.0) | contact= 10.1 mm
setup:     t=  1.4 s | ee=  1.9 deg | F= 38.3 N | M=  0.7 Nm (limit 150.0) | contact= 10.5 mm
setup:     t=  1.6 s | ee=  2.0 deg | F= 44.1 N | M=  0.8 Nm (limit 150.0) | contact= 11.0 mm
setup:     t=  1.8 s | ee=  2.1 deg | F= 49.4 N | M=  0.7 Nm (limit 150.0) | contact= 11.8 mm
setup:     t=  2.0 s | ee=  2.4 deg | F= 54.5 N | M=  1.0 Nm (limit 150.0) | contact= 12.8 mm
setup:     t=  2.2 s | ee=  2.5 deg | F= 60.0 N | M=  0.9 Nm (limit 150.0) | contact= 13.9 mm
setup:     t=  2.4 s | ee=  2.6 deg | F= 65.9 N | M=  0.8 Nm (limit 150.0) | contact= 14.7 mm
setup:     t=  2.6 s | ee=  2.6 deg | F= 71.2 N | M=  0.8 Nm (limit 150.0) | contact= 15.0 mm
setup:     t=  2.8 s | ee=  2.6 deg | F= 76.9 N | M=  0.8 Nm (limit 150.0) | contact= 15.1 mm
setup:     t=  3.0 s | ee=  2.6 deg | F= 81.9 N | M=  0.8 Nm (limit 150.0) | contact= 15.2 mm
setup:     t=  3.2 s | ee=  2.6 deg | F= 87.4 N | M=  0.7 Nm (limit 150.0) | contact= 15.3 mm
setup:     t=  3.4 s | ee=  2.6 deg | F= 82.9 N | M=  0.8 Nm (limit 150.0) | contact= 15.2 mm
setup:     t=  3.6 s | ee=  2.6 deg | F= 82.8 N | M=  0.8 Nm (limit 150.0) | contact= 15.2 mm
setup:     t=  3.8 s | ee=  2.6 deg | F= 82.7 N | M=  0.8 Nm (limit 150.0) | contact= 15.2 mm
setup:     t=  4.0 s | ee=  2.6 deg | F= 82.7 N | M=  0.8 Nm (limit 150.0) | contact= 15.2 mm
setup:     t=  4.2 s | ee=  2.6 deg | F= 82.8 N | M=  0.8 Nm (limit 150.0) | contact= 15.2 mm
setup:     t=  4.4 s | ee=  2.6 deg | F= 82.6 N | M=  0.8 Nm (limit 150.0) | contact= 15.2 mm
setup:     t=  4.6 s | ee=  2.6 deg | F= 82.6 N | M=  0.8 Nm (limit 150.0) | contact= 15.2 mm
setup:     t=  4.8 s | ee=  2.6 deg | F= 82.5 N | M=  0.8 Nm (limit 150.0) | contact= 15.2 mm

==============================================================================
  SETUP RESULT
==============================================================================
  stop: time | t=5.0 s | ee=2.6 deg | F=82.5 N | M_TCP=0.8 Nm
  contact_from_start = [-13.3, -0.3, -7.3] mm | norm=15.2 mm
  tcp_from_contact  = [-27.7, +59.7, +16.9] mm | norm=68.0 mm
  deviation: before=10.06 deg | after=12.56 deg | gain=-2.49 deg
  t_align: not reached | tolerance=2.00 deg | hold=0.30 s
  t_align_fraction: not reached | fraction=0.50 of the deviation at contact
  deviation_min: 10.06 deg at t=0.01 s
  align_status: not_aligned
  deviation components [t1,t2,n] deg: before=[-0.72,-10.04,+0.00] | after=[-1.64,-12.45,-0.00]

-- setup surface-frame breakdown ---------------------------------------------
  frame              alignment-target [tangent1, tangent2, normal]
  force        [N]      = [    +3.35,     +1.75,    -82.37]
  tcp_disp     [mm]     = [   -12.60,     -0.65,    -25.82]
  contact_disp [mm]     = [   -13.19,     -0.09,     -7.57]
  Kp_eff=F/tcp [N/m]    = [   -265.5,   -2697.6,    3190.3]
  M_contact    [Nm]     = [    -4.39,     -0.75,     -0.68]
  ee_angle     [deg]    = [    -1.02,     -2.40,     -0.43]
  KR_eff=M/ang [Nm/rad] = [    245.9,      17.9,      89.7]
  frame              tool face [length, width, tool axis]
  M_contact    [Nm]     = [    +0.76,     +4.14,     +1.59]

-- center of compliance ------------------------------------------------------
  definition         r_c = p_TCP - p_c
  p_TCP [x,y,z]    = [    488.4,      -1.7,      18.7] mm
  p_c [EE]         = [     -0.0,      -0.0,       0.0] mm
  r_c [t1,t2,n]    = [      0.0,       0.0,       0.0] mm
                     p_c resolved at end of setup

-- effective TCP impedance ---------------------------------------------------
  K_TCP translation = [    300.0,    1998.7,     351.2] N/m
  K_TCP rotation   = [      5.0,       5.0,      50.0] Nm/rad
  commanded KR was = [      5.0,       5.0,      50.0] Nm/rad   including lever contribution
  D_TCP translation = [     91.7,     176.3,     110.0] Ns/m
  D_TCP rotation   = [      1.3,       2.2,       1.2] Nms/rad
  coupling           max |moment per unit translation| = 0.0 Nm/m (K), 0.0 Nms/m (D)
  eigenvalues        K_TCP 5.00 .. 2000 | D_TCP 1.19 .. 176  (both positive: valid springs)

  K_TCP [N/m, Nm/rad | rows fx..mz, cols tx..rz]:
           tx        ty        tz    |    rx        ry        rz
  fx [     300  0.02385   0.8618 |        0        0        0 ]
  fy [ 0.02385     1999   -45.63 |        0        0        0 ]
  fz [  0.8618   -45.63    351.2 |        0        0        0 ]
     ---------------------------+---------------------------
  mx [       0        0        0 |    5.013  0.02147   0.7756 ]
  my [       0        0        0 |  0.02147    5.034    1.244 ]
  mz [       0        0        0 |   0.7756    1.244    49.95 ]

  D_TCP [Ns/m, Nms/rad]:
           tx        ty        tz    |    rx        ry        rz
  fx [   91.66 0.008746    0.316 |        0        0        0 ]
  fy [0.008746    176.3   -1.836 |        0        0        0 ]
  fz [   0.316   -1.836      110 |        0        0        0 ]
     ---------------------------+---------------------------
  mx [       0        0        0 |    1.295 -4.885e-05 -0.001765 ]
  my [       0        0        0 | -4.885e-05    2.215  -0.0283 ]
  mz [       0        0        0 | -0.001765  -0.0283    1.193 ]

[GATE] Set up finished (still pressing). Press Enter to start the grind (e+Enter stops).

Stop requested with e + Enter. Finishing control loop...

-- joint motion [deg] --------------------------------------------------------
  joint       start    final    delta
  q1            0.9     -0.4     -1.2
  q2           12.1     30.2    +18.0
  q3           -0.6      0.2     +0.8
  q4         -130.9   -126.6     +4.3
  q5           -0.1     -0.7     -0.6
  q6          142.9    141.8     -1.1
  q7           44.7     45.3     +0.5

==============================================================================
  FINAL RESULT
==============================================================================
  p_d              = [    497.0,      -7.6,    -215.5] mm
  p_EE             = [    488.4,      -1.7,      18.7] mm
  e_p              = [      8.6,      -5.8,    -234.2] mm
  e_R              = [    -1.03,     -2.41,     -0.35] deg
------------------------------------------------------------------------------
  position error     234.47 mm
  rotation error     2.64 deg
  csv                logs/surface_grinding_controller_log.csv
------------------------------------------------------------------------------
