
==============================================================================
  SURFACE GRINDING CONTROLLER
==============================================================================
  robot              172.16.0.2
  parameters         /home/hm-panda/Desktop/Thesis_Final_Control/surface_grinding_controller/params
------------------------------------------------------------------------------

==============================================================================
  SURFACE GRINDING CONTROLLER - STARTUP MENU
==============================================================================

-- RUN MODES -----------------------------------------------------------------
  s      Run orientation, approach, setup, and grinding
  h      Cartesian pose hold at the initial posture
  t      Cartesian pose hold with the setup impedance
  g      Start manual guidance from the current robot pose

-- ROBOT PREPARATION ---------------------------------------------------------
  i      Move to the configured initial joint posture

-- GRIPPER AND TOOL ----------------------------------------------------------
  o      Open the gripper
  c      Grasp the tool
  r      Recalibrate the gripper with empty fingers
  f      Pick up the tool from the holder
  b      Return the tool to the holder

-- PROGRAM -------------------------------------------------------------------
  e      Exit
------------------------------------------------------------------------------
  During control: e = stop | m = startup menu | g = guidance
------------------------------------------------------------------------------
Selection [s/h/t/g/i/o/c/r/f/b/e]: 
-- SELECTED MODE: PHASE SEQUENCE ---------------------------------------------

-- moving to q_init ----------------------------------------------------------
  case               saved_qinit
  q1..q7 [deg]     = [0.8, 12.1, -0.5, -130.9, -0.2, 142.9, 44.7] deg
  saved_qinit = [0.014777, 0.210911, -0.009320, -2.284835, -0.002725, 2.493410, 0.780694] rad
  q_init reached.

-- start pose ----------------------------------------------------------------
  q_start          = [0.9, 12.1, -0.5, -130.9, -0.1, 142.9, 44.7] deg
  p_start          = [    531.3,       2.5,     156.9] mm

==============================================================================
  RUN
==============================================================================

-- phase: approach_orient ----------------------------------------------------
  Kp [t1,t2,n]     = [    150.0,     150.0,     150.0] N/m
  Dp [t1,t2,n]     = [    133.7,      94.2,     128.3] Ns/m     auto (factor 1.90)
  KR [t1,t2,n]     = [     90.0,      90.0,      90.0] Nm/rad
  DR [t1,t2,n]     = [     10.8,      17.7,       2.0] Nms/rad  auto (factor 1.90)
orient:     t=  0.0 s | axis_err=  8.6 deg | spin_err=  0.6 deg
orient:     t=  0.2 s | axis_err=  7.9 deg | spin_err=  0.1 deg
orient:     t=  0.4 s | axis_err=  4.8 deg | spin_err=  0.2 deg

Orientation reached: axis_err=2.0 deg | spin_err=0.2 deg

-- phase: approach_descend ---------------------------------------------------
  Kp [t1,t2,n]     = [    150.0,     150.0,     150.0] N/m
  Dp [t1,t2,n]     = [    133.7,      94.2,     128.3] Ns/m     auto (factor 1.90)
  KR [t1,t2,n]     = [     90.0,      90.0,      90.0] Nm/rad
  DR [t1,t2,n]     = [     10.8,      17.7,       2.0] Nms/rad  auto (factor 1.90)
  descend to         20 mm clearance at 0.100 m/s
descend:    t=  0.0 s | distance=   0.1 mm | height=+125.4 mm (target 20.0) | force= -0.0 N
descend:    t=  0.2 s | distance=  20.1 mm | height=+113.4 mm (target 20.0) | force=  1.4 N
descend:    t=  0.4 s | distance=  40.1 mm | height= +97.8 mm (target 20.0) | force=  2.4 N
descend:    t=  0.6 s | distance=  60.2 mm | height= +81.8 mm (target 20.0) | force=  3.0 N
descend:    t=  0.8 s | distance=  80.3 mm | height= +64.5 mm (target 20.0) | force=  2.5 N
descend:    t=  1.0 s | distance= 100.4 mm | height= +47.3 mm (target 20.0) | force=  3.6 N
descend:    t=  1.2 s | distance= 120.5 mm | height= +30.3 mm (target 20.0) | force=  2.3 N

Clearance reached: distance=132.5 mm | height=19.9 mm | target=20.0 mm | force=1.8 N
  offset_ee        = [     20.0,      60.0,      20.0] mm
  p_EE_at_contact  = [    519.1,       1.4,      49.1] mm
  contact_point    = [    537.8,     -56.3,       1.3] mm
  edge_offset      = [     18.7,     -57.7,     -47.7] mm

-- phase: setup --------------------------------------------------------------

-- setup impedance -----------------------------------------------------------
  law                wrench = K_TCP*dx + D_TCP*dv
                     K_TCP  = Ad(r_c)^T * blkdiag(Kp,KR) * Ad(r_c)
  Kp [t1,t2,n]     = [   2000.0,    2000.0,     350.0] N/m
  Dp [t1,t2,n]     = [    230.6,     177.4,     112.4] Ns/m     auto
  KR [t1,t2,n]     = [      5.0,       5.0,      50.0] Nm/rad
  DR [t1,t2,n]     = [      1.5,       1.9,       1.2] Nms/rad  auto
  p_c [EE]         = [      0.0,     -20.0,       0.0] mm       commanded in the tool frame
  r_c [t1,t2,n]    = [     -0.0,     -19.8,      -3.0] mm       p_TCP - p_c, in the plane
setup:     t=  0.0 s | tip=  0.0 deg | F=  0.0 N | M=  0.0 Nm (limit 150.0) | contact= 19.8 mm
setup:     t=  0.2 s | tip=  0.9 deg | F=  1.2 N | M=  1.1 Nm (limit 150.0) | contact=  7.5 mm
setup:     t=  0.4 s | tip=  1.5 deg | F= 19.2 N | M= 10.2 Nm (limit 150.0) | contact=  3.1 mm
setup:     t=  0.6 s | tip=  1.6 deg | F= 16.4 N | M=  9.2 Nm (limit 150.0) | contact=  3.2 mm
setup:     t=  0.8 s | tip=  1.6 deg | F= 21.1 N | M= 11.6 Nm (limit 150.0) | contact=  3.4 mm
setup:     t=  1.0 s | tip=  1.6 deg | F= 27.0 N | M= 14.7 Nm (limit 150.0) | contact=  3.5 mm
setup:     t=  1.2 s | tip=  1.6 deg | F= 33.1 N | M= 17.7 Nm (limit 150.0) | contact=  3.7 mm
setup:     t=  1.4 s | tip=  1.7 deg | F= 38.8 N | M= 20.7 Nm (limit 150.0) | contact=  3.8 mm
setup:     t=  1.6 s | tip=  1.8 deg | F= 43.0 N | M= 22.8 Nm (limit 150.0) | contact=  4.0 mm
setup:     t=  1.8 s | tip=  2.0 deg | F= 51.0 N | M= 26.8 Nm (limit 150.0) | contact=  4.0 mm
setup:     t=  2.0 s | tip=  2.4 deg | F= 53.3 N | M= 28.0 Nm (limit 150.0) | contact=  4.1 mm
setup:     t=  2.2 s | tip=  3.5 deg | F= 58.5 N | M= 30.8 Nm (limit 150.0) | contact=  4.1 mm
setup:     t=  2.4 s | tip=  5.8 deg | F= 62.2 N | M= 32.8 Nm (limit 150.0) | contact=  4.2 mm
setup:     t=  2.6 s | tip=  7.7 deg | F= 67.8 N | M= 36.2 Nm (limit 150.0) | contact=  4.2 mm
setup:     t=  2.8 s | tip=  7.6 deg | F= 73.5 N | M= 39.0 Nm (limit 150.0) | contact=  4.5 mm
setup:     t=  3.0 s | tip=  7.6 deg | F= 78.9 N | M= 41.7 Nm (limit 150.0) | contact=  4.6 mm
setup:     t=  3.2 s | tip=  7.6 deg | F= 84.8 N | M= 44.7 Nm (limit 150.0) | contact=  4.7 mm
setup:     t=  3.4 s | tip=  7.6 deg | F= 79.6 N | M= 42.2 Nm (limit 150.0) | contact=  4.6 mm
setup:     t=  3.6 s | tip=  7.6 deg | F= 79.4 N | M= 42.1 Nm (limit 150.0) | contact=  4.6 mm
setup:     t=  3.8 s | tip=  7.6 deg | F= 79.4 N | M= 42.1 Nm (limit 150.0) | contact=  4.6 mm
setup:     t=  4.0 s | tip=  7.6 deg | F= 79.4 N | M= 42.1 Nm (limit 150.0) | contact=  4.6 mm
setup:     t=  4.2 s | tip=  7.6 deg | F= 79.3 N | M= 42.1 Nm (limit 150.0) | contact=  4.6 mm
setup:     t=  4.4 s | tip=  7.6 deg | F= 79.1 N | M= 42.0 Nm (limit 150.0) | contact=  4.6 mm
setup:     t=  4.6 s | tip=  7.6 deg | F= 79.3 N | M= 42.0 Nm (limit 150.0) | contact=  4.6 mm
setup:     t=  4.8 s | tip=  7.6 deg | F= 79.3 N | M= 42.0 Nm (limit 150.0) | contact=  4.6 mm

==============================================================================
  SETUP RESULT
==============================================================================
  stop: time | t=5.0 s | tip=7.6 deg | F=79.2 N | M=42.0 Nm
  contact_from_start = [-2.7, +0.9, -3.7] mm | norm=4.6 mm
  tcp_from_contact  = [-20.7, +61.2, +17.2] mm | norm=66.9 mm
  alignment: before=8.62 deg | after=3.20 deg | gain=+5.42 deg
  alignment components [t1,t2,n] deg: before=[-8.57,-0.97,-0.00] | after=[-1.24,-2.95,+0.00]

-- setup surface-frame breakdown ---------------------------------------------
  frame              alignment-target [tangent1, tangent2, normal]
  force        [N]      = [    +2.84,     -8.31,    -78.74]
  tcp_disp     [mm]     = [    -1.46,     +4.38,    -30.42]
  contact_disp [mm]     = [    -2.61,     +1.00,     -3.71]
  Kp_eff=F/tcp [N/m]    = [  -1946.9,   -1898.5,    2588.0]
  M_contact    [Nm]     = [    -7.00,    +40.36,     -4.14]
  tip_angle    [deg]    = [    +7.34,     -2.02,     +0.24]
  KR_eff=M/ang [Nm/rad] = [    -54.7,   -1146.2,    -986.6]
  frame              tool face [length, width, tool axis]
  M_contact    [Nm]     = [   -40.19,     +7.12,     +5.37]

-- center of compliance ------------------------------------------------------
  definition         r_c = p_TCP - p_c
  p_TCP [x,y,z]    = [    517.1,       4.9,      18.6] mm
  p_c [EE]         = [      0.0,     -20.0,       0.0] mm
  r_c [t1,t2,n]    = [     -0.2,     -20.0,      -0.4] mm
                     p_c resolved at end of setup

-- effective TCP impedance ---------------------------------------------------
  K_TCP translation = [   1999.5,    1998.7,     351.8] N/m
  K_TCP rotation   = [      5.2,       5.0,      50.8] Nm/rad
  commanded KR was = [      5.0,       5.0,      50.0] Nm/rad   including lever contribution
  D_TCP translation = [    230.5,     177.3,     112.5] Ns/m
  D_TCP rotation   = [      1.5,       1.9,       1.3] Nms/rad
  coupling           max |moment per unit translation| = 40.0 Nm/m (K), 4.6 Nms/m (D)
  eigenvalues        K_TCP 5.00 .. 2001 | D_TCP 1.18 .. 231  (both positive: valid springs)

  K_TCP [N/m, Nm/rad | rows fx..mz, cols tx..rz]:
           tx        ty        tz    |    rx        ry        rz
  fx [    2000  -0.7871   -28.44 |  -0.5688  -0.2575   -39.99 ]
  fy [ -0.7871     1999   -45.62 |  -0.6494   0.0091   0.4099 ]
  fz [  -28.44   -45.62    351.8 |    7.029 -0.06563   0.5597 ]
     ---------------------------+---------------------------
  mx [ -0.5688  -0.6494    7.029 |    5.154  0.02016   0.7868 ]
  my [ -0.2575   0.0091 -0.06563 |  0.02016    5.034    1.249 ]
  mz [  -39.99   0.4099   0.5597 |   0.7868    1.249    50.75 ]

  D_TCP [Ns/m, Nms/rad]:
           tx        ty        tz    |    rx        ry        rz
  fx [   230.5 -0.05637   -2.037 | -0.04074 -0.02993    -4.61 ]
  fy [-0.05637    177.3   -1.796 |  -0.0126 0.0003617   0.0361 ]
  fz [  -2.037   -1.796    112.5 |    2.249 -0.02191  0.04038 ]
     ---------------------------+---------------------------
  mx [-0.04074  -0.0126    2.249 |     1.54 -0.0005869 -0.004562 ]
  my [-0.02993 0.0003617 -0.02191 | -0.0005869    1.876 -0.01859 ]
  mz [   -4.61   0.0361  0.04038 | -0.004562 -0.01859    1.276 ]

[GATE] Set up finished (still pressing). Press Enter to start the grind (e+Enter stops).

Stop requested with e + Enter. Finishing control loop...

-- joint motion [deg] --------------------------------------------------------
  joint       start    final    delta
  q1            0.9      5.6     +4.8
  q2           12.1     30.4    +18.3
  q3           -0.5     -4.4     -3.9
  q4         -130.9   -128.9     +2.0
  q5           -0.1      4.8     +4.9
  q6          142.9    155.2    +12.3
  q7           44.7     42.9     -1.8

==============================================================================
  FINAL RESULT
==============================================================================
  p_d              = [    514.6,      -5.8,    -210.7] mm
  p_EE             = [    517.1,       4.9,      18.5] mm
  e_p              = [     -2.5,     -10.7,    -229.3] mm
  e_R              = [     7.34,     -2.01,      0.17] deg
------------------------------------------------------------------------------
  position error     229.56 mm
  rotation error     7.61 deg
  csv                logs/surface_grinding_controller_log.csv
------------------------------------------------------------------------------
