
==============================================================================
  SURFACE GRINDING CONTROLLER
==============================================================================
  robot              172.16.0.2
  parameters         /home/hm-panda/Desktop/Thesis_Final_Control/surface_grinding_controller/params
------------------------------------------------------------------------------

==============================================================================
  SURFACE GRINDING CONTROLLER - STARTUP MENU
==============================================================================

-- RUN MODES -----------------------------------------------------------------
  s      Run orientation, approach, setup, and grinding
  h      Cartesian pose hold at the initial posture
  t      Cartesian pose hold with the setup impedance
  g      Start manual guidance from the current robot pose

-- ROBOT PREPARATION ---------------------------------------------------------
  i      Move to the configured initial joint posture

-- GRIPPER AND TOOL ----------------------------------------------------------
  o      Open the gripper
  c      Grasp the tool
  r      Recalibrate the gripper with empty fingers
  f      Pick up the tool from the holder
  b      Return the tool to the holder

-- PROGRAM -------------------------------------------------------------------
  e      Exit
------------------------------------------------------------------------------
  During control: e = stop | m = startup menu | g = guidance
------------------------------------------------------------------------------
Selection [s/h/t/g/i/o/c/r/f/b/e]: 
-- SELECTED MODE: PHASE SEQUENCE ---------------------------------------------

-- moving to q_init ----------------------------------------------------------
  case               saved_qinit
  q1..q7 [deg]     = [0.8, 12.1, -0.5, -130.9, -0.2, 142.9, 44.7] deg
  saved_qinit = [0.014777, 0.210911, -0.009320, -2.284835, -0.002725, 2.493410, 0.780694] rad
  q_init reached.

-- start pose ----------------------------------------------------------------
  q_start          = [0.9, 12.1, -0.5, -130.9, -0.1, 142.9, 44.7] deg
  p_start          = [    531.3,       2.5,     156.8] mm

==============================================================================
  RUN
==============================================================================

-- phase: approach_orient ----------------------------------------------------
  Kp [t1,t2,n]     = [    150.0,     150.0,     150.0] N/m
  Dp [t1,t2,n]     = [    133.7,      94.2,     128.3] Ns/m     auto (factor 1.90)
  KR [t1,t2,n]     = [     90.0,      90.0,      90.0] Nm/rad
  DR [t1,t2,n]     = [     10.8,      17.7,       2.0] Nms/rad  auto (factor 1.90)
orient:     t=  0.0 s | axis_err=  6.0 deg | spin_err=  0.6 deg
orient:     t=  0.2 s | axis_err=  5.2 deg | spin_err=  0.4 deg
orient:     t=  0.4 s | axis_err=  3.2 deg | spin_err=  0.0 deg
orient:     t=  0.6 s | axis_err=  2.3 deg | spin_err=  0.0 deg

Orientation reached: axis_err=2.0 deg | spin_err=0.0 deg

-- phase: approach_descend ---------------------------------------------------
  Kp [t1,t2,n]     = [    150.0,     150.0,     150.0] N/m
  Dp [t1,t2,n]     = [    133.7,      94.2,     128.3] Ns/m     auto (factor 1.90)
  KR [t1,t2,n]     = [     90.0,      90.0,      90.0] Nm/rad
  DR [t1,t2,n]     = [     10.8,      17.7,       2.0] Nms/rad  auto (factor 1.90)
  descend to         20 mm clearance at 0.100 m/s
descend:    t=  0.0 s | distance=   0.1 mm | height=+127.3 mm (target 20.0) | force= -0.0 N
descend:    t=  0.2 s | distance=  20.1 mm | height=+115.4 mm (target 20.0) | force=  2.1 N
descend:    t=  0.4 s | distance=  40.2 mm | height= +99.1 mm (target 20.0) | force=  2.5 N
descend:    t=  0.6 s | distance=  60.3 mm | height= +81.9 mm (target 20.0) | force=  2.3 N
descend:    t=  0.8 s | distance=  80.4 mm | height= +64.3 mm (target 20.0) | force=  2.7 N
descend:    t=  1.0 s | distance= 100.5 mm | height= +46.4 mm (target 20.0) | force=  2.2 N
descend:    t=  1.2 s | distance= 120.6 mm | height= +28.7 mm (target 20.0) | force=  2.6 N

Clearance reached: distance=130.5 mm | height=20.0 mm | target=20.0 mm | force=3.1 N
  offset_ee        = [     20.0,      60.0,      20.0] mm
  p_EE_at_contact  = [    507.4,       0.2,      43.2] mm
  contact_point    = [    524.6,     -60.6,       1.7] mm
  edge_offset      = [     17.2,     -60.7,     -41.6] mm

-- phase: setup --------------------------------------------------------------

-- setup impedance -----------------------------------------------------------
  law                wrench = K_TCP*dx + D_TCP*dv
                     K_TCP  = Ad(r_c)^T * blkdiag(Kp,KR) * Ad(r_c)
  Kp [t1,t2,n]     = [   2000.0,    2000.0,     350.0] N/m
  Dp [t1,t2,n]     = [    233.7,     173.4,     112.2] Ns/m     auto
  KR [t1,t2,n]     = [      5.0,       5.0,      50.0] Nm/rad
  DR [t1,t2,n]     = [      1.3,       2.1,       0.9] Nms/rad  auto
  p_c [EE]         = [      0.0,      -0.0,      60.0] mm       commanded in the tool frame
  r_c [t1,t2,n]    = [      5.4,      -1.3,      59.7] mm       p_TCP - p_c, in the plane
setup:     t=  0.0 s | tip=  0.0 deg | F=  0.0 N | M=  0.0 Nm (limit 150.0) | contact= 19.9 mm
setup:     t=  0.2 s | tip=  0.5 deg | F=  0.2 N | M=  0.3 Nm (limit 150.0) | contact=  7.5 mm
setup:     t=  0.4 s | tip=  1.1 deg | F= 19.9 N | M=  9.8 Nm (limit 150.0) | contact=  2.4 mm
setup:     t=  0.6 s | tip=  1.1 deg | F= 15.3 N | M=  8.1 Nm (limit 150.0) | contact=  2.5 mm
setup:     t=  0.8 s | tip=  1.1 deg | F= 20.4 N | M= 10.6 Nm (limit 150.0) | contact=  2.8 mm
setup:     t=  1.0 s | tip=  1.2 deg | F= 26.1 N | M= 13.4 Nm (limit 150.0) | contact=  3.3 mm
setup:     t=  1.2 s | tip=  1.2 deg | F= 31.5 N | M= 16.2 Nm (limit 150.0) | contact=  3.8 mm
setup:     t=  1.4 s | tip=  1.3 deg | F= 36.9 N | M= 18.8 Nm (limit 150.0) | contact=  4.3 mm
setup:     t=  1.6 s | tip=  1.3 deg | F= 42.3 N | M= 21.5 Nm (limit 150.0) | contact=  4.7 mm
setup:     t=  1.8 s | tip=  1.3 deg | F= 48.1 N | M= 24.4 Nm (limit 150.0) | contact=  5.0 mm
setup:     t=  2.0 s | tip=  1.3 deg | F= 53.6 N | M= 27.2 Nm (limit 150.0) | contact=  5.2 mm
setup:     t=  2.2 s | tip=  1.3 deg | F= 59.0 N | M= 29.9 Nm (limit 150.0) | contact=  5.3 mm
setup:     t=  2.4 s | tip=  1.3 deg | F= 64.6 N | M= 32.7 Nm (limit 150.0) | contact=  5.5 mm
setup:     t=  2.6 s | tip=  1.3 deg | F= 70.2 N | M= 35.4 Nm (limit 150.0) | contact=  5.6 mm
setup:     t=  2.8 s | tip=  1.3 deg | F= 75.4 N | M= 38.1 Nm (limit 150.0) | contact=  5.8 mm
setup:     t=  3.0 s | tip=  1.3 deg | F= 81.2 N | M= 41.0 Nm (limit 150.0) | contact=  5.9 mm
setup:     t=  3.2 s | tip=  1.3 deg | F= 86.8 N | M= 43.7 Nm (limit 150.0) | contact=  6.1 mm
setup:     t=  3.4 s | tip=  1.3 deg | F= 82.0 N | M= 41.3 Nm (limit 150.0) | contact=  6.0 mm
setup:     t=  3.6 s | tip=  1.3 deg | F= 81.9 N | M= 41.2 Nm (limit 150.0) | contact=  6.0 mm
setup:     t=  3.8 s | tip=  1.3 deg | F= 81.9 N | M= 41.2 Nm (limit 150.0) | contact=  6.0 mm
setup:     t=  4.0 s | tip=  1.3 deg | F= 81.8 N | M= 41.1 Nm (limit 150.0) | contact=  6.0 mm
setup:     t=  4.2 s | tip=  1.3 deg | F= 81.7 N | M= 41.1 Nm (limit 150.0) | contact=  6.0 mm
setup:     t=  4.4 s | tip=  1.3 deg | F= 81.7 N | M= 41.1 Nm (limit 150.0) | contact=  6.0 mm
setup:     t=  4.6 s | tip=  1.3 deg | F= 81.7 N | M= 41.1 Nm (limit 150.0) | contact=  6.0 mm
setup:     t=  4.8 s | tip=  1.3 deg | F= 81.8 N | M= 41.1 Nm (limit 150.0) | contact=  6.0 mm

==============================================================================
  SETUP RESULT
==============================================================================
  stop: time | t=5.0 s | tip=1.3 deg | F=81.6 N | M=41.0 Nm
  contact_from_start = [-3.2, -0.1, -5.1] mm | norm=6.0 mm
  tcp_from_contact  = [-20.0, +60.2, +17.0] mm | norm=65.7 mm
  alignment: before=5.28 deg | after=6.57 deg | gain=-1.29 deg
  alignment components [t1,t2,n] deg: before=[-1.21,-5.14,+0.00] | after=[-1.30,-6.44,-0.00]

-- setup surface-frame breakdown ---------------------------------------------
  frame              alignment-target [tangent1, tangent2, normal]
  force        [N]      = [    +7.50,     +1.18,    -81.27]
  tcp_disp     [mm]     = [    -2.33,     +0.12,    -24.62]
  contact_disp [mm]     = [    -3.08,     +0.08,     -5.13]
  Kp_eff=F/tcp [N/m]    = [  -3224.8,    9950.4,    3301.0]
  M_contact    [Nm]     = [    -5.89,    +39.81,     -0.17]
  tip_angle    [deg]    = [    -0.06,     -1.31,     +0.22]
  KR_eff=M/ang [Nm/rad] = [   5487.7,   -1747.3,     -45.0]
  frame              tool face [length, width, tool axis]
  M_contact    [Nm]     = [   -39.76,     +6.00,     +1.73]

-- center of compliance ------------------------------------------------------
  definition         r_c = p_TCP - p_c
  p_TCP [x,y,z]    = [    504.6,      -0.4,      18.6] mm
  p_c [EE]         = [     -0.0,      -0.0,      60.0] mm
  r_c [t1,t2,n]    = [      6.7,      -1.4,      59.6] mm
                     p_c resolved at end of setup

-- effective TCP impedance ---------------------------------------------------
  K_TCP translation = [   1999.5,    1998.7,     351.8] N/m
  K_TCP rotation   = [     12.1,      12.2,      50.1] Nm/rad
  commanded KR was = [      5.0,       5.0,      50.0] Nm/rad   including lever contribution
  D_TCP translation = [    233.6,     173.3,     112.3] Ns/m
  D_TCP rotation   = [      1.9,       2.9,       0.9] Nms/rad
  coupling           max |moment per unit translation| = 119.2 Nm/m (K), 13.9 Nms/m (D)
  eigenvalues        K_TCP 4.98 .. 2007 | D_TCP 0.89 .. 234  (both positive: valid springs)

  K_TCP [N/m, Nm/rad | rows fx..mz, cols tx..rz]:
           tx        ty        tz    |    rx        ry        rz
  fx [    2000  -0.7871   -28.44 | -0.03855   -119.2   0.5882 ]
  fy [ -0.7871     1999   -45.62 |    118.9   -0.307    -15.5 ]
  fz [  -28.44   -45.62    351.8 |   -2.817     4.42   0.3455 ]
     ---------------------------+---------------------------
  mx [-0.03855    118.9   -2.817 |    12.09 0.001917  -0.1467 ]
  my [  -119.2   -0.307     4.42 | 0.001917    12.16    1.212 ]
  mz [  0.5882    -15.5   0.3455 |  -0.1467    1.212    50.07 ]

  D_TCP [Ns/m, Nms/rad]:
           tx        ty        tz    |    rx        ry        rz
  fx [   233.6 -0.05795   -2.094 | -0.002838   -13.92  0.06846 ]
  fy [-0.05795    173.3   -1.691 |    10.31 -0.009667   -1.344 ]
  fz [  -2.094   -1.691    112.3 |  -0.1333   0.9952  0.01251 ]
     ---------------------------+---------------------------
  mx [-0.002838    10.31  -0.1333 |    1.915 -0.00106 -0.08701 ]
  my [  -13.92 -0.009667   0.9952 | -0.00106    2.901 -0.03641 ]
  mz [ 0.06846   -1.344  0.01251 | -0.08701 -0.03641   0.9049 ]

[GATE] Set up finished (still pressing). Press Enter to start the grind (e+Enter stops).

Stop requested with e + Enter. Finishing control loop...

-- joint motion [deg] --------------------------------------------------------
  joint       start    final    delta
  q1            0.9      0.4     -0.5
  q2           12.1     29.7    +17.6
  q3           -0.5     -0.3     +0.2
  q4         -130.9   -129.0     +1.9
  q5           -0.1     -0.2     -0.1
  q6          142.9    151.3     +8.4
  q7           44.7     45.7     +1.0

==============================================================================
  FINAL RESULT
==============================================================================
  p_d              = [    502.9,      -7.0,    -216.6] mm
  p_EE             = [    504.6,      -0.4,      18.6] mm
  e_p              = [     -1.7,      -6.6,    -235.2] mm
  e_R              = [    -0.06,     -1.30,      0.26] deg
------------------------------------------------------------------------------
  position error     235.35 mm
  rotation error     1.33 deg
  csv                logs/surface_grinding_controller_log.csv
------------------------------------------------------------------------------
