
==============================================================================
  SURFACE GRINDING CONTROLLER
==============================================================================
  robot              172.16.0.2
  parameters         /home/hm-panda/Desktop/Thesis_Final_Control/surface_grinding_controller/params
------------------------------------------------------------------------------

==============================================================================
  SURFACE GRINDING CONTROLLER - STARTUP MENU
==============================================================================

-- RUN MODES -----------------------------------------------------------------
  s      Run orientation, approach, setup, and grinding
  h      Cartesian pose hold at the initial posture
  t      Cartesian pose hold with the setup impedance
  g      Start manual guidance from the current robot pose

-- ROBOT PREPARATION ---------------------------------------------------------
  i      Move to the configured initial joint posture

-- GRIPPER AND TOOL ----------------------------------------------------------
  o      Open the gripper
  c      Grasp the tool
  r      Recalibrate the gripper with empty fingers
  f      Pick up the tool from the holder
  b      Return the tool to the holder

-- PROGRAM -------------------------------------------------------------------
  e      Exit
------------------------------------------------------------------------------
  During control: e = stop | m = startup menu | g = guidance
------------------------------------------------------------------------------
Selection [s/h/t/g/i/o/c/r/f/b/e]: 
-- SELECTED MODE: PHASE SEQUENCE ---------------------------------------------

-- moving to q_init ----------------------------------------------------------
  case               saved_qinit
  q1..q7 [deg]     = [0.8, 12.1, -0.5, -130.9, -0.2, 142.9, 44.7] deg
  saved_qinit = [0.014777, 0.210911, -0.009320, -2.284835, -0.002725, 2.493410, 0.780694] rad
  q_init reached.

-- start pose ----------------------------------------------------------------
  q_start          = [0.8, 12.1, -0.5, -130.9, -0.2, 142.9, 44.7] deg
  p_start          = [    531.3,       2.4,     156.8] mm

==============================================================================
  RUN
==============================================================================

-- phase: approach_orient ----------------------------------------------------
  Kp [t1,t2,n]     = [    150.0,     150.0,     150.0] N/m
  Dp [t1,t2,n]     = [    133.7,      94.2,     128.3] Ns/m     auto (factor 1.90)
  KR [t1,t2,n]     = [    180.0,     180.0,      90.0] Nm/rad
  DR [t1,t2,n]     = [     15.3,      25.0,       2.0] Nms/rad  auto (factor 1.90)
orient:     t=  0.0 s | axis_err=  7.8 deg | spin_err=  0.9 deg
orient:     t=  0.2 s | axis_err=  6.4 deg | spin_err=  0.7 deg
orient:     t=  0.4 s | axis_err=  3.2 deg | spin_err=  0.3 deg
orient:     t=  0.6 s | axis_err=  1.3 deg | spin_err=  0.2 deg
orient:     t=  0.8 s | axis_err=  1.0 deg | spin_err=  0.2 deg

Orientation reached: axis_err=0.9 deg | spin_err=0.2 deg

-- phase: approach_descend ---------------------------------------------------
  Kp [t1,t2,n]     = [    150.0,     150.0,     150.0] N/m
  Dp [t1,t2,n]     = [    133.7,      94.2,     128.3] Ns/m     auto (factor 1.90)
  KR [t1,t2,n]     = [    180.0,     180.0,      90.0] Nm/rad
  DR [t1,t2,n]     = [     15.3,      25.0,       2.0] Nms/rad  auto (factor 1.90)
  descend to         20 mm clearance at 0.100 m/s
descend:    t=  0.0 s | distance=   0.1 mm | height=+136.9 mm (target 20.0) | force=  0.0 N
descend:    t=  0.2 s | distance=  20.2 mm | height=+125.6 mm (target 20.0) | force=  0.3 N
descend:    t=  0.4 s | distance=  40.3 mm | height=+108.2 mm (target 20.0) | force=  0.7 N
descend:    t=  0.6 s | distance=  60.4 mm | height= +90.0 mm (target 20.0) | force=  0.1 N
descend:    t=  0.8 s | distance=  80.5 mm | height= +71.5 mm (target 20.0) | force=  1.4 N
descend:    t=  1.0 s | distance= 100.6 mm | height= +52.8 mm (target 20.0) | force= -0.9 N
descend:    t=  1.2 s | distance= 120.7 mm | height= +34.3 mm (target 20.0) | force=  0.6 N

Clearance reached: distance=136.2 mm | height=19.9 mm | target=20.0 mm | force=-1.4 N
  offset_ee        = [    -20.0,      60.0,      20.0] mm
  p_EE_at_contact  = [    534.4,      -4.4,      42.9] mm
  contact_point    = [    516.9,     -65.5,       1.9] mm
  edge_offset      = [    -17.6,     -61.0,     -41.0] mm

-- phase: setup --------------------------------------------------------------

-- setup impedance -----------------------------------------------------------
  law                wrench = K_TCP*dx + D_TCP*dv
                     K_TCP  = Ad(r_c)^T * blkdiag(Kp,KR) * Ad(r_c)
  Kp [t1,t2,n]     = [   2000.0,    2000.0,     350.0] N/m
  Dp [t1,t2,n]     = [    227.7,     160.2,     115.6] Ns/m     auto
  KR [t1,t2,n]     = [      5.0,       5.0,      50.0] Nm/rad
  DR [t1,t2,n]     = [      1.6,       1.9,       1.0] Nms/rad  auto
  p_c [EE]         = [     40.0,      -0.0,       0.0] mm       commanded in the tool frame
  r_c [t1,t2,n]    = [    -39.6,      -0.1,      -5.6] mm       p_TCP - p_c, in the plane
setup:     t=  0.0 s | ee=  0.0 deg | F=  0.0 N | M=  0.0 Nm (limit 150.0) | contact= 19.8 mm
setup:     t=  0.2 s | ee=  0.6 deg | F=  2.1 N | M=  0.7 Nm (limit 150.0) | contact=  7.1 mm
setup:     t=  0.4 s | ee=  1.0 deg | F= 13.5 N | M=  0.9 Nm (limit 150.0) | contact=  2.1 mm
setup:     t=  0.6 s | ee=  1.0 deg | F= 16.1 N | M=  0.8 Nm (limit 150.0) | contact=  1.8 mm
setup:     t=  0.8 s | ee=  1.1 deg | F= 22.3 N | M=  0.9 Nm (limit 150.0) | contact=  1.3 mm
setup:     t=  1.0 s | ee=  1.1 deg | F= 28.5 N | M=  1.0 Nm (limit 150.0) | contact=  1.2 mm
setup:     t=  1.2 s | ee=  1.2 deg | F= 34.1 N | M=  1.2 Nm (limit 150.0) | contact=  1.6 mm
setup:     t=  1.4 s | ee=  1.3 deg | F= 40.3 N | M=  1.4 Nm (limit 150.0) | contact=  2.1 mm
setup:     t=  1.6 s | ee=  1.4 deg | F= 46.1 N | M=  1.7 Nm (limit 150.0) | contact=  2.3 mm
setup:     t=  1.8 s | ee=  1.5 deg | F= 51.3 N | M=  1.9 Nm (limit 150.0) | contact=  2.5 mm
setup:     t=  2.0 s | ee=  1.6 deg | F= 56.5 N | M=  2.1 Nm (limit 150.0) | contact=  2.7 mm
setup:     t=  2.2 s | ee=  1.8 deg | F= 62.0 N | M=  2.3 Nm (limit 150.0) | contact=  2.8 mm
setup:     t=  2.4 s | ee=  2.0 deg | F= 67.7 N | M=  2.3 Nm (limit 150.0) | contact=  3.1 mm
setup:     t=  2.6 s | ee=  2.8 deg | F= 72.3 N | M=  2.4 Nm (limit 150.0) | contact=  3.2 mm
setup:     t=  2.8 s | ee=  4.5 deg | F= 77.7 N | M=  2.3 Nm (limit 150.0) | contact=  3.3 mm
setup:     t=  3.0 s | ee=  6.6 deg | F= 82.7 N | M=  2.2 Nm (limit 150.0) | contact=  4.1 mm
setup:     t=  3.2 s | ee=  8.6 deg | F= 85.1 N | M=  2.5 Nm (limit 150.0) | contact=  4.8 mm
setup:     t=  3.4 s | ee= 10.1 deg | F= 81.8 N | M=  2.5 Nm (limit 150.0) | contact=  4.1 mm
setup:     t=  3.6 s | ee= 10.7 deg | F= 80.8 N | M=  2.4 Nm (limit 150.0) | contact=  4.5 mm
setup:     t=  3.8 s | ee= 10.7 deg | F= 81.4 N | M=  2.1 Nm (limit 150.0) | contact=  4.4 mm
setup:     t=  4.0 s | ee= 10.7 deg | F= 81.4 N | M=  2.2 Nm (limit 150.0) | contact=  4.4 mm
setup:     t=  4.2 s | ee= 10.7 deg | F= 81.4 N | M=  2.2 Nm (limit 150.0) | contact=  4.4 mm
setup:     t=  4.4 s | ee= 10.7 deg | F= 81.2 N | M=  2.2 Nm (limit 150.0) | contact=  4.4 mm
setup:     t=  4.6 s | ee= 10.7 deg | F= 81.3 N | M=  2.2 Nm (limit 150.0) | contact=  4.4 mm
setup:     t=  4.8 s | ee= 10.7 deg | F= 81.3 N | M=  2.2 Nm (limit 150.0) | contact=  4.4 mm

==============================================================================
  SETUP RESULT
==============================================================================
  stop: time | t=5.0 s | ee=10.7 deg | F=81.3 N | M_TCP=2.2 Nm
  contact_from_start = [-4.1, -0.5, -1.6] mm | norm=4.5 mm
  tcp_from_contact  = [+17.7, +59.4, +16.7] mm | norm=64.2 mm
  deviation: before=9.59 deg | after=1.96 deg | gain=+7.63 deg
  t_align: 3.18 s | tolerance=2.00 deg | hold=0.30 s
  t_align_fraction: 2.86 s | fraction=0.50 of the deviation at contact
  deviation_min: 1.62 deg at t=3.33 s
  align_status: aligned
  deviation components [t1,t2,n] deg: before=[-0.81,+9.56,+0.00] | after=[-1.63,-1.09,+0.00]

-- setup surface-frame breakdown ---------------------------------------------
  frame              alignment-target [tangent1, tangent2, normal]
  force        [N]      = [    -1.56,     +2.67,    -81.22]
  tcp_disp     [mm]     = [    +0.55,     -0.93,    -24.32]
  contact_disp [mm]     = [    -4.08,     -0.41,     -1.72]
  Kp_eff=F/tcp [N/m]    = [  -2842.3,   -2871.5,    3339.2]
  M_contact    [Nm]     = [    -4.64,     +3.87,     +0.59]
  ee_angle     [deg]    = [    -0.87,    -10.67,     +0.56]
  KR_eff=M/ang [Nm/rad] = [    306.1,     -20.8,      60.4]
  frame              tool face [length, width, tool axis]
  M_contact    [Nm]     = [    -3.84,     +4.68,     -0.39]

-- center of compliance ------------------------------------------------------
  definition         r_c = p_TCP - p_c
  p_TCP [x,y,z]    = [    534.5,      -6.0,      18.6] mm
  p_c [EE]         = [     40.0,       0.0,       0.0] mm
  r_c [t1,t2,n]    = [    -40.0,       0.3,       1.8] mm
                     p_c resolved at end of setup

-- effective TCP impedance ---------------------------------------------------
  K_TCP translation = [   1999.5,    1998.7,     351.8] N/m
  K_TCP rotation   = [      5.0,       5.6,      53.1] Nm/rad
  commanded KR was = [      5.0,       5.0,      50.0] Nm/rad   including lever contribution
  D_TCP translation = [    227.7,     160.1,     115.7] Ns/m
  D_TCP rotation   = [      1.6,       2.1,       1.3] Nms/rad
  coupling           max |moment per unit translation| = 79.8 Nm/m (K), 6.4 Nms/m (D)
  eigenvalues        K_TCP 4.99 .. 2003 | D_TCP 1.01 .. 228  (both positive: valid springs)

  K_TCP [N/m, Nm/rad | rows fx..mz, cols tx..rz]:
           tx        ty        tz    |    rx        ry        rz
  fx [    2000  -0.7871   -28.44 | 0.009609   -3.877   0.7829 ]
  fy [ -0.7871     1999   -45.62 |    5.029    1.823    79.79 ]
  fz [  -28.44   -45.62    351.8 |  -0.2576   -13.97   -1.833 ]
     ---------------------------+---------------------------
  mx [0.009609    5.029  -0.2576 |    5.026  0.03173   0.9763 ]
  my [  -3.877    1.823   -13.97 |  0.03173    5.602    1.315 ]
  mz [  0.7829    79.79   -1.833 |   0.9763    1.315    53.14 ]

  D_TCP [Ns/m, Nms/rad]:
           tx        ty        tz    |    rx        ry        rz
  fx [   227.7  -0.0535   -1.933 | 0.0006531  -0.4937  0.09061 ]
  fy [ -0.0535    160.1   -1.232 |    0.402  0.04932    6.393 ]
  fz [  -1.933   -1.232    115.7 |  -0.0502   -4.613 -0.04997 ]
     ---------------------------+---------------------------
  mx [0.0006531    0.402  -0.0502 |    1.629 0.001708 0.005407 ]
  my [ -0.4937  0.04932   -4.613 | 0.001708    2.125 -0.02392 ]
  mz [ 0.09061    6.393 -0.04997 | 0.005407 -0.02392    1.267 ]

[GATE] Set up finished (still pressing). Press Enter to start the grind (e+Enter stops).

Stop requested with e + Enter. Finishing control loop...

-- joint motion [deg] --------------------------------------------------------
  joint       start    final    delta
  q1            0.8     -0.8     -1.7
  q2           12.1     31.9    +19.8
  q3           -0.5      0.2     +0.7
  q4         -130.9   -125.6     +5.3
  q5           -0.2     -1.1     -0.9
  q6          142.9    154.0    +11.1
  q7           44.7     45.9     +1.1

==============================================================================
  FINAL RESULT
==============================================================================
  p_d              = [    529.9,     -11.6,    -216.9] mm
  p_EE             = [    534.5,      -6.0,      18.6] mm
  e_p              = [     -4.6,      -5.6,    -235.5] mm
  e_R              = [    -0.86,    -10.65,      0.87] deg
------------------------------------------------------------------------------
  position error     235.61 mm
  rotation error     10.72 deg
  csv                logs/surface_grinding_controller_log.csv
------------------------------------------------------------------------------
