
==============================================================================
  SURFACE GRINDING CONTROLLER
==============================================================================
  robot              172.16.0.2
  parameters         /home/hm-panda/Desktop/Thesis_Final_Control/surface_grinding_controller/params
------------------------------------------------------------------------------

==============================================================================
  SURFACE GRINDING CONTROLLER - STARTUP MENU
==============================================================================

-- RUN MODES -----------------------------------------------------------------
  s      Run orientation, approach, setup, and grinding
  h      Cartesian pose hold at the initial posture
  t      Cartesian pose hold with the setup impedance
  g      Start manual guidance from the current robot pose

-- ROBOT PREPARATION ---------------------------------------------------------
  i      Move to the configured initial joint posture

-- GRIPPER AND TOOL ----------------------------------------------------------
  o      Open the gripper
  c      Grasp the tool
  r      Recalibrate the gripper with empty fingers
  f      Pick up the tool from the holder
  b      Return the tool to the holder

-- PROGRAM -------------------------------------------------------------------
  e      Exit
------------------------------------------------------------------------------
  During control: e = stop | m = startup menu | g = guidance
------------------------------------------------------------------------------
Selection [s/h/t/g/i/o/c/r/f/b/e]: 
-- SELECTED MODE: PHASE SEQUENCE ---------------------------------------------

-- moving to q_init ----------------------------------------------------------
  case               saved_qinit
  q1..q7 [deg]     = [0.8, 12.1, -0.5, -130.9, -0.2, 142.9, 44.7] deg
  saved_qinit = [0.014777, 0.210911, -0.009320, -2.284835, -0.002725, 2.493410, 0.780694] rad
  q_init reached.

-- start pose ----------------------------------------------------------------
  q_start          = [0.8, 12.1, -0.5, -130.9, -0.2, 142.9, 44.7] deg
  p_start          = [    531.3,       2.5,     156.8] mm

==============================================================================
  RUN
==============================================================================

-- phase: approach_orient ----------------------------------------------------
  Kp [t1,t2,n]     = [    150.0,     150.0,     150.0] N/m
  Dp [t1,t2,n]     = [    133.7,      94.2,     128.3] Ns/m     auto (factor 1.90)
  KR [t1,t2,n]     = [    180.0,     180.0,      90.0] Nm/rad
  DR [t1,t2,n]     = [     15.3,      25.0,       2.0] Nms/rad  auto (factor 1.90)
orient:     t=  0.0 s | axis_err=  7.9 deg | spin_err=  0.9 deg
orient:     t=  0.2 s | axis_err=  6.5 deg | spin_err=  0.7 deg
orient:     t=  0.4 s | axis_err=  3.3 deg | spin_err=  0.3 deg
orient:     t=  0.6 s | axis_err=  1.4 deg | spin_err=  0.2 deg
orient:     t=  0.8 s | axis_err=  1.1 deg | spin_err=  0.2 deg
orient:     t=  1.0 s | axis_err=  1.0 deg | spin_err=  0.2 deg
orient:     t=  1.2 s | axis_err=  1.0 deg | spin_err=  0.2 deg
orient:     t=  1.4 s | axis_err=  1.0 deg | spin_err=  0.2 deg
orient:     t=  1.6 s | axis_err=  1.0 deg | spin_err=  0.2 deg
orient:     t=  1.8 s | axis_err=  1.0 deg | spin_err=  0.2 deg
orient:     t=  2.0 s | axis_err=  1.0 deg | spin_err=  0.2 deg
orient:     t=  2.2 s | axis_err=  1.0 deg | spin_err=  0.2 deg
orient:     t=  2.4 s | axis_err=  1.0 deg | spin_err=  0.2 deg
orient:     t=  2.6 s | axis_err=  1.0 deg | spin_err=  0.2 deg
orient:     t=  2.8 s | axis_err=  1.0 deg | spin_err=  0.2 deg
orient:     t=  3.0 s | axis_err=  1.0 deg | spin_err=  0.2 deg
orient:     t=  3.2 s | axis_err=  1.0 deg | spin_err=  0.2 deg
orient:     t=  3.4 s | axis_err=  1.0 deg | spin_err=  0.2 deg
orient:     t=  3.6 s | axis_err=  1.0 deg | spin_err=  0.2 deg
orient:     t=  3.8 s | axis_err=  1.0 deg | spin_err=  0.2 deg
orient:     t=  4.0 s | axis_err=  1.0 deg | spin_err=  0.2 deg
orient:     t=  4.2 s | axis_err=  1.0 deg | spin_err=  0.2 deg
orient:     t=  4.4 s | axis_err=  1.0 deg | spin_err=  0.2 deg
orient:     t=  4.6 s | axis_err=  1.0 deg | spin_err=  0.2 deg
orient:     t=  4.8 s | axis_err=  1.0 deg | spin_err=  0.2 deg
orient:     t=  5.0 s | axis_err=  1.0 deg | spin_err=  0.2 deg
orient:     t=  5.2 s | axis_err=  1.0 deg | spin_err=  0.2 deg
orient:     t=  5.4 s | axis_err=  1.0 deg | spin_err=  0.2 deg
orient:     t=  5.6 s | axis_err=  1.0 deg | spin_err=  0.2 deg
orient:     t=  5.8 s | axis_err=  1.0 deg | spin_err=  0.2 deg
orient:     t=  6.0 s | axis_err=  1.0 deg | spin_err=  0.2 deg
orient:     t=  6.2 s | axis_err=  1.0 deg | spin_err=  0.2 deg
orient:     t=  6.4 s | axis_err=  1.0 deg | spin_err=  0.2 deg
orient:     t=  6.6 s | axis_err=  1.0 deg | spin_err=  0.2 deg
orient:     t=  6.8 s | axis_err=  1.0 deg | spin_err=  0.2 deg
orient:     t=  7.0 s | axis_err=  1.0 deg | spin_err=  0.2 deg
orient:     t=  7.2 s | axis_err=  1.0 deg | spin_err=  0.2 deg
orient:     t=  7.4 s | axis_err=  1.0 deg | spin_err=  0.2 deg
orient:     t=  7.6 s | axis_err=  1.0 deg | spin_err=  0.2 deg
orient:     t=  7.8 s | axis_err=  1.0 deg | spin_err=  0.2 deg

Orientation settled short of the 0.9 deg gate after 8.0 s: axis_err=1.0 deg | spin_err=0.2 deg

-- phase: approach_descend ---------------------------------------------------
  Kp [t1,t2,n]     = [    150.0,     150.0,     150.0] N/m
  Dp [t1,t2,n]     = [    133.7,      94.2,     128.3] Ns/m     auto (factor 1.90)
  KR [t1,t2,n]     = [    180.0,     180.0,      90.0] Nm/rad
  DR [t1,t2,n]     = [     15.3,      25.0,       2.0] Nms/rad  auto (factor 1.90)
  descend to         20 mm clearance at 0.100 m/s
descend:    t=  0.0 s | distance=   0.1 mm | height=+138.5 mm (target 20.0) | force= -0.0 N
descend:    t=  0.2 s | distance=  20.2 mm | height=+127.6 mm (target 20.0) | force=  0.2 N
descend:    t=  0.4 s | distance=  40.3 mm | height=+110.2 mm (target 20.0) | force=  0.5 N
descend:    t=  0.6 s | distance=  60.4 mm | height= +92.1 mm (target 20.0) | force=  1.0 N
descend:    t=  0.8 s | distance=  80.5 mm | height= +73.3 mm (target 20.0) | force=  0.1 N
descend:    t=  1.0 s | distance= 100.6 mm | height= +54.3 mm (target 20.0) | force= -1.2 N
descend:    t=  1.2 s | distance= 120.7 mm | height= +35.2 mm (target 20.0) | force=  0.9 N

Clearance reached: distance=136.8 mm | height=20.0 mm | target=20.0 mm | force=-0.9 N
  offset_ee        = [    -20.0,      60.0,      20.0] mm
  p_EE_at_contact  = [    537.0,      -3.8,      43.0] mm
  contact_point    = [    519.5,     -64.8,       1.9] mm
  edge_offset      = [    -17.6,     -61.0,     -41.1] mm

-- phase: setup --------------------------------------------------------------

-- setup impedance -----------------------------------------------------------
  law                wrench = K_TCP*dx + D_TCP*dv
                     K_TCP  = Ad(r_c)^T * blkdiag(Kp,KR) * Ad(r_c)
  Kp [t1,t2,n]     = [   2000.0,    2000.0,     350.0] N/m
  Dp [t1,t2,n]     = [    228.0,     160.5,     115.3] Ns/m     auto
  KR [t1,t2,n]     = [      5.0,       5.0,      50.0] Nm/rad
  DR [t1,t2,n]     = [      1.6,       1.9,       1.0] Nms/rad  auto
  p_c [EE]         = [     10.0,       0.0,      -0.0] mm       commanded in the tool frame
  r_c [t1,t2,n]    = [     -9.9,      -0.0,      -1.4] mm       p_TCP - p_c, in the plane
setup:     t=  0.0 s | ee=  0.0 deg | F=  0.1 N | M=  0.0 Nm (limit 150.0) | contact= 19.9 mm
setup:     t=  0.2 s | ee=  0.7 deg | F=  1.2 N | M=  0.7 Nm (limit 150.0) | contact=  6.7 mm
setup:     t=  0.4 s | ee=  0.9 deg | F= 11.3 N | M=  0.7 Nm (limit 150.0) | contact=  3.5 mm
setup:     t=  0.6 s | ee=  1.0 deg | F= 16.2 N | M=  0.6 Nm (limit 150.0) | contact=  3.0 mm
setup:     t=  0.8 s | ee=  1.0 deg | F= 21.6 N | M=  0.6 Nm (limit 150.0) | contact=  2.1 mm
setup:     t=  1.0 s | ee=  1.0 deg | F= 27.6 N | M=  0.5 Nm (limit 150.0) | contact=  0.9 mm
setup:     t=  1.2 s | ee=  1.0 deg | F= 33.5 N | M=  0.6 Nm (limit 150.0) | contact=  1.3 mm
setup:     t=  1.4 s | ee=  1.1 deg | F= 39.0 N | M=  0.7 Nm (limit 150.0) | contact=  2.3 mm
setup:     t=  1.6 s | ee=  1.2 deg | F= 45.5 N | M=  0.7 Nm (limit 150.0) | contact=  2.9 mm
setup:     t=  1.8 s | ee=  1.2 deg | F= 50.9 N | M=  0.9 Nm (limit 150.0) | contact=  3.0 mm
setup:     t=  2.0 s | ee=  1.2 deg | F= 56.4 N | M=  1.0 Nm (limit 150.0) | contact=  3.1 mm
setup:     t=  2.2 s | ee=  1.3 deg | F= 61.8 N | M=  1.1 Nm (limit 150.0) | contact=  3.2 mm
setup:     t=  2.4 s | ee=  1.3 deg | F= 67.4 N | M=  1.1 Nm (limit 150.0) | contact=  3.3 mm
setup:     t=  2.6 s | ee=  1.3 deg | F= 73.0 N | M=  1.3 Nm (limit 150.0) | contact=  3.5 mm
setup:     t=  2.8 s | ee=  1.3 deg | F= 78.2 N | M=  1.4 Nm (limit 150.0) | contact=  3.6 mm
setup:     t=  3.0 s | ee=  1.3 deg | F= 84.1 N | M=  1.5 Nm (limit 150.0) | contact=  3.7 mm
setup:     t=  3.2 s | ee=  1.3 deg | F= 89.8 N | M=  1.5 Nm (limit 150.0) | contact=  3.9 mm
setup:     t=  3.4 s | ee=  1.4 deg | F= 84.6 N | M=  1.6 Nm (limit 150.0) | contact=  3.8 mm
setup:     t=  3.6 s | ee=  1.4 deg | F= 84.3 N | M=  1.6 Nm (limit 150.0) | contact=  3.8 mm
setup:     t=  3.8 s | ee=  1.4 deg | F= 84.5 N | M=  1.6 Nm (limit 150.0) | contact=  3.8 mm
setup:     t=  4.0 s | ee=  1.4 deg | F= 84.3 N | M=  1.6 Nm (limit 150.0) | contact=  3.8 mm
setup:     t=  4.2 s | ee=  1.4 deg | F= 84.2 N | M=  1.6 Nm (limit 150.0) | contact=  3.8 mm
setup:     t=  4.4 s | ee=  1.4 deg | F= 84.2 N | M=  1.6 Nm (limit 150.0) | contact=  3.8 mm
setup:     t=  4.6 s | ee=  1.4 deg | F= 84.1 N | M=  1.6 Nm (limit 150.0) | contact=  3.8 mm
setup:     t=  4.8 s | ee=  1.4 deg | F= 84.1 N | M=  1.6 Nm (limit 150.0) | contact=  3.8 mm

==============================================================================
  SETUP RESULT
==============================================================================
  stop: time | t=5.0 s | ee=1.4 deg | F=84.1 N | M_TCP=1.6 Nm
  contact_from_start = [+1.6, -0.5, -3.4] mm | norm=3.8 mm
  tcp_from_contact  = [+20.0, +59.6, +17.7] mm | norm=65.3 mm
  deviation: before=9.54 deg | after=8.46 deg | gain=+1.09 deg
  t_align: not reached | tolerance=2.00 deg | hold=0.30 s
  t_align_fraction: not reached | fraction=0.50 of the deviation at contact
  deviation_min: 8.46 deg at t=4.99 s
  align_status: not_aligned
  deviation components [t1,t2,n] deg: before=[-0.90,+9.50,+0.00] | after=[-1.14,+8.38,+0.00]

-- setup surface-frame breakdown ---------------------------------------------
  frame              alignment-target [tangent1, tangent2, normal]
  force        [N]      = [    -5.52,     +3.06,    -83.82]
  tcp_disp     [mm]     = [    +2.80,     -0.78,    -23.37]
  contact_disp [mm]     = [    +1.65,     -0.44,     -3.42]
  Kp_eff=F/tcp [N/m]    = [  -1972.5,   -3918.2,    3586.3]
  M_contact    [Nm]     = [    -6.17,     +2.46,     +0.71]
  ee_angle     [deg]    = [    -0.34,     -1.13,     +0.67]
  KR_eff=M/ang [Nm/rad] = [   1035.2,    -124.5,      61.4]
  frame              tool face [length, width, tool axis]
  M_contact    [Nm]     = [    -2.43,     +6.03,     -1.56]

-- center of compliance ------------------------------------------------------
  definition         r_c = p_TCP - p_c
  p_TCP [x,y,z]    = [    539.4,      -5.2,      19.6] mm
  p_c [EE]         = [     10.0,       0.0,       0.0] mm
  r_c [t1,t2,n]    = [     -9.9,       0.1,      -1.2] mm
                     p_c resolved at end of setup

-- effective TCP impedance ---------------------------------------------------
  K_TCP translation = [   1999.5,    1998.7,     351.8] N/m
  K_TCP rotation   = [      5.0,       5.1,      50.1] Nm/rad
  commanded KR was = [      5.0,       5.0,      50.0] Nm/rad   including lever contribution
  D_TCP translation = [    228.0,     160.5,     115.4] Ns/m
  D_TCP rotation   = [      1.6,       1.9,       1.0] Nms/rad
  coupling           max |moment per unit translation| = 19.9 Nm/m (K), 1.6 Nms/m (D)
  eigenvalues        K_TCP 5.00 .. 2000 | D_TCP 1.00 .. 228  (both positive: valid springs)

  K_TCP [N/m, Nm/rad | rows fx..mz, cols tx..rz]:
           tx        ty        tz    |    rx        ry        rz
  fx [    2000  -0.7871   -28.44 | 0.002867    2.332   0.1371 ]
  fy [ -0.7871     1999   -45.62 |   -2.045    0.453    19.88 ]
  fz [  -28.44   -45.62    351.8 |  0.02126   -3.528  -0.4558 ]
     ---------------------------+---------------------------
  mx [0.002867   -2.045  0.02126 |    5.015  0.02126   0.7553 ]
  my [   2.332    0.453   -3.528 |  0.02126    5.072    1.249 ]
  mz [  0.1371    19.88  -0.4558 |   0.7553    1.249    50.15 ]

  D_TCP [Ns/m, Nms/rad]:
           tx        ty        tz    |    rx        ry        rz
  fx [     228 -0.05377   -1.943 | 0.0001959   0.2529  0.01598 ]
  fy [-0.05377    160.5    -1.25 |  -0.1644  0.01238    1.596 ]
  fz [  -1.943    -1.25    115.4 | -0.007078   -1.149 -0.01257 ]
     ---------------------------+---------------------------
  mx [0.0001959  -0.1644 -0.007078 |     1.61 -0.0002181 -0.01206 ]
  my [  0.2529  0.01238   -1.149 | -0.0002181     1.95 -0.02569 ]
  mz [ 0.01598    1.596 -0.01257 | -0.01206 -0.02569    1.021 ]

[GATE] Set up finished (still pressing). Press Enter to start the grind (e+Enter stops).

Stop requested with e + Enter. Finishing control loop...

-- joint motion [deg] --------------------------------------------------------
  joint       start    final    delta
  q1            0.8      0.6     -0.2
  q2           12.1     31.3    +19.1
  q3           -0.5     -1.1     -0.6
  q4         -130.9   -130.9     -0.0
  q5           -0.2     -1.1     -0.9
  q6          142.9    168.1    +25.2
  q7           44.7     46.2     +1.5

==============================================================================
  FINAL RESULT
==============================================================================
  p_d              = [    532.6,     -11.0,    -216.9] mm
  p_EE             = [    539.4,      -5.2,      19.6] mm
  e_p              = [     -6.9,      -5.8,    -236.4] mm
  e_R              = [    -0.33,     -1.11,      0.70] deg
------------------------------------------------------------------------------
  position error     236.61 mm
  rotation error     1.36 deg
  csv                logs/surface_grinding_controller_log.csv
------------------------------------------------------------------------------
