
==============================================================================
  SURFACE GRINDING CONTROLLER
==============================================================================
  robot              172.16.0.2
  parameters         /home/hm-panda/Desktop/Thesis_Final_Control/surface_grinding_controller/params
------------------------------------------------------------------------------

==============================================================================
  SURFACE GRINDING CONTROLLER - STARTUP MENU
==============================================================================

-- RUN MODES -----------------------------------------------------------------
  s      Run orientation, approach, setup, and grinding
  h      Cartesian pose hold at the initial posture
  t      Cartesian pose hold with the setup impedance
  g      Start manual guidance from the current robot pose

-- ROBOT PREPARATION ---------------------------------------------------------
  i      Move to the configured initial joint posture

-- GRIPPER AND TOOL ----------------------------------------------------------
  o      Open the gripper
  c      Grasp the tool
  r      Recalibrate the gripper with empty fingers
  f      Pick up the tool from the holder
  b      Return the tool to the holder

-- PROGRAM -------------------------------------------------------------------
  e      Exit
------------------------------------------------------------------------------
  During control: e = stop | m = startup menu | g = guidance
------------------------------------------------------------------------------
Selection [s/h/t/g/i/o/c/r/f/b/e]: 
-- SELECTED MODE: PHASE SEQUENCE ---------------------------------------------

-- moving to q_init ----------------------------------------------------------
  case               saved_qinit
  q1..q7 [deg]     = [0.8, 12.1, -0.5, -130.9, -0.2, 142.9, 44.7] deg
  saved_qinit = [0.014777, 0.210911, -0.009320, -2.284835, -0.002725, 2.493410, 0.780694] rad
  q_init reached.

-- start pose ----------------------------------------------------------------
  q_start          = [0.8, 12.1, -0.5, -130.9, -0.2, 142.8, 44.7] deg
  p_start          = [    531.2,       2.4,     156.8] mm

==============================================================================
  RUN
==============================================================================

-- phase: approach_orient ----------------------------------------------------
  Kp [t1,t2,n]     = [    150.0,     150.0,     150.0] N/m
  Dp [t1,t2,n]     = [    133.7,      94.2,     128.3] Ns/m     auto (factor 1.90)
  KR [t1,t2,n]     = [    180.0,     180.0,      90.0] Nm/rad
  DR [t1,t2,n]     = [     15.3,      25.0,       2.0] Nms/rad  auto (factor 1.90)
orient:     t=  0.0 s | axis_err=  7.9 deg | spin_err=  0.9 deg
orient:     t=  0.2 s | axis_err=  6.5 deg | spin_err=  0.7 deg
orient:     t=  0.4 s | axis_err=  3.3 deg | spin_err=  0.4 deg
orient:     t=  0.6 s | axis_err=  1.5 deg | spin_err=  0.2 deg
orient:     t=  0.8 s | axis_err=  1.1 deg | spin_err=  0.2 deg
orient:     t=  1.0 s | axis_err=  1.0 deg | spin_err=  0.2 deg
orient:     t=  1.2 s | axis_err=  1.0 deg | spin_err=  0.2 deg
orient:     t=  1.4 s | axis_err=  1.0 deg | spin_err=  0.2 deg
orient:     t=  1.6 s | axis_err=  1.0 deg | spin_err=  0.2 deg
orient:     t=  1.8 s | axis_err=  1.0 deg | spin_err=  0.2 deg
orient:     t=  2.0 s | axis_err=  1.0 deg | spin_err=  0.2 deg
orient:     t=  2.2 s | axis_err=  1.0 deg | spin_err=  0.2 deg
orient:     t=  2.4 s | axis_err=  1.0 deg | spin_err=  0.2 deg
orient:     t=  2.6 s | axis_err=  1.0 deg | spin_err=  0.2 deg
orient:     t=  2.8 s | axis_err=  1.0 deg | spin_err=  0.2 deg
orient:     t=  3.0 s | axis_err=  1.0 deg | spin_err=  0.2 deg
orient:     t=  3.2 s | axis_err=  1.0 deg | spin_err=  0.2 deg
orient:     t=  3.4 s | axis_err=  1.0 deg | spin_err=  0.2 deg
orient:     t=  3.6 s | axis_err=  1.0 deg | spin_err=  0.2 deg
orient:     t=  3.8 s | axis_err=  1.0 deg | spin_err=  0.2 deg
orient:     t=  4.0 s | axis_err=  1.0 deg | spin_err=  0.2 deg
orient:     t=  4.2 s | axis_err=  1.0 deg | spin_err=  0.2 deg
orient:     t=  4.4 s | axis_err=  1.0 deg | spin_err=  0.2 deg
orient:     t=  4.6 s | axis_err=  1.0 deg | spin_err=  0.2 deg
orient:     t=  4.8 s | axis_err=  1.0 deg | spin_err=  0.2 deg
orient:     t=  5.0 s | axis_err=  1.0 deg | spin_err=  0.2 deg
orient:     t=  5.2 s | axis_err=  1.0 deg | spin_err=  0.2 deg
orient:     t=  5.4 s | axis_err=  1.0 deg | spin_err=  0.2 deg
orient:     t=  5.6 s | axis_err=  1.0 deg | spin_err=  0.2 deg
orient:     t=  5.8 s | axis_err=  1.0 deg | spin_err=  0.2 deg
orient:     t=  6.0 s | axis_err=  1.0 deg | spin_err=  0.2 deg
orient:     t=  6.2 s | axis_err=  1.0 deg | spin_err=  0.2 deg
orient:     t=  6.4 s | axis_err=  1.0 deg | spin_err=  0.2 deg
orient:     t=  6.6 s | axis_err=  1.0 deg | spin_err=  0.2 deg
orient:     t=  6.8 s | axis_err=  1.0 deg | spin_err=  0.2 deg
orient:     t=  7.0 s | axis_err=  1.0 deg | spin_err=  0.2 deg
orient:     t=  7.2 s | axis_err=  1.0 deg | spin_err=  0.2 deg
orient:     t=  7.4 s | axis_err=  1.0 deg | spin_err=  0.2 deg
orient:     t=  7.6 s | axis_err=  1.0 deg | spin_err=  0.2 deg
orient:     t=  7.8 s | axis_err=  1.0 deg | spin_err=  0.2 deg

Orientation settled short of the 0.9 deg gate after 8.0 s: axis_err=1.0 deg | spin_err=0.2 deg

-- phase: approach_descend ---------------------------------------------------
  Kp [t1,t2,n]     = [    150.0,     150.0,     150.0] N/m
  Dp [t1,t2,n]     = [    133.7,      94.2,     128.3] Ns/m     auto (factor 1.90)
  KR [t1,t2,n]     = [    180.0,     180.0,      90.0] Nm/rad
  DR [t1,t2,n]     = [     15.3,      25.0,       2.0] Nms/rad  auto (factor 1.90)
  descend to         20 mm clearance at 0.100 m/s
descend:    t=  0.0 s | distance=   0.1 mm | height=+138.1 mm (target 20.0) | force=  0.0 N
descend:    t=  0.2 s | distance=  20.2 mm | height=+127.2 mm (target 20.0) | force=  0.4 N
descend:    t=  0.4 s | distance=  40.3 mm | height=+110.1 mm (target 20.0) | force= -0.6 N
descend:    t=  0.6 s | distance=  60.4 mm | height= +92.2 mm (target 20.0) | force=  0.0 N
descend:    t=  0.8 s | distance=  80.5 mm | height= +73.7 mm (target 20.0) | force=  0.9 N
descend:    t=  1.0 s | distance= 100.6 mm | height= +55.0 mm (target 20.0) | force= -0.7 N
descend:    t=  1.2 s | distance= 120.7 mm | height= +36.1 mm (target 20.0) | force= -0.1 N

Clearance reached: distance=138.0 mm | height=19.9 mm | target=20.0 mm | force=-0.7 N
  offset_ee        = [    -20.0,      60.0,      20.0] mm
  p_EE_at_contact  = [    535.4,      -4.4,      42.9] mm
  contact_point    = [    517.8,     -65.4,       1.9] mm
  edge_offset      = [    -17.6,     -61.0,     -41.0] mm

-- phase: setup --------------------------------------------------------------

-- setup impedance -----------------------------------------------------------
  law                wrench = K_TCP*dx + D_TCP*dv
                     K_TCP  = Ad(r_c)^T * blkdiag(Kp,KR) * Ad(r_c)
  Kp [t1,t2,n]     = [   2000.0,    2000.0,     350.0] N/m
  Dp [t1,t2,n]     = [    227.8,     160.4,     115.5] Ns/m     auto
  KR [t1,t2,n]     = [      5.0,       5.0,      50.0] Nm/rad
  DR [t1,t2,n]     = [      1.6,       1.9,       1.0] Nms/rad  auto
  p_c [EE]         = [     80.0,      -0.0,       0.0] mm       commanded in the tool frame
  r_c [t1,t2,n]    = [    -79.2,      -0.2,     -11.2] mm       p_TCP - p_c, in the plane
setup:     t=  0.0 s | ee=  0.0 deg | F=  0.1 N | M=  0.0 Nm (limit 150.0) | contact= 19.8 mm
setup:     t=  0.2 s | ee=  0.7 deg | F=  1.9 N | M=  0.8 Nm (limit 150.0) | contact=  7.1 mm
setup:     t=  0.4 s | ee=  1.1 deg | F= 11.8 N | M=  1.4 Nm (limit 150.0) | contact=  3.7 mm
setup:     t=  0.6 s | ee=  1.1 deg | F= 16.0 N | M=  1.6 Nm (limit 150.0) | contact=  3.2 mm
setup:     t=  0.8 s | ee=  1.2 deg | F= 21.8 N | M=  1.8 Nm (limit 150.0) | contact=  2.4 mm
setup:     t=  1.0 s | ee=  1.4 deg | F= 27.6 N | M=  1.9 Nm (limit 150.0) | contact=  1.2 mm
setup:     t=  1.2 s | ee=  2.0 deg | F= 32.1 N | M=  1.9 Nm (limit 150.0) | contact=  0.5 mm
setup:     t=  1.4 s | ee=  4.4 deg | F= 35.6 N | M=  1.7 Nm (limit 150.0) | contact=  1.6 mm
setup:     t=  1.6 s | ee=  7.0 deg | F= 39.1 N | M=  2.3 Nm (limit 150.0) | contact=  2.8 mm
setup:     t=  1.8 s | ee=  8.9 deg | F= 43.4 N | M=  2.6 Nm (limit 150.0) | contact=  3.7 mm
setup:     t=  2.0 s | ee= 10.6 deg | F= 48.7 N | M=  2.6 Nm (limit 150.0) | contact=  4.5 mm
setup:     t=  2.2 s | ee= 12.6 deg | F= 55.0 N | M=  2.5 Nm (limit 150.0) | contact=  4.2 mm
setup:     t=  2.4 s | ee= 15.2 deg | F= 58.7 N | M=  2.7 Nm (limit 150.0) | contact=  4.3 mm
setup:     t=  2.6 s | ee= 17.9 deg | F= 59.5 N | M=  2.8 Nm (limit 150.0) | contact=  5.4 mm
setup:     t=  2.8 s | ee= 20.4 deg | F= 65.9 N | M=  3.1 Nm (limit 150.0) | contact=  5.3 mm
setup:     t=  3.0 s | ee= 22.7 deg | F= 72.6 N | M=  3.3 Nm (limit 150.0) | contact=  6.1 mm
setup:     t=  3.2 s | ee= 24.7 deg | F= 74.7 N | M=  2.8 Nm (limit 150.0) | contact=  6.3 mm
setup:     t=  3.4 s | ee= 26.3 deg | F= 72.3 N | M=  3.2 Nm (limit 150.0) | contact=  6.8 mm
setup:     t=  3.6 s | ee= 27.2 deg | F= 70.3 N | M=  2.6 Nm (limit 150.0) | contact=  7.0 mm
setup:     t=  3.8 s | ee= 27.6 deg | F= 72.6 N | M=  2.9 Nm (limit 150.0) | contact=  7.2 mm
setup:     t=  4.0 s | ee= 27.7 deg | F= 72.3 N | M=  2.8 Nm (limit 150.0) | contact=  7.2 mm
setup:     t=  4.2 s | ee= 27.7 deg | F= 72.2 N | M=  2.8 Nm (limit 150.0) | contact=  7.2 mm
setup:     t=  4.4 s | ee= 27.7 deg | F= 72.2 N | M=  2.8 Nm (limit 150.0) | contact=  7.2 mm
setup:     t=  4.6 s | ee= 27.7 deg | F= 72.2 N | M=  2.8 Nm (limit 150.0) | contact=  7.2 mm
setup:     t=  4.8 s | ee= 27.7 deg | F= 72.1 N | M=  2.8 Nm (limit 150.0) | contact=  7.2 mm

==============================================================================
  SETUP RESULT
==============================================================================
  stop: time | t=5.0 s | ee=27.7 deg | F=72.2 N | M_TCP=2.8 Nm
  contact_from_start = [-3.9, -1.7, +5.7] mm | norm=7.2 mm
  tcp_from_contact  = [+21.8, +58.4, +17.3] mm | norm=64.6 mm
  deviation: before=9.58 deg | after=18.28 deg | gain=-8.70 deg
  t_align: 1.70 s | tolerance=2.00 deg | hold=0.30 s
  deviation components [t1,t2,n] deg: before=[-0.89,+9.54,-0.00] | after=[-1.79,-18.20,+0.00]

-- setup surface-frame breakdown ---------------------------------------------
  frame              alignment-target [tangent1, tangent2, normal]
  force        [N]      = [   +16.61,     +1.74,    -70.26]
  tcp_disp     [mm]     = [    +4.65,     -2.00,    -23.75]
  contact_disp [mm]     = [    -4.03,     -1.84,     +5.63]
  Kp_eff=F/tcp [N/m]    = [   3573.0,    -868.8,    2958.6]
  M_contact    [Nm]     = [    -3.64,     +4.74,     -1.08]
  ee_angle     [deg]    = [    -0.91,    -27.73,     -0.36]
  KR_eff=M/ang [Nm/rad] = [    228.5,      -9.8,     170.9]
  frame              tool face [length, width, tool axis]
  M_contact    [Nm]     = [    -4.70,     +3.07,     +2.31]

-- center of compliance ------------------------------------------------------
  definition         r_c = p_TCP - p_c
  p_TCP [x,y,z]    = [    539.6,      -7.0,      19.2] mm
  p_c [EE]         = [     80.0,       0.0,       0.0] mm
  r_c [t1,t2,n]    = [    -75.3,      -0.8,      27.0] mm
                     p_c resolved at end of setup

-- effective TCP impedance ---------------------------------------------------
  K_TCP translation = [   1999.5,    1998.7,     351.8] N/m
  K_TCP rotation   = [      6.6,       8.5,      61.1] Nm/rad
  commanded KR was = [      5.0,       5.0,      50.0] Nm/rad   including lever contribution
  D_TCP translation = [    227.8,     160.3,     115.6] Ns/m
  D_TCP rotation   = [      1.8,       2.8,       1.9] Nms/rad
  coupling           max |moment per unit translation| = 149.6 Nm/m (K), 12.0 Nms/m (D)
  eigenvalues        K_TCP 4.97 .. 2013 | D_TCP 1.01 .. 228  (both positive: valid springs)

  K_TCP [N/m, Nm/rad | rows fx..mz, cols tx..rz]:
           tx        ty        tz    |    rx        ry        rz
  fx [    2000  -0.7871   -28.44 | -0.02233    -54.4 -0.06449 ]
  fy [ -0.7871     1999   -45.62 |     56.5    3.436    149.6 ]
  fz [  -28.44   -45.62    351.8 |   -1.289   -25.52   -3.414 ]
     ---------------------------+---------------------------
  mx [-0.02233     56.5   -1.289 |    6.611   0.1185    5.004 ]
  my [   -54.4    3.436   -25.52 |   0.1185    8.482    1.502 ]
  mz [-0.06449    149.6   -3.414 |    5.004    1.502    61.15 ]

  D_TCP [Ns/m, Nms/rad]:
           tx        ty        tz    |    rx        ry        rz
  fx [   227.8 -0.05358   -1.936 | -0.00152   -6.294 -0.004646 ]
  fy [-0.05358    160.3    -1.24 |    4.532  0.09431       12 ]
  fz [  -1.936    -1.24    115.6 | -0.03473   -8.593 -0.09279 ]
     ---------------------------+---------------------------
  mx [-0.00152    4.532 -0.03473 |    1.752  0.00235   0.3286 ]
  my [  -6.294  0.09431   -8.593 |  0.00235    2.759 -0.01856 ]
  mz [-0.004646       12 -0.09279 |   0.3286 -0.01856     1.91 ]

[GATE] Set up finished (still pressing). Press Enter to start the grind (e+Enter stops).

Stop requested with e + Enter. Finishing control loop...

-- joint motion [deg] --------------------------------------------------------
  joint       start    final    delta
  q1            0.8     -0.7     -1.6
  q2           12.1     38.1    +26.0
  q3           -0.5      0.1     +0.6
  q4         -130.9   -110.2    +20.7
  q5           -0.2     -0.5     -0.3
  q6          142.8    127.7    -15.2
  q7           44.7     44.7     -0.0

==============================================================================
  FINAL RESULT
==============================================================================
  p_d              = [    530.9,     -11.6,    -216.8] mm
  p_EE             = [    539.6,      -7.0,      19.2] mm
  e_p              = [     -8.7,      -4.5,    -236.0] mm
  e_R              = [    -0.92,    -27.73,      0.42] deg
------------------------------------------------------------------------------
  position error     236.21 mm
  rotation error     27.75 deg
  csv                logs/surface_grinding_controller_log.csv
------------------------------------------------------------------------------
