
==============================================================================
  SURFACE GRINDING CONTROLLER
==============================================================================
  robot              172.16.0.2
  parameters         /home/hm-panda/Desktop/Thesis_Final_Control/surface_grinding_controller/params
------------------------------------------------------------------------------

==============================================================================
  SURFACE GRINDING CONTROLLER - STARTUP MENU
==============================================================================

-- RUN MODES -----------------------------------------------------------------
  s      Run orientation, approach, setup, and grinding
  h      Cartesian pose hold at the initial posture
  t      Cartesian pose hold with the setup impedance
  g      Start manual guidance from the current robot pose

-- ROBOT PREPARATION ---------------------------------------------------------
  i      Move to the configured initial joint posture

-- GRIPPER AND TOOL ----------------------------------------------------------
  o      Open the gripper
  c      Grasp the tool
  r      Recalibrate the gripper with empty fingers
  f      Pick up the tool from the holder
  b      Return the tool to the holder

-- PROGRAM -------------------------------------------------------------------
  e      Exit
------------------------------------------------------------------------------
  During control: e = stop | m = startup menu | g = guidance
------------------------------------------------------------------------------
Selection [s/h/t/g/i/o/c/r/f/b/e]: 
-- SELECTED MODE: PHASE SEQUENCE ---------------------------------------------

-- moving to q_init ----------------------------------------------------------
  case               saved_qinit
  q1..q7 [deg]     = [0.8, 12.1, -0.5, -130.9, -0.2, 142.9, 44.7] deg
  saved_qinit = [0.014777, 0.210911, -0.009320, -2.284835, -0.002725, 2.493410, 0.780694] rad
  q_init reached.

-- start pose ----------------------------------------------------------------
  q_start          = [0.9, 12.1, -0.5, -130.9, -0.1, 142.9, 44.7] deg
  p_start          = [    531.3,       2.5,     156.8] mm

==============================================================================
  RUN
==============================================================================

-- phase: approach_orient ----------------------------------------------------
  Kp [t1,t2,n]     = [    150.0,     150.0,     150.0] N/m
  Dp [t1,t2,n]     = [    133.7,      94.2,     128.3] Ns/m     auto (factor 1.90)
  KR [t1,t2,n]     = [    300.0,     300.0,      90.0] Nm/rad
  DR [t1,t2,n]     = [     19.8,      32.3,       2.0] Nms/rad  auto (factor 1.90)
orient:     t=  0.0 s | axis_err=  8.5 deg | spin_err=  0.5 deg
orient:     t=  0.2 s | axis_err=  6.5 deg | spin_err=  0.2 deg
orient:     t=  0.4 s | axis_err=  2.5 deg | spin_err=  0.2 deg
orient:     t=  0.6 s | axis_err=  0.6 deg | spin_err=  0.1 deg
orient:     t=  0.8 s | axis_err=  0.5 deg | spin_err=  0.2 deg

Orientation reached: axis_err=0.5 deg | spin_err=0.1 deg

-- phase: approach_descend ---------------------------------------------------
  Kp [t1,t2,n]     = [    150.0,     150.0,     150.0] N/m
  Dp [t1,t2,n]     = [    133.7,      94.2,     128.3] Ns/m     auto (factor 1.90)
  KR [t1,t2,n]     = [    300.0,     300.0,      90.0] Nm/rad
  DR [t1,t2,n]     = [     19.8,      32.3,       2.0] Nms/rad  auto (factor 1.90)
  descend to         20 mm clearance at 0.100 m/s
descend:    t=  0.0 s | distance=   0.1 mm | height=+120.0 mm (target 20.0) | force= -0.0 N
descend:    t=  0.2 s | distance=  20.2 mm | height=+109.7 mm (target 20.0) | force=  1.7 N
descend:    t=  0.4 s | distance=  40.3 mm | height= +94.7 mm (target 20.0) | force=  1.6 N
descend:    t=  0.6 s | distance=  60.4 mm | height= +78.4 mm (target 20.0) | force=  1.9 N
descend:    t=  0.8 s | distance=  80.5 mm | height= +61.3 mm (target 20.0) | force=  1.7 N
descend:    t=  1.0 s | distance= 100.6 mm | height= +44.3 mm (target 20.0) | force=  2.4 N
descend:    t=  1.2 s | distance= 120.7 mm | height= +27.5 mm (target 20.0) | force=  3.3 N

Clearance reached: distance=129.4 mm | height=19.9 mm | target=20.0 mm | force=1.8 N
  offset_ee        = [     20.0,      60.0,      20.0] mm
  p_EE_at_contact  = [    519.4,       1.5,      50.0] mm
  contact_point    = [    537.9,     -55.8,       1.3] mm
  edge_offset      = [     18.5,     -57.3,     -48.7] mm

-- phase: setup --------------------------------------------------------------

-- setup impedance -----------------------------------------------------------
  law                wrench = K_TCP*dx + D_TCP*dv
                     K_TCP  = Ad(r_c)^T * blkdiag(Kp,KR) * Ad(r_c)
  Kp [t1,t2,n]     = [   2000.0,    2000.0,     350.0] N/m
  Dp [t1,t2,n]     = [    231.2,     178.3,     111.9] Ns/m     auto
  KR [t1,t2,n]     = [      5.0,       5.0,      50.0] Nm/rad
  DR [t1,t2,n]     = [      1.5,       1.9,       1.2] Nms/rad  auto
  p_c [EE]         = [      0.0,       0.0,       0.0] mm       commanded in the tool frame
  r_c [t1,t2,n]    = [      0.0,      -0.0,       0.0] mm       p_TCP - p_c, in the plane
setup:     t=  0.0 s | tip=  0.0 deg | F=  0.4 N | M=  0.1 Nm (limit 150.0) | contact= 19.9 mm
setup:     t=  0.2 s | tip=  0.9 deg | F=  0.9 N | M=  0.7 Nm (limit 150.0) | contact=  6.8 mm
setup:     t=  0.4 s | tip=  1.6 deg | F= 19.8 N | M= 10.4 Nm (limit 150.0) | contact=  3.3 mm
setup:     t=  0.6 s | tip=  1.6 deg | F= 16.3 N | M=  9.0 Nm (limit 150.0) | contact=  3.4 mm
setup:     t=  0.8 s | tip=  1.6 deg | F= 21.7 N | M= 11.8 Nm (limit 150.0) | contact=  3.5 mm
setup:     t=  1.0 s | tip=  1.6 deg | F= 27.2 N | M= 14.6 Nm (limit 150.0) | contact=  3.7 mm
setup:     t=  1.2 s | tip=  1.6 deg | F= 33.0 N | M= 17.6 Nm (limit 150.0) | contact=  3.8 mm
setup:     t=  1.4 s | tip=  1.6 deg | F= 38.8 N | M= 20.6 Nm (limit 150.0) | contact=  4.0 mm
setup:     t=  1.6 s | tip=  1.6 deg | F= 44.4 N | M= 23.4 Nm (limit 150.0) | contact=  4.1 mm
setup:     t=  1.8 s | tip=  1.7 deg | F= 50.7 N | M= 26.7 Nm (limit 150.0) | contact=  4.3 mm
setup:     t=  2.0 s | tip=  1.7 deg | F= 55.0 N | M= 28.9 Nm (limit 150.0) | contact=  4.4 mm
setup:     t=  2.2 s | tip=  1.9 deg | F= 62.1 N | M= 32.5 Nm (limit 150.0) | contact=  4.4 mm
setup:     t=  2.4 s | tip=  2.2 deg | F= 65.7 N | M= 34.3 Nm (limit 150.0) | contact=  4.6 mm
setup:     t=  2.6 s | tip=  2.6 deg | F= 72.7 N | M= 37.9 Nm (limit 150.0) | contact=  4.6 mm
setup:     t=  2.8 s | tip=  3.8 deg | F= 74.6 N | M= 38.9 Nm (limit 150.0) | contact=  4.9 mm
setup:     t=  3.0 s | tip=  6.0 deg | F= 79.5 N | M= 41.6 Nm (limit 150.0) | contact=  5.1 mm
setup:     t=  3.2 s | tip=  8.2 deg | F= 86.9 N | M= 45.6 Nm (limit 150.0) | contact=  5.0 mm
setup:     t=  3.4 s | tip=  8.2 deg | F= 80.7 N | M= 42.4 Nm (limit 150.0) | contact=  5.0 mm
setup:     t=  3.6 s | tip=  8.2 deg | F= 81.0 N | M= 42.6 Nm (limit 150.0) | contact=  5.0 mm
setup:     t=  3.8 s | tip=  8.2 deg | F= 81.0 N | M= 42.6 Nm (limit 150.0) | contact=  5.0 mm
setup:     t=  4.0 s | tip=  8.2 deg | F= 81.0 N | M= 42.6 Nm (limit 150.0) | contact=  5.0 mm
setup:     t=  4.2 s | tip=  8.2 deg | F= 80.9 N | M= 42.5 Nm (limit 150.0) | contact=  5.0 mm
setup:     t=  4.4 s | tip=  8.2 deg | F= 80.9 N | M= 42.5 Nm (limit 150.0) | contact=  5.0 mm
setup:     t=  4.6 s | tip=  8.2 deg | F= 80.8 N | M= 42.5 Nm (limit 150.0) | contact=  5.0 mm
setup:     t=  4.8 s | tip=  8.2 deg | F= 80.8 N | M= 42.5 Nm (limit 150.0) | contact=  5.0 mm

==============================================================================
  SETUP RESULT
==============================================================================
  stop: time | t=5.0 s | tip=8.2 deg | F=80.7 N | M=42.5 Nm
  contact_from_start = [-2.6, +1.2, -4.1] mm | norm=5.0 mm
  tcp_from_contact  = [-20.3, +61.5, +17.3] mm | norm=67.0 mm
  alignment: before=9.61 deg | after=3.02 deg | gain=+6.59 deg
  alignment components [t1,t2,n] deg: before=[-9.60,-0.37,+0.00] | after=[-1.72,-2.48,+0.00]

-- setup surface-frame breakdown ---------------------------------------------
  frame              alignment-target [tangent1, tangent2, normal]
  force        [N]      = [    +1.68,     -9.94,    -80.11]
  tcp_disp     [mm]     = [    -1.20,     +5.05,    -31.32]
  contact_disp [mm]     = [    -2.55,     +1.30,     -4.11]
  Kp_eff=F/tcp [N/m]    = [  -1407.1,   -1968.9,    2557.7]
  M_contact    [Nm]     = [    -5.27,    +40.75,     -4.84]
  tip_angle    [deg]    = [    +7.89,     -2.16,     +0.35]
  KR_eff=M/ang [Nm/rad] = [    -38.3,   -1082.6,    -790.8]
  frame              tool face [length, width, tool axis]
  M_contact    [Nm]     = [   -40.54,     +5.37,     +6.29]

-- center of compliance ------------------------------------------------------
  definition         r_c = p_TCP - p_c
  p_TCP [x,y,z]    = [    517.6,       5.7,      18.6] mm
  p_c [EE]         = [     -0.0,      -0.0,      -0.0] mm
  r_c [t1,t2,n]    = [      0.0,       0.0,       0.0] mm
                     p_c resolved at end of setup

-- effective TCP impedance ---------------------------------------------------
  K_TCP translation = [   1999.5,    1998.7,     351.8] N/m
  K_TCP rotation   = [      5.0,       5.0,      50.0] Nm/rad
  commanded KR was = [      5.0,       5.0,      50.0] Nm/rad   including lever contribution
  D_TCP translation = [    231.2,     178.2,     111.9] Ns/m
  D_TCP rotation   = [      1.5,       1.9,       1.2] Nms/rad
  coupling           max |moment per unit translation| = 0.0 Nm/m (K), 0.0 Nms/m (D)
  eigenvalues        K_TCP 5.00 .. 2000 | D_TCP 1.23 .. 231  (both positive: valid springs)

  K_TCP [N/m, Nm/rad | rows fx..mz, cols tx..rz]:
           tx        ty        tz    |    rx        ry        rz
  fx [    2000  -0.7871   -28.44 |        0        0        0 ]
  fy [ -0.7871     1999   -45.62 |        0        0        0 ]
  fz [  -28.44   -45.62    351.8 |        0        0        0 ]
     ---------------------------+---------------------------
  mx [       0        0        0 |    5.013  0.02147   0.7756 ]
  my [       0        0        0 |  0.02147    5.034    1.244 ]
  mz [       0        0        0 |   0.7756    1.244    49.95 ]

  D_TCP [Ns/m, Nms/rad]:
           tx        ty        tz    |    rx        ry        rz
  fx [   231.2 -0.05695   -2.058 |        0        0        0 ]
  fy [-0.05695    178.2   -1.836 |        0        0        0 ]
  fz [  -2.058   -1.836    111.9 |        0        0        0 ]
     ---------------------------+---------------------------
  mx [       0        0        0 |    1.496 -0.0001286 -0.004646 ]
  my [       0        0        0 | -0.0001286    1.892 -0.01841 ]
  mz [       0        0        0 | -0.004646 -0.01841    1.227 ]

[GATE] Set up finished (still pressing). Press Enter to start the grind (e+Enter stops).

Stop requested with e + Enter. Finishing control loop...

-- joint motion [deg] --------------------------------------------------------
  joint       start    final    delta
  q1            0.9      5.7     +4.8
  q2           12.1     30.6    +18.5
  q3           -0.5     -4.4     -3.9
  q4         -130.9   -128.1     +2.8
  q5           -0.1      4.9     +5.0
  q6          142.9    153.6    +10.7
  q7           44.7     42.8     -1.9

==============================================================================
  FINAL RESULT
==============================================================================
  p_d              = [    514.9,      -5.7,    -209.8] mm
  p_EE             = [    517.6,       5.7,      18.6] mm
  e_p              = [     -2.7,     -11.4,    -228.4] mm
  e_R              = [     7.89,     -2.15,      0.27] deg
------------------------------------------------------------------------------
  position error     228.69 mm
  rotation error     8.19 deg
  csv                logs/surface_grinding_controller_log.csv
------------------------------------------------------------------------------
