
==============================================================================
  SURFACE GRINDING CONTROLLER
==============================================================================
  robot              172.16.0.2
  parameters         /home/hm-panda/Desktop/Thesis_Final_Control/surface_grinding_controller/params
------------------------------------------------------------------------------

==============================================================================
  SURFACE GRINDING CONTROLLER - STARTUP MENU
==============================================================================

-- RUN MODES -----------------------------------------------------------------
  s      Run orientation, approach, setup, and grinding
  h      Cartesian pose hold at the initial posture
  t      Cartesian pose hold with the setup impedance
  g      Start manual guidance from the current robot pose

-- ROBOT PREPARATION ---------------------------------------------------------
  i      Move to the configured initial joint posture

-- GRIPPER AND TOOL ----------------------------------------------------------
  o      Open the gripper
  c      Grasp the tool
  r      Recalibrate the gripper with empty fingers
  f      Pick up the tool from the holder
  b      Return the tool to the holder

-- PROGRAM -------------------------------------------------------------------
  e      Exit
------------------------------------------------------------------------------
  During control: e = stop | m = startup menu | g = guidance
------------------------------------------------------------------------------
Selection [s/h/t/g/i/o/c/r/f/b/e]: 
-- SELECTED MODE: PHASE SEQUENCE ---------------------------------------------

-- moving to q_init ----------------------------------------------------------
  case               saved_qinit
  q1..q7 [deg]     = [0.8, 12.1, -0.5, -130.9, -0.2, 142.9, 44.7] deg
  saved_qinit = [0.014777, 0.210911, -0.009320, -2.284835, -0.002725, 2.493410, 0.780694] rad
  q_init reached.

-- start pose ----------------------------------------------------------------
  q_start          = [0.8, 12.1, -0.5, -130.9, -0.2, 142.9, 44.7] deg
  p_start          = [    531.3,       2.5,     156.9] mm

==============================================================================
  RUN
==============================================================================

-- phase: approach_orient ----------------------------------------------------
  Kp [t1,t2,n]     = [    150.0,     150.0,     150.0] N/m
  Dp [t1,t2,n]     = [    133.7,      94.2,     128.3] Ns/m     auto (factor 1.90)
  KR [t1,t2,n]     = [     90.0,      90.0,      90.0] Nm/rad
  DR [t1,t2,n]     = [     10.8,      17.7,       2.0] Nms/rad  auto (factor 1.90)
orient:     t=  0.0 s | axis_err=  1.6 deg | spin_err=  0.7 deg
orient:     t=  0.2 s | axis_err=  1.2 deg | spin_err=  0.0 deg
orient:     t=  0.4 s | axis_err=  1.1 deg | spin_err=  0.0 deg

Orientation reached: axis_err=1.0 deg | spin_err=0.0 deg

-- phase: approach_descend ---------------------------------------------------
  Kp [t1,t2,n]     = [    150.0,     150.0,     150.0] N/m
  Dp [t1,t2,n]     = [    133.7,      94.2,     128.3] Ns/m     auto (factor 1.90)
  KR [t1,t2,n]     = [     90.0,      90.0,      90.0] Nm/rad
  DR [t1,t2,n]     = [     10.8,      17.7,       2.0] Nms/rad  auto (factor 1.90)
  descend to         20 mm clearance at 0.100 m/s
descend:    t=  0.0 s | distance=   0.1 mm | height=+132.9 mm (target 20.0) | force=  0.0 N
descend:    t=  0.2 s | distance=  20.1 mm | height=+121.1 mm (target 20.0) | force=  1.0 N
descend:    t=  0.4 s | distance=  40.1 mm | height=+104.4 mm (target 20.0) | force=  1.6 N
descend:    t=  0.6 s | distance=  60.2 mm | height= +86.7 mm (target 20.0) | force=  1.0 N
descend:    t=  0.8 s | distance=  80.3 mm | height= +68.9 mm (target 20.0) | force=  1.7 N
descend:    t=  1.0 s | distance= 100.4 mm | height= +51.0 mm (target 20.0) | force=  1.4 N
descend:    t=  1.2 s | distance= 120.5 mm | height= +33.1 mm (target 20.0) | force=  2.9 N

Clearance reached: distance=135.2 mm | height=19.9 mm | target=20.0 mm | force=2.8 N
  offset_ee        = [     20.0,      60.0,      20.0] mm
  p_EE_at_contact  = [    520.4,       0.4,      41.2] mm
  contact_point    = [    539.5,     -60.4,       1.4] mm
  edge_offset      = [     19.1,     -60.8,     -39.8] mm

-- phase: setup --------------------------------------------------------------

-- setup impedance -----------------------------------------------------------
  law                wrench = K_TCP*dx + D_TCP*dv
                     K_TCP  = Ad(r_c)^T * blkdiag(Kp,KR) * Ad(r_c)
  Kp [t1,t2,n]     = [   2000.0,    2000.0,     350.0] N/m
  Dp [t1,t2,n]     = [    231.7,     169.8,     113.1] Ns/m     auto
  KR [t1,t2,n]     = [      5.0,       5.0,      50.0] Nm/rad
  DR [t1,t2,n]     = [      1.3,       2.0,       0.8] Nms/rad  auto
  p_c [EE]         = [     -0.0,      60.0,       0.0] mm       commanded in the tool frame
  r_c [t1,t2,n]    = [      0.0,      60.0,       1.0] mm       p_TCP - p_c, in the plane
setup:     t=  0.0 s | tip=  0.0 deg | F=  0.2 N | M=  0.1 Nm (limit 150.0) | contact= 19.8 mm
setup:     t=  0.2 s | tip=  0.8 deg | F=  0.7 N | M=  0.4 Nm (limit 150.0) | contact=  6.8 mm
setup:     t=  0.4 s | tip=  1.3 deg | F= 12.5 N | M=  7.0 Nm (limit 150.0) | contact=  2.0 mm
setup:     t=  0.6 s | tip=  1.3 deg | F= 14.1 N | M=  7.7 Nm (limit 150.0) | contact=  2.3 mm
setup:     t=  0.8 s | tip=  1.3 deg | F= 19.6 N | M= 10.5 Nm (limit 150.0) | contact=  2.6 mm
setup:     t=  1.0 s | tip=  1.4 deg | F= 25.8 N | M= 13.8 Nm (limit 150.0) | contact=  3.0 mm
setup:     t=  1.2 s | tip=  1.4 deg | F= 31.3 N | M= 16.7 Nm (limit 150.0) | contact=  3.1 mm
setup:     t=  1.4 s | tip=  1.5 deg | F= 37.1 N | M= 19.6 Nm (limit 150.0) | contact=  3.3 mm
setup:     t=  1.6 s | tip=  1.5 deg | F= 42.7 N | M= 22.4 Nm (limit 150.0) | contact=  3.4 mm
setup:     t=  1.8 s | tip=  1.5 deg | F= 48.3 N | M= 25.4 Nm (limit 150.0) | contact=  3.6 mm
setup:     t=  2.0 s | tip=  1.5 deg | F= 54.2 N | M= 28.4 Nm (limit 150.0) | contact=  3.8 mm
setup:     t=  2.2 s | tip=  1.6 deg | F= 60.4 N | M= 31.8 Nm (limit 150.0) | contact=  4.0 mm
setup:     t=  2.4 s | tip=  1.6 deg | F= 65.8 N | M= 34.7 Nm (limit 150.0) | contact=  4.1 mm
setup:     t=  2.6 s | tip=  1.6 deg | F= 71.4 N | M= 37.6 Nm (limit 150.0) | contact=  4.3 mm
setup:     t=  2.8 s | tip=  1.6 deg | F= 76.6 N | M= 40.3 Nm (limit 150.0) | contact=  4.4 mm
setup:     t=  3.0 s | tip=  1.6 deg | F= 82.1 N | M= 43.2 Nm (limit 150.0) | contact=  4.6 mm
setup:     t=  3.2 s | tip=  1.7 deg | F= 87.0 N | M= 45.7 Nm (limit 150.0) | contact=  4.8 mm
setup:     t=  3.4 s | tip=  1.6 deg | F= 82.0 N | M= 43.2 Nm (limit 150.0) | contact=  4.6 mm
setup:     t=  3.6 s | tip=  1.6 deg | F= 82.0 N | M= 43.2 Nm (limit 150.0) | contact=  4.6 mm
setup:     t=  3.8 s | tip=  1.6 deg | F= 81.8 N | M= 43.1 Nm (limit 150.0) | contact=  4.6 mm
setup:     t=  4.0 s | tip=  1.6 deg | F= 81.7 N | M= 43.0 Nm (limit 150.0) | contact=  4.6 mm
setup:     t=  4.2 s | tip=  1.7 deg | F= 81.8 N | M= 43.1 Nm (limit 150.0) | contact=  4.7 mm
setup:     t=  4.4 s | tip=  1.7 deg | F= 81.8 N | M= 43.0 Nm (limit 150.0) | contact=  4.7 mm
setup:     t=  4.6 s | tip=  1.7 deg | F= 81.7 N | M= 43.0 Nm (limit 150.0) | contact=  4.7 mm
setup:     t=  4.8 s | tip=  1.7 deg | F= 81.9 N | M= 43.1 Nm (limit 150.0) | contact=  4.7 mm

==============================================================================
  SETUP RESULT
==============================================================================
  stop: time | t=5.0 s | tip=1.7 deg | F=81.6 N | M=43.0 Nm
  contact_from_start = [-2.8, +0.4, -3.7] mm | norm=4.7 mm
  tcp_from_contact  = [-21.6, +60.4, +17.4] mm | norm=66.4 mm
  alignment: before=1.09 deg | after=2.63 deg | gain=-1.53 deg
  alignment components [t1,t2,n] deg: before=[-0.95,-0.54,-0.00] | after=[-1.68,-2.02,-0.00]

-- setup surface-frame breakdown ---------------------------------------------
  frame              alignment-target [tangent1, tangent2, normal]
  force        [N]      = [    +3.39,     -0.29,    -81.54]
  tcp_disp     [mm]     = [    -2.15,     +0.21,    -22.44]
  contact_disp [mm]     = [    -2.69,     +0.49,     -3.77]
  Kp_eff=F/tcp [N/m]    = [  -1575.5,   -1401.5,    3633.7]
  M_contact    [Nm]     = [    +0.64,    +41.13,     -0.18]
  tip_angle    [deg]    = [    -0.73,     -1.48,     -0.02]
  KR_eff=M/ang [Nm/rad] = [    -50.1,   -1591.5,       n/a]
  frame              tool face [length, width, tool axis]
  M_contact    [Nm]     = [   -41.10,     -0.68,     +1.37]

-- center of compliance ------------------------------------------------------
  definition         r_c = p_TCP - p_c
  p_TCP [x,y,z]    = [    517.9,      -0.1,      18.8] mm
  p_c [EE]         = [      0.0,      60.0,       0.0] mm
  r_c [t1,t2,n]    = [      0.0,      60.0,       1.8] mm
                     p_c resolved at end of setup

-- effective TCP impedance ---------------------------------------------------
  K_TCP translation = [   1999.5,    1998.7,     351.8] N/m
  K_TCP rotation   = [      6.3,       5.0,      57.2] Nm/rad
  commanded KR was = [      5.0,       5.0,      50.0] Nm/rad   including lever contribution
  D_TCP translation = [    231.7,     169.7,     113.2] Ns/m
  D_TCP rotation   = [      1.7,       2.0,       1.6] Nms/rad
  coupling           max |moment per unit translation| = 120.0 Nm/m (K), 13.9 Nms/m (D)
  eigenvalues        K_TCP 4.98 .. 2007 | D_TCP 0.78 .. 233  (both positive: valid springs)

  K_TCP [N/m, Nm/rad | rows fx..mz, cols tx..rz]:
           tx        ty        tz    |    rx        ry        rz
  fx [    2000  -0.7871   -28.44 |    1.706  -0.2079      120 ]
  fy [ -0.7871     1999   -45.62 |    2.944 -0.002044  -0.1403 ]
  fz [  -28.44   -45.62    351.8 |   -21.11  0.01932   -1.704 ]
     ---------------------------+---------------------------
  mx [   1.706    2.944   -21.11 |     6.28  0.02031   0.8778 ]
  my [ -0.2079 -0.002044  0.01932 |  0.02031    5.034    1.232 ]
  mz [     120  -0.1403   -1.704 |   0.8778    1.232    57.15 ]

  D_TCP [Ns/m, Nms/rad]:
           tx        ty        tz    |    rx        ry        rz
  fx [   231.7  -0.0566   -2.045 |   0.1227 -0.02403     13.9 ]
  fy [ -0.0566    169.7   -1.567 |   0.1116 -6.714e-05  -0.0113 ]
  fz [  -2.045   -1.567    113.2 |    -6.79 0.005482  -0.1226 ]
     ---------------------------+---------------------------
  mx [  0.1227   0.1116    -6.79 |    1.732 -0.0005865 -0.00195 ]
  my [-0.02403 -6.714e-05 0.005482 | -0.0005865    1.993 -0.03488 ]
  mz [    13.9  -0.0113  -0.1226 | -0.00195 -0.03488     1.62 ]

[GATE] Set up finished (still pressing). Press Enter to start the grind (e+Enter stops).

Stop requested with e + Enter. Finishing control loop...

-- joint motion [deg] --------------------------------------------------------
  joint       start    final    delta
  q1            0.8     -0.3     -1.1
  q2           12.1     30.2    +18.0
  q3           -0.5      0.3     +0.8
  q4         -130.9   -129.5     +1.4
  q5           -0.2     -0.1     +0.1
  q6          142.9    156.6    +13.8
  q7           44.7     45.0     +0.3

==============================================================================
  FINAL RESULT
==============================================================================
  p_d              = [    515.9,      -6.8,    -218.6] mm
  p_EE             = [    517.9,      -0.1,      18.8] mm
  e_p              = [     -1.9,      -6.8,    -237.4] mm
  e_R              = [    -0.73,     -1.48,      0.03] deg
------------------------------------------------------------------------------
  position error     237.50 mm
  rotation error     1.65 deg
  csv                logs/surface_grinding_controller_log.csv
------------------------------------------------------------------------------
