
==============================================================================
  SURFACE GRINDING CONTROLLER
==============================================================================
  robot              172.16.0.2
  parameters         /home/hm-panda/Desktop/Thesis_Final_Control/surface_grinding_controller/params
------------------------------------------------------------------------------

==============================================================================
  SURFACE GRINDING CONTROLLER - STARTUP MENU
==============================================================================

-- RUN MODES -----------------------------------------------------------------
  s      Run orientation, approach, setup, and grinding
  h      Cartesian pose hold at the initial posture
  t      Cartesian pose hold with the setup impedance
  g      Start manual guidance from the current robot pose

-- ROBOT PREPARATION ---------------------------------------------------------
  i      Move to the configured initial joint posture

-- GRIPPER AND TOOL ----------------------------------------------------------
  o      Open the gripper
  c      Grasp the tool
  r      Recalibrate the gripper with empty fingers
  f      Pick up the tool from the holder
  b      Return the tool to the holder

-- PROGRAM -------------------------------------------------------------------
  e      Exit
------------------------------------------------------------------------------
  During control: e = stop | m = startup menu | g = guidance
------------------------------------------------------------------------------
Selection [s/h/t/g/i/o/c/r/f/b/e]: 
-- SELECTED MODE: PHASE SEQUENCE ---------------------------------------------

-- moving to q_init ----------------------------------------------------------
  case               saved_qinit
  q1..q7 [deg]     = [0.8, 12.1, -0.5, -130.9, -0.2, 142.9, 44.7] deg
  saved_qinit = [0.014777, 0.210911, -0.009320, -2.284835, -0.002725, 2.493410, 0.780694] rad
  q_init reached.

-- start pose ----------------------------------------------------------------
  q_start          = [0.8, 12.1, -0.5, -130.9, -0.2, 142.8, 44.7] deg
  p_start          = [    531.1,       2.4,     156.7] mm

==============================================================================
  RUN
==============================================================================

-- phase: approach_orient ----------------------------------------------------
  Kp [t1,t2,n]     = [    150.0,     150.0,     150.0] N/m
  Dp [t1,t2,n]     = [    133.7,      94.2,     128.3] Ns/m     auto (factor 1.90)
  KR [t1,t2,n]     = [    180.0,     180.0,      90.0] Nm/rad
  DR [t1,t2,n]     = [     15.3,      25.0,       2.0] Nms/rad  auto (factor 1.90)
orient:     t=  0.0 s | axis_err=  7.2 deg | spin_err=  1.1 deg
orient:     t=  0.2 s | axis_err=  6.0 deg | spin_err=  0.1 deg
orient:     t=  0.4 s | axis_err=  2.5 deg | spin_err=  0.1 deg
orient:     t=  0.6 s | axis_err=  1.2 deg | spin_err=  0.1 deg
orient:     t=  0.8 s | axis_err=  1.0 deg | spin_err=  0.1 deg
orient:     t=  1.0 s | axis_err=  1.0 deg | spin_err=  0.1 deg
orient:     t=  1.2 s | axis_err=  0.9 deg | spin_err=  0.1 deg
orient:     t=  1.4 s | axis_err=  0.9 deg | spin_err=  0.1 deg
orient:     t=  1.6 s | axis_err=  0.9 deg | spin_err=  0.1 deg
orient:     t=  1.8 s | axis_err=  0.9 deg | spin_err=  0.1 deg
orient:     t=  2.0 s | axis_err=  0.9 deg | spin_err=  0.1 deg
orient:     t=  2.2 s | axis_err=  0.9 deg | spin_err=  0.1 deg
orient:     t=  2.4 s | axis_err=  0.9 deg | spin_err=  0.1 deg
orient:     t=  2.6 s | axis_err=  0.9 deg | spin_err=  0.1 deg
orient:     t=  2.8 s | axis_err=  0.9 deg | spin_err=  0.1 deg
orient:     t=  3.0 s | axis_err=  0.9 deg | spin_err=  0.1 deg
orient:     t=  3.2 s | axis_err=  0.9 deg | spin_err=  0.1 deg
orient:     t=  3.4 s | axis_err=  0.9 deg | spin_err=  0.1 deg
orient:     t=  3.6 s | axis_err=  0.9 deg | spin_err=  0.1 deg
orient:     t=  3.8 s | axis_err=  0.9 deg | spin_err=  0.1 deg
orient:     t=  4.0 s | axis_err=  0.9 deg | spin_err=  0.1 deg
orient:     t=  4.2 s | axis_err=  0.9 deg | spin_err=  0.1 deg
orient:     t=  4.4 s | axis_err=  0.9 deg | spin_err=  0.1 deg
orient:     t=  4.6 s | axis_err=  0.9 deg | spin_err=  0.1 deg
orient:     t=  4.8 s | axis_err=  0.9 deg | spin_err=  0.1 deg
orient:     t=  5.0 s | axis_err=  0.9 deg | spin_err=  0.1 deg
orient:     t=  5.2 s | axis_err=  0.9 deg | spin_err=  0.1 deg
orient:     t=  5.4 s | axis_err=  0.9 deg | spin_err=  0.1 deg
orient:     t=  5.6 s | axis_err=  0.9 deg | spin_err=  0.1 deg
orient:     t=  5.8 s | axis_err=  0.9 deg | spin_err=  0.1 deg
orient:     t=  6.0 s | axis_err=  0.9 deg | spin_err=  0.1 deg
orient:     t=  6.2 s | axis_err=  0.9 deg | spin_err=  0.1 deg
orient:     t=  6.4 s | axis_err=  0.9 deg | spin_err=  0.1 deg
orient:     t=  6.6 s | axis_err=  0.9 deg | spin_err=  0.1 deg
orient:     t=  6.8 s | axis_err=  0.9 deg | spin_err=  0.1 deg
orient:     t=  7.0 s | axis_err=  0.9 deg | spin_err=  0.1 deg
orient:     t=  7.2 s | axis_err=  0.9 deg | spin_err=  0.1 deg
orient:     t=  7.4 s | axis_err=  0.9 deg | spin_err=  0.1 deg
orient:     t=  7.6 s | axis_err=  0.9 deg | spin_err=  0.1 deg
orient:     t=  7.8 s | axis_err=  0.9 deg | spin_err=  0.1 deg

Orientation settled short of the 0.9 deg gate after 8.0 s: axis_err=0.9 deg | spin_err=0.1 deg

-- phase: approach_descend ---------------------------------------------------
  Kp [t1,t2,n]     = [    150.0,     150.0,     150.0] N/m
  Dp [t1,t2,n]     = [    133.7,      94.2,     128.3] Ns/m     auto (factor 1.90)
  KR [t1,t2,n]     = [    180.0,     180.0,      90.0] Nm/rad
  DR [t1,t2,n]     = [     15.3,      25.0,       2.0] Nms/rad  auto (factor 1.90)
  descend to         20 mm clearance at 0.100 m/s
descend:    t=  0.0 s | distance=   0.1 mm | height=+134.1 mm (target 20.0) | force=  0.0 N
descend:    t=  0.2 s | distance=  20.2 mm | height=+123.6 mm (target 20.0) | force=  0.6 N
descend:    t=  0.4 s | distance=  40.3 mm | height=+106.8 mm (target 20.0) | force=  0.2 N
descend:    t=  0.6 s | distance=  60.4 mm | height= +89.2 mm (target 20.0) | force=  0.9 N
descend:    t=  0.8 s | distance=  80.5 mm | height= +71.1 mm (target 20.0) | force=  1.4 N
descend:    t=  1.0 s | distance= 100.6 mm | height= +53.2 mm (target 20.0) | force=  0.5 N
descend:    t=  1.2 s | distance= 120.7 mm | height= +34.8 mm (target 20.0) | force=  1.0 N

Clearance reached: distance=137.2 mm | height=20.0 mm | target=20.0 mm | force=1.0 N
  offset_ee        = [    -20.0,      60.0,      20.0] mm
  p_EE_at_contact  = [    535.1,       2.8,      47.2] mm
  contact_point    = [    515.8,     -55.9,       1.7] mm
  edge_offset      = [    -19.4,     -58.7,     -45.6] mm

-- phase: setup --------------------------------------------------------------

-- setup impedance -----------------------------------------------------------
  law                wrench = K_TCP*dx + D_TCP*dv
                     K_TCP  = Ad(r_c)^T * blkdiag(Kp,KR) * Ad(r_c)
  Kp [t1,t2,n]     = [   2000.0,    2000.0,     350.0] N/m
  Dp [t1,t2,n]     = [    228.1,     170.7,     113.7] Ns/m     auto
  KR [t1,t2,n]     = [      5.0,       5.0,      50.0] Nm/rad
  DR [t1,t2,n]     = [      1.5,       1.8,       1.1] Nms/rad  auto
  p_c [EE]         = [     28.3,     -28.3,       0.0] mm       commanded in the tool frame
  r_c [t1,t2,n]    = [    -28.4,     -27.7,      -5.2] mm       p_TCP - p_c, in the plane
setup:     t=  0.0 s | ee=  0.0 deg | F=  0.0 N | M=  0.0 Nm (limit 150.0) | contact= 19.9 mm
setup:     t=  0.2 s | ee=  0.9 deg | F=  2.0 N | M=  1.2 Nm (limit 150.0) | contact=  7.7 mm
setup:     t=  0.4 s | ee=  1.2 deg | F= 10.8 N | M=  1.0 Nm (limit 150.0) | contact=  3.3 mm
setup:     t=  0.6 s | ee=  1.2 deg | F= 14.6 N | M=  0.9 Nm (limit 150.0) | contact=  2.5 mm
setup:     t=  0.8 s | ee=  1.2 deg | F= 19.5 N | M=  1.1 Nm (limit 150.0) | contact=  1.2 mm
setup:     t=  1.0 s | ee=  1.3 deg | F= 25.3 N | M=  1.1 Nm (limit 150.0) | contact=  1.5 mm
setup:     t=  1.2 s | ee=  1.4 deg | F= 31.4 N | M=  1.2 Nm (limit 150.0) | contact=  2.6 mm
setup:     t=  1.4 s | ee=  1.5 deg | F= 37.0 N | M=  1.2 Nm (limit 150.0) | contact=  2.7 mm
setup:     t=  1.6 s | ee=  1.7 deg | F= 42.1 N | M=  1.1 Nm (limit 150.0) | contact=  2.9 mm
setup:     t=  1.8 s | ee=  2.4 deg | F= 47.0 N | M=  1.4 Nm (limit 150.0) | contact=  3.1 mm
setup:     t=  2.0 s | ee=  3.4 deg | F= 52.0 N | M=  1.7 Nm (limit 150.0) | contact=  3.3 mm
setup:     t=  2.2 s | ee=  4.3 deg | F= 58.1 N | M=  2.0 Nm (limit 150.0) | contact=  3.5 mm
setup:     t=  2.4 s | ee=  4.7 deg | F= 62.3 N | M=  2.1 Nm (limit 150.0) | contact=  3.5 mm
setup:     t=  2.6 s | ee=  4.8 deg | F= 69.1 N | M=  2.1 Nm (limit 150.0) | contact=  3.5 mm
setup:     t=  2.8 s | ee=  4.8 deg | F= 74.8 N | M=  2.1 Nm (limit 150.0) | contact=  3.6 mm
setup:     t=  3.0 s | ee=  4.9 deg | F= 80.3 N | M=  2.2 Nm (limit 150.0) | contact=  3.7 mm
setup:     t=  3.2 s | ee=  4.9 deg | F= 85.5 N | M=  2.3 Nm (limit 150.0) | contact=  3.8 mm
setup:     t=  3.4 s | ee=  5.1 deg | F= 79.0 N | M=  2.3 Nm (limit 150.0) | contact=  3.6 mm
setup:     t=  3.6 s | ee=  5.2 deg | F= 78.4 N | M=  2.5 Nm (limit 150.0) | contact=  3.5 mm
setup:     t=  3.8 s | ee=  5.3 deg | F= 78.7 N | M=  2.6 Nm (limit 150.0) | contact=  3.5 mm
setup:     t=  4.0 s | ee=  5.3 deg | F= 78.9 N | M=  2.7 Nm (limit 150.0) | contact=  3.5 mm
setup:     t=  4.2 s | ee=  5.3 deg | F= 78.9 N | M=  2.7 Nm (limit 150.0) | contact=  3.5 mm
setup:     t=  4.4 s | ee=  5.3 deg | F= 78.7 N | M=  2.8 Nm (limit 150.0) | contact=  3.5 mm
setup:     t=  4.6 s | ee=  5.3 deg | F= 78.7 N | M=  2.8 Nm (limit 150.0) | contact=  3.4 mm
setup:     t=  4.8 s | ee=  5.3 deg | F= 78.7 N | M=  2.8 Nm (limit 150.0) | contact=  3.4 mm

==============================================================================
  SETUP RESULT
==============================================================================
  stop: time | t=5.0 s | ee=5.3 deg | F=78.8 N | M_TCP=2.8 Nm
  contact_from_start = [+1.2, +1.7, -2.7] mm | norm=3.4 mm
  tcp_from_contact  = [+20.9, +61.8, +17.3] mm | norm=67.5 mm
  deviation: before=8.86 deg | after=3.95 deg | gain=+4.91 deg
  t_align: not reached | tolerance=2.00 deg | hold=0.30 s
  t_align_fraction: 3.13 s | fraction=0.50 of the deviation at contact
  deviation_min: 3.95 deg at t=4.99 s
  align_status: not_aligned
  deviation components [t1,t2,n] deg: before=[-6.04,+6.49,+0.00] | after=[-1.65,+3.59,-0.00]

-- setup surface-frame breakdown ---------------------------------------------
  frame              alignment-target [tangent1, tangent2, normal]
  force        [N]      = [    -6.03,     -9.42,    -77.96]
  tcp_disp     [mm]     = [    +1.99,     +3.89,    -28.12]
  contact_disp [mm]     = [    +1.23,     +1.82,     -2.66]
  Kp_eff=F/tcp [N/m]    = [  -3024.6,   -2419.6,    2772.5]
  M_contact    [Nm]     = [    -6.28,     +3.52,     -0.16]
  ee_angle     [deg]    = [    +4.44,     -2.86,     -0.46]
  KR_eff=M/ang [Nm/rad] = [    -81.0,     -70.5,      19.9]
  frame              tool face [length, width, tool axis]
  M_contact    [Nm]     = [    -3.51,     +6.28,     -0.13]

-- center of compliance ------------------------------------------------------
  definition         r_c = p_TCP - p_c
  p_TCP [x,y,z]    = [    536.6,       5.9,      19.0] mm
  p_c [EE]         = [     28.3,     -28.3,      -0.0] mm
  r_c [t1,t2,n]    = [    -28.3,     -28.2,      -1.7] mm
                     p_c resolved at end of setup

-- effective TCP impedance ---------------------------------------------------
  K_TCP translation = [   1999.5,    1998.7,     351.8] N/m
  K_TCP rotation   = [      5.3,       5.3,      53.2] Nm/rad
  commanded KR was = [      5.0,       5.0,      50.0] Nm/rad   including lever contribution
  D_TCP translation = [    228.1,     170.6,     113.7] Ns/m
  D_TCP rotation   = [      1.6,       1.9,       1.4] Nms/rad
  coupling           max |moment per unit translation| = 56.6 Nm/m (K), 6.4 Nms/m (D)
  eigenvalues        K_TCP 4.99 .. 2003 | D_TCP 1.12 .. 228  (both positive: valid springs)

  K_TCP [N/m, Nm/rad | rows fx..mz, cols tx..rz]:
           tx        ty        tz    |    rx        ry        rz
  fx [    2000  -0.7871   -28.44 |  -0.8029    1.567   -56.49 ]
  fy [ -0.7871     1999   -45.62 |   -2.049    1.292    56.63 ]
  fz [  -28.44   -45.62    351.8 |    9.952   -9.973  -0.4889 ]
     ---------------------------+---------------------------
  mx [ -0.8029   -2.049    9.952 |    5.295  -0.2607   0.7402 ]
  my [   1.567    1.292   -9.973 |  -0.2607    5.317    1.237 ]
  mz [  -56.49    56.63  -0.4889 |   0.7402    1.237    53.15 ]

  D_TCP [Ns/m, Nms/rad]:
           tx        ty        tz    |    rx        ry        rz
  fx [   228.1  -0.0546   -1.973 | -0.05569   0.1427   -6.443 ]
  fy [ -0.0546    170.6   -1.575 |  -0.1094   0.0446    4.834 ]
  fz [  -1.973   -1.575    113.7 |    3.213   -3.222   0.0111 ]
     ---------------------------+---------------------------
  mx [-0.05569  -0.1094    3.213 |     1.64 -0.09122  -0.0089 ]
  my [  0.1427   0.0446   -3.222 | -0.09122    1.924 -0.02244 ]
  mz [  -6.443    4.834   0.0111 |  -0.0089 -0.02244    1.441 ]

[GATE] Set up finished (still pressing). Press Enter to start the grind (e+Enter stops).

Stop requested with e + Enter. Finishing control loop...

-- joint motion [deg] --------------------------------------------------------
  joint       start    final    delta
  q1            0.8      0.7     -0.1
  q2           12.1     31.4    +19.3
  q3           -0.5     -0.1     +0.4
  q4         -130.9   -128.5     +2.4
  q5           -0.2     -0.8     -0.6
  q6          142.8    160.9    +18.1
  q7           44.7     46.5     +1.8

==============================================================================
  FINAL RESULT
==============================================================================
  p_d              = [    530.7,      -4.4,    -212.6] mm
  p_EE             = [    536.6,       5.9,      19.0] mm
  e_p              = [     -6.0,     -10.3,    -231.6] mm
  e_R              = [     4.43,     -2.87,     -0.46] deg
------------------------------------------------------------------------------
  position error     231.90 mm
  rotation error     5.30 deg
  csv                logs/surface_grinding_controller_log.csv
------------------------------------------------------------------------------
