
==============================================================================
  SURFACE GRINDING CONTROLLER
==============================================================================
  robot              172.16.0.2
  parameters         /home/hm-panda/Desktop/Thesis_Final_Control/surface_grinding_controller/params
------------------------------------------------------------------------------

==============================================================================
  SURFACE GRINDING CONTROLLER - STARTUP MENU
==============================================================================

-- RUN MODES -----------------------------------------------------------------
  s      Run orientation, approach, setup, and grinding
  h      Cartesian pose hold at the initial posture
  t      Cartesian pose hold with the setup impedance
  g      Start manual guidance from the current robot pose

-- ROBOT PREPARATION ---------------------------------------------------------
  i      Move to the configured initial joint posture

-- GRIPPER AND TOOL ----------------------------------------------------------
  o      Open the gripper
  c      Grasp the tool
  r      Recalibrate the gripper with empty fingers
  f      Pick up the tool from the holder
  b      Return the tool to the holder

-- PROGRAM -------------------------------------------------------------------
  e      Exit
------------------------------------------------------------------------------
  During control: e = stop | m = startup menu | g = guidance
------------------------------------------------------------------------------
Selection [s/h/t/g/i/o/c/r/f/b/e]: 
-- SELECTED MODE: PHASE SEQUENCE ---------------------------------------------

-- moving to q_init ----------------------------------------------------------
  case               saved_qinit
  q1..q7 [deg]     = [0.8, 12.1, -0.5, -130.9, -0.2, 142.9, 44.7] deg
  saved_qinit = [0.014777, 0.210911, -0.009320, -2.284835, -0.002725, 2.493410, 0.780694] rad
  q_init reached.

-- start pose ----------------------------------------------------------------
  q_start          = [0.9, 12.1, -0.5, -130.9, -0.1, 142.9, 44.7] deg
  p_start          = [    531.4,       2.5,     156.8] mm

==============================================================================
  RUN
==============================================================================

-- phase: approach_orient ----------------------------------------------------
  Kp [t1,t2,n]     = [    150.0,     150.0,     150.0] N/m
  Dp [t1,t2,n]     = [    133.7,      94.2,     128.3] Ns/m     auto (factor 1.90)
  KR [t1,t2,n]     = [    180.0,     180.0,      90.0] Nm/rad
  DR [t1,t2,n]     = [     15.3,      25.0,       2.0] Nms/rad  auto (factor 1.90)
orient:     t=  0.0 s | axis_err= 12.0 deg | spin_err=  0.9 deg
orient:     t=  0.2 s | axis_err= 10.6 deg | spin_err=  0.9 deg
orient:     t=  0.4 s | axis_err=  6.8 deg | spin_err=  0.6 deg
orient:     t=  0.6 s | axis_err=  2.8 deg | spin_err=  0.3 deg
orient:     t=  0.8 s | axis_err=  1.1 deg | spin_err=  0.2 deg
orient:     t=  1.0 s | axis_err=  1.0 deg | spin_err=  0.2 deg
orient:     t=  1.2 s | axis_err=  0.9 deg | spin_err=  0.2 deg
orient:     t=  1.4 s | axis_err=  0.9 deg | spin_err=  0.2 deg
orient:     t=  1.6 s | axis_err=  0.9 deg | spin_err=  0.2 deg
orient:     t=  1.8 s | axis_err=  0.9 deg | spin_err=  0.2 deg
orient:     t=  2.0 s | axis_err=  0.9 deg | spin_err=  0.2 deg
orient:     t=  2.2 s | axis_err=  0.9 deg | spin_err=  0.2 deg
orient:     t=  2.4 s | axis_err=  0.9 deg | spin_err=  0.2 deg
orient:     t=  2.6 s | axis_err=  0.9 deg | spin_err=  0.2 deg
orient:     t=  2.8 s | axis_err=  0.9 deg | spin_err=  0.2 deg
orient:     t=  3.0 s | axis_err=  0.9 deg | spin_err=  0.2 deg
orient:     t=  3.2 s | axis_err=  0.9 deg | spin_err=  0.2 deg
orient:     t=  3.4 s | axis_err=  0.9 deg | spin_err=  0.2 deg
orient:     t=  3.6 s | axis_err=  0.9 deg | spin_err=  0.2 deg
orient:     t=  3.8 s | axis_err=  0.9 deg | spin_err=  0.2 deg
orient:     t=  4.0 s | axis_err=  0.9 deg | spin_err=  0.2 deg
orient:     t=  4.2 s | axis_err=  0.9 deg | spin_err=  0.2 deg
orient:     t=  4.4 s | axis_err=  0.9 deg | spin_err=  0.2 deg
orient:     t=  4.6 s | axis_err=  0.9 deg | spin_err=  0.2 deg
orient:     t=  4.8 s | axis_err=  0.9 deg | spin_err=  0.2 deg
orient:     t=  5.0 s | axis_err=  0.9 deg | spin_err=  0.2 deg
orient:     t=  5.2 s | axis_err=  0.9 deg | spin_err=  0.2 deg
orient:     t=  5.4 s | axis_err=  0.9 deg | spin_err=  0.2 deg
orient:     t=  5.6 s | axis_err=  0.9 deg | spin_err=  0.2 deg
orient:     t=  5.8 s | axis_err=  0.9 deg | spin_err=  0.2 deg
orient:     t=  6.0 s | axis_err=  0.9 deg | spin_err=  0.2 deg
orient:     t=  6.2 s | axis_err=  0.9 deg | spin_err=  0.2 deg
orient:     t=  6.4 s | axis_err=  0.9 deg | spin_err=  0.2 deg
orient:     t=  6.6 s | axis_err=  0.9 deg | spin_err=  0.2 deg
orient:     t=  6.8 s | axis_err=  0.9 deg | spin_err=  0.2 deg
orient:     t=  7.0 s | axis_err=  0.9 deg | spin_err=  0.2 deg
orient:     t=  7.2 s | axis_err=  0.9 deg | spin_err=  0.2 deg
orient:     t=  7.4 s | axis_err=  0.9 deg | spin_err=  0.2 deg
orient:     t=  7.6 s | axis_err=  0.9 deg | spin_err=  0.2 deg
orient:     t=  7.8 s | axis_err=  0.9 deg | spin_err=  0.2 deg

Orientation settled short of the 0.9 deg gate after 8.0 s: axis_err=0.9 deg | spin_err=0.2 deg

-- phase: approach_descend ---------------------------------------------------
  Kp [t1,t2,n]     = [    150.0,     150.0,     150.0] N/m
  Dp [t1,t2,n]     = [    133.7,      94.2,     128.3] Ns/m     auto (factor 1.90)
  KR [t1,t2,n]     = [    180.0,     180.0,      90.0] Nm/rad
  DR [t1,t2,n]     = [     15.3,      25.0,       2.0] Nms/rad  auto (factor 1.90)
  descend to         20 mm clearance at 0.100 m/s
descend:    t=  0.0 s | distance=   0.1 mm | height=+120.6 mm (target 20.0) | force=  0.0 N
descend:    t=  0.2 s | distance=  20.2 mm | height=+110.8 mm (target 20.0) | force=  1.6 N
descend:    t=  0.4 s | distance=  40.3 mm | height= +96.2 mm (target 20.0) | force=  2.8 N
descend:    t=  0.6 s | distance=  60.4 mm | height= +80.4 mm (target 20.0) | force=  2.8 N
descend:    t=  0.8 s | distance=  80.5 mm | height= +63.7 mm (target 20.0) | force=  1.7 N
descend:    t=  1.0 s | distance= 100.6 mm | height= +47.1 mm (target 20.0) | force=  2.6 N
descend:    t=  1.2 s | distance= 120.7 mm | height= +30.3 mm (target 20.0) | force=  1.8 N

Clearance reached: distance=133.3 mm | height=20.0 mm | target=20.0 mm | force=1.7 N
  offset_ee        = [     20.0,     -60.0,      20.0] mm
  p_EE_at_contact  = [    515.9,      -0.3,      50.6] mm
  contact_point    = [    534.3,      53.9,      -1.7] mm
  edge_offset      = [     18.4,      54.2,     -52.3] mm

-- phase: setup --------------------------------------------------------------

-- setup impedance -----------------------------------------------------------
  law                wrench = K_TCP*dx + D_TCP*dv
                     K_TCP  = Ad(r_c)^T * blkdiag(Kp,KR) * Ad(r_c)
  Kp [t1,t2,n]     = [   2000.0,    2000.0,     350.0] N/m
  Dp [t1,t2,n]     = [    234.4,     174.5,     111.3] Ns/m     auto
  KR [t1,t2,n]     = [      5.0,       5.0,      50.0] Nm/rad
  DR [t1,t2,n]     = [      1.3,       2.1,       1.3] Nms/rad  auto
  p_c [EE]         = [      0.0,      10.0,      -0.0] mm       commanded in the tool frame
  r_c [t1,t2,n]    = [      0.0,       9.9,      -1.7] mm       p_TCP - p_c, in the plane
setup:     t=  0.0 s | ee=  0.0 deg | F=  0.1 N | M=  0.0 Nm (limit 150.0) | contact= 19.9 mm
setup:     t=  0.2 s | ee=  0.9 deg | F=  1.6 N | M=  0.8 Nm (limit 150.0) | contact=  7.2 mm
setup:     t=  0.4 s | ee=  1.3 deg | F= 12.8 N | M=  0.9 Nm (limit 150.0) | contact=  1.9 mm
setup:     t=  0.6 s | ee=  1.4 deg | F= 16.7 N | M=  0.7 Nm (limit 150.0) | contact=  1.8 mm
setup:     t=  0.8 s | ee=  1.4 deg | F= 22.2 N | M=  0.8 Nm (limit 150.0) | contact=  1.8 mm
setup:     t=  1.0 s | ee=  1.4 deg | F= 28.1 N | M=  0.8 Nm (limit 150.0) | contact=  1.8 mm
setup:     t=  1.2 s | ee=  1.4 deg | F= 34.2 N | M=  1.0 Nm (limit 150.0) | contact=  1.8 mm
setup:     t=  1.4 s | ee=  1.5 deg | F= 39.5 N | M=  1.1 Nm (limit 150.0) | contact=  1.9 mm
setup:     t=  1.6 s | ee=  1.6 deg | F= 44.8 N | M=  1.0 Nm (limit 150.0) | contact=  1.9 mm
setup:     t=  1.8 s | ee=  1.7 deg | F= 50.1 N | M=  1.0 Nm (limit 150.0) | contact=  2.0 mm
setup:     t=  2.0 s | ee=  2.0 deg | F= 57.3 N | M=  1.2 Nm (limit 150.0) | contact=  2.0 mm
setup:     t=  2.2 s | ee=  2.4 deg | F= 62.7 N | M=  1.4 Nm (limit 150.0) | contact=  2.1 mm
setup:     t=  2.4 s | ee=  2.9 deg | F= 67.3 N | M=  1.5 Nm (limit 150.0) | contact=  2.3 mm
setup:     t=  2.6 s | ee=  3.6 deg | F= 71.4 N | M=  1.6 Nm (limit 150.0) | contact=  2.5 mm
setup:     t=  2.8 s | ee=  4.6 deg | F= 76.0 N | M=  1.6 Nm (limit 150.0) | contact=  2.5 mm
setup:     t=  3.0 s | ee=  7.7 deg | F= 81.7 N | M=  2.3 Nm (limit 150.0) | contact=  2.8 mm
setup:     t=  3.2 s | ee= 10.9 deg | F= 84.6 N | M=  2.2 Nm (limit 150.0) | contact=  3.5 mm
setup:     t=  3.4 s | ee= 11.3 deg | F= 80.8 N | M=  2.1 Nm (limit 150.0) | contact=  3.5 mm
setup:     t=  3.6 s | ee= 11.2 deg | F= 80.6 N | M=  1.8 Nm (limit 150.0) | contact=  3.5 mm
setup:     t=  3.8 s | ee= 11.2 deg | F= 80.5 N | M=  1.8 Nm (limit 150.0) | contact=  3.5 mm
setup:     t=  4.0 s | ee= 11.2 deg | F= 80.5 N | M=  1.7 Nm (limit 150.0) | contact=  3.5 mm
setup:     t=  4.2 s | ee= 11.2 deg | F= 80.5 N | M=  1.7 Nm (limit 150.0) | contact=  3.5 mm
setup:     t=  4.4 s | ee= 11.2 deg | F= 80.4 N | M=  1.7 Nm (limit 150.0) | contact=  3.5 mm
setup:     t=  4.6 s | ee= 11.2 deg | F= 80.4 N | M=  1.7 Nm (limit 150.0) | contact=  3.5 mm
setup:     t=  4.8 s | ee= 11.2 deg | F= 80.4 N | M=  1.7 Nm (limit 150.0) | contact=  3.5 mm

==============================================================================
  SETUP RESULT
==============================================================================
  stop: time | t=5.0 s | ee=11.2 deg | F=80.3 N | M_TCP=1.7 Nm
  contact_from_start = [-3.0, -1.4, -1.3] mm | norm=3.5 mm
  tcp_from_contact  = [-20.9, -61.4, +20.6] mm | norm=68.0 mm
  deviation: before=9.27 deg | after=3.24 deg | gain=+6.03 deg
  t_align: not reached | tolerance=2.00 deg | hold=0.30 s
  deviation components [t1,t2,n] deg: before=[+9.25,-0.68,-0.00] | after=[-1.81,-2.68,+0.00]

-- setup surface-frame breakdown ---------------------------------------------
  frame              alignment-target [tangent1, tangent2, normal]
  force        [N]      = [    +4.74,    +12.56,    -79.20]
  tcp_disp     [mm]     = [    -1.90,     -6.27,    -31.93]
  contact_disp [mm]     = [    -2.93,     -1.34,     -1.35]
  Kp_eff=F/tcp [N/m]    = [  -2490.2,   -2003.0,    2480.1]
  M_contact    [Nm]     = [    +5.60,     +0.00,     -0.10]
  ee_angle     [deg]    = [   -11.06,     -2.02,     -0.14]
  KR_eff=M/ang [Nm/rad] = [    -29.0,      -0.0,      44.3]
  frame              tool face [length, width, tool axis]
  M_contact    [Nm]     = [    +0.02,     -5.60,     -0.16]

-- center of compliance ------------------------------------------------------
  definition         r_c = p_TCP - p_c
  p_TCP [x,y,z]    = [    513.4,      -7.5,      18.9] mm
  p_c [EE]         = [      0.0,      10.0,      -0.0] mm
  r_c [t1,t2,n]    = [     -0.0,      10.0,       0.3] mm
                     p_c resolved at end of setup

-- effective TCP impedance ---------------------------------------------------
  K_TCP translation = [   1999.5,    1998.7,     351.8] N/m
  K_TCP rotation   = [      5.0,       5.0,      50.2] Nm/rad
  commanded KR was = [      5.0,       5.0,      50.0] Nm/rad   including lever contribution
  D_TCP translation = [    234.4,     174.4,     111.4] Ns/m
  D_TCP rotation   = [      1.3,       2.1,       1.3] Nms/rad
  coupling           max |moment per unit translation| = 20.0 Nm/m (K), 2.3 Nms/m (D)
  eigenvalues        K_TCP 5.00 .. 2000 | D_TCP 1.27 .. 234  (both positive: valid springs)

  K_TCP [N/m, Nm/rad | rows fx..mz, cols tx..rz]:
           tx        ty        tz    |    rx        ry        rz
  fx [    2000  -0.7871   -28.44 |   0.2844   0.0516    19.99 ]
  fy [ -0.7871     1999   -45.62 |   0.4056 0.001537  0.06036 ]
  fz [  -28.44   -45.62    351.8 |   -3.516 -0.01273  -0.2859 ]
     ---------------------------+---------------------------
  mx [  0.2844   0.4056   -3.516 |    5.049  0.02159   0.7785 ]
  my [  0.0516 0.001537 -0.01273 |  0.02159    5.034    1.245 ]
  mz [   19.99  0.06036  -0.2859 |   0.7785    1.245    50.15 ]

  D_TCP [Ns/m, Nms/rad]:
           tx        ty        tz    |    rx        ry        rz
  fx [   234.4 -0.05871   -2.121 |  0.02121 0.006007    2.344 ]
  fy [-0.05871    174.4   -1.746 |  0.01304 5.811e-05 0.005368 ]
  fz [  -2.121   -1.746    111.4 |   -1.114 -0.003857 -0.02127 ]
     ---------------------------+---------------------------
  mx [ 0.02121  0.01304   -1.114 |    1.279 6.058e-05 0.001008 ]
  my [0.006007 5.811e-05 -0.003857 | 6.058e-05    2.052 -0.02036 ]
  mz [   2.344 0.005368 -0.02127 | 0.001008 -0.02036    1.338 ]

[GATE] Set up finished (still pressing). Press Enter to start the grind (e+Enter stops).

Stop requested with e + Enter. Finishing control loop...

-- joint motion [deg] --------------------------------------------------------
  joint       start    final    delta
  q1            0.9     -8.7     -9.5
  q2           12.1     30.3    +18.2
  q3           -0.5      6.9     +7.4
  q4         -130.9   -128.7     +2.2
  q5           -0.1     -8.7     -8.6
  q6          142.9    153.4    +10.6
  q7           44.7     50.2     +5.5

==============================================================================
  FINAL RESULT
==============================================================================
  p_d              = [    511.4,      -7.5,    -209.2] mm
  p_EE             = [    513.4,      -7.5,      18.9] mm
  e_p              = [     -2.0,      -0.0,    -228.1] mm
  e_R              = [   -11.06,     -2.02,      0.11] deg
------------------------------------------------------------------------------
  position error     228.15 mm
  rotation error     11.25 deg
  csv                logs/surface_grinding_controller_log.csv
------------------------------------------------------------------------------
