
==============================================================================
  SURFACE GRINDING CONTROLLER
==============================================================================
  robot              172.16.0.2
  parameters         /home/hm-panda/Desktop/Thesis_Final_Control/surface_grinding_controller/params
------------------------------------------------------------------------------

==============================================================================
  SURFACE GRINDING CONTROLLER - STARTUP MENU
==============================================================================

-- RUN MODES -----------------------------------------------------------------
  s      Run orientation, approach, setup, and grinding
  h      Cartesian pose hold at the initial posture
  t      Cartesian pose hold with the setup impedance
  g      Start manual guidance from the current robot pose

-- ROBOT PREPARATION ---------------------------------------------------------
  i      Move to the configured initial joint posture

-- GRIPPER AND TOOL ----------------------------------------------------------
  o      Open the gripper
  c      Grasp the tool
  r      Recalibrate the gripper with empty fingers
  f      Pick up the tool from the holder
  b      Return the tool to the holder

-- PROGRAM -------------------------------------------------------------------
  e      Exit
------------------------------------------------------------------------------
  During control: e = stop | m = startup menu | g = guidance
------------------------------------------------------------------------------
Selection [s/h/t/g/i/o/c/r/f/b/e]: 
-- SELECTED MODE: PHASE SEQUENCE ---------------------------------------------

-- moving to q_init ----------------------------------------------------------
  case               saved_qinit
  q1..q7 [deg]     = [0.8, 12.1, -0.5, -130.9, -0.2, 142.9, 44.7] deg
  saved_qinit = [0.014777, 0.210911, -0.009320, -2.284835, -0.002725, 2.493410, 0.780694] rad
  q_init reached.

-- start pose ----------------------------------------------------------------
  q_start          = [0.9, 12.1, -0.5, -130.9, -0.1, 142.9, 44.7] deg
  p_start          = [    531.3,       2.5,     156.8] mm

==============================================================================
  RUN
==============================================================================

-- phase: approach_orient ----------------------------------------------------
  Kp [t1,t2,n]     = [    150.0,     150.0,     150.0] N/m
  Dp [t1,t2,n]     = [    133.7,      94.2,     128.3] Ns/m     auto (factor 1.90)
  KR [t1,t2,n]     = [    180.0,     180.0,      90.0] Nm/rad
  DR [t1,t2,n]     = [     15.3,      25.0,       2.0] Nms/rad  auto (factor 1.90)
orient:     t=  0.0 s | axis_err=  8.5 deg | spin_err=  0.5 deg
orient:     t=  0.2 s | axis_err=  7.3 deg | spin_err=  0.3 deg
orient:     t=  0.4 s | axis_err=  3.3 deg | spin_err=  0.2 deg
orient:     t=  0.6 s | axis_err=  1.1 deg | spin_err=  0.2 deg
orient:     t=  0.8 s | axis_err=  0.9 deg | spin_err=  0.3 deg

Orientation reached: axis_err=0.9 deg | spin_err=0.2 deg

-- phase: approach_descend ---------------------------------------------------
  Kp [t1,t2,n]     = [    150.0,     150.0,     150.0] N/m
  Dp [t1,t2,n]     = [    133.7,      94.2,     128.3] Ns/m     auto (factor 1.90)
  KR [t1,t2,n]     = [    180.0,     180.0,      90.0] Nm/rad
  DR [t1,t2,n]     = [     15.3,      25.0,       2.0] Nms/rad  auto (factor 1.90)
  descend to         20 mm clearance at 0.100 m/s
descend:    t=  0.0 s | distance=   0.1 mm | height=+121.8 mm (target 20.0) | force=  0.0 N
descend:    t=  0.2 s | distance=  20.2 mm | height=+111.3 mm (target 20.0) | force=  1.8 N
descend:    t=  0.4 s | distance=  40.3 mm | height= +96.2 mm (target 20.0) | force=  2.3 N
descend:    t=  0.6 s | distance=  60.4 mm | height= +80.3 mm (target 20.0) | force=  3.4 N
descend:    t=  0.8 s | distance=  80.5 mm | height= +63.2 mm (target 20.0) | force=  2.2 N
descend:    t=  1.0 s | distance= 100.6 mm | height= +46.5 mm (target 20.0) | force=  3.2 N
descend:    t=  1.2 s | distance= 120.7 mm | height= +29.3 mm (target 20.0) | force=  1.6 N

Clearance reached: distance=132.0 mm | height=20.0 mm | target=20.0 mm | force=2.4 N
  offset_ee        = [     20.0,      60.0,      20.0] mm
  p_EE_at_contact  = [    516.8,       1.6,      49.8] mm
  contact_point    = [    535.2,     -55.8,       1.3] mm
  edge_offset      = [     18.4,     -57.5,     -48.4] mm

-- phase: setup --------------------------------------------------------------

-- setup impedance -----------------------------------------------------------
  law                wrench = K_TCP*dx + D_TCP*dv
                     K_TCP  = Ad(r_c)^T * blkdiag(Kp,KR) * Ad(r_c)
  Kp [t1,t2,n]     = [   2000.0,    2000.0,     350.0] N/m
  Dp [t1,t2,n]     = [    231.2,     178.0,     112.1] Ns/m     auto
  KR [t1,t2,n]     = [      5.0,       5.0,      50.0] Nm/rad
  DR [t1,t2,n]     = [      1.5,       1.9,       1.2] Nms/rad  auto
  p_c [EE]         = [      0.0,       0.0,     -40.0] mm       commanded in the tool frame
  r_c [t1,t2,n]    = [     -1.4,       6.2,     -39.5] mm       p_TCP - p_c, in the plane
setup:     t=  0.0 s | ee=  0.0 deg | F=  0.2 N | M=  0.1 Nm (limit 150.0) | contact= 19.9 mm
setup:     t=  0.2 s | ee=  1.0 deg | F=  1.1 N | M=  0.9 Nm (limit 150.0) | contact=  7.4 mm
setup:     t=  0.4 s | ee=  1.7 deg | F= 19.0 N | M= 10.0 Nm (limit 150.0) | contact=  4.6 mm
setup:     t=  0.6 s | ee=  1.8 deg | F= 15.7 N | M=  8.9 Nm (limit 150.0) | contact=  4.7 mm
setup:     t=  0.8 s | ee=  1.8 deg | F= 20.9 N | M= 11.6 Nm (limit 150.0) | contact=  4.8 mm
setup:     t=  1.0 s | ee=  1.8 deg | F= 26.4 N | M= 14.4 Nm (limit 150.0) | contact=  4.9 mm
setup:     t=  1.2 s | ee=  1.8 deg | F= 31.5 N | M= 17.1 Nm (limit 150.0) | contact=  5.1 mm
setup:     t=  1.4 s | ee=  1.8 deg | F= 37.8 N | M= 20.3 Nm (limit 150.0) | contact=  5.2 mm
setup:     t=  1.6 s | ee=  1.8 deg | F= 43.2 N | M= 23.1 Nm (limit 150.0) | contact=  5.3 mm
setup:     t=  1.8 s | ee=  1.8 deg | F= 48.8 N | M= 25.9 Nm (limit 150.0) | contact=  5.5 mm
setup:     t=  2.0 s | ee=  1.9 deg | F= 54.5 N | M= 28.8 Nm (limit 150.0) | contact=  5.6 mm
setup:     t=  2.2 s | ee=  1.9 deg | F= 60.5 N | M= 31.9 Nm (limit 150.0) | contact=  5.8 mm
setup:     t=  2.4 s | ee=  1.9 deg | F= 65.6 N | M= 34.5 Nm (limit 150.0) | contact=  5.9 mm
setup:     t=  2.6 s | ee=  2.0 deg | F= 71.0 N | M= 37.2 Nm (limit 150.0) | contact=  6.0 mm
setup:     t=  2.8 s | ee=  2.2 deg | F= 77.9 N | M= 40.7 Nm (limit 150.0) | contact=  6.1 mm
setup:     t=  3.0 s | ee=  2.5 deg | F= 81.3 N | M= 42.6 Nm (limit 150.0) | contact=  6.2 mm
setup:     t=  3.2 s | ee=  3.0 deg | F= 87.9 N | M= 45.8 Nm (limit 150.0) | contact=  6.3 mm
setup:     t=  3.4 s | ee=  4.4 deg | F= 79.9 N | M= 41.8 Nm (limit 150.0) | contact=  6.1 mm
setup:     t=  3.6 s | ee=  5.6 deg | F= 80.0 N | M= 42.0 Nm (limit 150.0) | contact=  6.2 mm
setup:     t=  3.8 s | ee=  6.4 deg | F= 80.2 N | M= 42.2 Nm (limit 150.0) | contact=  6.3 mm
setup:     t=  4.0 s | ee=  7.1 deg | F= 79.8 N | M= 41.9 Nm (limit 150.0) | contact=  6.3 mm
setup:     t=  4.2 s | ee=  7.3 deg | F= 80.2 N | M= 42.1 Nm (limit 150.0) | contact=  6.2 mm
setup:     t=  4.4 s | ee=  7.3 deg | F= 80.3 N | M= 42.2 Nm (limit 150.0) | contact=  6.2 mm
setup:     t=  4.6 s | ee=  7.3 deg | F= 80.3 N | M= 42.2 Nm (limit 150.0) | contact=  6.2 mm
setup:     t=  4.8 s | ee=  7.3 deg | F= 80.3 N | M= 42.2 Nm (limit 150.0) | contact=  6.2 mm

==============================================================================
  SETUP RESULT
==============================================================================
  stop: time | t=5.0 s | ee=7.3 deg | F=80.4 N | M=42.3 Nm
  contact_from_start = [-4.3, +0.8, -4.5] mm | norm=6.2 mm
  tcp_from_contact  = [-21.6, +60.8, +17.8] mm | norm=66.9 mm
  deviation: before=9.27 deg | after=3.90 deg | gain=+5.38 deg
  deviation components [t1,t2,n] deg: before=[-9.26,-0.46,-0.00] | after=[-2.44,-3.04,-0.00]

-- setup surface-frame breakdown ---------------------------------------------
  frame              alignment-target [tangent1, tangent2, normal]
  force        [N]      = [    +0.28,    -18.42,    -78.25]
  tcp_disp     [mm]     = [    -2.61,     +4.21,    -30.58]
  contact_disp [mm]     = [    -4.21,     +0.90,     -4.53]
  Kp_eff=F/tcp [N/m]    = [   -108.4,   -4373.0,    2559.1]
  M_contact    [Nm]     = [    -2.96,    +39.88,     -8.72]
  tip_angle    [deg]    = [    +6.84,     -2.63,     +0.37]
  KR_eff=M/ang [Nm/rad] = [    -24.8,    -867.6,   -1363.3]
  frame              tool face [length, width, tool axis]
  M_contact    [Nm]     = [   -39.44,     +2.85,    +10.55]

-- center of compliance ------------------------------------------------------
  definition         r_c = p_TCP - p_c
  p_TCP [x,y,z]    = [    513.7,       5.0,      19.1] mm
  p_c [EE]         = [     -0.0,      -0.0,     -40.0] mm
  r_c [t1,t2,n]    = [     -3.2,       1.4,     -39.8] mm
                     p_c resolved at end of setup

-- effective TCP impedance ---------------------------------------------------
  K_TCP translation = [   1999.5,    1998.7,     351.8] N/m
  K_TCP rotation   = [      8.2,       8.2,      50.0] Nm/rad
  commanded KR was = [      5.0,       5.0,      50.0] Nm/rad   including lever contribution
  D_TCP translation = [    231.2,     177.9,     112.2] Ns/m
  D_TCP rotation   = [      1.8,       2.3,       1.2] Nms/rad
  coupling           max |moment per unit translation| = 79.7 Nm/m (K), 9.2 Nms/m (D)
  eigenvalues        K_TCP 4.99 .. 2003 | D_TCP 1.20 .. 232  (both positive: valid springs)

  K_TCP [N/m, Nm/rad | rows fx..mz, cols tx..rz]:
           tx        ty        tz    |    rx        ry        rz
  fx [    2000  -0.7871   -28.44 |  0.04105    79.71   0.6797 ]
  fy [ -0.7871     1999   -45.62 |   -79.56    0.145    7.726 ]
  fz [  -28.44   -45.62    351.8 |    1.696   -2.492  -0.1861 ]
     ---------------------------+---------------------------
  mx [ 0.04105   -79.56    1.696 |     8.18  0.01654   0.4681 ]
  my [   79.71    0.145   -2.492 |  0.01654    8.218    1.272 ]
  mz [  0.6797    7.726  -0.1861 |   0.4681    1.272    49.98 ]

  D_TCP [Ns/m, Nms/rad]:
           tx        ty        tz    |    rx        ry        rz
  fx [   231.2 -0.05681   -2.053 | 0.002963    9.211  0.07871 ]
  fy [-0.05681    177.9   -1.821 |   -7.083 0.004777   0.6877 ]
  fz [  -2.053   -1.821    112.2 |  0.03418  -0.5154 -0.007739 ]
     ---------------------------+---------------------------
  mx [0.002963   -7.083  0.03418 |    1.771 -0.0001513 -0.03233 ]
  my [   9.211 0.004777  -0.5154 | -0.0001513    2.266 -0.01609 ]
  mz [ 0.07871   0.6877 -0.007739 | -0.03233 -0.01609    1.205 ]

[GATE] Set up finished (still pressing). Press Enter to start the grind (e+Enter stops).

Stop requested with e + Enter. Finishing control loop...

-- joint motion [deg] --------------------------------------------------------
  joint       start    final    delta
  q1            0.9      5.3     +4.4
  q2           12.1     30.2    +18.1
  q3           -0.5     -4.2     -3.6
  q4         -130.9   -128.5     +2.4
  q5           -0.1      6.1     +6.2
  q6          142.9    153.0    +10.1
  q7           44.7     41.6     -3.1

==============================================================================
  FINAL RESULT
==============================================================================
  p_d              = [    512.3,      -5.5,    -210.1] mm
  p_EE             = [    513.7,       5.0,      19.1] mm
  e_p              = [     -1.3,     -10.6,    -229.2] mm
  e_R              = [     6.85,     -2.63,      0.32] deg
------------------------------------------------------------------------------
  position error     229.47 mm
  rotation error     7.34 deg
  csv                logs/surface_grinding_controller_log.csv
------------------------------------------------------------------------------
