
==============================================================================
  SURFACE GRINDING CONTROLLER
==============================================================================
  robot              172.16.0.2
  parameters         /home/hm-panda/Desktop/Thesis_Final_Control/surface_grinding_controller/params
------------------------------------------------------------------------------

==============================================================================
  SURFACE GRINDING CONTROLLER - STARTUP MENU
==============================================================================

-- RUN MODES -----------------------------------------------------------------
  s      Run orientation, approach, setup, and grinding
  h      Cartesian pose hold at the initial posture
  t      Cartesian pose hold with the setup impedance
  g      Start manual guidance from the current robot pose

-- ROBOT PREPARATION ---------------------------------------------------------
  i      Move to the configured initial joint posture

-- GRIPPER AND TOOL ----------------------------------------------------------
  o      Open the gripper
  c      Grasp the tool
  r      Recalibrate the gripper with empty fingers
  f      Pick up the tool from the holder
  b      Return the tool to the holder

-- PROGRAM -------------------------------------------------------------------
  e      Exit
------------------------------------------------------------------------------
  During control: e = stop | m = startup menu | g = guidance
------------------------------------------------------------------------------
Selection [s/h/t/g/i/o/c/r/f/b/e]: 
-- SELECTED MODE: PHASE SEQUENCE ---------------------------------------------

-- moving to q_init ----------------------------------------------------------
  case               saved_qinit
  q1..q7 [deg]     = [0.8, 12.1, -0.5, -130.9, -0.2, 142.9, 44.7] deg
  saved_qinit = [0.014777, 0.210911, -0.009320, -2.284835, -0.002725, 2.493410, 0.780694] rad
  q_init reached.

-- start pose ----------------------------------------------------------------
  q_start          = [0.9, 12.1, -0.5, -130.9, -0.1, 142.9, 44.7] deg
  p_start          = [    531.3,       2.5,     156.9] mm

==============================================================================
  RUN
==============================================================================

-- phase: approach_orient ----------------------------------------------------
  Kp [t1,t2,n]     = [    150.0,     150.0,     150.0] N/m
  Dp [t1,t2,n]     = [    133.7,      94.2,     128.3] Ns/m     auto (factor 1.90)
  KR [t1,t2,n]     = [    180.0,     180.0,      90.0] Nm/rad
  DR [t1,t2,n]     = [     15.3,      25.0,       2.0] Nms/rad  auto (factor 1.90)
orient:     t=  0.0 s | axis_err=  8.5 deg | spin_err=  0.5 deg
orient:     t=  0.2 s | axis_err=  7.2 deg | spin_err=  0.2 deg
orient:     t=  0.4 s | axis_err=  3.2 deg | spin_err=  0.2 deg
orient:     t=  0.6 s | axis_err=  1.0 deg | spin_err=  0.3 deg
orient:     t=  0.8 s | axis_err=  0.8 deg | spin_err=  0.2 deg

Orientation reached: axis_err=0.8 deg | spin_err=0.2 deg

-- phase: approach_descend ---------------------------------------------------
  Kp [t1,t2,n]     = [    150.0,     150.0,     150.0] N/m
  Dp [t1,t2,n]     = [    133.7,      94.2,     128.3] Ns/m     auto (factor 1.90)
  KR [t1,t2,n]     = [    180.0,     180.0,      90.0] Nm/rad
  DR [t1,t2,n]     = [     15.3,      25.0,       2.0] Nms/rad  auto (factor 1.90)
  descend to         20 mm clearance at 0.100 m/s
descend:    t=  0.0 s | distance=   0.1 mm | height=+121.5 mm (target 20.0) | force=  0.1 N
descend:    t=  0.2 s | distance=  20.2 mm | height=+110.7 mm (target 20.0) | force=  2.3 N
descend:    t=  0.4 s | distance=  40.3 mm | height= +95.6 mm (target 20.0) | force=  2.5 N
descend:    t=  0.6 s | distance=  60.4 mm | height= +79.4 mm (target 20.0) | force=  2.8 N
descend:    t=  0.8 s | distance=  80.5 mm | height= +62.3 mm (target 20.0) | force=  3.4 N
descend:    t=  1.0 s | distance= 100.6 mm | height= +45.2 mm (target 20.0) | force=  3.6 N
descend:    t=  1.2 s | distance= 120.7 mm | height= +27.9 mm (target 20.0) | force=  3.5 N

Clearance reached: distance=130.2 mm | height=20.0 mm | target=20.0 mm | force=2.5 N
  offset_ee        = [     20.0,      60.0,      20.0] mm
  p_EE_at_contact  = [    516.4,       1.4,      49.8] mm
  contact_point    = [    534.9,     -56.0,       1.4] mm
  edge_offset      = [     18.5,     -57.4,     -48.4] mm

-- phase: setup --------------------------------------------------------------

-- setup impedance -----------------------------------------------------------
  law                wrench = K_TCP*dx + D_TCP*dv
                     K_TCP  = Ad(r_c)^T * blkdiag(Kp,KR) * Ad(r_c)
  Kp [t1,t2,n]     = [   2000.0,    2000.0,     350.0] N/m
  Dp [t1,t2,n]     = [    231.1,     178.0,     112.2] Ns/m     auto
  KR [t1,t2,n]     = [      5.0,       5.0,      50.0] Nm/rad
  DR [t1,t2,n]     = [      1.5,       1.9,       1.2] Nms/rad  auto
  p_c [EE]         = [      0.0,       0.0,       0.0] mm       commanded in the tool frame
  r_c [t1,t2,n]    = [      0.0,      -0.0,       0.0] mm       p_TCP - p_c, in the plane
setup:     t=  0.0 s | ee=  0.0 deg | F=  0.0 N | M=  0.0 Nm (limit 150.0) | contact= 19.9 mm
setup:     t=  0.2 s | ee=  0.8 deg | F=  0.7 N | M=  0.7 Nm (limit 150.0) | contact=  7.2 mm
setup:     t=  0.4 s | ee=  1.5 deg | F= 19.9 N | M= 10.3 Nm (limit 150.0) | contact=  3.4 mm
setup:     t=  0.6 s | ee=  1.5 deg | F= 16.0 N | M=  8.8 Nm (limit 150.0) | contact=  3.5 mm
setup:     t=  0.8 s | ee=  1.5 deg | F= 21.3 N | M= 11.6 Nm (limit 150.0) | contact=  3.6 mm
setup:     t=  1.0 s | ee=  1.5 deg | F= 26.7 N | M= 14.4 Nm (limit 150.0) | contact=  3.7 mm
setup:     t=  1.2 s | ee=  1.6 deg | F= 32.5 N | M= 17.3 Nm (limit 150.0) | contact=  3.9 mm
setup:     t=  1.4 s | ee=  1.6 deg | F= 38.2 N | M= 20.2 Nm (limit 150.0) | contact=  4.0 mm
setup:     t=  1.6 s | ee=  1.6 deg | F= 44.0 N | M= 23.2 Nm (limit 150.0) | contact=  4.2 mm
setup:     t=  1.8 s | ee=  1.6 deg | F= 50.2 N | M= 26.3 Nm (limit 150.0) | contact=  4.3 mm
setup:     t=  2.0 s | ee=  1.7 deg | F= 55.4 N | M= 28.9 Nm (limit 150.0) | contact=  4.5 mm
setup:     t=  2.2 s | ee=  1.7 deg | F= 60.7 N | M= 31.6 Nm (limit 150.0) | contact=  4.6 mm
setup:     t=  2.4 s | ee=  2.0 deg | F= 66.3 N | M= 34.5 Nm (limit 150.0) | contact=  4.8 mm
setup:     t=  2.6 s | ee=  2.3 deg | F= 71.7 N | M= 37.3 Nm (limit 150.0) | contact=  4.8 mm
setup:     t=  2.8 s | ee=  2.9 deg | F= 74.6 N | M= 38.9 Nm (limit 150.0) | contact=  5.0 mm
setup:     t=  3.0 s | ee=  4.8 deg | F= 80.6 N | M= 42.1 Nm (limit 150.0) | contact=  5.0 mm
setup:     t=  3.2 s | ee=  7.0 deg | F= 85.1 N | M= 44.4 Nm (limit 150.0) | contact=  5.0 mm
setup:     t=  3.4 s | ee=  7.9 deg | F= 79.0 N | M= 41.4 Nm (limit 150.0) | contact=  4.8 mm
setup:     t=  3.6 s | ee=  7.8 deg | F= 79.9 N | M= 41.8 Nm (limit 150.0) | contact=  4.9 mm
setup:     t=  3.8 s | ee=  7.8 deg | F= 79.8 N | M= 41.8 Nm (limit 150.0) | contact=  4.9 mm
setup:     t=  4.0 s | ee=  7.8 deg | F= 79.8 N | M= 41.8 Nm (limit 150.0) | contact=  4.9 mm
setup:     t=  4.2 s | ee=  7.8 deg | F= 79.8 N | M= 41.8 Nm (limit 150.0) | contact=  4.9 mm
setup:     t=  4.4 s | ee=  7.8 deg | F= 79.8 N | M= 41.8 Nm (limit 150.0) | contact=  4.9 mm
setup:     t=  4.6 s | ee=  7.8 deg | F= 79.8 N | M= 41.8 Nm (limit 150.0) | contact=  4.9 mm
setup:     t=  4.8 s | ee=  7.8 deg | F= 79.6 N | M= 41.7 Nm (limit 150.0) | contact=  4.9 mm

==============================================================================
  SETUP RESULT
==============================================================================
  stop: time | t=5.0 s | ee=7.8 deg | F=79.7 N | M=41.7 Nm
  contact_from_start = [-2.4, +1.3, -4.0] mm | norm=4.9 mm
  tcp_from_contact  = [-20.2, +61.6, +17.3] mm | norm=67.0 mm
  deviation: before=9.32 deg | after=2.80 deg | gain=+6.53 deg
  deviation components [t1,t2,n] deg: before=[-9.31,-0.42,-0.00] | after=[-1.73,-2.20,-0.00]

-- setup surface-frame breakdown ---------------------------------------------
  frame              alignment-target [tangent1, tangent2, normal]
  force        [N]      = [    +1.79,     -9.27,    -79.12]
  tcp_disp     [mm]     = [    -1.16,     +5.01,    -31.09]
  contact_disp [mm]     = [    -2.34,     +1.42,     -4.04]
  Kp_eff=F/tcp [N/m]    = [  -1544.1,   -1851.1,    2545.2]
  M_contact    [Nm]     = [    -5.42,    +40.08,     -4.56]
  tip_angle    [deg]    = [    +7.60,     -1.83,     +0.34]
  KR_eff=M/ang [Nm/rad] = [    -40.9,   -1255.8,    -780.2]
  frame              tool face [length, width, tool axis]
  M_contact    [Nm]     = [   -39.88,     +5.55,     +5.98]

-- center of compliance ------------------------------------------------------
  definition         r_c = p_TCP - p_c
  p_TCP [x,y,z]    = [    514.7,       5.6,      18.6] mm
  p_c [EE]         = [     -0.0,      -0.0,      -0.0] mm
  r_c [t1,t2,n]    = [      0.0,       0.0,       0.0] mm
                     p_c resolved at end of setup

-- effective TCP impedance ---------------------------------------------------
  K_TCP translation = [   1999.5,    1998.7,     351.8] N/m
  K_TCP rotation   = [      5.0,       5.0,      50.0] Nm/rad
  commanded KR was = [      5.0,       5.0,      50.0] Nm/rad   including lever contribution
  D_TCP translation = [    231.1,     178.0,     112.2] Ns/m
  D_TCP rotation   = [      1.5,       1.9,       1.2] Nms/rad
  coupling           max |moment per unit translation| = 0.0 Nm/m (K), 0.0 Nms/m (D)
  eigenvalues        K_TCP 5.00 .. 2000 | D_TCP 1.20 .. 231  (both positive: valid springs)

  K_TCP [N/m, Nm/rad | rows fx..mz, cols tx..rz]:
           tx        ty        tz    |    rx        ry        rz
  fx [    2000  -0.7871   -28.44 |        0        0        0 ]
  fy [ -0.7871     1999   -45.62 |        0        0        0 ]
  fz [  -28.44   -45.62    351.8 |        0        0        0 ]
     ---------------------------+---------------------------
  mx [       0        0        0 |    5.013  0.02147   0.7756 ]
  my [       0        0        0 |  0.02147    5.034    1.244 ]
  mz [       0        0        0 |   0.7756    1.244    49.95 ]

  D_TCP [Ns/m, Nms/rad]:
           tx        ty        tz    |    rx        ry        rz
  fx [   231.1 -0.05674    -2.05 |        0        0        0 ]
  fy [-0.05674      178   -1.821 |        0        0        0 ]
  fz [   -2.05   -1.821    112.2 |        0        0        0 ]
     ---------------------------+---------------------------
  mx [       0        0        0 |    1.491 -0.0001369 -0.004948 ]
  my [       0        0        0 | -0.0001369    1.894 -0.01908 ]
  mz [       0        0        0 | -0.004948 -0.01908    1.205 ]

[GATE] Set up finished (still pressing). Press Enter to start the grind (e+Enter stops).

Stop requested with e + Enter. Finishing control loop...

-- joint motion [deg] --------------------------------------------------------
  joint       start    final    delta
  q1            0.9      5.6     +4.8
  q2           12.1     30.3    +18.2
  q3           -0.5     -4.4     -3.8
  q4         -130.9   -128.9     +2.0
  q5           -0.1      4.9     +5.0
  q6          142.9    154.3    +11.4
  q7           44.7     42.8     -1.9

==============================================================================
  FINAL RESULT
==============================================================================
  p_d              = [    511.9,      -5.8,    -210.0] mm
  p_EE             = [    514.7,       5.6,      18.6] mm
  e_p              = [     -2.8,     -11.3,    -228.6] mm
  e_R              = [     7.60,     -1.82,      0.25] deg
------------------------------------------------------------------------------
  position error     228.93 mm
  rotation error     7.82 deg
  csv                logs/surface_grinding_controller_log.csv
------------------------------------------------------------------------------
