
==============================================================================
  SURFACE GRINDING CONTROLLER
==============================================================================
  robot              172.16.0.2
  parameters         /home/hm-panda/Desktop/Thesis_Final_Control/surface_grinding_controller/params
------------------------------------------------------------------------------

==============================================================================
  SURFACE GRINDING CONTROLLER - STARTUP MENU
==============================================================================

-- RUN MODES -----------------------------------------------------------------
  s      Run orientation, approach, setup, and grinding
  h      Cartesian pose hold at the initial posture
  t      Cartesian pose hold with the setup impedance
  g      Start manual guidance from the current robot pose

-- ROBOT PREPARATION ---------------------------------------------------------
  i      Move to the configured initial joint posture

-- GRIPPER AND TOOL ----------------------------------------------------------
  o      Open the gripper
  c      Grasp the tool
  r      Recalibrate the gripper with empty fingers
  f      Pick up the tool from the holder
  b      Return the tool to the holder

-- PROGRAM -------------------------------------------------------------------
  e      Exit
------------------------------------------------------------------------------
  During control: e = stop | m = startup menu | g = guidance
------------------------------------------------------------------------------
Selection [s/h/t/g/i/o/c/r/f/b/e]: 
-- SELECTED MODE: PHASE SEQUENCE ---------------------------------------------

-- moving to q_init ----------------------------------------------------------
  case               saved_qinit
  q1..q7 [deg]     = [0.8, 12.1, -0.5, -130.9, -0.2, 142.9, 44.7] deg
  saved_qinit = [0.014777, 0.210911, -0.009320, -2.284835, -0.002725, 2.493410, 0.780694] rad
  q_init reached.

-- start pose ----------------------------------------------------------------
  q_start          = [0.9, 12.1, -0.5, -130.9, -0.1, 142.9, 44.7] deg
  p_start          = [    531.3,       2.5,     156.8] mm

==============================================================================
  RUN
==============================================================================

-- phase: approach_orient ----------------------------------------------------
  Kp [t1,t2,n]     = [    150.0,     150.0,     150.0] N/m
  Dp [t1,t2,n]     = [    133.7,      94.2,     128.3] Ns/m     auto (factor 1.90)
  KR [t1,t2,n]     = [    300.0,     300.0,      90.0] Nm/rad
  DR [t1,t2,n]     = [     19.8,      32.3,       2.0] Nms/rad  auto (factor 1.90)
orient:     t=  0.0 s | axis_err=  8.5 deg | spin_err=  0.5 deg
orient:     t=  0.2 s | axis_err=  6.5 deg | spin_err=  0.2 deg
orient:     t=  0.4 s | axis_err=  2.5 deg | spin_err=  0.3 deg
orient:     t=  0.6 s | axis_err=  0.6 deg | spin_err=  0.1 deg
orient:     t=  0.8 s | axis_err=  0.5 deg | spin_err=  0.2 deg

Orientation reached: axis_err=0.5 deg | spin_err=0.1 deg

-- phase: approach_descend ---------------------------------------------------
  Kp [t1,t2,n]     = [    150.0,     150.0,     150.0] N/m
  Dp [t1,t2,n]     = [    133.7,      94.2,     128.3] Ns/m     auto (factor 1.90)
  KR [t1,t2,n]     = [    300.0,     300.0,      90.0] Nm/rad
  DR [t1,t2,n]     = [     19.8,      32.3,       2.0] Nms/rad  auto (factor 1.90)
  descend to         20 mm clearance at 0.100 m/s
descend:    t=  0.0 s | distance=   0.1 mm | height=+121.1 mm (target 20.0) | force= -0.0 N
descend:    t=  0.2 s | distance=  20.2 mm | height=+110.7 mm (target 20.0) | force=  1.5 N
descend:    t=  0.4 s | distance=  40.3 mm | height= +95.6 mm (target 20.0) | force=  1.9 N
descend:    t=  0.6 s | distance=  60.4 mm | height= +79.2 mm (target 20.0) | force=  1.6 N
descend:    t=  0.8 s | distance=  80.5 mm | height= +62.2 mm (target 20.0) | force=  2.5 N
descend:    t=  1.0 s | distance= 100.6 mm | height= +45.1 mm (target 20.0) | force=  2.8 N
descend:    t=  1.2 s | distance= 120.7 mm | height= +27.9 mm (target 20.0) | force=  2.7 N

Clearance reached: distance=130.3 mm | height=20.0 mm | target=20.0 mm | force=1.8 N
  offset_ee        = [     20.0,      60.0,      20.0] mm
  p_EE_at_contact  = [    519.5,       1.3,      49.9] mm
  contact_point    = [    538.1,     -55.9,       1.3] mm
  edge_offset      = [     18.6,     -57.3,     -48.6] mm

-- phase: setup --------------------------------------------------------------

-- setup impedance -----------------------------------------------------------
  law                wrench = K_TCP*dx + D_TCP*dv
                     K_TCP  = Ad(r_c)^T * blkdiag(Kp,KR) * Ad(r_c)
  Kp [t1,t2,n]     = [   2000.0,    2000.0,     350.0] N/m
  Dp [t1,t2,n]     = [    231.2,     178.2,     111.9] Ns/m     auto
  KR [t1,t2,n]     = [      5.0,       5.0,      50.0] Nm/rad
  DR [t1,t2,n]     = [      1.5,       1.9,       1.2] Nms/rad  auto
  p_c [EE]         = [      0.0,      20.0,       0.0] mm       commanded in the tool frame
  r_c [t1,t2,n]    = [     -0.0,      19.7,       3.2] mm       p_TCP - p_c, in the plane
setup:     t=  0.0 s | tip=  0.0 deg | F=  0.2 N | M=  0.0 Nm (limit 150.0) | contact= 19.9 mm
setup:     t=  0.2 s | tip=  1.0 deg | F=  0.9 N | M=  0.9 Nm (limit 150.0) | contact=  7.0 mm
setup:     t=  0.4 s | tip=  1.6 deg | F= 18.6 N | M= 10.0 Nm (limit 150.0) | contact=  3.3 mm
setup:     t=  0.6 s | tip=  1.6 deg | F= 15.9 N | M=  8.9 Nm (limit 150.0) | contact=  3.4 mm
setup:     t=  0.8 s | tip=  1.6 deg | F= 21.2 N | M= 11.5 Nm (limit 150.0) | contact=  3.5 mm
setup:     t=  1.0 s | tip=  1.7 deg | F= 26.6 N | M= 14.3 Nm (limit 150.0) | contact=  3.6 mm
setup:     t=  1.2 s | tip=  1.7 deg | F= 32.2 N | M= 17.3 Nm (limit 150.0) | contact=  3.8 mm
setup:     t=  1.4 s | tip=  1.7 deg | F= 37.8 N | M= 20.2 Nm (limit 150.0) | contact=  3.9 mm
setup:     t=  1.6 s | tip=  1.7 deg | F= 44.0 N | M= 23.4 Nm (limit 150.0) | contact=  4.1 mm
setup:     t=  1.8 s | tip=  1.7 deg | F= 49.2 N | M= 26.1 Nm (limit 150.0) | contact=  4.3 mm
setup:     t=  2.0 s | tip=  1.7 deg | F= 55.0 N | M= 29.1 Nm (limit 150.0) | contact=  4.4 mm
setup:     t=  2.2 s | tip=  1.7 deg | F= 60.3 N | M= 31.9 Nm (limit 150.0) | contact=  4.5 mm
setup:     t=  2.4 s | tip=  1.7 deg | F= 65.7 N | M= 34.7 Nm (limit 150.0) | contact=  4.7 mm
setup:     t=  2.6 s | tip=  1.8 deg | F= 71.7 N | M= 37.7 Nm (limit 150.0) | contact=  4.8 mm
setup:     t=  2.8 s | tip=  1.8 deg | F= 77.2 N | M= 40.6 Nm (limit 150.0) | contact=  4.9 mm
setup:     t=  3.0 s | tip=  1.8 deg | F= 82.6 N | M= 43.4 Nm (limit 150.0) | contact=  5.1 mm
setup:     t=  3.2 s | tip=  1.9 deg | F= 88.8 N | M= 46.5 Nm (limit 150.0) | contact=  5.2 mm
setup:     t=  3.4 s | tip=  2.1 deg | F= 81.9 N | M= 43.1 Nm (limit 150.0) | contact=  5.0 mm
setup:     t=  3.6 s | tip=  2.3 deg | F= 83.0 N | M= 43.6 Nm (limit 150.0) | contact=  5.0 mm
setup:     t=  3.8 s | tip=  2.5 deg | F= 82.4 N | M= 43.4 Nm (limit 150.0) | contact=  5.0 mm
setup:     t=  4.0 s | tip=  2.8 deg | F= 81.4 N | M= 42.7 Nm (limit 150.0) | contact=  5.1 mm
setup:     t=  4.2 s | tip=  3.5 deg | F= 80.6 N | M= 42.4 Nm (limit 150.0) | contact=  5.1 mm
setup:     t=  4.4 s | tip=  3.8 deg | F= 80.5 N | M= 42.4 Nm (limit 150.0) | contact=  5.1 mm
setup:     t=  4.6 s | tip=  4.1 deg | F= 80.7 N | M= 42.6 Nm (limit 150.0) | contact=  5.1 mm
setup:     t=  4.8 s | tip=  4.3 deg | F= 80.7 N | M= 42.6 Nm (limit 150.0) | contact=  5.2 mm

==============================================================================
  SETUP RESULT
==============================================================================
  stop: time | t=5.0 s | tip=4.3 deg | F=80.9 N | M=42.7 Nm
  contact_from_start = [-2.6, +0.9, -4.4] mm | norm=5.2 mm
  tcp_from_contact  = [-20.3, +59.5, +21.0] mm | norm=66.3 mm
  alignment: before=9.56 deg | after=6.11 deg | gain=+3.45 deg
  alignment components [t1,t2,n] deg: before=[-9.55,-0.33,+0.00] | after=[-5.71,-2.17,+0.00]

-- setup surface-frame breakdown ---------------------------------------------
  frame              alignment-target [tangent1, tangent2, normal]
  force        [N]      = [    +1.86,     -6.04,    -80.68]
  tcp_disp     [mm]     = [    -1.25,     +3.01,    -27.57]
  contact_disp [mm]     = [    -2.52,     +1.00,     -4.42]
  Kp_eff=F/tcp [N/m]    = [  -1489.0,   -2006.2,    2926.0]
  M_contact    [Nm]     = [    -2.90,    +41.17,     -2.74]
  tip_angle    [deg]    = [    +3.85,     -1.90,     +0.33]
  KR_eff=M/ang [Nm/rad] = [    -43.2,   -1240.4,    -468.4]
  frame              tool face [length, width, tool axis]
  M_contact    [Nm]     = [   -40.66,     +2.99,     +6.93]

-- center of compliance ------------------------------------------------------
  definition         r_c = p_TCP - p_c
  p_TCP [x,y,z]    = [    517.8,       3.6,      22.3] mm
  p_c [EE]         = [      0.0,      20.0,      -0.0] mm
  r_c [t1,t2,n]    = [      0.2,      19.9,       1.9] mm
                     p_c resolved at end of setup

-- effective TCP impedance ---------------------------------------------------
  K_TCP translation = [   1999.5,    1998.7,     351.8] N/m
  K_TCP rotation   = [      5.2,       5.0,      50.7] Nm/rad
  commanded KR was = [      5.0,       5.0,      50.0] Nm/rad   including lever contribution
  D_TCP translation = [    231.2,     178.2,     112.0] Ns/m
  D_TCP rotation   = [      1.5,       1.9,       1.3] Nms/rad
  coupling           max |moment per unit translation| = 39.9 Nm/m (K), 4.6 Nms/m (D)
  eigenvalues        K_TCP 5.00 .. 2001 | D_TCP 1.22 .. 231  (both positive: valid springs)

  K_TCP [N/m, Nm/rad | rows fx..mz, cols tx..rz]:
           tx        ty        tz    |    rx        ry        rz
  fx [    2000  -0.7871   -28.44 |   0.5665     -2.6     39.9 ]
  fy [ -0.7871     1999   -45.62 |    3.504 -0.008062  -0.4136 ]
  fz [  -28.44   -45.62    351.8 |   -7.079   0.1069  -0.5585 ]
     ---------------------------+---------------------------
  mx [  0.5665    3.504   -7.079 |    5.159  0.01932   0.7862 ]
  my [    -2.6 -0.008062   0.1069 |  0.01932    5.038    1.192 ]
  mz [    39.9  -0.4136  -0.5585 |   0.7862    1.192    50.75 ]

  D_TCP [Ns/m, Nms/rad]:
           tx        ty        tz    |    rx        ry        rz
  fx [   231.2 -0.05694   -2.057 |  0.04098  -0.3004    4.614 ]
  fy [-0.05694    178.2   -1.834 |   0.2678 -0.0002913 -0.03661 ]
  fz [  -2.057   -1.834      112 |   -2.237  0.02496 -0.04069 ]
     ---------------------------+---------------------------
  mx [ 0.04098   0.2678   -2.237 |    1.541 -0.0006285 -0.003932 ]
  my [ -0.3004 -0.0002913  0.02496 | -0.0006285    1.892 -0.02449 ]
  mz [   4.614 -0.03661 -0.04069 | -0.003932 -0.02449    1.316 ]

[GATE] Set up finished (still pressing). Press Enter to start the grind (e+Enter stops).

Stop requested with e + Enter. Finishing control loop...

-- joint motion [deg] --------------------------------------------------------
  joint       start    final    delta
  q1            0.9      5.0     +4.1
  q2           12.1     30.1    +18.0
  q3           -0.5     -4.3     -3.7
  q4         -130.9   -128.2     +2.8
  q5           -0.1     13.3    +13.4
  q6          142.9    152.9    +10.1
  q7           44.7     34.5    -10.3

==============================================================================
  FINAL RESULT
==============================================================================
  p_d              = [    515.1,      -5.9,    -209.9] mm
  p_EE             = [    517.8,       3.6,      22.3] mm
  e_p              = [     -2.8,      -9.4,    -232.2] mm
  e_R              = [     3.86,     -1.89,      0.32] deg
------------------------------------------------------------------------------
  position error     232.40 mm
  rotation error     4.31 deg
  csv                logs/surface_grinding_controller_log.csv
------------------------------------------------------------------------------
