
==============================================================================
  SURFACE GRINDING CONTROLLER
==============================================================================
  robot              172.16.0.2
  parameters         /home/hm-panda/Desktop/Thesis_Final_Control/surface_grinding_controller/params
------------------------------------------------------------------------------

==============================================================================
  SURFACE GRINDING CONTROLLER - STARTUP MENU
==============================================================================

-- RUN MODES -----------------------------------------------------------------
  s      Run orientation, approach, setup, and grinding
  h      Cartesian pose hold at the initial posture
  t      Cartesian pose hold with the setup impedance
  g      Start manual guidance from the current robot pose

-- ROBOT PREPARATION ---------------------------------------------------------
  i      Move to the configured initial joint posture

-- GRIPPER AND TOOL ----------------------------------------------------------
  o      Open the gripper
  c      Grasp the tool
  r      Recalibrate the gripper with empty fingers
  f      Pick up the tool from the holder
  b      Return the tool to the holder

-- PROGRAM -------------------------------------------------------------------
  e      Exit
------------------------------------------------------------------------------
  During control: e = stop | m = startup menu | g = guidance
------------------------------------------------------------------------------
Selection [s/h/t/g/i/o/c/r/f/b/e]: 
-- SELECTED MODE: PHASE SEQUENCE ---------------------------------------------

-- moving to q_init ----------------------------------------------------------
  case               saved_qinit
  q1..q7 [deg]     = [0.8, 12.1, -0.5, -130.9, -0.2, 142.9, 44.7] deg
  saved_qinit = [0.014777, 0.210911, -0.009320, -2.284835, -0.002725, 2.493410, 0.780694] rad
  q_init reached.

-- start pose ----------------------------------------------------------------
  q_start          = [0.8, 12.1, -0.5, -130.9, -0.2, 142.9, 44.7] deg
  p_start          = [    531.4,       2.5,     156.9] mm

==============================================================================
  RUN
==============================================================================

-- phase: approach_orient ----------------------------------------------------
  Kp [t1,t2,n]     = [    150.0,     150.0,     150.0] N/m
  Dp [t1,t2,n]     = [    133.7,      94.2,     128.3] Ns/m     auto (factor 1.90)
  KR [t1,t2,n]     = [    300.0,     300.0,      90.0] Nm/rad
  DR [t1,t2,n]     = [     19.8,      32.3,       2.0] Nms/rad  auto (factor 1.90)
orient:     t=  0.0 s | axis_err=  2.9 deg | spin_err=  0.7 deg
orient:     t=  0.2 s | axis_err=  1.2 deg | spin_err=  0.0 deg
orient:     t=  0.4 s | axis_err=  0.5 deg | spin_err=  0.0 deg
orient:     t=  0.6 s | axis_err=  0.4 deg | spin_err=  0.0 deg
orient:     t=  0.8 s | axis_err=  0.4 deg | spin_err=  0.0 deg

Orientation reached: axis_err=0.4 deg | spin_err=0.0 deg

-- phase: approach_descend ---------------------------------------------------
  Kp [t1,t2,n]     = [    150.0,     150.0,     150.0] N/m
  Dp [t1,t2,n]     = [    133.7,      94.2,     128.3] Ns/m     auto (factor 1.90)
  KR [t1,t2,n]     = [    300.0,     300.0,      90.0] Nm/rad
  DR [t1,t2,n]     = [     19.8,      32.3,       2.0] Nms/rad  auto (factor 1.90)
  descend to         20 mm clearance at 0.100 m/s
descend:    t=  0.0 s | distance=   0.1 mm | height=+130.0 mm (target 20.0) | force=  0.0 N
descend:    t=  0.2 s | distance=  20.2 mm | height=+118.9 mm (target 20.0) | force=  1.4 N
descend:    t=  0.4 s | distance=  40.3 mm | height=+102.8 mm (target 20.0) | force=  2.1 N
descend:    t=  0.6 s | distance=  60.4 mm | height= +85.4 mm (target 20.0) | force=  0.7 N
descend:    t=  0.8 s | distance=  80.5 mm | height= +67.7 mm (target 20.0) | force=  2.1 N
descend:    t=  1.0 s | distance= 100.6 mm | height= +49.5 mm (target 20.0) | force=  2.0 N
descend:    t=  1.2 s | distance= 120.7 mm | height= +31.6 mm (target 20.0) | force=  3.0 N

Clearance reached: distance=133.5 mm | height=19.9 mm | target=20.0 mm | force=1.8 N
  offset_ee        = [     20.0,     -60.0,      20.0] mm
  p_EE_at_contact  = [    519.5,      -0.1,      40.7] mm
  contact_point    = [    538.2,      58.7,      -1.9] mm
  edge_offset      = [     18.7,      58.8,     -42.6] mm

-- phase: setup --------------------------------------------------------------

-- setup impedance -----------------------------------------------------------
  law                wrench = K_TCP*dx + D_TCP*dv
                     K_TCP  = Ad(r_c)^T * blkdiag(Kp,KR) * Ad(r_c)
  Kp [t1,t2,n]     = [   2000.0,    2000.0,     350.0] N/m
  Dp [t1,t2,n]     = [    232.5,     170.3,     112.7] Ns/m     auto
  KR [t1,t2,n]     = [      5.0,       5.0,      50.0] Nm/rad
  DR [t1,t2,n]     = [      1.3,       2.0,       0.8] Nms/rad  auto
  p_c [EE]         = [      0.0,       0.0,       0.0] mm       resolved in the tool frame
  r_c [t1,t2,n]    = [      0.0,       0.0,       0.0] mm       commanded: p_TCP - p_c, in the plane
setup:     t=  0.0 s | tip=  0.0 deg | F=  0.6 N | M=  0.2 Nm (limit 150.0) | contact= 19.8 mm
setup:     t=  0.2 s | tip=  0.8 deg | F=  1.3 N | M=  0.6 Nm (limit 150.0) | contact=  6.6 mm
setup:     t=  0.4 s | tip=  1.2 deg | F= 12.1 N | M=  6.6 Nm (limit 150.0) | contact=  1.9 mm
setup:     t=  0.6 s | tip=  1.2 deg | F= 15.8 N | M=  8.4 Nm (limit 150.0) | contact=  1.9 mm
setup:     t=  0.8 s | tip=  1.2 deg | F= 21.2 N | M= 11.3 Nm (limit 150.0) | contact=  1.9 mm
setup:     t=  1.0 s | tip=  1.2 deg | F= 27.1 N | M= 14.3 Nm (limit 150.0) | contact=  1.9 mm
setup:     t=  1.2 s | tip=  1.2 deg | F= 33.1 N | M= 17.4 Nm (limit 150.0) | contact=  1.9 mm
setup:     t=  1.4 s | tip=  1.3 deg | F= 38.5 N | M= 20.2 Nm (limit 150.0) | contact=  1.9 mm
setup:     t=  1.6 s | tip=  1.4 deg | F= 43.5 N | M= 22.7 Nm (limit 150.0) | contact=  2.0 mm
setup:     t=  1.8 s | tip=  1.7 deg | F= 48.4 N | M= 25.2 Nm (limit 150.0) | contact=  2.2 mm
setup:     t=  2.0 s | tip=  1.9 deg | F= 54.8 N | M= 28.5 Nm (limit 150.0) | contact=  2.4 mm
setup:     t=  2.2 s | tip=  1.9 deg | F= 60.4 N | M= 31.4 Nm (limit 150.0) | contact=  2.5 mm
setup:     t=  2.4 s | tip=  1.9 deg | F= 66.0 N | M= 34.2 Nm (limit 150.0) | contact=  2.6 mm
setup:     t=  2.6 s | tip=  1.9 deg | F= 71.9 N | M= 37.2 Nm (limit 150.0) | contact=  2.7 mm
setup:     t=  2.8 s | tip=  1.9 deg | F= 77.4 N | M= 40.1 Nm (limit 150.0) | contact=  2.7 mm
setup:     t=  3.0 s | tip=  2.0 deg | F= 82.9 N | M= 43.0 Nm (limit 150.0) | contact=  2.8 mm
setup:     t=  3.2 s | tip=  2.0 deg | F= 88.4 N | M= 45.8 Nm (limit 150.0) | contact=  2.9 mm
setup:     t=  3.4 s | tip=  2.0 deg | F= 83.4 N | M= 43.4 Nm (limit 150.0) | contact=  2.9 mm
setup:     t=  3.6 s | tip=  2.0 deg | F= 83.4 N | M= 43.4 Nm (limit 150.0) | contact=  2.9 mm
setup:     t=  3.8 s | tip=  2.0 deg | F= 83.4 N | M= 43.4 Nm (limit 150.0) | contact=  2.9 mm
setup:     t=  4.0 s | tip=  2.0 deg | F= 83.3 N | M= 43.4 Nm (limit 150.0) | contact=  2.9 mm
setup:     t=  4.2 s | tip=  2.0 deg | F= 83.3 N | M= 43.4 Nm (limit 150.0) | contact=  2.9 mm
setup:     t=  4.4 s | tip=  2.0 deg | F= 83.3 N | M= 43.3 Nm (limit 150.0) | contact=  2.9 mm
setup:     t=  4.6 s | tip=  2.0 deg | F= 83.2 N | M= 43.3 Nm (limit 150.0) | contact=  2.9 mm
setup:     t=  4.8 s | tip=  2.0 deg | F= 83.2 N | M= 43.3 Nm (limit 150.0) | contact=  2.9 mm

==============================================================================
  SETUP RESULT
==============================================================================
  stop: time | t=5.0 s | tip=2.0 deg | F=83.2 N | M=43.3 Nm
  contact_from_start = [-2.6, -0.0, -1.2] mm | norm=2.9 mm
  tcp_from_contact  = [-21.1, -60.0, +20.5] mm | norm=66.8 mm
  alignment: before=0.34 deg | after=2.29 deg | gain=-1.95 deg
  alignment components [t1,t2,n] deg: before=[-0.30,-0.17,+0.00] | after=[-1.67,-1.57,-0.00]

-- setup surface-frame breakdown ---------------------------------------------
  frame              alignment-target [tangent1, tangent2, normal]
  force        [N]      = [    +2.51,     +1.18,    -83.11]
  tcp_disp     [mm]     = [    -1.96,     -0.54,    -22.17]
  contact_disp [mm]     = [    -2.57,     -0.02,     -1.27]
  Kp_eff=F/tcp [N/m]    = [  -1278.6,   -2206.2,    3749.4]
  M_contact    [Nm]     = [    +5.68,    +41.73,     +0.65]
  tip_angle    [deg]    = [    -1.37,     -1.40,     -0.11]
  KR_eff=M/ang [Nm/rad] = [   -237.1,   -1711.9,    -334.5]
  frame              tool face [length, width, tool axis]
  M_contact    [Nm]     = [   -41.73,     -5.73,     +0.41]

-- center of compliance ------------------------------------------------------
  definition         r_c = p_TCP - p_c
  p_TCP [x,y,z]    = [    517.2,      -1.2,      18.6] mm
  p_c [EE]         = [     -0.0,      -0.0,       0.0] mm
  r_c [t1,t2,n]    = [      0.0,       0.0,       0.0] mm
                     p_c resolved at end of setup

-- effective TCP impedance ---------------------------------------------------
  K_TCP translation = [   1999.5,    1998.7,     351.8] N/m
  K_TCP rotation   = [      5.0,       5.0,      50.0] Nm/rad
  commanded KR was = [      5.0,       5.0,      50.0] Nm/rad   including lever contribution
  D_TCP translation = [    232.4,     170.3,     112.7] Ns/m
  D_TCP rotation   = [      1.3,       2.0,       0.8] Nms/rad
  coupling           max |moment per unit translation| = 0.0 Nm/m (K), 0.0 Nms/m (D)
  eigenvalues        K_TCP 5.00 .. 2000 | D_TCP 0.79 .. 232  (both positive: valid springs)

  K_TCP [N/m, Nm/rad | rows fx..mz, cols tx..rz]:
           tx        ty        tz    |    rx        ry        rz
  fx [    2000  -0.7871   -28.44 |        0        0        0 ]
  fy [ -0.7871     1999   -45.62 |        0        0        0 ]
  fz [  -28.44   -45.62    351.8 |        0        0        0 ]
     ---------------------------+---------------------------
  mx [       0        0        0 |    5.013  0.02147   0.7756 ]
  my [       0        0        0 |  0.02147    5.034    1.244 ]
  mz [       0        0        0 |   0.7756    1.244    49.95 ]

  D_TCP [Ns/m, Nms/rad]:
           tx        ty        tz    |    rx        ry        rz
  fx [   232.4 -0.05715   -2.065 |        0        0        0 ]
  fy [-0.05715    170.3   -1.594 |        0        0        0 ]
  fz [  -2.065   -1.594    112.7 |        0        0        0 ]
     ---------------------------+---------------------------
  mx [       0        0        0 |    1.295 -0.0002393 -0.008646 ]
  my [       0        0        0 | -0.0002393    2.022 -0.03399 ]
  mz [       0        0        0 | -0.008646 -0.03399   0.7945 ]

[GATE] Set up finished (still pressing). Press Enter to start the grind (e+Enter stops).

Stop requested with e + Enter. Finishing control loop...

-- joint motion [deg] --------------------------------------------------------
  joint       start    final    delta
  q1            0.8     -1.0     -1.8
  q2           12.1     30.3    +18.2
  q3           -0.5      0.7     +1.3
  q4         -130.9   -128.9     +2.0
  q5           -0.2     -1.6     -1.5
  q6          142.9    155.1    +12.2
  q7           44.7     46.2     +1.4

==============================================================================
  FINAL RESULT
==============================================================================
  p_d              = [    515.0,      -7.3,    -219.1] mm
  p_EE             = [    517.2,      -1.2,      18.6] mm
  e_p              = [     -2.1,      -6.0,    -237.7] mm
  e_R              = [    -1.37,     -1.40,     -0.05] deg
------------------------------------------------------------------------------
  position error     237.76 mm
  rotation error     1.96 deg
  csv                logs/surface_grinding_controller_log.csv
------------------------------------------------------------------------------
