
==============================================================================
  SURFACE GRINDING CONTROLLER
==============================================================================
  robot              172.16.0.2
  parameters         /home/hm-panda/Desktop/Thesis_Final_Control/surface_grinding_controller/params
------------------------------------------------------------------------------

==============================================================================
  SURFACE GRINDING CONTROLLER - STARTUP MENU
==============================================================================

-- RUN MODES -----------------------------------------------------------------
  s      Run orientation, approach, setup, and grinding
  h      Cartesian pose hold at the initial posture
  t      Cartesian pose hold with the setup impedance
  g      Start manual guidance from the current robot pose

-- ROBOT PREPARATION ---------------------------------------------------------
  i      Move to the configured initial joint posture

-- GRIPPER AND TOOL ----------------------------------------------------------
  o      Open the gripper
  c      Grasp the tool
  r      Recalibrate the gripper with empty fingers
  f      Pick up the tool from the holder
  b      Return the tool to the holder

-- PROGRAM -------------------------------------------------------------------
  e      Exit
------------------------------------------------------------------------------
  During control: e = stop | m = startup menu | g = guidance
------------------------------------------------------------------------------
Selection [s/h/t/g/i/o/c/r/f/b/e]: 
-- SELECTED MODE: PHASE SEQUENCE ---------------------------------------------

-- moving to q_init ----------------------------------------------------------
  case               saved_qinit
  q1..q7 [deg]     = [0.8, 12.1, -0.5, -130.9, -0.2, 142.9, 44.7] deg
  saved_qinit = [0.014777, 0.210911, -0.009320, -2.284835, -0.002725, 2.493410, 0.780694] rad
  q_init reached.

-- start pose ----------------------------------------------------------------
  q_start          = [0.8, 12.1, -0.5, -130.9, -0.1, 142.9, 44.7] deg
  p_start          = [    531.3,       2.4,     156.8] mm

==============================================================================
  RUN
==============================================================================

-- phase: approach_orient ----------------------------------------------------
  Kp [t1,t2,n]     = [    150.0,     150.0,     150.0] N/m
  Dp [t1,t2,n]     = [    133.7,      94.2,     128.3] Ns/m     auto (factor 1.90)
  KR [t1,t2,n]     = [    180.0,     180.0,      90.0] Nm/rad
  DR [t1,t2,n]     = [     15.3,      25.0,       2.0] Nms/rad  auto (factor 1.90)
orient:     t=  0.0 s | axis_err=  8.5 deg | spin_err=  0.5 deg
orient:     t=  0.2 s | axis_err=  7.2 deg | spin_err=  0.2 deg
orient:     t=  0.4 s | axis_err=  3.3 deg | spin_err=  0.2 deg
orient:     t=  0.6 s | axis_err=  1.1 deg | spin_err=  0.2 deg
orient:     t=  0.8 s | axis_err=  0.9 deg | spin_err=  0.3 deg

Orientation reached: axis_err=0.8 deg | spin_err=0.3 deg

-- phase: approach_descend ---------------------------------------------------
  Kp [t1,t2,n]     = [    150.0,     150.0,     150.0] N/m
  Dp [t1,t2,n]     = [    133.7,      94.2,     128.3] Ns/m     auto (factor 1.90)
  KR [t1,t2,n]     = [    180.0,     180.0,      90.0] Nm/rad
  DR [t1,t2,n]     = [     15.3,      25.0,       2.0] Nms/rad  auto (factor 1.90)
  descend to         20 mm clearance at 0.100 m/s
descend:    t=  0.0 s | distance=   0.1 mm | height=+122.0 mm (target 20.0) | force= -0.0 N
descend:    t=  0.2 s | distance=  20.2 mm | height=+111.2 mm (target 20.0) | force=  1.7 N
descend:    t=  0.4 s | distance=  40.3 mm | height= +96.3 mm (target 20.0) | force=  2.8 N
descend:    t=  0.6 s | distance=  60.4 mm | height= +80.3 mm (target 20.0) | force=  3.2 N
descend:    t=  0.8 s | distance=  80.5 mm | height= +63.6 mm (target 20.0) | force=  2.6 N
descend:    t=  1.0 s | distance= 100.6 mm | height= +47.0 mm (target 20.0) | force=  3.5 N
descend:    t=  1.2 s | distance= 120.7 mm | height= +30.0 mm (target 20.0) | force=  2.0 N

Clearance reached: distance=132.8 mm | height=20.0 mm | target=20.0 mm | force=2.3 N
  offset_ee        = [     20.0,      60.0,      20.0] mm
  p_EE_at_contact  = [    517.0,       1.2,      49.8] mm
  contact_point    = [    535.4,     -56.2,       1.4] mm
  edge_offset      = [     18.4,     -57.4,     -48.5] mm

-- phase: setup --------------------------------------------------------------

-- setup impedance -----------------------------------------------------------
  law                wrench = K_TCP*dx + D_TCP*dv
                     K_TCP  = Ad(r_c)^T * blkdiag(Kp,KR) * Ad(r_c)
  Kp [t1,t2,n]     = [   2000.0,    2000.0,     350.0] N/m
  Dp [t1,t2,n]     = [    231.2,     178.0,     112.1] Ns/m     auto
  KR [t1,t2,n]     = [      5.0,       5.0,      50.0] Nm/rad
  DR [t1,t2,n]     = [      1.5,       1.9,       1.2] Nms/rad  auto
  p_c [EE]         = [      0.0,      80.0,      -0.0] mm       commanded in the tool frame
  r_c [t1,t2,n]    = [      0.0,      79.0,      12.4] mm       p_TCP - p_c, in the plane
setup:     t=  0.0 s | ee=  0.0 deg | F=  0.0 N | M=  0.0 Nm (limit 150.0) | contact= 19.9 mm
setup:     t=  0.2 s | ee=  1.0 deg | F=  1.3 N | M=  0.6 Nm (limit 150.0) | contact=  7.3 mm
setup:     t=  0.4 s | ee=  1.6 deg | F= 20.2 N | M=  1.1 Nm (limit 150.0) | contact=  3.0 mm
setup:     t=  0.6 s | ee=  1.6 deg | F= 15.4 N | M=  0.9 Nm (limit 150.0) | contact=  3.1 mm
setup:     t=  0.8 s | ee=  1.6 deg | F= 21.4 N | M=  0.9 Nm (limit 150.0) | contact=  3.2 mm
setup:     t=  1.0 s | ee=  1.6 deg | F= 27.0 N | M=  1.1 Nm (limit 150.0) | contact=  3.3 mm
setup:     t=  1.2 s | ee=  1.6 deg | F= 31.9 N | M=  1.3 Nm (limit 150.0) | contact=  3.5 mm
setup:     t=  1.4 s | ee=  1.7 deg | F= 37.9 N | M=  1.7 Nm (limit 150.0) | contact=  3.6 mm
setup:     t=  1.6 s | ee=  1.7 deg | F= 43.1 N | M=  2.0 Nm (limit 150.0) | contact=  3.8 mm
setup:     t=  1.8 s | ee=  1.7 deg | F= 49.1 N | M=  2.3 Nm (limit 150.0) | contact=  4.0 mm
setup:     t=  2.0 s | ee=  1.7 deg | F= 54.8 N | M=  2.6 Nm (limit 150.0) | contact=  4.2 mm
setup:     t=  2.2 s | ee=  1.7 deg | F= 60.2 N | M=  3.0 Nm (limit 150.0) | contact=  4.3 mm
setup:     t=  2.4 s | ee=  1.7 deg | F= 65.7 N | M=  3.3 Nm (limit 150.0) | contact=  4.5 mm
setup:     t=  2.6 s | ee=  1.7 deg | F= 71.0 N | M=  3.6 Nm (limit 150.0) | contact=  4.7 mm
setup:     t=  2.8 s | ee=  1.7 deg | F= 76.4 N | M=  4.0 Nm (limit 150.0) | contact=  4.8 mm
setup:     t=  3.0 s | ee=  1.7 deg | F= 81.7 N | M=  4.3 Nm (limit 150.0) | contact=  5.0 mm
setup:     t=  3.2 s | ee=  1.7 deg | F= 87.3 N | M=  4.6 Nm (limit 150.0) | contact=  5.2 mm
setup:     t=  3.4 s | ee=  1.7 deg | F= 82.0 N | M=  4.2 Nm (limit 150.0) | contact=  5.1 mm
setup:     t=  3.6 s | ee=  1.7 deg | F= 81.9 N | M=  4.2 Nm (limit 150.0) | contact=  5.1 mm
setup:     t=  3.8 s | ee=  1.7 deg | F= 81.9 N | M=  4.2 Nm (limit 150.0) | contact=  5.1 mm
setup:     t=  4.0 s | ee=  1.7 deg | F= 81.8 N | M=  4.2 Nm (limit 150.0) | contact=  5.1 mm
setup:     t=  4.2 s | ee=  1.7 deg | F= 81.8 N | M=  4.2 Nm (limit 150.0) | contact=  5.1 mm
setup:     t=  4.4 s | ee=  1.7 deg | F= 81.8 N | M=  4.2 Nm (limit 150.0) | contact=  5.1 mm
setup:     t=  4.6 s | ee=  1.7 deg | F= 81.8 N | M=  4.2 Nm (limit 150.0) | contact=  5.1 mm
setup:     t=  4.8 s | ee=  1.7 deg | F= 81.7 N | M=  4.2 Nm (limit 150.0) | contact=  5.1 mm

==============================================================================
  SETUP RESULT
==============================================================================
  stop: time | t=5.0 s | ee=1.7 deg | F=81.7 N | M_TCP=4.2 Nm
  contact_from_start = [-2.7, +0.4, -4.2] mm | norm=5.1 mm
  tcp_from_contact  = [-20.9, +57.2, +24.9] mm | norm=65.8 mm
  deviation: before=9.31 deg | after=9.60 deg | gain=-0.29 deg
  t_align: not reached | tolerance=2.00 deg | hold=0.30 s
  deviation components [t1,t2,n] deg: before=[-9.30,-0.51,-0.00] | after=[-9.33,-2.24,+0.00]

-- setup surface-frame breakdown ---------------------------------------------
  frame              alignment-target [tangent1, tangent2, normal]
  force        [N]      = [    +4.26,     -0.15,    -81.63]
  tcp_disp     [mm]     = [    -2.08,     +0.41,    -23.67]
  contact_disp [mm]     = [    -2.66,     +0.53,     -4.28]
  Kp_eff=F/tcp [N/m]    = [  -2050.4,    -377.7,    3449.0]
  M_contact    [Nm]     = [    -0.46,     -0.32,     -0.05]
  ee_angle     [deg]    = [    -0.04,     -1.70,     -0.32]
  KR_eff=M/ang [Nm/rad] = [    639.6,      10.7,       8.4]
  frame              tool face [length, width, tool axis]
  M_contact    [Nm]     = [    +0.32,     +0.46,     +0.01]

-- center of compliance ------------------------------------------------------
  definition         r_c = p_TCP - p_c
  p_TCP [x,y,z]    = [    514.5,       1.0,      26.2] mm
  p_c [EE]         = [     -0.0,      80.0,      -0.0] mm
  r_c [t1,t2,n]    = [     -0.0,      79.0,      12.5] mm
                     p_c resolved at end of setup

-- effective TCP impedance ---------------------------------------------------
  K_TCP translation = [   1999.5,    1998.7,     351.8] N/m
  K_TCP rotation   = [      7.5,       5.2,      62.5] Nm/rad
  commanded KR was = [      5.0,       5.0,      50.0] Nm/rad   including lever contribution
  D_TCP translation = [    231.2,     178.0,     112.1] Ns/m
  D_TCP rotation   = [      2.2,       1.9,       2.7] Nms/rad
  coupling           max |moment per unit translation| = 158.6 Nm/m (K), 18.3 Nms/m (D)
  eigenvalues        K_TCP 4.97 .. 2013 | D_TCP 1.20 .. 233  (both positive: valid springs)

  K_TCP [N/m, Nm/rad | rows fx..mz, cols tx..rz]:
           tx        ty        tz    |    rx        ry        rz
  fx [    2000  -0.7871   -28.44 |    2.248   -20.52    158.6 ]
  fy [ -0.7871     1999   -45.62 |    24.12 0.0001119  -0.4113 ]
  fz [  -28.44   -45.62    351.8 |   -28.38   0.3532   -2.248 ]
     ---------------------------+---------------------------
  mx [   2.248    24.12   -28.38 |    7.512 -0.006551   0.9498 ]
  my [  -20.52 0.0001119   0.3532 | -0.006551    5.245  -0.3837 ]
  mz [   158.6  -0.4113   -2.248 |   0.9498  -0.3837    62.54 ]

  D_TCP [Ns/m, Nms/rad]:
           tx        ty        tz    |    rx        ry        rz
  fx [   231.2 -0.05685   -2.054 |   0.1624   -2.372    18.34 ]
  fy [-0.05685      178   -1.824 |    1.971 0.0002649 -0.03558 ]
  fz [  -2.054   -1.824    112.1 |   -8.916  0.04065  -0.1626 ]
     ---------------------------+---------------------------
  mx [  0.1624    1.971   -8.916 |    2.217 -0.003358 0.007618 ]
  my [  -2.372 0.0002649  0.04065 | -0.003358    1.922  -0.2074 ]
  mz [   18.34 -0.03558  -0.1626 | 0.007618  -0.2074    2.659 ]

[GATE] Set up finished (still pressing). Press Enter to start the grind (e+Enter stops).

Stop requested with e + Enter. Finishing control loop...

-- joint motion [deg] --------------------------------------------------------
  joint       start    final    delta
  q1            0.8      0.7     -0.2
  q2           12.1     29.2    +17.1
  q3           -0.5     -1.1     -0.5
  q4         -130.9   -128.6     +2.3
  q5           -0.1     16.9    +17.0
  q6          142.9    152.0     +9.1
  q7           44.7     29.2    -15.5

==============================================================================
  FINAL RESULT
==============================================================================
  p_d              = [    512.5,      -5.9,    -210.0] mm
  p_EE             = [    514.5,       1.0,      26.2] mm
  e_p              = [     -2.0,      -6.9,    -236.2] mm
  e_R              = [    -0.05,     -1.71,     -0.27] deg
------------------------------------------------------------------------------
  position error     236.33 mm
  rotation error     1.73 deg
  csv                logs/surface_grinding_controller_log.csv
------------------------------------------------------------------------------
