
==============================================================================
  SURFACE GRINDING CONTROLLER
==============================================================================
  robot              172.16.0.2
  parameters         /home/hm-panda/Desktop/Thesis_Final_Control/surface_grinding_controller/params
------------------------------------------------------------------------------

==============================================================================
  SURFACE GRINDING CONTROLLER - STARTUP MENU
==============================================================================

-- RUN MODES -----------------------------------------------------------------
  s      Run orientation, approach, contact establishment, and grinding
  h      Cartesian pose hold at the initial posture
  t      Cartesian pose hold with the contact establishment impedance
  g      Start manual guidance from the current robot pose

-- ROBOT PREPARATION ---------------------------------------------------------
  i      Move to the configured initial joint posture

-- GRIPPER AND TOOL ----------------------------------------------------------
  o      Open the gripper
  c      Grasp the tool
  r      Recalibrate the gripper with empty fingers
  f      Pick up the tool from the holder
  b      Return the tool to the holder

-- PROGRAM -------------------------------------------------------------------
  e      Exit
------------------------------------------------------------------------------
  During control: e = stop | m = startup menu | g = guidance
------------------------------------------------------------------------------
Selection [s/h/t/g/i/o/c/r/f/b/e]: 
-- SELECTED MODE: STATE SEQUENCE ---------------------------------------------

-- moving to q_init ----------------------------------------------------------
  case               saved_qinit
  q1..q7 [deg]     = [0.8, 12.1, -0.5, -130.9, -0.2, 142.9, 44.7] deg
  saved_qinit = [0.014777, 0.210911, -0.009320, -2.284835, -0.002725, 2.493410, 0.780694] rad
  q_init reached.

-- start pose ----------------------------------------------------------------
  q_start          = [0.9, 12.1, -0.5, -130.9, -0.1, 142.9, 44.7] deg
  p_start          = [    531.4,       2.5,     156.8] mm

==============================================================================
  RUN
==============================================================================

-- state: tool_orientation ---------------------------------------------------
  Kp [t1,t2,n]     = [    150.0,     150.0,     150.0] N/m
  Dp [t1,t2,n]     = [    133.7,      94.2,     128.3] Ns/m     auto (factor 1.90)
  KR [t1,t2,n]     = [    180.0,     180.0,      90.0] Nm/rad
  DR [t1,t2,n]     = [     15.3,      25.0,       2.0] Nms/rad  auto (factor 1.90)
orient:     t=  0.0 s | axis_err= 12.0 deg | spin_err=  0.9 deg
orient:     t=  0.2 s | axis_err= 10.5 deg | spin_err=  0.9 deg
orient:     t=  0.4 s | axis_err=  6.7 deg | spin_err=  0.6 deg
orient:     t=  0.6 s | axis_err=  2.8 deg | spin_err=  0.3 deg
orient:     t=  0.8 s | axis_err=  1.0 deg | spin_err=  0.2 deg

Orientation reached: axis_err=0.9 deg | spin_err=0.2 deg

-- state: surface_approach ---------------------------------------------------
  Kp [t1,t2,n]     = [    150.0,     150.0,     150.0] N/m
  Dp [t1,t2,n]     = [    133.7,      94.2,     128.3] Ns/m     auto (factor 1.90)
  KR [t1,t2,n]     = [    180.0,     180.0,      90.0] Nm/rad
  DR [t1,t2,n]     = [     15.3,      25.0,       2.0] Nms/rad  auto (factor 1.90)
  descend to         20 mm clearance at 0.100 m/s
descend:    t=  0.0 s | distance=   0.1 mm | height=+120.7 mm (target 20.0) | force=  0.0 N
descend:    t=  0.2 s | distance=  20.2 mm | height=+110.6 mm (target 20.0) | force=  2.1 N
descend:    t=  0.4 s | distance=  40.3 mm | height= +95.8 mm (target 20.0) | force=  2.8 N
descend:    t=  0.6 s | distance=  60.4 mm | height= +79.7 mm (target 20.0) | force=  2.4 N
descend:    t=  0.8 s | distance=  80.6 mm | height= +63.0 mm (target 20.0) | force=  1.2 N
descend:    t=  1.0 s | distance= 100.7 mm | height= +46.2 mm (target 20.0) | force=  2.9 N
descend:    t=  1.2 s | distance= 120.8 mm | height= +29.4 mm (target 20.0) | force=  1.7 N

Clearance reached: distance=132.4 mm | height=19.9 mm | target=20.0 mm | force=3.2 N
  offset_ee        = [     20.0,     -60.0,      20.0] mm
  p_EE_at_contact  = [    514.7,      -0.4,      50.7] mm
  contact_point    = [    533.1,      53.8,      -1.7] mm
  edge_offset      = [     18.4,      54.2,     -52.3] mm

-- state: contact_establishment ----------------------------------------------

-- contact establishment impedance -------------------------------------------
  law                wrench = K_TCP*dx + D_TCP*dv
                     K_TCP  = Ad(r_c)^T * blkdiag(Kp,KR) * Ad(r_c)
  Kp [t1,t2,n]     = [   2000.0,    2000.0,     350.0] N/m
  Dp [t1,t2,n]     = [    234.2,     174.6,     111.5] Ns/m     auto
  KR [t1,t2,n]     = [      5.0,       5.0,      50.0] Nm/rad
  DR [t1,t2,n]     = [      1.3,       2.0,       1.3] Nms/rad  auto
  p_c [EE]         = [      0.0,     -90.0,       0.0] mm       commanded in the tool frame
  r_c [t1,t2,n]    = [      0.1,      88.7,     -15.3] mm       p_c - p_TCP, in the plane
contact establishment:     t=  0.0 s | ee=  0.0 deg | F=  0.1 N | M=  0.0 Nm | contact= 19.8 mm
contact establishment:     t=  0.2 s | ee=  1.0 deg | F=  0.6 N | M=  0.5 Nm | contact=  7.5 mm
contact establishment:     t=  0.4 s | ee=  1.4 deg | F= 12.0 N | M=  0.9 Nm | contact=  2.1 mm
contact establishment:     t=  0.6 s | ee=  1.4 deg | F= 14.6 N | M=  0.9 Nm | contact=  2.1 mm
contact establishment:     t=  0.8 s | ee=  1.4 deg | F= 20.0 N | M=  1.1 Nm | contact=  2.1 mm
contact establishment:     t=  1.0 s | ee=  1.4 deg | F= 25.7 N | M=  1.3 Nm | contact=  2.2 mm
contact establishment:     t=  1.2 s | ee=  1.4 deg | F= 31.6 N | M=  1.7 Nm | contact=  2.2 mm
contact establishment:     t=  1.4 s | ee=  1.5 deg | F= 37.0 N | M=  2.1 Nm | contact=  2.3 mm
contact establishment:     t=  1.6 s | ee=  1.5 deg | F= 42.5 N | M=  2.5 Nm | contact=  2.3 mm
contact establishment:     t=  1.8 s | ee=  1.5 deg | F= 47.7 N | M=  2.9 Nm | contact=  2.4 mm
contact establishment:     t=  2.0 s | ee=  1.5 deg | F= 53.5 N | M=  3.2 Nm | contact=  2.5 mm
contact establishment:     t=  2.2 s | ee=  1.5 deg | F= 59.0 N | M=  3.6 Nm | contact=  2.6 mm
contact establishment:     t=  2.4 s | ee=  1.5 deg | F= 64.7 N | M=  3.9 Nm | contact=  2.7 mm
contact establishment:     t=  2.6 s | ee=  1.5 deg | F= 70.7 N | M=  4.3 Nm | contact=  2.8 mm
contact establishment:     t=  2.8 s | ee=  1.4 deg | F= 76.3 N | M=  4.7 Nm | contact=  2.8 mm
contact establishment:     t=  3.0 s | ee=  1.5 deg | F= 81.9 N | M=  5.2 Nm | contact=  2.9 mm
contact establishment:     t=  3.2 s | ee=  1.7 deg | F= 89.2 N | M=  5.5 Nm | contact=  2.9 mm
contact establishment:     t=  3.4 s | ee=  2.0 deg | F= 82.3 N | M=  5.3 Nm | contact=  2.7 mm
contact establishment:     t=  3.6 s | ee=  2.1 deg | F= 82.3 N | M=  5.3 Nm | contact=  2.8 mm
contact establishment:     t=  3.8 s | ee=  2.1 deg | F= 82.3 N | M=  5.3 Nm | contact=  2.8 mm
contact establishment:     t=  4.0 s | ee=  2.1 deg | F= 82.3 N | M=  5.3 Nm | contact=  2.8 mm
contact establishment:     t=  4.2 s | ee=  2.1 deg | F= 82.3 N | M=  5.3 Nm | contact=  2.8 mm
contact establishment:     t=  4.4 s | ee=  2.1 deg | F= 82.3 N | M=  5.3 Nm | contact=  2.8 mm
contact establishment:     t=  4.6 s | ee=  2.1 deg | F= 82.3 N | M=  5.3 Nm | contact=  2.8 mm
contact establishment:     t=  4.8 s | ee=  2.1 deg | F= 82.3 N | M=  5.3 Nm | contact=  2.8 mm

==============================================================================
  CONTACT-ESTABLISHMENT RESULT
==============================================================================
  stop: time | t=5.0 s | ee=2.1 deg | F=82.3 N | M_TCP=5.3 Nm
  contact_from_start = [-2.4, +0.1, -1.4] mm | norm=2.8 mm
  tcp_from_contact  = [-20.9, -53.5, +33.1] mm | norm=66.3 mm
  deviation: before=9.40 deg | after=11.35 deg | gain=-1.95 deg
  t_align: not reached | tolerance=2.00 deg | hold=0.30 s
  t_align_fraction: not reached | fraction=0.50 of the deviation at contact
  deviation_min: 9.38 deg at t=0.05 s
  align_status: not_aligned
  deviation components [t1,t2,n] deg: before=[+9.39,-0.51,-0.00] | after=[+11.26,-1.40,+0.00]

-- contact establishment surface-frame breakdown -----------------------------
  frame              alignment-target [tangent1, tangent2, normal]
  force        [N]      = [    +3.75,     -1.85,    -82.23]
  tcp_disp     [mm]     = [    -2.08,     +1.23,    -19.24]
  contact_disp [mm]     = [    -2.37,     +0.13,     -1.41]
  Kp_eff=F/tcp [N/m]    = [  -1802.0,   -1505.9,    4274.6]
  M_contact    [Nm]     = [    -0.69,     -0.54,     -0.14]
  ee_angle     [deg]    = [    +1.88,     -0.86,     +0.19]
  KR_eff=M/ang [Nm/rad] = [    -21.0,      35.8,     -42.5]
  frame              tool face [length, width, tool axis]
  M_contact    [Nm]     = [    +0.50,     +0.68,     +0.26]

-- center of compliance ------------------------------------------------------
  definition         r_c = p_c - p_TCP
  p_TCP [x,y,z]    = [    512.3,       0.3,      31.5] mm
  p_c [EE]         = [      0.0,     -90.0,       0.0] mm
  r_c [t1,t2,n]    = [      0.1,      88.1,     -18.2] mm
                     p_c resolved at end of contact establishment

-- effective TCP impedance ---------------------------------------------------
  K_TCP translation = [   1999.5,    1998.7,     351.8] N/m
  K_TCP rotation   = [      8.4,       5.9,      65.3] Nm/rad
  commanded KR was = [      5.0,       5.0,      50.0] Nm/rad   including lever contribution
  D_TCP translation = [    234.2,     174.5,     111.6] Ns/m
  D_TCP rotation   = [      2.2,       2.1,       3.1] Nms/rad
  coupling           max |moment per unit translation| = 175.2 Nm/m (K), 20.5 Nms/m (D)
  eigenvalues        K_TCP 4.96 .. 2017 | D_TCP 1.26 .. 236  (both positive: valid springs)

  K_TCP [N/m, Nm/rad | rows fx..mz, cols tx..rz]:
           tx        ty        tz    |    rx        ry        rz
  fx [    2000  -0.7871   -28.44 |   -2.508    -41.2   -175.2 ]
  fy [ -0.7871     1999   -45.62 |    37.18 0.006498  -0.3569 ]
  fz [  -28.44   -45.62    351.8 |    29.88   0.6609    2.501 ]
     ---------------------------+---------------------------
  mx [  -2.508    37.18    29.88 |    8.397   0.0795   0.9874 ]
  my [   -41.2 0.006498   0.6609 |   0.0795    5.883    4.854 ]
  mz [  -175.2  -0.3569    2.501 |   0.9874    4.854     65.3 ]

  D_TCP [Ns/m, Nms/rad]:
           tx        ty        tz    |    rx        ry        rz
  fx [   234.2 -0.05853   -2.115 |  -0.1865   -4.825   -20.51 ]
  fy [-0.05853    174.5   -1.743 |    3.443 0.0008346 -0.03205 ]
  fz [  -2.115   -1.743    111.6 |    9.739  0.06734   0.1856 ]
     ---------------------------+---------------------------
  mx [ -0.1865    3.443    9.739 |    2.193 0.005943  0.01654 ]
  my [  -4.825 0.0008346  0.06734 | 0.005943    2.146   0.4027 ]
  mz [  -20.51 -0.03205   0.1856 |  0.01654   0.4027    3.121 ]

[STATE] Pre-grinding hold active. Press Enter to start grinding (e+Enter stops).

-- state: pre_grinding_hold --------------------------------------------------
  motion             established contact command
  impedance          inherited from contact establishment
  keys               Enter continue | e stop

Stop requested with e + Enter. Finishing control loop...

-- joint motion [deg] --------------------------------------------------------
  joint       start    final    delta
  q1            0.9      1.0     +0.1
  q2           12.1     28.4    +16.3
  q3           -0.5      0.5     +1.0
  q4         -130.9   -128.7     +2.2
  q5           -0.1    -27.4    -27.3
  q6          142.9    150.0     +7.1
  q7           44.7     71.4    +26.7

==============================================================================
  FINAL RESULT
==============================================================================
  p_d              = [    510.2,      -7.6,    -209.1] mm
  p_EE             = [    512.3,       0.3,      31.5] mm
  e_p              = [     -2.1,      -7.9,    -240.6] mm
  e_R              = [     1.88,     -0.86,      0.18] deg
------------------------------------------------------------------------------
  position error     240.70 mm
  rotation error     2.08 deg
  csv                logs/surface_grinding_controller_log.csv
------------------------------------------------------------------------------
