
==============================================================================
  SURFACE GRINDING CONTROLLER
==============================================================================
  robot              172.16.0.2
  parameters         /home/hm-panda/Desktop/Thesis_Final_Control/surface_grinding_controller/params
------------------------------------------------------------------------------

==============================================================================
  SURFACE GRINDING CONTROLLER - STARTUP MENU
==============================================================================

-- RUN MODES -----------------------------------------------------------------
  s      Run orientation, approach, setup, and grinding
  h      Cartesian pose hold at the initial posture
  t      Cartesian pose hold with the setup impedance
  g      Start manual guidance from the current robot pose

-- ROBOT PREPARATION ---------------------------------------------------------
  i      Move to the configured initial joint posture

-- GRIPPER AND TOOL ----------------------------------------------------------
  o      Open the gripper
  c      Grasp the tool
  r      Recalibrate the gripper with empty fingers
  f      Pick up the tool from the holder
  b      Return the tool to the holder

-- PROGRAM -------------------------------------------------------------------
  e      Exit
------------------------------------------------------------------------------
  During control: e = stop | m = startup menu | g = guidance
------------------------------------------------------------------------------
Selection [s/h/t/g/i/o/c/r/f/b/e]: 
-- SELECTED MODE: PHASE SEQUENCE ---------------------------------------------

-- moving to q_init ----------------------------------------------------------
  case               saved_qinit
  q1..q7 [deg]     = [0.8, 12.1, -0.5, -130.9, -0.2, 142.9, 44.7] deg
  saved_qinit = [0.014777, 0.210911, -0.009320, -2.284835, -0.002725, 2.493410, 0.780694] rad
  q_init reached.

-- start pose ----------------------------------------------------------------
  q_start          = [0.8, 12.1, -0.5, -130.9, -0.2, 142.9, 44.7] deg
  p_start          = [    531.3,       2.5,     156.8] mm

==============================================================================
  RUN
==============================================================================

-- phase: approach_orient ----------------------------------------------------
  Kp [t1,t2,n]     = [    150.0,     150.0,     150.0] N/m
  Dp [t1,t2,n]     = [    133.7,      94.2,     128.3] Ns/m     auto (factor 1.90)
  KR [t1,t2,n]     = [     90.0,      90.0,      90.0] Nm/rad
  DR [t1,t2,n]     = [     10.8,      17.7,       2.0] Nms/rad  auto (factor 1.90)
orient:     t=  0.0 s | axis_err=  6.0 deg | spin_err=  0.7 deg
orient:     t=  0.2 s | axis_err=  5.2 deg | spin_err=  0.4 deg
orient:     t=  0.4 s | axis_err=  3.0 deg | spin_err=  0.0 deg

Orientation reached: axis_err=2.0 deg | spin_err=0.0 deg

-- phase: approach_descend ---------------------------------------------------
  Kp [t1,t2,n]     = [    150.0,     150.0,     150.0] N/m
  Dp [t1,t2,n]     = [    133.7,      94.2,     128.3] Ns/m     auto (factor 1.90)
  KR [t1,t2,n]     = [     90.0,      90.0,      90.0] Nm/rad
  DR [t1,t2,n]     = [     10.8,      17.7,       2.0] Nms/rad  auto (factor 1.90)
  descend to         20 mm clearance at 0.100 m/s
descend:    t=  0.0 s | distance=   0.1 mm | height=+129.0 mm (target 20.0) | force= -0.0 N
descend:    t=  0.2 s | distance=  20.1 mm | height=+116.5 mm (target 20.0) | force=  1.0 N
descend:    t=  0.4 s | distance=  40.1 mm | height=+100.0 mm (target 20.0) | force=  2.0 N
descend:    t=  0.6 s | distance=  60.3 mm | height= +82.6 mm (target 20.0) | force=  1.4 N
descend:    t=  0.8 s | distance=  80.4 mm | height= +64.8 mm (target 20.0) | force=  2.2 N
descend:    t=  1.0 s | distance= 100.5 mm | height= +47.0 mm (target 20.0) | force=  2.1 N
descend:    t=  1.2 s | distance= 120.6 mm | height= +29.1 mm (target 20.0) | force=  2.4 N

Clearance reached: distance=130.9 mm | height=19.9 mm | target=20.0 mm | force=2.6 N
  offset_ee        = [     20.0,      60.0,      20.0] mm
  p_EE_at_contact  = [    507.7,       0.4,      42.8] mm
  contact_point    = [    525.1,     -60.4,       1.6] mm
  edge_offset      = [     17.4,     -60.8,     -41.2] mm

-- phase: setup --------------------------------------------------------------

-- setup impedance -----------------------------------------------------------
  law                wrench = K_TCP*dx + D_TCP*dv
                     K_TCP  = Ad(r_c)^T * blkdiag(Kp,KR) * Ad(r_c)
  Kp [t1,t2,n]     = [   2000.0,    2000.0,     350.0] N/m
  Dp [t1,t2,n]     = [    233.7,     173.2,     112.2] Ns/m     auto
  KR [t1,t2,n]     = [      5.0,       5.0,      50.0] Nm/rad
  DR [t1,t2,n]     = [      1.3,       2.1,       0.9] Nms/rad  auto
  p_c [EE]         = [    -30.0,      -0.0,       0.0] mm       commanded in the tool frame
  r_c [t1,t2,n]    = [     29.9,       0.0,      -2.7] mm       p_TCP - p_c, in the plane
setup:     t=  0.0 s | tip=  0.0 deg | F=  0.1 N | M=  0.1 Nm (limit 150.0) | contact= 19.8 mm
setup:     t=  0.2 s | tip=  0.7 deg | F=  0.3 N | M=  0.3 Nm (limit 150.0) | contact=  6.9 mm
setup:     t=  0.4 s | tip=  1.3 deg | F= 18.1 N | M=  9.4 Nm (limit 150.0) | contact=  3.0 mm
setup:     t=  0.6 s | tip=  1.3 deg | F= 14.4 N | M=  7.5 Nm (limit 150.0) | contact=  3.2 mm
setup:     t=  0.8 s | tip=  1.3 deg | F= 19.7 N | M= 10.1 Nm (limit 150.0) | contact=  3.3 mm
setup:     t=  1.0 s | tip=  1.3 deg | F= 25.4 N | M= 12.9 Nm (limit 150.0) | contact=  3.5 mm
setup:     t=  1.2 s | tip=  1.3 deg | F= 31.2 N | M= 15.8 Nm (limit 150.0) | contact=  3.7 mm
setup:     t=  1.4 s | tip=  1.3 deg | F= 36.8 N | M= 18.5 Nm (limit 150.0) | contact=  4.1 mm
setup:     t=  1.6 s | tip=  1.3 deg | F= 42.4 N | M= 21.2 Nm (limit 150.0) | contact=  4.4 mm
setup:     t=  1.8 s | tip=  1.3 deg | F= 48.2 N | M= 23.9 Nm (limit 150.0) | contact=  4.6 mm
setup:     t=  2.0 s | tip=  1.2 deg | F= 53.8 N | M= 26.6 Nm (limit 150.0) | contact=  4.7 mm
setup:     t=  2.2 s | tip=  1.0 deg | F= 60.7 N | M= 29.9 Nm (limit 150.0) | contact=  4.8 mm
setup:     t=  2.4 s | tip=  0.9 deg | F= 65.7 N | M= 32.4 Nm (limit 150.0) | contact=  4.8 mm
setup:     t=  2.6 s | tip=  0.7 deg | F= 72.9 N | M= 36.0 Nm (limit 150.0) | contact=  4.9 mm
setup:     t=  2.8 s | tip=  0.5 deg | F= 78.1 N | M= 38.5 Nm (limit 150.0) | contact=  4.8 mm
setup:     t=  3.0 s | tip=  0.5 deg | F= 82.5 N | M= 40.8 Nm (limit 150.0) | contact=  4.9 mm
setup:     t=  3.2 s | tip=  0.8 deg | F= 89.1 N | M= 44.0 Nm (limit 150.0) | contact=  4.9 mm
setup:     t=  3.4 s | tip=  1.6 deg | F= 82.4 N | M= 40.7 Nm (limit 150.0) | contact=  4.5 mm
setup:     t=  3.6 s | tip=  1.8 deg | F= 82.4 N | M= 40.8 Nm (limit 150.0) | contact=  4.4 mm
setup:     t=  3.8 s | tip=  1.8 deg | F= 82.4 N | M= 40.7 Nm (limit 150.0) | contact=  4.3 mm
setup:     t=  4.0 s | tip=  1.9 deg | F= 82.4 N | M= 40.7 Nm (limit 150.0) | contact=  4.3 mm
setup:     t=  4.2 s | tip=  1.9 deg | F= 82.4 N | M= 40.6 Nm (limit 150.0) | contact=  4.3 mm
setup:     t=  4.4 s | tip=  2.0 deg | F= 82.4 N | M= 40.6 Nm (limit 150.0) | contact=  4.2 mm
setup:     t=  4.6 s | tip=  2.1 deg | F= 82.5 N | M= 40.7 Nm (limit 150.0) | contact=  4.2 mm
setup:     t=  4.8 s | tip=  2.1 deg | F= 82.5 N | M= 40.7 Nm (limit 150.0) | contact=  4.2 mm

==============================================================================
  SETUP RESULT
==============================================================================
  stop: time | t=5.0 s | tip=2.1 deg | F=82.6 N | M=40.7 Nm
  contact_from_start = [-1.0, +0.1, -4.0] mm | norm=4.2 mm
  tcp_from_contact  = [-19.5, +60.2, +17.1] mm | norm=65.6 mm
  alignment: before=5.20 deg | after=3.36 deg | gain=+1.85 deg
  alignment components [t1,t2,n] deg: before=[-0.88,-5.13,-0.00] | after=[-1.36,-3.07,+0.00]

-- setup surface-frame breakdown ---------------------------------------------
  frame              alignment-target [tangent1, tangent2, normal]
  force        [N]      = [    +5.58,     -0.20,    -82.36]
  tcp_disp     [mm]     = [    -1.71,     +0.06,    -24.13]
  contact_disp [mm]     = [    -0.96,     +0.23,     -4.03]
  Kp_eff=F/tcp [N/m]    = [  -3265.7,   -3517.4,    3413.2]
  M_contact    [Nm]     = [    -3.47,    +39.27,     -0.42]
  tip_angle    [deg]    = [    -0.48,     +2.06,     +0.06]
  KR_eff=M/ang [Nm/rad] = [    412.8,    1092.0,    -427.4]
  frame              tool face [length, width, tool axis]
  M_contact    [Nm]     = [   -39.24,     +3.42,     +1.54]

-- center of compliance ------------------------------------------------------
  definition         r_c = p_TCP - p_c
  p_TCP [x,y,z]    = [    505.6,      -0.2,      18.8] mm
  p_c [EE]         = [    -30.0,       0.0,      -0.0] mm
  r_c [t1,t2,n]    = [     30.0,       0.0,      -1.6] mm
                     p_c resolved at end of setup

-- effective TCP impedance ---------------------------------------------------
  K_TCP translation = [   1999.5,    1998.7,     351.8] N/m
  K_TCP rotation   = [      5.0,       5.4,      51.7] Nm/rad
  commanded KR was = [      5.0,       5.0,      50.0] Nm/rad   including lever contribution
  D_TCP translation = [    233.6,     173.2,     112.2] Ns/m
  D_TCP rotation   = [      1.3,       2.2,       1.0] Nms/rad
  coupling           max |moment per unit translation| = 59.8 Nm/m (K), 5.2 Nms/m (D)
  eigenvalues        K_TCP 5.00 .. 2002 | D_TCP 0.89 .. 234  (both positive: valid springs)

  K_TCP [N/m, Nm/rad | rows fx..mz, cols tx..rz]:
           tx        ty        tz    |    rx        ry        rz
  fx [    2000  -0.7871   -28.44 | 0.0005181    3.391 -0.05744 ]
  fy [ -0.7871     1999   -45.62 |   -4.243   -1.367   -59.81 ]
  fz [  -28.44   -45.62    351.8 |    0.111    10.47    1.366 ]
     ---------------------------+---------------------------
  mx [0.0005181   -4.243    0.111 |    5.022  0.02479   0.9026 ]
  my [   3.391   -1.367    10.47 |  0.02479    5.355    1.285 ]
  mz [-0.05744   -59.81    1.366 |   0.9026    1.285    51.74 ]

  D_TCP [Ns/m, Nms/rad]:
           tx        ty        tz    |    rx        ry        rz
  fx [   233.6 -0.05796   -2.094 | 3.815e-05    0.433 -0.007729 ]
  fy [-0.05796    173.2   -1.687 |  -0.3674 -0.05061   -5.181 ]
  fz [  -2.094   -1.687    112.2 | 0.008126    3.354  0.05057 ]
     ---------------------------+---------------------------
  mx [3.815e-05  -0.3674 0.008126 |    1.296 5.012e-05 0.004018 ]
  my [   0.433 -0.05061    3.354 | 5.012e-05     2.17  -0.0311 ]
  mz [-0.007729   -5.181  0.05057 | 0.004018  -0.0311    1.047 ]

[GATE] Set up finished (still pressing). Press Enter to start the grind (e+Enter stops).

Stop requested with e + Enter. Finishing control loop...

-- joint motion [deg] --------------------------------------------------------
  joint       start    final    delta
  q1            0.8     -0.2     -1.1
  q2           12.1     29.1    +17.0
  q3           -0.5      0.2     +0.7
  q4         -130.9   -131.2     -0.3
  q5           -0.2     -0.8     -0.6
  q6          142.9    156.3    +13.4
  q7           44.7     45.7     +1.0

==============================================================================
  FINAL RESULT
==============================================================================
  p_d              = [    503.2,      -6.8,    -216.9] mm
  p_EE             = [    505.6,      -0.2,      18.8] mm
  e_p              = [     -2.4,      -6.6,    -235.7] mm
  e_R              = [    -0.48,      2.06,      0.01] deg
------------------------------------------------------------------------------
  position error     235.81 mm
  rotation error     2.12 deg
  csv                logs/surface_grinding_controller_log.csv
------------------------------------------------------------------------------
