
==============================================================================
  SURFACE GRINDING CONTROLLER
==============================================================================
  robot              172.16.0.2
  parameters         /home/hm-panda/Desktop/Thesis_Final_Control/surface_grinding_controller/params
------------------------------------------------------------------------------

==============================================================================
  SURFACE GRINDING CONTROLLER - STARTUP MENU
==============================================================================

-- RUN MODES -----------------------------------------------------------------
  s      Run orientation, approach, setup, and grinding
  h      Cartesian pose hold at the initial posture
  t      Cartesian pose hold with the setup impedance
  g      Start manual guidance from the current robot pose

-- ROBOT PREPARATION ---------------------------------------------------------
  i      Move to the configured initial joint posture

-- GRIPPER AND TOOL ----------------------------------------------------------
  o      Open the gripper
  c      Grasp the tool
  r      Recalibrate the gripper with empty fingers
  f      Pick up the tool from the holder
  b      Return the tool to the holder

-- PROGRAM -------------------------------------------------------------------
  e      Exit
------------------------------------------------------------------------------
  During control: e = stop | m = startup menu | g = guidance
------------------------------------------------------------------------------
Selection [s/h/t/g/i/o/c/r/f/b/e]: 
-- SELECTED MODE: PHASE SEQUENCE ---------------------------------------------

-- moving to q_init ----------------------------------------------------------
  case               saved_qinit
  q1..q7 [deg]     = [0.8, 12.1, -0.5, -130.9, -0.2, 142.9, 44.7] deg
  saved_qinit = [0.014777, 0.210911, -0.009320, -2.284835, -0.002725, 2.493410, 0.780694] rad
  q_init reached.

-- start pose ----------------------------------------------------------------
  q_start          = [0.8, 12.1, -0.5, -130.9, -0.2, 142.9, 44.7] deg
  p_start          = [    531.1,       2.4,     156.6] mm

==============================================================================
  RUN
==============================================================================

-- phase: approach_orient ----------------------------------------------------
  Kp [t1,t2,n]     = [    150.0,     150.0,     150.0] N/m
  Dp [t1,t2,n]     = [    133.6,      94.2,     128.3] Ns/m     auto (factor 1.90)
  KR [t1,t2,n]     = [    180.0,     180.0,      90.0] Nm/rad
  DR [t1,t2,n]     = [     15.3,      25.0,       2.0] Nms/rad  auto (factor 1.90)
orient:     t=  0.0 s | axis_err=  8.6 deg | spin_err=  0.5 deg
orient:     t=  0.2 s | axis_err=  7.3 deg | spin_err=  0.2 deg
orient:     t=  0.4 s | axis_err=  3.4 deg | spin_err=  0.3 deg
orient:     t=  0.6 s | axis_err=  1.1 deg | spin_err=  0.3 deg
orient:     t=  0.8 s | axis_err=  0.9 deg | spin_err=  0.3 deg

Orientation reached: axis_err=0.9 deg | spin_err=0.3 deg

-- phase: approach_descend ---------------------------------------------------
  Kp [t1,t2,n]     = [    150.0,     150.0,     150.0] N/m
  Dp [t1,t2,n]     = [    133.6,      94.2,     128.3] Ns/m     auto (factor 1.90)
  KR [t1,t2,n]     = [    180.0,     180.0,      90.0] Nm/rad
  DR [t1,t2,n]     = [     15.3,      25.0,       2.0] Nms/rad  auto (factor 1.90)
  descend to         20 mm clearance at 0.100 m/s
descend:    t=  0.0 s | distance=   0.1 mm | height=+120.7 mm (target 20.0) | force= -0.0 N
descend:    t=  0.2 s | distance=  20.2 mm | height=+109.9 mm (target 20.0) | force=  1.6 N
descend:    t=  0.4 s | distance=  40.3 mm | height= +95.2 mm (target 20.0) | force=  2.6 N
descend:    t=  0.6 s | distance=  60.4 mm | height= +79.2 mm (target 20.0) | force=  2.9 N
descend:    t=  0.8 s | distance=  80.5 mm | height= +62.1 mm (target 20.0) | force=  1.9 N
descend:    t=  1.0 s | distance= 100.6 mm | height= +45.2 mm (target 20.0) | force=  3.1 N
descend:    t=  1.2 s | distance= 120.7 mm | height= +27.8 mm (target 20.0) | force=  2.8 N

Clearance reached: distance=130.1 mm | height=19.9 mm | target=20.0 mm | force=2.7 N
  offset_ee        = [     20.0,      60.0,      20.0] mm
  p_EE_at_contact  = [    515.7,       1.6,      49.8] mm
  contact_point    = [    534.1,     -55.8,       1.4] mm
  edge_offset      = [     18.4,     -57.5,     -48.4] mm

-- phase: setup --------------------------------------------------------------

-- setup impedance -----------------------------------------------------------
  law                wrench = K_TCP*dx + D_TCP*dv
                     K_TCP  = Ad(r_c)^T * blkdiag(Kp,KR) * Ad(r_c)
  Kp [t1,t2,n]     = [   2000.0,    2000.0,     350.0] N/m
  Dp [t1,t2,n]     = [    231.1,     178.0,     112.2] Ns/m     auto
  KR [t1,t2,n]     = [     15.0,       5.0,      50.0] Nm/rad
  DR [t1,t2,n]     = [      2.6,       1.9,       1.2] Nms/rad  auto
  p_c [EE]         = [      0.0,       0.0,       0.0] mm       resolved in the tool frame
  r_c [t1,t2,n]    = [      0.0,       0.0,       0.0] mm       commanded: p_TCP - p_c, in the plane
setup:     t=  0.0 s | ee=  0.0 deg | F=  0.1 N | M=  0.0 Nm (limit 150.0) | contact= 19.9 mm
setup:     t=  0.2 s | ee=  0.7 deg | F=  0.4 N | M=  0.6 Nm (limit 150.0) | contact=  7.5 mm
setup:     t=  0.4 s | ee=  1.1 deg | F= 13.1 N | M=  0.5 Nm (limit 150.0) | contact=  2.4 mm
setup:     t=  0.6 s | ee=  1.2 deg | F= 15.5 N | M=  0.3 Nm (limit 150.0) | contact=  2.7 mm
setup:     t=  0.8 s | ee=  1.3 deg | F= 20.6 N | M=  0.3 Nm (limit 150.0) | contact=  3.4 mm
setup:     t=  1.0 s | ee=  1.4 deg | F= 26.6 N | M=  0.3 Nm (limit 150.0) | contact=  4.3 mm
setup:     t=  1.2 s | ee=  1.4 deg | F= 32.9 N | M=  0.5 Nm (limit 150.0) | contact=  4.9 mm
setup:     t=  1.4 s | ee=  1.5 deg | F= 39.1 N | M=  0.6 Nm (limit 150.0) | contact=  5.5 mm
setup:     t=  1.6 s | ee=  1.6 deg | F= 44.7 N | M=  0.9 Nm (limit 150.0) | contact=  6.0 mm
setup:     t=  1.8 s | ee=  1.6 deg | F= 49.6 N | M=  1.0 Nm (limit 150.0) | contact=  6.2 mm
setup:     t=  2.0 s | ee=  1.7 deg | F= 55.2 N | M=  1.1 Nm (limit 150.0) | contact=  6.4 mm
setup:     t=  2.2 s | ee=  1.7 deg | F= 59.9 N | M=  1.2 Nm (limit 150.0) | contact=  6.5 mm
setup:     t=  2.4 s | ee=  1.8 deg | F= 65.3 N | M=  1.4 Nm (limit 150.0) | contact=  6.7 mm
setup:     t=  2.6 s | ee=  1.9 deg | F= 70.6 N | M=  1.3 Nm (limit 150.0) | contact=  6.8 mm
setup:     t=  2.8 s | ee=  2.1 deg | F= 77.2 N | M=  1.9 Nm (limit 150.0) | contact=  6.9 mm
setup:     t=  3.0 s | ee=  2.5 deg | F= 81.2 N | M=  1.7 Nm (limit 150.0) | contact=  7.1 mm
setup:     t=  3.2 s | ee=  3.2 deg | F= 87.0 N | M=  2.2 Nm (limit 150.0) | contact=  7.2 mm
setup:     t=  3.4 s | ee=  4.9 deg | F= 78.7 N | M=  1.6 Nm (limit 150.0) | contact=  6.8 mm
setup:     t=  3.6 s | ee=  6.1 deg | F= 78.4 N | M=  1.8 Nm (limit 150.0) | contact=  6.8 mm
setup:     t=  3.8 s | ee=  7.0 deg | F= 78.8 N | M=  1.8 Nm (limit 150.0) | contact=  6.9 mm
setup:     t=  4.0 s | ee=  7.4 deg | F= 79.2 N | M=  1.7 Nm (limit 150.0) | contact=  6.9 mm
setup:     t=  4.2 s | ee=  7.6 deg | F= 79.0 N | M=  1.6 Nm (limit 150.0) | contact=  6.9 mm
setup:     t=  4.4 s | ee=  7.6 deg | F= 78.7 N | M=  1.6 Nm (limit 150.0) | contact=  6.9 mm
setup:     t=  4.6 s | ee=  7.6 deg | F= 79.0 N | M=  1.6 Nm (limit 150.0) | contact=  6.9 mm
setup:     t=  4.8 s | ee=  7.6 deg | F= 79.0 N | M=  1.6 Nm (limit 150.0) | contact=  6.9 mm

==============================================================================
  SETUP RESULT
==============================================================================
  stop: time | t=5.0 s | ee=7.6 deg | F=78.9 N | M_TCP=1.7 Nm
  contact_from_start = [-5.6, +1.7, -3.8] mm | norm=6.9 mm
  tcp_from_contact  = [-22.9, +61.9, +17.9] mm | norm=68.4 mm
  deviation: before=9.31 deg | after=3.26 deg | gain=+6.05 deg
  t_align: not reached | tolerance=2.00 deg | hold=0.30 s
  t_align_fraction: 3.52 s | fraction=0.50 of the deviation at contact
  deviation_min: 3.26 deg at t=4.89 s
  align_status: not_aligned
  deviation components [t1,t2,n] deg: before=[-9.30,-0.43,+0.00] | after=[-2.01,-2.56,-0.00]

-- setup surface-frame breakdown ---------------------------------------------
  frame              alignment-target [tangent1, tangent2, normal]
  force        [N]      = [    +6.31,    -10.82,    -77.93]
  tcp_disp     [mm]     = [    -3.96,     +5.33,    -30.43]
  contact_disp [mm]     = [    -5.52,     +1.79,     -3.82]
  Kp_eff=F/tcp [N/m]    = [  -1595.5,   -2029.5,    2560.9]
  M_contact    [Nm]     = [    -2.96,     -0.62,     +0.35]
  ee_angle     [deg]    = [    +7.30,     -2.20,     +0.54]
  KR_eff=M/ang [Nm/rad] = [    -23.2,      16.0,      37.1]
  frame              tool face [length, width, tool axis]
  M_contact    [Nm]     = [    +0.65,     +2.97,     -0.24]

-- center of compliance ------------------------------------------------------
  definition         r_c = p_TCP - p_c
  p_TCP [x,y,z]    = [    511.2,       6.1,      19.3] mm
  p_c [EE]         = [     -0.0,      -0.0,      -0.0] mm
  r_c [t1,t2,n]    = [      0.0,       0.0,       0.0] mm
                     p_c resolved at end of setup

-- effective TCP impedance ---------------------------------------------------
  K_TCP translation = [   1999.5,    1998.7,     351.8] N/m
  K_TCP rotation   = [     15.0,       5.0,      50.0] Nm/rad
  commanded KR was = [     15.0,       5.0,      50.0] Nm/rad   including lever contribution
  D_TCP translation = [    231.0,     178.0,     112.3] Ns/m
  D_TCP rotation   = [      2.6,       1.9,       1.2] Nms/rad
  coupling           max |moment per unit translation| = 0.0 Nm/m (K), 0.0 Nms/m (D)
  eigenvalues        K_TCP 5.00 .. 2000 | D_TCP 1.20 .. 231  (both positive: valid springs)

  K_TCP [N/m, Nm/rad | rows fx..mz, cols tx..rz]:
           tx        ty        tz    |    rx        ry        rz
  fx [    2000  -0.7871   -28.44 |        0        0        0 ]
  fy [ -0.7871     1999   -45.62 |        0        0        0 ]
  fz [  -28.44   -45.62    351.8 |        0        0        0 ]
     ---------------------------+---------------------------
  mx [       0        0        0 |    15.01   0.0167   0.6032 ]
  my [       0        0        0 |   0.0167    5.034    1.244 ]
  mz [       0        0        0 |   0.6032    1.244    49.96 ]

  D_TCP [Ns/m, Nms/rad]:
           tx        ty        tz    |    rx        ry        rz
  fx [     231 -0.05669   -2.048 |        0        0        0 ]
  fy [-0.05669      178   -1.818 |        0        0        0 ]
  fz [  -2.048   -1.818    112.3 |        0        0        0 ]
     ---------------------------+---------------------------
  mx [       0        0        0 |    2.581 -0.0006575 -0.02376 ]
  my [       0        0        0 | -0.0006575    1.894 -0.01911 ]
  mz [       0        0        0 | -0.02376 -0.01911    1.204 ]

[GATE] Set up finished (still pressing). Press Enter to start the grind (e+Enter stops).

Stop requested with e + Enter. Finishing control loop...

-- joint motion [deg] --------------------------------------------------------
  joint       start    final    delta
  q1            0.8      5.6     +4.7
  q2           12.1     29.9    +17.8
  q3           -0.5     -4.3     -3.7
  q4         -130.9   -129.3     +1.6
  q5           -0.2      5.4     +5.6
  q6          142.9    154.0    +11.1
  q7           44.7     42.6     -2.1

==============================================================================
  FINAL RESULT
==============================================================================
  p_d              = [    511.2,      -5.6,    -210.0] mm
  p_EE             = [    511.2,       6.1,      19.3] mm
  e_p              = [     -0.0,     -11.7,    -229.3] mm
  e_R              = [     7.31,     -2.19,      0.47] deg
------------------------------------------------------------------------------
  position error     229.60 mm
  rotation error     7.64 deg
  csv                logs/surface_grinding_controller_log.csv
------------------------------------------------------------------------------
