
==============================================================================
  SURFACE GRINDING CONTROLLER
==============================================================================
  robot              172.16.0.2
  parameters         /home/hm-panda/Desktop/Thesis_Final_Control/surface_grinding_controller/params
------------------------------------------------------------------------------

==============================================================================
  SURFACE GRINDING CONTROLLER - STARTUP MENU
==============================================================================

-- RUN MODES -----------------------------------------------------------------
  s      Run orientation, approach, setup, and grinding
  h      Cartesian pose hold at the initial posture
  t      Cartesian pose hold with the setup impedance
  g      Start manual guidance from the current robot pose

-- ROBOT PREPARATION ---------------------------------------------------------
  i      Move to the configured initial joint posture

-- GRIPPER AND TOOL ----------------------------------------------------------
  o      Open the gripper
  c      Grasp the tool
  r      Recalibrate the gripper with empty fingers
  f      Pick up the tool from the holder
  b      Return the tool to the holder

-- PROGRAM -------------------------------------------------------------------
  e      Exit
------------------------------------------------------------------------------
  During control: e = stop | m = startup menu | g = guidance
------------------------------------------------------------------------------
Selection [s/h/t/g/i/o/c/r/f/b/e]: 
-- SELECTED MODE: PHASE SEQUENCE ---------------------------------------------

-- moving to q_init ----------------------------------------------------------
  case               saved_qinit
  q1..q7 [deg]     = [0.8, 12.1, -0.5, -130.9, -0.2, 142.9, 44.7] deg
  saved_qinit = [0.014777, 0.210911, -0.009320, -2.284835, -0.002725, 2.493410, 0.780694] rad
  q_init reached.

-- start pose ----------------------------------------------------------------
  q_start          = [0.9, 12.1, -0.5, -130.9, -0.1, 142.9, 44.7] deg
  p_start          = [    531.3,       2.5,     156.8] mm

==============================================================================
  RUN
==============================================================================

-- phase: approach_orient ----------------------------------------------------
  Kp [t1,t2,n]     = [    150.0,     150.0,     150.0] N/m
  Dp [t1,t2,n]     = [    133.7,      94.2,     128.3] Ns/m     auto (factor 1.90)
  KR [t1,t2,n]     = [    300.0,     300.0,      90.0] Nm/rad
  DR [t1,t2,n]     = [     19.8,      32.3,       2.0] Nms/rad  auto (factor 1.90)
orient:     t=  0.0 s | axis_err=  8.5 deg | spin_err=  0.5 deg
orient:     t=  0.2 s | axis_err=  6.6 deg | spin_err=  0.2 deg
orient:     t=  0.4 s | axis_err=  2.5 deg | spin_err=  0.2 deg
orient:     t=  0.6 s | axis_err=  0.6 deg | spin_err=  0.1 deg
orient:     t=  0.8 s | axis_err=  0.5 deg | spin_err=  0.2 deg

Orientation reached: axis_err=0.5 deg | spin_err=0.1 deg

-- phase: approach_descend ---------------------------------------------------
  Kp [t1,t2,n]     = [    150.0,     150.0,     150.0] N/m
  Dp [t1,t2,n]     = [    133.7,      94.2,     128.3] Ns/m     auto (factor 1.90)
  KR [t1,t2,n]     = [    300.0,     300.0,      90.0] Nm/rad
  DR [t1,t2,n]     = [     19.8,      32.3,       2.0] Nms/rad  auto (factor 1.90)
  descend to         20 mm clearance at 0.100 m/s
descend:    t=  0.0 s | distance=   0.1 mm | height=+120.4 mm (target 20.0) | force= -0.0 N
descend:    t=  0.2 s | distance=  20.2 mm | height=+110.3 mm (target 20.0) | force=  2.2 N
descend:    t=  0.4 s | distance=  40.3 mm | height= +95.2 mm (target 20.0) | force=  1.6 N
descend:    t=  0.6 s | distance=  60.4 mm | height= +78.8 mm (target 20.0) | force=  1.9 N
descend:    t=  0.8 s | distance=  80.5 mm | height= +61.8 mm (target 20.0) | force=  2.2 N
descend:    t=  1.0 s | distance= 100.6 mm | height= +44.7 mm (target 20.0) | force=  3.0 N
descend:    t=  1.2 s | distance= 120.7 mm | height= +27.1 mm (target 20.0) | force=  2.3 N

Clearance reached: distance=129.1 mm | height=19.9 mm | target=20.0 mm | force=1.7 N
  offset_ee        = [     20.0,      60.0,      20.0] mm
  p_EE_at_contact  = [    519.3,       1.6,      49.9] mm
  contact_point    = [    537.9,     -55.7,       1.3] mm
  edge_offset      = [     18.6,     -57.3,     -48.6] mm

-- phase: setup --------------------------------------------------------------

-- setup impedance -----------------------------------------------------------
  law                wrench = K_TCP*dx + D_TCP*dv
                     K_TCP  = Ad(r_c)^T * blkdiag(Kp,KR) * Ad(r_c)
  Kp [t1,t2,n]     = [   2000.0,    2000.0,     350.0] N/m
  Dp [t1,t2,n]     = [    231.2,     178.2,     111.9] Ns/m     auto
  KR [t1,t2,n]     = [      5.0,       5.0,      50.0] Nm/rad
  DR [t1,t2,n]     = [      1.5,       1.9,       1.2] Nms/rad  auto
  p_c [EE]         = [      0.0,      50.0,       0.0] mm       commanded in the tool frame
  r_c [t1,t2,n]    = [     -0.1,      49.4,       8.0] mm       p_TCP - p_c, in the plane
setup:     t=  0.0 s | tip=  0.0 deg | F=  0.3 N | M=  0.1 Nm (limit 150.0) | contact= 19.8 mm
setup:     t=  0.2 s | tip=  1.0 deg | F=  1.5 N | M=  1.1 Nm (limit 150.0) | contact=  6.8 mm
setup:     t=  0.4 s | tip=  1.6 deg | F= 19.0 N | M= 10.3 Nm (limit 150.0) | contact=  3.2 mm
setup:     t=  0.6 s | tip=  1.6 deg | F= 15.8 N | M=  8.8 Nm (limit 150.0) | contact=  3.3 mm
setup:     t=  0.8 s | tip=  1.6 deg | F= 21.4 N | M= 11.7 Nm (limit 150.0) | contact=  3.4 mm
setup:     t=  1.0 s | tip=  1.6 deg | F= 26.9 N | M= 14.5 Nm (limit 150.0) | contact=  3.5 mm
setup:     t=  1.2 s | tip=  1.7 deg | F= 32.4 N | M= 17.4 Nm (limit 150.0) | contact=  3.7 mm
setup:     t=  1.4 s | tip=  1.7 deg | F= 38.3 N | M= 20.5 Nm (limit 150.0) | contact=  3.9 mm
setup:     t=  1.6 s | tip=  1.7 deg | F= 44.1 N | M= 23.5 Nm (limit 150.0) | contact=  4.0 mm
setup:     t=  1.8 s | tip=  1.7 deg | F= 49.6 N | M= 26.3 Nm (limit 150.0) | contact=  4.2 mm
setup:     t=  2.0 s | tip=  1.7 deg | F= 55.0 N | M= 29.1 Nm (limit 150.0) | contact=  4.3 mm
setup:     t=  2.2 s | tip=  1.7 deg | F= 60.5 N | M= 32.0 Nm (limit 150.0) | contact=  4.5 mm
setup:     t=  2.4 s | tip=  1.7 deg | F= 65.8 N | M= 34.7 Nm (limit 150.0) | contact=  4.6 mm
setup:     t=  2.6 s | tip=  1.7 deg | F= 71.4 N | M= 37.6 Nm (limit 150.0) | contact=  4.8 mm
setup:     t=  2.8 s | tip=  1.7 deg | F= 77.0 N | M= 40.6 Nm (limit 150.0) | contact=  4.9 mm
setup:     t=  3.0 s | tip=  1.8 deg | F= 82.5 N | M= 43.4 Nm (limit 150.0) | contact=  5.0 mm
setup:     t=  3.2 s | tip=  1.8 deg | F= 88.2 N | M= 46.3 Nm (limit 150.0) | contact=  5.2 mm
setup:     t=  3.4 s | tip=  1.8 deg | F= 82.9 N | M= 43.7 Nm (limit 150.0) | contact=  5.1 mm
setup:     t=  3.6 s | tip=  1.8 deg | F= 82.7 N | M= 43.6 Nm (limit 150.0) | contact=  5.1 mm
setup:     t=  3.8 s | tip=  1.8 deg | F= 82.7 N | M= 43.5 Nm (limit 150.0) | contact=  5.1 mm
setup:     t=  4.0 s | tip=  1.8 deg | F= 82.6 N | M= 43.5 Nm (limit 150.0) | contact=  5.1 mm
setup:     t=  4.2 s | tip=  1.8 deg | F= 82.6 N | M= 43.5 Nm (limit 150.0) | contact=  5.1 mm
setup:     t=  4.4 s | tip=  1.8 deg | F= 82.5 N | M= 43.5 Nm (limit 150.0) | contact=  5.1 mm
setup:     t=  4.6 s | tip=  1.8 deg | F= 82.5 N | M= 43.5 Nm (limit 150.0) | contact=  5.1 mm
setup:     t=  4.8 s | tip=  1.8 deg | F= 82.5 N | M= 43.4 Nm (limit 150.0) | contact=  5.1 mm

==============================================================================
  SETUP RESULT
==============================================================================
  stop: time | t=5.0 s | tip=1.8 deg | F=82.5 N | M=43.4 Nm
  contact_from_start = [-2.4, +0.4, -4.5] mm | norm=5.1 mm
  tcp_from_contact  = [-20.6, +57.1, +24.7] mm | norm=65.6 mm
  alignment: before=9.55 deg | after=9.65 deg | gain=-0.09 deg
  alignment components [t1,t2,n] deg: before=[-9.55,-0.33,+0.00] | after=[-9.42,-2.09,+0.00]

-- setup surface-frame breakdown ---------------------------------------------
  frame              alignment-target [tangent1, tangent2, normal]
  force        [N]      = [    +3.30,     -0.96,    -82.38]
  tcp_disp     [mm]     = [    -1.60,     +0.51,    -23.94]
  contact_disp [mm]     = [    -2.32,     +0.51,     -4.49]
  Kp_eff=F/tcp [N/m]    = [  -2057.1,   -1885.3,    3441.2]
  M_contact    [Nm]     = [    -1.61,    +41.89,     -0.37]
  tip_angle    [deg]    = [    +0.13,     -1.75,     -0.20]
  KR_eff=M/ang [Nm/rad] = [   -716.0,   -1373.9,     104.3]
  frame              tool face [length, width, tool axis]
  M_contact    [Nm]     = [   -41.27,     +1.33,     +7.28]

-- center of compliance ------------------------------------------------------
  definition         r_c = p_TCP - p_c
  p_TCP [x,y,z]    = [    517.3,       1.5,      26.0] mm
  p_c [EE]         = [     -0.0,      50.0,      -0.0] mm
  r_c [t1,t2,n]    = [     -0.0,      49.4,       7.9] mm
                     p_c resolved at end of setup

-- effective TCP impedance ---------------------------------------------------
  K_TCP translation = [   1999.5,    1998.7,     351.8] N/m
  K_TCP rotation   = [      6.0,       5.1,      54.9] Nm/rad
  commanded KR was = [      5.0,       5.0,      50.0] Nm/rad   including lever contribution
  D_TCP translation = [    231.2,     178.2,     112.0] Ns/m
  D_TCP rotation   = [      1.8,       1.9,       1.8] Nms/rad
  coupling           max |moment per unit translation| = 99.1 Nm/m (K), 11.5 Nms/m (D)
  eigenvalues        K_TCP 4.99 .. 2005 | D_TCP 1.22 .. 232  (both positive: valid springs)

  K_TCP [N/m, Nm/rad | rows fx..mz, cols tx..rz]:
           tx        ty        tz    |    rx        ry        rz
  fx [    2000  -0.7871   -28.44 |    1.405   -12.97    99.13 ]
  fy [ -0.7871     1999   -45.62 |    15.22 0.0004255   -0.244 ]
  fz [  -28.44   -45.62    351.8 |   -17.73   0.2205   -1.405 ]
     ---------------------------+---------------------------
  mx [   1.405    15.22   -17.73 |    5.991  0.01054   0.8437 ]
  my [  -12.97 0.0004255   0.2205 |  0.01054    5.119   0.6012 ]
  mz [   99.13   -0.244   -1.405 |   0.8437   0.6012    54.87 ]

  D_TCP [Ns/m, Nms/rad]:
           tx        ty        tz    |    rx        ry        rz
  fx [   231.2 -0.05692   -2.056 |   0.1016   -1.499    11.46 ]
  fy [-0.05692    178.2   -1.833 |    1.246 0.0001811 -0.02109 ]
  fz [  -2.056   -1.833      112 |   -5.564  0.02482  -0.1018 ]
     ---------------------------+---------------------------
  mx [  0.1016    1.246   -5.564 |    1.779 -0.001359 0.0002091 ]
  my [  -1.499 0.0001811  0.02482 | -0.001359    1.901 -0.09285 ]
  mz [   11.46 -0.02109  -0.1018 | 0.0002091 -0.09285    1.791 ]

[GATE] Set up finished (still pressing). Press Enter to start the grind (e+Enter stops).

Stop requested with e + Enter. Finishing control loop...

-- joint motion [deg] --------------------------------------------------------
  joint       start    final    delta
  q1            0.9      0.8     -0.0
  q2           12.1     29.5    +17.4
  q3           -0.5     -1.2     -0.6
  q4         -130.9   -128.1     +2.8
  q5           -0.1     17.2    +17.3
  q6          142.9    151.9     +9.0
  q7           44.7     29.0    -15.7

==============================================================================
  FINAL RESULT
==============================================================================
  p_d              = [    514.8,      -5.6,    -209.9] mm
  p_EE             = [    517.3,       1.5,      26.0] mm
  e_p              = [     -2.5,      -7.0,    -235.9] mm
  e_R              = [     0.13,     -1.75,     -0.16] deg
------------------------------------------------------------------------------
  position error     235.97 mm
  rotation error     1.76 deg
  csv                logs/surface_grinding_controller_log.csv
------------------------------------------------------------------------------
