
==============================================================================
  SURFACE GRINDING CONTROLLER
==============================================================================
  robot              172.16.0.2
  parameters         /home/hm-panda/Desktop/Thesis_Final_Control/surface_grinding_controller/params
------------------------------------------------------------------------------

==============================================================================
  SURFACE GRINDING CONTROLLER - STARTUP MENU
==============================================================================

-- RUN MODES -----------------------------------------------------------------
  s      Run orientation, approach, setup, and grinding
  h      Cartesian pose hold at the initial posture
  t      Cartesian pose hold with the setup impedance
  g      Start manual guidance from the current robot pose

-- ROBOT PREPARATION ---------------------------------------------------------
  i      Move to the configured initial joint posture

-- GRIPPER AND TOOL ----------------------------------------------------------
  o      Open the gripper
  c      Grasp the tool
  r      Recalibrate the gripper with empty fingers
  f      Pick up the tool from the holder
  b      Return the tool to the holder

-- PROGRAM -------------------------------------------------------------------
  e      Exit
------------------------------------------------------------------------------
  During control: e = stop | m = startup menu | g = guidance
------------------------------------------------------------------------------
Selection [s/h/t/g/i/o/c/r/f/b/e]: 
-- SELECTED MODE: PHASE SEQUENCE ---------------------------------------------

-- moving to q_init ----------------------------------------------------------
  case               saved_qinit
  q1..q7 [deg]     = [0.8, 12.1, -0.5, -130.9, -0.2, 142.9, 44.7] deg
  saved_qinit = [0.014777, 0.210911, -0.009320, -2.284835, -0.002725, 2.493410, 0.780694] rad
  q_init reached.

-- start pose ----------------------------------------------------------------
  q_start          = [0.9, 12.1, -0.5, -130.9, -0.1, 142.9, 44.7] deg
  p_start          = [    531.4,       2.5,     156.8] mm

==============================================================================
  RUN
==============================================================================

-- phase: approach_orient ----------------------------------------------------
  Kp [t1,t2,n]     = [    150.0,     150.0,     150.0] N/m
  Dp [t1,t2,n]     = [    133.7,      94.2,     128.3] Ns/m     auto (factor 1.90)
  KR [t1,t2,n]     = [    180.0,     180.0,      90.0] Nm/rad
  DR [t1,t2,n]     = [     15.3,      25.0,       2.0] Nms/rad  auto (factor 1.90)
orient:     t=  0.0 s | axis_err=  8.5 deg | spin_err=  0.5 deg
orient:     t=  0.2 s | axis_err=  7.2 deg | spin_err=  0.2 deg
orient:     t=  0.4 s | axis_err=  3.3 deg | spin_err=  0.2 deg
orient:     t=  0.6 s | axis_err=  1.1 deg | spin_err=  0.2 deg
orient:     t=  0.8 s | axis_err=  0.9 deg | spin_err=  0.3 deg

Orientation reached: axis_err=0.8 deg | spin_err=0.3 deg

-- phase: approach_descend ---------------------------------------------------
  Kp [t1,t2,n]     = [    150.0,     150.0,     150.0] N/m
  Dp [t1,t2,n]     = [    133.7,      94.2,     128.3] Ns/m     auto (factor 1.90)
  KR [t1,t2,n]     = [    180.0,     180.0,      90.0] Nm/rad
  DR [t1,t2,n]     = [     15.3,      25.0,       2.0] Nms/rad  auto (factor 1.90)
  descend to         20 mm clearance at 0.100 m/s
descend:    t=  0.0 s | distance=   0.1 mm | height=+121.5 mm (target 20.0) | force=  0.0 N
descend:    t=  0.2 s | distance=  20.2 mm | height=+110.8 mm (target 20.0) | force=  2.1 N
descend:    t=  0.4 s | distance=  40.3 mm | height= +95.9 mm (target 20.0) | force=  2.5 N
descend:    t=  0.6 s | distance=  60.4 mm | height= +79.7 mm (target 20.0) | force=  2.7 N
descend:    t=  0.8 s | distance=  80.5 mm | height= +62.8 mm (target 20.0) | force=  2.7 N
descend:    t=  1.0 s | distance= 100.6 mm | height= +46.0 mm (target 20.0) | force=  3.4 N
descend:    t=  1.2 s | distance= 120.7 mm | height= +29.1 mm (target 20.0) | force=  3.2 N

Clearance reached: distance=131.8 mm | height=19.9 mm | target=20.0 mm | force=2.3 N
  offset_ee        = [     20.0,      60.0,      20.0] mm
  p_EE_at_contact  = [    516.8,       1.4,      49.8] mm
  contact_point    = [    535.3,     -56.0,       1.3] mm
  edge_offset      = [     18.4,     -57.4,     -48.5] mm

-- phase: setup --------------------------------------------------------------

-- setup impedance -----------------------------------------------------------
  law                wrench = K_TCP*dx + D_TCP*dv
                     K_TCP  = Ad(r_c)^T * blkdiag(Kp,KR) * Ad(r_c)
  Kp [t1,t2,n]     = [   2000.0,    2000.0,     350.0] N/m
  Dp [t1,t2,n]     = [    231.2,     178.1,     112.1] Ns/m     auto
  KR [t1,t2,n]     = [      5.0,       5.0,      50.0] Nm/rad
  DR [t1,t2,n]     = [      1.5,       1.9,       1.2] Nms/rad  auto
  p_c [EE]         = [     -0.0,       0.0,     -40.0] mm       commanded in the tool frame
  r_c [t1,t2,n]    = [     -1.4,       6.2,     -39.5] mm       p_TCP - p_c, in the plane
setup:     t=  0.0 s | ee=  0.0 deg | F=  0.1 N | M=  0.0 Nm (limit 150.0) | contact= 19.9 mm
setup:     t=  0.2 s | ee=  1.0 deg | F=  1.7 N | M=  0.7 Nm (limit 150.0) | contact=  7.4 mm
setup:     t=  0.4 s | ee=  1.7 deg | F= 18.3 N | M=  0.9 Nm (limit 150.0) | contact=  4.2 mm
setup:     t=  0.6 s | ee=  1.7 deg | F= 15.6 N | M=  1.0 Nm (limit 150.0) | contact=  4.3 mm
setup:     t=  0.8 s | ee=  1.7 deg | F= 20.9 N | M=  1.1 Nm (limit 150.0) | contact=  4.4 mm
setup:     t=  1.0 s | ee=  1.7 deg | F= 26.9 N | M=  1.1 Nm (limit 150.0) | contact=  4.5 mm
setup:     t=  1.2 s | ee=  1.7 deg | F= 32.4 N | M=  1.2 Nm (limit 150.0) | contact=  4.6 mm
setup:     t=  1.4 s | ee=  1.8 deg | F= 38.4 N | M=  1.2 Nm (limit 150.0) | contact=  4.8 mm
setup:     t=  1.6 s | ee=  1.8 deg | F= 44.0 N | M=  1.3 Nm (limit 150.0) | contact=  4.9 mm
setup:     t=  1.8 s | ee=  1.8 deg | F= 49.4 N | M=  1.4 Nm (limit 150.0) | contact=  5.0 mm
setup:     t=  2.0 s | ee=  1.8 deg | F= 55.0 N | M=  1.6 Nm (limit 150.0) | contact=  5.2 mm
setup:     t=  2.2 s | ee=  1.8 deg | F= 60.1 N | M=  1.5 Nm (limit 150.0) | contact=  5.3 mm
setup:     t=  2.4 s | ee=  1.9 deg | F= 66.8 N | M=  1.7 Nm (limit 150.0) | contact=  5.5 mm
setup:     t=  2.6 s | ee=  2.0 deg | F= 71.0 N | M=  1.8 Nm (limit 150.0) | contact=  5.6 mm
setup:     t=  2.8 s | ee=  2.2 deg | F= 76.9 N | M=  1.6 Nm (limit 150.0) | contact=  5.7 mm
setup:     t=  3.0 s | ee=  2.5 deg | F= 83.1 N | M=  2.2 Nm (limit 150.0) | contact=  5.9 mm
setup:     t=  3.2 s | ee=  2.8 deg | F= 87.7 N | M=  1.8 Nm (limit 150.0) | contact=  5.9 mm
setup:     t=  3.4 s | ee=  3.9 deg | F= 80.1 N | M=  1.5 Nm (limit 150.0) | contact=  5.9 mm
setup:     t=  3.6 s | ee=  5.1 deg | F= 80.1 N | M=  1.6 Nm (limit 150.0) | contact=  5.9 mm
setup:     t=  3.8 s | ee=  6.2 deg | F= 79.9 N | M=  1.7 Nm (limit 150.0) | contact=  6.0 mm
setup:     t=  4.0 s | ee=  7.1 deg | F= 80.1 N | M=  1.7 Nm (limit 150.0) | contact=  6.0 mm
setup:     t=  4.2 s | ee=  7.6 deg | F= 80.8 N | M=  1.6 Nm (limit 150.0) | contact=  6.0 mm
setup:     t=  4.4 s | ee=  7.7 deg | F= 81.5 N | M=  1.6 Nm (limit 150.0) | contact=  6.0 mm
setup:     t=  4.6 s | ee=  7.8 deg | F= 81.2 N | M=  1.5 Nm (limit 150.0) | contact=  6.0 mm
setup:     t=  4.8 s | ee=  7.8 deg | F= 81.1 N | M=  1.4 Nm (limit 150.0) | contact=  6.0 mm

==============================================================================
  SETUP RESULT
==============================================================================
  stop: time | t=5.0 s | ee=7.9 deg | F=81.2 N | M_TCP=1.4 Nm
  contact_from_start = [-4.2, +1.2, -4.1] mm | norm=6.0 mm
  tcp_from_contact  = [-21.6, +61.3, +17.9] mm | norm=67.4 mm
  deviation: before=9.33 deg | after=3.95 deg | gain=+5.39 deg
  t_align: not reached | tolerance=2.00 deg | hold=0.30 s
  t_align_fraction: 3.87 s | fraction=0.50 of the deviation at contact
  deviation_min: 3.95 deg at t=5.00 s
  align_status: not_aligned
  deviation components [t1,t2,n] deg: before=[-9.32,-0.51,-0.00] | after=[-2.04,-3.38,+0.00]

-- setup surface-frame breakdown ---------------------------------------------
  frame              alignment-target [tangent1, tangent2, normal]
  force        [N]      = [    +0.18,    -19.56,    -78.86]
  tcp_disp     [mm]     = [    -2.62,     +4.74,    -30.53]
  contact_disp [mm]     = [    -4.16,     +1.29,     -4.16]
  Kp_eff=F/tcp [N/m]    = [    -67.6,   -4128.7,    2582.8]
  M_contact    [Nm]     = [    -3.38,     -0.29,     +0.52]
  ee_angle     [deg]    = [    +7.29,     -2.90,     +0.18]
  KR_eff=M/ang [Nm/rad] = [    -26.6,       5.7,     162.5]
  frame              tool face [length, width, tool axis]
  M_contact    [Nm]     = [    +0.30,     +3.40,     -0.33]

-- center of compliance ------------------------------------------------------
  definition         r_c = p_TCP - p_c
  p_TCP [x,y,z]    = [    513.7,       5.3,      19.2] mm
  p_c [EE]         = [     -0.0,       0.0,     -40.0] mm
  r_c [t1,t2,n]    = [     -3.4,       1.2,     -39.8] mm
                     p_c resolved at end of setup

-- effective TCP impedance ---------------------------------------------------
  K_TCP translation = [   1999.5,    1998.7,     351.8] N/m
  K_TCP rotation   = [      8.2,       8.2,      50.0] Nm/rad
  commanded KR was = [      5.0,       5.0,      50.0] Nm/rad   including lever contribution
  D_TCP translation = [    231.2,     178.0,     112.2] Ns/m
  D_TCP rotation   = [      1.8,       2.3,       1.2] Nms/rad
  coupling           max |moment per unit translation| = 79.7 Nm/m (K), 9.2 Nms/m (D)
  eigenvalues        K_TCP 4.99 .. 2003 | D_TCP 1.21 .. 232  (both positive: valid springs)

  K_TCP [N/m, Nm/rad | rows fx..mz, cols tx..rz]:
           tx        ty        tz    |    rx        ry        rz
  fx [    2000  -0.7871   -28.44 |  0.03305    79.68   0.1186 ]
  fy [ -0.7871     1999   -45.62 |   -79.53   0.1556    8.189 ]
  fz [  -28.44   -45.62    351.8 |    1.794   -2.573  -0.1887 ]
     ---------------------------+---------------------------
  mx [ 0.03305   -79.53    1.794 |    8.178  0.01543   0.4498 ]
  my [   79.68   0.1556   -2.573 |  0.01543    8.215     1.25 ]
  mz [  0.1186    8.189  -0.1887 |   0.4498     1.25    49.99 ]

  D_TCP [Ns/m, Nms/rad]:
           tx        ty        tz    |    rx        ry        rz
  fx [   231.2 -0.05683   -2.053 | 0.002386    9.207  0.01385 ]
  fy [-0.05683      178   -1.824 |   -7.083 0.005212   0.7294 ]
  fz [  -2.053   -1.824    112.2 |  0.06575  -0.5413 -0.007599 ]
     ---------------------------+---------------------------
  mx [0.002386   -7.083  0.06575 |    1.772 -0.0003102 -0.03393 ]
  my [   9.207 0.005212  -0.5413 | -0.0003102    2.266 -0.01857 ]
  mz [ 0.01385   0.7294 -0.007599 | -0.03393 -0.01857    1.209 ]

[GATE] Set up finished (still pressing). Press Enter to start the grind (e+Enter stops).

Stop requested with e + Enter. Finishing control loop...

-- joint motion [deg] --------------------------------------------------------
  joint       start    final    delta
  q1            0.9      5.2     +4.3
  q2           12.1     30.3    +18.2
  q3           -0.5     -4.1     -3.5
  q4         -130.9   -128.3     +2.6
  q5           -0.1      5.0     +5.1
  q6          142.9    152.5     +9.6
  q7           44.7     42.5     -2.3

==============================================================================
  FINAL RESULT
==============================================================================
  p_d              = [    512.3,      -5.7,    -210.0] mm
  p_EE             = [    513.7,       5.3,      19.2] mm
  e_p              = [     -1.3,     -11.1,    -229.2] mm
  e_R              = [     7.29,     -2.90,      0.14] deg
------------------------------------------------------------------------------
  position error     229.48 mm
  rotation error     7.85 deg
  csv                logs/surface_grinding_controller_log.csv
------------------------------------------------------------------------------
