
==============================================================================
  SURFACE GRINDING CONTROLLER
==============================================================================
  robot              172.16.0.2
  parameters         /home/hm-panda/Desktop/Thesis_Final_Control/surface_grinding_controller/params
------------------------------------------------------------------------------

==============================================================================
  SURFACE GRINDING CONTROLLER - STARTUP MENU
==============================================================================

-- RUN MODES -----------------------------------------------------------------
  s      Run orientation, approach, contact establishment, and grinding
  h      Cartesian pose hold at the initial posture
  t      Cartesian pose hold with the contact establishment impedance
  g      Start manual guidance from the current robot pose

-- ROBOT PREPARATION ---------------------------------------------------------
  i      Move to the configured initial joint posture

-- GRIPPER AND TOOL ----------------------------------------------------------
  o      Open the gripper
  c      Grasp the tool
  r      Recalibrate the gripper with empty fingers
  f      Pick up the tool from the holder
  b      Return the tool to the holder

-- PROGRAM -------------------------------------------------------------------
  e      Exit
------------------------------------------------------------------------------
  During control: e = stop | m = startup menu | g = guidance
------------------------------------------------------------------------------
Selection [s/h/t/g/i/o/c/r/f/b/e]: 
-- SELECTED MODE: STATE SEQUENCE ---------------------------------------------

-- moving to q_init ----------------------------------------------------------
  case               saved_qinit
  q1..q7 [deg]     = [0.8, 12.1, -0.5, -130.9, -0.2, 142.9, 44.7] deg
  saved_qinit = [0.014777, 0.210911, -0.009320, -2.284835, -0.002725, 2.493410, 0.780694] rad
  q_init reached.

-- start pose ----------------------------------------------------------------
  q_start          = [0.9, 12.1, -0.5, -130.9, -0.1, 142.9, 44.7] deg
  p_start          = [    531.4,       2.5,     156.9] mm

==============================================================================
  RUN
==============================================================================

-- state: tool_orientation ---------------------------------------------------
  Kp [t1,t2,n]     = [    150.0,     150.0,     150.0] N/m
  Dp [t1,t2,n]     = [    133.7,      94.2,     128.3] Ns/m     auto (factor 1.90)
  KR [t1,t2,n]     = [    180.0,     180.0,      90.0] Nm/rad
  DR [t1,t2,n]     = [     15.3,      25.0,       2.0] Nms/rad  auto (factor 1.90)
orient:     t=  0.0 s | axis_err=  8.5 deg | spin_err=  0.5 deg
orient:     t=  0.2 s | axis_err=  7.2 deg | spin_err=  0.2 deg
orient:     t=  0.4 s | axis_err=  3.3 deg | spin_err=  0.2 deg
orient:     t=  0.6 s | axis_err=  1.0 deg | spin_err=  0.2 deg
orient:     t=  0.8 s | axis_err=  0.8 deg | spin_err=  0.2 deg

Orientation reached: axis_err=0.8 deg | spin_err=0.2 deg

-- state: surface_approach ---------------------------------------------------
  Kp [t1,t2,n]     = [    150.0,     150.0,     150.0] N/m
  Dp [t1,t2,n]     = [    133.7,      94.2,     128.3] Ns/m     auto (factor 1.90)
  KR [t1,t2,n]     = [    180.0,     180.0,      90.0] Nm/rad
  DR [t1,t2,n]     = [     15.3,      25.0,       2.0] Nms/rad  auto (factor 1.90)
  descend to         20 mm clearance at 0.100 m/s
descend:    t=  0.0 s | distance=   0.1 mm | height=+121.1 mm (target 20.0) | force=  0.0 N
descend:    t=  0.2 s | distance=  20.2 mm | height=+110.4 mm (target 20.0) | force=  2.8 N
descend:    t=  0.4 s | distance=  40.3 mm | height= +95.4 mm (target 20.0) | force=  2.1 N
descend:    t=  0.6 s | distance=  60.4 mm | height= +79.1 mm (target 20.0) | force=  2.1 N
descend:    t=  0.8 s | distance=  80.5 mm | height= +62.0 mm (target 20.0) | force=  3.0 N
descend:    t=  1.0 s | distance= 100.6 mm | height= +44.9 mm (target 20.0) | force=  3.3 N
descend:    t=  1.2 s | distance= 120.7 mm | height= +27.6 mm (target 20.0) | force=  3.1 N

Clearance reached: distance=129.8 mm | height=20.0 mm | target=20.0 mm | force=2.3 N
  offset_ee        = [     20.0,      60.0,      20.0] mm
  p_EE_at_contact  = [    516.6,       1.1,      49.9] mm
  contact_point    = [    535.2,     -56.3,       1.4] mm
  edge_offset      = [     18.5,     -57.4,     -48.5] mm

-- state: contact_establishment ----------------------------------------------

-- contact establishment impedance -------------------------------------------
  law                wrench = K_TCP*dx + D_TCP*dv
                     K_TCP  = Ad(r_c)^T * blkdiag(Kp,KR) * Ad(r_c)
  Kp [t1,t2,n]     = [   2000.0,    2000.0,     350.0] N/m
  Dp [t1,t2,n]     = [    231.1,     178.1,     112.1] Ns/m     auto
  KR [t1,t2,n]     = [      5.0,       5.0,      50.0] Nm/rad
  DR [t1,t2,n]     = [      1.5,       1.9,       1.2] Nms/rad  auto
  p_c [EE]         = [      0.0,    -100.0,       0.0] mm       commanded in the tool frame
  r_c [t1,t2,n]    = [     -0.1,      98.8,      15.6] mm       p_c - p_TCP, in the plane
contact establishment:     t=  0.0 s | ee=  0.0 deg | F=  0.3 N | M=  0.0 Nm | contact= 19.9 mm
contact establishment:     t=  0.2 s | ee=  0.9 deg | F=  1.0 N | M=  0.6 Nm | contact=  7.3 mm
contact establishment:     t=  0.4 s | ee=  1.6 deg | F= 19.3 N | M=  0.3 Nm | contact=  4.1 mm
contact establishment:     t=  0.6 s | ee=  1.6 deg | F= 16.1 N | M=  0.9 Nm | contact=  4.2 mm
contact establishment:     t=  0.8 s | ee=  1.7 deg | F= 21.3 N | M=  0.8 Nm | contact=  4.3 mm
contact establishment:     t=  1.0 s | ee=  1.9 deg | F= 25.5 N | M=  1.0 Nm | contact=  4.5 mm
contact establishment:     t=  1.2 s | ee=  2.3 deg | F= 30.4 N | M=  0.8 Nm | contact=  4.5 mm
contact establishment:     t=  1.4 s | ee=  3.7 deg | F= 33.3 N | M=  1.2 Nm | contact=  4.4 mm
contact establishment:     t=  1.6 s | ee=  6.7 deg | F= 33.1 N | M=  1.2 Nm | contact=  4.1 mm
contact establishment:     t=  1.8 s | ee=  8.4 deg | F= 42.6 N | M=  4.9 Nm | contact=  3.5 mm
contact establishment:     t=  2.0 s | ee=  8.4 deg | F= 47.8 N | M=  5.1 Nm | contact=  3.6 mm
contact establishment:     t=  2.2 s | ee=  8.4 deg | F= 53.2 N | M=  5.5 Nm | contact=  3.7 mm
contact establishment:     t=  2.4 s | ee=  8.4 deg | F= 58.9 N | M=  5.9 Nm | contact=  3.8 mm
contact establishment:     t=  2.6 s | ee=  8.4 deg | F= 64.5 N | M=  6.3 Nm | contact=  4.0 mm
contact establishment:     t=  2.8 s | ee=  8.4 deg | F= 69.7 N | M=  6.7 Nm | contact=  4.1 mm
contact establishment:     t=  3.0 s | ee=  8.4 deg | F= 75.3 N | M=  7.2 Nm | contact=  4.2 mm
contact establishment:     t=  3.2 s | ee=  8.5 deg | F= 81.1 N | M=  7.5 Nm | contact=  4.2 mm
contact establishment:     t=  3.4 s | ee=  8.6 deg | F= 76.3 N | M=  7.3 Nm | contact=  3.9 mm
contact establishment:     t=  3.6 s | ee=  8.6 deg | F= 76.5 N | M=  7.3 Nm | contact=  3.8 mm
contact establishment:     t=  3.8 s | ee=  8.7 deg | F= 76.6 N | M=  7.3 Nm | contact=  3.8 mm
contact establishment:     t=  4.0 s | ee=  8.7 deg | F= 76.5 N | M=  7.3 Nm | contact=  3.8 mm
contact establishment:     t=  4.2 s | ee=  8.7 deg | F= 76.5 N | M=  7.4 Nm | contact=  3.8 mm
contact establishment:     t=  4.4 s | ee=  8.7 deg | F= 76.5 N | M=  7.3 Nm | contact=  3.8 mm
contact establishment:     t=  4.6 s | ee=  8.7 deg | F= 76.4 N | M=  7.3 Nm | contact=  3.8 mm
contact establishment:     t=  4.8 s | ee=  8.7 deg | F= 76.4 N | M=  7.3 Nm | contact=  3.8 mm

==============================================================================
  CONTACT-ESTABLISHMENT RESULT
==============================================================================
  stop: time | t=5.0 s | ee=8.7 deg | F=76.3 N | M_TCP=7.3 Nm
  contact_from_start = [-2.5, -1.6, -2.3] mm | norm=3.8 mm
  tcp_from_contact  = [-20.6, +58.9, +18.2] mm | norm=65.0 mm
  deviation: before=9.36 deg | after=2.44 deg | gain=+6.92 deg
  t_align: not reached | tolerance=2.00 deg | hold=0.30 s
  t_align_fraction: 1.54 s | fraction=0.50 of the deviation at contact
  deviation_min: 2.44 deg at t=4.90 s
  align_status: not_aligned
  deviation components [t1,t2,n] deg: before=[-9.35,-0.43,+0.00] | after=[-0.87,-2.28,+0.00]

-- contact establishment surface-frame breakdown -----------------------------
  frame              alignment-target [tangent1, tangent2, normal]
  force        [N]      = [    +2.83,     -5.44,    -76.05]
  tcp_disp     [mm]     = [    -1.53,     +2.32,    -30.30]
  contact_disp [mm]     = [    -2.51,     -1.54,     -2.34]
  Kp_eff=F/tcp [N/m]    = [  -1848.3,   -2340.7,    2509.7]
  M_contact    [Nm]     = [   -11.76,     -0.75,     -0.09]
  ee_angle     [deg]    = [    +8.48,     -1.87,     +0.13]
  KR_eff=M/ang [Nm/rad] = [    -79.4,      22.9,     -40.1]
  frame              tool face [length, width, tool axis]
  M_contact    [Nm]     = [    +0.80,    +11.74,     +0.55]

-- center of compliance ------------------------------------------------------
  definition         r_c = p_c - p_TCP
  p_TCP [x,y,z]    = [    514.6,       2.6,      19.5] mm
  p_c [EE]         = [      0.0,    -100.0,       0.0] mm
  r_c [t1,t2,n]    = [      0.4,     100.0,       0.8] mm
                     p_c resolved at end of contact establishment

-- effective TCP impedance ---------------------------------------------------
  K_TCP translation = [   1999.5,    1998.7,     351.8] N/m
  K_TCP rotation   = [      8.5,       5.0,      69.9] Nm/rad
  commanded KR was = [      5.0,       5.0,      50.0] Nm/rad   including lever contribution
  D_TCP translation = [    231.1,     178.1,     112.2] Ns/m
  D_TCP rotation   = [      2.6,       1.9,       3.5] Nms/rad
  coupling           max |moment per unit translation| = 199.9 Nm/m (K), 23.1 Nms/m (D)
  eigenvalues        K_TCP 4.95 .. 2021 | D_TCP 1.19 .. 233  (both positive: valid springs)

  K_TCP [N/m, Nm/rad | rows fx..mz, cols tx..rz]:
           tx        ty        tz    |    rx        ry        rz
  fx [    2000  -0.7871   -28.44 |   -2.845   -3.849   -199.9 ]
  fy [ -0.7871     1999   -45.62 |  -0.7014  0.02095   0.9298 ]
  fz [  -28.44   -45.62    351.8 |    35.08 -0.09488    2.824 ]
     ---------------------------+---------------------------
  mx [  -2.845  -0.7014    35.08 |    8.519  0.01202     1.06 ]
  my [  -3.849  0.02095 -0.09488 |  0.01202    5.042    1.629 ]
  mz [  -199.9   0.9298    2.824 |     1.06    1.629    69.94 ]

  D_TCP [Ns/m, Nms/rad]:
           tx        ty        tz    |    rx        ry        rz
  fx [   231.1 -0.05677   -2.051 |  -0.2052  -0.4454    -23.1 ]
  fy [-0.05677    178.1   -1.824 |   0.1615 0.0008864   0.0815 ]
  fz [  -2.051   -1.824    112.2 |    11.21 -0.04382   0.2043 ]
     ---------------------------+---------------------------
  mx [ -0.2052   0.1615    11.21 |    2.614 -0.004516  0.01566 ]
  my [ -0.4454 0.0008864 -0.04382 | -0.004516    1.895  0.02552 ]
  mz [   -23.1   0.0815   0.2043 |  0.01566  0.02552    3.518 ]

[STATE] Pre-grinding hold active. Press Enter to start grinding (e+Enter stops).

-- state: pre_grinding_hold --------------------------------------------------
  motion             established contact command
  impedance          inherited from contact establishment
  keys               Enter continue | e stop

Stop requested with e + Enter. Finishing control loop...

-- joint motion [deg] --------------------------------------------------------
  joint       start    final    delta
  q1            0.9      5.9     +5.1
  q2           12.1     30.2    +18.0
  q3           -0.5     -4.9     -4.3
  q4         -130.9   -128.9     +2.0
  q5           -0.1      3.4     +3.5
  q6          142.9    154.1    +11.2
  q7           44.7     43.7     -1.0

==============================================================================
  FINAL RESULT
==============================================================================
  p_d              = [    512.2,      -6.1,    -210.0] mm
  p_EE             = [    514.6,       2.6,      19.5] mm
  e_p              = [     -2.4,      -8.7,    -229.5] mm
  e_R              = [     8.48,     -1.87,      0.04] deg
------------------------------------------------------------------------------
  position error     229.70 mm
  rotation error     8.69 deg
  csv                logs/surface_grinding_controller_log.csv
------------------------------------------------------------------------------
