
==============================================================================
  SURFACE GRINDING CONTROLLER
==============================================================================
  robot              172.16.0.2
  parameters         /home/hm-panda/Desktop/Thesis_Final_Control/surface_grinding_controller/params
------------------------------------------------------------------------------

==============================================================================
  SURFACE GRINDING CONTROLLER - STARTUP MENU
==============================================================================

-- RUN MODES -----------------------------------------------------------------
  s      Run orientation, approach, contact establishment, and grinding
  h      Cartesian pose hold at the initial posture
  t      Cartesian pose hold with the contact establishment impedance
  g      Start manual guidance from the current robot pose

-- ROBOT PREPARATION ---------------------------------------------------------
  i      Move to the configured initial joint posture

-- GRIPPER AND TOOL ----------------------------------------------------------
  o      Open the gripper
  c      Grasp the tool
  r      Recalibrate the gripper with empty fingers
  f      Pick up the tool from the holder
  b      Return the tool to the holder

-- PROGRAM -------------------------------------------------------------------
  e      Exit
------------------------------------------------------------------------------
  During control: e = stop | m = startup menu | g = guidance
------------------------------------------------------------------------------
Selection [s/h/t/g/i/o/c/r/f/b/e]: 
-- SELECTED MODE: STATE SEQUENCE ---------------------------------------------

-- moving to q_init ----------------------------------------------------------
  case               saved_qinit
  q1..q7 [deg]     = [0.8, 12.1, -0.5, -130.9, -0.2, 142.9, 44.7] deg
  saved_qinit = [0.014777, 0.210911, -0.009320, -2.284835, -0.002725, 2.493410, 0.780694] rad
  q_init reached.

-- start pose ----------------------------------------------------------------
  q_start          = [0.9, 12.1, -0.5, -130.9, -0.1, 142.9, 44.7] deg
  p_start          = [    531.4,       2.5,     156.9] mm

==============================================================================
  RUN
==============================================================================

-- state: tool_orientation ---------------------------------------------------
  Kp [t1,t2,n]     = [    150.0,     150.0,     150.0] N/m
  Dp [t1,t2,n]     = [    133.7,      94.2,     128.3] Ns/m     auto (factor 1.90)
  KR [t1,t2,n]     = [    180.0,     180.0,      90.0] Nm/rad
  DR [t1,t2,n]     = [     15.3,      25.0,       2.0] Nms/rad  auto (factor 1.90)
orient:     t=  0.0 s | axis_err= 12.0 deg | spin_err=  0.9 deg
orient:     t=  0.2 s | axis_err= 10.6 deg | spin_err=  0.9 deg
orient:     t=  0.4 s | axis_err=  6.8 deg | spin_err=  0.6 deg
orient:     t=  0.6 s | axis_err=  2.8 deg | spin_err=  0.3 deg
orient:     t=  0.8 s | axis_err=  1.1 deg | spin_err=  0.2 deg
orient:     t=  1.0 s | axis_err=  0.9 deg | spin_err=  0.2 deg

Orientation reached: axis_err=0.9 deg | spin_err=0.2 deg

-- state: surface_approach ---------------------------------------------------
  Kp [t1,t2,n]     = [    150.0,     150.0,     150.0] N/m
  Dp [t1,t2,n]     = [    133.7,      94.2,     128.3] Ns/m     auto (factor 1.90)
  KR [t1,t2,n]     = [    180.0,     180.0,      90.0] Nm/rad
  DR [t1,t2,n]     = [     15.3,      25.0,       2.0] Nms/rad  auto (factor 1.90)
  descend to         20 mm clearance at 0.100 m/s
descend:    t=  0.0 s | distance=   0.1 mm | height=+120.1 mm (target 20.0) | force=  0.0 N
descend:    t=  0.2 s | distance=  20.2 mm | height=+109.9 mm (target 20.0) | force=  2.5 N
descend:    t=  0.4 s | distance=  40.3 mm | height= +95.0 mm (target 20.0) | force=  2.8 N
descend:    t=  0.6 s | distance=  60.4 mm | height= +79.3 mm (target 20.0) | force=  2.9 N
descend:    t=  0.8 s | distance=  80.5 mm | height= +62.7 mm (target 20.0) | force=  1.9 N
descend:    t=  1.0 s | distance= 100.6 mm | height= +45.9 mm (target 20.0) | force=  3.3 N
descend:    t=  1.2 s | distance= 120.7 mm | height= +28.9 mm (target 20.0) | force=  1.9 N

Clearance reached: distance=131.6 mm | height=20.0 mm | target=20.0 mm | force=2.6 N
  offset_ee        = [     20.0,     -60.0,      20.0] mm
  p_EE_at_contact  = [    515.2,      -0.7,      50.7] mm
  contact_point    = [    533.6,      53.5,      -1.7] mm
  edge_offset      = [     18.4,      54.2,     -52.3] mm

-- state: contact_establishment ----------------------------------------------

-- contact establishment impedance -------------------------------------------
  law                wrench = K_TCP*dx + D_TCP*dv
                     K_TCP  = Ad(r_c)^T * blkdiag(Kp,KR) * Ad(r_c)
  Kp [t1,t2,n]     = [   2000.0,    2000.0,     350.0] N/m
  Dp [t1,t2,n]     = [    234.3,     174.5,     111.4] Ns/m     auto
  KR [t1,t2,n]     = [      5.0,       5.0,      50.0] Nm/rad
  DR [t1,t2,n]     = [      1.3,       2.0,       1.3] Nms/rad  auto
  p_c [EE]         = [      0.0,    -100.0,       0.0] mm       commanded in the tool frame
  r_c [t1,t2,n]    = [      0.1,      98.6,     -16.8] mm       p_c - p_TCP, in the plane
contact establishment:     t=  0.0 s | ee=  0.0 deg | F=  0.1 N | M=  0.0 Nm | contact= 19.9 mm
contact establishment:     t=  0.2 s | ee=  1.0 deg | F=  0.5 N | M=  0.7 Nm | contact=  7.2 mm
contact establishment:     t=  0.4 s | ee=  1.4 deg | F= 11.9 N | M=  1.0 Nm | contact=  2.0 mm
contact establishment:     t=  0.6 s | ee=  1.4 deg | F= 15.3 N | M=  1.0 Nm | contact=  2.0 mm
contact establishment:     t=  0.8 s | ee=  1.4 deg | F= 20.9 N | M=  1.2 Nm | contact=  2.0 mm
contact establishment:     t=  1.0 s | ee=  1.5 deg | F= 26.5 N | M=  1.5 Nm | contact=  2.1 mm
contact establishment:     t=  1.2 s | ee=  1.5 deg | F= 31.8 N | M=  1.8 Nm | contact=  2.1 mm
contact establishment:     t=  1.4 s | ee=  1.5 deg | F= 37.0 N | M=  2.2 Nm | contact=  2.2 mm
contact establishment:     t=  1.6 s | ee=  1.5 deg | F= 43.1 N | M=  2.6 Nm | contact=  2.2 mm
contact establishment:     t=  1.8 s | ee=  1.5 deg | F= 48.6 N | M=  3.0 Nm | contact=  2.3 mm
contact establishment:     t=  2.0 s | ee=  1.5 deg | F= 54.6 N | M=  3.4 Nm | contact=  2.4 mm
contact establishment:     t=  2.2 s | ee=  1.5 deg | F= 60.1 N | M=  3.7 Nm | contact=  2.5 mm
contact establishment:     t=  2.4 s | ee=  1.5 deg | F= 66.1 N | M=  4.1 Nm | contact=  2.5 mm
contact establishment:     t=  2.6 s | ee=  1.6 deg | F= 73.0 N | M=  4.6 Nm | contact=  2.6 mm
contact establishment:     t=  2.8 s | ee=  2.1 deg | F= 78.2 N | M=  4.9 Nm | contact=  2.5 mm
contact establishment:     t=  3.0 s | ee=  3.2 deg | F= 83.2 N | M=  5.1 Nm | contact=  2.6 mm
contact establishment:     t=  3.2 s | ee=  4.6 deg | F= 87.1 N | M=  5.2 Nm | contact=  2.9 mm
contact establishment:     t=  3.4 s | ee=  7.3 deg | F= 76.6 N | M=  4.2 Nm | contact=  2.9 mm
contact establishment:     t=  3.6 s | ee= 10.3 deg | F= 74.3 N | M=  3.6 Nm | contact=  3.4 mm
contact establishment:     t=  3.8 s | ee= 13.1 deg | F= 78.2 N | M=  4.0 Nm | contact=  3.6 mm
contact establishment:     t=  4.0 s | ee= 15.7 deg | F= 78.6 N | M=  3.8 Nm | contact=  3.9 mm
contact establishment:     t=  4.2 s | ee= 17.7 deg | F= 71.3 N | M=  2.7 Nm | contact=  3.9 mm
contact establishment:     t=  4.4 s | ee= 19.5 deg | F= 79.9 N | M=  3.5 Nm | contact=  3.7 mm
contact establishment:     t=  4.6 s | ee= 21.0 deg | F= 78.4 N | M=  2.9 Nm | contact=  3.8 mm
contact establishment:     t=  4.8 s | ee= 22.2 deg | F= 75.3 N | M=  2.5 Nm | contact=  4.0 mm

==============================================================================
  CONTACT-ESTABLISHMENT RESULT
==============================================================================
  stop: time | t=5.0 s | ee=23.4 deg | F=80.0 N | M_TCP=2.8 Nm
  contact_from_start = [-0.3, -0.6, -3.8] mm | norm=3.9 mm
  tcp_from_contact  = [-18.2, -38.0, +47.9] mm | norm=63.8 mm
  deviation: before=9.32 deg | after=32.70 deg | gain=-23.38 deg
  t_align: not reached | tolerance=2.00 deg | hold=0.30 s
  t_align_fraction: not reached | fraction=0.50 of the deviation at contact
  deviation_min: 9.30 deg at t=0.05 s
  align_status: not_aligned
  deviation components [t1,t2,n] deg: before=[+9.30,-0.55,+0.00] | after=[+32.65,-1.77,-0.00]

-- contact establishment surface-frame breakdown -----------------------------
  frame              alignment-target [tangent1, tangent2, normal]
  force        [N]      = [    +1.76,    +12.74,    -78.94]
  tcp_disp     [mm]     = [    +0.31,    +16.32,     -3.96]
  contact_disp [mm]     = [    -0.23,     -0.50,     -3.87]
  Kp_eff=F/tcp [N/m]    = [   5669.8,     780.4,   19948.7]
  M_contact    [Nm]     = [    -0.12,     -0.18,     -0.31]
  ee_angle     [deg]    = [   +23.36,     -1.10,     +0.30]
  KR_eff=M/ang [Nm/rad] = [     -0.3,       9.2,     -59.1]
  frame              tool face [length, width, tool axis]
  M_contact    [Nm]     = [    -0.02,     +0.11,     +0.36]

-- center of compliance ------------------------------------------------------
  definition         r_c = p_c - p_TCP
  p_TCP [x,y,z]    = [    515.4,      15.5,      46.3] mm
  p_c [EE]         = [      0.0,    -100.0,       0.0] mm
  r_c [t1,t2,n]    = [     -0.2,      83.8,     -54.5] mm
                     p_c resolved at end of contact establishment

-- effective TCP impedance ---------------------------------------------------
  K_TCP translation = [   1999.5,    1998.7,     351.8] N/m
  K_TCP rotation   = [     13.4,      11.5,      63.5] Nm/rad
  commanded KR was = [      5.0,       5.0,      50.0] Nm/rad   including lever contribution
  D_TCP translation = [    234.2,     174.4,     111.5] Ns/m
  D_TCP rotation   = [      2.6,       2.8,       2.9] Nms/rad
  coupling           max |moment per unit translation| = 164.5 Nm/m (K), 19.3 Nms/m (D)
  eigenvalues        K_TCP 4.95 .. 2020 | D_TCP 1.26 .. 237  (both positive: valid springs)

  K_TCP [N/m, Nm/rad | rows fx..mz, cols tx..rz]:
           tx        ty        tz    |    rx        ry        rz
  fx [    2000  -0.7871   -28.44 |   -2.385   -113.6   -164.5 ]
  fy [ -0.7871     1999   -45.62 |    109.8 -0.005108   -2.118 ]
  fz [  -28.44   -45.62    351.8 |    26.35        2     2.39 ]
     ---------------------------+---------------------------
  mx [  -2.385    109.8    26.35 |    13.42   0.1857   0.8519 ]
  my [  -113.6 -0.005108        2 |   0.1857    11.49    10.59 ]
  mz [  -164.5   -2.118     2.39 |   0.8519    10.59    63.49 ]

  D_TCP [Ns/m, Nms/rad]:
           tx        ty        tz    |    rx        ry        rz
  fx [   234.2  -0.0586   -2.117 |  -0.1775   -13.31   -19.27 ]
  fy [ -0.0586    174.4   -1.742 |    9.765 0.001426  -0.1857 ]
  fz [  -2.117   -1.742    111.5 |    9.079   0.2421   0.1761 ]
     ---------------------------+---------------------------
  mx [ -0.1775    9.765    9.079 |     2.57  0.02002  0.00479 ]
  my [  -13.31 0.001426   0.2421 |  0.02002    2.805    1.075 ]
  mz [  -19.27  -0.1857   0.1761 |  0.00479    1.075    2.904 ]

[STATE] Pre-grinding hold active. Press Enter to start grinding (e+Enter stops).

-- state: pre_grinding_hold --------------------------------------------------
  motion             established contact command
  impedance          inherited from contact establishment
  keys               Enter continue | e stop

Stop requested with e + Enter. Finishing control loop...

-- joint motion [deg] --------------------------------------------------------
  joint       start    final    delta
  q1            0.9      4.9     +4.0
  q2           12.1     30.5    +18.4
  q3           -0.5      5.1     +5.7
  q4         -130.9   -122.1     +8.8
  q5           -0.1    -49.0    -48.9
  q6          142.9    129.2    -13.7
  q7           44.7     94.9    +50.2

==============================================================================
  FINAL RESULT
==============================================================================
  p_d              = [    510.7,      -7.9,    -209.2] mm
  p_EE             = [    515.4,      15.5,      46.3] mm
  e_p              = [     -4.7,     -23.4,    -255.4] mm
  e_R              = [    23.36,     -1.11,     -0.07] deg
------------------------------------------------------------------------------
  position error     256.55 mm
  rotation error     23.38 deg
  csv                logs/surface_grinding_controller_log.csv
------------------------------------------------------------------------------
