
==============================================================================
  SURFACE GRINDING CONTROLLER
==============================================================================
  robot              172.16.0.2
  parameters         /home/hm-panda/Desktop/Thesis_Final_Control/surface_grinding_controller/params
------------------------------------------------------------------------------

==============================================================================
  SURFACE GRINDING CONTROLLER - STARTUP MENU
==============================================================================

-- RUN MODES -----------------------------------------------------------------
  s      Run orientation, approach, setup, and grinding
  h      Cartesian pose hold at the initial posture
  t      Cartesian pose hold with the setup impedance
  g      Start manual guidance from the current robot pose

-- ROBOT PREPARATION ---------------------------------------------------------
  i      Move to the configured initial joint posture

-- GRIPPER AND TOOL ----------------------------------------------------------
  o      Open the gripper
  c      Grasp the tool
  r      Recalibrate the gripper with empty fingers
  f      Pick up the tool from the holder
  b      Return the tool to the holder

-- PROGRAM -------------------------------------------------------------------
  e      Exit
------------------------------------------------------------------------------
  During control: e = stop | m = startup menu | g = guidance
------------------------------------------------------------------------------
Selection [s/h/t/g/i/o/c/r/f/b/e]: 
-- SELECTED MODE: PHASE SEQUENCE ---------------------------------------------

-- moving to q_init ----------------------------------------------------------
  case               saved_qinit
  q1..q7 [deg]     = [0.8, 12.1, -0.5, -130.9, -0.2, 142.9, 44.7] deg
  saved_qinit = [0.014777, 0.210911, -0.009320, -2.284835, -0.002725, 2.493410, 0.780694] rad
  q_init reached.

-- start pose ----------------------------------------------------------------
  q_start          = [0.8, 12.1, -0.5, -130.9, -0.2, 142.9, 44.7] deg
  p_start          = [    531.3,       2.4,     156.8] mm

==============================================================================
  RUN
==============================================================================

-- phase: approach_orient ----------------------------------------------------
  Kp [t1,t2,n]     = [    150.0,     150.0,     150.0] N/m
  Dp [t1,t2,n]     = [    133.7,      94.2,     128.3] Ns/m     auto (factor 1.90)
  KR [t1,t2,n]     = [    180.0,     180.0,      90.0] Nm/rad
  DR [t1,t2,n]     = [     15.3,      25.0,       2.0] Nms/rad  auto (factor 1.90)
orient:     t=  0.0 s | axis_err=  7.8 deg | spin_err=  0.9 deg
orient:     t=  0.2 s | axis_err=  6.4 deg | spin_err=  0.7 deg
orient:     t=  0.4 s | axis_err=  3.2 deg | spin_err=  0.3 deg
orient:     t=  0.6 s | axis_err=  1.3 deg | spin_err=  0.2 deg
orient:     t=  0.8 s | axis_err=  1.0 deg | spin_err=  0.2 deg

Orientation reached: axis_err=0.9 deg | spin_err=0.2 deg

-- phase: approach_descend ---------------------------------------------------
  Kp [t1,t2,n]     = [    150.0,     150.0,     150.0] N/m
  Dp [t1,t2,n]     = [    133.7,      94.2,     128.3] Ns/m     auto (factor 1.90)
  KR [t1,t2,n]     = [    180.0,     180.0,      90.0] Nm/rad
  DR [t1,t2,n]     = [     15.3,      25.0,       2.0] Nms/rad  auto (factor 1.90)
  descend to         20 mm clearance at 0.100 m/s
descend:    t=  0.0 s | distance=   0.1 mm | height=+136.5 mm (target 20.0) | force= -0.0 N
descend:    t=  0.2 s | distance=  20.2 mm | height=+125.2 mm (target 20.0) | force=  0.1 N
descend:    t=  0.4 s | distance=  40.3 mm | height=+107.9 mm (target 20.0) | force=  1.2 N
descend:    t=  0.6 s | distance=  60.4 mm | height= +89.7 mm (target 20.0) | force=  0.6 N
descend:    t=  0.8 s | distance=  80.5 mm | height= +71.0 mm (target 20.0) | force=  1.0 N
descend:    t=  1.0 s | distance= 100.6 mm | height= +52.2 mm (target 20.0) | force= -0.7 N
descend:    t=  1.2 s | distance= 120.7 mm | height= +33.8 mm (target 20.0) | force=  1.0 N

Clearance reached: distance=135.7 mm | height=19.9 mm | target=20.0 mm | force=-1.5 N
  offset_ee        = [    -20.0,      60.0,      20.0] mm
  p_EE_at_contact  = [    534.9,      -4.3,      42.9] mm
  contact_point    = [    517.4,     -65.3,       1.9] mm
  edge_offset      = [    -17.5,     -61.1,     -41.0] mm

-- phase: setup --------------------------------------------------------------

-- setup impedance -----------------------------------------------------------
  law                wrench = K_TCP*dx + D_TCP*dv
                     K_TCP  = Ad(r_c)^T * blkdiag(Kp,KR) * Ad(r_c)
  Kp [t1,t2,n]     = [   2000.0,    2000.0,     350.0] N/m
  Dp [t1,t2,n]     = [    227.8,     160.1,     115.6] Ns/m     auto
  KR [t1,t2,n]     = [      5.0,       5.0,      50.0] Nm/rad
  DR [t1,t2,n]     = [      1.6,       1.9,       1.0] Nms/rad  auto
  p_c [EE]         = [    -40.0,       0.0,       0.0] mm       commanded in the tool frame
  r_c [t1,t2,n]    = [     39.6,       0.1,       5.6] mm       p_TCP - p_c, in the plane
setup:     t=  0.0 s | ee=  0.0 deg | F=  0.1 N | M=  0.0 Nm (limit 150.0) | contact= 19.8 mm
setup:     t=  0.2 s | ee=  0.5 deg | F=  2.7 N | M=  0.7 Nm (limit 150.0) | contact=  6.9 mm
setup:     t=  0.4 s | ee=  0.8 deg | F= 12.7 N | M=  0.4 Nm (limit 150.0) | contact=  2.1 mm
setup:     t=  0.6 s | ee=  0.8 deg | F= 16.3 N | M=  0.2 Nm (limit 150.0) | contact=  1.7 mm
setup:     t=  0.8 s | ee=  0.9 deg | F= 22.4 N | M=  0.1 Nm (limit 150.0) | contact=  0.9 mm
setup:     t=  1.0 s | ee=  0.8 deg | F= 27.8 N | M=  0.2 Nm (limit 150.0) | contact=  0.6 mm
setup:     t=  1.2 s | ee=  0.9 deg | F= 33.1 N | M=  0.5 Nm (limit 150.0) | contact=  1.4 mm
setup:     t=  1.4 s | ee=  0.9 deg | F= 39.0 N | M=  0.7 Nm (limit 150.0) | contact=  2.0 mm
setup:     t=  1.6 s | ee=  0.9 deg | F= 44.9 N | M=  0.8 Nm (limit 150.0) | contact=  2.3 mm
setup:     t=  1.8 s | ee=  0.9 deg | F= 50.6 N | M=  1.0 Nm (limit 150.0) | contact=  2.6 mm
setup:     t=  2.0 s | ee=  0.9 deg | F= 56.1 N | M=  1.2 Nm (limit 150.0) | contact=  2.8 mm
setup:     t=  2.2 s | ee=  0.8 deg | F= 62.1 N | M=  1.4 Nm (limit 150.0) | contact=  3.0 mm
setup:     t=  2.4 s | ee=  0.6 deg | F= 68.3 N | M=  1.4 Nm (limit 150.0) | contact=  3.3 mm
setup:     t=  2.6 s | ee=  1.2 deg | F= 73.5 N | M=  1.5 Nm (limit 150.0) | contact=  3.7 mm
setup:     t=  2.8 s | ee=  2.2 deg | F= 77.7 N | M=  1.3 Nm (limit 150.0) | contact=  4.2 mm
setup:     t=  3.0 s | ee=  3.1 deg | F= 83.2 N | M=  1.3 Nm (limit 150.0) | contact=  4.5 mm
setup:     t=  3.2 s | ee=  3.9 deg | F= 89.5 N | M=  1.5 Nm (limit 150.0) | contact=  4.9 mm
setup:     t=  3.4 s | ee=  4.5 deg | F= 83.4 N | M=  1.7 Nm (limit 150.0) | contact=  5.0 mm
setup:     t=  3.6 s | ee=  4.7 deg | F= 82.6 N | M=  1.6 Nm (limit 150.0) | contact=  5.0 mm
setup:     t=  3.8 s | ee=  4.7 deg | F= 82.5 N | M=  1.5 Nm (limit 150.0) | contact=  5.0 mm
setup:     t=  4.0 s | ee=  4.7 deg | F= 82.5 N | M=  1.4 Nm (limit 150.0) | contact=  5.0 mm
setup:     t=  4.2 s | ee=  4.7 deg | F= 82.4 N | M=  1.4 Nm (limit 150.0) | contact=  5.0 mm
setup:     t=  4.4 s | ee=  4.7 deg | F= 82.4 N | M=  1.4 Nm (limit 150.0) | contact=  5.0 mm
setup:     t=  4.6 s | ee=  4.7 deg | F= 82.4 N | M=  1.4 Nm (limit 150.0) | contact=  5.0 mm
setup:     t=  4.8 s | ee=  4.7 deg | F= 82.4 N | M=  1.4 Nm (limit 150.0) | contact=  5.0 mm

==============================================================================
  SETUP RESULT
==============================================================================
  stop: time | t=5.0 s | ee=4.7 deg | F=82.3 N | M_TCP=1.4 Nm
  contact_from_start = [+2.5, -0.2, -4.4] mm | norm=5.0 mm
  tcp_from_contact  = [+18.2, +60.0, +18.5] mm | norm=65.4 mm
  deviation: before=9.60 deg | after=14.29 deg | gain=-4.68 deg
  t_align: not reached | tolerance=2.00 deg | hold=0.30 s
  t_align_fraction: not reached | fraction=0.50 of the deviation at contact
  deviation_min: 8.77 deg at t=0.76 s
  align_status: not_aligned
  deviation components [t1,t2,n] deg: before=[-0.78,+9.57,-0.00] | after=[-1.22,+14.23,+0.00]

-- setup surface-frame breakdown ---------------------------------------------
  frame              alignment-target [tangent1, tangent2, normal]
  force        [N]      = [    -0.91,     +0.35,    -82.33]
  tcp_disp     [mm]     = [    +1.02,     -0.46,    -22.42]
  contact_disp [mm]     = [    +2.54,     -0.13,     -4.34]
  Kp_eff=F/tcp [N/m]    = [   -896.6,    -752.2,    3672.3]
  M_contact    [Nm]     = [    -4.33,     +0.05,     +0.41]
  ee_angle     [deg]    = [    -0.53,     +4.66,     +0.41]
  KR_eff=M/ang [Nm/rad] = [    463.7,       0.7,      57.5]
  frame              tool face [length, width, tool axis]
  M_contact    [Nm]     = [    -0.06,     +4.09,     -1.46]

-- center of compliance ------------------------------------------------------
  definition         r_c = p_TCP - p_c
  p_TCP [x,y,z]    = [    535.5,      -5.3,      20.5] mm
  p_c [EE]         = [    -40.0,       0.0,      -0.0] mm
  r_c [t1,t2,n]    = [     39.0,      -0.2,       8.8] mm
                     p_c resolved at end of setup

-- effective TCP impedance ---------------------------------------------------
  K_TCP translation = [   1999.5,    1998.7,     351.8] N/m
  K_TCP rotation   = [      5.1,       5.7,      53.0] Nm/rad
  commanded KR was = [      5.0,       5.0,      50.0] Nm/rad   including lever contribution
  D_TCP translation = [    227.8,     160.1,     115.6] Ns/m
  D_TCP rotation   = [      1.6,       2.1,       1.3] Nms/rad
  coupling           max |moment per unit translation| = 78.3 Nm/m (K), 6.3 Nms/m (D)
  eigenvalues        K_TCP 4.99 .. 2003 | D_TCP 1.01 .. 228  (both positive: valid springs)

  K_TCP [N/m, Nm/rad | rows fx..mz, cols tx..rz]:
           tx        ty        tz    |    rx        ry        rz
  fx [    2000  -0.7871   -28.44 | -0.006952   -17.38 -0.007827 ]
  fy [ -0.7871     1999   -45.62 |    16.26    -1.78   -78.28 ]
  fz [  -28.44   -45.62    351.8 |  -0.3643    14.01    1.787 ]
     ---------------------------+---------------------------
  mx [-0.006952    16.26  -0.3643 |    5.146 0.007257   0.1389 ]
  my [  -17.38    -1.78    14.01 | 0.007257    5.724    1.314 ]
  mz [-0.007827   -78.28    1.787 |   0.1389    1.314    53.02 ]

  D_TCP [Ns/m, Nms/rad]:
           tx        ty        tz    |    rx        ry        rz
  fx [   227.8 -0.05354   -1.935 | -0.0004729   -1.928 -0.002306 ]
  fy [-0.05354    160.1   -1.232 |    1.302 -0.04782   -6.271 ]
  fz [  -1.935   -1.232    115.6 | -0.007788    4.544   0.0483 ]
     ---------------------------+---------------------------
  mx [-0.0004729    1.302 -0.007788 |    1.636 -0.0005947 -0.06161 ]
  my [  -1.928 -0.04782    4.544 | -0.0005947    2.135 -0.02386 ]
  mz [-0.002306   -6.271   0.0483 | -0.06161 -0.02386    1.256 ]

[GATE] Set up finished (still pressing). Press Enter to start the grind (e+Enter stops).

Stop requested with e + Enter. Finishing control loop...

-- joint motion [deg] --------------------------------------------------------
  joint       start    final    delta
  q1            0.8      0.6     -0.2
  q2           12.1     31.0    +18.9
  q3           -0.5     -1.2     -0.7
  q4         -130.9   -135.0     -4.0
  q5           -0.2     -1.0     -0.9
  q6          142.9    177.7    +34.8
  q7           44.7     45.8     +1.1

==============================================================================
  FINAL RESULT
==============================================================================
  p_d              = [    530.4,     -11.4,    -216.9] mm
  p_EE             = [    535.5,      -5.3,      20.5] mm
  e_p              = [     -5.1,      -6.1,    -237.4] mm
  e_R              = [    -0.53,      4.67,      0.29] deg
------------------------------------------------------------------------------
  position error     237.52 mm
  rotation error     4.70 deg
  csv                logs/surface_grinding_controller_log.csv
------------------------------------------------------------------------------
