
==============================================================================
  SURFACE GRINDING CONTROLLER
==============================================================================
  robot              172.16.0.2
  parameters         /home/hm-panda/Desktop/Thesis_Final_Control/surface_grinding_controller/params
------------------------------------------------------------------------------

==============================================================================
  SURFACE GRINDING CONTROLLER - STARTUP MENU
==============================================================================

-- RUN MODES -----------------------------------------------------------------
  s      Run orientation, approach, setup, and grinding
  h      Cartesian pose hold at the initial posture
  t      Cartesian pose hold with the setup impedance
  g      Start manual guidance from the current robot pose

-- ROBOT PREPARATION ---------------------------------------------------------
  i      Move to the configured initial joint posture

-- GRIPPER AND TOOL ----------------------------------------------------------
  o      Open the gripper
  c      Grasp the tool
  r      Recalibrate the gripper with empty fingers
  f      Pick up the tool from the holder
  b      Return the tool to the holder

-- PROGRAM -------------------------------------------------------------------
  e      Exit
------------------------------------------------------------------------------
  During control: e = stop | m = startup menu | g = guidance
------------------------------------------------------------------------------
Selection [s/h/t/g/i/o/c/r/f/b/e]: 
-- SELECTED MODE: PHASE SEQUENCE ---------------------------------------------

-- moving to q_init ----------------------------------------------------------
  case               saved_qinit
  q1..q7 [deg]     = [0.8, 12.1, -0.5, -130.9, -0.2, 142.9, 44.7] deg
  saved_qinit = [0.014777, 0.210911, -0.009320, -2.284835, -0.002725, 2.493410, 0.780694] rad
  q_init reached.

-- start pose ----------------------------------------------------------------
  q_start          = [0.9, 12.1, -0.5, -130.9, -0.1, 142.9, 44.7] deg
  p_start          = [    531.3,       2.5,     156.9] mm

==============================================================================
  RUN
==============================================================================

-- phase: approach_orient ----------------------------------------------------
  Kp [t1,t2,n]     = [    150.0,     150.0,     150.0] N/m
  Dp [t1,t2,n]     = [    133.7,      94.2,     128.3] Ns/m     auto (factor 1.90)
  KR [t1,t2,n]     = [    300.0,     300.0,      90.0] Nm/rad
  DR [t1,t2,n]     = [     19.8,      32.3,       2.0] Nms/rad  auto (factor 1.90)
orient:     t=  0.0 s | axis_err=  8.5 deg | spin_err=  0.5 deg
orient:     t=  0.2 s | axis_err=  6.6 deg | spin_err=  0.2 deg
orient:     t=  0.4 s | axis_err=  2.5 deg | spin_err=  0.2 deg
orient:     t=  0.6 s | axis_err=  0.6 deg | spin_err=  0.1 deg
orient:     t=  0.8 s | axis_err=  0.5 deg | spin_err=  0.2 deg

Orientation reached: axis_err=0.5 deg | spin_err=0.2 deg

-- phase: approach_descend ---------------------------------------------------
  Kp [t1,t2,n]     = [    150.0,     150.0,     150.0] N/m
  Dp [t1,t2,n]     = [    133.7,      94.2,     128.3] Ns/m     auto (factor 1.90)
  KR [t1,t2,n]     = [    300.0,     300.0,      90.0] Nm/rad
  DR [t1,t2,n]     = [     19.8,      32.3,       2.0] Nms/rad  auto (factor 1.90)
  descend to         20 mm clearance at 0.100 m/s
descend:    t=  0.0 s | distance=   0.1 mm | height=+120.2 mm (target 20.0) | force=  0.0 N
descend:    t=  0.2 s | distance=  20.2 mm | height=+109.9 mm (target 20.0) | force=  1.9 N
descend:    t=  0.4 s | distance=  40.3 mm | height= +94.9 mm (target 20.0) | force=  1.6 N
descend:    t=  0.6 s | distance=  60.4 mm | height= +78.5 mm (target 20.0) | force=  1.7 N
descend:    t=  0.8 s | distance=  80.5 mm | height= +61.6 mm (target 20.0) | force=  2.2 N
descend:    t=  1.0 s | distance= 100.6 mm | height= +44.5 mm (target 20.0) | force=  3.1 N
descend:    t=  1.2 s | distance= 120.7 mm | height= +27.0 mm (target 20.0) | force=  2.0 N

Clearance reached: distance=129.1 mm | height=20.0 mm | target=20.0 mm | force=1.8 N
  offset_ee        = [     20.0,      60.0,      20.0] mm
  p_EE_at_contact  = [    519.6,       1.4,      50.0] mm
  contact_point    = [    538.1,     -55.9,       1.3] mm
  edge_offset      = [     18.6,     -57.3,     -48.7] mm

-- phase: setup --------------------------------------------------------------

-- setup impedance -----------------------------------------------------------
  law                wrench = K_TCP*dx + D_TCP*dv
                     K_TCP  = Ad(r_c)^T * blkdiag(Kp,KR) * Ad(r_c)
  Kp [t1,t2,n]     = [   2000.0,    2000.0,     350.0] N/m
  Dp [t1,t2,n]     = [    231.2,     178.3,     111.9] Ns/m     auto
  KR [t1,t2,n]     = [      5.0,       5.0,      50.0] Nm/rad
  DR [t1,t2,n]     = [      1.5,       1.9,       1.2] Nms/rad  auto
  p_c [EE]         = [     -0.0,       0.0,      60.0] mm       commanded in the tool frame
  r_c [t1,t2,n]    = [      1.9,      -9.6,      59.2] mm       p_TCP - p_c, in the plane
setup:     t=  0.0 s | tip=  0.0 deg | F=  0.3 N | M=  0.1 Nm (limit 150.0) | contact= 19.9 mm
setup:     t=  0.2 s | tip=  0.8 deg | F=  3.2 N | M=  1.4 Nm (limit 150.0) | contact=  7.1 mm
setup:     t=  0.4 s | tip=  1.4 deg | F= 19.4 N | M= 10.4 Nm (limit 150.0) | contact=  2.5 mm
setup:     t=  0.6 s | tip=  1.4 deg | F= 16.6 N | M=  9.3 Nm (limit 150.0) | contact=  2.6 mm
setup:     t=  0.8 s | tip=  1.4 deg | F= 22.2 N | M= 12.3 Nm (limit 150.0) | contact=  2.7 mm
setup:     t=  1.0 s | tip=  1.4 deg | F= 27.7 N | M= 15.1 Nm (limit 150.0) | contact=  2.9 mm
setup:     t=  1.2 s | tip=  1.5 deg | F= 33.4 N | M= 18.1 Nm (limit 150.0) | contact=  3.0 mm
setup:     t=  1.4 s | tip=  1.5 deg | F= 38.8 N | M= 20.8 Nm (limit 150.0) | contact=  3.2 mm
setup:     t=  1.6 s | tip=  1.5 deg | F= 43.9 N | M= 23.4 Nm (limit 150.0) | contact=  3.3 mm
setup:     t=  1.8 s | tip=  1.6 deg | F= 49.9 N | M= 26.5 Nm (limit 150.0) | contact=  3.4 mm
setup:     t=  2.0 s | tip=  1.8 deg | F= 54.7 N | M= 28.9 Nm (limit 150.0) | contact=  3.5 mm
setup:     t=  2.2 s | tip=  2.3 deg | F= 60.0 N | M= 31.8 Nm (limit 150.0) | contact=  3.7 mm
setup:     t=  2.4 s | tip=  3.1 deg | F= 64.4 N | M= 34.3 Nm (limit 150.0) | contact=  3.8 mm
setup:     t=  2.6 s | tip=  5.2 deg | F= 68.1 N | M= 36.2 Nm (limit 150.0) | contact=  4.0 mm
setup:     t=  2.8 s | tip=  7.5 deg | F= 74.6 N | M= 39.7 Nm (limit 150.0) | contact=  4.5 mm
setup:     t=  3.0 s | tip=  8.0 deg | F= 80.6 N | M= 42.9 Nm (limit 150.0) | contact=  4.7 mm
setup:     t=  3.2 s | tip=  8.0 deg | F= 86.0 N | M= 45.6 Nm (limit 150.0) | contact=  4.7 mm
setup:     t=  3.4 s | tip=  8.0 deg | F= 80.7 N | M= 42.9 Nm (limit 150.0) | contact=  4.7 mm
setup:     t=  3.6 s | tip=  8.0 deg | F= 80.7 N | M= 42.9 Nm (limit 150.0) | contact=  4.7 mm
setup:     t=  3.8 s | tip=  8.0 deg | F= 80.6 N | M= 42.9 Nm (limit 150.0) | contact=  4.7 mm
setup:     t=  4.0 s | tip=  8.0 deg | F= 80.5 N | M= 42.9 Nm (limit 150.0) | contact=  4.7 mm
setup:     t=  4.2 s | tip=  8.0 deg | F= 80.5 N | M= 42.8 Nm (limit 150.0) | contact=  4.7 mm
setup:     t=  4.4 s | tip=  8.0 deg | F= 80.7 N | M= 42.9 Nm (limit 150.0) | contact=  4.7 mm
setup:     t=  4.6 s | tip=  8.0 deg | F= 80.5 N | M= 42.8 Nm (limit 150.0) | contact=  4.7 mm
setup:     t=  4.8 s | tip=  8.0 deg | F= 80.5 N | M= 42.8 Nm (limit 150.0) | contact=  4.7 mm

==============================================================================
  SETUP RESULT
==============================================================================
  stop: time | t=5.0 s | tip=8.0 deg | F=80.5 N | M=42.8 Nm
  contact_from_start = [-0.4, +2.6, -3.8] mm | norm=4.7 mm
  tcp_from_contact  = [-18.5, +62.9, +17.3] mm | norm=67.8 mm
  alignment: before=9.59 deg | after=2.35 deg | gain=+7.24 deg
  alignment components [t1,t2,n] deg: before=[-9.58,-0.30,+0.00] | after=[-1.74,-1.57,+0.00]

-- setup surface-frame breakdown ---------------------------------------------
  frame              alignment-target [tangent1, tangent2, normal]
  force        [N]      = [    +4.19,     +4.55,    -80.25]
  tcp_disp     [mm]     = [    +0.62,     +6.46,    -31.20]
  contact_disp [mm]     = [    -0.34,     +2.75,     -3.75]
  Kp_eff=F/tcp [N/m]    = [   6718.4,     703.2,    2572.5]
  M_contact    [Nm]     = [    -5.89,    +41.31,     +2.36]
  tip_angle    [deg]    = [    +7.85,     -1.32,     +0.36]
  KR_eff=M/ang [Nm/rad] = [    -43.0,   -1795.8,     381.4]
  frame              tool face [length, width, tool axis]
  M_contact    [Nm]     = [   -41.32,     +6.21,     -0.94]

-- center of compliance ------------------------------------------------------
  definition         r_c = p_TCP - p_c
  p_TCP [x,y,z]    = [    519.6,       7.0,      18.6] mm
  p_c [EE]         = [     -0.0,       0.0,      60.0] mm
  r_c [t1,t2,n]    = [      3.2,      -1.4,      59.9] mm
                     p_c resolved at end of setup

-- effective TCP impedance ---------------------------------------------------
  K_TCP translation = [   1999.5,    1998.7,     351.8] N/m
  K_TCP rotation   = [     12.2,      12.2,      50.0] Nm/rad
  commanded KR was = [      5.0,       5.0,      50.0] Nm/rad   including lever contribution
  D_TCP translation = [    231.2,     178.2,     112.0] Ns/m
  D_TCP rotation   = [      2.1,       2.7,       1.2] Nms/rad
  coupling           max |moment per unit translation| = 119.8 Nm/m (K), 13.8 Nms/m (D)
  eigenvalues        K_TCP 4.98 .. 2007 | D_TCP 1.23 .. 232  (both positive: valid springs)

  K_TCP [N/m, Nm/rad | rows fx..mz, cols tx..rz]:
           tx        ty        tz    |    rx        ry        rz
  fx [    2000  -0.7871   -28.44 | -0.04074   -119.8   0.4508 ]
  fy [ -0.7871     1999   -45.62 |    119.6  -0.1474   -8.524 ]
  fz [  -28.44   -45.62    351.8 |   -2.809    3.202   0.1882 ]
     ---------------------------+---------------------------
  mx [-0.04074    119.6   -2.809 |    12.17  0.01193   0.2654 ]
  my [  -119.8  -0.1474    3.202 |  0.01193    12.22    1.218 ]
  mz [  0.4508   -8.524   0.1882 |   0.2654    1.218    49.99 ]

  D_TCP [Ns/m, Nms/rad]:
           tx        ty        tz    |    rx        ry        rz
  fx [   231.2 -0.05692   -2.057 | -0.002946   -13.84  0.05197 ]
  fy [-0.05692    178.2   -1.835 |    10.67 -0.004418  -0.7599 ]
  fz [  -2.057   -1.835      112 |  -0.1349   0.6005 0.007364 ]
     ---------------------------+---------------------------
  mx [-0.002946    10.67  -0.1349 |    2.135 -0.0005283 -0.05016 ]
  my [  -13.84 -0.004418   0.6005 | -0.0005283    2.721 -0.02149 ]
  mz [ 0.05197  -0.7599 0.007364 | -0.05016 -0.02149    1.229 ]

[GATE] Set up finished (still pressing). Press Enter to start the grind (e+Enter stops).

Stop requested with e + Enter. Finishing control loop...

-- joint motion [deg] --------------------------------------------------------
  joint       start    final    delta
  q1            0.9      5.8     +5.0
  q2           12.1     30.6    +18.5
  q3           -0.5     -4.4     -3.9
  q4         -130.9   -128.3     +2.6
  q5           -0.1      5.1     +5.2
  q6          142.9    154.7    +11.8
  q7           44.7     42.7     -2.0

==============================================================================
  FINAL RESULT
==============================================================================
  p_d              = [    515.1,      -5.8,    -209.9] mm
  p_EE             = [    519.6,       7.0,      18.6] mm
  e_p              = [     -4.6,     -12.8,    -228.5] mm
  e_R              = [     7.85,     -1.31,      0.26] deg
------------------------------------------------------------------------------
  position error     228.86 mm
  rotation error     7.96 deg
  csv                logs/surface_grinding_controller_log.csv
------------------------------------------------------------------------------
