
==============================================================================
  SURFACE GRINDING CONTROLLER
==============================================================================
  robot              172.16.0.2
  parameters         /home/hm-panda/Desktop/Thesis_Final_Control/surface_grinding_controller/params
------------------------------------------------------------------------------

==============================================================================
  SURFACE GRINDING CONTROLLER - STARTUP MENU
==============================================================================

-- RUN MODES -----------------------------------------------------------------
  s      Run orientation, approach, setup, and grinding
  h      Cartesian pose hold at the initial posture
  t      Cartesian pose hold with the setup impedance
  g      Start manual guidance from the current robot pose

-- ROBOT PREPARATION ---------------------------------------------------------
  i      Move to the configured initial joint posture

-- GRIPPER AND TOOL ----------------------------------------------------------
  o      Open the gripper
  c      Grasp the tool
  r      Recalibrate the gripper with empty fingers
  f      Pick up the tool from the holder
  b      Return the tool to the holder

-- PROGRAM -------------------------------------------------------------------
  e      Exit
------------------------------------------------------------------------------
  During control: e = stop | m = startup menu | g = guidance
------------------------------------------------------------------------------
Selection [s/h/t/g/i/o/c/r/f/b/e]: 
-- SELECTED MODE: PHASE SEQUENCE ---------------------------------------------

-- moving to q_init ----------------------------------------------------------
  case               saved_qinit
  q1..q7 [deg]     = [0.8, 12.1, -0.5, -130.9, -0.2, 142.9, 44.7] deg
  saved_qinit = [0.014777, 0.210911, -0.009320, -2.284835, -0.002725, 2.493410, 0.780694] rad
  q_init reached.

-- start pose ----------------------------------------------------------------
  q_start          = [0.9, 12.1, -0.5, -130.9, -0.1, 142.9, 44.7] deg
  p_start          = [    531.3,       2.5,     156.8] mm

==============================================================================
  RUN
==============================================================================

-- phase: approach_orient ----------------------------------------------------
  Kp [t1,t2,n]     = [    150.0,     150.0,     150.0] N/m
  Dp [t1,t2,n]     = [    133.7,      94.2,     128.3] Ns/m     auto (factor 1.90)
  KR [t1,t2,n]     = [    180.0,     180.0,      90.0] Nm/rad
  DR [t1,t2,n]     = [     15.3,      25.0,       2.0] Nms/rad  auto (factor 1.90)
orient:     t=  0.0 s | axis_err=  8.5 deg | spin_err=  0.5 deg
orient:     t=  0.2 s | axis_err=  7.3 deg | spin_err=  0.2 deg
orient:     t=  0.4 s | axis_err=  3.3 deg | spin_err=  0.2 deg
orient:     t=  0.6 s | axis_err=  1.0 deg | spin_err=  0.3 deg
orient:     t=  0.8 s | axis_err=  0.8 deg | spin_err=  0.3 deg

Orientation reached: axis_err=0.8 deg | spin_err=0.3 deg

-- phase: approach_descend ---------------------------------------------------
  Kp [t1,t2,n]     = [    150.0,     150.0,     150.0] N/m
  Dp [t1,t2,n]     = [    133.7,      94.2,     128.3] Ns/m     auto (factor 1.90)
  KR [t1,t2,n]     = [    180.0,     180.0,      90.0] Nm/rad
  DR [t1,t2,n]     = [     15.3,      25.0,       2.0] Nms/rad  auto (factor 1.90)
  descend to         20 mm clearance at 0.100 m/s
descend:    t=  0.0 s | distance=   0.1 mm | height=+121.8 mm (target 20.0) | force= -0.0 N
descend:    t=  0.2 s | distance=  20.2 mm | height=+110.9 mm (target 20.0) | force=  1.5 N
descend:    t=  0.4 s | distance=  40.3 mm | height= +96.0 mm (target 20.0) | force=  2.9 N
descend:    t=  0.6 s | distance=  60.4 mm | height= +79.6 mm (target 20.0) | force=  2.4 N
descend:    t=  0.8 s | distance=  80.5 mm | height= +62.5 mm (target 20.0) | force=  3.2 N
descend:    t=  1.0 s | distance= 100.6 mm | height= +45.8 mm (target 20.0) | force=  3.1 N
descend:    t=  1.2 s | distance= 120.7 mm | height= +28.8 mm (target 20.0) | force=  2.8 N

Clearance reached: distance=131.5 mm | height=19.9 mm | target=20.0 mm | force=2.3 N
  offset_ee        = [     20.0,      60.0,      20.0] mm
  p_EE_at_contact  = [    516.5,       1.4,      49.8] mm
  contact_point    = [    535.0,     -55.9,       1.4] mm
  edge_offset      = [     18.5,     -57.4,     -48.5] mm

-- phase: setup --------------------------------------------------------------

-- setup impedance -----------------------------------------------------------
  law                wrench = K_TCP*dx + D_TCP*dv
                     K_TCP  = Ad(r_c)^T * blkdiag(Kp,KR) * Ad(r_c)
  Kp [t1,t2,n]     = [   2000.0,    2000.0,     350.0] N/m
  Dp [t1,t2,n]     = [    231.1,     178.1,     112.1] Ns/m     auto
  KR [t1,t2,n]     = [      5.0,       5.0,      50.0] Nm/rad
  DR [t1,t2,n]     = [      1.5,       1.9,       1.2] Nms/rad  auto
  p_c [EE]         = [      0.0,       0.0,     -40.0] mm       commanded in the tool frame
  r_c [t1,t2,n]    = [     -1.4,       6.2,     -39.5] mm       p_TCP - p_c, in the plane
setup:     t=  0.0 s | tip=  0.0 deg | F=  0.1 N | M=  0.1 Nm (limit 150.0) | contact= 19.8 mm
setup:     t=  0.2 s | tip=  1.0 deg | F=  1.0 N | M=  0.8 Nm (limit 150.0) | contact=  7.4 mm
setup:     t=  0.4 s | tip=  1.7 deg | F= 18.3 N | M=  9.6 Nm (limit 150.0) | contact=  4.5 mm
setup:     t=  0.6 s | tip=  1.7 deg | F= 15.2 N | M=  8.5 Nm (limit 150.0) | contact=  4.6 mm
setup:     t=  0.8 s | tip=  1.7 deg | F= 20.5 N | M= 11.3 Nm (limit 150.0) | contact=  4.7 mm
setup:     t=  1.0 s | tip=  1.8 deg | F= 26.4 N | M= 14.3 Nm (limit 150.0) | contact=  4.9 mm
setup:     t=  1.2 s | tip=  1.8 deg | F= 32.0 N | M= 17.2 Nm (limit 150.0) | contact=  5.0 mm
setup:     t=  1.4 s | tip=  1.8 deg | F= 37.6 N | M= 20.1 Nm (limit 150.0) | contact=  5.1 mm
setup:     t=  1.6 s | tip=  1.8 deg | F= 42.9 N | M= 22.8 Nm (limit 150.0) | contact=  5.3 mm
setup:     t=  1.8 s | tip=  1.8 deg | F= 48.6 N | M= 25.7 Nm (limit 150.0) | contact=  5.4 mm
setup:     t=  2.0 s | tip=  1.8 deg | F= 54.1 N | M= 28.6 Nm (limit 150.0) | contact=  5.6 mm
setup:     t=  2.2 s | tip=  1.9 deg | F= 60.0 N | M= 31.6 Nm (limit 150.0) | contact=  5.7 mm
setup:     t=  2.4 s | tip=  1.9 deg | F= 65.8 N | M= 34.5 Nm (limit 150.0) | contact=  5.9 mm
setup:     t=  2.6 s | tip=  2.0 deg | F= 71.2 N | M= 37.3 Nm (limit 150.0) | contact=  6.0 mm
setup:     t=  2.8 s | tip=  2.2 deg | F= 75.5 N | M= 39.4 Nm (limit 150.0) | contact=  6.2 mm
setup:     t=  3.0 s | tip=  2.5 deg | F= 84.3 N | M= 44.0 Nm (limit 150.0) | contact=  6.2 mm
setup:     t=  3.2 s | tip=  2.9 deg | F= 85.9 N | M= 44.7 Nm (limit 150.0) | contact=  6.4 mm
setup:     t=  3.4 s | tip=  4.3 deg | F= 79.2 N | M= 41.3 Nm (limit 150.0) | contact=  6.2 mm
setup:     t=  3.6 s | tip=  5.5 deg | F= 79.5 N | M= 41.6 Nm (limit 150.0) | contact=  6.3 mm
setup:     t=  3.8 s | tip=  6.4 deg | F= 79.8 N | M= 41.7 Nm (limit 150.0) | contact=  6.3 mm
setup:     t=  4.0 s | tip=  7.1 deg | F= 79.8 N | M= 41.8 Nm (limit 150.0) | contact=  6.3 mm
setup:     t=  4.2 s | tip=  7.5 deg | F= 80.0 N | M= 42.0 Nm (limit 150.0) | contact=  6.3 mm
setup:     t=  4.4 s | tip=  7.7 deg | F= 80.5 N | M= 42.3 Nm (limit 150.0) | contact=  6.2 mm
setup:     t=  4.6 s | tip=  7.7 deg | F= 80.5 N | M= 42.3 Nm (limit 150.0) | contact=  6.2 mm
setup:     t=  4.8 s | tip=  7.7 deg | F= 80.6 N | M= 42.4 Nm (limit 150.0) | contact=  6.2 mm

==============================================================================
  SETUP RESULT
==============================================================================
  stop: time | t=5.0 s | tip=7.7 deg | F=80.6 N | M=42.3 Nm
  contact_from_start = [-4.3, +0.8, -4.5] mm | norm=6.2 mm
  tcp_from_contact  = [-21.7, +60.9, +17.6] mm | norm=67.0 mm
  alignment: before=9.37 deg | after=3.83 deg | gain=+5.54 deg
  alignment components [t1,t2,n] deg: before=[-9.36,-0.49,+0.00] | after=[-2.17,-3.15,+0.00]

-- setup surface-frame breakdown ---------------------------------------------
  frame              alignment-target [tangent1, tangent2, normal]
  force        [N]      = [    +0.55,    -19.01,    -78.30]
  tcp_disp     [mm]     = [    -2.67,     +4.33,    -30.83]
  contact_disp [mm]     = [    -4.20,     +0.89,     -4.53]
  Kp_eff=F/tcp [N/m]    = [   -207.8,   -4393.4,    2539.9]
  M_contact    [Nm]     = [    -2.76,    +39.87,     -9.18]
  tip_angle    [deg]    = [    +7.20,     -2.71,     +0.27]
  KR_eff=M/ang [Nm/rad] = [    -22.0,    -843.7,   -1924.1]
  frame              tool face [length, width, tool axis]
  M_contact    [Nm]     = [   -39.47,     +2.52,    +10.82]

-- center of compliance ------------------------------------------------------
  definition         r_c = p_TCP - p_c
  p_TCP [x,y,z]    = [    513.3,       4.9,      18.9] mm
  p_c [EE]         = [     -0.0,      -0.0,     -40.0] mm
  r_c [t1,t2,n]    = [     -3.3,       1.3,     -39.8] mm
                     p_c resolved at end of setup

-- effective TCP impedance ---------------------------------------------------
  K_TCP translation = [   1999.5,    1998.7,     351.8] N/m
  K_TCP rotation   = [      8.2,       8.2,      50.0] Nm/rad
  commanded KR was = [      5.0,       5.0,      50.0] Nm/rad   including lever contribution
  D_TCP translation = [    231.1,     178.1,     112.2] Ns/m
  D_TCP rotation   = [      1.8,       2.3,       1.2] Nms/rad
  coupling           max |moment per unit translation| = 79.7 Nm/m (K), 9.2 Nms/m (D)
  eigenvalues        K_TCP 4.99 .. 2003 | D_TCP 1.21 .. 232  (both positive: valid springs)

  K_TCP [N/m, Nm/rad | rows fx..mz, cols tx..rz]:
           tx        ty        tz    |    rx        ry        rz
  fx [    2000  -0.7871   -28.44 |  0.03574     79.7   0.3069 ]
  fy [ -0.7871     1999   -45.62 |   -79.55   0.1484    7.874 ]
  fz [  -28.44   -45.62    351.8 |    1.761   -2.518  -0.1841 ]
     ---------------------------+---------------------------
  mx [ 0.03574   -79.55    1.761 |     8.18  0.01595   0.4622 ]
  my [    79.7   0.1484   -2.518 |  0.01595    8.217    1.257 ]
  mz [  0.3069    7.874  -0.1841 |   0.4622    1.257    49.98 ]

  D_TCP [Ns/m, Nms/rad]:
           tx        ty        tz    |    rx        ry        rz
  fx [   231.1 -0.05678   -2.052 | 0.002578    9.208  0.03561 ]
  fy [-0.05678    178.1   -1.824 |   -7.087 0.004926   0.7014 ]
  fz [  -2.052   -1.824    112.2 |  0.05522  -0.5237 -0.007504 ]
     ---------------------------+---------------------------
  mx [0.002578   -7.087  0.05522 |    1.774 -0.0002505 -0.03282 ]
  my [   9.208 0.004926  -0.5237 | -0.0002505    2.264 -0.01759 ]
  mz [ 0.03561   0.7014 -0.007504 | -0.03282 -0.01759    1.211 ]

[GATE] Set up finished (still pressing). Press Enter to start the grind (e+Enter stops).

Stop requested with e + Enter. Finishing control loop...

-- joint motion [deg] --------------------------------------------------------
  joint       start    final    delta
  q1            0.9      5.2     +4.4
  q2           12.1     30.3    +18.1
  q3           -0.5     -4.2     -3.6
  q4         -130.9   -128.5     +2.4
  q5           -0.1      5.4     +5.6
  q6          142.9    152.9    +10.0
  q7           44.7     42.1     -2.6

==============================================================================
  FINAL RESULT
==============================================================================
  p_d              = [    512.0,      -5.7,    -210.0] mm
  p_EE             = [    513.3,       4.9,      18.9] mm
  e_p              = [     -1.3,     -10.7,    -228.9] mm
  e_R              = [     7.20,     -2.70,      0.22] deg
------------------------------------------------------------------------------
  position error     229.15 mm
  rotation error     7.69 deg
  csv                logs/surface_grinding_controller_log.csv
------------------------------------------------------------------------------
