
==============================================================================
  SURFACE GRINDING CONTROLLER
==============================================================================
  robot              172.16.0.2
  parameters         /home/hm-panda/Desktop/Thesis_Final_Control/surface_grinding_controller/params
------------------------------------------------------------------------------

==============================================================================
  SURFACE GRINDING CONTROLLER - STARTUP MENU
==============================================================================

-- RUN MODES -----------------------------------------------------------------
  s      Run orientation, approach, setup, and grinding
  h      Cartesian pose hold at the initial posture
  t      Cartesian pose hold with the setup impedance
  g      Start manual guidance from the current robot pose

-- ROBOT PREPARATION ---------------------------------------------------------
  i      Move to the configured initial joint posture

-- GRIPPER AND TOOL ----------------------------------------------------------
  o      Open the gripper
  c      Grasp the tool
  r      Recalibrate the gripper with empty fingers
  f      Pick up the tool from the holder
  b      Return the tool to the holder

-- PROGRAM -------------------------------------------------------------------
  e      Exit
------------------------------------------------------------------------------
  During control: e = stop | m = startup menu | g = guidance
------------------------------------------------------------------------------
Selection [s/h/t/g/i/o/c/r/f/b/e]: 
-- SELECTED MODE: PHASE SEQUENCE ---------------------------------------------

-- moving to q_init ----------------------------------------------------------
  case               saved_qinit
  q1..q7 [deg]     = [0.8, 12.1, -0.5, -130.9, -0.2, 142.9, 44.7] deg
  saved_qinit = [0.014777, 0.210911, -0.009320, -2.284835, -0.002725, 2.493410, 0.780694] rad
  q_init reached.

-- start pose ----------------------------------------------------------------
  q_start          = [0.9, 12.1, -0.5, -130.9, -0.1, 142.9, 44.7] deg
  p_start          = [    531.3,       2.5,     156.8] mm

==============================================================================
  RUN
==============================================================================

-- phase: approach_orient ----------------------------------------------------
  Kp [t1,t2,n]     = [    150.0,     150.0,     150.0] N/m
  Dp [t1,t2,n]     = [    133.7,      94.2,     128.3] Ns/m     auto (factor 1.90)
  KR [t1,t2,n]     = [     90.0,      90.0,      90.0] Nm/rad
  DR [t1,t2,n]     = [     10.8,      17.7,       2.0] Nms/rad  auto (factor 1.90)
orient:     t=  0.0 s | axis_err=  8.6 deg | spin_err=  0.6 deg
orient:     t=  0.2 s | axis_err=  8.0 deg | spin_err=  0.1 deg
orient:     t=  0.4 s | axis_err=  4.8 deg | spin_err=  0.2 deg
orient:     t=  0.6 s | axis_err=  2.0 deg | spin_err=  0.3 deg

Orientation reached: axis_err=2.0 deg | spin_err=0.3 deg

-- phase: approach_descend ---------------------------------------------------
  Kp [t1,t2,n]     = [    150.0,     150.0,     150.0] N/m
  Dp [t1,t2,n]     = [    133.7,      94.2,     128.3] Ns/m     auto (factor 1.90)
  KR [t1,t2,n]     = [     90.0,      90.0,      90.0] Nm/rad
  DR [t1,t2,n]     = [     10.8,      17.7,       2.0] Nms/rad  auto (factor 1.90)
  descend to         20 mm clearance at 0.100 m/s
descend:    t=  0.0 s | distance=   0.1 mm | height=+125.5 mm (target 20.0) | force= -0.0 N
descend:    t=  0.2 s | distance=  20.1 mm | height=+113.8 mm (target 20.0) | force=  1.2 N
descend:    t=  0.4 s | distance=  40.2 mm | height= +98.1 mm (target 20.0) | force=  2.8 N
descend:    t=  0.6 s | distance=  60.3 mm | height= +82.1 mm (target 20.0) | force=  3.2 N
descend:    t=  0.8 s | distance=  80.4 mm | height= +64.8 mm (target 20.0) | force=  1.5 N
descend:    t=  1.0 s | distance= 100.5 mm | height= +47.5 mm (target 20.0) | force=  3.6 N
descend:    t=  1.2 s | distance= 120.6 mm | height= +30.3 mm (target 20.0) | force=  2.0 N

Clearance reached: distance=132.6 mm | height=19.9 mm | target=20.0 mm | force=1.3 N
  offset_ee        = [     20.0,      60.0,      20.0] mm
  p_EE_at_contact  = [    519.0,       1.4,      49.1] mm
  contact_point    = [    537.7,     -56.3,       1.3] mm
  edge_offset      = [     18.7,     -57.7,     -47.7] mm

-- phase: setup --------------------------------------------------------------

-- setup impedance -----------------------------------------------------------
  law                wrench = K_TCP*dx + D_TCP*dv
                     K_TCP  = Ad(r_c)^T * blkdiag(Kp,KR) * Ad(r_c)
  Kp [t1,t2,n]     = [   2000.0,    2000.0,     350.0] N/m
  Dp [t1,t2,n]     = [    230.5,     177.4,     112.4] Ns/m     auto
  KR [t1,t2,n]     = [      5.0,       5.0,      50.0] Nm/rad
  DR [t1,t2,n]     = [      1.5,       1.9,       1.2] Nms/rad  auto
  p_c [EE]         = [      0.0,     -60.0,      -0.0] mm       commanded in the tool frame
  r_c [t1,t2,n]    = [     -0.1,     -59.3,      -9.0] mm       p_TCP - p_c, in the plane
setup:     t=  0.0 s | tip=  0.0 deg | F=  0.1 N | M=  0.0 Nm (limit 150.0) | contact= 19.8 mm
setup:     t=  0.2 s | tip=  0.8 deg | F=  2.7 N | M=  1.7 Nm (limit 150.0) | contact=  7.8 mm
setup:     t=  0.4 s | tip=  1.4 deg | F= 19.8 N | M= 10.4 Nm (limit 150.0) | contact=  3.1 mm
setup:     t=  0.6 s | tip=  1.5 deg | F= 16.9 N | M=  9.1 Nm (limit 150.0) | contact=  3.2 mm
setup:     t=  0.8 s | tip=  1.5 deg | F= 21.8 N | M= 11.7 Nm (limit 150.0) | contact=  3.3 mm
setup:     t=  1.0 s | tip=  1.6 deg | F= 27.2 N | M= 14.5 Nm (limit 150.0) | contact=  3.5 mm
setup:     t=  1.2 s | tip=  1.8 deg | F= 32.8 N | M= 17.4 Nm (limit 150.0) | contact=  3.5 mm
setup:     t=  1.4 s | tip=  2.2 deg | F= 37.6 N | M= 19.8 Nm (limit 150.0) | contact=  3.6 mm
setup:     t=  1.6 s | tip=  3.2 deg | F= 41.4 N | M= 21.8 Nm (limit 150.0) | contact=  3.6 mm
setup:     t=  1.8 s | tip=  5.8 deg | F= 44.3 N | M= 23.6 Nm (limit 150.0) | contact=  3.6 mm
setup:     t=  2.0 s | tip=  7.9 deg | F= 50.9 N | M= 27.7 Nm (limit 150.0) | contact=  3.4 mm
setup:     t=  2.2 s | tip=  7.9 deg | F= 55.7 N | M= 30.2 Nm (limit 150.0) | contact=  3.6 mm
setup:     t=  2.4 s | tip=  7.9 deg | F= 61.2 N | M= 33.0 Nm (limit 150.0) | contact=  3.8 mm
setup:     t=  2.6 s | tip=  7.9 deg | F= 67.0 N | M= 35.9 Nm (limit 150.0) | contact=  3.9 mm
setup:     t=  2.8 s | tip=  7.9 deg | F= 72.7 N | M= 38.8 Nm (limit 150.0) | contact=  4.0 mm
setup:     t=  3.0 s | tip=  7.9 deg | F= 77.9 N | M= 41.5 Nm (limit 150.0) | contact=  4.2 mm
setup:     t=  3.2 s | tip=  7.9 deg | F= 83.6 N | M= 44.5 Nm (limit 150.0) | contact=  4.3 mm
setup:     t=  3.4 s | tip=  7.9 deg | F= 78.4 N | M= 42.0 Nm (limit 150.0) | contact=  4.2 mm
setup:     t=  3.6 s | tip=  7.9 deg | F= 78.2 N | M= 41.9 Nm (limit 150.0) | contact=  4.2 mm
setup:     t=  3.8 s | tip=  7.9 deg | F= 78.3 N | M= 41.9 Nm (limit 150.0) | contact=  4.2 mm
setup:     t=  4.0 s | tip=  7.9 deg | F= 78.2 N | M= 41.8 Nm (limit 150.0) | contact=  4.2 mm
setup:     t=  4.2 s | tip=  7.9 deg | F= 78.2 N | M= 41.8 Nm (limit 150.0) | contact=  4.2 mm
setup:     t=  4.4 s | tip=  7.9 deg | F= 78.1 N | M= 41.8 Nm (limit 150.0) | contact=  4.2 mm
setup:     t=  4.6 s | tip=  7.9 deg | F= 78.1 N | M= 41.8 Nm (limit 150.0) | contact=  4.2 mm
setup:     t=  4.8 s | tip=  7.9 deg | F= 78.1 N | M= 41.8 Nm (limit 150.0) | contact=  4.2 mm

==============================================================================
  SETUP RESULT
==============================================================================
  stop: time | t=5.0 s | tip=7.9 deg | F=78.1 N | M=41.8 Nm
  contact_from_start = [-2.8, -0.1, -3.2] mm | norm=4.2 mm
  tcp_from_contact  = [-20.9, +60.4, +17.4] mm | norm=66.2 mm
  alignment: before=8.66 deg | after=2.98 deg | gain=+5.67 deg
  alignment components [t1,t2,n] deg: before=[-8.61,-0.89,-0.00] | after=[-0.95,-2.83,+0.00]

-- setup surface-frame breakdown ---------------------------------------------
  frame              alignment-target [tangent1, tangent2, normal]
  force        [N]      = [    +3.66,     -6.49,    -77.71]
  tcp_disp     [mm]     = [    -1.63,     +3.53,    -30.30]
  contact_disp [mm]     = [    -2.74,     +0.03,     -3.23]
  Kp_eff=F/tcp [N/m]    = [  -2249.3,   -1839.5,    2564.9]
  M_contact    [Nm]     = [   -10.02,    +39.92,     -3.48]
  tip_angle    [deg]    = [    +7.67,     -1.97,     +0.23]
  KR_eff=M/ang [Nm/rad] = [    -74.8,   -1159.7,    -885.3]
  frame              tool face [length, width, tool axis]
  M_contact    [Nm]     = [   -39.77,    +10.16,     +4.64]

-- center of compliance ------------------------------------------------------
  definition         r_c = p_TCP - p_c
  p_TCP [x,y,z]    = [    516.8,       4.1,      18.7] mm
  p_c [EE]         = [     -0.0,     -60.0,       0.0] mm
  r_c [t1,t2,n]    = [     -0.5,     -60.0,      -1.0] mm
                     p_c resolved at end of setup

-- effective TCP impedance ---------------------------------------------------
  K_TCP translation = [   1999.5,    1998.7,     351.8] N/m
  K_TCP rotation   = [      6.3,       5.0,      57.1] Nm/rad
  commanded KR was = [      5.0,       5.0,      50.0] Nm/rad   including lever contribution
  D_TCP translation = [    230.4,     177.3,     112.5] Ns/m
  D_TCP rotation   = [      1.9,       1.9,       2.0] Nms/rad
  coupling           max |moment per unit translation| = 120.0 Nm/m (K), 13.8 Nms/m (D)
  eigenvalues        K_TCP 4.98 .. 2007 | D_TCP 1.18 .. 231  (both positive: valid springs)

  K_TCP [N/m, Nm/rad | rows fx..mz, cols tx..rz]:
           tx        ty        tz    |    rx        ry        rz
  fx [    2000  -0.7871   -28.44 |   -1.707   -1.385     -120 ]
  fy [ -0.7871     1999   -45.62 |   -1.337  0.02597    1.161 ]
  fz [  -28.44   -45.62    351.8 |    21.07  -0.1761    1.681 ]
     ---------------------------+---------------------------
  mx [  -1.707   -1.337    21.07 |    6.277  0.01092   0.8772 ]
  my [  -1.385  0.02597  -0.1761 |  0.01092    5.036    1.327 ]
  mz [    -120    1.161    1.681 |   0.8772    1.327    57.15 ]

  D_TCP [Ns/m, Nms/rad]:
           tx        ty        tz    |    rx        ry        rz
  fx [   230.4 -0.05631   -2.034 |  -0.1221  -0.1603   -13.82 ]
  fy [-0.05631    177.3   -1.796 |  0.01649  0.00104   0.1022 ]
  fz [  -2.034   -1.796    112.5 |    6.748 -0.06126   0.1211 ]
     ---------------------------+---------------------------
  mx [ -0.1221  0.01649    6.748 |    1.902 -0.003823 0.001976 ]
  my [ -0.1603  0.00104 -0.06126 | -0.003823    1.873 -0.009395 ]
  mz [  -13.82   0.1022   0.1211 | 0.001976 -0.009395    2.016 ]

[GATE] Set up finished (still pressing). Press Enter to start the grind (e+Enter stops).

Stop requested with e + Enter. Finishing control loop...

-- joint motion [deg] --------------------------------------------------------
  joint       start    final    delta
  q1            0.9      5.9     +5.0
  q2           12.1     30.3    +18.2
  q3           -0.5     -4.7     -4.2
  q4         -130.9   -129.1     +1.8
  q5           -0.1      4.5     +4.6
  q6          142.9    155.4    +12.5
  q7           44.7     43.2     -1.6

==============================================================================
  FINAL RESULT
==============================================================================
  p_d              = [    514.5,      -5.8,    -210.7] mm
  p_EE             = [    516.8,       4.1,      18.7] mm
  e_p              = [     -2.3,      -9.9,    -229.4] mm
  e_R              = [     7.68,     -1.97,      0.15] deg
------------------------------------------------------------------------------
  position error     229.66 mm
  rotation error     7.92 deg
  csv                logs/surface_grinding_controller_log.csv
------------------------------------------------------------------------------
