
==============================================================================
  SURFACE GRINDING CONTROLLER
==============================================================================
  robot              172.16.0.2
  parameters         /home/hm-panda/Desktop/Thesis_Final_Control/surface_grinding_controller/params
------------------------------------------------------------------------------

==============================================================================
  SURFACE GRINDING CONTROLLER - STARTUP MENU
==============================================================================

-- RUN MODES -----------------------------------------------------------------
  s      Run orientation, approach, setup, and grinding
  h      Cartesian pose hold at the initial posture
  t      Cartesian pose hold with the setup impedance
  g      Start manual guidance from the current robot pose

-- ROBOT PREPARATION ---------------------------------------------------------
  i      Move to the configured initial joint posture

-- GRIPPER AND TOOL ----------------------------------------------------------
  o      Open the gripper
  c      Grasp the tool
  r      Recalibrate the gripper with empty fingers
  f      Pick up the tool from the holder
  b      Return the tool to the holder

-- PROGRAM -------------------------------------------------------------------
  e      Exit
------------------------------------------------------------------------------
  During control: e = stop | m = startup menu | g = guidance
------------------------------------------------------------------------------
Selection [s/h/t/g/i/o/c/r/f/b/e]: 
-- SELECTED MODE: PHASE SEQUENCE ---------------------------------------------

-- moving to q_init ----------------------------------------------------------
  case               saved_qinit
  q1..q7 [deg]     = [0.8, 12.1, -0.5, -130.9, -0.2, 142.9, 44.7] deg
  saved_qinit = [0.014777, 0.210911, -0.009320, -2.284835, -0.002725, 2.493410, 0.780694] rad
  q_init reached.

-- start pose ----------------------------------------------------------------
  q_start          = [0.8, 12.1, -0.5, -130.9, -0.2, 142.9, 44.7] deg
  p_start          = [    531.4,       2.4,     156.8] mm

==============================================================================
  RUN
==============================================================================

-- phase: approach_orient ----------------------------------------------------
  Kp [t1,t2,n]     = [    150.0,     150.0,     150.0] N/m
  Dp [t1,t2,n]     = [    133.7,      94.2,     128.3] Ns/m     auto (factor 1.90)
  KR [t1,t2,n]     = [    180.0,     180.0,      90.0] Nm/rad
  DR [t1,t2,n]     = [     15.3,      25.0,       2.0] Nms/rad  auto (factor 1.90)
orient:     t=  0.0 s | axis_err= 12.0 deg | spin_err=  0.9 deg
orient:     t=  0.2 s | axis_err= 10.4 deg | spin_err=  0.9 deg
orient:     t=  0.4 s | axis_err=  6.6 deg | spin_err=  0.6 deg
orient:     t=  0.6 s | axis_err=  2.7 deg | spin_err=  0.3 deg
orient:     t=  0.8 s | axis_err=  1.0 deg | spin_err=  0.2 deg

Orientation reached: axis_err=0.9 deg | spin_err=0.2 deg

-- phase: approach_descend ---------------------------------------------------
  Kp [t1,t2,n]     = [    150.0,     150.0,     150.0] N/m
  Dp [t1,t2,n]     = [    133.7,      94.2,     128.3] Ns/m     auto (factor 1.90)
  KR [t1,t2,n]     = [    180.0,     180.0,      90.0] Nm/rad
  DR [t1,t2,n]     = [     15.3,      25.0,       2.0] Nms/rad  auto (factor 1.90)
  descend to         20 mm clearance at 0.100 m/s
descend:    t=  0.0 s | distance=   0.1 mm | height=+120.8 mm (target 20.0) | force= -0.0 N
descend:    t=  0.2 s | distance=  20.2 mm | height=+110.9 mm (target 20.0) | force=  1.8 N
descend:    t=  0.4 s | distance=  40.3 mm | height= +96.7 mm (target 20.0) | force=  2.8 N
descend:    t=  0.6 s | distance=  60.4 mm | height= +80.8 mm (target 20.0) | force=  1.8 N
descend:    t=  0.8 s | distance=  80.5 mm | height= +64.2 mm (target 20.0) | force=  1.7 N
descend:    t=  1.0 s | distance= 100.6 mm | height= +47.6 mm (target 20.0) | force=  3.4 N
descend:    t=  1.2 s | distance= 120.7 mm | height= +31.1 mm (target 20.0) | force=  3.3 N

Clearance reached: distance=134.7 mm | height=20.0 mm | target=20.0 mm | force=3.1 N
  offset_ee        = [     20.0,     -60.0,      20.0] mm
  p_EE_at_contact  = [    514.8,      -0.9,      50.7] mm
  contact_point    = [    533.3,      53.2,      -1.6] mm
  edge_offset      = [     18.4,      54.2,     -52.4] mm

-- phase: setup --------------------------------------------------------------

-- setup impedance -----------------------------------------------------------
  law                wrench = K_TCP*dx + D_TCP*dv
                     K_TCP  = Ad(r_c)^T * blkdiag(Kp,KR) * Ad(r_c)
  Kp [t1,t2,n]     = [   2000.0,    2000.0,     350.0] N/m
  Dp [t1,t2,n]     = [    234.3,     174.6,     111.4] Ns/m     auto
  KR [t1,t2,n]     = [      5.0,       5.0,      50.0] Nm/rad
  DR [t1,t2,n]     = [      1.3,       2.0,       1.3] Nms/rad  auto
  p_c [EE]         = [     -0.0,     -40.0,      -0.0] mm       commanded in the tool frame
  r_c [t1,t2,n]    = [     -0.0,     -39.4,       6.8] mm       p_TCP - p_c, in the plane
setup:     t=  0.0 s | ee=  0.0 deg | F=  0.1 N | M=  0.0 Nm (limit 150.0) | contact= 19.9 mm
setup:     t=  0.2 s | ee=  0.9 deg | F=  0.7 N | M=  0.7 Nm (limit 150.0) | contact=  7.7 mm
setup:     t=  0.4 s | ee=  1.4 deg | F= 13.3 N | M=  1.2 Nm (limit 150.0) | contact=  1.9 mm
setup:     t=  0.6 s | ee=  1.4 deg | F= 14.9 N | M=  1.1 Nm (limit 150.0) | contact=  1.9 mm
setup:     t=  0.8 s | ee=  1.4 deg | F= 20.5 N | M=  1.1 Nm (limit 150.0) | contact=  1.9 mm
setup:     t=  1.0 s | ee=  1.4 deg | F= 25.9 N | M=  1.3 Nm (limit 150.0) | contact=  1.9 mm
setup:     t=  1.2 s | ee=  1.4 deg | F= 31.4 N | M=  1.4 Nm (limit 150.0) | contact=  1.9 mm
setup:     t=  1.4 s | ee=  1.4 deg | F= 36.7 N | M=  1.6 Nm (limit 150.0) | contact=  2.0 mm
setup:     t=  1.6 s | ee=  1.4 deg | F= 42.4 N | M=  1.8 Nm (limit 150.0) | contact=  2.0 mm
setup:     t=  1.8 s | ee=  1.5 deg | F= 48.2 N | M=  2.0 Nm (limit 150.0) | contact=  2.1 mm
setup:     t=  2.0 s | ee=  1.5 deg | F= 54.1 N | M=  2.2 Nm (limit 150.0) | contact=  2.2 mm
setup:     t=  2.2 s | ee=  1.5 deg | F= 59.3 N | M=  2.4 Nm (limit 150.0) | contact=  2.3 mm
setup:     t=  2.4 s | ee=  1.5 deg | F= 65.3 N | M=  2.7 Nm (limit 150.0) | contact=  2.4 mm
setup:     t=  2.6 s | ee=  1.5 deg | F= 70.6 N | M=  2.9 Nm (limit 150.0) | contact=  2.5 mm
setup:     t=  2.8 s | ee=  1.5 deg | F= 76.2 N | M=  3.1 Nm (limit 150.0) | contact=  2.6 mm
setup:     t=  3.0 s | ee=  1.5 deg | F= 81.6 N | M=  3.4 Nm (limit 150.0) | contact=  2.8 mm
setup:     t=  3.2 s | ee=  1.5 deg | F= 87.1 N | M=  3.6 Nm (limit 150.0) | contact=  2.9 mm
setup:     t=  3.4 s | ee=  1.5 deg | F= 82.6 N | M=  3.5 Nm (limit 150.0) | contact=  2.8 mm
setup:     t=  3.6 s | ee=  1.5 deg | F= 82.4 N | M=  3.5 Nm (limit 150.0) | contact=  2.8 mm
setup:     t=  3.8 s | ee=  1.5 deg | F= 82.2 N | M=  3.5 Nm (limit 150.0) | contact=  2.8 mm
setup:     t=  4.0 s | ee=  1.5 deg | F= 82.4 N | M=  3.5 Nm (limit 150.0) | contact=  2.8 mm
setup:     t=  4.2 s | ee=  1.5 deg | F= 82.2 N | M=  3.5 Nm (limit 150.0) | contact=  2.8 mm
setup:     t=  4.4 s | ee=  1.5 deg | F= 82.1 N | M=  3.5 Nm (limit 150.0) | contact=  2.8 mm
setup:     t=  4.6 s | ee=  1.5 deg | F= 82.1 N | M=  3.5 Nm (limit 150.0) | contact=  2.8 mm
setup:     t=  4.8 s | ee=  1.5 deg | F= 82.0 N | M=  3.5 Nm (limit 150.0) | contact=  2.8 mm

==============================================================================
  SETUP RESULT
==============================================================================
  stop: time | t=5.0 s | ee=1.5 deg | F=82.0 N | M_TCP=3.5 Nm
  contact_from_start = [-2.3, -0.2, -1.6] mm | norm=2.8 mm
  tcp_from_contact  = [-20.6, -54.8, +31.3] mm | norm=66.4 mm
  deviation: before=9.37 deg | after=9.51 deg | gain=-0.14 deg
  t_align: not reached | tolerance=2.00 deg | hold=0.30 s
  deviation components [t1,t2,n] deg: before=[+9.35,-0.61,+0.00] | after=[+9.27,-2.14,-0.00]

-- setup surface-frame breakdown ---------------------------------------------
  frame              alignment-target [tangent1, tangent2, normal]
  force        [N]      = [    +2.79,     +1.30,    -81.92]
  tcp_disp     [mm]     = [    -1.77,     -0.05,    -21.15]
  contact_disp [mm]     = [    -2.24,     -0.12,     -1.61]
  Kp_eff=F/tcp [N/m]    = [  -1571.9,  -25814.8,    3873.8]
  M_contact    [Nm]     = [    +1.16,     -0.62,     -0.12]
  ee_angle     [deg]    = [    -0.07,     -1.49,     +0.34]
  KR_eff=M/ang [Nm/rad] = [   -892.3,      23.8,     -20.8]
  frame              tool face [length, width, tool axis]
  M_contact    [Nm]     = [    +0.59,     -1.17,     +0.18]

-- center of compliance ------------------------------------------------------
  definition         r_c = p_TCP - p_c
  p_TCP [x,y,z]    = [    512.7,      -1.6,      29.6] mm
  p_c [EE]         = [     -0.0,     -40.0,       0.0] mm
  r_c [t1,t2,n]    = [     -0.1,     -39.4,       6.7] mm
                     p_c resolved at end of setup

-- effective TCP impedance ---------------------------------------------------
  K_TCP translation = [   1999.5,    1998.7,     351.8] N/m
  K_TCP rotation   = [      5.6,       5.2,      53.0] Nm/rad
  commanded KR was = [      5.0,       5.0,      50.0] Nm/rad   including lever contribution
  D_TCP translation = [    234.2,     174.5,     111.5] Ns/m
  D_TCP rotation   = [      1.5,       2.1,       1.7] Nms/rad
  coupling           max |moment per unit translation| = 78.4 Nm/m (K), 9.2 Nms/m (D)
  eigenvalues        K_TCP 4.99 .. 2003 | D_TCP 1.27 .. 235  (both positive: valid springs)

  K_TCP [N/m, Nm/rad | rows fx..mz, cols tx..rz]:
           tx        ty        tz    |    rx        ry        rz
  fx [    2000  -0.7871   -28.44 |   -1.122    -15.6   -78.44 ]
  fy [ -0.7871     1999   -45.62 |     13.8 0.005052 -0.01673 ]
  fz [  -28.44   -45.62    351.8 |    13.44   0.2302    1.117 ]
     ---------------------------+---------------------------
  mx [  -1.122     13.8    13.44 |    5.648  0.03054   0.8193 ]
  my [   -15.6 0.005052   0.2302 |  0.03054    5.156    1.856 ]
  mz [  -78.44 -0.01673    1.117 |   0.8193    1.856    53.03 ]

  D_TCP [Ns/m, Nms/rad]:
           tx        ty        tz    |    rx        ry        rz
  fx [   234.2 -0.05859   -2.117 | -0.08351   -1.827   -9.189 ]
  fy [-0.05859    174.5   -1.745 |    1.293 0.0004154 -0.001858 ]
  fz [  -2.117   -1.745    111.5 |    4.361  0.01917  0.08309 ]
     ---------------------------+---------------------------
  mx [-0.08351    1.293    4.361 |     1.45 0.0007799 0.004139 ]
  my [  -1.827 0.0004154  0.01917 | 0.0007799    2.063  0.05152 ]
  mz [  -9.189 -0.001858  0.08309 | 0.004139  0.05152    1.682 ]

[GATE] Set up finished (still pressing). Press Enter to start the grind (e+Enter stops).

Stop requested with e + Enter. Finishing control loop...

-- joint motion [deg] --------------------------------------------------------
  joint       start    final    delta
  q1            0.8      0.4     -0.4
  q2           12.1     28.7    +16.6
  q3           -0.5      0.6     +1.1
  q4         -130.9   -128.5     +2.4
  q5           -0.2    -23.5    -23.3
  q6          142.9    150.3     +7.4
  q7           44.7     67.5    +22.8

==============================================================================
  FINAL RESULT
==============================================================================
  p_d              = [    510.3,      -8.1,    -209.1] mm
  p_EE             = [    512.7,      -1.6,      29.6] mm
  e_p              = [     -2.3,      -6.6,    -238.7] mm
  e_R              = [    -0.07,     -1.48,      0.38] deg
------------------------------------------------------------------------------
  position error     238.82 mm
  rotation error     1.53 deg
  csv                logs/surface_grinding_controller_log.csv
------------------------------------------------------------------------------
