
==============================================================================
  SURFACE GRINDING CONTROLLER
==============================================================================
  robot              172.16.0.2
  parameters         /home/hm-panda/Desktop/Thesis_Final_Control/surface_grinding_controller/params
------------------------------------------------------------------------------

==============================================================================
  SURFACE GRINDING CONTROLLER - STARTUP MENU
==============================================================================

-- RUN MODES -----------------------------------------------------------------
  s      Run orientation, approach, setup, and grinding
  h      Cartesian pose hold at the initial posture
  t      Cartesian pose hold with the setup impedance
  g      Start manual guidance from the current robot pose

-- ROBOT PREPARATION ---------------------------------------------------------
  i      Move to the configured initial joint posture

-- GRIPPER AND TOOL ----------------------------------------------------------
  o      Open the gripper
  c      Grasp the tool
  r      Recalibrate the gripper with empty fingers
  f      Pick up the tool from the holder
  b      Return the tool to the holder

-- PROGRAM -------------------------------------------------------------------
  e      Exit
------------------------------------------------------------------------------
  During control: e = stop | m = startup menu | g = guidance
------------------------------------------------------------------------------
Selection [s/h/t/g/i/o/c/r/f/b/e]: 
-- SELECTED MODE: PHASE SEQUENCE ---------------------------------------------

-- moving to q_init ----------------------------------------------------------
  case               saved_qinit
  q1..q7 [deg]     = [0.8, 12.1, -0.5, -130.9, -0.2, 142.9, 44.7] deg
  saved_qinit = [0.014777, 0.210911, -0.009320, -2.284835, -0.002725, 2.493410, 0.780694] rad
  q_init reached.

-- start pose ----------------------------------------------------------------
  q_start          = [0.8, 12.1, -0.5, -130.9, -0.2, 142.9, 44.7] deg
  p_start          = [    531.3,       2.5,     156.8] mm

==============================================================================
  RUN
==============================================================================

-- phase: approach_orient ----------------------------------------------------
  Kp [t1,t2,n]     = [    150.0,     150.0,     150.0] N/m
  Dp [t1,t2,n]     = [    133.7,      94.2,     128.3] Ns/m     auto (factor 1.90)
  KR [t1,t2,n]     = [    180.0,     180.0,      90.0] Nm/rad
  DR [t1,t2,n]     = [     15.3,      25.0,       2.0] Nms/rad  auto (factor 1.90)
orient:     t=  0.0 s | axis_err= 12.5 deg | spin_err=  0.6 deg
orient:     t=  0.2 s | axis_err= 11.0 deg | spin_err=  0.4 deg
orient:     t=  0.4 s | axis_err=  7.8 deg | spin_err=  0.2 deg
orient:     t=  0.6 s | axis_err=  4.1 deg | spin_err=  0.0 deg
orient:     t=  0.8 s | axis_err=  1.6 deg | spin_err=  0.1 deg
orient:     t=  1.0 s | axis_err=  1.1 deg | spin_err=  0.1 deg

Orientation reached: axis_err=0.9 deg | spin_err=0.1 deg

-- phase: approach_descend ---------------------------------------------------
  Kp [t1,t2,n]     = [    150.0,     150.0,     150.0] N/m
  Dp [t1,t2,n]     = [    133.7,      94.2,     128.3] Ns/m     auto (factor 1.90)
  KR [t1,t2,n]     = [    180.0,     180.0,      90.0] Nm/rad
  DR [t1,t2,n]     = [     15.3,      25.0,       2.0] Nms/rad  auto (factor 1.90)
  descend to         20 mm clearance at 0.100 m/s
descend:    t=  0.0 s | distance=   0.1 mm | height=+124.2 mm (target 20.0) | force=  0.1 N
descend:    t=  0.2 s | distance=  20.2 mm | height=+112.3 mm (target 20.0) | force=  2.0 N
descend:    t=  0.4 s | distance=  40.3 mm | height= +96.4 mm (target 20.0) | force=  2.7 N
descend:    t=  0.6 s | distance=  60.4 mm | height= +79.4 mm (target 20.0) | force=  0.7 N
descend:    t=  0.8 s | distance=  80.5 mm | height= +61.9 mm (target 20.0) | force=  2.3 N
descend:    t=  1.0 s | distance= 100.6 mm | height= +44.1 mm (target 20.0) | force=  1.6 N
descend:    t=  1.2 s | distance= 120.7 mm | height= +26.0 mm (target 20.0) | force=  2.4 N

Clearance reached: distance=127.3 mm | height=20.0 mm | target=20.0 mm | force=0.9 N
  offset_ee        = [     20.0,      60.0,      20.0] mm
  p_EE_at_contact  = [    502.3,      -0.3,      44.0] mm
  contact_point    = [    517.0,     -61.4,       1.8] mm
  edge_offset      = [     14.8,     -61.2,     -42.2] mm

-- phase: setup --------------------------------------------------------------

-- setup impedance -----------------------------------------------------------
  law                wrench = K_TCP*dx + D_TCP*dv
                     K_TCP  = Ad(r_c)^T * blkdiag(Kp,KR) * Ad(r_c)
  Kp [t1,t2,n]     = [   2000.0,    2000.0,     350.0] N/m
  Dp [t1,t2,n]     = [    236.7,     176.3,     109.9] Ns/m     auto
  KR [t1,t2,n]     = [      5.0,       5.0,      50.0] Nm/rad
  DR [t1,t2,n]     = [      1.3,       2.2,       1.2] Nms/rad  auto
  p_c [EE]         = [      0.0,       0.0,       0.0] mm       resolved in the tool frame
  r_c [t1,t2,n]    = [      0.0,       0.0,       0.0] mm       commanded: p_TCP - p_c, in the plane
setup:     t=  0.0 s | tip=  0.0 deg | F=  0.0 N | M=  0.0 Nm (limit 150.0) | contact= 19.9 mm
setup:     t=  0.2 s | tip=  0.5 deg | F=  2.2 N | M=  1.0 Nm (limit 150.0) | contact=  7.0 mm
setup:     t=  0.4 s | tip=  1.0 deg | F= 18.9 N | M=  9.8 Nm (limit 150.0) | contact=  2.5 mm
setup:     t=  0.6 s | tip=  1.0 deg | F= 16.8 N | M=  8.7 Nm (limit 150.0) | contact=  2.6 mm
setup:     t=  0.8 s | tip=  1.0 deg | F= 21.8 N | M= 11.2 Nm (limit 150.0) | contact=  2.8 mm
setup:     t=  1.0 s | tip=  1.0 deg | F= 27.6 N | M= 14.2 Nm (limit 150.0) | contact=  3.1 mm
setup:     t=  1.2 s | tip=  1.1 deg | F= 33.5 N | M= 17.2 Nm (limit 150.0) | contact=  3.5 mm
setup:     t=  1.4 s | tip=  1.1 deg | F= 38.7 N | M= 19.8 Nm (limit 150.0) | contact=  4.1 mm
setup:     t=  1.6 s | tip=  1.6 deg | F= 43.8 N | M= 22.2 Nm (limit 150.0) | contact=  5.5 mm
setup:     t=  1.8 s | tip=  1.7 deg | F= 50.2 N | M= 25.5 Nm (limit 150.0) | contact=  6.1 mm
setup:     t=  2.0 s | tip=  1.8 deg | F= 56.1 N | M= 28.4 Nm (limit 150.0) | contact=  6.5 mm
setup:     t=  2.2 s | tip=  1.8 deg | F= 61.6 N | M= 31.2 Nm (limit 150.0) | contact=  7.0 mm
setup:     t=  2.4 s | tip=  1.9 deg | F= 66.7 N | M= 33.7 Nm (limit 150.0) | contact=  7.6 mm
setup:     t=  2.6 s | tip=  1.9 deg | F= 72.9 N | M= 36.7 Nm (limit 150.0) | contact=  8.1 mm
setup:     t=  2.8 s | tip=  1.9 deg | F= 78.3 N | M= 39.2 Nm (limit 150.0) | contact=  8.3 mm
setup:     t=  3.0 s | tip=  1.9 deg | F= 83.5 N | M= 41.8 Nm (limit 150.0) | contact=  8.4 mm
setup:     t=  3.2 s | tip=  1.9 deg | F= 89.0 N | M= 44.4 Nm (limit 150.0) | contact=  8.6 mm
setup:     t=  3.4 s | tip=  1.9 deg | F= 84.2 N | M= 42.1 Nm (limit 150.0) | contact=  8.5 mm
setup:     t=  3.6 s | tip=  1.9 deg | F= 83.9 N | M= 42.0 Nm (limit 150.0) | contact=  8.5 mm
setup:     t=  3.8 s | tip=  1.9 deg | F= 83.9 N | M= 42.0 Nm (limit 150.0) | contact=  8.5 mm
setup:     t=  4.0 s | tip=  1.9 deg | F= 83.8 N | M= 42.0 Nm (limit 150.0) | contact=  8.5 mm
setup:     t=  4.2 s | tip=  1.9 deg | F= 83.8 N | M= 42.0 Nm (limit 150.0) | contact=  8.5 mm
setup:     t=  4.4 s | tip=  1.9 deg | F= 84.0 N | M= 42.0 Nm (limit 150.0) | contact=  8.5 mm
setup:     t=  4.6 s | tip=  1.9 deg | F= 83.7 N | M= 41.9 Nm (limit 150.0) | contact=  8.5 mm
setup:     t=  4.8 s | tip=  1.9 deg | F= 83.7 N | M= 41.9 Nm (limit 150.0) | contact=  8.5 mm

==============================================================================
  SETUP RESULT
==============================================================================
  stop: time | t=5.0 s | tip=1.9 deg | F=83.7 N | M=41.9 Nm
  contact_from_start = [-4.2, -0.3, -7.4] mm | norm=8.5 mm
  tcp_from_contact  = [-19.2, +59.7, +16.6] mm | norm=64.9 mm
  alignment: before=10.00 deg | after=11.50 deg | gain=-1.50 deg
  alignment components [t1,t2,n] deg: before=[-0.48,-9.99,-0.00] | after=[-1.63,-11.38,+0.00]

-- setup surface-frame breakdown ---------------------------------------------
  frame              alignment-target [tangent1, tangent2, normal]
  force        [N]      = [    +7.52,     +2.07,    -83.30]
  tcp_disp     [mm]     = [    -4.02,     -0.74,    -25.71]
  contact_disp [mm]     = [    -4.10,     -0.07,     -7.45]
  Kp_eff=F/tcp [N/m]    = [  -1871.8,   -2795.7,    3239.8]
  M_contact    [Nm]     = [    -4.65,    +40.77,     +0.10]
  tip_angle    [deg]    = [    -1.26,     -1.39,     -0.49]
  KR_eff=M/ang [Nm/rad] = [    211.1,   -1685.9,     -11.8]
  frame              tool face [length, width, tool axis]
  M_contact    [Nm]     = [   -40.78,     +4.11,     +1.97]

-- center of compliance ------------------------------------------------------
  definition         r_c = p_TCP - p_c
  p_TCP [x,y,z]    = [    497.8,      -1.7,      18.4] mm
  p_c [EE]         = [     -0.0,      -0.0,       0.0] mm
  r_c [t1,t2,n]    = [      0.0,       0.0,       0.0] mm
                     p_c resolved at end of setup

-- effective TCP impedance ---------------------------------------------------
  K_TCP translation = [   1999.5,    1998.7,     351.8] N/m
  K_TCP rotation   = [      5.0,       5.0,      50.0] Nm/rad
  commanded KR was = [      5.0,       5.0,      50.0] Nm/rad   including lever contribution
  D_TCP translation = [    236.6,     176.2,     110.0] Ns/m
  D_TCP rotation   = [      1.3,       2.2,       1.2] Nms/rad
  coupling           max |moment per unit translation| = 0.0 Nm/m (K), 0.0 Nms/m (D)
  eigenvalues        K_TCP 5.00 .. 2000 | D_TCP 1.19 .. 237  (both positive: valid springs)

  K_TCP [N/m, Nm/rad | rows fx..mz, cols tx..rz]:
           tx        ty        tz    |    rx        ry        rz
  fx [    2000  -0.7871   -28.44 |        0        0        0 ]
  fy [ -0.7871     1999   -45.62 |        0        0        0 ]
  fz [  -28.44   -45.62    351.8 |        0        0        0 ]
     ---------------------------+---------------------------
  mx [       0        0        0 |    5.013  0.02147   0.7756 ]
  my [       0        0        0 |  0.02147    5.034    1.244 ]
  mz [       0        0        0 |   0.7756    1.244    49.95 ]

  D_TCP [Ns/m, Nms/rad]:
           tx        ty        tz    |    rx        ry        rz
  fx [   236.6 -0.06046   -2.184 |        0        0        0 ]
  fy [-0.06046    176.2   -1.833 |        0        0        0 ]
  fz [  -2.184   -1.833      110 |        0        0        0 ]
     ---------------------------+---------------------------
  mx [       0        0        0 |    1.292 -4.841e-05 -0.001749 ]
  my [       0        0        0 | -4.841e-05    2.216 -0.02837 ]
  mz [       0        0        0 | -0.001749 -0.02837    1.191 ]

[GATE] Set up finished (still pressing). Press Enter to start the grind (e+Enter stops).

Stop requested with e + Enter. Finishing control loop...

-- joint motion [deg] --------------------------------------------------------
  joint       start    final    delta
  q1            0.8     -0.4     -1.2
  q2           12.1     30.8    +18.7
  q3           -0.5      0.2     +0.8
  q4         -130.9   -125.4     +5.5
  q5           -0.2     -0.8     -0.6
  q6          142.9    142.4     -0.5
  q7           44.7     45.2     +0.4

==============================================================================
  FINAL RESULT
==============================================================================
  p_d              = [    497.8,      -7.4,    -215.8] mm
  p_EE             = [    497.8,      -1.7,      18.4] mm
  e_p              = [     -0.0,      -5.7,    -234.2] mm
  e_R              = [    -1.27,     -1.40,     -0.43] deg
------------------------------------------------------------------------------
  position error     234.28 mm
  rotation error     1.94 deg
  csv                logs/surface_grinding_controller_log.csv
------------------------------------------------------------------------------
