
==============================================================================
  SURFACE GRINDING CONTROLLER
==============================================================================
  robot              172.16.0.2
  parameters         /home/hm-panda/Desktop/Thesis_Final_Control/surface_grinding_controller/params
------------------------------------------------------------------------------

==============================================================================
  SURFACE GRINDING CONTROLLER - STARTUP MENU
==============================================================================

-- RUN MODES -----------------------------------------------------------------
  s      Run orientation, approach, setup, and grinding
  h      Cartesian pose hold at the initial posture
  t      Cartesian pose hold with the setup impedance
  g      Start manual guidance from the current robot pose

-- ROBOT PREPARATION ---------------------------------------------------------
  i      Move to the configured initial joint posture

-- GRIPPER AND TOOL ----------------------------------------------------------
  o      Open the gripper
  c      Grasp the tool
  r      Recalibrate the gripper with empty fingers
  f      Pick up the tool from the holder
  b      Return the tool to the holder

-- PROGRAM -------------------------------------------------------------------
  e      Exit
------------------------------------------------------------------------------
  During control: e = stop | m = startup menu | g = guidance
------------------------------------------------------------------------------
Selection [s/h/t/g/i/o/c/r/f/b/e]: 
-- SELECTED MODE: PHASE SEQUENCE ---------------------------------------------

-- moving to q_init ----------------------------------------------------------
  case               saved_qinit
  q1..q7 [deg]     = [0.8, 12.1, -0.5, -130.9, -0.2, 142.9, 44.7] deg
  saved_qinit = [0.014777, 0.210911, -0.009320, -2.284835, -0.002725, 2.493410, 0.780694] rad
  q_init reached.

-- start pose ----------------------------------------------------------------
  q_start          = [0.9, 12.1, -0.5, -130.9, -0.1, 142.9, 44.7] deg
  p_start          = [    531.3,       2.6,     156.8] mm

==============================================================================
  RUN
==============================================================================

-- phase: approach_orient ----------------------------------------------------
  Kp [t1,t2,n]     = [    150.0,     150.0,     150.0] N/m
  Dp [t1,t2,n]     = [    133.7,      94.2,     128.3] Ns/m     auto (factor 1.90)
  KR [t1,t2,n]     = [    180.0,     180.0,      90.0] Nm/rad
  DR [t1,t2,n]     = [     15.3,      25.0,       2.0] Nms/rad  auto (factor 1.90)
orient:     t=  0.0 s | axis_err=  7.1 deg | spin_err=  1.1 deg
orient:     t=  0.2 s | axis_err=  5.9 deg | spin_err=  0.1 deg
orient:     t=  0.4 s | axis_err=  2.4 deg | spin_err=  0.1 deg
orient:     t=  0.6 s | axis_err=  1.2 deg | spin_err=  0.1 deg
orient:     t=  0.8 s | axis_err=  1.0 deg | spin_err=  0.1 deg
orient:     t=  1.0 s | axis_err=  1.0 deg | spin_err=  0.1 deg
orient:     t=  1.2 s | axis_err=  1.0 deg | spin_err=  0.1 deg
orient:     t=  1.4 s | axis_err=  1.0 deg | spin_err=  0.1 deg
orient:     t=  1.6 s | axis_err=  1.0 deg | spin_err=  0.2 deg
orient:     t=  1.8 s | axis_err=  1.0 deg | spin_err=  0.2 deg
orient:     t=  2.0 s | axis_err=  1.0 deg | spin_err=  0.2 deg
orient:     t=  2.2 s | axis_err=  1.0 deg | spin_err=  0.1 deg
orient:     t=  2.4 s | axis_err=  1.0 deg | spin_err=  0.1 deg
orient:     t=  2.6 s | axis_err=  1.0 deg | spin_err=  0.1 deg
orient:     t=  2.8 s | axis_err=  1.0 deg | spin_err=  0.1 deg
orient:     t=  3.0 s | axis_err=  1.0 deg | spin_err=  0.1 deg
orient:     t=  3.2 s | axis_err=  1.0 deg | spin_err=  0.1 deg
orient:     t=  3.4 s | axis_err=  1.0 deg | spin_err=  0.1 deg
orient:     t=  3.6 s | axis_err=  1.0 deg | spin_err=  0.1 deg
orient:     t=  3.8 s | axis_err=  1.0 deg | spin_err=  0.1 deg
orient:     t=  4.0 s | axis_err=  1.0 deg | spin_err=  0.1 deg
orient:     t=  4.2 s | axis_err=  1.0 deg | spin_err=  0.1 deg
orient:     t=  4.4 s | axis_err=  1.0 deg | spin_err=  0.1 deg
orient:     t=  4.6 s | axis_err=  1.0 deg | spin_err=  0.1 deg
orient:     t=  4.8 s | axis_err=  1.0 deg | spin_err=  0.1 deg
orient:     t=  5.0 s | axis_err=  1.0 deg | spin_err=  0.1 deg
orient:     t=  5.2 s | axis_err=  1.0 deg | spin_err=  0.1 deg
orient:     t=  5.4 s | axis_err=  1.0 deg | spin_err=  0.1 deg
orient:     t=  5.6 s | axis_err=  1.0 deg | spin_err=  0.1 deg
orient:     t=  5.8 s | axis_err=  1.0 deg | spin_err=  0.1 deg
orient:     t=  6.0 s | axis_err=  1.0 deg | spin_err=  0.1 deg
orient:     t=  6.2 s | axis_err=  1.0 deg | spin_err=  0.1 deg
orient:     t=  6.4 s | axis_err=  1.0 deg | spin_err=  0.1 deg
orient:     t=  6.6 s | axis_err=  1.0 deg | spin_err=  0.1 deg
orient:     t=  6.8 s | axis_err=  1.0 deg | spin_err=  0.1 deg
orient:     t=  7.0 s | axis_err=  1.0 deg | spin_err=  0.1 deg
orient:     t=  7.2 s | axis_err=  1.0 deg | spin_err=  0.1 deg
orient:     t=  7.4 s | axis_err=  1.0 deg | spin_err=  0.1 deg
orient:     t=  7.6 s | axis_err=  1.0 deg | spin_err=  0.1 deg
orient:     t=  7.8 s | axis_err=  1.0 deg | spin_err=  0.1 deg

Orientation settled short of the 0.9 deg gate after 8.0 s: axis_err=1.0 deg | spin_err=0.1 deg

-- phase: approach_descend ---------------------------------------------------
  Kp [t1,t2,n]     = [    150.0,     150.0,     150.0] N/m
  Dp [t1,t2,n]     = [    133.7,      94.2,     128.3] Ns/m     auto (factor 1.90)
  KR [t1,t2,n]     = [    180.0,     180.0,      90.0] Nm/rad
  DR [t1,t2,n]     = [     15.3,      25.0,       2.0] Nms/rad  auto (factor 1.90)
  descend to         20 mm clearance at 0.100 m/s
descend:    t=  0.0 s | distance=   0.1 mm | height=+133.6 mm (target 20.0) | force=  0.0 N
descend:    t=  0.2 s | distance=  20.2 mm | height=+123.5 mm (target 20.0) | force=  0.3 N
descend:    t=  0.4 s | distance=  40.3 mm | height=+106.8 mm (target 20.0) | force=  0.2 N
descend:    t=  0.6 s | distance=  60.4 mm | height= +89.1 mm (target 20.0) | force=  1.2 N
descend:    t=  0.8 s | distance=  80.5 mm | height= +70.8 mm (target 20.0) | force=  0.5 N
descend:    t=  1.0 s | distance= 100.6 mm | height= +53.0 mm (target 20.0) | force=  0.6 N
descend:    t=  1.2 s | distance= 120.7 mm | height= +34.5 mm (target 20.0) | force=  0.4 N

Clearance reached: distance=136.7 mm | height=19.9 mm | target=20.0 mm | force=0.5 N
  offset_ee        = [    -20.0,      60.0,      20.0] mm
  p_EE_at_contact  = [    534.5,       3.4,      47.2] mm
  contact_point    = [    515.1,     -55.3,       1.7] mm
  edge_offset      = [    -19.4,     -58.7,     -45.5] mm

-- phase: setup --------------------------------------------------------------

-- setup impedance -----------------------------------------------------------
  law                wrench = K_TCP*dx + D_TCP*dv
                     K_TCP  = Ad(r_c)^T * blkdiag(Kp,KR) * Ad(r_c)
  Kp [t1,t2,n]     = [   2000.0,    2000.0,     350.0] N/m
  Dp [t1,t2,n]     = [    228.1,     170.5,     113.7] Ns/m     auto
  KR [t1,t2,n]     = [      5.0,       5.0,      50.0] Nm/rad
  DR [t1,t2,n]     = [      1.5,       1.8,       1.1] Nms/rad  auto
  p_c [EE]         = [      0.0,     -40.0,       0.0] mm       commanded in the tool frame
  r_c [t1,t2,n]    = [     -0.3,     -39.8,      -4.0] mm       p_TCP - p_c, in the plane
setup:     t=  0.0 s | ee=  0.0 deg | F=  0.2 N | M=  0.0 Nm (limit 150.0) | contact= 19.9 mm
setup:     t=  0.2 s | ee=  1.0 deg | F=  1.9 N | M=  1.4 Nm (limit 150.0) | contact=  7.2 mm
setup:     t=  0.4 s | ee=  1.2 deg | F= 10.2 N | M=  1.1 Nm (limit 150.0) | contact=  2.9 mm
setup:     t=  0.6 s | ee=  1.2 deg | F= 14.5 N | M=  1.1 Nm (limit 150.0) | contact=  2.1 mm
setup:     t=  0.8 s | ee=  1.2 deg | F= 19.5 N | M=  1.1 Nm (limit 150.0) | contact=  0.9 mm
setup:     t=  1.0 s | ee=  1.4 deg | F= 25.5 N | M=  1.0 Nm (limit 150.0) | contact=  2.1 mm
setup:     t=  1.2 s | ee=  1.4 deg | F= 31.3 N | M=  1.1 Nm (limit 150.0) | contact=  2.6 mm
setup:     t=  1.4 s | ee=  1.5 deg | F= 37.4 N | M=  1.1 Nm (limit 150.0) | contact=  2.8 mm
setup:     t=  1.6 s | ee=  1.5 deg | F= 42.6 N | M=  1.0 Nm (limit 150.0) | contact=  2.9 mm
setup:     t=  1.8 s | ee=  2.1 deg | F= 46.3 N | M=  0.7 Nm (limit 150.0) | contact=  3.0 mm
setup:     t=  2.0 s | ee=  3.1 deg | F= 50.8 N | M=  0.7 Nm (limit 150.0) | contact=  3.3 mm
setup:     t=  2.2 s | ee=  4.4 deg | F= 57.3 N | M=  0.8 Nm (limit 150.0) | contact=  3.5 mm
setup:     t=  2.4 s | ee=  4.7 deg | F= 62.9 N | M=  1.8 Nm (limit 150.0) | contact=  3.5 mm
setup:     t=  2.6 s | ee=  4.7 deg | F= 68.7 N | M=  1.6 Nm (limit 150.0) | contact=  3.5 mm
setup:     t=  2.8 s | ee=  4.8 deg | F= 74.2 N | M=  1.7 Nm (limit 150.0) | contact=  3.6 mm
setup:     t=  3.0 s | ee=  4.8 deg | F= 79.5 N | M=  1.7 Nm (limit 150.0) | contact=  3.7 mm
setup:     t=  3.2 s | ee=  4.9 deg | F= 85.2 N | M=  2.1 Nm (limit 150.0) | contact=  3.7 mm
setup:     t=  3.4 s | ee=  4.9 deg | F= 80.0 N | M=  2.5 Nm (limit 150.0) | contact=  3.6 mm
setup:     t=  3.6 s | ee=  4.9 deg | F= 79.8 N | M=  2.5 Nm (limit 150.0) | contact=  3.6 mm
setup:     t=  3.8 s | ee=  4.9 deg | F= 79.7 N | M=  2.5 Nm (limit 150.0) | contact=  3.6 mm
setup:     t=  4.0 s | ee=  4.9 deg | F= 79.7 N | M=  2.6 Nm (limit 150.0) | contact=  3.6 mm
setup:     t=  4.2 s | ee=  4.9 deg | F= 79.6 N | M=  2.5 Nm (limit 150.0) | contact=  3.6 mm
setup:     t=  4.4 s | ee=  4.9 deg | F= 79.5 N | M=  2.6 Nm (limit 150.0) | contact=  3.6 mm
setup:     t=  4.6 s | ee=  4.9 deg | F= 79.5 N | M=  2.6 Nm (limit 150.0) | contact=  3.6 mm
setup:     t=  4.8 s | ee=  4.9 deg | F= 79.5 N | M=  2.6 Nm (limit 150.0) | contact=  3.6 mm

==============================================================================
  SETUP RESULT
==============================================================================
  stop: time | t=5.0 s | ee=4.9 deg | F=79.4 N | M_TCP=2.6 Nm
  contact_from_start = [+1.5, +1.7, -2.8] mm | norm=3.6 mm
  tcp_from_contact  = [+20.6, +61.9, +17.5] mm | norm=67.5 mm
  deviation: before=8.83 deg | after=4.79 deg | gain=+4.04 deg
  t_align: not reached | tolerance=2.00 deg | hold=0.30 s
  t_align_fraction: not reached | fraction=0.50 of the deviation at contact
  deviation_min: 4.79 deg at t=4.99 s
  align_status: not_aligned
  deviation components [t1,t2,n] deg: before=[-6.00,+6.48,+0.00] | after=[-1.62,+4.51,+0.00]

-- setup surface-frame breakdown ---------------------------------------------
  frame              alignment-target [tangent1, tangent2, normal]
  force        [N]      = [    -2.06,     -8.92,    -78.90]
  tcp_disp     [mm]     = [    +1.68,     +3.95,    -27.89]
  contact_disp [mm]     = [    +1.52,     +1.80,     -2.77]
  Kp_eff=F/tcp [N/m]    = [  -1226.1,   -2256.2,    2829.1]
  M_contact    [Nm]     = [    -6.97,     +2.36,     -0.22]
  ee_angle     [deg]    = [    +4.45,     -1.92,     -0.66]
  KR_eff=M/ang [Nm/rad] = [    -89.7,     -70.3,      19.3]
  frame              tool face [length, width, tool axis]
  M_contact    [Nm]     = [    -2.37,     +6.96,     -0.26]

-- center of compliance ------------------------------------------------------
  definition         r_c = p_TCP - p_c
  p_TCP [x,y,z]    = [    535.7,       6.6,      19.1] mm
  p_c [EE]         = [      0.0,     -40.0,      -0.0] mm
  r_c [t1,t2,n]    = [      0.1,     -40.0,      -0.9] mm
                     p_c resolved at end of setup

-- effective TCP impedance ---------------------------------------------------
  K_TCP translation = [   1999.5,    1998.7,     351.8] N/m
  K_TCP rotation   = [      5.6,       5.0,      53.2] Nm/rad
  commanded KR was = [      5.0,       5.0,      50.0] Nm/rad   including lever contribution
  D_TCP translation = [    228.0,     170.5,     113.8] Ns/m
  D_TCP rotation   = [      1.7,       1.8,       1.5] Nms/rad
  coupling           max |moment per unit translation| = 80.0 Nm/m (K), 9.1 Nms/m (D)
  eigenvalues        K_TCP 4.99 .. 2003 | D_TCP 1.12 .. 228  (both positive: valid springs)

  K_TCP [N/m, Nm/rad | rows fx..mz, cols tx..rz]:
           tx        ty        tz    |    rx        ry        rz
  fx [    2000  -0.7871   -28.44 |   -1.138  -0.5026   -79.98 ]
  fy [ -0.7871     1999   -45.62 |   -1.326 -0.005101  -0.2006 ]
  fz [  -28.44   -45.62    351.8 |    14.06  0.04795    1.143 ]
     ---------------------------+---------------------------
  mx [  -1.138   -1.326    14.06 |    5.575  0.02338   0.8213 ]
  my [ -0.5026 -0.005101  0.04795 |  0.02338    5.035    1.264 ]
  mz [  -79.98  -0.2006    1.143 |   0.8213    1.264    53.15 ]

  D_TCP [Ns/m, Nms/rad]:
           tx        ty        tz    |    rx        ry        rz
  fx [     228 -0.05455   -1.971 | -0.07884 -0.05718   -9.121 ]
  fy [-0.05455    170.5    -1.57 | -0.02023 -0.0001687 -0.01762 ]
  fz [  -1.971    -1.57    113.8 |    4.552  0.01371  0.07901 ]
     ---------------------------+---------------------------
  mx [-0.07884 -0.02023    4.552 |    1.732 0.0003425 -0.004278 ]
  my [-0.05718 -0.0001687  0.01371 | 0.0003425    1.834 -0.01749 ]
  mz [  -9.121 -0.01762  0.07901 | -0.004278 -0.01749    1.484 ]

[GATE] Set up finished (still pressing). Press Enter to start the grind (e+Enter stops).

Stop requested with e + Enter. Finishing control loop...

-- joint motion [deg] --------------------------------------------------------
  joint       start    final    delta
  q1            0.9      1.1     +0.2
  q2           12.1     31.2    +19.1
  q3           -0.5     -0.3     +0.2
  q4         -130.9   -129.3     +1.6
  q5           -0.1     -0.7     -0.6
  q6          142.9    162.5    +19.6
  q7           44.7     46.3     +1.5

==============================================================================
  FINAL RESULT
==============================================================================
  p_d              = [    530.0,      -3.8,    -212.6] mm
  p_EE             = [    535.7,       6.6,      19.1] mm
  e_p              = [     -5.7,     -10.4,    -231.8] mm
  e_R              = [     4.44,     -1.94,     -0.69] deg
------------------------------------------------------------------------------
  position error     232.09 mm
  rotation error     4.89 deg
  csv                logs/surface_grinding_controller_log.csv
------------------------------------------------------------------------------
