
==============================================================================
  SURFACE GRINDING CONTROLLER
==============================================================================
  robot              172.16.0.2
  parameters         /home/hm-panda/Desktop/Thesis_Final_Control/surface_grinding_controller/params
------------------------------------------------------------------------------

==============================================================================
  SURFACE GRINDING CONTROLLER - STARTUP MENU
==============================================================================

-- RUN MODES -----------------------------------------------------------------
  s      Run orientation, approach, setup, and grinding
  h      Cartesian pose hold at the initial posture
  t      Cartesian pose hold with the setup impedance
  g      Start manual guidance from the current robot pose

-- ROBOT PREPARATION ---------------------------------------------------------
  i      Move to the configured initial joint posture

-- GRIPPER AND TOOL ----------------------------------------------------------
  o      Open the gripper
  c      Grasp the tool
  r      Recalibrate the gripper with empty fingers
  f      Pick up the tool from the holder
  b      Return the tool to the holder

-- PROGRAM -------------------------------------------------------------------
  e      Exit
------------------------------------------------------------------------------
  During control: e = stop | m = startup menu | g = guidance
------------------------------------------------------------------------------
Selection [s/h/t/g/i/o/c/r/f/b/e]: 
-- SELECTED MODE: PHASE SEQUENCE ---------------------------------------------

-- moving to q_init ----------------------------------------------------------
  case               saved_qinit
  q1..q7 [deg]     = [0.8, 12.1, -0.5, -130.9, -0.2, 142.9, 44.7] deg
  saved_qinit = [0.014777, 0.210911, -0.009320, -2.284835, -0.002725, 2.493410, 0.780694] rad
  q_init reached.

-- start pose ----------------------------------------------------------------
  q_start          = [0.8, 12.1, -0.5, -130.9, -0.2, 142.9, 44.7] deg
  p_start          = [    531.3,       2.5,     156.8] mm

==============================================================================
  RUN
==============================================================================

-- phase: approach_orient ----------------------------------------------------
  Kp [t1,t2,n]     = [    150.0,     150.0,     150.0] N/m
  Dp [t1,t2,n]     = [    133.7,      94.2,     128.3] Ns/m     auto (factor 1.90)
  KR [t1,t2,n]     = [    300.0,     300.0,      90.0] Nm/rad
  DR [t1,t2,n]     = [     19.8,      32.3,       2.0] Nms/rad  auto (factor 1.90)
orient:     t=  0.0 s | axis_err=  4.0 deg | spin_err=  0.6 deg
orient:     t=  0.2 s | axis_err=  2.1 deg | spin_err=  0.3 deg
orient:     t=  0.4 s | axis_err=  0.5 deg | spin_err=  0.1 deg
orient:     t=  0.6 s | axis_err=  0.4 deg | spin_err=  0.1 deg
orient:     t=  0.8 s | axis_err=  0.4 deg | spin_err=  0.1 deg

Orientation reached: axis_err=0.4 deg | spin_err=0.1 deg

-- phase: approach_descend ---------------------------------------------------
  Kp [t1,t2,n]     = [    150.0,     150.0,     150.0] N/m
  Dp [t1,t2,n]     = [    133.7,      94.2,     128.3] Ns/m     auto (factor 1.90)
  KR [t1,t2,n]     = [    300.0,     300.0,      90.0] Nm/rad
  DR [t1,t2,n]     = [     19.8,      32.3,       2.0] Nms/rad  auto (factor 1.90)
  descend to         20 mm clearance at 0.100 m/s
descend:    t=  0.0 s | distance=   0.1 mm | height=+126.4 mm (target 20.0) | force=  0.0 N
descend:    t=  0.2 s | distance=  20.2 mm | height=+115.6 mm (target 20.0) | force=  1.2 N
descend:    t=  0.4 s | distance=  40.3 mm | height=+100.0 mm (target 20.0) | force=  2.0 N
descend:    t=  0.6 s | distance=  60.4 mm | height= +83.2 mm (target 20.0) | force=  1.6 N
descend:    t=  0.8 s | distance=  80.5 mm | height= +65.8 mm (target 20.0) | force=  3.4 N
descend:    t=  1.0 s | distance= 100.6 mm | height= +48.5 mm (target 20.0) | force=  2.1 N
descend:    t=  1.2 s | distance= 120.7 mm | height= +31.6 mm (target 20.0) | force=  2.5 N

Clearance reached: distance=134.4 mm | height=19.9 mm | target=20.0 mm | force=4.1 N
  offset_ee        = [     20.0,      60.0,      20.0] mm
  p_EE_at_contact  = [    519.4,       2.1,      45.0] mm
  contact_point    = [    538.0,     -57.5,       1.3] mm
  edge_offset      = [     18.6,     -59.5,     -43.6] mm

-- phase: setup --------------------------------------------------------------

-- setup impedance -----------------------------------------------------------
  law                wrench = K_TCP*dx + D_TCP*dv
                     K_TCP  = Ad(r_c)^T * blkdiag(Kp,KR) * Ad(r_c)
  Kp [t1,t2,n]     = [   2000.0,    2000.0,     350.0] N/m
  Dp [t1,t2,n]     = [    232.1,     173.1,     112.4] Ns/m     auto
  KR [t1,t2,n]     = [      5.0,       5.0,      50.0] Nm/rad
  DR [t1,t2,n]     = [      1.4,       2.0,       0.9] Nms/rad  auto
  p_c [EE]         = [     -0.0,     -60.0,       0.0] mm       commanded in the tool frame
  r_c [t1,t2,n]    = [     -0.0,     -59.8,      -4.5] mm       p_TCP - p_c, in the plane
setup:     t=  0.0 s | tip=  0.0 deg | F=  0.3 N | M=  0.0 Nm (limit 150.0) | contact= 19.9 mm
setup:     t=  0.2 s | tip=  0.9 deg | F=  2.8 N | M=  0.7 Nm (limit 150.0) | contact=  7.5 mm
setup:     t=  0.4 s | tip=  1.6 deg | F= 16.0 N | M=  8.4 Nm (limit 150.0) | contact=  3.3 mm
setup:     t=  0.6 s | tip=  1.6 deg | F= 13.9 N | M=  7.7 Nm (limit 150.0) | contact=  3.3 mm
setup:     t=  0.8 s | tip=  1.6 deg | F= 19.2 N | M= 10.5 Nm (limit 150.0) | contact=  3.4 mm
setup:     t=  1.0 s | tip=  1.7 deg | F= 23.8 N | M= 12.9 Nm (limit 150.0) | contact=  3.6 mm
setup:     t=  1.2 s | tip=  1.9 deg | F= 27.0 N | M= 14.6 Nm (limit 150.0) | contact=  3.8 mm
setup:     t=  1.4 s | tip=  3.3 deg | F= 31.9 N | M= 17.2 Nm (limit 150.0) | contact=  3.8 mm
setup:     t=  1.6 s | tip=  3.8 deg | F= 39.7 N | M= 21.8 Nm (limit 150.0) | contact=  3.7 mm
setup:     t=  1.8 s | tip=  3.8 deg | F= 45.1 N | M= 24.5 Nm (limit 150.0) | contact=  3.9 mm
setup:     t=  2.0 s | tip=  3.8 deg | F= 50.6 N | M= 27.2 Nm (limit 150.0) | contact=  4.0 mm
setup:     t=  2.2 s | tip=  3.8 deg | F= 56.4 N | M= 30.1 Nm (limit 150.0) | contact=  4.1 mm
setup:     t=  2.4 s | tip=  3.8 deg | F= 61.8 N | M= 33.0 Nm (limit 150.0) | contact=  4.3 mm
setup:     t=  2.6 s | tip=  3.8 deg | F= 67.3 N | M= 35.8 Nm (limit 150.0) | contact=  4.4 mm
setup:     t=  2.8 s | tip=  3.8 deg | F= 72.9 N | M= 38.7 Nm (limit 150.0) | contact=  4.5 mm
setup:     t=  3.0 s | tip=  3.8 deg | F= 78.4 N | M= 41.5 Nm (limit 150.0) | contact=  4.7 mm
setup:     t=  3.2 s | tip=  3.8 deg | F= 83.4 N | M= 44.2 Nm (limit 150.0) | contact=  4.8 mm
setup:     t=  3.4 s | tip=  3.8 deg | F= 78.7 N | M= 41.9 Nm (limit 150.0) | contact=  4.7 mm
setup:     t=  3.6 s | tip=  3.8 deg | F= 78.6 N | M= 41.9 Nm (limit 150.0) | contact=  4.7 mm
setup:     t=  3.8 s | tip=  3.8 deg | F= 78.6 N | M= 41.9 Nm (limit 150.0) | contact=  4.7 mm
setup:     t=  4.0 s | tip=  3.8 deg | F= 78.4 N | M= 41.8 Nm (limit 150.0) | contact=  4.7 mm
setup:     t=  4.2 s | tip=  3.8 deg | F= 78.6 N | M= 41.8 Nm (limit 150.0) | contact=  4.7 mm
setup:     t=  4.4 s | tip=  3.8 deg | F= 78.6 N | M= 41.8 Nm (limit 150.0) | contact=  4.7 mm
setup:     t=  4.6 s | tip=  3.8 deg | F= 78.5 N | M= 41.8 Nm (limit 150.0) | contact=  4.7 mm
setup:     t=  4.8 s | tip=  3.8 deg | F= 78.5 N | M= 41.8 Nm (limit 150.0) | contact=  4.7 mm

==============================================================================
  SETUP RESULT
==============================================================================
  stop: time | t=5.0 s | tip=3.8 deg | F=78.4 N | M=41.8 Nm
  contact_from_start = [-3.2, +0.1, -3.5] mm | norm=4.7 mm
  tcp_from_contact  = [-21.0, +60.5, +17.4] mm | norm=66.4 mm
  alignment: before=4.64 deg | after=2.54 deg | gain=+2.10 deg
  alignment components [t1,t2,n] deg: before=[-4.64,-0.19,-0.00] | after=[-1.37,-2.14,+0.00]

-- setup surface-frame breakdown ---------------------------------------------
  frame              alignment-target [tangent1, tangent2, normal]
  force        [N]      = [    +4.59,     -2.63,    -78.27]
  tcp_disp     [mm]     = [    -1.99,     +1.68,    -26.19]
  contact_disp [mm]     = [    -3.11,     +0.23,     -3.52]
  Kp_eff=F/tcp [N/m]    = [  -2309.4,   -1565.4,    2988.6]
  M_contact    [Nm]     = [   -10.20,    +40.05,     -1.57]
  tip_angle    [deg]    = [    +3.27,     -1.96,     +0.30]
  KR_eff=M/ang [Nm/rad] = [   -178.5,   -1168.9,    -298.5]
  frame              tool face [length, width, tool axis]
  M_contact    [Nm]     = [   -39.93,    +10.39,     +2.90]

-- center of compliance ------------------------------------------------------
  definition         r_c = p_TCP - p_c
  p_TCP [x,y,z]    = [    517.0,       3.0,      18.8] mm
  p_c [EE]         = [     -0.0,     -60.0,       0.0] mm
  r_c [t1,t2,n]    = [     -0.4,     -60.0,      -1.0] mm
                     p_c resolved at end of setup

-- effective TCP impedance ---------------------------------------------------
  K_TCP translation = [   1999.5,    1998.7,     351.8] N/m
  K_TCP rotation   = [      6.3,       5.0,      57.1] Nm/rad
  commanded KR was = [      5.0,       5.0,      50.0] Nm/rad   including lever contribution
  D_TCP translation = [    232.1,     173.0,     112.5] Ns/m
  D_TCP rotation   = [      1.8,       2.0,       1.7] Nms/rad
  coupling           max |moment per unit translation| = 120.0 Nm/m (K), 13.9 Nms/m (D)
  eigenvalues        K_TCP 4.98 .. 2007 | D_TCP 0.91 .. 233  (both positive: valid springs)

  K_TCP [N/m, Nm/rad | rows fx..mz, cols tx..rz]:
           tx        ty        tz    |    rx        ry        rz
  fx [    2000  -0.7871   -28.44 |   -1.707   -1.286     -120 ]
  fy [ -0.7871     1999   -45.62 |   -1.439  0.02083   0.9372 ]
  fz [  -28.44   -45.62    351.8 |    21.07  -0.1382    1.686 ]
     ---------------------------+---------------------------
  mx [  -1.707   -1.439    21.07 |    6.277  0.01319   0.8773 ]
  my [  -1.286  0.02083  -0.1382 |  0.01319    5.035    1.321 ]
  mz [    -120   0.9372    1.686 |   0.8773    1.321    57.15 ]

  D_TCP [Ns/m, Nms/rad]:
           tx        ty        tz    |    rx        ry        rz
  fx [   232.1 -0.05709   -2.063 |  -0.1238  -0.1498   -13.92 ]
  fy [-0.05709      173   -1.677 |  0.01181 0.0007837  0.08048 ]
  fz [  -2.063   -1.677    112.5 |    6.749 -0.04876    0.123 ]
     ---------------------------+---------------------------
  mx [ -0.1238  0.01181    6.749 |    1.784 -0.003147 -0.000603 ]
  my [ -0.1498 0.0007837 -0.04876 | -0.003147     1.97 -0.02028 ]
  mz [  -13.92  0.08048    0.123 | -0.000603 -0.02028    1.749 ]

[GATE] Set up finished (still pressing). Press Enter to start the grind (e+Enter stops).

Stop requested with e + Enter. Finishing control loop...

-- joint motion [deg] --------------------------------------------------------
  joint       start    final    delta
  q1            0.8      2.1     +1.2
  q2           12.1     30.4    +18.2
  q3           -0.5     -1.5     -1.0
  q4         -130.9   -128.5     +2.4
  q5           -0.2      0.5     +0.7
  q6          142.9    154.2    +11.3
  q7           44.7     45.7     +1.0

==============================================================================
  FINAL RESULT
==============================================================================
  p_d              = [    515.0,      -5.1,    -214.8] mm
  p_EE             = [    517.0,       3.0,      18.8] mm
  e_p              = [     -2.0,      -8.1,    -233.6] mm
  e_R              = [     3.28,     -1.96,      0.30] deg
------------------------------------------------------------------------------
  position error     233.77 mm
  rotation error     3.83 deg
  csv                logs/surface_grinding_controller_log.csv
------------------------------------------------------------------------------
