
==============================================================================
  SURFACE GRINDING CONTROLLER
==============================================================================
  robot              172.16.0.2
  parameters         /home/hm-panda/Desktop/Thesis_Final_Control/surface_grinding_controller/params
------------------------------------------------------------------------------

==============================================================================
  SURFACE GRINDING CONTROLLER - STARTUP MENU
==============================================================================

-- RUN MODES -----------------------------------------------------------------
  s      Run orientation, approach, setup, and grinding
  h      Cartesian pose hold at the initial posture
  t      Cartesian pose hold with the setup impedance
  g      Start manual guidance from the current robot pose

-- ROBOT PREPARATION ---------------------------------------------------------
  i      Move to the configured initial joint posture

-- GRIPPER AND TOOL ----------------------------------------------------------
  o      Open the gripper
  c      Grasp the tool
  r      Recalibrate the gripper with empty fingers
  f      Pick up the tool from the holder
  b      Return the tool to the holder

-- PROGRAM -------------------------------------------------------------------
  e      Exit
------------------------------------------------------------------------------
  During control: e = stop | m = startup menu | g = guidance
------------------------------------------------------------------------------
Selection [s/h/t/g/i/o/c/r/f/b/e]: 
-- SELECTED MODE: PHASE SEQUENCE ---------------------------------------------

-- moving to q_init ----------------------------------------------------------
  case               saved_qinit
  q1..q7 [deg]     = [0.8, 12.1, -0.5, -130.9, -0.2, 142.9, 44.7] deg
  saved_qinit = [0.014777, 0.210911, -0.009320, -2.284835, -0.002725, 2.493410, 0.780694] rad
  q_init reached.

-- start pose ----------------------------------------------------------------
  q_start          = [0.9, 12.1, -0.5, -130.9, -0.1, 142.9, 44.7] deg
  p_start          = [    531.3,       2.5,     156.8] mm

==============================================================================
  RUN
==============================================================================

-- phase: approach_orient ----------------------------------------------------
  Kp [t1,t2,n]     = [    150.0,     150.0,     150.0] N/m
  Dp [t1,t2,n]     = [    133.7,      94.2,     128.3] Ns/m     auto (factor 1.90)
  KR [t1,t2,n]     = [    300.0,     300.0,      90.0] Nm/rad
  DR [t1,t2,n]     = [     19.8,      32.3,       2.0] Nms/rad  auto (factor 1.90)
orient:     t=  0.0 s | axis_err=  4.0 deg | spin_err=  0.6 deg
orient:     t=  0.2 s | axis_err=  2.1 deg | spin_err=  0.4 deg
orient:     t=  0.4 s | axis_err=  0.5 deg | spin_err=  0.1 deg
orient:     t=  0.6 s | axis_err=  0.4 deg | spin_err=  0.1 deg
orient:     t=  0.8 s | axis_err=  0.4 deg | spin_err=  0.1 deg

Orientation reached: axis_err=0.3 deg | spin_err=0.1 deg

-- phase: approach_descend ---------------------------------------------------
  Kp [t1,t2,n]     = [    150.0,     150.0,     150.0] N/m
  Dp [t1,t2,n]     = [    133.7,      94.2,     128.3] Ns/m     auto (factor 1.90)
  KR [t1,t2,n]     = [    300.0,     300.0,      90.0] Nm/rad
  DR [t1,t2,n]     = [     19.8,      32.3,       2.0] Nms/rad  auto (factor 1.90)
  descend to         20 mm clearance at 0.100 m/s
descend:    t=  0.0 s | distance=   0.1 mm | height=+126.3 mm (target 20.0) | force= -0.0 N
descend:    t=  0.2 s | distance=  20.2 mm | height=+115.6 mm (target 20.0) | force=  1.1 N
descend:    t=  0.4 s | distance=  40.3 mm | height=+100.1 mm (target 20.0) | force=  2.0 N
descend:    t=  0.6 s | distance=  60.4 mm | height= +83.2 mm (target 20.0) | force=  2.2 N
descend:    t=  0.8 s | distance=  80.5 mm | height= +65.7 mm (target 20.0) | force=  2.3 N
descend:    t=  1.0 s | distance= 100.6 mm | height= +48.8 mm (target 20.0) | force=  2.9 N
descend:    t=  1.2 s | distance= 120.7 mm | height= +31.8 mm (target 20.0) | force=  3.3 N

Clearance reached: distance=134.4 mm | height=19.9 mm | target=20.0 mm | force=2.8 N
  offset_ee        = [     20.0,      60.0,      20.0] mm
  p_EE_at_contact  = [    519.0,       2.1,      45.0] mm
  contact_point    = [    537.6,     -57.4,       1.3] mm
  edge_offset      = [     18.6,     -59.5,     -43.7] mm

-- phase: setup --------------------------------------------------------------

-- setup impedance -----------------------------------------------------------
  law                wrench = K_TCP*dx + D_TCP*dv
                     K_TCP  = Ad(r_c)^T * blkdiag(Kp,KR) * Ad(r_c)
  Kp [t1,t2,n]     = [   2000.0,    2000.0,     350.0] N/m
  Dp [t1,t2,n]     = [    232.1,     173.2,     112.5] Ns/m     auto
  KR [t1,t2,n]     = [      5.0,       5.0,      50.0] Nm/rad
  DR [t1,t2,n]     = [      1.4,       2.0,       0.9] Nms/rad  auto
  p_c [EE]         = [      0.0,     -60.0,       0.0] mm       commanded in the tool frame
  r_c [t1,t2,n]    = [     -0.0,     -59.8,      -4.5] mm       p_TCP - p_c, in the plane
setup:     t=  0.0 s | tip=  0.0 deg | F=  0.3 N | M=  0.0 Nm (limit 150.0) | contact= 19.9 mm
setup:     t=  0.2 s | tip=  0.7 deg | F=  1.1 N | M=  0.6 Nm (limit 150.0) | contact=  7.9 mm
setup:     t=  0.4 s | tip=  1.4 deg | F= 12.7 N | M=  6.6 Nm (limit 150.0) | contact=  3.4 mm
setup:     t=  0.6 s | tip=  1.5 deg | F= 14.4 N | M=  8.0 Nm (limit 150.0) | contact=  3.3 mm
setup:     t=  0.8 s | tip=  1.5 deg | F= 20.4 N | M= 11.1 Nm (limit 150.0) | contact=  3.4 mm
setup:     t=  1.0 s | tip=  1.6 deg | F= 25.6 N | M= 13.7 Nm (limit 150.0) | contact=  3.6 mm
setup:     t=  1.2 s | tip=  2.0 deg | F= 27.8 N | M= 14.7 Nm (limit 150.0) | contact=  3.7 mm
setup:     t=  1.4 s | tip=  3.5 deg | F= 33.8 N | M= 17.9 Nm (limit 150.0) | contact=  3.8 mm
setup:     t=  1.6 s | tip=  3.7 deg | F= 41.0 N | M= 22.0 Nm (limit 150.0) | contact=  3.8 mm
setup:     t=  1.8 s | tip=  3.7 deg | F= 46.0 N | M= 24.5 Nm (limit 150.0) | contact=  4.0 mm
setup:     t=  2.0 s | tip=  3.7 deg | F= 51.7 N | M= 27.4 Nm (limit 150.0) | contact=  4.1 mm
setup:     t=  2.2 s | tip=  3.7 deg | F= 56.7 N | M= 30.0 Nm (limit 150.0) | contact=  4.3 mm
setup:     t=  2.4 s | tip=  3.7 deg | F= 62.5 N | M= 33.0 Nm (limit 150.0) | contact=  4.4 mm
setup:     t=  2.6 s | tip=  3.7 deg | F= 68.4 N | M= 36.0 Nm (limit 150.0) | contact=  4.5 mm
setup:     t=  2.8 s | tip=  3.7 deg | F= 74.0 N | M= 38.9 Nm (limit 150.0) | contact=  4.7 mm
setup:     t=  3.0 s | tip=  3.8 deg | F= 79.6 N | M= 41.8 Nm (limit 150.0) | contact=  4.8 mm
setup:     t=  3.2 s | tip=  3.8 deg | F= 84.9 N | M= 44.6 Nm (limit 150.0) | contact=  4.9 mm
setup:     t=  3.4 s | tip=  3.8 deg | F= 80.3 N | M= 42.3 Nm (limit 150.0) | contact=  4.8 mm
setup:     t=  3.6 s | tip=  3.8 deg | F= 80.1 N | M= 42.2 Nm (limit 150.0) | contact=  4.8 mm
setup:     t=  3.8 s | tip=  3.8 deg | F= 80.1 N | M= 42.2 Nm (limit 150.0) | contact=  4.8 mm
setup:     t=  4.0 s | tip=  3.8 deg | F= 80.1 N | M= 42.2 Nm (limit 150.0) | contact=  4.8 mm
setup:     t=  4.2 s | tip=  3.8 deg | F= 80.1 N | M= 42.2 Nm (limit 150.0) | contact=  4.8 mm
setup:     t=  4.4 s | tip=  3.8 deg | F= 80.0 N | M= 42.2 Nm (limit 150.0) | contact=  4.8 mm
setup:     t=  4.6 s | tip=  3.8 deg | F= 80.0 N | M= 42.2 Nm (limit 150.0) | contact=  4.8 mm
setup:     t=  4.8 s | tip=  3.8 deg | F= 80.0 N | M= 42.2 Nm (limit 150.0) | contact=  4.8 mm

==============================================================================
  SETUP RESULT
==============================================================================
  stop: time | t=5.0 s | tip=3.8 deg | F=79.9 N | M=42.1 Nm
  contact_from_start = [-3.3, +0.1, -3.5] mm | norm=4.8 mm
  tcp_from_contact  = [-21.2, +60.5, +17.4] mm | norm=66.4 mm
  alignment: before=4.69 deg | after=2.47 deg | gain=+2.22 deg
  alignment components [t1,t2,n] deg: before=[-4.69,-0.23,+0.00] | after=[-1.42,-2.03,+0.00]

-- setup surface-frame breakdown ---------------------------------------------
  frame              alignment-target [tangent1, tangent2, normal]
  force        [N]      = [    +3.20,     -3.12,    -79.81]
  tcp_disp     [mm]     = [    -2.13,     +1.68,    -26.31]
  contact_disp [mm]     = [    -3.23,     +0.22,     -3.59]
  Kp_eff=F/tcp [N/m]    = [  -1503.4,   -1850.6,    3033.6]
  M_contact    [Nm]     = [    -9.83,    +40.41,     -1.72]
  tip_angle    [deg]    = [    +3.28,     -1.82,     +0.34]
  KR_eff=M/ang [Nm/rad] = [   -171.7,   -1271.1,    -292.2]
  frame              tool face [length, width, tool axis]
  M_contact    [Nm]     = [   -40.28,    +10.05,     +3.07]

-- center of compliance ------------------------------------------------------
  definition         r_c = p_TCP - p_c
  p_TCP [x,y,z]    = [    516.4,       3.0,      18.7] mm
  p_c [EE]         = [     -0.0,     -60.0,       0.0] mm
  r_c [t1,t2,n]    = [     -0.5,     -60.0,      -1.1] mm
                     p_c resolved at end of setup

-- effective TCP impedance ---------------------------------------------------
  K_TCP translation = [   1999.5,    1998.7,     351.8] N/m
  K_TCP rotation   = [      6.3,       5.0,      57.1] Nm/rad
  commanded KR was = [      5.0,       5.0,      50.0] Nm/rad   including lever contribution
  D_TCP translation = [    232.0,     173.1,     112.5] Ns/m
  D_TCP rotation   = [      1.8,       2.0,       1.8] Nms/rad
  coupling           max |moment per unit translation| = 120.0 Nm/m (K), 13.9 Nms/m (D)
  eigenvalues        K_TCP 4.98 .. 2007 | D_TCP 0.91 .. 233  (both positive: valid springs)

  K_TCP [N/m, Nm/rad | rows fx..mz, cols tx..rz]:
           tx        ty        tz    |    rx        ry        rz
  fx [    2000  -0.7871   -28.44 |   -1.707   -1.192     -120 ]
  fy [ -0.7871     1999   -45.62 |   -1.532  0.02226    1.002 ]
  fz [  -28.44   -45.62    351.8 |    21.08  -0.1508    1.684 ]
     ---------------------------+---------------------------
  mx [  -1.707   -1.532    21.08 |    6.277  0.01243   0.8773 ]
  my [  -1.192  0.02226  -0.1508 |  0.01243    5.035    1.316 ]
  mz [    -120    1.002    1.684 |   0.8773    1.316    57.15 ]

  D_TCP [Ns/m, Nms/rad]:
           tx        ty        tz    |    rx        ry        rz
  fx [     232 -0.05706   -2.062 |  -0.1237   -0.139   -13.92 ]
  fy [-0.05706    173.1   -1.678 | 0.003732 0.0008357  0.08609 ]
  fz [  -2.062   -1.678    112.5 |    6.751  -0.0525   0.1229 ]
     ---------------------------+---------------------------
  mx [ -0.1237 0.003732    6.751 |    1.785 -0.003371 -0.0005887 ]
  my [  -0.139 0.0008357  -0.0525 | -0.003371    1.969 -0.02083 ]
  mz [  -13.92  0.08609   0.1229 | -0.0005887 -0.02083    1.752 ]

[GATE] Set up finished (still pressing). Press Enter to start the grind (e+Enter stops).

Stop requested with e + Enter. Finishing control loop...

-- joint motion [deg] --------------------------------------------------------
  joint       start    final    delta
  q1            0.9      2.1     +1.3
  q2           12.1     30.3    +18.2
  q3           -0.5     -1.6     -1.0
  q4         -130.9   -128.7     +2.2
  q5           -0.1      0.7     +0.8
  q6          142.9    154.4    +11.6
  q7           44.7     45.6     +0.9

==============================================================================
  FINAL RESULT
==============================================================================
  p_d              = [    514.5,      -5.1,    -214.8] mm
  p_EE             = [    516.4,       3.0,      18.7] mm
  e_p              = [     -1.9,      -8.1,    -233.5] mm
  e_R              = [     3.29,     -1.81,      0.33] deg
------------------------------------------------------------------------------
  position error     233.64 mm
  rotation error     3.77 deg
  csv                logs/surface_grinding_controller_log.csv
------------------------------------------------------------------------------
