
==============================================================================
  SURFACE GRINDING CONTROLLER
==============================================================================
  robot              172.16.0.2
  parameters         /home/hm-panda/Desktop/Thesis_Final_Control/surface_grinding_controller/params
------------------------------------------------------------------------------

==============================================================================
  SURFACE GRINDING CONTROLLER - STARTUP MENU
==============================================================================

-- RUN MODES -----------------------------------------------------------------
  s      Run orientation, approach, setup, and grinding
  h      Cartesian pose hold at the initial posture
  t      Cartesian pose hold with the setup impedance
  g      Start manual guidance from the current robot pose

-- ROBOT PREPARATION ---------------------------------------------------------
  i      Move to the configured initial joint posture

-- GRIPPER AND TOOL ----------------------------------------------------------
  o      Open the gripper
  c      Grasp the tool
  r      Recalibrate the gripper with empty fingers
  f      Pick up the tool from the holder
  b      Return the tool to the holder

-- PROGRAM -------------------------------------------------------------------
  e      Exit
------------------------------------------------------------------------------
  During control: e = stop | m = startup menu | g = guidance
------------------------------------------------------------------------------
Selection [s/h/t/g/i/o/c/r/f/b/e]: 
-- SELECTED MODE: PHASE SEQUENCE ---------------------------------------------

-- moving to q_init ----------------------------------------------------------
  case               saved_qinit
  q1..q7 [deg]     = [0.8, 12.1, -0.5, -130.9, -0.2, 142.9, 44.7] deg
  saved_qinit = [0.014777, 0.210911, -0.009320, -2.284835, -0.002725, 2.493410, 0.780694] rad
  q_init reached.

-- start pose ----------------------------------------------------------------
  q_start          = [0.8, 12.1, -0.5, -130.9, -0.2, 142.9, 44.7] deg
  p_start          = [    531.3,       2.5,     156.8] mm

==============================================================================
  RUN
==============================================================================

-- phase: approach_orient ----------------------------------------------------
  Kp [t1,t2,n]     = [    150.0,     150.0,     150.0] N/m
  Dp [t1,t2,n]     = [    133.7,      94.2,     128.3] Ns/m     auto (factor 1.90)
  KR [t1,t2,n]     = [    300.0,     300.0,      90.0] Nm/rad
  DR [t1,t2,n]     = [     19.8,      32.3,       2.0] Nms/rad  auto (factor 1.90)
orient:     t=  0.0 s | axis_err=  7.6 deg | spin_err=  0.7 deg
orient:     t=  0.2 s | axis_err=  5.7 deg | spin_err=  0.4 deg
orient:     t=  0.4 s | axis_err=  2.2 deg | spin_err=  0.0 deg
orient:     t=  0.6 s | axis_err=  0.7 deg | spin_err=  0.0 deg
orient:     t=  0.8 s | axis_err=  0.5 deg | spin_err=  0.0 deg

Orientation reached: axis_err=0.4 deg | spin_err=0.0 deg

-- phase: approach_descend ---------------------------------------------------
  Kp [t1,t2,n]     = [    150.0,     150.0,     150.0] N/m
  Dp [t1,t2,n]     = [    133.7,      94.2,     128.3] Ns/m     auto (factor 1.90)
  KR [t1,t2,n]     = [    300.0,     300.0,      90.0] Nm/rad
  DR [t1,t2,n]     = [     19.8,      32.3,       2.0] Nms/rad  auto (factor 1.90)
  descend to         20 mm clearance at 0.100 m/s
descend:    t=  0.0 s | distance=   0.1 mm | height=+127.7 mm (target 20.0) | force=  0.0 N
descend:    t=  0.2 s | distance=  20.2 mm | height=+117.1 mm (target 20.0) | force=  1.6 N
descend:    t=  0.4 s | distance=  40.3 mm | height=+100.9 mm (target 20.0) | force=  1.3 N
descend:    t=  0.6 s | distance=  60.4 mm | height= +83.7 mm (target 20.0) | force=  2.2 N
descend:    t=  0.8 s | distance=  80.5 mm | height= +66.1 mm (target 20.0) | force=  2.3 N
descend:    t=  1.0 s | distance= 100.6 mm | height= +48.3 mm (target 20.0) | force=  2.2 N
descend:    t=  1.2 s | distance= 120.7 mm | height= +30.7 mm (target 20.0) | force=  2.7 N

Clearance reached: distance=132.8 mm | height=19.9 mm | target=20.0 mm | force=2.5 N
  offset_ee        = [     20.0,       0.0,      20.0] mm
  p_EE_at_contact  = [    511.4,      -0.1,      42.4] mm
  contact_point    = [    528.2,      -1.3,      -0.0] mm
  edge_offset      = [     16.8,      -1.2,     -42.4] mm

-- phase: setup --------------------------------------------------------------

-- setup impedance -----------------------------------------------------------
  law                wrench = K_TCP*dx + D_TCP*dv
                     K_TCP  = Ad(r_c)^T * blkdiag(Kp,KR) * Ad(r_c)
  Kp [t1,t2,n]     = [   2000.0,    2000.0,     350.0] N/m
  Dp [t1,t2,n]     = [    234.8,     173.9,     111.2] Ns/m     auto
  KR [t1,t2,n]     = [      5.0,       5.0,      50.0] Nm/rad
  DR [t1,t2,n]     = [      1.3,       2.1,       0.9] Nms/rad  auto
  p_c [EE]         = [    -30.0,      -0.0,       0.0] mm       commanded in the tool frame
  r_c [t1,t2,n]    = [     29.8,      -0.1,      -3.5] mm       p_TCP - p_c, in the plane
setup:     t=  0.0 s | tip=  0.0 deg | F=  0.3 N | M=  0.1 Nm (limit 150.0) | contact= 19.8 mm
setup:     t=  0.2 s | tip=  0.5 deg | F=  1.2 N | M=  0.6 Nm (limit 150.0) | contact=  7.1 mm
setup:     t=  0.4 s | tip=  1.0 deg | F= 13.5 N | M=  7.1 Nm (limit 150.0) | contact=  2.2 mm
setup:     t=  0.6 s | tip=  1.0 deg | F= 14.4 N | M=  7.2 Nm (limit 150.0) | contact=  2.1 mm
setup:     t=  0.8 s | tip=  1.0 deg | F= 19.9 N | M= 10.0 Nm (limit 150.0) | contact=  2.3 mm
setup:     t=  1.0 s | tip=  1.0 deg | F= 25.8 N | M= 13.0 Nm (limit 150.0) | contact=  2.4 mm
setup:     t=  1.2 s | tip=  1.0 deg | F= 31.5 N | M= 15.9 Nm (limit 150.0) | contact=  2.7 mm
setup:     t=  1.4 s | tip=  1.0 deg | F= 37.2 N | M= 18.7 Nm (limit 150.0) | contact=  3.0 mm
setup:     t=  1.6 s | tip=  1.1 deg | F= 42.2 N | M= 21.2 Nm (limit 150.0) | contact=  3.4 mm
setup:     t=  1.8 s | tip=  1.5 deg | F= 48.8 N | M= 24.4 Nm (limit 150.0) | contact=  3.8 mm
setup:     t=  2.0 s | tip=  1.4 deg | F= 54.6 N | M= 27.0 Nm (limit 150.0) | contact=  3.8 mm
setup:     t=  2.2 s | tip=  1.4 deg | F= 59.4 N | M= 29.4 Nm (limit 150.0) | contact=  3.9 mm
setup:     t=  2.4 s | tip=  1.4 deg | F= 65.1 N | M= 32.2 Nm (limit 150.0) | contact=  4.0 mm
setup:     t=  2.6 s | tip=  1.4 deg | F= 71.6 N | M= 35.3 Nm (limit 150.0) | contact=  4.1 mm
setup:     t=  2.8 s | tip=  1.4 deg | F= 77.9 N | M= 38.5 Nm (limit 150.0) | contact=  4.2 mm
setup:     t=  3.0 s | tip=  1.4 deg | F= 83.0 N | M= 41.2 Nm (limit 150.0) | contact=  4.2 mm
setup:     t=  3.2 s | tip=  1.4 deg | F= 87.1 N | M= 43.1 Nm (limit 150.0) | contact=  4.3 mm
setup:     t=  3.4 s | tip=  1.4 deg | F= 82.4 N | M= 40.9 Nm (limit 150.0) | contact=  4.1 mm
setup:     t=  3.6 s | tip=  1.5 deg | F= 82.4 N | M= 40.9 Nm (limit 150.0) | contact=  4.1 mm
setup:     t=  3.8 s | tip=  1.5 deg | F= 82.3 N | M= 40.8 Nm (limit 150.0) | contact=  4.1 mm
setup:     t=  4.0 s | tip=  1.5 deg | F= 82.3 N | M= 40.9 Nm (limit 150.0) | contact=  4.1 mm
setup:     t=  4.2 s | tip=  1.5 deg | F= 82.2 N | M= 40.8 Nm (limit 150.0) | contact=  4.1 mm
setup:     t=  4.4 s | tip=  1.5 deg | F= 82.2 N | M= 40.8 Nm (limit 150.0) | contact=  4.2 mm
setup:     t=  4.6 s | tip=  1.5 deg | F= 82.2 N | M= 40.8 Nm (limit 150.0) | contact=  4.2 mm
setup:     t=  4.8 s | tip=  1.5 deg | F= 82.2 N | M= 40.8 Nm (limit 150.0) | contact=  4.2 mm

==============================================================================
  SETUP RESULT
==============================================================================
  stop: time | t=5.0 s | tip=1.5 deg | F=82.2 N | M=40.8 Nm
  contact_from_start = [-1.9, -0.1, -3.7] mm | norm=4.2 mm
  tcp_from_contact  = [-19.2, -0.1, +18.7] mm | norm=26.8 mm
  alignment: before=5.16 deg | after=5.01 deg | gain=+0.15 deg
  alignment components [t1,t2,n] deg: before=[-0.40,-5.14,+0.00] | after=[-1.69,-4.71,-0.00]

-- setup surface-frame breakdown ---------------------------------------------
  frame              alignment-target [tangent1, tangent2, normal]
  force        [N]      = [    +5.20,     +1.26,    -81.98]
  tcp_disp     [mm]     = [    -1.98,     -0.68,    -23.81]
  contact_disp [mm]     = [    -1.81,     -0.04,     -3.74]
  Kp_eff=F/tcp [N/m]    = [  -2623.6,   -1868.5,    3442.6]
  M_contact    [Nm]     = [    +1.33,    +39.44,     +0.19]
  tip_angle    [deg]    = [    -1.32,     +0.44,     -0.40]
  KR_eff=M/ang [Nm/rad] = [    -57.8,    5130.5,     -27.5]
  frame              tool face [length, width, tool axis]
  M_contact    [Nm]     = [   -39.42,     -1.60,     +0.86]

-- center of compliance ------------------------------------------------------
  definition         r_c = p_TCP - p_c
  p_TCP [x,y,z]    = [    509.0,      -1.4,      18.6] mm
  p_c [EE]         = [    -30.0,      -0.0,       0.0] mm
  r_c [t1,t2,n]    = [     29.8,       0.2,      -3.2] mm
                     p_c resolved at end of setup

-- effective TCP impedance ---------------------------------------------------
  K_TCP translation = [   1999.5,    1998.7,     351.8] N/m
  K_TCP rotation   = [      5.0,       5.4,      51.7] Nm/rad
  commanded KR was = [      5.0,       5.0,      50.0] Nm/rad   including lever contribution
  D_TCP translation = [    234.7,     173.8,     111.3] Ns/m
  D_TCP rotation   = [      1.3,       2.2,       1.1] Nms/rad
  coupling           max |moment per unit translation| = 59.5 Nm/m (K), 5.2 Nms/m (D)
  eigenvalues        K_TCP 5.00 .. 2002 | D_TCP 0.95 .. 235  (both positive: valid springs)

  K_TCP [N/m, Nm/rad | rows fx..mz, cols tx..rz]:
           tx        ty        tz    |    rx        ry        rz
  fx [    2000  -0.7871   -28.44 | 0.006626    6.683   0.2809 ]
  fy [ -0.7871     1999   -45.62 |    -7.52   -1.361   -59.49 ]
  fz [  -28.44   -45.62    351.8 |   0.1265    10.36    1.354 ]
     ---------------------------+---------------------------
  mx [0.006626    -7.52   0.1265 |    5.042  0.02526   0.9994 ]
  my [   6.683   -1.361    10.36 |  0.02526    5.368    1.286 ]
  mz [  0.2809   -59.49    1.354 |   0.9994    1.286    51.72 ]

  D_TCP [Ns/m, Nms/rad]:
           tx        ty        tz    |    rx        ry        rz
  fx [   234.7 -0.05896    -2.13 | 0.0004963   0.8205  0.03198 ]
  fy [-0.05896    173.8   -1.733 |  -0.6543  -0.0518   -5.173 ]
  fz [   -2.13   -1.733    111.3 | -0.007801    3.303   0.0513 ]
     ---------------------------+---------------------------
  mx [0.0004963  -0.6543 -0.007801 |    1.286 -0.0003898  0.01371 ]
  my [  0.8205  -0.0518    3.303 | -0.0003898    2.211 -0.03047 ]
  mz [ 0.03198   -5.173   0.0513 |  0.01371 -0.03047    1.104 ]

[GATE] Set up finished (still pressing). Press Enter to start the grind (e+Enter stops).

Stop requested with e + Enter. Finishing control loop...

-- joint motion [deg] --------------------------------------------------------
  joint       start    final    delta
  q1            0.8     -0.6     -1.5
  q2           12.1     30.1    +18.0
  q3           -0.5      0.4     +1.0
  q4         -130.9   -128.3     +2.6
  q5           -0.2     -1.1     -0.9
  q6          142.9    151.2     +8.3
  q7           44.7     45.5     +0.8

==============================================================================
  FINAL RESULT
==============================================================================
  p_d              = [    506.9,      -7.3,    -217.4] mm
  p_EE             = [    509.0,      -1.4,      18.6] mm
  e_p              = [     -2.1,      -5.9,    -236.0] mm
  e_R              = [    -1.33,      0.43,     -0.39] deg
------------------------------------------------------------------------------
  position error     236.13 mm
  rotation error     1.45 deg
  csv                logs/surface_grinding_controller_log.csv
------------------------------------------------------------------------------
