
==============================================================================
  SURFACE GRINDING CONTROLLER
==============================================================================
  robot              172.16.0.2
  parameters         /home/hm-panda/Desktop/Thesis_Final_Control/surface_grinding_controller/params
------------------------------------------------------------------------------

==============================================================================
  SURFACE GRINDING CONTROLLER - STARTUP MENU
==============================================================================

-- RUN MODES -----------------------------------------------------------------
  s      Run orientation, approach, setup, and grinding
  h      Cartesian pose hold at the initial posture
  t      Cartesian pose hold with the setup impedance
  g      Start manual guidance from the current robot pose

-- ROBOT PREPARATION ---------------------------------------------------------
  i      Move to the configured initial joint posture

-- GRIPPER AND TOOL ----------------------------------------------------------
  o      Open the gripper
  c      Grasp the tool
  r      Recalibrate the gripper with empty fingers
  f      Pick up the tool from the holder
  b      Return the tool to the holder

-- PROGRAM -------------------------------------------------------------------
  e      Exit
------------------------------------------------------------------------------
  During control: e = stop | m = startup menu | g = guidance
------------------------------------------------------------------------------
Selection [s/h/t/g/i/o/c/r/f/b/e]: 
-- SELECTED MODE: PHASE SEQUENCE ---------------------------------------------

-- moving to q_init ----------------------------------------------------------
  case               saved_qinit
  q1..q7 [deg]     = [0.8, 12.1, -0.5, -130.9, -0.2, 142.9, 44.7] deg
  saved_qinit = [0.014777, 0.210911, -0.009320, -2.284835, -0.002725, 2.493410, 0.780694] rad
  q_init reached.

-- start pose ----------------------------------------------------------------
  q_start          = [0.8, 12.1, -0.5, -130.9, -0.2, 142.9, 44.7] deg
  p_start          = [    531.1,       2.5,     156.6] mm

==============================================================================
  RUN
==============================================================================

-- phase: approach_orient ----------------------------------------------------
  Kp [t1,t2,n]     = [    150.0,     150.0,     150.0] N/m
  Dp [t1,t2,n]     = [    133.6,      94.2,     128.3] Ns/m     auto (factor 1.90)
  KR [t1,t2,n]     = [    180.0,     180.0,      90.0] Nm/rad
  DR [t1,t2,n]     = [     15.3,      25.0,       2.0] Nms/rad  auto (factor 1.90)
orient:     t=  0.0 s | axis_err=  7.5 deg | spin_err=  0.6 deg
orient:     t=  0.2 s | axis_err=  6.1 deg | spin_err=  0.5 deg
orient:     t=  0.4 s | axis_err=  3.0 deg | spin_err=  0.1 deg
orient:     t=  0.6 s | axis_err=  1.3 deg | spin_err=  0.0 deg
orient:     t=  0.8 s | axis_err=  0.9 deg | spin_err=  0.0 deg

Orientation reached: axis_err=0.8 deg | spin_err=0.0 deg

-- phase: approach_descend ---------------------------------------------------
  Kp [t1,t2,n]     = [    150.0,     150.0,     150.0] N/m
  Dp [t1,t2,n]     = [    133.6,      94.2,     128.3] Ns/m     auto (factor 1.90)
  KR [t1,t2,n]     = [    180.0,     180.0,      90.0] Nm/rad
  DR [t1,t2,n]     = [     15.3,      25.0,       2.0] Nms/rad  auto (factor 1.90)
  descend to         20 mm clearance at 0.100 m/s
descend:    t=  0.0 s | distance=   0.1 mm | height=+125.6 mm (target 20.0) | force=  0.0 N
descend:    t=  0.2 s | distance=  20.2 mm | height=+114.1 mm (target 20.0) | force=  1.8 N
descend:    t=  0.4 s | distance=  40.3 mm | height= +98.2 mm (target 20.0) | force=  2.5 N
descend:    t=  0.6 s | distance=  60.4 mm | height= +81.2 mm (target 20.0) | force=  3.2 N
descend:    t=  0.8 s | distance=  80.5 mm | height= +64.1 mm (target 20.0) | force=  3.1 N
descend:    t=  1.0 s | distance= 100.6 mm | height= +46.8 mm (target 20.0) | force=  3.7 N
descend:    t=  1.2 s | distance= 120.7 mm | height= +29.4 mm (target 20.0) | force=  3.1 N

Clearance reached: distance=131.5 mm | height=19.9 mm | target=20.0 mm | force=2.7 N
  offset_ee        = [     20.0,      60.0,      20.0] mm
  p_EE_at_contact  = [    507.7,      -0.2,      42.6] mm
  contact_point    = [    524.5,     -61.3,       1.7] mm
  edge_offset      = [     16.8,     -61.1,     -40.9] mm

-- phase: setup --------------------------------------------------------------

-- setup impedance -----------------------------------------------------------
  law                wrench = K_TCP*dx + D_TCP*dv
                     K_TCP  = Ad(r_c)^T * blkdiag(Kp,KR) * Ad(r_c)
  Kp [t1,t2,n]     = [   2000.0,    2000.0,     350.0] N/m
  Dp [t1,t2,n]     = [    234.5,     173.9,     111.5] Ns/m     auto
  KR [t1,t2,n]     = [      5.0,       5.0,      50.0] Nm/rad
  DR [t1,t2,n]     = [      1.3,       2.1,       0.9] Nms/rad  auto
  p_c [EE]         = [    -40.0,      -0.0,       0.0] mm       commanded in the tool frame
  r_c [t1,t2,n]    = [     39.7,      -0.0,      -4.6] mm       p_TCP - p_c, in the plane
setup:     t=  0.0 s | ee=  0.0 deg | F=  0.0 N | M=  0.0 Nm (limit 150.0) | contact= 19.8 mm
setup:     t=  0.2 s | ee=  0.7 deg | F=  0.7 N | M=  0.4 Nm (limit 150.0) | contact=  7.1 mm
setup:     t=  0.4 s | ee=  1.1 deg | F= 12.3 N | M=  0.5 Nm (limit 150.0) | contact=  2.0 mm
setup:     t=  0.6 s | ee=  1.2 deg | F= 16.3 N | M=  0.4 Nm (limit 150.0) | contact=  2.0 mm
setup:     t=  0.8 s | ee=  1.2 deg | F= 21.9 N | M=  0.6 Nm (limit 150.0) | contact=  2.1 mm
setup:     t=  1.0 s | ee=  1.2 deg | F= 27.1 N | M=  0.9 Nm (limit 150.0) | contact=  2.3 mm
setup:     t=  1.2 s | ee=  1.2 deg | F= 33.1 N | M=  1.1 Nm (limit 150.0) | contact=  2.6 mm
setup:     t=  1.4 s | ee=  1.3 deg | F= 38.5 N | M=  1.4 Nm (limit 150.0) | contact=  3.1 mm
setup:     t=  1.6 s | ee=  1.3 deg | F= 43.9 N | M=  1.5 Nm (limit 150.0) | contact=  3.8 mm
setup:     t=  1.8 s | ee=  1.2 deg | F= 49.6 N | M=  1.6 Nm (limit 150.0) | contact=  4.6 mm
setup:     t=  2.0 s | ee=  1.3 deg | F= 58.4 N | M=  1.5 Nm (limit 150.0) | contact=  5.5 mm
setup:     t=  2.2 s | ee=  1.2 deg | F= 61.3 N | M=  1.8 Nm (limit 150.0) | contact=  5.3 mm
setup:     t=  2.4 s | ee=  1.2 deg | F= 65.9 N | M=  1.8 Nm (limit 150.0) | contact=  5.4 mm
setup:     t=  2.6 s | ee=  1.3 deg | F= 72.6 N | M=  1.9 Nm (limit 150.0) | contact=  5.4 mm
setup:     t=  2.8 s | ee=  1.6 deg | F= 79.1 N | M=  2.1 Nm (limit 150.0) | contact=  5.3 mm
setup:     t=  3.0 s | ee=  2.1 deg | F= 84.4 N | M=  2.2 Nm (limit 150.0) | contact=  5.3 mm
setup:     t=  3.2 s | ee=  3.1 deg | F= 90.3 N | M=  2.4 Nm (limit 150.0) | contact=  4.8 mm
setup:     t=  3.4 s | ee=  4.3 deg | F= 83.7 N | M=  2.5 Nm (limit 150.0) | contact=  4.1 mm
setup:     t=  3.6 s | ee=  4.9 deg | F= 82.7 N | M=  1.6 Nm (limit 150.0) | contact=  3.7 mm
setup:     t=  3.8 s | ee=  5.6 deg | F= 82.7 N | M=  1.7 Nm (limit 150.0) | contact=  3.3 mm
setup:     t=  4.0 s | ee=  5.9 deg | F= 82.0 N | M=  1.7 Nm (limit 150.0) | contact=  3.2 mm
setup:     t=  4.2 s | ee=  5.9 deg | F= 82.2 N | M=  1.6 Nm (limit 150.0) | contact=  3.2 mm
setup:     t=  4.4 s | ee=  5.9 deg | F= 82.3 N | M=  1.5 Nm (limit 150.0) | contact=  3.2 mm
setup:     t=  4.6 s | ee=  5.9 deg | F= 82.2 N | M=  1.5 Nm (limit 150.0) | contact=  3.2 mm
setup:     t=  4.8 s | ee=  5.9 deg | F= 82.2 N | M=  1.5 Nm (limit 150.0) | contact=  3.2 mm

==============================================================================
  SETUP RESULT
==============================================================================
  stop: time | t=5.0 s | ee=5.9 deg | F=82.2 N | M_TCP=1.5 Nm
  contact_from_start = [-1.7, +0.2, -2.7] mm | norm=3.2 mm
  tcp_from_contact  = [-21.3, +60.2, +17.5] mm | norm=66.2 mm
  deviation: before=5.19 deg | after=1.75 deg | gain=+3.44 deg
  t_align: 3.41 s | tolerance=2.00 deg | hold=0.30 s
  t_align_fraction: 3.26 s | fraction=0.50 of the deviation at contact
  deviation_min: 1.64 deg at t=3.72 s
  align_status: aligned
  deviation components [t1,t2,n] deg: before=[-0.57,-5.16,+0.00] | after=[-1.63,+0.63,+0.00]

-- setup surface-frame breakdown ---------------------------------------------
  frame              alignment-target [tangent1, tangent2, normal]
  force        [N]      = [   +10.58,     +0.91,    -81.48]
  tcp_disp     [mm]     = [    -4.13,     -0.26,    -23.47]
  contact_disp [mm]     = [    -1.65,     +0.23,     -2.77]
  Kp_eff=F/tcp [N/m]    = [  -2563.1,   -3506.5,    3472.4]
  M_contact    [Nm]     = [    -3.98,     -2.54,     -1.07]
  ee_angle     [deg]    = [    -1.07,     +5.79,     -0.24]
  KR_eff=M/ang [Nm/rad] = [    213.2,     -25.1,     252.3]
  frame              tool face [length, width, tool axis]
  M_contact    [Nm]     = [    +2.55,     +4.01,     +0.95]

-- center of compliance ------------------------------------------------------
  definition         r_c = p_TCP - p_c
  p_TCP [x,y,z]    = [    503.2,      -1.1,      19.2] mm
  p_c [EE]         = [    -40.0,       0.0,       0.0] mm
  r_c [t1,t2,n]    = [     40.0,       0.2,      -0.6] mm
                     p_c resolved at end of setup

-- effective TCP impedance ---------------------------------------------------
  K_TCP translation = [   1999.5,    1998.7,     351.8] N/m
  K_TCP rotation   = [      5.0,       5.6,      53.1] Nm/rad
  commanded KR was = [      5.0,       5.0,      50.0] Nm/rad   including lever contribution
  D_TCP translation = [    234.5,     173.9,     111.6] Ns/m
  D_TCP rotation   = [      1.3,       2.3,       1.2] Nms/rad
  coupling           max |moment per unit translation| = 79.9 Nm/m (K), 7.0 Nms/m (D)
  eigenvalues        K_TCP 4.99 .. 2003 | D_TCP 0.95 .. 235  (both positive: valid springs)

  K_TCP [N/m, Nm/rad | rows fx..mz, cols tx..rz]:
           tx        ty        tz    |    rx        ry        rz
  fx [    2000  -0.7871   -28.44 | 0.005915     1.47   0.3752 ]
  fy [ -0.7871     1999   -45.62 |   -2.598   -1.825   -79.91 ]
  fz [  -28.44   -45.62    351.8 | -0.0009806    14.03    1.819 ]
     ---------------------------+---------------------------
  mx [0.005915   -2.598 -0.0009806 |    5.017  0.02144   0.8795 ]
  my [    1.47   -1.825    14.03 |  0.02144    5.597    1.317 ]
  mz [  0.3752   -79.91    1.819 |   0.8795    1.317    53.15 ]

  D_TCP [Ns/m, Nms/rad]:
           tx        ty        tz    |    rx        ry        rz
  fx [   234.5 -0.05869    -2.12 | 0.000441    0.221  0.04265 ]
  fy [-0.05869    173.9   -1.726 |  -0.2264 -0.06906   -6.951 ]
  fz [   -2.12   -1.726    111.6 | -0.01693    4.458  0.06862 ]
     ---------------------------+---------------------------
  mx [0.000441  -0.2264 -0.01693 |    1.285 -0.0008367 0.003257 ]
  my [   0.221 -0.06906    4.458 | -0.0008367    2.284 -0.02921 ]
  mz [ 0.04265   -6.951  0.06862 | 0.003257 -0.02921    1.228 ]

[GATE] Set up finished (still pressing). Press Enter to start the grind (e+Enter stops).

Stop requested with e + Enter. Finishing control loop...

-- joint motion [deg] --------------------------------------------------------
  joint       start    final    delta
  q1            0.8     -0.6     -1.4
  q2           12.1     28.5    +16.4
  q3           -0.5      0.4     +0.9
  q4         -130.9   -133.2     -2.3
  q5           -0.2     -1.5     -1.3
  q6          142.9    159.9    +17.0
  q7           44.7     45.9     +1.2

==============================================================================
  FINAL RESULT
==============================================================================
  p_d              = [    503.2,      -7.4,    -217.2] mm
  p_EE             = [    503.2,      -1.1,      19.2] mm
  e_p              = [      0.0,      -6.3,    -236.4] mm
  e_R              = [    -1.07,      5.78,     -0.38] deg
------------------------------------------------------------------------------
  position error     236.49 mm
  rotation error     5.90 deg
  csv                logs/surface_grinding_controller_log.csv
------------------------------------------------------------------------------
