
==============================================================================
  SURFACE GRINDING CONTROLLER
==============================================================================
  robot              172.16.0.2
  parameters         /home/hm-panda/Desktop/Thesis_Final_Control/surface_grinding_controller/params
------------------------------------------------------------------------------

==============================================================================
  SURFACE GRINDING CONTROLLER - STARTUP MENU
==============================================================================

-- RUN MODES -----------------------------------------------------------------
  s      Run orientation, approach, setup, and grinding
  h      Cartesian pose hold at the initial posture
  t      Cartesian pose hold with the setup impedance
  g      Start manual guidance from the current robot pose

-- ROBOT PREPARATION ---------------------------------------------------------
  i      Move to the configured initial joint posture

-- GRIPPER AND TOOL ----------------------------------------------------------
  o      Open the gripper
  c      Grasp the tool
  r      Recalibrate the gripper with empty fingers
  f      Pick up the tool from the holder
  b      Return the tool to the holder

-- PROGRAM -------------------------------------------------------------------
  e      Exit
------------------------------------------------------------------------------
  During control: e = stop | m = startup menu | g = guidance
------------------------------------------------------------------------------
Selection [s/h/t/g/i/o/c/r/f/b/e]: 
-- SELECTED MODE: PHASE SEQUENCE ---------------------------------------------

-- moving to q_init ----------------------------------------------------------
  case               saved_qinit
  q1..q7 [deg]     = [0.8, 12.1, -0.5, -130.9, -0.2, 142.9, 44.7] deg
  saved_qinit = [0.014777, 0.210911, -0.009320, -2.284835, -0.002725, 2.493410, 0.780694] rad
  q_init reached.

-- start pose ----------------------------------------------------------------
  q_start          = [0.9, 12.1, -0.5, -130.9, -0.1, 142.9, 44.7] deg
  p_start          = [    531.3,       2.5,     156.9] mm

==============================================================================
  RUN
==============================================================================

-- phase: approach_orient ----------------------------------------------------
  Kp [t1,t2,n]     = [    150.0,     150.0,     150.0] N/m
  Dp [t1,t2,n]     = [    133.7,      94.2,     128.3] Ns/m     auto (factor 1.90)
  KR [t1,t2,n]     = [     90.0,      90.0,      90.0] Nm/rad
  DR [t1,t2,n]     = [     10.8,      17.7,       2.0] Nms/rad  auto (factor 1.90)
orient:     t=  0.0 s | axis_err=  8.6 deg | spin_err=  0.6 deg
orient:     t=  0.2 s | axis_err=  8.0 deg | spin_err=  0.1 deg
orient:     t=  0.4 s | axis_err=  4.8 deg | spin_err=  0.2 deg

Orientation reached: axis_err=2.0 deg | spin_err=0.2 deg

-- phase: approach_descend ---------------------------------------------------
  Kp [t1,t2,n]     = [    150.0,     150.0,     150.0] N/m
  Dp [t1,t2,n]     = [    133.7,      94.2,     128.3] Ns/m     auto (factor 1.90)
  KR [t1,t2,n]     = [     90.0,      90.0,      90.0] Nm/rad
  DR [t1,t2,n]     = [     10.8,      17.7,       2.0] Nms/rad  auto (factor 1.90)
  descend to         20 mm clearance at 0.100 m/s
descend:    t=  0.0 s | distance=   0.1 mm | height=+125.3 mm (target 20.0) | force= -0.0 N
descend:    t=  0.2 s | distance=  20.1 mm | height=+113.2 mm (target 20.0) | force=  2.1 N
descend:    t=  0.4 s | distance=  40.1 mm | height= +97.4 mm (target 20.0) | force=  2.3 N
descend:    t=  0.6 s | distance=  60.2 mm | height= +81.1 mm (target 20.0) | force=  2.9 N
descend:    t=  0.8 s | distance=  80.3 mm | height= +63.4 mm (target 20.0) | force=  2.0 N
descend:    t=  1.0 s | distance= 100.4 mm | height= +45.9 mm (target 20.0) | force=  2.5 N
descend:    t=  1.2 s | distance= 120.5 mm | height= +28.6 mm (target 20.0) | force=  2.8 N

Clearance reached: distance=130.6 mm | height=19.9 mm | target=20.0 mm | force=1.4 N
  offset_ee        = [     20.0,      60.0,      20.0] mm
  p_EE_at_contact  = [    519.4,       0.9,      49.1] mm
  contact_point    = [    538.2,     -56.8,       1.3] mm
  edge_offset      = [     18.8,     -57.6,     -47.8] mm

-- phase: setup --------------------------------------------------------------

-- setup impedance -----------------------------------------------------------
  law                wrench = K_TCP*dx + D_TCP*dv
                     K_TCP  = Ad(r_c)^T * blkdiag(Kp,KR) * Ad(r_c)
  Kp [t1,t2,n]     = [   2000.0,    2000.0,     350.0] N/m
  Dp [t1,t2,n]     = [    230.5,     177.5,     112.4] Ns/m     auto
  KR [t1,t2,n]     = [      5.0,       5.0,      50.0] Nm/rad
  DR [t1,t2,n]     = [      1.5,       1.9,       1.2] Nms/rad  auto
  p_c [EE]         = [     -0.0,       0.0,     120.0] mm       commanded in the tool frame
  r_c [t1,t2,n]    = [      1.9,     -18.1,     118.6] mm       p_TCP - p_c, in the plane
setup:     t=  0.0 s | tip=  0.0 deg | F=  0.1 N | M=  0.0 Nm (limit 150.0) | contact= 19.8 mm
setup:     t=  0.2 s | tip=  0.5 deg | F=  1.6 N | M=  1.0 Nm (limit 150.0) | contact=  7.7 mm
setup:     t=  0.4 s | tip=  1.0 deg | F= 20.0 N | M= 10.5 Nm (limit 150.0) | contact=  2.1 mm
setup:     t=  0.6 s | tip=  1.1 deg | F= 17.0 N | M=  9.3 Nm (limit 150.0) | contact=  2.2 mm
setup:     t=  0.8 s | tip=  1.1 deg | F= 22.1 N | M= 11.9 Nm (limit 150.0) | contact=  2.3 mm
setup:     t=  1.0 s | tip=  1.1 deg | F= 27.7 N | M= 14.8 Nm (limit 150.0) | contact=  2.5 mm
setup:     t=  1.2 s | tip=  1.1 deg | F= 33.2 N | M= 17.6 Nm (limit 150.0) | contact=  2.6 mm
setup:     t=  1.4 s | tip=  1.2 deg | F= 39.2 N | M= 20.6 Nm (limit 150.0) | contact=  2.8 mm
setup:     t=  1.6 s | tip=  1.2 deg | F= 45.4 N | M= 23.8 Nm (limit 150.0) | contact=  3.0 mm
setup:     t=  1.8 s | tip=  1.4 deg | F= 49.8 N | M= 26.1 Nm (limit 150.0) | contact=  3.0 mm
setup:     t=  2.0 s | tip=  1.7 deg | F= 55.9 N | M= 29.3 Nm (limit 150.0) | contact=  3.3 mm
setup:     t=  2.2 s | tip=  2.3 deg | F= 61.7 N | M= 32.5 Nm (limit 150.0) | contact=  3.3 mm
setup:     t=  2.4 s | tip=  3.6 deg | F= 65.4 N | M= 34.9 Nm (limit 150.0) | contact=  3.7 mm
setup:     t=  2.6 s | tip=  5.3 deg | F= 65.9 N | M= 35.4 Nm (limit 150.0) | contact=  5.0 mm
setup:     t=  2.8 s | tip=  6.8 deg | F= 70.0 N | M= 37.7 Nm (limit 150.0) | contact=  6.6 mm
setup:     t=  3.0 s | tip=  7.1 deg | F= 84.6 N | M= 45.0 Nm (limit 150.0) | contact=  6.8 mm
setup:     t=  3.2 s | tip=  7.2 deg | F= 84.7 N | M= 45.8 Nm (limit 150.0) | contact=  7.8 mm
setup:     t=  3.4 s | tip=  7.2 deg | F= 80.5 N | M= 43.3 Nm (limit 150.0) | contact=  8.3 mm
setup:     t=  3.6 s | tip=  7.2 deg | F= 79.6 N | M= 42.8 Nm (limit 150.0) | contact=  8.4 mm
setup:     t=  3.8 s | tip=  7.2 deg | F= 80.4 N | M= 43.1 Nm (limit 150.0) | contact=  8.4 mm
setup:     t=  4.0 s | tip=  7.2 deg | F= 81.3 N | M= 43.4 Nm (limit 150.0) | contact=  8.5 mm
setup:     t=  4.2 s | tip=  7.2 deg | F= 81.8 N | M= 43.8 Nm (limit 150.0) | contact=  8.5 mm
setup:     t=  4.4 s | tip=  7.2 deg | F= 81.3 N | M= 43.6 Nm (limit 150.0) | contact=  8.6 mm
setup:     t=  4.6 s | tip=  7.2 deg | F= 81.0 N | M= 43.5 Nm (limit 150.0) | contact=  8.6 mm
setup:     t=  4.8 s | tip=  7.2 deg | F= 81.1 N | M= 43.5 Nm (limit 150.0) | contact=  8.6 mm

==============================================================================
  SETUP RESULT
==============================================================================
  stop: time | t=5.0 s | tip=7.2 deg | F=81.1 N | M=43.4 Nm
  contact_from_start = [+1.7, +7.7, -3.5] mm | norm=8.6 mm
  tcp_from_contact  = [-17.3, +67.8, +17.1] mm | norm=72.0 mm
  alignment: before=8.70 deg | after=1.86 deg | gain=+6.84 deg
  alignment components [t1,t2,n] deg: before=[-8.65,-0.89,-0.00] | after=[-1.44,-1.18,+0.00]

-- setup surface-frame breakdown ---------------------------------------------
  frame              alignment-target [tangent1, tangent2, normal]
  force        [N]      = [    -2.20,     +8.28,    -80.61]
  tcp_disp     [mm]     = [    +2.05,    +11.02,    -30.38]
  contact_disp [mm]     = [    +1.78,     +7.76,     -3.25]
  Kp_eff=F/tcp [N/m]    = [  -1074.2,     751.6,    2653.7]
  M_contact    [Nm]     = [    -5.27,    +41.59,     +4.49]
  tip_angle    [deg]    = [    +7.21,     -0.30,     +0.13]
  KR_eff=M/ang [Nm/rad] = [    -41.9,   -7924.2,    1919.5]
  frame              tool face [length, width, tool axis]
  M_contact    [Nm]     = [   -41.67,     +5.47,     -3.33]

-- center of compliance ------------------------------------------------------
  definition         r_c = p_TCP - p_c
  p_TCP [x,y,z]    = [    520.9,      11.0,      18.4] mm
  p_c [EE]         = [      0.0,      -0.0,     120.0] mm
  r_c [t1,t2,n]    = [      2.5,      -3.0,     119.9] mm
                     p_c resolved at end of setup

-- effective TCP impedance ---------------------------------------------------
  K_TCP translation = [   1999.5,    1998.7,     351.8] N/m
  K_TCP rotation   = [     33.8,      33.8,      50.0] Nm/rad
  commanded KR was = [      5.0,       5.0,      50.0] Nm/rad   including lever contribution
  D_TCP translation = [    230.4,     177.4,     112.5] Ns/m
  D_TCP rotation   = [      4.1,       5.2,       1.2] Nms/rad
  coupling           max |moment per unit translation| = 239.9 Nm/m (K), 27.6 Nms/m (D)
  eigenvalues        K_TCP 4.93 .. 2029 | D_TCP 1.19 .. 234  (both positive: valid springs)

  K_TCP [N/m, Nm/rad | rows fx..mz, cols tx..rz]:
           tx        ty        tz    |    rx        ry        rz
  fx [    2000  -0.7871   -28.44 | -0.08607   -239.9   0.5885 ]
  fy [ -0.7871     1999   -45.62 |    239.7  -0.1123   -9.057 ]
  fz [  -28.44   -45.62    351.8 |   -5.573    5.004   0.1984 ]
     ---------------------------+---------------------------
  mx [-0.08607    239.7   -5.573 |    33.76 0.006534  -0.3105 ]
  my [  -239.9  -0.1123    5.004 | 0.006534    33.82    1.175 ]
  mz [  0.5885   -9.057   0.1984 |  -0.3105    1.175    49.99 ]

  D_TCP [Ns/m, Nms/rad]:
           tx        ty        tz    |    rx        ry        rz
  fx [   230.4 -0.05634   -2.035 | -0.00616   -27.64  0.06767 ]
  fy [-0.05634    177.4     -1.8 |    21.28  -0.0014   -0.804 ]
  fz [  -2.035     -1.8    112.5 |  -0.2487   0.7536  0.00756 ]
     ---------------------------+---------------------------
  mx [-0.00616    21.28  -0.2487 |     4.05 -0.0005362  -0.1018 ]
  my [  -27.64  -0.0014   0.7536 | -0.0005362     5.19 -0.02699 ]
  mz [ 0.06767   -0.804  0.00756 |  -0.1018 -0.02699    1.193 ]

[GATE] Set up finished (still pressing). Press Enter to start the grind (e+Enter stops).

Stop requested with e + Enter. Finishing control loop...

-- joint motion [deg] --------------------------------------------------------
  joint       start    final    delta
  q1            0.9      5.2     +4.3
  q2           12.1     30.4    +18.3
  q3           -0.5     -3.4     -2.8
  q4         -130.9   -129.4     +1.5
  q5           -0.1      4.4     +4.5
  q6          142.9    157.6    +14.7
  q7           44.7     43.4     -1.3

==============================================================================
  FINAL RESULT
==============================================================================
  p_d              = [    514.9,      -6.3,    -210.7] mm
  p_EE             = [    520.9,      11.0,      18.4] mm
  e_p              = [     -6.0,     -17.4,    -229.1] mm
  e_R              = [     7.21,     -0.30,      0.02] deg
------------------------------------------------------------------------------
  position error     229.83 mm
  rotation error     7.22 deg
  csv                logs/surface_grinding_controller_log.csv
------------------------------------------------------------------------------
