
==============================================================================
  SURFACE GRINDING CONTROLLER
==============================================================================
  robot              172.16.0.2
  parameters         /home/hm-panda/Desktop/Thesis_Final_Control/surface_grinding_controller/params
------------------------------------------------------------------------------

==============================================================================
  SURFACE GRINDING CONTROLLER - STARTUP MENU
==============================================================================

-- RUN MODES -----------------------------------------------------------------
  s      Run orientation, approach, setup, and grinding
  h      Cartesian pose hold at the initial posture
  t      Cartesian pose hold with the setup impedance
  g      Start manual guidance from the current robot pose

-- ROBOT PREPARATION ---------------------------------------------------------
  i      Move to the configured initial joint posture

-- GRIPPER AND TOOL ----------------------------------------------------------
  o      Open the gripper
  c      Grasp the tool
  r      Recalibrate the gripper with empty fingers
  f      Pick up the tool from the holder
  b      Return the tool to the holder

-- PROGRAM -------------------------------------------------------------------
  e      Exit
------------------------------------------------------------------------------
  During control: e = stop | m = startup menu | g = guidance
------------------------------------------------------------------------------
Selection [s/h/t/g/i/o/c/r/f/b/e]: 
-- SELECTED MODE: PHASE SEQUENCE ---------------------------------------------

-- moving to q_init ----------------------------------------------------------
  case               saved_qinit
  q1..q7 [deg]     = [0.8, 12.1, -0.5, -130.9, -0.2, 142.9, 44.7] deg
  saved_qinit = [0.014777, 0.210911, -0.009320, -2.284835, -0.002725, 2.493410, 0.780694] rad
  q_init reached.

-- start pose ----------------------------------------------------------------
  q_start          = [0.8, 12.1, -0.5, -130.9, -0.2, 142.9, 44.7] deg
  p_start          = [    531.4,       2.5,     156.8] mm

==============================================================================
  RUN
==============================================================================

-- phase: approach_orient ----------------------------------------------------
  Kp [t1,t2,n]     = [    150.0,     150.0,     150.0] N/m
  Dp [t1,t2,n]     = [    133.7,      94.2,     128.3] Ns/m     auto (factor 1.90)
  KR [t1,t2,n]     = [    180.0,     180.0,      90.0] Nm/rad
  DR [t1,t2,n]     = [     15.3,      25.0,       2.0] Nms/rad  auto (factor 1.90)
orient:     t=  0.0 s | axis_err=  2.9 deg | spin_err=  0.7 deg
orient:     t=  0.2 s | axis_err=  1.7 deg | spin_err=  0.0 deg
orient:     t=  0.4 s | axis_err=  0.9 deg | spin_err=  0.1 deg
orient:     t=  0.6 s | axis_err=  0.7 deg | spin_err=  0.0 deg
orient:     t=  0.8 s | axis_err=  0.7 deg | spin_err=  0.0 deg

Orientation reached: axis_err=0.6 deg | spin_err=0.0 deg

-- phase: approach_descend ---------------------------------------------------
  Kp [t1,t2,n]     = [    150.0,     150.0,     150.0] N/m
  Dp [t1,t2,n]     = [    133.7,      94.2,     128.3] Ns/m     auto (factor 1.90)
  KR [t1,t2,n]     = [    180.0,     180.0,      90.0] Nm/rad
  DR [t1,t2,n]     = [     15.3,      25.0,       2.0] Nms/rad  auto (factor 1.90)
  descend to         20 mm clearance at 0.100 m/s
descend:    t=  0.0 s | distance=   0.1 mm | height=+129.7 mm (target 20.0) | force=  0.0 N
descend:    t=  0.2 s | distance=  20.2 mm | height=+118.7 mm (target 20.0) | force=  2.2 N
descend:    t=  0.4 s | distance=  40.3 mm | height=+102.8 mm (target 20.0) | force=  2.2 N
descend:    t=  0.6 s | distance=  60.4 mm | height= +85.6 mm (target 20.0) | force=  0.8 N
descend:    t=  0.8 s | distance=  80.5 mm | height= +68.1 mm (target 20.0) | force=  2.5 N
descend:    t=  1.0 s | distance= 100.6 mm | height= +50.5 mm (target 20.0) | force=  1.5 N
descend:    t=  1.2 s | distance= 120.7 mm | height= +33.1 mm (target 20.0) | force=  2.7 N

Clearance reached: distance=135.7 mm | height=20.0 mm | target=20.0 mm | force=3.4 N
  offset_ee        = [     20.0,      60.0,      20.0] mm
  p_EE_at_contact  = [    518.0,      -0.4,      41.1] mm
  contact_point    = [    536.6,     -61.4,       1.5] mm
  edge_offset      = [     18.6,     -61.0,     -39.6] mm

-- phase: setup --------------------------------------------------------------

-- setup impedance -----------------------------------------------------------
  law                wrench = K_TCP*dx + D_TCP*dv
                     K_TCP  = Ad(r_c)^T * blkdiag(Kp,KR) * Ad(r_c)
  Kp [t1,t2,n]     = [   2000.0,    2000.0,     350.0] N/m
  Dp [t1,t2,n]     = [    232.4,     170.6,     112.7] Ns/m     auto
  KR [t1,t2,n]     = [      5.0,       5.0,      50.0] Nm/rad
  DR [t1,t2,n]     = [      1.3,       2.0,       0.8] Nms/rad  auto
  p_c [EE]         = [      0.0,       0.0,       0.0] mm       resolved in the tool frame
  r_c [t1,t2,n]    = [      0.0,       0.0,       0.0] mm       commanded: p_TCP - p_c, in the plane
setup:     t=  0.0 s | ee=  0.0 deg | F=  0.2 N | M=  0.1 Nm (limit 150.0) | contact= 19.9 mm
setup:     t=  0.2 s | ee=  0.6 deg | F=  1.4 N | M=  0.7 Nm (limit 150.0) | contact=  7.5 mm
setup:     t=  0.4 s | ee=  1.1 deg | F= 13.8 N | M=  7.8 Nm (limit 150.0) | contact=  1.8 mm
setup:     t=  0.6 s | ee=  1.1 deg | F= 14.6 N | M=  8.1 Nm (limit 150.0) | contact=  1.8 mm
setup:     t=  0.8 s | ee=  1.1 deg | F= 20.1 N | M= 11.0 Nm (limit 150.0) | contact=  1.9 mm
setup:     t=  1.0 s | ee=  1.1 deg | F= 25.5 N | M= 13.8 Nm (limit 150.0) | contact=  2.0 mm
setup:     t=  1.2 s | ee=  1.2 deg | F= 31.0 N | M= 16.6 Nm (limit 150.0) | contact=  2.2 mm
setup:     t=  1.4 s | ee=  1.2 deg | F= 36.8 N | M= 19.6 Nm (limit 150.0) | contact=  2.5 mm
setup:     t=  1.6 s | ee=  1.3 deg | F= 42.5 N | M= 22.6 Nm (limit 150.0) | contact=  3.0 mm
setup:     t=  1.8 s | ee=  1.5 deg | F= 46.6 N | M= 24.6 Nm (limit 150.0) | contact=  3.6 mm
setup:     t=  2.0 s | ee=  1.6 deg | F= 53.6 N | M= 28.1 Nm (limit 150.0) | contact=  4.0 mm
setup:     t=  2.2 s | ee=  1.6 deg | F= 59.9 N | M= 31.2 Nm (limit 150.0) | contact=  4.1 mm
setup:     t=  2.4 s | ee=  1.6 deg | F= 65.4 N | M= 34.0 Nm (limit 150.0) | contact=  4.3 mm
setup:     t=  2.6 s | ee=  1.6 deg | F= 70.9 N | M= 36.9 Nm (limit 150.0) | contact=  4.4 mm
setup:     t=  2.8 s | ee=  1.6 deg | F= 76.2 N | M= 39.6 Nm (limit 150.0) | contact=  4.6 mm
setup:     t=  3.0 s | ee=  1.6 deg | F= 81.7 N | M= 42.4 Nm (limit 150.0) | contact=  4.7 mm
setup:     t=  3.2 s | ee=  1.7 deg | F= 87.5 N | M= 45.4 Nm (limit 150.0) | contact=  4.9 mm
setup:     t=  3.4 s | ee=  1.6 deg | F= 82.1 N | M= 42.8 Nm (limit 150.0) | contact=  4.8 mm
setup:     t=  3.6 s | ee=  1.6 deg | F= 82.0 N | M= 42.7 Nm (limit 150.0) | contact=  4.8 mm
setup:     t=  3.8 s | ee=  1.6 deg | F= 82.0 N | M= 42.7 Nm (limit 150.0) | contact=  4.8 mm
setup:     t=  4.0 s | ee=  1.6 deg | F= 81.9 N | M= 42.7 Nm (limit 150.0) | contact=  4.8 mm
setup:     t=  4.2 s | ee=  1.6 deg | F= 81.9 N | M= 42.7 Nm (limit 150.0) | contact=  4.8 mm
setup:     t=  4.4 s | ee=  1.6 deg | F= 81.9 N | M= 42.7 Nm (limit 150.0) | contact=  4.8 mm
setup:     t=  4.6 s | ee=  1.7 deg | F= 81.9 N | M= 42.7 Nm (limit 150.0) | contact=  4.8 mm
setup:     t=  4.8 s | ee=  1.7 deg | F= 81.8 N | M= 42.6 Nm (limit 150.0) | contact=  4.8 mm

==============================================================================
  SETUP RESULT
==============================================================================
  stop: time | t=5.0 s | ee=1.7 deg | F=82.0 N | M=42.7 Nm
  contact_from_start = [-2.6, +0.0, -4.0] mm | norm=4.8 mm
  tcp_from_contact  = [-21.0, +60.1, +17.1] mm | norm=66.0 mm
  deviation: before=0.79 deg | after=2.35 deg | gain=-1.56 deg
  deviation components [t1,t2,n] deg: before=[-0.74,-0.28,-0.00] | after=[-1.69,-1.63,+0.00]

-- setup surface-frame breakdown ---------------------------------------------
  frame              alignment-target [tangent1, tangent2, normal]
  force        [N]      = [    +3.35,     +0.49,    -81.89]
  tcp_disp     [mm]     = [    -1.98,     -0.23,    -22.61]
  contact_disp [mm]     = [    -2.50,     +0.13,     -4.06]
  Kp_eff=F/tcp [N/m]    = [  -1690.0,   -2096.1,    3621.1]
  M_contact    [Nm]     = [    -3.93,    +41.21,     +0.04]
  tip_angle    [deg]    = [    -0.95,     -1.35,     +0.00]
  KR_eff=M/ang [Nm/rad] = [    236.5,   -1751.4,       n/a]
  frame              tool face [length, width, tool axis]
  M_contact    [Nm]     = [   -41.19,     +3.93,     +1.29]

-- center of compliance ------------------------------------------------------
  definition         r_c = p_TCP - p_c
  p_TCP [x,y,z]    = [    515.6,      -1.3,      18.6] mm
  p_c [EE]         = [     -0.0,      -0.0,       0.0] mm
  r_c [t1,t2,n]    = [      0.0,       0.0,       0.0] mm
                     p_c resolved at end of setup

-- effective TCP impedance ---------------------------------------------------
  K_TCP translation = [   1999.5,    1998.7,     351.8] N/m
  K_TCP rotation   = [      5.0,       5.0,      50.0] Nm/rad
  commanded KR was = [      5.0,       5.0,      50.0] Nm/rad   including lever contribution
  D_TCP translation = [    232.4,     170.5,     112.8] Ns/m
  D_TCP rotation   = [      1.3,       2.0,       0.8] Nms/rad
  coupling           max |moment per unit translation| = 0.0 Nm/m (K), 0.0 Nms/m (D)
  eigenvalues        K_TCP 5.00 .. 2000 | D_TCP 0.80 .. 232  (both positive: valid springs)

  K_TCP [N/m, Nm/rad | rows fx..mz, cols tx..rz]:
           tx        ty        tz    |    rx        ry        rz
  fx [    2000  -0.7871   -28.44 |        0        0        0 ]
  fy [ -0.7871     1999   -45.62 |        0        0        0 ]
  fz [  -28.44   -45.62    351.8 |        0        0        0 ]
     ---------------------------+---------------------------
  mx [       0        0        0 |    5.013  0.02147   0.7756 ]
  my [       0        0        0 |  0.02147    5.034    1.244 ]
  mz [       0        0        0 |   0.7756    1.244    49.95 ]

  D_TCP [Ns/m, Nms/rad]:
           tx        ty        tz    |    rx        ry        rz
  fx [   232.4 -0.05707   -2.062 |        0        0        0 ]
  fy [-0.05707    170.5   -1.599 |        0        0        0 ]
  fz [  -2.062   -1.599    112.8 |        0        0        0 ]
     ---------------------------+---------------------------
  mx [       0        0        0 |    1.303 -0.0002414 -0.008723 ]
  my [       0        0        0 | -0.0002414    2.018 -0.03379 ]
  mz [       0        0        0 | -0.008723 -0.03379   0.7979 ]

[GATE] Set up finished (still pressing). Press Enter to start the grind (e+Enter stops).

Stop requested with e + Enter. Finishing control loop...

-- joint motion [deg] --------------------------------------------------------
  joint       start    final    delta
  q1            0.8     -0.7     -1.5
  q2           12.1     30.2    +18.0
  q3           -0.5      0.5     +1.0
  q4         -130.9   -129.1     +1.8
  q5           -0.2     -1.3     -1.1
  q6          142.9    155.2    +12.3
  q7           44.7     46.0     +1.3

==============================================================================
  FINAL RESULT
==============================================================================
  p_d              = [    513.5,      -7.6,    -218.7] mm
  p_EE             = [    515.6,      -1.3,      18.6] mm
  e_p              = [     -2.1,      -6.3,    -237.3] mm
  e_R              = [    -0.95,     -1.35,      0.06] deg
------------------------------------------------------------------------------
  position error     237.39 mm
  rotation error     1.65 deg
  csv                logs/surface_grinding_controller_log.csv
------------------------------------------------------------------------------
