
==============================================================================
  SURFACE GRINDING CONTROLLER
==============================================================================
  robot              172.16.0.2
  parameters         /home/hm-panda/Desktop/Thesis_Final_Control/surface_grinding_controller/params
------------------------------------------------------------------------------

==============================================================================
  SURFACE GRINDING CONTROLLER - STARTUP MENU
==============================================================================

-- RUN MODES -----------------------------------------------------------------
  s      Run orientation, approach, setup, and grinding
  h      Cartesian pose hold at the initial posture
  t      Cartesian pose hold with the setup impedance
  g      Start manual guidance from the current robot pose

-- ROBOT PREPARATION ---------------------------------------------------------
  i      Move to the configured initial joint posture

-- GRIPPER AND TOOL ----------------------------------------------------------
  o      Open the gripper
  c      Grasp the tool
  r      Recalibrate the gripper with empty fingers
  f      Pick up the tool from the holder
  b      Return the tool to the holder

-- PROGRAM -------------------------------------------------------------------
  e      Exit
------------------------------------------------------------------------------
  During control: e = stop | m = startup menu | g = guidance
------------------------------------------------------------------------------
Selection [s/h/t/g/i/o/c/r/f/b/e]: 
-- SELECTED MODE: PHASE SEQUENCE ---------------------------------------------

-- moving to q_init ----------------------------------------------------------
  case               saved_qinit
  q1..q7 [deg]     = [0.8, 12.1, -0.5, -130.9, -0.2, 142.9, 44.7] deg
  saved_qinit = [0.014777, 0.210911, -0.009320, -2.284835, -0.002725, 2.493410, 0.780694] rad
  q_init reached.

-- start pose ----------------------------------------------------------------
  q_start          = [0.8, 12.1, -0.5, -130.9, -0.2, 142.9, 44.7] deg
  p_start          = [    531.1,       2.4,     156.6] mm

==============================================================================
  RUN
==============================================================================

-- phase: approach_orient ----------------------------------------------------
  Kp [t1,t2,n]     = [    150.0,     150.0,     150.0] N/m
  Dp [t1,t2,n]     = [    133.6,      94.2,     128.4] Ns/m     auto (factor 1.90)
  KR [t1,t2,n]     = [    180.0,     180.0,      90.0] Nm/rad
  DR [t1,t2,n]     = [     15.3,      25.0,       2.0] Nms/rad  auto (factor 1.90)
orient:     t=  0.0 s | axis_err= 12.4 deg | spin_err=  0.6 deg
orient:     t=  0.2 s | axis_err= 11.0 deg | spin_err=  0.4 deg
orient:     t=  0.4 s | axis_err=  7.8 deg | spin_err=  0.2 deg
orient:     t=  0.6 s | axis_err=  4.1 deg | spin_err=  0.1 deg
orient:     t=  0.8 s | axis_err=  1.6 deg | spin_err=  0.0 deg
orient:     t=  1.0 s | axis_err=  1.0 deg | spin_err=  0.0 deg

Orientation reached: axis_err=0.9 deg | spin_err=0.0 deg

-- phase: approach_descend ---------------------------------------------------
  Kp [t1,t2,n]     = [    150.0,     150.0,     150.0] N/m
  Dp [t1,t2,n]     = [    133.6,      94.2,     128.4] Ns/m     auto (factor 1.90)
  KR [t1,t2,n]     = [    180.0,     180.0,      90.0] Nm/rad
  DR [t1,t2,n]     = [     15.3,      25.0,       2.0] Nms/rad  auto (factor 1.90)
  descend to         20 mm clearance at 0.100 m/s
descend:    t=  0.0 s | distance=   0.1 mm | height=+124.4 mm (target 20.0) | force=  0.0 N
descend:    t=  0.2 s | distance=  20.2 mm | height=+112.6 mm (target 20.0) | force=  1.1 N
descend:    t=  0.4 s | distance=  40.3 mm | height= +96.5 mm (target 20.0) | force=  2.6 N
descend:    t=  0.6 s | distance=  60.4 mm | height= +79.5 mm (target 20.0) | force=  2.1 N
descend:    t=  0.8 s | distance=  80.5 mm | height= +62.0 mm (target 20.0) | force=  2.6 N
descend:    t=  1.0 s | distance= 100.6 mm | height= +44.6 mm (target 20.0) | force=  3.1 N
descend:    t=  1.2 s | distance= 120.7 mm | height= +27.2 mm (target 20.0) | force=  3.6 N

Clearance reached: distance=129.0 mm | height=20.0 mm | target=20.0 mm | force=2.8 N
  offset_ee        = [     20.0,       0.0,      20.0] mm
  p_EE_at_contact  = [    499.7,      -1.3,      44.0] mm
  contact_point    = [    514.5,      -2.5,       0.2] mm
  edge_offset      = [     14.9,      -1.2,     -43.8] mm

-- phase: setup --------------------------------------------------------------

-- setup impedance -----------------------------------------------------------
  law                wrench = K_TCP*dx + D_TCP*dv
                     K_TCP  = Ad(r_c)^T * blkdiag(Kp,KR) * Ad(r_c)
  Kp [t1,t2,n]     = [   2000.0,    2000.0,     350.0] N/m
  Dp [t1,t2,n]     = [    236.5,     176.3,     110.2] Ns/m     auto
  KR [t1,t2,n]     = [      5.0,       5.0,      50.0] Nm/rad
  DR [t1,t2,n]     = [      1.3,       2.2,       1.2] Nms/rad  auto
  p_c [EE]         = [     40.0,       0.0,      -0.0] mm       commanded in the tool frame
  r_c [t1,t2,n]    = [    -39.2,       0.0,       8.0] mm       p_TCP - p_c, in the plane
setup:     t=  0.0 s | ee=  0.0 deg | F=  0.1 N | M=  0.0 Nm (limit 150.0) | contact= 19.9 mm
setup:     t=  0.2 s | ee=  0.7 deg | F=  0.3 N | M=  0.3 Nm (limit 150.0) | contact=  7.8 mm
setup:     t=  0.4 s | ee=  1.2 deg | F= 12.6 N | M=  0.8 Nm (limit 150.0) | contact=  3.5 mm
setup:     t=  0.6 s | ee=  1.2 deg | F= 16.7 N | M=  0.7 Nm (limit 150.0) | contact=  3.5 mm
setup:     t=  0.8 s | ee=  1.3 deg | F= 22.4 N | M=  1.0 Nm (limit 150.0) | contact=  3.5 mm
setup:     t=  1.0 s | ee=  1.4 deg | F= 28.1 N | M=  1.2 Nm (limit 150.0) | contact=  3.9 mm
setup:     t=  1.2 s | ee=  1.6 deg | F= 33.7 N | M=  1.4 Nm (limit 150.0) | contact=  4.4 mm
setup:     t=  1.4 s | ee=  1.7 deg | F= 39.0 N | M=  1.6 Nm (limit 150.0) | contact=  5.2 mm
setup:     t=  1.6 s | ee=  1.9 deg | F= 44.7 N | M=  1.7 Nm (limit 150.0) | contact=  6.0 mm
setup:     t=  1.8 s | ee=  2.1 deg | F= 50.2 N | M=  1.7 Nm (limit 150.0) | contact=  6.8 mm
setup:     t=  2.0 s | ee=  2.6 deg | F= 55.5 N | M=  1.5 Nm (limit 150.0) | contact=  7.9 mm
setup:     t=  2.2 s | ee=  2.7 deg | F= 60.6 N | M=  1.6 Nm (limit 150.0) | contact=  8.7 mm
setup:     t=  2.4 s | ee=  2.8 deg | F= 66.8 N | M=  1.7 Nm (limit 150.0) | contact=  9.5 mm
setup:     t=  2.6 s | ee=  3.0 deg | F= 72.3 N | M=  1.8 Nm (limit 150.0) | contact= 10.3 mm
setup:     t=  2.8 s | ee=  3.1 deg | F= 77.4 N | M=  1.9 Nm (limit 150.0) | contact= 11.1 mm
setup:     t=  3.0 s | ee=  3.3 deg | F= 83.1 N | M=  2.0 Nm (limit 150.0) | contact= 11.9 mm
setup:     t=  3.2 s | ee=  3.4 deg | F= 89.0 N | M=  2.1 Nm (limit 150.0) | contact= 12.8 mm
setup:     t=  3.4 s | ee=  3.5 deg | F= 83.5 N | M=  1.9 Nm (limit 150.0) | contact= 13.1 mm
setup:     t=  3.6 s | ee=  3.6 deg | F= 83.4 N | M=  1.9 Nm (limit 150.0) | contact= 13.3 mm
setup:     t=  3.8 s | ee=  3.6 deg | F= 83.2 N | M=  1.9 Nm (limit 150.0) | contact= 13.5 mm
setup:     t=  4.0 s | ee=  3.6 deg | F= 83.3 N | M=  1.9 Nm (limit 150.0) | contact= 13.7 mm
setup:     t=  4.2 s | ee=  3.7 deg | F= 83.2 N | M=  1.9 Nm (limit 150.0) | contact= 13.9 mm
setup:     t=  4.4 s | ee=  3.7 deg | F= 83.2 N | M=  1.9 Nm (limit 150.0) | contact= 14.0 mm
setup:     t=  4.6 s | ee=  3.7 deg | F= 83.2 N | M=  1.9 Nm (limit 150.0) | contact= 14.1 mm
setup:     t=  4.8 s | ee=  3.7 deg | F= 83.2 N | M=  1.9 Nm (limit 150.0) | contact= 14.1 mm

==============================================================================
  SETUP RESULT
==============================================================================
  stop: time | t=5.0 s | ee=3.7 deg | F=83.2 N | M_TCP=1.9 Nm
  contact_from_start = [-12.9, -0.3, -5.9] mm | norm=14.2 mm
  tcp_from_contact  = [-26.7, -0.3, +18.9] mm | norm=32.7 mm
  deviation: before=9.99 deg | after=13.52 deg | gain=-3.53 deg
  t_align: not reached | tolerance=2.00 deg | hold=0.30 s
  t_align_fraction: not reached | fraction=0.50 of the deviation at contact
  deviation_min: 9.99 deg at t=0.00 s
  align_status: not_aligned
  deviation components [t1,t2,n] deg: before=[-0.42,-9.98,+0.00] | after=[-1.54,-13.43,-0.00]

-- setup surface-frame breakdown ---------------------------------------------
  frame              alignment-target [tangent1, tangent2, normal]
  force        [N]      = [   +20.43,     +0.91,    -80.65]
  tcp_disp     [mm]     = [   -11.40,     -0.82,    -25.18]
  contact_disp [mm]     = [   -12.85,     -0.11,     -6.08]
  Kp_eff=F/tcp [N/m]    = [  -1792.3,   -1115.9,    3202.4]
  M_contact    [Nm]     = [    -0.06,     +1.16,     -0.62]
  ee_angle     [deg]    = [    -1.28,     -3.44,     -0.68]
  KR_eff=M/ang [Nm/rad] = [      2.6,     -19.3,      52.3]
  frame              tool face [length, width, tool axis]
  M_contact    [Nm]     = [    -1.14,     -0.10,     +0.65]

-- center of compliance ------------------------------------------------------
  definition         r_c = p_TCP - p_c
  p_TCP [x,y,z]    = [    487.8,      -2.8,      19.1] mm
  p_c [EE]         = [     40.0,       0.0,       0.0] mm
  r_c [t1,t2,n]    = [    -38.6,      -0.6,      10.3] mm
                     p_c resolved at end of setup

-- effective TCP impedance ---------------------------------------------------
  K_TCP translation = [   1999.5,    1998.7,     351.8] N/m
  K_TCP rotation   = [      5.3,       5.8,      52.9] Nm/rad
  commanded KR was = [      5.0,       5.0,      50.0] Nm/rad   including lever contribution
  D_TCP translation = [    236.4,     176.2,     110.3] Ns/m
  D_TCP rotation   = [      1.3,       2.4,       1.5] Nms/rad
  coupling           max |moment per unit translation| = 76.9 Nm/m (K), 6.8 Nms/m (D)
  eigenvalues        K_TCP 4.99 .. 2003 | D_TCP 1.19 .. 236  (both positive: valid springs)

  K_TCP [N/m, Nm/rad | rows fx..mz, cols tx..rz]:
           tx        ty        tz    |    rx        ry        rz
  fx [    2000  -0.7871   -28.44 | -0.01837   -20.86  -0.7144 ]
  fy [ -0.7871     1999   -45.62 |    21.93    1.763    76.88 ]
  fz [  -28.44   -45.62    351.8 |  -0.3805   -13.22   -1.745 ]
     ---------------------------+---------------------------
  mx [-0.01837    21.93  -0.3805 |    5.254   0.0363    1.619 ]
  my [  -20.86    1.763   -13.22 |   0.0363    5.772    1.319 ]
  mz [ -0.7144    76.88   -1.745 |    1.619    1.319    52.91 ]

  D_TCP [Ns/m, Nms/rad]:
           tx        ty        tz    |    rx        ry        rz
  fx [   236.4 -0.06025   -2.177 | -0.001406   -2.512 -0.08321 ]
  fy [-0.06025    176.2   -1.827 |    1.934  0.07094    6.778 ]
  fz [  -2.177   -1.827    110.3 |  0.01766   -4.217 -0.06954 ]
     ---------------------------+---------------------------
  mx [-0.001406    1.934  0.01766 |    1.313 -0.0007121  0.07265 ]
  my [  -2.512  0.07094   -4.217 | -0.0007121    2.402  -0.0247 ]
  mz [-0.08321    6.778 -0.06954 |  0.07265  -0.0247    1.452 ]

[GATE] Set up finished (still pressing). Press Enter to start the grind (e+Enter stops).

Stop requested with e + Enter. Finishing control loop...

-- joint motion [deg] --------------------------------------------------------
  joint       start    final    delta
  q1            0.8     -0.5     -1.3
  q2           12.1     30.4    +18.2
  q3           -0.5      0.2     +0.8
  q4         -130.9   -125.9     +5.0
  q5           -0.2     -0.9     -0.7
  q6          142.9    140.3     -2.5
  q7           44.7     45.0     +0.2

==============================================================================
  FINAL RESULT
==============================================================================
  p_d              = [    495.2,      -8.5,    -215.8] mm
  p_EE             = [    487.8,      -2.8,      19.1] mm
  e_p              = [      7.3,      -5.7,    -234.9] mm
  e_R              = [    -1.29,     -3.46,     -0.56] deg
------------------------------------------------------------------------------
  position error     235.09 mm
  rotation error     3.73 deg
  csv                logs/surface_grinding_controller_log.csv
------------------------------------------------------------------------------
