
==============================================================================
  SURFACE GRINDING CONTROLLER
==============================================================================
  robot              172.16.0.2
  parameters         /home/hm-panda/Desktop/Thesis_Final_Control/surface_grinding_controller/params
------------------------------------------------------------------------------

==============================================================================
  SURFACE GRINDING CONTROLLER - STARTUP MENU
==============================================================================

-- RUN MODES -----------------------------------------------------------------
  s      Run orientation, approach, setup, and grinding
  h      Cartesian pose hold at the initial posture
  t      Cartesian pose hold with the setup impedance
  g      Start manual guidance from the current robot pose

-- ROBOT PREPARATION ---------------------------------------------------------
  i      Move to the configured initial joint posture

-- GRIPPER AND TOOL ----------------------------------------------------------
  o      Open the gripper
  c      Grasp the tool
  r      Recalibrate the gripper with empty fingers
  f      Pick up the tool from the holder
  b      Return the tool to the holder

-- PROGRAM -------------------------------------------------------------------
  e      Exit
------------------------------------------------------------------------------
  During control: e = stop | m = startup menu | g = guidance
------------------------------------------------------------------------------
Selection [s/h/t/g/i/o/c/r/f/b/e]: 
-- SELECTED MODE: PHASE SEQUENCE ---------------------------------------------

-- moving to q_init ----------------------------------------------------------
  case               saved_qinit
  q1..q7 [deg]     = [0.8, 12.1, -0.5, -130.9, -0.2, 142.9, 44.7] deg
  saved_qinit = [0.014777, 0.210911, -0.009320, -2.284835, -0.002725, 2.493410, 0.780694] rad
  q_init reached.

-- start pose ----------------------------------------------------------------
  q_start          = [0.8, 12.1, -0.5, -130.9, -0.2, 142.9, 44.7] deg
  p_start          = [    531.4,       2.3,     156.9] mm

==============================================================================
  RUN
==============================================================================

-- phase: approach_orient ----------------------------------------------------
  Kp [t1,t2,n]     = [    150.0,     150.0,     150.0] N/m
  Dp [t1,t2,n]     = [    133.7,      94.2,     128.3] Ns/m     auto (factor 1.90)
  KR [t1,t2,n]     = [    180.0,     180.0,      90.0] Nm/rad
  DR [t1,t2,n]     = [     15.3,      25.0,       2.0] Nms/rad  auto (factor 1.90)
orient:     t=  0.0 s | axis_err= 12.0 deg | spin_err=  0.9 deg
orient:     t=  0.2 s | axis_err= 10.4 deg | spin_err=  0.9 deg
orient:     t=  0.4 s | axis_err=  6.6 deg | spin_err=  0.6 deg
orient:     t=  0.6 s | axis_err=  2.7 deg | spin_err=  0.3 deg
orient:     t=  0.8 s | axis_err=  1.0 deg | spin_err=  0.2 deg

Orientation reached: axis_err=0.8 deg | spin_err=0.2 deg

-- phase: approach_descend ---------------------------------------------------
  Kp [t1,t2,n]     = [    150.0,     150.0,     150.0] N/m
  Dp [t1,t2,n]     = [    133.7,      94.2,     128.3] Ns/m     auto (factor 1.90)
  KR [t1,t2,n]     = [    180.0,     180.0,      90.0] Nm/rad
  DR [t1,t2,n]     = [     15.3,      25.0,       2.0] Nms/rad  auto (factor 1.90)
  descend to         20 mm clearance at 0.100 m/s
descend:    t=  0.0 s | distance=   0.1 mm | height=+120.8 mm (target 20.0) | force= -0.0 N
descend:    t=  0.2 s | distance=  20.2 mm | height=+110.5 mm (target 20.0) | force=  1.7 N
descend:    t=  0.4 s | distance=  40.3 mm | height= +95.7 mm (target 20.0) | force=  2.6 N
descend:    t=  0.6 s | distance=  60.4 mm | height= +79.7 mm (target 20.0) | force=  2.2 N
descend:    t=  0.8 s | distance=  80.5 mm | height= +63.2 mm (target 20.0) | force=  1.4 N
descend:    t=  1.0 s | distance= 100.6 mm | height= +46.8 mm (target 20.0) | force=  2.5 N
descend:    t=  1.2 s | distance= 120.7 mm | height= +30.2 mm (target 20.0) | force=  1.8 N

Clearance reached: distance=133.2 mm | height=20.0 mm | target=20.0 mm | force=2.3 N
  offset_ee        = [     20.0,     -60.0,      20.0] mm
  p_EE_at_contact  = [    515.7,      -0.9,      50.7] mm
  contact_point    = [    534.1,      53.3,      -1.7] mm
  edge_offset      = [     18.4,      54.2,     -52.4] mm

-- phase: setup --------------------------------------------------------------

-- setup impedance -----------------------------------------------------------
  law                wrench = K_TCP*dx + D_TCP*dv
                     K_TCP  = Ad(r_c)^T * blkdiag(Kp,KR) * Ad(r_c)
  Kp [t1,t2,n]     = [   2000.0,    2000.0,     350.0] N/m
  Dp [t1,t2,n]     = [    234.3,     174.6,     111.4] Ns/m     auto
  KR [t1,t2,n]     = [      5.0,       5.0,      50.0] Nm/rad
  DR [t1,t2,n]     = [      1.3,       2.1,       1.3] Nms/rad  auto
  p_c [EE]         = [     -0.0,      80.0,       0.0] mm       commanded in the tool frame
  r_c [t1,t2,n]    = [      0.0,      78.9,     -13.5] mm       p_TCP - p_c, in the plane
setup:     t=  0.0 s | ee=  0.0 deg | F=  0.1 N | M=  0.0 Nm (limit 150.0) | contact= 19.9 mm
setup:     t=  0.2 s | ee=  0.9 deg | F=  1.1 N | M=  0.8 Nm (limit 150.0) | contact=  7.2 mm
setup:     t=  0.4 s | ee=  1.3 deg | F= 12.1 N | M=  0.8 Nm (limit 150.0) | contact=  2.3 mm
setup:     t=  0.6 s | ee=  1.3 deg | F= 15.9 N | M=  0.8 Nm (limit 150.0) | contact=  2.3 mm
setup:     t=  0.8 s | ee=  1.3 deg | F= 21.5 N | M=  0.8 Nm (limit 150.0) | contact=  2.2 mm
setup:     t=  1.0 s | ee=  1.4 deg | F= 27.0 N | M=  0.8 Nm (limit 150.0) | contact=  2.3 mm
setup:     t=  1.2 s | ee=  1.8 deg | F= 32.2 N | M=  1.0 Nm (limit 150.0) | contact=  2.3 mm
setup:     t=  1.4 s | ee=  2.6 deg | F= 36.6 N | M=  0.9 Nm (limit 150.0) | contact=  2.1 mm
setup:     t=  1.6 s | ee=  4.0 deg | F= 41.6 N | M=  0.8 Nm (limit 150.0) | contact=  2.0 mm
setup:     t=  1.8 s | ee=  6.3 deg | F= 44.0 N | M=  0.8 Nm (limit 150.0) | contact=  1.9 mm
setup:     t=  2.0 s | ee=  9.9 deg | F= 43.8 N | M=  0.9 Nm (limit 150.0) | contact=  2.1 mm
setup:     t=  2.2 s | ee= 11.5 deg | F= 52.1 N | M=  4.9 Nm (limit 150.0) | contact=  2.6 mm
setup:     t=  2.4 s | ee= 11.5 deg | F= 57.7 N | M=  4.6 Nm (limit 150.0) | contact=  2.5 mm
setup:     t=  2.6 s | ee= 11.5 deg | F= 63.5 N | M=  4.8 Nm (limit 150.0) | contact=  2.5 mm
setup:     t=  2.8 s | ee= 11.5 deg | F= 69.1 N | M=  5.2 Nm (limit 150.0) | contact=  2.5 mm
setup:     t=  3.0 s | ee= 11.5 deg | F= 74.6 N | M=  5.4 Nm (limit 150.0) | contact=  2.5 mm
setup:     t=  3.2 s | ee= 11.5 deg | F= 80.1 N | M=  5.7 Nm (limit 150.0) | contact=  2.6 mm
setup:     t=  3.4 s | ee= 11.5 deg | F= 75.6 N | M=  5.6 Nm (limit 150.0) | contact=  2.5 mm
setup:     t=  3.6 s | ee= 11.5 deg | F= 75.3 N | M=  5.5 Nm (limit 150.0) | contact=  2.5 mm
setup:     t=  3.8 s | ee= 11.5 deg | F= 75.3 N | M=  5.5 Nm (limit 150.0) | contact=  2.5 mm
setup:     t=  4.0 s | ee= 11.5 deg | F= 75.2 N | M=  5.5 Nm (limit 150.0) | contact=  2.5 mm
setup:     t=  4.2 s | ee= 11.5 deg | F= 75.2 N | M=  5.5 Nm (limit 150.0) | contact=  2.5 mm
setup:     t=  4.4 s | ee= 11.5 deg | F= 75.2 N | M=  5.5 Nm (limit 150.0) | contact=  2.5 mm
setup:     t=  4.6 s | ee= 11.5 deg | F= 75.1 N | M=  5.5 Nm (limit 150.0) | contact=  2.5 mm
setup:     t=  4.8 s | ee= 11.5 deg | F= 75.1 N | M=  5.5 Nm (limit 150.0) | contact=  2.5 mm

==============================================================================
  SETUP RESULT
==============================================================================
  stop: time | t=5.0 s | ee=11.5 deg | F=75.0 N | M_TCP=5.5 Nm
  contact_from_start = [-1.8, +1.8, +0.2] mm | norm=2.5 mm
  tcp_from_contact  = [-20.4, -58.3, +21.1] mm | norm=65.3 mm
  deviation: before=9.36 deg | after=2.36 deg | gain=+6.99 deg
  t_align: not reached | tolerance=2.00 deg | hold=0.30 s
  deviation components [t1,t2,n] deg: before=[+9.34,-0.62,+0.00] | after=[-2.19,-0.89,+0.00]

-- setup surface-frame breakdown ---------------------------------------------
  frame              alignment-target [tangent1, tangent2, normal]
  force        [N]      = [    +3.31,     +5.87,    -74.73]
  tcp_disp     [mm]     = [    -1.48,     -3.23,    -31.44]
  contact_disp [mm]     = [    -1.76,     +1.82,     +0.18]
  Kp_eff=F/tcp [N/m]    = [  -2228.4,   -1820.0,    2376.6]
  M_contact    [Nm]     = [    +9.84,     -0.40,     +0.08]
  ee_angle     [deg]    = [   -11.53,     -0.29,     -0.15]
  KR_eff=M/ang [Nm/rad] = [    -48.9,      79.1,     -31.2]
  frame              tool face [length, width, tool axis]
  M_contact    [Nm]     = [    +0.42,     -9.84,     -0.25]

-- center of compliance ------------------------------------------------------
  definition         r_c = p_TCP - p_c
  p_TCP [x,y,z]    = [    513.6,      -5.0,      19.4] mm
  p_c [EE]         = [      0.0,      80.0,      -0.0] mm
  r_c [t1,t2,n]    = [     -0.2,      80.0,       2.5] mm
                     p_c resolved at end of setup

-- effective TCP impedance ---------------------------------------------------
  K_TCP translation = [   1999.5,    1998.7,     351.8] N/m
  K_TCP rotation   = [      7.3,       5.0,      62.7] Nm/rad
  commanded KR was = [      5.0,       5.0,      50.0] Nm/rad   including lever contribution
  D_TCP translation = [    234.3,     174.5,     111.4] Ns/m
  D_TCP rotation   = [      2.0,       2.0,       2.8] Nms/rad
  coupling           max |moment per unit translation| = 160.0 Nm/m (K), 18.7 Nms/m (D)
  eigenvalues        K_TCP 4.97 .. 2013 | D_TCP 1.26 .. 236  (both positive: valid springs)

  K_TCP [N/m, Nm/rad | rows fx..mz, cols tx..rz]:
           tx        ty        tz    |    rx        ry        rz
  fx [    2000  -0.7871   -28.44 |    2.275  -0.6211      160 ]
  fy [ -0.7871     1999   -45.62 |    4.275 0.007505   0.2551 ]
  fz [  -28.44   -45.62    351.8 |   -28.15 -0.04707   -2.282 ]
     ---------------------------+---------------------------
  mx [   2.275    4.275   -28.15 |    7.267  0.02523   0.9583 ]
  my [ -0.6211 0.007505 -0.04707 |  0.02523    5.035    1.194 ]
  mz [     160   0.2551   -2.282 |   0.9583    1.194    62.75 ]

  D_TCP [Ns/m, Nms/rad]:
           tx        ty        tz    |    rx        ry        rz
  fx [   234.3 -0.05867    -2.12 |   0.1695 -0.07298    18.74 ]
  fy [-0.05867    174.5   -1.747 |   0.1944 0.0002964  0.02308 ]
  fz [   -2.12   -1.747    111.4 |   -8.915 -0.01707  -0.1698 ]
     ---------------------------+---------------------------
  mx [  0.1695   0.1944   -8.915 |    1.982  0.00139  0.01448 ]
  my [-0.07298 0.0002964 -0.01707 |  0.00139     2.05 -0.02602 ]
  mz [   18.74  0.02308  -0.1698 |  0.01448 -0.02602     2.82 ]

[GATE] Set up finished (still pressing). Press Enter to start the grind (e+Enter stops).

Stop requested with e + Enter. Finishing control loop...

-- joint motion [deg] --------------------------------------------------------
  joint       start    final    delta
  q1            0.8     -9.9    -10.7
  q2           12.1     30.1    +18.0
  q3           -0.5      8.0     +8.6
  q4         -130.9   -129.9     +1.0
  q5           -0.2     -9.8     -9.6
  q6          142.9    156.0    +13.2
  q7           44.7     51.2     +6.4

==============================================================================
  FINAL RESULT
==============================================================================
  p_d              = [    511.2,      -8.1,    -209.1] mm
  p_EE             = [    513.7,      -5.0,      19.4] mm
  e_p              = [     -2.5,      -3.1,    -228.5] mm
  e_R              = [   -11.53,     -0.29,      0.06] deg
------------------------------------------------------------------------------
  position error     228.57 mm
  rotation error     11.53 deg
  csv                logs/surface_grinding_controller_log.csv
------------------------------------------------------------------------------
