
==============================================================================
  SURFACE GRINDING CONTROLLER
==============================================================================
  robot              172.16.0.2
  parameters         /home/hm-panda/Desktop/Thesis_Final_Control/surface_grinding_controller/params
------------------------------------------------------------------------------

==============================================================================
  SURFACE GRINDING CONTROLLER - STARTUP MENU
==============================================================================

-- RUN MODES -----------------------------------------------------------------
  s      Run orientation, approach, setup, and grinding
  h      Cartesian pose hold at the initial posture
  t      Cartesian pose hold with the setup impedance
  g      Start manual guidance from the current robot pose

-- ROBOT PREPARATION ---------------------------------------------------------
  i      Move to the configured initial joint posture

-- GRIPPER AND TOOL ----------------------------------------------------------
  o      Open the gripper
  c      Grasp the tool
  r      Recalibrate the gripper with empty fingers
  f      Pick up the tool from the holder
  b      Return the tool to the holder

-- PROGRAM -------------------------------------------------------------------
  e      Exit
------------------------------------------------------------------------------
  During control: e = stop | m = startup menu | g = guidance
------------------------------------------------------------------------------
Selection [s/h/t/g/i/o/c/r/f/b/e]: 
-- SELECTED MODE: PHASE SEQUENCE ---------------------------------------------

-- moving to q_init ----------------------------------------------------------
  case               saved_qinit
  q1..q7 [deg]     = [0.8, 12.1, -0.5, -130.9, -0.2, 142.9, 44.7] deg
  saved_qinit = [0.014777, 0.210911, -0.009320, -2.284835, -0.002725, 2.493410, 0.780694] rad
  q_init reached.

-- start pose ----------------------------------------------------------------
  q_start          = [0.9, 12.1, -0.5, -130.9, -0.1, 142.9, 44.7] deg
  p_start          = [    531.4,       2.5,     156.9] mm

==============================================================================
  RUN
==============================================================================

-- phase: approach_orient ----------------------------------------------------
  Kp [t1,t2,n]     = [    150.0,     150.0,     150.0] N/m
  Dp [t1,t2,n]     = [    133.7,      94.2,     128.3] Ns/m     auto (factor 1.90)
  KR [t1,t2,n]     = [    180.0,     180.0,      90.0] Nm/rad
  DR [t1,t2,n]     = [     15.3,      25.0,       2.0] Nms/rad  auto (factor 1.90)
orient:     t=  0.0 s | axis_err=  8.5 deg | spin_err=  0.5 deg
orient:     t=  0.2 s | axis_err=  7.3 deg | spin_err=  0.3 deg
orient:     t=  0.4 s | axis_err=  3.3 deg | spin_err=  0.2 deg
orient:     t=  0.6 s | axis_err=  1.0 deg | spin_err=  0.3 deg
orient:     t=  0.8 s | axis_err=  0.9 deg | spin_err=  0.3 deg

Orientation reached: axis_err=0.8 deg | spin_err=0.3 deg

-- phase: approach_descend ---------------------------------------------------
  Kp [t1,t2,n]     = [    150.0,     150.0,     150.0] N/m
  Dp [t1,t2,n]     = [    133.7,      94.2,     128.3] Ns/m     auto (factor 1.90)
  KR [t1,t2,n]     = [    180.0,     180.0,      90.0] Nm/rad
  DR [t1,t2,n]     = [     15.3,      25.0,       2.0] Nms/rad  auto (factor 1.90)
  descend to         20 mm clearance at 0.100 m/s
descend:    t=  0.0 s | distance=   0.1 mm | height=+121.7 mm (target 20.0) | force= -0.0 N
descend:    t=  0.2 s | distance=  20.2 mm | height=+110.7 mm (target 20.0) | force=  2.0 N
descend:    t=  0.4 s | distance=  40.3 mm | height= +95.8 mm (target 20.0) | force=  2.1 N
descend:    t=  0.6 s | distance=  60.4 mm | height= +79.6 mm (target 20.0) | force=  2.2 N
descend:    t=  0.8 s | distance=  80.5 mm | height= +62.4 mm (target 20.0) | force=  2.4 N
descend:    t=  1.0 s | distance= 100.6 mm | height= +45.6 mm (target 20.0) | force=  3.6 N
descend:    t=  1.2 s | distance= 120.7 mm | height= +28.4 mm (target 20.0) | force=  3.2 N

Clearance reached: distance=130.8 mm | height=20.0 mm | target=20.0 mm | force=2.0 N
  offset_ee        = [     20.0,      60.0,      20.0] mm
  p_EE_at_contact  = [    517.1,       1.7,      49.8] mm
  contact_point    = [    535.5,     -55.8,       1.3] mm
  edge_offset      = [     18.4,     -57.4,     -48.5] mm

-- phase: setup --------------------------------------------------------------

-- setup impedance -----------------------------------------------------------
  law                wrench = K_TCP*dx + D_TCP*dv
                     K_TCP  = Ad(r_c)^T * blkdiag(Kp,KR) * Ad(r_c)
  Kp [t1,t2,n]     = [   2000.0,    2000.0,     350.0] N/m
  Dp [t1,t2,n]     = [    231.2,     178.0,     112.1] Ns/m     auto
  KR [t1,t2,n]     = [      5.0,       5.0,      50.0] Nm/rad
  DR [t1,t2,n]     = [      1.5,       1.9,       1.2] Nms/rad  auto
  p_c [EE]         = [     -0.0,      -0.0,      60.0] mm       commanded in the tool frame
  r_c [t1,t2,n]    = [      2.1,      -9.3,      59.2] mm       p_TCP - p_c, in the plane
setup:     t=  0.0 s | tip=  0.0 deg | F=  0.0 N | M=  0.0 Nm (limit 150.0) | contact= 19.9 mm
setup:     t=  0.2 s | tip=  0.7 deg | F=  1.5 N | M=  1.0 Nm (limit 150.0) | contact=  7.5 mm
setup:     t=  0.4 s | tip=  1.3 deg | F= 17.6 N | M=  9.3 Nm (limit 150.0) | contact=  2.6 mm
setup:     t=  0.6 s | tip=  1.3 deg | F= 15.6 N | M=  8.7 Nm (limit 150.0) | contact=  2.6 mm
setup:     t=  0.8 s | tip=  1.3 deg | F= 21.4 N | M= 11.7 Nm (limit 150.0) | contact=  2.8 mm
setup:     t=  1.0 s | tip=  1.3 deg | F= 26.9 N | M= 14.5 Nm (limit 150.0) | contact=  2.9 mm
setup:     t=  1.2 s | tip=  1.4 deg | F= 32.7 N | M= 17.5 Nm (limit 150.0) | contact=  3.1 mm
setup:     t=  1.4 s | tip=  1.4 deg | F= 38.6 N | M= 20.5 Nm (limit 150.0) | contact=  3.3 mm
setup:     t=  1.6 s | tip=  1.4 deg | F= 43.9 N | M= 23.2 Nm (limit 150.0) | contact=  3.4 mm
setup:     t=  1.8 s | tip=  1.4 deg | F= 50.1 N | M= 26.3 Nm (limit 150.0) | contact=  3.6 mm
setup:     t=  2.0 s | tip=  1.6 deg | F= 55.2 N | M= 29.0 Nm (limit 150.0) | contact=  3.7 mm
setup:     t=  2.2 s | tip=  1.9 deg | F= 59.6 N | M= 31.2 Nm (limit 150.0) | contact=  3.9 mm
setup:     t=  2.4 s | tip=  2.5 deg | F= 66.2 N | M= 34.7 Nm (limit 150.0) | contact=  3.9 mm
setup:     t=  2.6 s | tip=  4.1 deg | F= 69.4 N | M= 36.3 Nm (limit 150.0) | contact=  3.9 mm
setup:     t=  2.8 s | tip=  6.4 deg | F= 72.6 N | M= 38.2 Nm (limit 150.0) | contact=  4.5 mm
setup:     t=  3.0 s | tip=  7.7 deg | F= 80.7 N | M= 42.7 Nm (limit 150.0) | contact=  4.5 mm
setup:     t=  3.2 s | tip=  7.7 deg | F= 84.9 N | M= 44.9 Nm (limit 150.0) | contact=  4.6 mm
setup:     t=  3.4 s | tip=  7.7 deg | F= 80.1 N | M= 42.5 Nm (limit 150.0) | contact=  4.5 mm
setup:     t=  3.6 s | tip=  7.7 deg | F= 80.0 N | M= 42.4 Nm (limit 150.0) | contact=  4.5 mm
setup:     t=  3.8 s | tip=  7.7 deg | F= 79.7 N | M= 42.2 Nm (limit 150.0) | contact=  4.5 mm
setup:     t=  4.0 s | tip=  7.7 deg | F= 79.7 N | M= 42.3 Nm (limit 150.0) | contact=  4.5 mm
setup:     t=  4.2 s | tip=  7.7 deg | F= 79.7 N | M= 42.3 Nm (limit 150.0) | contact=  4.5 mm
setup:     t=  4.4 s | tip=  7.7 deg | F= 79.6 N | M= 42.3 Nm (limit 150.0) | contact=  4.5 mm
setup:     t=  4.6 s | tip=  7.7 deg | F= 79.6 N | M= 42.2 Nm (limit 150.0) | contact=  4.5 mm
setup:     t=  4.8 s | tip=  7.7 deg | F= 79.6 N | M= 42.2 Nm (limit 150.0) | contact=  4.5 mm

==============================================================================
  SETUP RESULT
==============================================================================
  stop: time | t=5.0 s | tip=7.7 deg | F=79.5 N | M=42.2 Nm
  contact_from_start = [-0.4, +2.3, -3.9] mm | norm=4.5 mm
  tcp_from_contact  = [-18.5, +62.6, +17.2] mm | norm=67.5 mm
  alignment: before=9.33 deg | after=2.18 deg | gain=+7.14 deg
  alignment components [t1,t2,n] deg: before=[-9.31,-0.46,+0.00] | after=[-1.73,-1.34,-0.00]

-- setup surface-frame breakdown ---------------------------------------------
  frame              alignment-target [tangent1, tangent2, normal]
  force        [N]      = [    +2.07,     +4.68,    -79.38]
  tcp_disp     [mm]     = [    +0.46,     +6.03,    -31.15]
  contact_disp [mm]     = [    -0.33,     +2.45,     -3.80]
  Kp_eff=F/tcp [N/m]    = [   4470.6,     776.5,    2548.6]
  M_contact    [Nm]     = [    -6.11,    +40.68,     +2.31]
  tip_angle    [deg]    = [    +7.60,     -0.91,     +0.38]
  KR_eff=M/ang [Nm/rad] = [    -46.1,   -2549.5,     351.1]
  frame              tool face [length, width, tool axis]
  M_contact    [Nm]     = [   -40.67,     +6.48,     -0.95]

-- center of compliance ------------------------------------------------------
  definition         r_c = p_TCP - p_c
  p_TCP [x,y,z]    = [    517.0,       6.8,      18.5] mm
  p_c [EE]         = [      0.0,      -0.0,      60.0] mm
  r_c [t1,t2,n]    = [      3.0,      -1.4,      59.9] mm
                     p_c resolved at end of setup

-- effective TCP impedance ---------------------------------------------------
  K_TCP translation = [   1999.5,    1998.7,     351.8] N/m
  K_TCP rotation   = [     12.2,      12.2,      50.0] Nm/rad
  commanded KR was = [      5.0,       5.0,      50.0] Nm/rad   including lever contribution
  D_TCP translation = [    231.2,     178.0,     112.2] Ns/m
  D_TCP rotation   = [      2.1,       2.7,       1.2] Nms/rad
  coupling           max |moment per unit translation| = 119.8 Nm/m (K), 13.8 Nms/m (D)
  eigenvalues        K_TCP 4.98 .. 2007 | D_TCP 1.20 .. 232  (both positive: valid springs)

  K_TCP [N/m, Nm/rad | rows fx..mz, cols tx..rz]:
           tx        ty        tz    |    rx        ry        rz
  fx [    2000  -0.7871   -28.44 | -0.04033   -119.8   0.4807 ]
  fy [ -0.7871     1999   -45.62 |    119.7  -0.1361   -8.028 ]
  fz [  -28.44   -45.62    351.8 |   -2.815    3.115   0.1764 ]
     ---------------------------+---------------------------
  mx [-0.04033    119.7   -2.815 |    12.18  0.01257   0.2949 ]
  my [  -119.8  -0.1361    3.115 |  0.01257    12.22    1.216 ]
  mz [  0.4807   -8.028   0.1764 |   0.2949    1.216    49.98 ]

  D_TCP [Ns/m, Nms/rad]:
           tx        ty        tz    |    rx        ry        rz
  fx [   231.2 -0.05683   -2.053 | -0.002912   -13.85  0.05544 ]
  fy [-0.05683      178   -1.824 |    10.66 -0.003922  -0.7149 ]
  fz [  -2.053   -1.824    112.2 |   -0.136   0.5734 0.006834 ]
     ---------------------------+---------------------------
  mx [-0.002912    10.66   -0.136 |    2.128 -0.0005077 -0.04771 ]
  my [  -13.85 -0.003922   0.5734 | -0.0005077    2.728 -0.02243 ]
  mz [ 0.05544  -0.7149 0.006834 | -0.04771 -0.02243    1.208 ]

[GATE] Set up finished (still pressing). Press Enter to start the grind (e+Enter stops).

Stop requested with e + Enter. Finishing control loop...

-- joint motion [deg] --------------------------------------------------------
  joint       start    final    delta
  q1            0.9      5.9     +5.0
  q2           12.1     30.4    +18.2
  q3           -0.5     -4.5     -3.9
  q4         -130.9   -129.0     +1.9
  q5           -0.1      5.2     +5.3
  q6          142.9    155.4    +12.5
  q7           44.7     42.7     -2.0

==============================================================================
  FINAL RESULT
==============================================================================
  p_d              = [    512.6,      -5.5,    -210.0] mm
  p_EE             = [    517.0,       6.8,      18.5] mm
  e_p              = [     -4.4,     -12.4,    -228.5] mm
  e_R              = [     7.60,     -0.91,      0.27] deg
------------------------------------------------------------------------------
  position error     228.90 mm
  rotation error     7.66 deg
  csv                logs/surface_grinding_controller_log.csv
------------------------------------------------------------------------------
