
==============================================================================
  SURFACE GRINDING CONTROLLER
==============================================================================
  robot              172.16.0.2
  parameters         /home/hm-panda/Desktop/Thesis_Final_Control/surface_grinding_controller/params
------------------------------------------------------------------------------

==============================================================================
  SURFACE GRINDING CONTROLLER - STARTUP MENU
==============================================================================

-- RUN MODES -----------------------------------------------------------------
  s      Run orientation, approach, setup, and grinding
  h      Cartesian pose hold at the initial posture
  t      Cartesian pose hold with the setup impedance
  g      Start manual guidance from the current robot pose

-- ROBOT PREPARATION ---------------------------------------------------------
  i      Move to the configured initial joint posture

-- GRIPPER AND TOOL ----------------------------------------------------------
  o      Open the gripper
  c      Grasp the tool
  r      Recalibrate the gripper with empty fingers
  f      Pick up the tool from the holder
  b      Return the tool to the holder

-- PROGRAM -------------------------------------------------------------------
  e      Exit
------------------------------------------------------------------------------
  During control: e = stop | m = startup menu | g = guidance
------------------------------------------------------------------------------
Selection [s/h/t/g/i/o/c/r/f/b/e]: 
-- SELECTED MODE: PHASE SEQUENCE ---------------------------------------------

-- moving to q_init ----------------------------------------------------------
  case               saved_qinit
  q1..q7 [deg]     = [0.8, 12.1, -0.5, -130.9, -0.2, 142.9, 44.7] deg
  saved_qinit = [0.014777, 0.210911, -0.009320, -2.284835, -0.002725, 2.493410, 0.780694] rad
  q_init reached.

-- start pose ----------------------------------------------------------------
  q_start          = [0.8, 12.1, -0.5, -130.9, -0.1, 142.9, 44.7] deg
  p_start          = [    531.3,       2.4,     156.8] mm

==============================================================================
  RUN
==============================================================================

-- phase: approach_orient ----------------------------------------------------
  Kp [t1,t2,n]     = [    150.0,     150.0,     150.0] N/m
  Dp [t1,t2,n]     = [    133.7,      94.2,     128.3] Ns/m     auto (factor 1.90)
  KR [t1,t2,n]     = [    180.0,     180.0,      90.0] Nm/rad
  DR [t1,t2,n]     = [     15.3,      25.0,       2.0] Nms/rad  auto (factor 1.90)
orient:     t=  0.0 s | axis_err=  8.5 deg | spin_err=  0.5 deg
orient:     t=  0.2 s | axis_err=  7.2 deg | spin_err=  0.2 deg
orient:     t=  0.4 s | axis_err=  3.3 deg | spin_err=  0.2 deg
orient:     t=  0.6 s | axis_err=  1.0 deg | spin_err=  0.2 deg
orient:     t=  0.8 s | axis_err=  0.8 deg | spin_err=  0.2 deg

Orientation reached: axis_err=0.8 deg | spin_err=0.2 deg

-- phase: approach_descend ---------------------------------------------------
  Kp [t1,t2,n]     = [    150.0,     150.0,     150.0] N/m
  Dp [t1,t2,n]     = [    133.7,      94.2,     128.3] Ns/m     auto (factor 1.90)
  KR [t1,t2,n]     = [    180.0,     180.0,      90.0] Nm/rad
  DR [t1,t2,n]     = [     15.3,      25.0,       2.0] Nms/rad  auto (factor 1.90)
  descend to         20 mm clearance at 0.100 m/s
descend:    t=  0.0 s | distance=   0.1 mm | height=+121.9 mm (target 20.0) | force=  0.0 N
descend:    t=  0.2 s | distance=  20.2 mm | height=+111.0 mm (target 20.0) | force=  1.4 N
descend:    t=  0.4 s | distance=  40.3 mm | height= +96.1 mm (target 20.0) | force=  2.6 N
descend:    t=  0.6 s | distance=  60.4 mm | height= +80.2 mm (target 20.0) | force=  2.6 N
descend:    t=  0.8 s | distance=  80.5 mm | height= +63.6 mm (target 20.0) | force=  2.9 N
descend:    t=  1.0 s | distance= 100.6 mm | height= +47.1 mm (target 20.0) | force=  3.4 N
descend:    t=  1.2 s | distance= 120.7 mm | height= +30.2 mm (target 20.0) | force=  2.0 N

Clearance reached: distance=133.0 mm | height=19.9 mm | target=20.0 mm | force=1.8 N
  offset_ee        = [     20.0,      60.0,      20.0] mm
  p_EE_at_contact  = [    517.4,       1.2,      49.8] mm
  contact_point    = [    535.8,     -56.2,       1.3] mm
  edge_offset      = [     18.4,     -57.4,     -48.5] mm

-- phase: setup --------------------------------------------------------------

-- setup impedance -----------------------------------------------------------
  law                wrench = K_TCP*dx + D_TCP*dv
                     K_TCP  = Ad(r_c)^T * blkdiag(Kp,KR) * Ad(r_c)
  Kp [t1,t2,n]     = [   2000.0,    2000.0,     350.0] N/m
  Dp [t1,t2,n]     = [    231.3,     178.0,     112.0] Ns/m     auto
  KR [t1,t2,n]     = [      5.0,       5.0,      50.0] Nm/rad
  DR [t1,t2,n]     = [      1.5,       1.9,       1.2] Nms/rad  auto
  p_c [EE]         = [     -0.0,      80.0,      -0.0] mm       commanded in the tool frame
  r_c [t1,t2,n]    = [      0.0,      79.0,      12.4] mm       p_TCP - p_c, in the plane
setup:     t=  0.0 s | ee=  0.0 deg | F=  0.1 N | M=  0.0 Nm (limit 150.0) | contact= 19.9 mm
setup:     t=  0.2 s | ee=  1.0 deg | F=  1.1 N | M=  0.5 Nm (limit 150.0) | contact=  7.3 mm
setup:     t=  0.4 s | ee=  1.6 deg | F= 19.7 N | M=  1.0 Nm (limit 150.0) | contact=  2.9 mm
setup:     t=  0.6 s | ee=  1.6 deg | F= 16.0 N | M=  0.9 Nm (limit 150.0) | contact=  3.0 mm
setup:     t=  0.8 s | ee=  1.6 deg | F= 22.2 N | M=  1.0 Nm (limit 150.0) | contact=  3.1 mm
setup:     t=  1.0 s | ee=  1.6 deg | F= 27.4 N | M=  1.2 Nm (limit 150.0) | contact=  3.2 mm
setup:     t=  1.2 s | ee=  1.6 deg | F= 33.0 N | M=  1.4 Nm (limit 150.0) | contact=  3.4 mm
setup:     t=  1.4 s | ee=  1.6 deg | F= 38.3 N | M=  1.7 Nm (limit 150.0) | contact=  3.6 mm
setup:     t=  1.6 s | ee=  1.7 deg | F= 44.4 N | M=  2.0 Nm (limit 150.0) | contact=  3.8 mm
setup:     t=  1.8 s | ee=  1.7 deg | F= 50.0 N | M=  2.4 Nm (limit 150.0) | contact=  3.9 mm
setup:     t=  2.0 s | ee=  1.7 deg | F= 55.5 N | M=  2.8 Nm (limit 150.0) | contact=  4.1 mm
setup:     t=  2.2 s | ee=  1.7 deg | F= 60.7 N | M=  3.0 Nm (limit 150.0) | contact=  4.3 mm
setup:     t=  2.4 s | ee=  1.7 deg | F= 65.9 N | M=  3.4 Nm (limit 150.0) | contact=  4.5 mm
setup:     t=  2.6 s | ee=  1.7 deg | F= 71.4 N | M=  3.7 Nm (limit 150.0) | contact=  4.6 mm
setup:     t=  2.8 s | ee=  1.7 deg | F= 76.7 N | M=  4.0 Nm (limit 150.0) | contact=  4.8 mm
setup:     t=  3.0 s | ee=  1.7 deg | F= 82.4 N | M=  4.4 Nm (limit 150.0) | contact=  5.0 mm
setup:     t=  3.2 s | ee=  1.7 deg | F= 88.0 N | M=  4.7 Nm (limit 150.0) | contact=  5.1 mm
setup:     t=  3.4 s | ee=  1.7 deg | F= 82.7 N | M=  4.3 Nm (limit 150.0) | contact=  5.0 mm
setup:     t=  3.6 s | ee=  1.7 deg | F= 82.5 N | M=  4.3 Nm (limit 150.0) | contact=  5.0 mm
setup:     t=  3.8 s | ee=  1.7 deg | F= 82.5 N | M=  4.3 Nm (limit 150.0) | contact=  5.0 mm
setup:     t=  4.0 s | ee=  1.7 deg | F= 82.4 N | M=  4.3 Nm (limit 150.0) | contact=  5.0 mm
setup:     t=  4.2 s | ee=  1.7 deg | F= 82.4 N | M=  4.3 Nm (limit 150.0) | contact=  5.0 mm
setup:     t=  4.4 s | ee=  1.7 deg | F= 82.4 N | M=  4.3 Nm (limit 150.0) | contact=  5.0 mm
setup:     t=  4.6 s | ee=  1.7 deg | F= 82.4 N | M=  4.3 Nm (limit 150.0) | contact=  5.0 mm
setup:     t=  4.8 s | ee=  1.7 deg | F= 82.3 N | M=  4.3 Nm (limit 150.0) | contact=  5.0 mm

==============================================================================
  SETUP RESULT
==============================================================================
  stop: time | t=5.0 s | ee=1.7 deg | F=82.3 N | M_TCP=4.3 Nm
  contact_from_start = [-2.7, +0.4, -4.2] mm | norm=5.0 mm
  tcp_from_contact  = [-20.8, +57.2, +24.9] mm | norm=65.8 mm
  deviation: before=9.32 deg | after=9.61 deg | gain=-0.29 deg
  t_align: not reached | tolerance=2.00 deg | hold=0.30 s
  deviation components [t1,t2,n] deg: before=[-9.30,-0.51,+0.00] | after=[-9.35,-2.25,+0.00]

-- setup surface-frame breakdown ---------------------------------------------
  frame              alignment-target [tangent1, tangent2, normal]
  force        [N]      = [    +4.39,     -0.20,    -82.20]
  tcp_disp     [mm]     = [    -1.99,     +0.42,    -23.60]
  contact_disp [mm]     = [    -2.59,     +0.54,     -4.26]
  Kp_eff=F/tcp [N/m]    = [  -2210.1,    -481.8,    3482.6]
  M_contact    [Nm]     = [    -0.43,     -0.28,     -0.04]
  ee_angle     [deg]    = [    -0.05,     -1.70,     -0.30]
  KR_eff=M/ang [Nm/rad] = [    529.7,       9.3,       8.4]
  frame              tool face [length, width, tool axis]
  M_contact    [Nm]     = [    +0.28,     +0.43,     +0.01]

-- center of compliance ------------------------------------------------------
  definition         r_c = p_TCP - p_c
  p_TCP [x,y,z]    = [    515.0,       1.0,      26.2] mm
  p_c [EE]         = [      0.0,      80.0,       0.0] mm
  r_c [t1,t2,n]    = [     -0.0,      79.0,      12.5] mm
                     p_c resolved at end of setup

-- effective TCP impedance ---------------------------------------------------
  K_TCP translation = [   1999.5,    1998.7,     351.8] N/m
  K_TCP rotation   = [      7.5,       5.2,      62.5] Nm/rad
  commanded KR was = [      5.0,       5.0,      50.0] Nm/rad   including lever contribution
  D_TCP translation = [    231.2,     178.0,     112.1] Ns/m
  D_TCP rotation   = [      2.2,       1.9,       2.7] Nms/rad
  coupling           max |moment per unit translation| = 158.6 Nm/m (K), 18.3 Nms/m (D)
  eigenvalues        K_TCP 4.97 .. 2013 | D_TCP 1.20 .. 233  (both positive: valid springs)

  K_TCP [N/m, Nm/rad | rows fx..mz, cols tx..rz]:
           tx        ty        tz    |    rx        ry        rz
  fx [    2000  -0.7871   -28.44 |    2.248   -20.56    158.6 ]
  fy [ -0.7871     1999   -45.62 |    24.16 -0.001192  -0.4691 ]
  fz [  -28.44   -45.62    351.8 |   -28.38   0.3638   -2.247 ]
     ---------------------------+---------------------------
  mx [   2.248    24.16   -28.38 |    7.513 -0.007411    0.949 ]
  my [  -20.56 -0.001192   0.3638 | -0.007411    5.246  -0.3866 ]
  mz [   158.6  -0.4691   -2.247 |    0.949  -0.3866    62.54 ]

  D_TCP [Ns/m, Nms/rad]:
           tx        ty        tz    |    rx        ry        rz
  fx [   231.2 -0.05688   -2.055 |   0.1625   -2.377    18.34 ]
  fy [-0.05688      178   -1.825 |    1.974 0.0002133 -0.04073 ]
  fz [  -2.055   -1.825    112.1 |   -8.913  0.04393  -0.1627 ]
     ---------------------------+---------------------------
  mx [  0.1625    1.974   -8.913 |    2.216 -0.003619 0.007582 ]
  my [  -2.377 0.0002133  0.04393 | -0.003619    1.923  -0.2078 ]
  mz [   18.34 -0.04073  -0.1627 | 0.007582  -0.2078     2.66 ]

[GATE] Set up finished (still pressing). Press Enter to start the grind (e+Enter stops).

Stop requested with e + Enter. Finishing control loop...

-- joint motion [deg] --------------------------------------------------------
  joint       start    final    delta
  q1            0.8      0.7     -0.2
  q2           12.1     29.2    +17.1
  q3           -0.5     -1.1     -0.5
  q4         -130.9   -128.5     +2.4
  q5           -0.1     16.9    +17.0
  q6          142.9    151.9     +9.0
  q7           44.7     29.2    -15.5

==============================================================================
  FINAL RESULT
==============================================================================
  p_d              = [    512.9,      -6.0,    -210.0] mm
  p_EE             = [    515.0,       1.0,      26.2] mm
  e_p              = [     -2.1,      -7.0,    -236.2] mm
  e_R              = [    -0.05,     -1.71,     -0.25] deg
------------------------------------------------------------------------------
  position error     236.35 mm
  rotation error     1.73 deg
  csv                logs/surface_grinding_controller_log.csv
------------------------------------------------------------------------------
