
==============================================================================
  SURFACE GRINDING CONTROLLER
==============================================================================
  robot              172.16.0.2
  parameters         /home/hm-panda/Desktop/Thesis_Final_Control/surface_grinding_controller/params
------------------------------------------------------------------------------

==============================================================================
  SURFACE GRINDING CONTROLLER - STARTUP MENU
==============================================================================

-- RUN MODES -----------------------------------------------------------------
  s      Run orientation, approach, setup, and grinding
  h      Cartesian pose hold at the initial posture
  t      Cartesian pose hold with the setup impedance
  g      Start manual guidance from the current robot pose

-- ROBOT PREPARATION ---------------------------------------------------------
  i      Move to the configured initial joint posture

-- GRIPPER AND TOOL ----------------------------------------------------------
  o      Open the gripper
  c      Grasp the tool
  r      Recalibrate the gripper with empty fingers
  f      Pick up the tool from the holder
  b      Return the tool to the holder

-- PROGRAM -------------------------------------------------------------------
  e      Exit
------------------------------------------------------------------------------
  During control: e = stop | m = startup menu | g = guidance
------------------------------------------------------------------------------
Selection [s/h/t/g/i/o/c/r/f/b/e]: 
-- SELECTED MODE: PHASE SEQUENCE ---------------------------------------------

-- moving to q_init ----------------------------------------------------------
  case               saved_qinit
  q1..q7 [deg]     = [0.8, 12.1, -0.5, -130.9, -0.2, 142.9, 44.7] deg
  saved_qinit = [0.014777, 0.210911, -0.009320, -2.284835, -0.002725, 2.493410, 0.780694] rad
  q_init reached.

-- start pose ----------------------------------------------------------------
  q_start          = [0.9, 12.1, -0.5, -130.9, -0.1, 142.9, 44.7] deg
  p_start          = [    531.4,       2.5,     156.8] mm

==============================================================================
  RUN
==============================================================================

-- phase: approach_orient ----------------------------------------------------
  Kp [t1,t2,n]     = [    150.0,     150.0,     150.0] N/m
  Dp [t1,t2,n]     = [    133.7,      94.2,     128.3] Ns/m     auto (factor 1.90)
  KR [t1,t2,n]     = [    180.0,     180.0,      90.0] Nm/rad
  DR [t1,t2,n]     = [     15.3,      25.0,       2.0] Nms/rad  auto (factor 1.90)
orient:     t=  0.0 s | axis_err= 12.0 deg | spin_err=  0.9 deg
orient:     t=  0.2 s | axis_err= 10.6 deg | spin_err=  1.0 deg
orient:     t=  0.4 s | axis_err=  6.8 deg | spin_err=  0.6 deg
orient:     t=  0.6 s | axis_err=  2.8 deg | spin_err=  0.3 deg
orient:     t=  0.8 s | axis_err=  1.1 deg | spin_err=  0.2 deg
orient:     t=  1.0 s | axis_err=  1.0 deg | spin_err=  0.2 deg
orient:     t=  1.2 s | axis_err=  0.9 deg | spin_err=  0.2 deg
orient:     t=  1.4 s | axis_err=  0.9 deg | spin_err=  0.2 deg
orient:     t=  1.6 s | axis_err=  0.9 deg | spin_err=  0.2 deg
orient:     t=  1.8 s | axis_err=  0.9 deg | spin_err=  0.2 deg
orient:     t=  2.0 s | axis_err=  0.9 deg | spin_err=  0.2 deg
orient:     t=  2.2 s | axis_err=  0.9 deg | spin_err=  0.2 deg
orient:     t=  2.4 s | axis_err=  0.9 deg | spin_err=  0.2 deg
orient:     t=  2.6 s | axis_err=  0.9 deg | spin_err=  0.2 deg
orient:     t=  2.8 s | axis_err=  0.9 deg | spin_err=  0.2 deg
orient:     t=  3.0 s | axis_err=  0.9 deg | spin_err=  0.2 deg
orient:     t=  3.2 s | axis_err=  0.9 deg | spin_err=  0.2 deg
orient:     t=  3.4 s | axis_err=  0.9 deg | spin_err=  0.2 deg
orient:     t=  3.6 s | axis_err=  0.9 deg | spin_err=  0.2 deg
orient:     t=  3.8 s | axis_err=  0.9 deg | spin_err=  0.2 deg
orient:     t=  4.0 s | axis_err=  0.9 deg | spin_err=  0.2 deg
orient:     t=  4.2 s | axis_err=  0.9 deg | spin_err=  0.2 deg
orient:     t=  4.4 s | axis_err=  0.9 deg | spin_err=  0.2 deg
orient:     t=  4.6 s | axis_err=  0.9 deg | spin_err=  0.2 deg
orient:     t=  4.8 s | axis_err=  0.9 deg | spin_err=  0.2 deg
orient:     t=  5.0 s | axis_err=  0.9 deg | spin_err=  0.2 deg
orient:     t=  5.2 s | axis_err=  0.9 deg | spin_err=  0.2 deg
orient:     t=  5.4 s | axis_err=  0.9 deg | spin_err=  0.2 deg
orient:     t=  5.6 s | axis_err=  0.9 deg | spin_err=  0.2 deg
orient:     t=  5.8 s | axis_err=  0.9 deg | spin_err=  0.2 deg
orient:     t=  6.0 s | axis_err=  0.9 deg | spin_err=  0.2 deg
orient:     t=  6.2 s | axis_err=  0.9 deg | spin_err=  0.2 deg
orient:     t=  6.4 s | axis_err=  0.9 deg | spin_err=  0.2 deg
orient:     t=  6.6 s | axis_err=  0.9 deg | spin_err=  0.2 deg
orient:     t=  6.8 s | axis_err=  0.9 deg | spin_err=  0.2 deg
orient:     t=  7.0 s | axis_err=  0.9 deg | spin_err=  0.2 deg
orient:     t=  7.2 s | axis_err=  0.9 deg | spin_err=  0.2 deg
orient:     t=  7.4 s | axis_err=  0.9 deg | spin_err=  0.2 deg
orient:     t=  7.6 s | axis_err=  0.9 deg | spin_err=  0.2 deg
orient:     t=  7.8 s | axis_err=  0.9 deg | spin_err=  0.2 deg

Orientation settled short of the 0.9 deg gate after 8.0 s: axis_err=0.9 deg | spin_err=0.2 deg

-- phase: approach_descend ---------------------------------------------------
  Kp [t1,t2,n]     = [    150.0,     150.0,     150.0] N/m
  Dp [t1,t2,n]     = [    133.7,      94.2,     128.3] Ns/m     auto (factor 1.90)
  KR [t1,t2,n]     = [    180.0,     180.0,      90.0] Nm/rad
  DR [t1,t2,n]     = [     15.3,      25.0,       2.0] Nms/rad  auto (factor 1.90)
  descend to         20 mm clearance at 0.100 m/s
descend:    t=  0.0 s | distance=   0.1 mm | height=+120.8 mm (target 20.0) | force= -0.0 N
descend:    t=  0.2 s | distance=  20.2 mm | height=+111.4 mm (target 20.0) | force=  2.3 N
descend:    t=  0.4 s | distance=  40.3 mm | height= +97.1 mm (target 20.0) | force=  2.4 N
descend:    t=  0.6 s | distance=  60.4 mm | height= +81.4 mm (target 20.0) | force=  2.2 N
descend:    t=  0.8 s | distance=  80.5 mm | height= +64.9 mm (target 20.0) | force=  2.2 N
descend:    t=  1.0 s | distance= 100.6 mm | height= +48.4 mm (target 20.0) | force=  3.0 N
descend:    t=  1.2 s | distance= 120.7 mm | height= +32.1 mm (target 20.0) | force=  3.7 N

Clearance reached: distance=135.8 mm | height=20.0 mm | target=20.0 mm | force=3.1 N
  offset_ee        = [     20.0,     -60.0,      20.0] mm
  p_EE_at_contact  = [    514.8,      -1.3,      50.6] mm
  contact_point    = [    533.1,      53.0,      -1.6] mm
  edge_offset      = [     18.3,      54.3,     -52.2] mm

-- phase: setup --------------------------------------------------------------

-- setup impedance -----------------------------------------------------------
  law                wrench = K_TCP*dx + D_TCP*dv
                     K_TCP  = Ad(r_c)^T * blkdiag(Kp,KR) * Ad(r_c)
  Kp [t1,t2,n]     = [   2000.0,    2000.0,     350.0] N/m
  Dp [t1,t2,n]     = [    234.3,     174.4,     111.5] Ns/m     auto
  KR [t1,t2,n]     = [      5.0,       5.0,      50.0] Nm/rad
  DR [t1,t2,n]     = [      1.3,       2.1,       1.3] Nms/rad  auto
  p_c [EE]         = [      0.0,      40.0,       0.0] mm       commanded in the tool frame
  r_c [t1,t2,n]    = [     -0.0,      39.4,      -6.7] mm       p_TCP - p_c, in the plane
setup:     t=  0.0 s | ee=  0.0 deg | F=  0.1 N | M=  0.0 Nm (limit 150.0) | contact= 19.9 mm
setup:     t=  0.2 s | ee=  0.9 deg | F=  0.6 N | M=  1.0 Nm (limit 150.0) | contact=  7.8 mm
setup:     t=  0.4 s | ee=  1.4 deg | F= 12.5 N | M=  1.1 Nm (limit 150.0) | contact=  2.2 mm
setup:     t=  0.6 s | ee=  1.4 deg | F= 15.0 N | M=  1.0 Nm (limit 150.0) | contact=  2.2 mm
setup:     t=  0.8 s | ee=  1.4 deg | F= 20.6 N | M=  1.0 Nm (limit 150.0) | contact=  2.2 mm
setup:     t=  1.0 s | ee=  1.4 deg | F= 26.2 N | M=  0.9 Nm (limit 150.0) | contact=  2.2 mm
setup:     t=  1.2 s | ee=  1.5 deg | F= 31.7 N | M=  0.9 Nm (limit 150.0) | contact=  2.2 mm
setup:     t=  1.4 s | ee=  1.6 deg | F= 37.6 N | M=  0.8 Nm (limit 150.0) | contact=  2.2 mm
setup:     t=  1.6 s | ee=  1.9 deg | F= 42.9 N | M=  0.9 Nm (limit 150.0) | contact=  2.3 mm
setup:     t=  1.8 s | ee=  2.4 deg | F= 47.7 N | M=  0.8 Nm (limit 150.0) | contact=  2.4 mm
setup:     t=  2.0 s | ee=  3.2 deg | F= 54.0 N | M=  0.8 Nm (limit 150.0) | contact=  2.4 mm
setup:     t=  2.2 s | ee=  4.2 deg | F= 58.8 N | M=  0.9 Nm (limit 150.0) | contact=  2.4 mm
setup:     t=  2.4 s | ee=  7.1 deg | F= 60.3 N | M=  0.8 Nm (limit 150.0) | contact=  2.3 mm
setup:     t=  2.6 s | ee= 11.0 deg | F= 64.4 N | M=  0.9 Nm (limit 150.0) | contact=  2.7 mm
setup:     t=  2.8 s | ee= 11.3 deg | F= 69.7 N | M=  4.7 Nm (limit 150.0) | contact=  3.0 mm
setup:     t=  3.0 s | ee= 11.3 deg | F= 76.1 N | M=  4.2 Nm (limit 150.0) | contact=  3.0 mm
setup:     t=  3.2 s | ee= 11.3 deg | F= 81.4 N | M=  4.3 Nm (limit 150.0) | contact=  3.1 mm
setup:     t=  3.4 s | ee= 11.3 deg | F= 76.5 N | M=  4.2 Nm (limit 150.0) | contact=  3.0 mm
setup:     t=  3.6 s | ee= 11.3 deg | F= 76.3 N | M=  4.2 Nm (limit 150.0) | contact=  3.0 mm
setup:     t=  3.8 s | ee= 11.3 deg | F= 76.2 N | M=  4.2 Nm (limit 150.0) | contact=  3.0 mm
setup:     t=  4.0 s | ee= 11.3 deg | F= 76.3 N | M=  4.2 Nm (limit 150.0) | contact=  3.0 mm
setup:     t=  4.2 s | ee= 11.3 deg | F= 76.3 N | M=  4.2 Nm (limit 150.0) | contact=  3.0 mm
setup:     t=  4.4 s | ee= 11.3 deg | F= 76.3 N | M=  4.2 Nm (limit 150.0) | contact=  3.0 mm
setup:     t=  4.6 s | ee= 11.3 deg | F= 76.2 N | M=  4.2 Nm (limit 150.0) | contact=  3.0 mm
setup:     t=  4.8 s | ee= 11.3 deg | F= 76.2 N | M=  4.2 Nm (limit 150.0) | contact=  3.0 mm

==============================================================================
  SETUP RESULT
==============================================================================
  stop: time | t=5.0 s | ee=11.3 deg | F=76.2 N | M_TCP=4.2 Nm
  contact_from_start = [-2.9, +0.2, -0.8] mm | norm=3.0 mm
  tcp_from_contact  = [-20.8, -60.0, +20.7] mm | norm=66.8 mm
  deviation: before=9.21 deg | after=2.99 deg | gain=+6.22 deg
  t_align: not reached | tolerance=2.00 deg | hold=0.30 s
  deviation components [t1,t2,n] deg: before=[+9.19,-0.62,+0.00] | after=[-1.97,-2.25,+0.00]

-- setup surface-frame breakdown ---------------------------------------------
  frame              alignment-target [tangent1, tangent2, normal]
  force        [N]      = [    +3.49,     +8.52,    -75.64]
  tcp_disp     [mm]     = [    -1.89,     -4.79,    -31.67]
  contact_disp [mm]     = [    -2.89,     +0.19,     -0.85]
  Kp_eff=F/tcp [N/m]    = [  -1846.6,   -1777.9,    2388.4]
  M_contact    [Nm]     = [    +8.40,     -0.12,     +0.05]
  ee_angle     [deg]    = [   -11.17,     -1.65,     -0.27]
  KR_eff=M/ang [Nm/rad] = [    -43.1,       4.1,     -10.3]
  frame              tool face [length, width, tool axis]
  M_contact    [Nm]     = [    +0.18,     -8.39,     -0.38]

-- center of compliance ------------------------------------------------------
  definition         r_c = p_TCP - p_c
  p_TCP [x,y,z]    = [    512.4,      -7.0,      19.1] mm
  p_c [EE]         = [      0.0,      40.0,      -0.0] mm
  r_c [t1,t2,n]    = [     -0.3,      40.0,       1.1] mm
                     p_c resolved at end of setup

-- effective TCP impedance ---------------------------------------------------
  K_TCP translation = [   1999.5,    1998.7,     351.8] N/m
  K_TCP rotation   = [      5.6,       5.0,      53.2] Nm/rad
  commanded KR was = [      5.0,       5.0,      50.0] Nm/rad   including lever contribution
  D_TCP translation = [    234.3,     174.3,     111.6] Ns/m
  D_TCP rotation   = [      1.4,       2.1,       1.7] Nms/rad
  coupling           max |moment per unit translation| = 80.0 Nm/m (K), 9.4 Nms/m (D)
  eigenvalues        K_TCP 4.99 .. 2003 | D_TCP 1.26 .. 235  (both positive: valid springs)

  K_TCP [N/m, Nm/rad | rows fx..mz, cols tx..rz]:
           tx        ty        tz    |    rx        ry        rz
  fx [    2000  -0.7871   -28.44 |    1.137 -0.03424    79.98 ]
  fy [ -0.7871     1999   -45.62 |    1.867  0.01252   0.5165 ]
  fz [  -28.44   -45.62    351.8 |   -14.07 -0.09583    -1.15 ]
     ---------------------------+---------------------------
  mx [   1.137    1.867   -14.07 |    5.576   0.0253   0.8216 ]
  my [-0.03424  0.01252 -0.09583 |   0.0253    5.034    1.243 ]
  mz [   79.98   0.5165    -1.15 |   0.8216    1.243    53.15 ]

  D_TCP [Ns/m, Nms/rad]:
           tx        ty        tz    |    rx        ry        rz
  fx [   234.3 -0.05859   -2.117 |  0.08467 -0.004345     9.37 ]
  fy [-0.05859    174.3   -1.738 |  0.07319 0.0004777  0.04544 ]
  fz [  -2.117   -1.738    111.6 |   -4.463 -0.03054 -0.08515 ]
     ---------------------------+---------------------------
  mx [ 0.08467  0.07319   -4.463 |    1.444 0.001242 0.004149 ]
  my [-0.004345 0.0004777 -0.03054 | 0.001242     2.05 -0.02069 ]
  mz [    9.37  0.04544 -0.08515 | 0.004149 -0.02069    1.684 ]

[GATE] Set up finished (still pressing). Press Enter to start the grind (e+Enter stops).

Stop requested with e + Enter. Finishing control loop...

-- joint motion [deg] --------------------------------------------------------
  joint       start    final    delta
  q1            0.9     -9.0     -9.8
  q2           12.1     30.2    +18.0
  q3           -0.5      7.2     +7.7
  q4         -130.9   -129.2     +1.7
  q5           -0.1     -8.8     -8.7
  q6          142.9    154.2    +11.3
  q7           44.7     50.1     +5.4

==============================================================================
  FINAL RESULT
==============================================================================
  p_d              = [    510.3,      -8.5,    -209.2] mm
  p_EE             = [    512.4,      -7.0,      19.1] mm
  e_p              = [     -2.0,      -1.5,    -228.3] mm
  e_R              = [   -11.18,     -1.66,     -0.03] deg
------------------------------------------------------------------------------
  position error     228.36 mm
  rotation error     11.30 deg
  csv                logs/surface_grinding_controller_log.csv
------------------------------------------------------------------------------
