
==============================================================================
  SURFACE GRINDING CONTROLLER
==============================================================================
  robot              172.16.0.2
  parameters         /home/hm-panda/Desktop/Thesis_Final_Control/surface_grinding_controller/params
------------------------------------------------------------------------------

==============================================================================
  SURFACE GRINDING CONTROLLER - STARTUP MENU
==============================================================================

-- RUN MODES -----------------------------------------------------------------
  s      Run orientation, approach, setup, and grinding
  h      Cartesian pose hold at the initial posture
  t      Cartesian pose hold with the setup impedance
  g      Start manual guidance from the current robot pose

-- ROBOT PREPARATION ---------------------------------------------------------
  i      Move to the configured initial joint posture

-- GRIPPER AND TOOL ----------------------------------------------------------
  o      Open the gripper
  c      Grasp the tool
  r      Recalibrate the gripper with empty fingers
  f      Pick up the tool from the holder
  b      Return the tool to the holder

-- PROGRAM -------------------------------------------------------------------
  e      Exit
------------------------------------------------------------------------------
  During control: e = stop | m = startup menu | g = guidance
------------------------------------------------------------------------------
Selection [s/h/t/g/i/o/c/r/f/b/e]: 
-- SELECTED MODE: PHASE SEQUENCE ---------------------------------------------

-- moving to q_init ----------------------------------------------------------
  case               saved_qinit
  q1..q7 [deg]     = [0.8, 12.1, -0.5, -130.9, -0.2, 142.9, 44.7] deg
  saved_qinit = [0.014777, 0.210911, -0.009320, -2.284835, -0.002725, 2.493410, 0.780694] rad
  q_init reached.

-- start pose ----------------------------------------------------------------
  q_start          = [0.8, 12.1, -0.5, -130.9, -0.2, 142.9, 44.7] deg
  p_start          = [    531.1,       2.5,     156.7] mm

==============================================================================
  RUN
==============================================================================

-- phase: approach_orient ----------------------------------------------------
  Kp [t1,t2,n]     = [    150.0,     150.0,     150.0] N/m
  Dp [t1,t2,n]     = [    133.6,      94.2,     128.3] Ns/m     auto (factor 1.90)
  KR [t1,t2,n]     = [     90.0,      90.0,      90.0] Nm/rad
  DR [t1,t2,n]     = [     10.8,      17.7,       2.0] Nms/rad  auto (factor 1.90)
orient:     t=  0.0 s | axis_err=  6.0 deg | spin_err=  0.7 deg
orient:     t=  0.2 s | axis_err=  5.2 deg | spin_err=  0.4 deg
orient:     t=  0.4 s | axis_err=  3.0 deg | spin_err=  0.0 deg

Orientation reached: axis_err=2.0 deg | spin_err=0.0 deg

-- phase: approach_descend ---------------------------------------------------
  Kp [t1,t2,n]     = [    150.0,     150.0,     150.0] N/m
  Dp [t1,t2,n]     = [    133.6,      94.2,     128.3] Ns/m     auto (factor 1.90)
  KR [t1,t2,n]     = [     90.0,      90.0,      90.0] Nm/rad
  DR [t1,t2,n]     = [     10.8,      17.7,       2.0] Nms/rad  auto (factor 1.90)
  descend to         20 mm clearance at 0.100 m/s
descend:    t=  0.0 s | distance=   0.1 mm | height=+128.8 mm (target 20.0) | force=  0.0 N
descend:    t=  0.2 s | distance=  20.1 mm | height=+116.2 mm (target 20.0) | force=  1.1 N
descend:    t=  0.4 s | distance=  40.1 mm | height= +99.9 mm (target 20.0) | force=  2.8 N
descend:    t=  0.6 s | distance=  60.2 mm | height= +82.7 mm (target 20.0) | force=  2.2 N
descend:    t=  0.8 s | distance=  80.3 mm | height= +65.1 mm (target 20.0) | force=  2.3 N
descend:    t=  1.0 s | distance= 100.4 mm | height= +47.3 mm (target 20.0) | force=  2.6 N
descend:    t=  1.2 s | distance= 120.5 mm | height= +29.5 mm (target 20.0) | force=  2.9 N

Clearance reached: distance=131.3 mm | height=20.0 mm | target=20.0 mm | force=2.6 N
  offset_ee        = [     20.0,      60.0,      20.0] mm
  p_EE_at_contact  = [    507.4,       0.4,      42.9] mm
  contact_point    = [    524.7,     -60.4,       1.7] mm
  edge_offset      = [     17.4,     -60.8,     -41.2] mm

-- phase: setup --------------------------------------------------------------

-- setup impedance -----------------------------------------------------------
  law                wrench = K_TCP*dx + D_TCP*dv
                     K_TCP  = Ad(r_c)^T * blkdiag(Kp,KR) * Ad(r_c)
  Kp [t1,t2,n]     = [   2000.0,    2000.0,     350.0] N/m
  Dp [t1,t2,n]     = [    233.7,     173.2,     112.2] Ns/m     auto
  KR [t1,t2,n]     = [      5.0,       5.0,      50.0] Nm/rad
  DR [t1,t2,n]     = [      1.3,       2.1,       0.9] Nms/rad  auto
  p_c [EE]         = [    -30.0,      -0.0,       0.0] mm       commanded in the tool frame
  r_c [t1,t2,n]    = [     29.9,       0.0,      -2.7] mm       p_TCP - p_c, in the plane
setup:     t=  0.0 s | tip=  0.0 deg | F=  0.0 N | M=  0.0 Nm (limit 150.0) | contact= 19.9 mm
setup:     t=  0.2 s | tip=  0.6 deg | F=  0.7 N | M=  0.4 Nm (limit 150.0) | contact=  7.1 mm
setup:     t=  0.4 s | tip=  1.2 deg | F= 16.7 N | M=  8.7 Nm (limit 150.0) | contact=  2.7 mm
setup:     t=  0.6 s | tip=  1.3 deg | F= 15.3 N | M=  8.0 Nm (limit 150.0) | contact=  2.9 mm
setup:     t=  0.8 s | tip=  1.3 deg | F= 21.3 N | M= 10.9 Nm (limit 150.0) | contact=  3.3 mm
setup:     t=  1.0 s | tip=  1.3 deg | F= 26.6 N | M= 13.5 Nm (limit 150.0) | contact=  3.8 mm
setup:     t=  1.2 s | tip=  1.4 deg | F= 31.8 N | M= 16.0 Nm (limit 150.0) | contact=  4.4 mm
setup:     t=  1.4 s | tip=  1.4 deg | F= 36.9 N | M= 18.5 Nm (limit 150.0) | contact=  4.7 mm
setup:     t=  1.6 s | tip=  1.4 deg | F= 43.0 N | M= 21.4 Nm (limit 150.0) | contact=  5.0 mm
setup:     t=  1.8 s | tip=  1.4 deg | F= 48.4 N | M= 24.0 Nm (limit 150.0) | contact=  5.3 mm
setup:     t=  2.0 s | tip=  1.3 deg | F= 54.2 N | M= 26.8 Nm (limit 150.0) | contact=  5.4 mm
setup:     t=  2.2 s | tip=  1.3 deg | F= 60.0 N | M= 29.6 Nm (limit 150.0) | contact=  5.4 mm
setup:     t=  2.4 s | tip=  1.1 deg | F= 67.2 N | M= 33.1 Nm (limit 150.0) | contact=  5.5 mm
setup:     t=  2.6 s | tip=  0.9 deg | F= 72.4 N | M= 35.6 Nm (limit 150.0) | contact=  5.4 mm
setup:     t=  2.8 s | tip=  0.5 deg | F= 78.3 N | M= 38.5 Nm (limit 150.0) | contact=  5.4 mm
setup:     t=  3.0 s | tip=  0.5 deg | F= 83.3 N | M= 41.0 Nm (limit 150.0) | contact=  5.4 mm
setup:     t=  3.2 s | tip=  0.7 deg | F= 89.8 N | M= 44.2 Nm (limit 150.0) | contact=  5.4 mm
setup:     t=  3.4 s | tip=  1.5 deg | F= 83.0 N | M= 40.8 Nm (limit 150.0) | contact=  4.9 mm
setup:     t=  3.6 s | tip=  1.7 deg | F= 83.1 N | M= 41.0 Nm (limit 150.0) | contact=  4.8 mm
setup:     t=  3.8 s | tip=  1.7 deg | F= 83.1 N | M= 41.0 Nm (limit 150.0) | contact=  4.7 mm
setup:     t=  4.0 s | tip=  1.7 deg | F= 83.2 N | M= 41.0 Nm (limit 150.0) | contact=  4.7 mm
setup:     t=  4.2 s | tip=  1.7 deg | F= 83.2 N | M= 41.1 Nm (limit 150.0) | contact=  4.7 mm
setup:     t=  4.4 s | tip=  1.7 deg | F= 83.3 N | M= 41.1 Nm (limit 150.0) | contact=  4.7 mm
setup:     t=  4.6 s | tip=  1.7 deg | F= 83.1 N | M= 41.0 Nm (limit 150.0) | contact=  4.7 mm
setup:     t=  4.8 s | tip=  1.7 deg | F= 83.3 N | M= 41.1 Nm (limit 150.0) | contact=  4.7 mm

==============================================================================
  SETUP RESULT
==============================================================================
  stop: time | t=5.0 s | tip=1.7 deg | F=83.2 N | M=41.0 Nm
  contact_from_start = [-2.2, +0.1, -4.2] mm | norm=4.7 mm
  tcp_from_contact  = [-20.7, +60.2, +17.1] mm | norm=65.9 mm
  alignment: before=5.23 deg | after=3.74 deg | gain=+1.49 deg
  alignment components [t1,t2,n] deg: before=[-0.88,-5.16,+0.00] | after=[-1.35,-3.49,+0.00]

-- setup surface-frame breakdown ---------------------------------------------
  frame              alignment-target [tangent1, tangent2, normal]
  force        [N]      = [    +8.32,     -0.02,    -82.79]
  tcp_disp     [mm]     = [    -2.88,     +0.04,    -24.20]
  contact_disp [mm]     = [    -2.16,     +0.25,     -4.20]
  Kp_eff=F/tcp [N/m]    = [  -2883.2,       n/a,    3420.9]
  M_contact    [Nm]     = [    -3.52,    +39.65,     -0.60]
  tip_angle    [deg]    = [    -0.48,     +1.67,     -0.06]
  KR_eff=M/ang [Nm/rad] = [    419.0,    1357.8,     544.5]
  frame              tool face [length, width, tool axis]
  M_contact    [Nm]     = [   -39.63,     +3.37,     +1.75]

-- center of compliance ------------------------------------------------------
  definition         r_c = p_TCP - p_c
  p_TCP [x,y,z]    = [    504.1,      -0.2,      18.7] mm
  p_c [EE]         = [    -30.0,      -0.0,       0.0] mm
  r_c [t1,t2,n]    = [     29.9,       0.1,      -1.8] mm
                     p_c resolved at end of setup

-- effective TCP impedance ---------------------------------------------------
  K_TCP translation = [   1999.5,    1998.7,     351.8] N/m
  K_TCP rotation   = [      5.0,       5.4,      51.7] Nm/rad
  commanded KR was = [      5.0,       5.0,      50.0] Nm/rad   including lever contribution
  D_TCP translation = [    233.6,     173.2,     112.3] Ns/m
  D_TCP rotation   = [      1.3,       2.2,       1.0] Nms/rad
  coupling           max |moment per unit translation| = 59.8 Nm/m (K), 5.2 Nms/m (D)
  eigenvalues        K_TCP 5.00 .. 2002 | D_TCP 0.89 .. 234  (both positive: valid springs)

  K_TCP [N/m, Nm/rad | rows fx..mz, cols tx..rz]:
           tx        ty        tz    |    rx        ry        rz
  fx [    2000  -0.7871   -28.44 | 0.002366    3.829  0.06038 ]
  fy [ -0.7871     1999   -45.62 |   -4.677   -1.366   -59.78 ]
  fz [  -28.44   -45.62    351.8 |   0.1003    10.45    1.364 ]
     ---------------------------+---------------------------
  mx [0.002366   -4.677   0.1003 |    5.024  0.02447   0.9155 ]
  my [   3.829   -1.366    10.45 |  0.02447    5.356    1.285 ]
  mz [ 0.06038   -59.78    1.364 |   0.9155    1.285    51.74 ]

  D_TCP [Ns/m, Nms/rad]:
           tx        ty        tz    |    rx        ry        rz
  fx [   233.6 -0.05796   -2.094 | 0.0001742   0.4842 0.006038 ]
  fy [-0.05796    173.2   -1.687 |  -0.4053 -0.05059   -5.179 ]
  fz [  -2.094   -1.687    112.3 |  0.00188    3.353  0.05042 ]
     ---------------------------+---------------------------
  mx [0.0001742  -0.4053  0.00188 |    1.296 -0.000136 0.005162 ]
  my [  0.4842 -0.05059    3.353 | -0.000136     2.17 -0.03106 ]
  mz [0.006038   -5.179  0.05042 | 0.005162 -0.03106    1.047 ]

[GATE] Set up finished (still pressing). Press Enter to start the grind (e+Enter stops).

Stop requested with e + Enter. Finishing control loop...

-- joint motion [deg] --------------------------------------------------------
  joint       start    final    delta
  q1            0.8     -0.2     -1.1
  q2           12.1     29.1    +17.0
  q3           -0.5      0.2     +0.7
  q4         -130.9   -131.2     -0.3
  q5           -0.2     -0.8     -0.6
  q6          142.9    155.8    +12.9
  q7           44.7     45.6     +0.9

==============================================================================
  FINAL RESULT
==============================================================================
  p_d              = [    502.9,      -6.8,    -216.9] mm
  p_EE             = [    504.1,      -0.2,      18.7] mm
  e_p              = [     -1.2,      -6.6,    -235.7] mm
  e_R              = [    -0.48,      1.67,     -0.10] deg
------------------------------------------------------------------------------
  position error     235.78 mm
  rotation error     1.74 deg
  csv                logs/surface_grinding_controller_log.csv
------------------------------------------------------------------------------
