
==============================================================================
  SURFACE GRINDING CONTROLLER
==============================================================================
  robot              172.16.0.2
  parameters         /home/hm-panda/Desktop/Thesis_Final_Control/surface_grinding_controller/params
------------------------------------------------------------------------------

==============================================================================
  SURFACE GRINDING CONTROLLER - STARTUP MENU
==============================================================================

-- RUN MODES -----------------------------------------------------------------
  s      Run orientation, approach, setup, and grinding
  h      Cartesian pose hold at the initial posture
  t      Cartesian pose hold with the setup impedance
  g      Start manual guidance from the current robot pose

-- ROBOT PREPARATION ---------------------------------------------------------
  i      Move to the configured initial joint posture

-- GRIPPER AND TOOL ----------------------------------------------------------
  o      Open the gripper
  c      Grasp the tool
  r      Recalibrate the gripper with empty fingers
  f      Pick up the tool from the holder
  b      Return the tool to the holder

-- PROGRAM -------------------------------------------------------------------
  e      Exit
------------------------------------------------------------------------------
  During control: e = stop | m = startup menu | g = guidance
------------------------------------------------------------------------------
Selection [s/h/t/g/i/o/c/r/f/b/e]: 
-- SELECTED MODE: PHASE SEQUENCE ---------------------------------------------

-- moving to q_init ----------------------------------------------------------
  case               saved_qinit
  q1..q7 [deg]     = [0.8, 12.1, -0.5, -130.9, -0.2, 142.9, 44.7] deg
  saved_qinit = [0.014777, 0.210911, -0.009320, -2.284835, -0.002725, 2.493410, 0.780694] rad
  q_init reached.

-- start pose ----------------------------------------------------------------
  q_start          = [0.8, 12.1, -0.5, -130.9, -0.2, 142.8, 44.7] deg
  p_start          = [    531.1,       2.4,     156.7] mm

==============================================================================
  RUN
==============================================================================

-- phase: approach_orient ----------------------------------------------------
  Kp [t1,t2,n]     = [    150.0,     150.0,     150.0] N/m
  Dp [t1,t2,n]     = [    133.7,      94.2,     128.3] Ns/m     auto (factor 1.90)
  KR [t1,t2,n]     = [    180.0,     180.0,      90.0] Nm/rad
  DR [t1,t2,n]     = [     15.3,      25.0,       2.0] Nms/rad  auto (factor 1.90)
orient:     t=  0.0 s | axis_err= 12.4 deg | spin_err=  0.6 deg
orient:     t=  0.2 s | axis_err= 11.0 deg | spin_err=  0.4 deg
orient:     t=  0.4 s | axis_err=  7.7 deg | spin_err=  0.2 deg
orient:     t=  0.6 s | axis_err=  4.0 deg | spin_err=  0.1 deg
orient:     t=  0.8 s | axis_err=  1.5 deg | spin_err=  0.0 deg
orient:     t=  1.0 s | axis_err=  1.0 deg | spin_err=  0.0 deg

Orientation reached: axis_err=0.9 deg | spin_err=0.0 deg

-- phase: approach_descend ---------------------------------------------------
  Kp [t1,t2,n]     = [    150.0,     150.0,     150.0] N/m
  Dp [t1,t2,n]     = [    133.7,      94.2,     128.3] Ns/m     auto (factor 1.90)
  KR [t1,t2,n]     = [    180.0,     180.0,      90.0] Nm/rad
  DR [t1,t2,n]     = [     15.3,      25.0,       2.0] Nms/rad  auto (factor 1.90)
  descend to         20 mm clearance at 0.100 m/s
descend:    t=  0.0 s | distance=   0.1 mm | height=+125.4 mm (target 20.0) | force=  0.0 N
descend:    t=  0.2 s | distance=  20.2 mm | height=+113.4 mm (target 20.0) | force=  1.4 N
descend:    t=  0.4 s | distance=  40.3 mm | height= +97.1 mm (target 20.0) | force=  1.7 N
descend:    t=  0.6 s | distance=  60.4 mm | height= +79.8 mm (target 20.0) | force=  1.1 N
descend:    t=  0.8 s | distance=  80.5 mm | height= +62.3 mm (target 20.0) | force=  2.4 N
descend:    t=  1.0 s | distance= 100.6 mm | height= +44.8 mm (target 20.0) | force=  1.7 N
descend:    t=  1.2 s | distance= 120.7 mm | height= +27.1 mm (target 20.0) | force=  2.5 N

Clearance reached: distance=128.7 mm | height=20.0 mm | target=20.0 mm | force=1.3 N
  offset_ee        = [     20.0,       0.0,      20.0] mm
  p_EE_at_contact  = [    502.4,      -0.6,      44.0] mm
  contact_point    = [    517.2,      -1.8,       0.2] mm
  edge_offset      = [     14.8,      -1.2,     -43.8] mm

-- phase: setup --------------------------------------------------------------

-- setup impedance -----------------------------------------------------------
  law                wrench = K_TCP*dx + D_TCP*dv
                     K_TCP  = Ad(r_c)^T * blkdiag(Kp,KR) * Ad(r_c)
  Kp [t1,t2,n]     = [   2000.0,    2000.0,     350.0] N/m
  Dp [t1,t2,n]     = [    236.7,     176.3,     109.9] Ns/m     auto
  KR [t1,t2,n]     = [      5.0,       5.0,      50.0] Nm/rad
  DR [t1,t2,n]     = [      1.3,       2.2,       1.2] Nms/rad  auto
  p_c [EE]         = [     40.0,      -0.0,      -0.0] mm       commanded in the tool frame
  r_c [t1,t2,n]    = [    -39.2,       0.0,       8.0] mm       p_TCP - p_c, in the plane
setup:     t=  0.0 s | ee=  0.0 deg | F=  0.1 N | M=  0.0 Nm (limit 150.0) | contact= 19.9 mm
setup:     t=  0.2 s | ee=  0.5 deg | F=  1.5 N | M=  0.3 Nm (limit 150.0) | contact=  7.4 mm
setup:     t=  0.4 s | ee=  1.2 deg | F= 20.1 N | M=  0.8 Nm (limit 150.0) | contact=  2.6 mm
setup:     t=  0.6 s | ee=  1.2 deg | F= 16.7 N | M=  1.0 Nm (limit 150.0) | contact=  2.7 mm
setup:     t=  0.8 s | ee=  1.3 deg | F= 21.9 N | M=  1.2 Nm (limit 150.0) | contact=  2.9 mm
setup:     t=  1.0 s | ee=  1.3 deg | F= 27.4 N | M=  1.4 Nm (limit 150.0) | contact=  3.2 mm
setup:     t=  1.2 s | ee=  1.3 deg | F= 33.2 N | M=  1.7 Nm (limit 150.0) | contact=  3.5 mm
setup:     t=  1.4 s | ee=  1.4 deg | F= 38.3 N | M=  1.8 Nm (limit 150.0) | contact=  4.1 mm
setup:     t=  1.6 s | ee=  1.9 deg | F= 42.8 N | M=  1.6 Nm (limit 150.0) | contact=  5.1 mm
setup:     t=  1.8 s | ee=  2.1 deg | F= 49.5 N | M=  1.8 Nm (limit 150.0) | contact=  5.7 mm
setup:     t=  2.0 s | ee=  2.2 deg | F= 55.4 N | M=  2.0 Nm (limit 150.0) | contact=  6.3 mm
setup:     t=  2.2 s | ee=  2.2 deg | F= 60.6 N | M=  2.1 Nm (limit 150.0) | contact=  6.8 mm
setup:     t=  2.4 s | ee=  2.3 deg | F= 66.4 N | M=  2.1 Nm (limit 150.0) | contact=  7.2 mm
setup:     t=  2.6 s | ee=  2.3 deg | F= 71.4 N | M=  2.1 Nm (limit 150.0) | contact=  7.3 mm
setup:     t=  2.8 s | ee=  2.3 deg | F= 77.0 N | M=  2.1 Nm (limit 150.0) | contact=  7.5 mm
setup:     t=  3.0 s | ee=  2.4 deg | F= 82.3 N | M=  2.2 Nm (limit 150.0) | contact=  7.6 mm
setup:     t=  3.2 s | ee=  2.7 deg | F= 87.3 N | M=  2.3 Nm (limit 150.0) | contact=  7.8 mm
setup:     t=  3.4 s | ee=  3.1 deg | F= 82.5 N | M=  2.2 Nm (limit 150.0) | contact=  8.0 mm
setup:     t=  3.6 s | ee=  3.1 deg | F= 82.5 N | M=  2.1 Nm (limit 150.0) | contact=  8.0 mm
setup:     t=  3.8 s | ee=  3.1 deg | F= 82.4 N | M=  2.0 Nm (limit 150.0) | contact=  8.1 mm
setup:     t=  4.0 s | ee=  3.1 deg | F= 82.4 N | M=  2.0 Nm (limit 150.0) | contact=  8.1 mm
setup:     t=  4.2 s | ee=  3.1 deg | F= 82.3 N | M=  2.0 Nm (limit 150.0) | contact=  8.1 mm
setup:     t=  4.4 s | ee=  3.1 deg | F= 82.3 N | M=  2.1 Nm (limit 150.0) | contact=  8.1 mm
setup:     t=  4.6 s | ee=  3.2 deg | F= 82.1 N | M=  2.1 Nm (limit 150.0) | contact=  8.1 mm
setup:     t=  4.8 s | ee=  3.2 deg | F= 82.2 N | M=  2.1 Nm (limit 150.0) | contact=  8.1 mm

==============================================================================
  SETUP RESULT
==============================================================================
  stop: time | t=5.0 s | ee=3.2 deg | F=82.1 N | M_TCP=2.2 Nm
  contact_from_start = [-5.3, -0.4, -6.1] mm | norm=8.1 mm
  tcp_from_contact  = [-19.3, -0.3, +18.4] mm | norm=26.7 mm
  deviation: before=10.04 deg | after=13.01 deg | gain=-2.98 deg
  t_align: not reached | tolerance=2.00 deg | hold=0.30 s
  t_align_fraction: not reached | fraction=0.50 of the deviation at contact
  deviation_min: 10.03 deg at t=0.01 s
  align_status: not_aligned
  deviation components [t1,t2,n] deg: before=[-0.40,-10.03,+0.00] | after=[-1.66,-12.91,-0.00]

-- setup surface-frame breakdown ---------------------------------------------
  frame              alignment-target [tangent1, tangent2, normal]
  force        [N]      = [    +5.01,     +0.69,    -81.92]
  tcp_disp     [mm]     = [    -3.98,     -0.84,    -25.47]
  contact_disp [mm]     = [    -5.18,     -0.18,     -6.24]
  Kp_eff=F/tcp [N/m]    = [  -1259.1,    -822.9,    3216.1]
  M_contact    [Nm]     = [    +0.47,     +1.03,     -0.29]
  ee_angle     [deg]    = [    -1.34,     -2.87,     -0.36]
  KR_eff=M/ang [Nm/rad] = [    -20.1,     -20.6,      46.0]
  frame              tool face [length, width, tool axis]
  M_contact    [Nm]     = [    -1.02,     -0.53,     +0.20]

-- center of compliance ------------------------------------------------------
  definition         r_c = p_TCP - p_c
  p_TCP [x,y,z]    = [    498.0,      -2.2,      18.6] mm
  p_c [EE]         = [     40.0,      -0.0,      -0.0] mm
  r_c [t1,t2,n]    = [    -38.7,      -0.4,      10.0] mm
                     p_c resolved at end of setup

-- effective TCP impedance ---------------------------------------------------
  K_TCP translation = [   1999.5,    1998.7,     351.8] N/m
  K_TCP rotation   = [      5.2,       5.8,      52.9] Nm/rad
  commanded KR was = [      5.0,       5.0,      50.0] Nm/rad   including lever contribution
  D_TCP translation = [    236.7,     176.2,     110.0] Ns/m
  D_TCP rotation   = [      1.3,       2.4,       1.5] Nms/rad
  coupling           max |moment per unit translation| = 77.1 Nm/m (K), 6.8 Nms/m (D)
  eigenvalues        K_TCP 4.99 .. 2003 | D_TCP 1.19 .. 237  (both positive: valid springs)

  K_TCP [N/m, Nm/rad | rows fx..mz, cols tx..rz]:
           tx        ty        tz    |    rx        ry        rz
  fx [    2000  -0.7871   -28.44 | -0.01251   -20.15  -0.3222 ]
  fy [ -0.7871     1999   -45.62 |    21.23    1.768    77.08 ]
  fz [  -28.44   -45.62    351.8 |  -0.4334   -13.26   -1.755 ]
     ---------------------------+---------------------------
  mx [-0.01251    21.23  -0.4334 |    5.239  0.03831    1.594 ]
  my [  -20.15    1.768   -13.26 |  0.03831     5.76    1.315 ]
  mz [ -0.3222    77.08   -1.755 |    1.594    1.315    52.92 ]

  D_TCP [Ns/m, Nms/rad]:
           tx        ty        tz    |    rx        ry        rz
  fx [   236.7 -0.06048   -2.185 | -0.0009615    -2.43 -0.03687 ]
  fy [-0.06048    176.2   -1.834 |    1.872  0.07136    6.795 ]
  fz [  -2.185   -1.834      110 | -0.003429   -4.219  -0.0704 ]
     ---------------------------+---------------------------
  mx [-0.0009615    1.872 -0.003429 |    1.312 9.562e-05   0.0705 ]
  my [   -2.43  0.07136   -4.219 | 9.562e-05    2.405 -0.02521 ]
  mz [-0.03687    6.795  -0.0704 |   0.0705 -0.02521    1.456 ]

[GATE] Set up finished (still pressing). Press Enter to start the grind (e+Enter stops).

Stop requested with e + Enter. Finishing control loop...

-- joint motion [deg] --------------------------------------------------------
  joint       start    final    delta
  q1            0.8     -0.4     -1.2
  q2           12.1     31.3    +19.2
  q3           -0.5      0.2     +0.7
  q4         -130.9   -124.2     +6.7
  q5           -0.2     -0.7     -0.5
  q6          142.8    140.1     -2.7
  q7           44.7     45.1     +0.4

==============================================================================
  FINAL RESULT
==============================================================================
  p_d              = [    497.9,      -7.8,    -215.9] mm
  p_EE             = [    498.0,      -2.2,      18.6] mm
  e_p              = [     -0.1,      -5.7,    -234.5] mm
  e_R              = [    -1.35,     -2.88,     -0.25] deg
------------------------------------------------------------------------------
  position error     234.54 mm
  rotation error     3.19 deg
  csv                logs/surface_grinding_controller_log.csv
------------------------------------------------------------------------------
