
==============================================================================
  SURFACE GRINDING CONTROLLER
==============================================================================
  robot              172.16.0.2
  parameters         /home/hm-panda/Desktop/Thesis_Final_Control/surface_grinding_controller/params
------------------------------------------------------------------------------

==============================================================================
  SURFACE GRINDING CONTROLLER - STARTUP MENU
==============================================================================

-- RUN MODES -----------------------------------------------------------------
  s      Run orientation, approach, setup, and grinding
  h      Cartesian pose hold at the initial posture
  t      Cartesian pose hold with the setup impedance
  g      Start manual guidance from the current robot pose

-- ROBOT PREPARATION ---------------------------------------------------------
  i      Move to the configured initial joint posture

-- GRIPPER AND TOOL ----------------------------------------------------------
  o      Open the gripper
  c      Grasp the tool
  r      Recalibrate the gripper with empty fingers
  f      Pick up the tool from the holder
  b      Return the tool to the holder

-- PROGRAM -------------------------------------------------------------------
  e      Exit
------------------------------------------------------------------------------
  During control: e = stop | m = startup menu | g = guidance
------------------------------------------------------------------------------
Selection [s/h/t/g/i/o/c/r/f/b/e]: 
-- SELECTED MODE: PHASE SEQUENCE ---------------------------------------------

-- moving to q_init ----------------------------------------------------------
  case               saved_qinit
  q1..q7 [deg]     = [0.8, 12.1, -0.5, -130.9, -0.2, 142.9, 44.7] deg
  saved_qinit = [0.014777, 0.210911, -0.009320, -2.284835, -0.002725, 2.493410, 0.780694] rad
  q_init reached.

-- start pose ----------------------------------------------------------------
  q_start          = [0.9, 12.1, -0.5, -130.9, -0.1, 142.9, 44.7] deg
  p_start          = [    531.3,       2.5,     156.9] mm

==============================================================================
  RUN
==============================================================================

-- phase: approach_orient ----------------------------------------------------
  Kp [t1,t2,n]     = [    150.0,     150.0,     150.0] N/m
  Dp [t1,t2,n]     = [    133.7,      94.2,     128.3] Ns/m     auto (factor 1.90)
  KR [t1,t2,n]     = [    180.0,     180.0,      90.0] Nm/rad
  DR [t1,t2,n]     = [     15.3,      25.0,       2.0] Nms/rad  auto (factor 1.90)
orient:     t=  0.0 s | axis_err=  4.0 deg | spin_err=  0.6 deg
orient:     t=  0.2 s | axis_err=  2.8 deg | spin_err=  0.4 deg
orient:     t=  0.4 s | axis_err=  1.1 deg | spin_err=  0.2 deg
orient:     t=  0.6 s | axis_err=  0.8 deg | spin_err=  0.2 deg
orient:     t=  0.8 s | axis_err=  0.8 deg | spin_err=  0.2 deg

Orientation reached: axis_err=0.7 deg | spin_err=0.2 deg

-- phase: approach_descend ---------------------------------------------------
  Kp [t1,t2,n]     = [    150.0,     150.0,     150.0] N/m
  Dp [t1,t2,n]     = [    133.7,      94.2,     128.3] Ns/m     auto (factor 1.90)
  KR [t1,t2,n]     = [    180.0,     180.0,      90.0] Nm/rad
  DR [t1,t2,n]     = [     15.3,      25.0,       2.0] Nms/rad  auto (factor 1.90)
  descend to         20 mm clearance at 0.100 m/s
descend:    t=  0.0 s | distance=   0.1 mm | height=+126.1 mm (target 20.0) | force=  0.0 N
descend:    t=  0.2 s | distance=  20.2 mm | height=+114.9 mm (target 20.0) | force=  2.2 N
descend:    t=  0.4 s | distance=  40.3 mm | height= +98.8 mm (target 20.0) | force=  2.4 N
descend:    t=  0.6 s | distance=  60.4 mm | height= +81.7 mm (target 20.0) | force=  1.0 N
descend:    t=  0.8 s | distance=  80.5 mm | height= +64.4 mm (target 20.0) | force=  1.6 N
descend:    t=  1.0 s | distance= 100.6 mm | height= +46.9 mm (target 20.0) | force=  1.4 N
descend:    t=  1.2 s | distance= 120.7 mm | height= +29.4 mm (target 20.0) | force=  3.0 N

Clearance reached: distance=131.6 mm | height=20.0 mm | target=20.0 mm | force=2.3 N
  offset_ee        = [     20.0,      60.0,      20.0] mm
  p_EE_at_contact  = [    518.5,       3.1,      44.7] mm
  contact_point    = [    537.1,     -56.6,       1.3] mm
  edge_offset      = [     18.6,     -59.7,     -43.3] mm

-- phase: setup --------------------------------------------------------------

-- setup impedance -----------------------------------------------------------
  law                wrench = K_TCP*dx + D_TCP*dv
                     K_TCP  = Ad(r_c)^T * blkdiag(Kp,KR) * Ad(r_c)
  Kp [t1,t2,n]     = [   2000.0,    2000.0,     350.0] N/m
  Dp [t1,t2,n]     = [    232.2,     172.8,     112.5] Ns/m     auto
  KR [t1,t2,n]     = [      5.0,       5.0,      50.0] Nm/rad
  DR [t1,t2,n]     = [      1.4,       2.0,       0.9] Nms/rad  auto
  p_c [EE]         = [      0.0,     -60.0,       0.0] mm       commanded in the tool frame
  r_c [t1,t2,n]    = [      0.0,     -59.9,      -4.1] mm       p_TCP - p_c, in the plane
setup:     t=  0.0 s | tip=  0.0 deg | F=  0.2 N | M=  0.1 Nm (limit 150.0) | contact= 19.9 mm
setup:     t=  0.2 s | tip=  0.7 deg | F=  1.1 N | M=  0.7 Nm (limit 150.0) | contact=  7.2 mm
setup:     t=  0.4 s | tip=  1.4 deg | F= 19.1 N | M= 10.1 Nm (limit 150.0) | contact=  3.0 mm
setup:     t=  0.6 s | tip=  1.4 deg | F= 15.3 N | M=  8.4 Nm (limit 150.0) | contact=  3.2 mm
setup:     t=  0.8 s | tip=  1.5 deg | F= 21.1 N | M= 11.4 Nm (limit 150.0) | contact=  3.2 mm
setup:     t=  1.0 s | tip=  1.6 deg | F= 25.5 N | M= 13.5 Nm (limit 150.0) | contact=  3.4 mm
setup:     t=  1.2 s | tip=  2.6 deg | F= 28.1 N | M= 14.7 Nm (limit 150.0) | contact=  3.6 mm
setup:     t=  1.4 s | tip=  3.2 deg | F= 36.1 N | M= 19.4 Nm (limit 150.0) | contact=  3.5 mm
setup:     t=  1.6 s | tip=  3.2 deg | F= 41.9 N | M= 22.2 Nm (limit 150.0) | contact=  3.7 mm
setup:     t=  1.8 s | tip=  3.2 deg | F= 47.5 N | M= 25.1 Nm (limit 150.0) | contact=  3.8 mm
setup:     t=  2.0 s | tip=  3.2 deg | F= 53.0 N | M= 27.9 Nm (limit 150.0) | contact=  4.0 mm
setup:     t=  2.2 s | tip=  3.2 deg | F= 58.3 N | M= 30.7 Nm (limit 150.0) | contact=  4.1 mm
setup:     t=  2.4 s | tip=  3.3 deg | F= 63.6 N | M= 33.4 Nm (limit 150.0) | contact=  4.3 mm
setup:     t=  2.6 s | tip=  3.3 deg | F= 69.4 N | M= 36.4 Nm (limit 150.0) | contact=  4.4 mm
setup:     t=  2.8 s | tip=  3.3 deg | F= 74.8 N | M= 39.2 Nm (limit 150.0) | contact=  4.5 mm
setup:     t=  3.0 s | tip=  3.3 deg | F= 80.4 N | M= 42.1 Nm (limit 150.0) | contact=  4.7 mm
setup:     t=  3.2 s | tip=  3.3 deg | F= 86.0 N | M= 45.0 Nm (limit 150.0) | contact=  4.8 mm
setup:     t=  3.4 s | tip=  3.3 deg | F= 81.4 N | M= 42.9 Nm (limit 150.0) | contact=  4.7 mm
setup:     t=  3.6 s | tip=  3.3 deg | F= 81.2 N | M= 42.7 Nm (limit 150.0) | contact=  4.7 mm
setup:     t=  3.8 s | tip=  3.3 deg | F= 81.2 N | M= 42.7 Nm (limit 150.0) | contact=  4.7 mm
setup:     t=  4.0 s | tip=  3.3 deg | F= 81.2 N | M= 42.7 Nm (limit 150.0) | contact=  4.7 mm
setup:     t=  4.2 s | tip=  3.3 deg | F= 81.2 N | M= 42.7 Nm (limit 150.0) | contact=  4.7 mm
setup:     t=  4.4 s | tip=  3.3 deg | F= 81.1 N | M= 42.7 Nm (limit 150.0) | contact=  4.7 mm
setup:     t=  4.6 s | tip=  3.3 deg | F= 81.2 N | M= 42.7 Nm (limit 150.0) | contact=  4.7 mm
setup:     t=  4.8 s | tip=  3.3 deg | F= 81.0 N | M= 42.6 Nm (limit 150.0) | contact=  4.7 mm

==============================================================================
  SETUP RESULT
==============================================================================
  stop: time | t=5.0 s | tip=3.3 deg | F=81.0 N | M=42.6 Nm
  contact_from_start = [-2.9, +0.1, -3.7] mm | norm=4.7 mm
  tcp_from_contact  = [-20.9, +60.4, +17.3] mm | norm=66.2 mm
  alignment: before=4.29 deg | after=2.45 deg | gain=+1.84 deg
  alignment components [t1,t2,n] deg: before=[-4.28,-0.32,+0.00] | after=[-1.45,-1.97,-0.00]

-- setup surface-frame breakdown ---------------------------------------------
  frame              alignment-target [tangent1, tangent2, normal]
  force        [N]      = [    +2.59,     -2.50,    -80.95]
  tcp_disp     [mm]     = [    -1.87,     +1.45,    -26.04]
  contact_disp [mm]     = [    -2.88,     +0.18,     -3.70]
  Kp_eff=F/tcp [N/m]    = [  -1383.0,   -1731.4,    3108.6]
  M_contact    [Nm]     = [   -10.08,    +40.86,     -1.33]
  tip_angle    [deg]    = [    +2.83,     -1.67,     +0.31]
  KR_eff=M/ang [Nm/rad] = [   -204.1,   -1398.1,    -242.5]
  frame              tool face [length, width, tool axis]
  M_contact    [Nm]     = [   -40.75,    +10.27,     +2.72]

-- center of compliance ------------------------------------------------------
  definition         r_c = p_TCP - p_c
  p_TCP [x,y,z]    = [    516.2,       3.8,      18.6] mm
  p_c [EE]         = [      0.0,     -60.0,      -0.0] mm
  r_c [t1,t2,n]    = [     -0.4,     -60.0,      -1.1] mm
                     p_c resolved at end of setup

-- effective TCP impedance ---------------------------------------------------
  K_TCP translation = [   1999.5,    1998.7,     351.8] N/m
  K_TCP rotation   = [      6.3,       5.0,      57.1] Nm/rad
  commanded KR was = [      5.0,       5.0,      50.0] Nm/rad   including lever contribution
  D_TCP translation = [    232.2,     172.8,     112.6] Ns/m
  D_TCP rotation   = [      1.8,       2.0,       1.7] Nms/rad
  coupling           max |moment per unit translation| = 120.0 Nm/m (K), 13.9 Nms/m (D)
  eigenvalues        K_TCP 4.98 .. 2007 | D_TCP 0.89 .. 233  (both positive: valid springs)

  K_TCP [N/m, Nm/rad | rows fx..mz, cols tx..rz]:
           tx        ty        tz    |    rx        ry        rz
  fx [    2000  -0.7871   -28.44 |   -1.707   -1.103     -120 ]
  fy [ -0.7871     1999   -45.62 |   -1.622  0.01937   0.8767 ]
  fz [  -28.44   -45.62    351.8 |    21.08  -0.1301    1.687 ]
     ---------------------------+---------------------------
  mx [  -1.707   -1.622    21.08 |    6.277  0.01367   0.8773 ]
  my [  -1.103  0.01937  -0.1301 |  0.01367    5.035     1.31 ]
  mz [    -120   0.8767    1.687 |   0.8773     1.31    57.15 ]

  D_TCP [Ns/m, Nms/rad]:
           tx        ty        tz    |    rx        ry        rz
  fx [   232.2 -0.05711   -2.063 |  -0.1238  -0.1286   -13.93 ]
  fy [-0.05711    172.8   -1.668 | -0.003675 0.0007238  0.07512 ]
  fz [  -2.063   -1.668    112.6 |    6.753 -0.04556   0.1231 ]
     ---------------------------+---------------------------
  mx [ -0.1238 -0.003675    6.753 |    1.774 -0.002959 -0.0007137 ]
  my [ -0.1286 0.0007238 -0.04556 | -0.002959    1.978 -0.02222 ]
  mz [  -13.93  0.07512   0.1231 | -0.0007137 -0.02222    1.733 ]

[GATE] Set up finished (still pressing). Press Enter to start the grind (e+Enter stops).

Stop requested with e + Enter. Finishing control loop...

-- joint motion [deg] --------------------------------------------------------
  joint       start    final    delta
  q1            0.9      1.9     +1.0
  q2           12.1     30.3    +18.2
  q3           -0.5     -1.3     -0.7
  q4         -130.9   -128.8     +2.1
  q5           -0.1      0.5     +0.6
  q6          142.9    154.6    +11.7
  q7           44.7     45.8     +1.0

==============================================================================
  FINAL RESULT
==============================================================================
  p_d              = [    514.0,      -4.1,    -215.2] mm
  p_EE             = [    516.2,       3.8,      18.6] mm
  e_p              = [     -2.2,      -7.9,    -233.8] mm
  e_R              = [     2.84,     -1.67,      0.31] deg
------------------------------------------------------------------------------
  position error     233.94 mm
  rotation error     3.30 deg
  csv                logs/surface_grinding_controller_log.csv
------------------------------------------------------------------------------
