
==============================================================================
  SURFACE GRINDING CONTROLLER
==============================================================================
  robot              172.16.0.2
  parameters         /home/hm-panda/Desktop/Thesis_Final_Control/surface_grinding_controller/params
------------------------------------------------------------------------------

==============================================================================
  SURFACE GRINDING CONTROLLER - STARTUP MENU
==============================================================================

-- RUN MODES -----------------------------------------------------------------
  s      Run orientation, approach, setup, and grinding
  h      Cartesian pose hold at the initial posture
  t      Cartesian pose hold with the setup impedance
  g      Start manual guidance from the current robot pose

-- ROBOT PREPARATION ---------------------------------------------------------
  i      Move to the configured initial joint posture

-- GRIPPER AND TOOL ----------------------------------------------------------
  o      Open the gripper
  c      Grasp the tool
  r      Recalibrate the gripper with empty fingers
  f      Pick up the tool from the holder
  b      Return the tool to the holder

-- PROGRAM -------------------------------------------------------------------
  e      Exit
------------------------------------------------------------------------------
  During control: e = stop | m = startup menu | g = guidance
------------------------------------------------------------------------------
Selection [s/h/t/g/i/o/c/r/f/b/e]: 
-- SELECTED MODE: PHASE SEQUENCE ---------------------------------------------

-- moving to q_init ----------------------------------------------------------
  case               saved_qinit
  q1..q7 [deg]     = [0.8, 12.1, -0.5, -130.9, -0.2, 142.9, 44.7] deg
  saved_qinit = [0.014777, 0.210911, -0.009320, -2.284835, -0.002725, 2.493410, 0.780694] rad
  q_init reached.

-- start pose ----------------------------------------------------------------
  q_start          = [0.9, 12.1, -0.5, -130.9, -0.1, 142.9, 44.7] deg
  p_start          = [    531.4,       2.5,     156.8] mm

==============================================================================
  RUN
==============================================================================

-- phase: approach_orient ----------------------------------------------------
  Kp [t1,t2,n]     = [    150.0,     150.0,     150.0] N/m
  Dp [t1,t2,n]     = [    133.7,      94.2,     128.3] Ns/m     auto (factor 1.90)
  KR [t1,t2,n]     = [    180.0,     180.0,      90.0] Nm/rad
  DR [t1,t2,n]     = [     15.3,      25.0,       2.0] Nms/rad  auto (factor 1.90)
orient:     t=  0.0 s | axis_err=  8.5 deg | spin_err=  0.5 deg
orient:     t=  0.2 s | axis_err=  7.2 deg | spin_err=  0.2 deg
orient:     t=  0.4 s | axis_err=  3.3 deg | spin_err=  0.2 deg
orient:     t=  0.6 s | axis_err=  1.1 deg | spin_err=  0.2 deg
orient:     t=  0.8 s | axis_err=  0.9 deg | spin_err=  0.3 deg

Orientation reached: axis_err=0.8 deg | spin_err=0.3 deg

-- phase: approach_descend ---------------------------------------------------
  Kp [t1,t2,n]     = [    150.0,     150.0,     150.0] N/m
  Dp [t1,t2,n]     = [    133.7,      94.2,     128.3] Ns/m     auto (factor 1.90)
  KR [t1,t2,n]     = [    180.0,     180.0,      90.0] Nm/rad
  DR [t1,t2,n]     = [     15.3,      25.0,       2.0] Nms/rad  auto (factor 1.90)
  descend to         20 mm clearance at 0.100 m/s
descend:    t=  0.0 s | distance=   0.1 mm | height=+121.5 mm (target 20.0) | force=  0.0 N
descend:    t=  0.2 s | distance=  20.2 mm | height=+110.7 mm (target 20.0) | force=  2.3 N
descend:    t=  0.4 s | distance=  40.3 mm | height= +95.8 mm (target 20.0) | force=  2.2 N
descend:    t=  0.6 s | distance=  60.4 mm | height= +79.8 mm (target 20.0) | force=  3.3 N
descend:    t=  0.8 s | distance=  80.5 mm | height= +63.0 mm (target 20.0) | force=  3.5 N
descend:    t=  1.0 s | distance= 100.6 mm | height= +46.3 mm (target 20.0) | force=  3.1 N
descend:    t=  1.2 s | distance= 120.7 mm | height= +29.4 mm (target 20.0) | force=  2.8 N

Clearance reached: distance=132.0 mm | height=20.0 mm | target=20.0 mm | force=2.3 N
  offset_ee        = [     20.0,      60.0,      20.0] mm
  p_EE_at_contact  = [    517.2,       1.5,      49.8] mm
  contact_point    = [    535.6,     -55.9,       1.3] mm
  edge_offset      = [     18.4,     -57.4,     -48.5] mm

-- phase: setup --------------------------------------------------------------

-- setup impedance -----------------------------------------------------------
  law                wrench = K_TCP*dx + D_TCP*dv
                     K_TCP  = Ad(r_c)^T * blkdiag(Kp,KR) * Ad(r_c)
  Kp [t1,t2,n]     = [   2000.0,    2000.0,     350.0] N/m
  Dp [t1,t2,n]     = [    231.2,     178.0,     112.0] Ns/m     auto
  KR [t1,t2,n]     = [      5.0,       5.0,      50.0] Nm/rad
  DR [t1,t2,n]     = [      1.5,       1.9,       1.2] Nms/rad  auto
  p_c [EE]         = [     -0.0,     -80.0,       0.0] mm       commanded in the tool frame
  r_c [t1,t2,n]    = [     -0.0,     -79.0,     -12.4] mm       p_TCP - p_c, in the plane
setup:     t=  0.0 s | ee=  0.0 deg | F=  0.1 N | M=  0.0 Nm (limit 150.0) | contact= 19.9 mm
setup:     t=  0.2 s | ee=  0.9 deg | F=  1.2 N | M=  0.8 Nm (limit 150.0) | contact=  7.5 mm
setup:     t=  0.4 s | ee=  1.6 deg | F= 20.7 N | M=  0.8 Nm (limit 150.0) | contact=  3.4 mm
setup:     t=  0.6 s | ee=  1.6 deg | F= 16.4 N | M=  0.8 Nm (limit 150.0) | contact=  3.5 mm
setup:     t=  0.8 s | ee=  1.7 deg | F= 21.6 N | M=  0.9 Nm (limit 150.0) | contact=  3.7 mm
setup:     t=  1.0 s | ee=  1.8 deg | F= 26.2 N | M=  1.0 Nm (limit 150.0) | contact=  3.7 mm
setup:     t=  1.2 s | ee=  2.1 deg | F= 32.1 N | M=  0.8 Nm (limit 150.0) | contact=  3.8 mm
setup:     t=  1.4 s | ee=  2.6 deg | F= 36.8 N | M=  1.0 Nm (limit 150.0) | contact=  3.9 mm
setup:     t=  1.6 s | ee=  4.7 deg | F= 37.8 N | M=  1.2 Nm (limit 150.0) | contact=  3.8 mm
setup:     t=  1.8 s | ee=  7.7 deg | F= 40.3 N | M=  1.3 Nm (limit 150.0) | contact=  3.9 mm
setup:     t=  2.0 s | ee=  8.4 deg | F= 48.9 N | M=  5.0 Nm (limit 150.0) | contact=  3.7 mm
setup:     t=  2.2 s | ee=  8.4 deg | F= 54.2 N | M=  5.1 Nm (limit 150.0) | contact=  3.8 mm
setup:     t=  2.4 s | ee=  8.4 deg | F= 59.5 N | M=  5.4 Nm (limit 150.0) | contact=  4.0 mm
setup:     t=  2.6 s | ee=  8.4 deg | F= 65.3 N | M=  5.7 Nm (limit 150.0) | contact=  4.1 mm
setup:     t=  2.8 s | ee=  8.4 deg | F= 70.8 N | M=  6.0 Nm (limit 150.0) | contact=  4.2 mm
setup:     t=  3.0 s | ee=  8.5 deg | F= 76.5 N | M=  6.3 Nm (limit 150.0) | contact=  4.4 mm
setup:     t=  3.2 s | ee=  8.5 deg | F= 81.7 N | M=  6.6 Nm (limit 150.0) | contact=  4.5 mm
setup:     t=  3.4 s | ee=  8.5 deg | F= 76.8 N | M=  6.6 Nm (limit 150.0) | contact=  4.4 mm
setup:     t=  3.6 s | ee=  8.5 deg | F= 76.6 N | M=  6.5 Nm (limit 150.0) | contact=  4.4 mm
setup:     t=  3.8 s | ee=  8.5 deg | F= 76.7 N | M=  6.5 Nm (limit 150.0) | contact=  4.4 mm
setup:     t=  4.0 s | ee=  8.5 deg | F= 76.7 N | M=  6.5 Nm (limit 150.0) | contact=  4.4 mm
setup:     t=  4.2 s | ee=  8.5 deg | F= 76.6 N | M=  6.5 Nm (limit 150.0) | contact=  4.4 mm
setup:     t=  4.4 s | ee=  8.5 deg | F= 76.6 N | M=  6.5 Nm (limit 150.0) | contact=  4.4 mm
setup:     t=  4.6 s | ee=  8.5 deg | F= 76.5 N | M=  6.5 Nm (limit 150.0) | contact=  4.4 mm
setup:     t=  4.8 s | ee=  8.5 deg | F= 76.5 N | M=  6.4 Nm (limit 150.0) | contact=  4.4 mm

==============================================================================
  SETUP RESULT
==============================================================================
  stop: time | t=5.0 s | ee=8.5 deg | F=76.5 N | M_TCP=6.4 Nm
  contact_from_start = [-3.1, -0.2, -3.0] mm | norm=4.4 mm
  tcp_from_contact  = [-20.7, +60.2, +17.9] mm | norm=66.2 mm
  deviation: before=9.32 deg | after=3.12 deg | gain=+6.19 deg
  t_align: not reached | tolerance=2.00 deg | hold=0.30 s
  deviation components [t1,t2,n] deg: before=[-9.30,-0.50,-0.00] | after=[-1.20,-2.88,-0.00]

-- setup surface-frame breakdown ---------------------------------------------
  frame              alignment-target [tangent1, tangent2, normal]
  force        [N]      = [    +4.12,     -7.21,    -76.08]
  tcp_disp     [mm]     = [    -1.78,     +3.65,    -30.53]
  contact_disp [mm]     = [    -3.07,     -0.11,     -3.09]
  Kp_eff=F/tcp [N/m]    = [  -2321.6,   -1975.7,    2492.2]
  M_contact    [Nm]     = [   -10.71,     -0.01,     -0.17]
  ee_angle     [deg]    = [    +8.12,     -2.42,     +0.20]
  KR_eff=M/ang [Nm/rad] = [    -75.6,       0.1,     -50.2]
  frame              tool face [length, width, tool axis]
  M_contact    [Nm]     = [    +0.09,    +10.69,     +0.71]

-- center of compliance ------------------------------------------------------
  definition         r_c = p_TCP - p_c
  p_TCP [x,y,z]    = [    514.9,       4.3,      19.3] mm
  p_c [EE]         = [     -0.0,     -80.0,      -0.0] mm
  r_c [t1,t2,n]    = [     -0.6,     -80.0,      -1.1] mm
                     p_c resolved at end of setup

-- effective TCP impedance ---------------------------------------------------
  K_TCP translation = [   1999.5,    1998.7,     351.8] N/m
  K_TCP rotation   = [      7.3,       5.0,      62.7] Nm/rad
  commanded KR was = [      5.0,       5.0,      50.0] Nm/rad   including lever contribution
  D_TCP translation = [    231.2,     178.0,     112.1] Ns/m
  D_TCP rotation   = [      2.2,       1.9,       2.7] Nms/rad
  coupling           max |moment per unit translation| = 159.9 Nm/m (K), 18.5 Nms/m (D)
  eigenvalues        K_TCP 4.97 .. 2013 | D_TCP 1.20 .. 233  (both positive: valid springs)

  K_TCP [N/m, Nm/rad | rows fx..mz, cols tx..rz]:
           tx        ty        tz    |    rx        ry        rz
  fx [    2000  -0.7871   -28.44 |   -2.276   -2.209   -159.9 ]
  fy [ -0.7871     1999   -45.62 |   -1.424  0.02797     1.25 ]
  fz [  -28.44   -45.62    351.8 |    28.09  -0.1772    2.248 ]
     ---------------------------+---------------------------
  mx [  -2.276   -1.424    28.09 |    7.258  0.00732   0.9568 ]
  my [  -2.209  0.02797  -0.1772 |  0.00732    5.037    1.421 ]
  mz [  -159.9     1.25    2.248 |   0.9568    1.421    62.75 ]

  D_TCP [Ns/m, Nms/rad]:
           tx        ty        tz    |    rx        ry        rz
  fx [   231.2 -0.05687   -2.055 |  -0.1644  -0.2562   -18.49 ]
  fy [-0.05687      178   -1.824 |  0.05225 0.001147   0.1103 ]
  fz [  -2.055   -1.824    112.1 |    8.967 -0.06431   0.1633 ]
     ---------------------------+---------------------------
  mx [ -0.1644  0.05225    8.967 |    2.206 -0.005278 0.008273 ]
  my [ -0.2562 0.001147 -0.06431 | -0.005278    1.898 0.001297 ]
  mz [  -18.49   0.1103   0.1633 | 0.008273 0.001297    2.684 ]

[GATE] Set up finished (still pressing). Press Enter to start the grind (e+Enter stops).

Stop requested with e + Enter. Finishing control loop...

-- joint motion [deg] --------------------------------------------------------
  joint       start    final    delta
  q1            0.9      5.7     +4.8
  q2           12.1     30.3    +18.2
  q3           -0.5     -4.5     -4.0
  q4         -130.9   -128.4     +2.5
  q5           -0.1      3.8     +3.9
  q6          142.9    153.2    +10.3
  q7           44.7     43.7     -1.0

==============================================================================
  FINAL RESULT
==============================================================================
  p_d              = [    512.7,      -5.7,    -210.0] mm
  p_EE             = [    514.9,       4.3,      19.3] mm
  e_p              = [     -2.2,     -10.0,    -229.3] mm
  e_R              = [     8.12,     -2.41,      0.12] deg
------------------------------------------------------------------------------
  position error     229.51 mm
  rotation error     8.47 deg
  csv                logs/surface_grinding_controller_log.csv
------------------------------------------------------------------------------
