
==============================================================================
  SURFACE GRINDING CONTROLLER
==============================================================================
  robot              172.16.0.2
  parameters         /home/hm-panda/Desktop/Thesis_Final_Control/surface_grinding_controller/params
------------------------------------------------------------------------------

==============================================================================
  SURFACE GRINDING CONTROLLER - STARTUP MENU
==============================================================================

-- RUN MODES -----------------------------------------------------------------
  s      Run orientation, approach, setup, and grinding
  h      Cartesian pose hold at the initial posture
  t      Cartesian pose hold with the setup impedance
  g      Start manual guidance from the current robot pose

-- ROBOT PREPARATION ---------------------------------------------------------
  i      Move to the configured initial joint posture

-- GRIPPER AND TOOL ----------------------------------------------------------
  o      Open the gripper
  c      Grasp the tool
  r      Recalibrate the gripper with empty fingers
  f      Pick up the tool from the holder
  b      Return the tool to the holder

-- PROGRAM -------------------------------------------------------------------
  e      Exit
------------------------------------------------------------------------------
  During control: e = stop | m = startup menu | g = guidance
------------------------------------------------------------------------------
Selection [s/h/t/g/i/o/c/r/f/b/e]: 
-- SELECTED MODE: PHASE SEQUENCE ---------------------------------------------

-- moving to q_init ----------------------------------------------------------
  case               saved_qinit
  q1..q7 [deg]     = [0.8, 12.1, -0.5, -130.9, -0.2, 142.9, 44.7] deg
  saved_qinit = [0.014777, 0.210911, -0.009320, -2.284835, -0.002725, 2.493410, 0.780694] rad
  q_init reached.

-- start pose ----------------------------------------------------------------
  q_start          = [0.9, 12.1, -0.5, -130.9, -0.1, 142.9, 44.7] deg
  p_start          = [    531.3,       2.5,     156.8] mm

==============================================================================
  RUN
==============================================================================

-- phase: approach_orient ----------------------------------------------------
  Kp [t1,t2,n]     = [    150.0,     150.0,     150.0] N/m
  Dp [t1,t2,n]     = [    133.7,      94.2,     128.3] Ns/m     auto (factor 1.90)
  KR [t1,t2,n]     = [    180.0,     180.0,      90.0] Nm/rad
  DR [t1,t2,n]     = [     15.3,      25.0,       2.0] Nms/rad  auto (factor 1.90)
orient:     t=  0.0 s | axis_err=  8.5 deg | spin_err=  0.5 deg
orient:     t=  0.2 s | axis_err=  7.3 deg | spin_err=  0.3 deg
orient:     t=  0.4 s | axis_err=  3.3 deg | spin_err=  0.2 deg
orient:     t=  0.6 s | axis_err=  1.1 deg | spin_err=  0.2 deg
orient:     t=  0.8 s | axis_err=  0.9 deg | spin_err=  0.3 deg

Orientation reached: axis_err=0.9 deg | spin_err=0.2 deg

-- phase: approach_descend ---------------------------------------------------
  Kp [t1,t2,n]     = [    150.0,     150.0,     150.0] N/m
  Dp [t1,t2,n]     = [    133.7,      94.2,     128.3] Ns/m     auto (factor 1.90)
  KR [t1,t2,n]     = [    180.0,     180.0,      90.0] Nm/rad
  DR [t1,t2,n]     = [     15.3,      25.0,       2.0] Nms/rad  auto (factor 1.90)
  descend to         20 mm clearance at 0.100 m/s
descend:    t=  0.0 s | distance=   0.1 mm | height=+121.9 mm (target 20.0) | force= -0.0 N
descend:    t=  0.2 s | distance=  20.2 mm | height=+111.1 mm (target 20.0) | force=  1.8 N
descend:    t=  0.4 s | distance=  40.3 mm | height= +96.1 mm (target 20.0) | force=  2.6 N
descend:    t=  0.6 s | distance=  60.4 mm | height= +80.1 mm (target 20.0) | force=  3.3 N
descend:    t=  0.8 s | distance=  80.5 mm | height= +63.0 mm (target 20.0) | force=  2.7 N
descend:    t=  1.0 s | distance= 100.6 mm | height= +46.2 mm (target 20.0) | force=  3.0 N
descend:    t=  1.2 s | distance= 120.7 mm | height= +29.0 mm (target 20.0) | force=  2.8 N

Clearance reached: distance=131.4 mm | height=20.0 mm | target=20.0 mm | force=2.1 N
  offset_ee        = [     20.0,      60.0,      20.0] mm
  p_EE_at_contact  = [    517.0,       1.5,      49.7] mm
  contact_point    = [    535.4,     -56.0,       1.3] mm
  edge_offset      = [     18.4,     -57.5,     -48.4] mm

-- phase: setup --------------------------------------------------------------

-- setup impedance -----------------------------------------------------------
  law                wrench = K_TCP*dx + D_TCP*dv
                     K_TCP  = Ad(r_c)^T * blkdiag(Kp,KR) * Ad(r_c)
  Kp [t1,t2,n]     = [   2000.0,    2000.0,     350.0] N/m
  Dp [t1,t2,n]     = [    231.2,     178.0,     112.1] Ns/m     auto
  KR [t1,t2,n]     = [      5.0,       5.0,      50.0] Nm/rad
  DR [t1,t2,n]     = [      1.5,       1.9,       1.2] Nms/rad  auto
  p_c [EE]         = [     -0.0,      -0.0,     -60.0] mm       commanded in the tool frame
  r_c [t1,t2,n]    = [     -2.1,       9.2,     -59.2] mm       p_TCP - p_c, in the plane
setup:     t=  0.0 s | ee=  0.0 deg | F=  0.1 N | M=  0.0 Nm (limit 150.0) | contact= 19.9 mm
setup:     t=  0.2 s | ee=  1.0 deg | F=  1.0 N | M=  1.0 Nm (limit 150.0) | contact=  7.2 mm
setup:     t=  0.4 s | ee=  1.8 deg | F= 18.2 N | M=  9.6 Nm (limit 150.0) | contact=  5.2 mm
setup:     t=  0.6 s | ee=  1.8 deg | F= 15.4 N | M=  8.6 Nm (limit 150.0) | contact=  5.3 mm
setup:     t=  0.8 s | ee=  1.8 deg | F= 21.1 N | M= 11.5 Nm (limit 150.0) | contact=  5.4 mm
setup:     t=  1.0 s | ee=  1.8 deg | F= 26.3 N | M= 14.2 Nm (limit 150.0) | contact=  5.5 mm
setup:     t=  1.2 s | ee=  1.9 deg | F= 32.5 N | M= 17.5 Nm (limit 150.0) | contact=  5.6 mm
setup:     t=  1.4 s | ee=  1.9 deg | F= 38.2 N | M= 20.3 Nm (limit 150.0) | contact=  5.8 mm
setup:     t=  1.6 s | ee=  1.9 deg | F= 43.6 N | M= 23.1 Nm (limit 150.0) | contact=  5.9 mm
setup:     t=  1.8 s | ee=  1.9 deg | F= 49.0 N | M= 25.9 Nm (limit 150.0) | contact=  6.1 mm
setup:     t=  2.0 s | ee=  1.9 deg | F= 54.6 N | M= 28.8 Nm (limit 150.0) | contact=  6.2 mm
setup:     t=  2.2 s | ee=  1.9 deg | F= 60.8 N | M= 31.9 Nm (limit 150.0) | contact=  6.3 mm
setup:     t=  2.4 s | ee=  2.0 deg | F= 66.1 N | M= 34.7 Nm (limit 150.0) | contact=  6.5 mm
setup:     t=  2.6 s | ee=  2.0 deg | F= 71.0 N | M= 37.2 Nm (limit 150.0) | contact=  6.6 mm
setup:     t=  2.8 s | ee=  2.2 deg | F= 77.5 N | M= 40.5 Nm (limit 150.0) | contact=  6.7 mm
setup:     t=  3.0 s | ee=  2.3 deg | F= 82.9 N | M= 43.3 Nm (limit 150.0) | contact=  6.9 mm
setup:     t=  3.2 s | ee=  2.6 deg | F= 87.0 N | M= 45.5 Nm (limit 150.0) | contact=  6.9 mm
setup:     t=  3.4 s | ee=  3.0 deg | F= 81.1 N | M= 42.4 Nm (limit 150.0) | contact=  6.8 mm
setup:     t=  3.6 s | ee=  3.7 deg | F= 80.6 N | M= 42.1 Nm (limit 150.0) | contact=  6.8 mm
setup:     t=  3.8 s | ee=  4.3 deg | F= 80.7 N | M= 42.2 Nm (limit 150.0) | contact=  6.8 mm
setup:     t=  4.0 s | ee=  4.5 deg | F= 80.8 N | M= 42.3 Nm (limit 150.0) | contact=  6.8 mm
setup:     t=  4.2 s | ee=  4.8 deg | F= 80.7 N | M= 42.2 Nm (limit 150.0) | contact=  6.9 mm
setup:     t=  4.4 s | ee=  5.1 deg | F= 81.0 N | M= 42.4 Nm (limit 150.0) | contact=  6.9 mm
setup:     t=  4.6 s | ee=  5.1 deg | F= 81.2 N | M= 42.5 Nm (limit 150.0) | contact=  6.9 mm
setup:     t=  4.8 s | ee=  5.1 deg | F= 81.2 N | M= 42.5 Nm (limit 150.0) | contact=  6.9 mm

==============================================================================
  SETUP RESULT
==============================================================================
  stop: time | t=5.0 s | ee=5.1 deg | F=81.1 N | M=42.5 Nm
  contact_from_start = [-5.2, +0.5, -4.5] mm | norm=6.9 mm
  tcp_from_contact  = [-22.5, +59.6, +20.1] mm | norm=66.8 mm
  deviation: before=9.25 deg | after=5.55 deg | gain=+3.70 deg
  deviation components [t1,t2,n] deg: before=[-9.24,-0.46,+0.00] | after=[-4.77,-2.84,+0.00]

-- setup surface-frame breakdown ---------------------------------------------
  frame              alignment-target [tangent1, tangent2, normal]
  force        [N]      = [    -0.02,    -15.18,    -79.65]
  tcp_disp     [mm]     = [    -3.59,     +2.87,    -28.26]
  contact_disp [mm]     = [    -5.13,     +0.58,     -4.60]
  Kp_eff=F/tcp [N/m]    = [      4.7,   -5288.0,    2818.8]
  M_contact    [Nm]     = [    -2.83,    +40.34,     -7.27]
  tip_angle    [deg]    = [    +4.49,     -2.44,     +0.35]
  KR_eff=M/ang [Nm/rad] = [    -36.1,    -947.6,   -1189.8]
  frame              tool face [length, width, tool axis]
  M_contact    [Nm]     = [   -39.57,     +2.76,    +10.73]

-- center of compliance ------------------------------------------------------
  definition         r_c = p_TCP - p_c
  p_TCP [x,y,z]    = [    512.9,       3.6,      21.5] mm
  p_c [EE]         = [     -0.0,      -0.0,     -60.0] mm
  r_c [t1,t2,n]    = [     -4.6,       4.6,     -59.6] mm
                     p_c resolved at end of setup

-- effective TCP impedance ---------------------------------------------------
  K_TCP translation = [   1999.5,    1998.7,     351.8] N/m
  K_TCP rotation   = [     12.1,      12.2,      50.0] Nm/rad
  commanded KR was = [      5.0,       5.0,      50.0] Nm/rad   including lever contribution
  D_TCP translation = [    231.2,     177.9,     112.2] Ns/m
  D_TCP rotation   = [      2.1,       2.7,       1.2] Nms/rad
  coupling           max |moment per unit translation| = 119.5 Nm/m (K), 13.8 Nms/m (D)
  eigenvalues        K_TCP 4.98 .. 2007 | D_TCP 1.20 .. 232  (both positive: valid springs)

  K_TCP [N/m, Nm/rad | rows fx..mz, cols tx..rz]:
           tx        ty        tz    |    rx        ry        rz
  fx [    2000  -0.7871   -28.44 |   0.1308    119.5    5.887 ]
  fy [ -0.7871     1999   -45.62 |   -119.1   0.2079    11.16 ]
  fz [  -28.44   -45.62    351.8 |    1.686   -3.662  -0.3386 ]
     ---------------------------+---------------------------
  mx [  0.1308   -119.1    1.686 |    12.12  0.01985   0.1105 ]
  my [   119.5   0.2079   -3.662 |  0.01985    12.18    1.597 ]
  mz [   5.887    11.16  -0.3386 |   0.1105    1.597    50.03 ]

  D_TCP [Ns/m, Nms/rad]:
           tx        ty        tz    |    rx        ry        rz
  fx [   231.2 -0.05683   -2.053 |  0.00944     13.8   0.6808 ]
  fy [-0.05683    177.9   -1.821 |   -10.61  0.00678   0.9936 ]
  fz [  -2.053   -1.821    112.2 |  -0.2219  -0.7491 -0.01622 ]
     ---------------------------+---------------------------
  mx [ 0.00944   -10.61  -0.2219 |    2.122 0.001665 -0.06421 ]
  my [    13.8  0.00678  -0.7491 | 0.001665    2.726  0.02139 ]
  mz [  0.6808   0.9936 -0.01622 | -0.06421  0.02139    1.208 ]

[GATE] Set up finished (still pressing). Press Enter to start the grind (e+Enter stops).

Stop requested with e + Enter. Finishing control loop...

-- joint motion [deg] --------------------------------------------------------
  joint       start    final    delta
  q1            0.9      4.8     +4.0
  q2           12.1     29.8    +17.7
  q3           -0.5     -4.1     -3.6
  q4         -130.9   -128.7     +2.2
  q5           -0.1     10.9    +11.0
  q6          142.9    152.8     +9.9
  q7           44.7     36.8     -7.9

==============================================================================
  FINAL RESULT
==============================================================================
  p_d              = [    512.5,      -5.7,    -210.1] mm
  p_EE             = [    512.9,       3.6,      21.5] mm
  e_p              = [     -0.4,      -9.3,    -231.6] mm
  e_R              = [     4.49,     -2.43,      0.34] deg
------------------------------------------------------------------------------
  position error     231.75 mm
  rotation error     5.12 deg
  csv                logs/surface_grinding_controller_log.csv
------------------------------------------------------------------------------
