
==============================================================================
  SURFACE GRINDING CONTROLLER
==============================================================================
  robot              172.16.0.2
  parameters         /home/hm-panda/Desktop/Thesis_Final_Control/surface_grinding_controller/params
------------------------------------------------------------------------------

==============================================================================
  SURFACE GRINDING CONTROLLER - STARTUP MENU
==============================================================================

-- RUN MODES -----------------------------------------------------------------
  s      Run orientation, approach, setup, and grinding
  h      Cartesian pose hold at the initial posture
  t      Cartesian pose hold with the setup impedance
  g      Start manual guidance from the current robot pose

-- ROBOT PREPARATION ---------------------------------------------------------
  i      Move to the configured initial joint posture

-- GRIPPER AND TOOL ----------------------------------------------------------
  o      Open the gripper
  c      Grasp the tool
  r      Recalibrate the gripper with empty fingers
  f      Pick up the tool from the holder
  b      Return the tool to the holder

-- PROGRAM -------------------------------------------------------------------
  e      Exit
------------------------------------------------------------------------------
  During control: e = stop | m = startup menu | g = guidance
------------------------------------------------------------------------------
Selection [s/h/t/g/i/o/c/r/f/b/e]: 
-- SELECTED MODE: PHASE SEQUENCE ---------------------------------------------

-- moving to q_init ----------------------------------------------------------
  case               saved_qinit
  q1..q7 [deg]     = [0.8, 12.1, -0.5, -130.9, -0.2, 142.9, 44.7] deg
  saved_qinit = [0.014777, 0.210911, -0.009320, -2.284835, -0.002725, 2.493410, 0.780694] rad
  q_init reached.

-- start pose ----------------------------------------------------------------
  q_start          = [0.8, 12.1, -0.5, -130.9, -0.1, 142.9, 44.7] deg
  p_start          = [    531.3,       2.4,     156.8] mm

==============================================================================
  RUN
==============================================================================

-- phase: approach_orient ----------------------------------------------------
  Kp [t1,t2,n]     = [    150.0,     150.0,     150.0] N/m
  Dp [t1,t2,n]     = [    133.7,      94.2,     128.3] Ns/m     auto (factor 1.90)
  KR [t1,t2,n]     = [    300.0,     300.0,      90.0] Nm/rad
  DR [t1,t2,n]     = [     19.8,      32.3,       2.0] Nms/rad  auto (factor 1.90)
orient:     t=  0.0 s | axis_err=  8.5 deg | spin_err=  0.5 deg
orient:     t=  0.2 s | axis_err=  6.5 deg | spin_err=  0.1 deg
orient:     t=  0.4 s | axis_err=  2.5 deg | spin_err=  0.2 deg
orient:     t=  0.6 s | axis_err=  0.6 deg | spin_err=  0.1 deg
orient:     t=  0.8 s | axis_err=  0.5 deg | spin_err=  0.2 deg

Orientation reached: axis_err=0.4 deg | spin_err=0.1 deg

-- phase: approach_descend ---------------------------------------------------
  Kp [t1,t2,n]     = [    150.0,     150.0,     150.0] N/m
  Dp [t1,t2,n]     = [    133.7,      94.2,     128.3] Ns/m     auto (factor 1.90)
  KR [t1,t2,n]     = [    300.0,     300.0,      90.0] Nm/rad
  DR [t1,t2,n]     = [     19.8,      32.3,       2.0] Nms/rad  auto (factor 1.90)
  descend to         20 mm clearance at 0.100 m/s
descend:    t=  0.0 s | distance=   0.1 mm | height=+120.3 mm (target 20.0) | force= -0.0 N
descend:    t=  0.2 s | distance=  20.2 mm | height=+110.2 mm (target 20.0) | force=  2.2 N
descend:    t=  0.4 s | distance=  40.3 mm | height= +94.9 mm (target 20.0) | force=  1.8 N
descend:    t=  0.6 s | distance=  60.4 mm | height= +78.5 mm (target 20.0) | force=  2.5 N
descend:    t=  0.8 s | distance=  80.5 mm | height= +61.5 mm (target 20.0) | force=  2.6 N
descend:    t=  1.0 s | distance= 100.6 mm | height= +44.6 mm (target 20.0) | force=  2.4 N
descend:    t=  1.2 s | distance= 120.7 mm | height= +27.5 mm (target 20.0) | force=  2.9 N

Clearance reached: distance=129.7 mm | height=20.0 mm | target=20.0 mm | force=1.3 N
  offset_ee        = [     20.0,      60.0,      20.0] mm
  p_EE_at_contact  = [    519.6,       1.0,      50.0] mm
  contact_point    = [    538.2,     -56.3,       1.3] mm
  edge_offset      = [     18.6,     -57.3,     -48.7] mm

-- phase: setup --------------------------------------------------------------

-- setup impedance -----------------------------------------------------------
  law                wrench = K_TCP*dx + D_TCP*dv
                     K_TCP  = Ad(r_c)^T * blkdiag(Kp,KR) * Ad(r_c)
  Kp [t1,t2,n]     = [   2000.0,    2000.0,     350.0] N/m
  Dp [t1,t2,n]     = [    231.2,     178.3,     111.8] Ns/m     auto
  KR [t1,t2,n]     = [      5.0,       5.0,      50.0] Nm/rad
  DR [t1,t2,n]     = [      1.5,       1.9,       1.2] Nms/rad  auto
  p_c [EE]         = [     -0.4,      59.2,      -9.6] mm       resolved in the tool frame
  r_c [t1,t2,n]    = [      0.0,      60.0,       0.0] mm       commanded: p_TCP - p_c, in the plane
setup:     t=  0.0 s | tip=  0.0 deg | F=  0.2 N | M=  0.1 Nm (limit 150.0) | contact= 19.9 mm
setup:     t=  0.2 s | tip=  1.0 deg | F=  2.7 N | M=  1.4 Nm (limit 150.0) | contact=  6.9 mm
setup:     t=  0.4 s | tip=  1.6 deg | F= 18.9 N | M= 10.5 Nm (limit 150.0) | contact=  3.3 mm
setup:     t=  0.6 s | tip=  1.6 deg | F= 16.4 N | M=  9.4 Nm (limit 150.0) | contact=  3.4 mm
setup:     t=  0.8 s | tip=  1.6 deg | F= 22.1 N | M= 12.3 Nm (limit 150.0) | contact=  3.5 mm
setup:     t=  1.0 s | tip=  1.6 deg | F= 27.6 N | M= 15.2 Nm (limit 150.0) | contact=  3.7 mm
setup:     t=  1.2 s | tip=  1.6 deg | F= 33.3 N | M= 18.2 Nm (limit 150.0) | contact=  3.8 mm
setup:     t=  1.4 s | tip=  1.7 deg | F= 39.1 N | M= 21.2 Nm (limit 150.0) | contact=  4.0 mm
setup:     t=  1.6 s | tip=  1.7 deg | F= 44.6 N | M= 24.0 Nm (limit 150.0) | contact=  4.1 mm
setup:     t=  1.8 s | tip=  1.7 deg | F= 50.4 N | M= 27.0 Nm (limit 150.0) | contact=  4.3 mm
setup:     t=  2.0 s | tip=  1.7 deg | F= 55.7 N | M= 29.8 Nm (limit 150.0) | contact=  4.5 mm
setup:     t=  2.2 s | tip=  1.7 deg | F= 61.1 N | M= 32.6 Nm (limit 150.0) | contact=  4.6 mm
setup:     t=  2.4 s | tip=  1.7 deg | F= 66.4 N | M= 35.4 Nm (limit 150.0) | contact=  4.7 mm
setup:     t=  2.6 s | tip=  1.7 deg | F= 71.7 N | M= 38.2 Nm (limit 150.0) | contact=  4.9 mm
setup:     t=  2.8 s | tip=  1.7 deg | F= 77.2 N | M= 41.0 Nm (limit 150.0) | contact=  5.0 mm
setup:     t=  3.0 s | tip=  1.8 deg | F= 83.0 N | M= 44.0 Nm (limit 150.0) | contact=  5.2 mm
setup:     t=  3.2 s | tip=  1.8 deg | F= 88.5 N | M= 47.0 Nm (limit 150.0) | contact=  5.3 mm
setup:     t=  3.4 s | tip=  1.8 deg | F= 83.3 N | M= 44.5 Nm (limit 150.0) | contact=  5.2 mm
setup:     t=  3.6 s | tip=  1.8 deg | F= 83.2 N | M= 44.4 Nm (limit 150.0) | contact=  5.2 mm
setup:     t=  3.8 s | tip=  1.8 deg | F= 83.2 N | M= 44.5 Nm (limit 150.0) | contact=  5.2 mm
setup:     t=  4.0 s | tip=  1.8 deg | F= 83.1 N | M= 44.4 Nm (limit 150.0) | contact=  5.2 mm
setup:     t=  4.2 s | tip=  1.8 deg | F= 83.1 N | M= 44.4 Nm (limit 150.0) | contact=  5.2 mm
setup:     t=  4.4 s | tip=  1.8 deg | F= 83.0 N | M= 44.3 Nm (limit 150.0) | contact=  5.2 mm
setup:     t=  4.6 s | tip=  1.8 deg | F= 83.0 N | M= 44.3 Nm (limit 150.0) | contact=  5.2 mm
setup:     t=  4.8 s | tip=  1.8 deg | F= 83.0 N | M= 44.3 Nm (limit 150.0) | contact=  5.2 mm

==============================================================================
  SETUP RESULT
==============================================================================
  stop: time | t=5.0 s | tip=1.8 deg | F=82.9 N | M=44.3 Nm
  contact_from_start = [-2.7, +0.4, -4.5] mm | norm=5.2 mm
  tcp_from_contact  = [-20.8, +57.1, +24.7] mm | norm=65.6 mm
  alignment: before=9.61 deg | after=9.73 deg | gain=-0.12 deg
  alignment components [t1,t2,n] deg: before=[-9.61,-0.33,-0.00] | after=[-9.50,-2.10,+0.00]

-- setup surface-frame breakdown ---------------------------------------------
  frame              alignment-target [tangent1, tangent2, normal]
  force        [N]      = [    +5.20,     -1.02,    -82.78]
  tcp_disp     [mm]     = [    -1.86,     +0.50,    -24.02]
  contact_disp [mm]     = [    -2.58,     +0.51,     -4.51]
  Kp_eff=F/tcp [N/m]    = [  -2791.3,   -2054.1,    3447.0]
  M_contact    [Nm]     = [    -0.86,    +42.74,     -0.50]
  tip_angle    [deg]    = [    +0.10,     -1.75,     -0.21]
  KR_eff=M/ang [Nm/rad] = [   -472.2,   -1400.6,     136.4]
  frame              tool face [length, width, tool axis]
  M_contact    [Nm]     = [   -42.07,     +0.59,     +7.58]

-- center of compliance ------------------------------------------------------
  definition         r_c = p_TCP - p_c
  p_TCP [x,y,z]    = [    517.3,       0.8,      26.1] mm
  p_c [EE]         = [     -0.6,      59.2,      -9.5] mm
  r_c [t1,t2,n]    = [      0.0,      60.0,       0.0] mm
                     p_c resolved at end of setup

-- effective TCP impedance ---------------------------------------------------
  K_TCP translation = [   1999.5,    1998.7,     351.8] N/m
  K_TCP rotation   = [      6.3,       5.0,      57.1] Nm/rad
  commanded KR was = [      5.0,       5.0,      50.0] Nm/rad   including lever contribution
  D_TCP translation = [    231.2,     178.3,     111.9] Ns/m
  D_TCP rotation   = [      1.9,       1.9,       2.1] Nms/rad
  coupling           max |moment per unit translation| = 119.9 Nm/m (K), 13.9 Nms/m (D)
  eigenvalues        K_TCP 4.98 .. 2007 | D_TCP 1.22 .. 232  (both positive: valid springs)

  K_TCP [N/m, Nm/rad | rows fx..mz, cols tx..rz]:
           tx        ty        tz    |    rx        ry        rz
  fx [    2000  -0.7871   -28.44 |    1.707    3.319    119.9 ]
  fy [ -0.7871     1999   -45.62 |  -0.5818 -0.001307 -0.04721 ]
  fz [  -28.44   -45.62    351.8 |   -21.02 -0.04721   -1.706 ]
     ---------------------------+---------------------------
  mx [   1.707  -0.5818   -21.02 |    6.275   0.0243    0.878 ]
  my [   3.319 -0.001307 -0.04721 |   0.0243     5.04    1.443 ]
  mz [   119.9 -0.04721   -1.706 |    0.878    1.443    57.14 ]

  D_TCP [Ns/m, Nms/rad]:
           tx        ty        tz    |    rx        ry        rz
  fx [   231.2 -0.05695   -2.058 |   0.1235   0.3838    13.87 ]
  fy [-0.05695    178.3   -1.837 |  -0.1857 -9.454e-05 -0.003416 ]
  fz [  -2.058   -1.837    111.9 |    -6.71 -0.003416  -0.1234 ]
     ---------------------------+---------------------------
  mx [  0.1235  -0.1857    -6.71 |      1.9 7.613e-05 0.002751 ]
  my [  0.3838 -9.454e-05 -0.003416 | 7.613e-05    1.892 0.004643 ]
  mz [   13.87 -0.003416  -0.1234 | 0.002751 0.004643    2.059 ]

[GATE] Set up finished (still pressing). Press Enter to start the grind (e+Enter stops).

Stop requested with e + Enter. Finishing control loop...

-- joint motion [deg] --------------------------------------------------------
  joint       start    final    delta
  q1            0.8      0.7     -0.1
  q2           12.1     29.5    +17.4
  q3           -0.5     -1.1     -0.6
  q4         -130.9   -128.1     +2.8
  q5           -0.1     17.3    +17.4
  q6          142.9    151.8     +9.0
  q7           44.7     28.9    -15.9

==============================================================================
  FINAL RESULT
==============================================================================
  p_d              = [    515.1,      -6.2,    -209.8] mm
  p_EE             = [    517.4,       0.8,      26.1] mm
  e_p              = [     -2.2,      -7.0,    -235.9] mm
  e_R              = [     0.10,     -1.75,     -0.16] deg
------------------------------------------------------------------------------
  position error     235.98 mm
  rotation error     1.76 deg
  csv                logs/surface_grinding_controller_log.csv
------------------------------------------------------------------------------
