
==============================================================================
  SURFACE GRINDING CONTROLLER
==============================================================================
  robot              172.16.0.2
  parameters         /home/hm-panda/Desktop/Thesis_Final_Control/surface_grinding_controller/params
------------------------------------------------------------------------------

==============================================================================
  SURFACE GRINDING CONTROLLER - STARTUP MENU
==============================================================================

-- RUN MODES -----------------------------------------------------------------
  s      Run orientation, approach, setup, and grinding
  h      Cartesian pose hold at the initial posture
  t      Cartesian pose hold with the setup impedance
  g      Start manual guidance from the current robot pose

-- ROBOT PREPARATION ---------------------------------------------------------
  i      Move to the configured initial joint posture

-- GRIPPER AND TOOL ----------------------------------------------------------
  o      Open the gripper
  c      Grasp the tool
  r      Recalibrate the gripper with empty fingers
  f      Pick up the tool from the holder
  b      Return the tool to the holder

-- PROGRAM -------------------------------------------------------------------
  e      Exit
------------------------------------------------------------------------------
  During control: e = stop | m = startup menu | g = guidance
------------------------------------------------------------------------------
Selection [s/h/t/g/i/o/c/r/f/b/e]: 
-- SELECTED MODE: PHASE SEQUENCE ---------------------------------------------

-- moving to q_init ----------------------------------------------------------
  case               saved_qinit
  q1..q7 [deg]     = [0.8, 12.1, -0.5, -130.9, -0.2, 142.9, 44.7] deg
  saved_qinit = [0.014777, 0.210911, -0.009320, -2.284835, -0.002725, 2.493410, 0.780694] rad
  q_init reached.

-- start pose ----------------------------------------------------------------
  q_start          = [0.8, 12.1, -0.5, -130.9, -0.2, 142.8, 44.7] deg
  p_start          = [    531.1,       2.4,     156.7] mm

==============================================================================
  RUN
==============================================================================

-- phase: approach_orient ----------------------------------------------------
  Kp [t1,t2,n]     = [    150.0,     150.0,     150.0] N/m
  Dp [t1,t2,n]     = [    133.7,      94.2,     128.3] Ns/m     auto (factor 1.90)
  KR [t1,t2,n]     = [    180.0,     180.0,      90.0] Nm/rad
  DR [t1,t2,n]     = [     15.3,      25.0,       2.0] Nms/rad  auto (factor 1.90)
orient:     t=  0.0 s | axis_err= 12.4 deg | spin_err=  0.6 deg
orient:     t=  0.2 s | axis_err= 11.0 deg | spin_err=  0.5 deg
orient:     t=  0.4 s | axis_err=  7.8 deg | spin_err=  0.2 deg
orient:     t=  0.6 s | axis_err=  4.0 deg | spin_err=  0.1 deg
orient:     t=  0.8 s | axis_err=  1.5 deg | spin_err=  0.0 deg
orient:     t=  1.0 s | axis_err=  1.0 deg | spin_err=  0.0 deg

Orientation reached: axis_err=0.9 deg | spin_err=0.0 deg

-- phase: approach_descend ---------------------------------------------------
  Kp [t1,t2,n]     = [    150.0,     150.0,     150.0] N/m
  Dp [t1,t2,n]     = [    133.7,      94.2,     128.3] Ns/m     auto (factor 1.90)
  KR [t1,t2,n]     = [    180.0,     180.0,      90.0] Nm/rad
  DR [t1,t2,n]     = [     15.3,      25.0,       2.0] Nms/rad  auto (factor 1.90)
  descend to         20 mm clearance at 0.100 m/s
descend:    t=  0.0 s | distance=   0.1 mm | height=+125.4 mm (target 20.0) | force=  0.0 N
descend:    t=  0.2 s | distance=  20.2 mm | height=+113.5 mm (target 20.0) | force=  1.3 N
descend:    t=  0.4 s | distance=  40.3 mm | height= +97.3 mm (target 20.0) | force=  2.1 N
descend:    t=  0.6 s | distance=  60.4 mm | height= +80.3 mm (target 20.0) | force=  1.8 N
descend:    t=  0.8 s | distance=  80.5 mm | height= +63.0 mm (target 20.0) | force=  3.2 N
descend:    t=  1.0 s | distance= 100.6 mm | height= +45.6 mm (target 20.0) | force=  2.8 N
descend:    t=  1.2 s | distance= 120.7 mm | height= +28.0 mm (target 20.0) | force=  3.2 N

Clearance reached: distance=129.8 mm | height=20.0 mm | target=20.0 mm | force=1.9 N
  offset_ee        = [     20.0,      60.0,      20.0] mm
  p_EE_at_contact  = [    502.9,      -0.5,      44.0] mm
  contact_point    = [    517.7,     -61.7,       1.8] mm
  edge_offset      = [     14.8,     -61.2,     -42.2] mm

-- phase: setup --------------------------------------------------------------

-- setup impedance -----------------------------------------------------------
  law                wrench = K_TCP*dx + D_TCP*dv
                     K_TCP  = Ad(r_c)^T * blkdiag(Kp,KR) * Ad(r_c)
  Kp [t1,t2,n]     = [   2000.0,    2000.0,     350.0] N/m
  Dp [t1,t2,n]     = [    236.8,     176.3,     109.9] Ns/m     auto
  KR [t1,t2,n]     = [      5.0,       5.0,      50.0] Nm/rad
  DR [t1,t2,n]     = [      1.3,       2.2,       1.2] Nms/rad  auto
  p_c [EE]         = [    -20.0,       0.0,       0.0] mm       commanded in the tool frame
  r_c [t1,t2,n]    = [     19.6,      -0.0,      -4.0] mm       p_TCP - p_c, in the plane
setup:     t=  0.0 s | ee=  0.0 deg | F=  0.1 N | M=  0.0 Nm (limit 150.0) | contact= 19.9 mm
setup:     t=  0.2 s | ee=  0.5 deg | F=  0.8 N | M=  0.3 Nm (limit 150.0) | contact=  7.3 mm
setup:     t=  0.4 s | ee=  1.2 deg | F= 20.5 N | M=  0.9 Nm (limit 150.0) | contact=  2.7 mm
setup:     t=  0.6 s | ee=  1.1 deg | F= 16.0 N | M=  0.6 Nm (limit 150.0) | contact=  2.8 mm
setup:     t=  0.8 s | ee=  1.1 deg | F= 21.1 N | M=  0.7 Nm (limit 150.0) | contact=  2.9 mm
setup:     t=  1.0 s | ee=  1.2 deg | F= 26.4 N | M=  1.0 Nm (limit 150.0) | contact=  3.1 mm
setup:     t=  1.2 s | ee=  1.2 deg | F= 31.9 N | M=  1.2 Nm (limit 150.0) | contact=  3.4 mm
setup:     t=  1.4 s | ee=  1.2 deg | F= 37.5 N | M=  1.3 Nm (limit 150.0) | contact=  3.8 mm
setup:     t=  1.6 s | ee=  1.3 deg | F= 43.5 N | M=  1.4 Nm (limit 150.0) | contact=  4.5 mm
setup:     t=  1.8 s | ee=  1.8 deg | F= 48.9 N | M=  1.0 Nm (limit 150.0) | contact=  6.1 mm
setup:     t=  2.0 s | ee=  1.9 deg | F= 54.4 N | M=  1.0 Nm (limit 150.0) | contact=  6.5 mm
setup:     t=  2.2 s | ee=  1.9 deg | F= 59.8 N | M=  1.0 Nm (limit 150.0) | contact=  6.9 mm
setup:     t=  2.4 s | ee=  1.9 deg | F= 65.5 N | M=  0.9 Nm (limit 150.0) | contact=  7.3 mm
setup:     t=  2.6 s | ee=  1.9 deg | F= 71.3 N | M=  1.0 Nm (limit 150.0) | contact=  7.5 mm
setup:     t=  2.8 s | ee=  1.8 deg | F= 76.6 N | M=  1.0 Nm (limit 150.0) | contact=  7.7 mm
setup:     t=  3.0 s | ee=  1.8 deg | F= 82.0 N | M=  1.1 Nm (limit 150.0) | contact=  7.8 mm
setup:     t=  3.2 s | ee=  1.8 deg | F= 87.7 N | M=  1.1 Nm (limit 150.0) | contact=  7.9 mm
setup:     t=  3.4 s | ee=  1.8 deg | F= 83.1 N | M=  1.2 Nm (limit 150.0) | contact=  7.8 mm
setup:     t=  3.6 s | ee=  1.8 deg | F= 83.1 N | M=  1.1 Nm (limit 150.0) | contact=  7.8 mm
setup:     t=  3.8 s | ee=  1.8 deg | F= 83.0 N | M=  1.1 Nm (limit 150.0) | contact=  7.8 mm
setup:     t=  4.0 s | ee=  1.8 deg | F= 83.0 N | M=  1.1 Nm (limit 150.0) | contact=  7.8 mm
setup:     t=  4.2 s | ee=  1.8 deg | F= 82.9 N | M=  1.1 Nm (limit 150.0) | contact=  7.8 mm
setup:     t=  4.4 s | ee=  1.8 deg | F= 82.8 N | M=  1.1 Nm (limit 150.0) | contact=  7.8 mm
setup:     t=  4.6 s | ee=  1.8 deg | F= 82.8 N | M=  1.1 Nm (limit 150.0) | contact=  7.8 mm
setup:     t=  4.8 s | ee=  1.8 deg | F= 82.8 N | M=  1.1 Nm (limit 150.0) | contact=  7.8 mm

==============================================================================
  SETUP RESULT
==============================================================================
  stop: time | t=5.0 s | ee=1.8 deg | F=82.8 N | M_TCP=1.1 Nm
  contact_from_start = [-3.4, -0.2, -7.0] mm | norm=7.8 mm
  tcp_from_contact  = [-18.5, +59.8, +16.9] mm | norm=64.8 mm
  deviation: before=10.06 deg | after=11.29 deg | gain=-1.24 deg
  t_align: not reached | tolerance=2.00 deg | hold=0.30 s
  t_align_fraction: not reached | fraction=0.50 of the deviation at contact
  deviation_min: 10.06 deg at t=0.01 s
  align_status: not_aligned
  deviation components [t1,t2,n] deg: before=[-0.45,-10.05,-0.00] | after=[-1.67,-11.17,-0.00]

-- setup surface-frame breakdown ---------------------------------------------
  frame              alignment-target [tangent1, tangent2, normal]
  force        [N]      = [    +7.57,     +2.06,    -82.43]
  tcp_disp     [mm]     = [    -3.24,     -0.71,    -25.38]
  contact_disp [mm]     = [    -3.26,     -0.03,     -7.06]
  Kp_eff=F/tcp [N/m]    = [  -2337.7,   -2884.7,    3248.0]
  M_contact    [Nm]     = [    -4.05,     -1.57,     -0.95]
  ee_angle     [deg]    = [    -1.32,     -1.11,     -0.43]
  KR_eff=M/ang [Nm/rad] = [    176.2,      80.6,     125.2]
  frame              tool face [length, width, tool axis]
  M_contact    [Nm]     = [    +1.57,     +3.81,     +1.67]

-- center of compliance ------------------------------------------------------
  definition         r_c = p_TCP - p_c
  p_TCP [x,y,z]    = [    499.2,      -1.9,      18.8] mm
  p_c [EE]         = [    -20.0,      -0.0,      -0.0] mm
  r_c [t1,t2,n]    = [     19.5,       0.2,      -4.4] mm
                     p_c resolved at end of setup

-- effective TCP impedance ---------------------------------------------------
  K_TCP translation = [   1999.5,    1998.7,     351.8] N/m
  K_TCP rotation   = [      5.1,       5.2,      50.7] Nm/rad
  commanded KR was = [      5.0,       5.0,      50.0] Nm/rad   including lever contribution
  D_TCP translation = [    236.7,     176.2,     110.0] Ns/m
  D_TCP rotation   = [      1.3,       2.3,       1.3] Nms/rad
  coupling           max |moment per unit translation| = 38.8 Nm/m (K), 3.4 Nms/m (D)
  eigenvalues        K_TCP 5.00 .. 2001 | D_TCP 1.19 .. 237  (both positive: valid springs)

  K_TCP [N/m, Nm/rad | rows fx..mz, cols tx..rz]:
           tx        ty        tz    |    rx        ry        rz
  fx [    2000  -0.7871   -28.44 | 0.006638    8.896   0.2205 ]
  fy [ -0.7871     1999   -45.62 |   -9.441  -0.8903   -38.84 ]
  fz [  -28.44   -45.62    351.8 |   0.1795    6.701   0.8836 ]
     ---------------------------+---------------------------
  mx [0.006638   -9.441   0.1795 |    5.058  0.02499   0.9591 ]
  my [   8.896  -0.8903    6.701 |  0.02499    5.207    1.262 ]
  mz [  0.2205   -38.84   0.8836 |   0.9591    1.262    50.71 ]

  D_TCP [Ns/m, Nms/rad]:
           tx        ty        tz    |    rx        ry        rz
  fx [   236.7 -0.06053   -2.187 | 0.0005105    1.076  0.02547 ]
  fy [-0.06053    176.2   -1.836 |  -0.8326 -0.03596   -3.425 ]
  fz [  -2.187   -1.836      110 | -0.002609    2.126  0.03545 ]
     ---------------------------+---------------------------
  mx [0.0005105  -0.8326 -0.002609 |    1.296 -9.496e-05  0.01449 ]
  my [   1.076 -0.03596    2.126 | -9.496e-05    2.264 -0.02751 ]
  mz [ 0.02547   -3.425  0.03545 |  0.01449 -0.02751    1.262 ]

[GATE] Set up finished (still pressing). Press Enter to start the grind (e+Enter stops).

Stop requested with e + Enter. Finishing control loop...

-- joint motion [deg] --------------------------------------------------------
  joint       start    final    delta
  q1            0.8     -0.4     -1.2
  q2           12.1     30.9    +18.7
  q3           -0.5      0.2     +0.7
  q4         -130.9   -125.3     +5.6
  q5           -0.2     -0.7     -0.5
  q6          142.8    142.5     -0.3
  q7           44.7     45.1     +0.4

==============================================================================
  FINAL RESULT
==============================================================================
  p_d              = [    498.4,      -7.7,    -215.8] mm
  p_EE             = [    499.2,      -1.9,      18.8] mm
  e_p              = [     -0.8,      -5.8,    -234.6] mm
  e_R              = [    -1.32,     -1.12,     -0.38] deg
------------------------------------------------------------------------------
  position error     234.63 mm
  rotation error     1.78 deg
  csv                logs/surface_grinding_controller_log.csv
------------------------------------------------------------------------------
