
==============================================================================
  SURFACE GRINDING CONTROLLER
==============================================================================
  robot              172.16.0.2
  parameters         /home/hm-panda/Desktop/Thesis_Final_Control/surface_grinding_controller/params
------------------------------------------------------------------------------

==============================================================================
  SURFACE GRINDING CONTROLLER - STARTUP MENU
==============================================================================

-- RUN MODES -----------------------------------------------------------------
  s      Run orientation, approach, setup, and grinding
  h      Cartesian pose hold at the initial posture
  t      Cartesian pose hold with the setup impedance
  g      Start manual guidance from the current robot pose

-- ROBOT PREPARATION ---------------------------------------------------------
  i      Move to the configured initial joint posture

-- GRIPPER AND TOOL ----------------------------------------------------------
  o      Open the gripper
  c      Grasp the tool
  r      Recalibrate the gripper with empty fingers
  f      Pick up the tool from the holder
  b      Return the tool to the holder

-- PROGRAM -------------------------------------------------------------------
  e      Exit
------------------------------------------------------------------------------
  During control: e = stop | m = startup menu | g = guidance
------------------------------------------------------------------------------
Selection [s/h/t/g/i/o/c/r/f/b/e]: 
-- SELECTED MODE: PHASE SEQUENCE ---------------------------------------------

-- moving to q_init ----------------------------------------------------------
  case               saved_qinit
  q1..q7 [deg]     = [0.8, 12.1, -0.5, -130.9, -0.2, 142.9, 44.7] deg
  saved_qinit = [0.014777, 0.210911, -0.009320, -2.284835, -0.002725, 2.493410, 0.780694] rad
  q_init reached.

-- start pose ----------------------------------------------------------------
  q_start          = [0.9, 12.1, -0.5, -130.9, -0.1, 142.9, 44.7] deg
  p_start          = [    531.3,       2.5,     156.9] mm

==============================================================================
  RUN
==============================================================================

-- phase: approach_orient ----------------------------------------------------
  Kp [t1,t2,n]     = [    150.0,     150.0,     150.0] N/m
  Dp [t1,t2,n]     = [    133.7,      94.2,     128.3] Ns/m     auto (factor 1.90)
  KR [t1,t2,n]     = [    300.0,     300.0,      90.0] Nm/rad
  DR [t1,t2,n]     = [     19.8,      32.3,       2.0] Nms/rad  auto (factor 1.90)
orient:     t=  0.0 s | axis_err=  8.5 deg | spin_err=  0.5 deg
orient:     t=  0.2 s | axis_err=  6.6 deg | spin_err=  0.2 deg
orient:     t=  0.4 s | axis_err=  2.5 deg | spin_err=  0.2 deg
orient:     t=  0.6 s | axis_err=  0.6 deg | spin_err=  0.1 deg
orient:     t=  0.8 s | axis_err=  0.5 deg | spin_err=  0.2 deg

Orientation reached: axis_err=0.5 deg | spin_err=0.2 deg

-- phase: approach_descend ---------------------------------------------------
  Kp [t1,t2,n]     = [    150.0,     150.0,     150.0] N/m
  Dp [t1,t2,n]     = [    133.7,      94.2,     128.3] Ns/m     auto (factor 1.90)
  KR [t1,t2,n]     = [    300.0,     300.0,      90.0] Nm/rad
  DR [t1,t2,n]     = [     19.8,      32.3,       2.0] Nms/rad  auto (factor 1.90)
  descend to         20 mm clearance at 0.100 m/s
descend:    t=  0.0 s | distance=   0.1 mm | height=+120.1 mm (target 20.0) | force=  0.0 N
descend:    t=  0.2 s | distance=  20.2 mm | height=+110.0 mm (target 20.0) | force=  2.0 N
descend:    t=  0.4 s | distance=  40.3 mm | height= +95.0 mm (target 20.0) | force=  1.9 N
descend:    t=  0.6 s | distance=  60.4 mm | height= +78.7 mm (target 20.0) | force=  1.5 N
descend:    t=  0.8 s | distance=  80.5 mm | height= +61.8 mm (target 20.0) | force=  2.4 N
descend:    t=  1.0 s | distance= 100.6 mm | height= +44.6 mm (target 20.0) | force=  1.9 N
descend:    t=  1.2 s | distance= 120.7 mm | height= +27.7 mm (target 20.0) | force=  3.7 N

Clearance reached: distance=129.9 mm | height=19.9 mm | target=20.0 mm | force=1.5 N
  offset_ee        = [     20.0,      60.0,      20.0] mm
  p_EE_at_contact  = [    519.2,       1.3,      50.0] mm
  contact_point    = [    537.7,     -56.0,       1.3] mm
  edge_offset      = [     18.6,     -57.3,     -48.7] mm

-- phase: setup --------------------------------------------------------------

-- setup impedance -----------------------------------------------------------
  law                wrench = K_TCP*dx + D_TCP*dv
                     K_TCP  = Ad(r_c)^T * blkdiag(Kp,KR) * Ad(r_c)
  Kp [t1,t2,n]     = [   2000.0,    2000.0,     350.0] N/m
  Dp [t1,t2,n]     = [    231.2,     178.3,     111.9] Ns/m     auto
  KR [t1,t2,n]     = [      5.0,       5.0,      50.0] Nm/rad
  DR [t1,t2,n]     = [      1.5,       1.9,       1.2] Nms/rad  auto
  p_c [EE]         = [     -0.0,      -0.0,      90.0] mm       commanded in the tool frame
  r_c [t1,t2,n]    = [      2.9,     -14.4,      88.8] mm       p_TCP - p_c, in the plane
setup:     t=  0.0 s | tip=  0.0 deg | F=  0.2 N | M=  0.1 Nm (limit 150.0) | contact= 19.9 mm
setup:     t=  0.2 s | tip=  0.7 deg | F=  3.0 N | M=  1.5 Nm (limit 150.0) | contact=  7.5 mm
setup:     t=  0.4 s | tip=  1.3 deg | F= 18.6 N | M=  9.9 Nm (limit 150.0) | contact=  2.4 mm
setup:     t=  0.6 s | tip=  1.3 deg | F= 16.5 N | M=  9.2 Nm (limit 150.0) | contact=  2.4 mm
setup:     t=  0.8 s | tip=  1.3 deg | F= 22.1 N | M= 12.1 Nm (limit 150.0) | contact=  2.5 mm
setup:     t=  1.0 s | tip=  1.3 deg | F= 28.1 N | M= 15.1 Nm (limit 150.0) | contact=  2.8 mm
setup:     t=  1.2 s | tip=  1.3 deg | F= 33.8 N | M= 18.1 Nm (limit 150.0) | contact=  2.9 mm
setup:     t=  1.4 s | tip=  1.3 deg | F= 39.3 N | M= 20.9 Nm (limit 150.0) | contact=  3.0 mm
setup:     t=  1.6 s | tip=  1.4 deg | F= 44.9 N | M= 23.8 Nm (limit 150.0) | contact=  3.2 mm
setup:     t=  1.8 s | tip=  1.6 deg | F= 49.8 N | M= 26.4 Nm (limit 150.0) | contact=  3.3 mm
setup:     t=  2.0 s | tip=  1.9 deg | F= 55.8 N | M= 29.5 Nm (limit 150.0) | contact=  3.5 mm
setup:     t=  2.2 s | tip=  2.4 deg | F= 61.2 N | M= 32.5 Nm (limit 150.0) | contact=  3.6 mm
setup:     t=  2.4 s | tip=  3.7 deg | F= 66.7 N | M= 35.7 Nm (limit 150.0) | contact=  3.6 mm
setup:     t=  2.6 s | tip=  5.9 deg | F= 68.4 N | M= 37.0 Nm (limit 150.0) | contact=  4.8 mm
setup:     t=  2.8 s | tip=  7.7 deg | F= 72.8 N | M= 40.1 Nm (limit 150.0) | contact=  5.8 mm
setup:     t=  3.0 s | tip=  7.8 deg | F= 79.7 N | M= 43.2 Nm (limit 150.0) | contact=  6.0 mm
setup:     t=  3.2 s | tip=  7.8 deg | F= 86.9 N | M= 46.6 Nm (limit 150.0) | contact=  6.1 mm
setup:     t=  3.4 s | tip=  7.8 deg | F= 81.3 N | M= 43.8 Nm (limit 150.0) | contact=  6.1 mm
setup:     t=  3.6 s | tip=  7.8 deg | F= 81.2 N | M= 43.7 Nm (limit 150.0) | contact=  6.1 mm
setup:     t=  3.8 s | tip=  7.8 deg | F= 81.0 N | M= 43.6 Nm (limit 150.0) | contact=  6.1 mm
setup:     t=  4.0 s | tip=  7.8 deg | F= 81.0 N | M= 43.6 Nm (limit 150.0) | contact=  6.1 mm
setup:     t=  4.2 s | tip=  7.8 deg | F= 80.9 N | M= 43.6 Nm (limit 150.0) | contact=  6.1 mm
setup:     t=  4.4 s | tip=  7.8 deg | F= 80.9 N | M= 43.5 Nm (limit 150.0) | contact=  6.1 mm
setup:     t=  4.6 s | tip=  7.8 deg | F= 80.8 N | M= 43.5 Nm (limit 150.0) | contact=  6.1 mm
setup:     t=  4.8 s | tip=  7.8 deg | F= 80.9 N | M= 43.5 Nm (limit 150.0) | contact=  6.1 mm

==============================================================================
  SETUP RESULT
==============================================================================
  stop: time | t=5.0 s | tip=7.8 deg | F=80.8 N | M=43.5 Nm
  contact_from_start = [+2.4, +4.1, -3.7] mm | norm=6.1 mm
  tcp_from_contact  = [-16.5, +64.2, +17.2] mm | norm=68.5 mm
  alignment: before=9.58 deg | after=1.92 deg | gain=+7.66 deg
  alignment components [t1,t2,n] deg: before=[-9.57,-0.34,+0.00] | after=[-1.77,-0.73,-0.00]

-- setup surface-frame breakdown ---------------------------------------------
  frame              alignment-target [tangent1, tangent2, normal]
  force        [N]      = [    -1.77,     +9.47,    -80.22]
  tcp_disp     [mm]     = [    +2.63,     +7.80,    -31.26]
  contact_disp [mm]     = [    +2.45,     +4.25,     -3.58]
  Kp_eff=F/tcp [N/m]    = [   -673.9,    1213.1,    2566.1]
  M_contact    [Nm]     = [    -5.58,    +41.59,     +5.01]
  tip_angle    [deg]    = [    +7.80,     -0.39,     +0.00]
  KR_eff=M/ang [Nm/rad] = [    -41.0,   -6045.7,       n/a]
  frame              tool face [length, width, tool axis]
  M_contact    [Nm]     = [   -41.72,     +5.61,     -3.65]

-- center of compliance ------------------------------------------------------
  definition         r_c = p_TCP - p_c
  p_TCP [x,y,z]    = [    521.2,       8.2,      18.5] mm
  p_c [EE]         = [      0.0,       0.0,      90.0] mm
  r_c [t1,t2,n]    = [      3.5,      -2.2,      89.9] mm
                     p_c resolved at end of setup

-- effective TCP impedance ---------------------------------------------------
  K_TCP translation = [   1999.5,    1998.7,     351.8] N/m
  K_TCP rotation   = [     21.2,      21.2,      50.0] Nm/rad
  commanded KR was = [      5.0,       5.0,      50.0] Nm/rad   including lever contribution
  D_TCP translation = [    231.2,     178.2,     112.0] Ns/m
  D_TCP rotation   = [      2.9,       3.8,       1.2] Nms/rad
  coupling           max |moment per unit translation| = 179.8 Nm/m (K), 20.8 Nms/m (D)
  eigenvalues        K_TCP 4.96 .. 2016 | D_TCP 1.22 .. 233  (both positive: valid springs)

  K_TCP [N/m, Nm/rad | rows fx..mz, cols tx..rz]:
           tx        ty        tz    |    rx        ry        rz
  fx [    2000  -0.7871   -28.44 | -0.06202   -179.8   0.6162 ]
  fy [ -0.7871     1999   -45.62 |    179.6  -0.1608   -10.14 ]
  fz [  -28.44   -45.62    351.8 |   -4.207     4.34   0.2228 ]
     ---------------------------+---------------------------
  mx [-0.06202    179.6   -4.207 |    21.15  0.00569  -0.1359 ]
  my [  -179.8  -0.1608     4.34 |  0.00569    21.21     1.19 ]
  mz [  0.6162   -10.14   0.2228 |  -0.1359     1.19       50 ]

  D_TCP [Ns/m, Nms/rad]:
           tx        ty        tz    |    rx        ry        rz
  fx [   231.2 -0.05691   -2.056 | -0.004484   -20.78  0.07107 ]
  fy [-0.05691    178.2   -1.835 |    16.01 -0.004197  -0.9045 ]
  fz [  -2.056   -1.835      112 |  -0.1992   0.7531 0.008682 ]
     ---------------------------+---------------------------
  mx [-0.004484    16.01  -0.1992 |    2.936 -0.0007376 -0.08597 ]
  my [  -20.78 -0.004197   0.7531 | -0.0007376    3.762 -0.02479 ]
  mz [ 0.07107  -0.9045 0.008682 | -0.08597 -0.02479    1.229 ]

[GATE] Set up finished (still pressing). Press Enter to start the grind (e+Enter stops).

Stop requested with e + Enter. Finishing control loop...

-- joint motion [deg] --------------------------------------------------------
  joint       start    final    delta
  q1            0.9      6.3     +5.4
  q2           12.1     30.7    +18.6
  q3           -0.5     -4.7     -4.1
  q4         -130.9   -128.6     +2.3
  q5           -0.1      5.6     +5.8
  q6          142.9    155.8    +12.9
  q7           44.7     42.0     -2.7

==============================================================================
  FINAL RESULT
==============================================================================
  p_d              = [    514.7,      -5.9,    -209.8] mm
  p_EE             = [    521.2,       8.2,      18.5] mm
  e_p              = [     -6.6,     -14.1,    -228.3] mm
  e_R              = [     7.80,     -0.40,     -0.12] deg
------------------------------------------------------------------------------
  position error     228.83 mm
  rotation error     7.81 deg
  csv                logs/surface_grinding_controller_log.csv
------------------------------------------------------------------------------
