
==============================================================================
  SURFACE GRINDING CONTROLLER
==============================================================================
  robot              172.16.0.2
  parameters         /home/hm-panda/Desktop/Thesis_Final_Control/surface_grinding_controller/params
------------------------------------------------------------------------------

==============================================================================
  SURFACE GRINDING CONTROLLER - STARTUP MENU
==============================================================================

-- RUN MODES -----------------------------------------------------------------
  s      Run orientation, approach, setup, and grinding
  h      Cartesian pose hold at the initial posture
  t      Cartesian pose hold with the setup impedance
  g      Start manual guidance from the current robot pose

-- ROBOT PREPARATION ---------------------------------------------------------
  i      Move to the configured initial joint posture

-- GRIPPER AND TOOL ----------------------------------------------------------
  o      Open the gripper
  c      Grasp the tool
  r      Recalibrate the gripper with empty fingers
  f      Pick up the tool from the holder
  b      Return the tool to the holder

-- PROGRAM -------------------------------------------------------------------
  e      Exit
------------------------------------------------------------------------------
  During control: e = stop | m = startup menu | g = guidance
------------------------------------------------------------------------------
Selection [s/h/t/g/i/o/c/r/f/b/e]: 
-- SELECTED MODE: PHASE SEQUENCE ---------------------------------------------

-- moving to q_init ----------------------------------------------------------
  case               saved_qinit
  q1..q7 [deg]     = [0.8, 12.1, -0.5, -130.9, -0.2, 142.9, 44.7] deg
  saved_qinit = [0.014777, 0.210911, -0.009320, -2.284835, -0.002725, 2.493410, 0.780694] rad
  q_init reached.

-- start pose ----------------------------------------------------------------
  q_start          = [0.9, 12.1, -0.5, -130.9, -0.1, 142.9, 44.7] deg
  p_start          = [    531.3,       2.5,     156.9] mm

==============================================================================
  RUN
==============================================================================

-- phase: approach_orient ----------------------------------------------------
  Kp [t1,t2,n]     = [    150.0,     150.0,     150.0] N/m
  Dp [t1,t2,n]     = [    133.7,      94.2,     128.3] Ns/m     auto (factor 1.90)
  KR [t1,t2,n]     = [     90.0,      90.0,      90.0] Nm/rad
  DR [t1,t2,n]     = [     10.8,      17.7,       2.0] Nms/rad  auto (factor 1.90)
orient:     t=  0.0 s | axis_err=  8.6 deg | spin_err=  0.6 deg
orient:     t=  0.2 s | axis_err=  8.0 deg | spin_err=  0.1 deg
orient:     t=  0.4 s | axis_err=  4.9 deg | spin_err=  0.2 deg
orient:     t=  0.6 s | axis_err=  2.0 deg | spin_err=  0.3 deg

Orientation reached: axis_err=2.0 deg | spin_err=0.3 deg

-- phase: approach_descend ---------------------------------------------------
  Kp [t1,t2,n]     = [    150.0,     150.0,     150.0] N/m
  Dp [t1,t2,n]     = [    133.7,      94.2,     128.3] Ns/m     auto (factor 1.90)
  KR [t1,t2,n]     = [     90.0,      90.0,      90.0] Nm/rad
  DR [t1,t2,n]     = [     10.8,      17.7,       2.0] Nms/rad  auto (factor 1.90)
  descend to         20 mm clearance at 0.100 m/s
descend:    t=  0.0 s | distance=   0.1 mm | height=+125.2 mm (target 20.0) | force= -0.0 N
descend:    t=  0.2 s | distance=  20.1 mm | height=+113.4 mm (target 20.0) | force=  2.1 N
descend:    t=  0.4 s | distance=  40.2 mm | height= +97.6 mm (target 20.0) | force=  2.4 N
descend:    t=  0.6 s | distance=  60.3 mm | height= +81.5 mm (target 20.0) | force=  2.9 N
descend:    t=  0.8 s | distance=  80.4 mm | height= +64.0 mm (target 20.0) | force=  2.4 N
descend:    t=  1.0 s | distance= 100.5 mm | height= +46.4 mm (target 20.0) | force=  3.4 N
descend:    t=  1.2 s | distance= 120.6 mm | height= +29.3 mm (target 20.0) | force=  3.6 N

Clearance reached: distance=131.3 mm | height=20.0 mm | target=20.0 mm | force=2.1 N
  offset_ee        = [     20.0,      60.0,      20.0] mm
  p_EE_at_contact  = [    519.4,       1.3,      49.1] mm
  contact_point    = [    538.1,     -56.4,       1.3] mm
  edge_offset      = [     18.7,     -57.7,     -47.8] mm

-- phase: setup --------------------------------------------------------------

-- setup impedance -----------------------------------------------------------
  law                wrench = K_TCP*dx + D_TCP*dv
                     K_TCP  = Ad(r_c)^T * blkdiag(Kp,KR) * Ad(r_c)
  Kp [t1,t2,n]     = [   2000.0,    2000.0,     350.0] N/m
  Dp [t1,t2,n]     = [    230.5,     177.4,     112.4] Ns/m     auto
  KR [t1,t2,n]     = [      5.0,       5.0,      50.0] Nm/rad
  DR [t1,t2,n]     = [      1.5,       1.9,       1.2] Nms/rad  auto
  p_c [EE]         = [     -0.0,       0.0,      60.0] mm       commanded in the tool frame
  r_c [t1,t2,n]    = [      1.0,      -9.0,      59.3] mm       p_TCP - p_c, in the plane
setup:     t=  0.0 s | tip=  0.0 deg | F=  0.1 N | M=  0.0 Nm (limit 150.0) | contact= 19.9 mm
setup:     t=  0.2 s | tip=  0.7 deg | F=  1.8 N | M=  1.2 Nm (limit 150.0) | contact=  7.6 mm
setup:     t=  0.4 s | tip=  1.3 deg | F= 20.6 N | M= 10.8 Nm (limit 150.0) | contact=  2.3 mm
setup:     t=  0.6 s | tip=  1.3 deg | F= 16.7 N | M=  9.2 Nm (limit 150.0) | contact=  2.3 mm
setup:     t=  0.8 s | tip=  1.3 deg | F= 21.8 N | M= 11.8 Nm (limit 150.0) | contact=  2.5 mm
setup:     t=  1.0 s | tip=  1.4 deg | F= 26.6 N | M= 14.3 Nm (limit 150.0) | contact=  2.7 mm
setup:     t=  1.2 s | tip=  1.4 deg | F= 32.8 N | M= 17.5 Nm (limit 150.0) | contact=  2.8 mm
setup:     t=  1.4 s | tip=  1.4 deg | F= 38.8 N | M= 20.6 Nm (limit 150.0) | contact=  3.0 mm
setup:     t=  1.6 s | tip=  1.5 deg | F= 43.9 N | M= 23.2 Nm (limit 150.0) | contact=  3.2 mm
setup:     t=  1.8 s | tip=  1.5 deg | F= 50.7 N | M= 26.7 Nm (limit 150.0) | contact=  3.2 mm
setup:     t=  2.0 s | tip=  1.8 deg | F= 54.0 N | M= 28.3 Nm (limit 150.0) | contact=  3.3 mm
setup:     t=  2.2 s | tip=  2.1 deg | F= 61.5 N | M= 32.2 Nm (limit 150.0) | contact=  3.4 mm
setup:     t=  2.4 s | tip=  2.9 deg | F= 64.6 N | M= 34.0 Nm (limit 150.0) | contact=  3.5 mm
setup:     t=  2.6 s | tip=  4.9 deg | F= 67.6 N | M= 35.9 Nm (limit 150.0) | contact=  3.9 mm
setup:     t=  2.8 s | tip=  6.9 deg | F= 72.6 N | M= 38.5 Nm (limit 150.0) | contact=  4.5 mm
setup:     t=  3.0 s | tip=  7.4 deg | F= 81.5 N | M= 43.1 Nm (limit 150.0) | contact=  4.3 mm
setup:     t=  3.2 s | tip=  7.3 deg | F= 85.6 N | M= 45.2 Nm (limit 150.0) | contact=  4.5 mm
setup:     t=  3.4 s | tip=  7.3 deg | F= 80.4 N | M= 42.5 Nm (limit 150.0) | contact=  4.4 mm
setup:     t=  3.6 s | tip=  7.3 deg | F= 80.4 N | M= 42.5 Nm (limit 150.0) | contact=  4.4 mm
setup:     t=  3.8 s | tip=  7.3 deg | F= 80.3 N | M= 42.5 Nm (limit 150.0) | contact=  4.4 mm
setup:     t=  4.0 s | tip=  7.3 deg | F= 80.3 N | M= 42.4 Nm (limit 150.0) | contact=  4.4 mm
setup:     t=  4.2 s | tip=  7.3 deg | F= 80.3 N | M= 42.4 Nm (limit 150.0) | contact=  4.4 mm
setup:     t=  4.4 s | tip=  7.3 deg | F= 80.2 N | M= 42.4 Nm (limit 150.0) | contact=  4.4 mm
setup:     t=  4.6 s | tip=  7.3 deg | F= 80.2 N | M= 42.4 Nm (limit 150.0) | contact=  4.4 mm
setup:     t=  4.8 s | tip=  7.3 deg | F= 80.1 N | M= 42.4 Nm (limit 150.0) | contact=  4.4 mm

==============================================================================
  SETUP RESULT
==============================================================================
  stop: time | t=5.0 s | tip=7.3 deg | F=80.1 N | M=42.3 Nm
  contact_from_start = [-0.7, +2.3, -3.7] mm | norm=4.4 mm
  tcp_from_contact  = [-19.0, +62.6, +17.2] mm | norm=67.6 mm
  alignment: before=8.63 deg | after=2.69 deg | gain=+5.94 deg
  alignment components [t1,t2,n] deg: before=[-8.58,-0.92,+0.00] | after=[-1.40,-2.30,-0.00]

-- setup surface-frame breakdown ---------------------------------------------
  frame              alignment-target [tangent1, tangent2, normal]
  force        [N]      = [    +3.11,     +3.82,    -79.90]
  tcp_disp     [mm]     = [    +0.24,     +5.75,    -30.45]
  contact_disp [mm]     = [    -0.66,     +2.44,     -3.63]
  Kp_eff=F/tcp [N/m]    = [  12972.4,     663.2,    2624.2]
  M_contact    [Nm]     = [    -5.52,    +40.84,     +2.07]
  tip_angle    [deg]    = [    +7.20,     -1.41,     +0.27]
  KR_eff=M/ang [Nm/rad] = [    -43.9,   -1655.7,     445.2]
  frame              tool face [length, width, tool axis]
  M_contact    [Nm]     = [   -40.82,     +5.94,     -0.85]

-- center of compliance ------------------------------------------------------
  definition         r_c = p_TCP - p_c
  p_TCP [x,y,z]    = [    519.1,       6.2,      18.5] mm
  p_c [EE]         = [     -0.0,      -0.0,      60.0] mm
  r_c [t1,t2,n]    = [      2.4,      -1.5,      59.9] mm
                     p_c resolved at end of setup

-- effective TCP impedance ---------------------------------------------------
  K_TCP translation = [   1999.5,    1998.7,     351.8] N/m
  K_TCP rotation   = [     12.2,      12.2,      50.0] Nm/rad
  commanded KR was = [      5.0,       5.0,      50.0] Nm/rad   including lever contribution
  D_TCP translation = [    230.5,     177.3,     112.4] Ns/m
  D_TCP rotation   = [      2.1,       2.7,       1.2] Nms/rad
  coupling           max |moment per unit translation| = 119.9 Nm/m (K), 13.8 Nms/m (D)
  eigenvalues        K_TCP 4.98 .. 2007 | D_TCP 1.18 .. 231  (both positive: valid springs)

  K_TCP [N/m, Nm/rad | rows fx..mz, cols tx..rz]:
           tx        ty        tz    |    rx        ry        rz
  fx [    2000  -0.7871   -28.44 | -0.04156   -119.9   0.3958 ]
  fy [ -0.7871     1999   -45.62 |    119.7  -0.1098   -6.876 ]
  fz [  -28.44   -45.62    351.8 |   -2.802    2.914   0.1514 ]
     ---------------------------+---------------------------
  mx [-0.04156    119.7   -2.802 |    12.19  0.01432   0.3637 ]
  my [  -119.9  -0.1098    2.914 |  0.01432    12.22    1.221 ]
  mz [  0.3958   -6.876   0.1514 |   0.3637    1.221    49.98 ]

  D_TCP [Ns/m, Nms/rad]:
           tx        ty        tz    |    rx        ry        rz
  fx [   230.5 -0.05638   -2.037 | -0.002977   -13.81  0.04551 ]
  fy [-0.05638    177.3   -1.797 |    10.62 -0.002804    -0.61 ]
  fz [  -2.037   -1.797    112.4 |  -0.1297   0.5089 0.005781 ]
     ---------------------------+---------------------------
  mx [-0.002977    10.62  -0.1297 |    2.132 -0.0004166 -0.04191 ]
  my [  -13.81 -0.002804   0.5089 | -0.0004166    2.704 -0.02183 ]
  mz [ 0.04551    -0.61 0.005781 | -0.04191 -0.02183    1.187 ]

[GATE] Set up finished (still pressing). Press Enter to start the grind (e+Enter stops).

Stop requested with e + Enter. Finishing control loop...

-- joint motion [deg] --------------------------------------------------------
  joint       start    final    delta
  q1            0.9      5.6     +4.7
  q2           12.1     30.5    +18.3
  q3           -0.5     -4.2     -3.7
  q4         -130.9   -129.0     +1.9
  q5           -0.1      5.1     +5.2
  q6          142.9    156.0    +13.1
  q7           44.7     42.7     -2.0

==============================================================================
  FINAL RESULT
==============================================================================
  p_d              = [    514.9,      -5.9,    -210.8] mm
  p_EE             = [    519.1,       6.2,      18.5] mm
  e_p              = [     -4.2,     -12.1,    -229.3] mm
  e_R              = [     7.20,     -1.41,      0.18] deg
------------------------------------------------------------------------------
  position error     229.62 mm
  rotation error     7.34 deg
  csv                logs/surface_grinding_controller_log.csv
------------------------------------------------------------------------------
