
==============================================================================
  SURFACE GRINDING CONTROLLER
==============================================================================
  robot              172.16.0.2
  parameters         /home/hm-panda/Desktop/Thesis_Final_Control/surface_grinding_controller/params
------------------------------------------------------------------------------

==============================================================================
  SURFACE GRINDING CONTROLLER - STARTUP MENU
==============================================================================

-- RUN MODES -----------------------------------------------------------------
  s      Run orientation, approach, setup, and grinding
  h      Cartesian pose hold at the initial posture
  t      Cartesian pose hold with the setup impedance
  g      Start manual guidance from the current robot pose

-- ROBOT PREPARATION ---------------------------------------------------------
  i      Move to the configured initial joint posture

-- GRIPPER AND TOOL ----------------------------------------------------------
  o      Open the gripper
  c      Grasp the tool
  r      Recalibrate the gripper with empty fingers
  f      Pick up the tool from the holder
  b      Return the tool to the holder

-- PROGRAM -------------------------------------------------------------------
  e      Exit
------------------------------------------------------------------------------
  During control: e = stop | m = startup menu | g = guidance
------------------------------------------------------------------------------
Selection [s/h/t/g/i/o/c/r/f/b/e]: 
-- SELECTED MODE: PHASE SEQUENCE ---------------------------------------------

-- moving to q_init ----------------------------------------------------------
  case               saved_qinit
  q1..q7 [deg]     = [0.8, 12.1, -0.5, -130.9, -0.2, 142.9, 44.7] deg
  saved_qinit = [0.014777, 0.210911, -0.009320, -2.284835, -0.002725, 2.493410, 0.780694] rad
  q_init reached.

-- start pose ----------------------------------------------------------------
  q_start          = [0.8, 12.1, -0.5, -130.9, -0.2, 142.9, 44.7] deg
  p_start          = [    531.4,       2.3,     156.9] mm

==============================================================================
  RUN
==============================================================================

-- phase: approach_orient ----------------------------------------------------
  Kp [t1,t2,n]     = [    150.0,     150.0,     150.0] N/m
  Dp [t1,t2,n]     = [    133.7,      94.2,     128.3] Ns/m     auto (factor 1.90)
  KR [t1,t2,n]     = [    180.0,     180.0,      90.0] Nm/rad
  DR [t1,t2,n]     = [     15.3,      25.0,       2.0] Nms/rad  auto (factor 1.90)
orient:     t=  0.0 s | axis_err= 12.0 deg | spin_err=  0.9 deg
orient:     t=  0.2 s | axis_err= 10.4 deg | spin_err=  0.9 deg
orient:     t=  0.4 s | axis_err=  6.6 deg | spin_err=  0.6 deg
orient:     t=  0.6 s | axis_err=  2.7 deg | spin_err=  0.3 deg
orient:     t=  0.8 s | axis_err=  1.0 deg | spin_err=  0.2 deg

Orientation reached: axis_err=0.8 deg | spin_err=0.2 deg

-- phase: approach_descend ---------------------------------------------------
  Kp [t1,t2,n]     = [    150.0,     150.0,     150.0] N/m
  Dp [t1,t2,n]     = [    133.7,      94.2,     128.3] Ns/m     auto (factor 1.90)
  KR [t1,t2,n]     = [    180.0,     180.0,      90.0] Nm/rad
  DR [t1,t2,n]     = [     15.3,      25.0,       2.0] Nms/rad  auto (factor 1.90)
  descend to         20 mm clearance at 0.100 m/s
descend:    t=  0.0 s | distance=   0.1 mm | height=+120.7 mm (target 20.0) | force=  0.0 N
descend:    t=  0.2 s | distance=  20.2 mm | height=+110.7 mm (target 20.0) | force=  1.7 N
descend:    t=  0.4 s | distance=  40.3 mm | height= +96.1 mm (target 20.0) | force=  2.7 N
descend:    t=  0.6 s | distance=  60.4 mm | height= +80.3 mm (target 20.0) | force=  2.2 N
descend:    t=  0.8 s | distance=  80.5 mm | height= +63.9 mm (target 20.0) | force=  1.4 N
descend:    t=  1.0 s | distance= 100.6 mm | height= +47.3 mm (target 20.0) | force=  2.6 N
descend:    t=  1.2 s | distance= 120.7 mm | height= +30.5 mm (target 20.0) | force=  2.2 N

Clearance reached: distance=133.5 mm | height=19.9 mm | target=20.0 mm | force=2.1 N
  offset_ee        = [     20.0,     -60.0,      20.0] mm
  p_EE_at_contact  = [    516.0,      -1.0,      50.7] mm
  contact_point    = [    534.4,      53.2,      -1.7] mm
  edge_offset      = [     18.4,      54.2,     -52.4] mm

-- phase: setup --------------------------------------------------------------

-- setup impedance -----------------------------------------------------------
  law                wrench = K_TCP*dx + D_TCP*dv
                     K_TCP  = Ad(r_c)^T * blkdiag(Kp,KR) * Ad(r_c)
  Kp [t1,t2,n]     = [   2000.0,    2000.0,     350.0] N/m
  Dp [t1,t2,n]     = [    234.3,     174.6,     111.3] Ns/m     auto
  KR [t1,t2,n]     = [      5.0,       5.0,      50.0] Nm/rad
  DR [t1,t2,n]     = [      1.3,       2.0,       1.3] Nms/rad  auto
  p_c [EE]         = [     -0.0,      80.0,       0.0] mm       commanded in the tool frame
  r_c [t1,t2,n]    = [      0.0,      78.8,     -13.6] mm       p_TCP - p_c, in the plane
setup:     t=  0.0 s | ee=  0.0 deg | F=  0.1 N | M=  0.0 Nm (limit 150.0) | contact= 19.9 mm
setup:     t=  0.2 s | ee=  0.9 deg | F=  1.7 N | M=  0.9 Nm (limit 150.0) | contact=  7.1 mm
setup:     t=  0.4 s | ee=  1.3 deg | F= 12.7 N | M=  0.9 Nm (limit 150.0) | contact=  2.3 mm
setup:     t=  0.6 s | ee=  1.3 deg | F= 16.4 N | M=  0.9 Nm (limit 150.0) | contact=  2.3 mm
setup:     t=  0.8 s | ee=  1.3 deg | F= 22.4 N | M=  0.9 Nm (limit 150.0) | contact=  2.2 mm
setup:     t=  1.0 s | ee=  1.4 deg | F= 27.4 N | M=  0.9 Nm (limit 150.0) | contact=  2.2 mm
setup:     t=  1.2 s | ee=  1.8 deg | F= 32.2 N | M=  1.0 Nm (limit 150.0) | contact=  2.2 mm
setup:     t=  1.4 s | ee=  2.6 deg | F= 37.0 N | M=  0.9 Nm (limit 150.0) | contact=  2.1 mm
setup:     t=  1.6 s | ee=  3.8 deg | F= 43.0 N | M=  0.9 Nm (limit 150.0) | contact=  2.0 mm
setup:     t=  1.8 s | ee=  6.2 deg | F= 43.1 N | M=  0.7 Nm (limit 150.0) | contact=  2.2 mm
setup:     t=  2.0 s | ee= 10.0 deg | F= 44.6 N | M=  1.0 Nm (limit 150.0) | contact=  2.2 mm
setup:     t=  2.2 s | ee= 11.7 deg | F= 52.1 N | M=  4.9 Nm (limit 150.0) | contact=  2.7 mm
setup:     t=  2.4 s | ee= 11.7 deg | F= 57.9 N | M=  5.0 Nm (limit 150.0) | contact=  2.7 mm
setup:     t=  2.6 s | ee= 11.7 deg | F= 63.3 N | M=  5.1 Nm (limit 150.0) | contact=  2.7 mm
setup:     t=  2.8 s | ee= 11.7 deg | F= 68.9 N | M=  5.4 Nm (limit 150.0) | contact=  2.7 mm
setup:     t=  3.0 s | ee= 11.7 deg | F= 73.9 N | M=  5.7 Nm (limit 150.0) | contact=  2.7 mm
setup:     t=  3.2 s | ee= 11.7 deg | F= 79.7 N | M=  6.0 Nm (limit 150.0) | contact=  2.7 mm
setup:     t=  3.4 s | ee= 11.7 deg | F= 74.5 N | M=  5.9 Nm (limit 150.0) | contact=  2.7 mm
setup:     t=  3.6 s | ee= 11.7 deg | F= 74.4 N | M=  5.9 Nm (limit 150.0) | contact=  2.7 mm
setup:     t=  3.8 s | ee= 11.7 deg | F= 74.4 N | M=  5.9 Nm (limit 150.0) | contact=  2.7 mm
setup:     t=  4.0 s | ee= 11.7 deg | F= 74.3 N | M=  5.9 Nm (limit 150.0) | contact=  2.7 mm
setup:     t=  4.2 s | ee= 11.7 deg | F= 74.3 N | M=  5.9 Nm (limit 150.0) | contact=  2.7 mm
setup:     t=  4.4 s | ee= 11.7 deg | F= 74.3 N | M=  5.8 Nm (limit 150.0) | contact=  2.7 mm
setup:     t=  4.6 s | ee= 11.7 deg | F= 74.2 N | M=  5.8 Nm (limit 150.0) | contact=  2.7 mm
setup:     t=  4.8 s | ee= 11.7 deg | F= 74.2 N | M=  5.8 Nm (limit 150.0) | contact=  2.7 mm

==============================================================================
  SETUP RESULT
==============================================================================
  stop: time | t=5.0 s | ee=11.7 deg | F=74.2 N | M_TCP=5.8 Nm
  contact_from_start = [-2.0, +1.8, +0.3] mm | norm=2.7 mm
  tcp_from_contact  = [-20.6, -58.3, +21.2] mm | norm=65.4 mm
  deviation: before=9.39 deg | after=2.57 deg | gain=+6.82 deg
  t_align: not reached | tolerance=2.00 deg | hold=0.30 s
  deviation components [t1,t2,n] deg: before=[+9.37,-0.60,+0.00] | after=[-2.32,-1.12,-0.00]

-- setup surface-frame breakdown ---------------------------------------------
  frame              alignment-target [tangent1, tangent2, normal]
  force        [N]      = [    +4.14,     +5.67,    -73.83]
  tcp_disp     [mm]     = [    -1.63,     -3.30,    -31.36]
  contact_disp [mm]     = [    -2.00,     +1.81,     +0.31]
  Kp_eff=F/tcp [N/m]    = [  -2544.7,   -1719.9,    2354.2]
  M_contact    [Nm]     = [   +10.05,     -0.00,     +0.22]
  ee_angle     [deg]    = [   -11.69,     -0.53,     -0.14]
  KR_eff=M/ang [Nm/rad] = [    -49.3,       0.2,     -95.1]
  frame              tool face [length, width, tool axis]
  M_contact    [Nm]     = [    +0.02,    -10.05,     -0.42]

-- center of compliance ------------------------------------------------------
  definition         r_c = p_TCP - p_c
  p_TCP [x,y,z]    = [    513.8,      -5.1,      19.5] mm
  p_c [EE]         = [     -0.0,      80.0,       0.0] mm
  r_c [t1,t2,n]    = [     -0.2,      80.0,       2.7] mm
                     p_c resolved at end of setup

-- effective TCP impedance ---------------------------------------------------
  K_TCP translation = [   1999.5,    1998.7,     351.8] N/m
  K_TCP rotation   = [      7.3,       5.0,      62.7] Nm/rad
  commanded KR was = [      5.0,       5.0,      50.0] Nm/rad   including lever contribution
  D_TCP translation = [    234.3,     174.5,     111.4] Ns/m
  D_TCP rotation   = [      2.0,       2.0,       2.8] Nms/rad
  coupling           max |moment per unit translation| = 160.0 Nm/m (K), 18.7 Nms/m (D)
  eigenvalues        K_TCP 4.97 .. 2013 | D_TCP 1.26 .. 236  (both positive: valid springs)

  K_TCP [N/m, Nm/rad | rows fx..mz, cols tx..rz]:
           tx        ty        tz    |    rx        ry        rz
  fx [    2000  -0.7871   -28.44 |    2.275  -0.9825      160 ]
  fy [ -0.7871     1999   -45.62 |    4.636 0.008197   0.2791 ]
  fz [  -28.44   -45.62    351.8 |   -28.16 -0.04616   -2.283 ]
     ---------------------------+---------------------------
  mx [   2.275    4.636   -28.16 |    7.269  0.02516   0.9584 ]
  my [ -0.9825 0.008197 -0.04616 |  0.02516    5.035    1.166 ]
  mz [     160   0.2791   -2.283 |   0.9584    1.166    62.75 ]

  D_TCP [Ns/m, Nms/rad]:
           tx        ty        tz    |    rx        ry        rz
  fx [   234.3 -0.05868    -2.12 |   0.1696  -0.1153    18.74 ]
  fy [-0.05868    174.5   -1.748 |    0.226 0.0003282  0.02518 ]
  fz [   -2.12   -1.748    111.4 |   -8.913 -0.01802  -0.1699 ]
     ---------------------------+---------------------------
  mx [  0.1696    0.226   -8.913 |    1.983 0.001468  0.01454 ]
  my [ -0.1153 0.0003282 -0.01802 | 0.001468    2.049 -0.02931 ]
  mz [   18.74  0.02518  -0.1699 |  0.01454 -0.02931    2.824 ]

[GATE] Set up finished (still pressing). Press Enter to start the grind (e+Enter stops).

Stop requested with e + Enter. Finishing control loop...

-- joint motion [deg] --------------------------------------------------------
  joint       start    final    delta
  q1            0.8    -10.4    -11.2
  q2           12.1     30.2    +18.0
  q3           -0.5      8.5     +9.0
  q4         -130.9   -129.7     +1.2
  q5           -0.2    -10.0     -9.8
  q6          142.9    155.6    +12.8
  q7           44.7     51.2     +6.4

==============================================================================
  FINAL RESULT
==============================================================================
  p_d              = [    511.5,      -8.2,    -209.1] mm
  p_EE             = [    513.8,      -5.1,      19.5] mm
  e_p              = [     -2.3,      -3.0,    -228.6] mm
  e_R              = [   -11.69,     -0.53,      0.08] deg
------------------------------------------------------------------------------
  position error     228.61 mm
  rotation error     11.71 deg
  csv                logs/surface_grinding_controller_log.csv
------------------------------------------------------------------------------
