
==============================================================================
  SURFACE GRINDING CONTROLLER
==============================================================================
  robot              172.16.0.2
  parameters         /home/hm-panda/Desktop/Thesis_Final_Control/surface_grinding_controller/params
------------------------------------------------------------------------------

==============================================================================
  SURFACE GRINDING CONTROLLER - STARTUP MENU
==============================================================================

-- RUN MODES -----------------------------------------------------------------
  s      Run orientation, approach, setup, and grinding
  h      Cartesian pose hold at the initial posture
  t      Cartesian pose hold with the setup impedance
  g      Start manual guidance from the current robot pose

-- ROBOT PREPARATION ---------------------------------------------------------
  i      Move to the configured initial joint posture

-- GRIPPER AND TOOL ----------------------------------------------------------
  o      Open the gripper
  c      Grasp the tool
  r      Recalibrate the gripper with empty fingers
  f      Pick up the tool from the holder
  b      Return the tool to the holder

-- PROGRAM -------------------------------------------------------------------
  e      Exit
------------------------------------------------------------------------------
  During control: e = stop | m = startup menu | g = guidance
------------------------------------------------------------------------------
Selection [s/h/t/g/i/o/c/r/f/b/e]: 
-- SELECTED MODE: PHASE SEQUENCE ---------------------------------------------

-- moving to q_init ----------------------------------------------------------
  case               saved_qinit
  q1..q7 [deg]     = [0.8, 12.1, -0.5, -130.9, -0.2, 142.9, 44.7] deg
  saved_qinit = [0.014777, 0.210911, -0.009320, -2.284835, -0.002725, 2.493410, 0.780694] rad
  q_init reached.

-- start pose ----------------------------------------------------------------
  q_start          = [0.9, 12.1, -0.5, -130.9, -0.1, 142.9, 44.7] deg
  p_start          = [    531.3,       2.5,     156.8] mm

==============================================================================
  RUN
==============================================================================

-- phase: approach_orient ----------------------------------------------------
  Kp [t1,t2,n]     = [    150.0,     150.0,     150.0] N/m
  Dp [t1,t2,n]     = [    133.7,      94.2,     128.3] Ns/m     auto (factor 1.90)
  KR [t1,t2,n]     = [    180.0,     180.0,      90.0] Nm/rad
  DR [t1,t2,n]     = [     15.3,      25.0,       2.0] Nms/rad  auto (factor 1.90)
orient:     t=  0.0 s | axis_err=  8.5 deg | spin_err=  0.5 deg
orient:     t=  0.2 s | axis_err=  7.2 deg | spin_err=  0.2 deg
orient:     t=  0.4 s | axis_err=  3.3 deg | spin_err=  0.2 deg
orient:     t=  0.6 s | axis_err=  1.1 deg | spin_err=  0.2 deg
orient:     t=  0.8 s | axis_err=  0.9 deg | spin_err=  0.2 deg

Orientation reached: axis_err=0.9 deg | spin_err=0.2 deg

-- phase: approach_descend ---------------------------------------------------
  Kp [t1,t2,n]     = [    150.0,     150.0,     150.0] N/m
  Dp [t1,t2,n]     = [    133.7,      94.2,     128.3] Ns/m     auto (factor 1.90)
  KR [t1,t2,n]     = [    180.0,     180.0,      90.0] Nm/rad
  DR [t1,t2,n]     = [     15.3,      25.0,       2.0] Nms/rad  auto (factor 1.90)
  descend to         20 mm clearance at 0.100 m/s
descend:    t=  0.0 s | distance=   0.1 mm | height=+121.4 mm (target 20.0) | force=  0.0 N
descend:    t=  0.2 s | distance=  20.2 mm | height=+110.6 mm (target 20.0) | force=  2.5 N
descend:    t=  0.4 s | distance=  40.3 mm | height= +95.7 mm (target 20.0) | force=  2.9 N
descend:    t=  0.6 s | distance=  60.4 mm | height= +79.6 mm (target 20.0) | force=  2.6 N
descend:    t=  0.8 s | distance=  80.5 mm | height= +62.4 mm (target 20.0) | force=  3.4 N
descend:    t=  1.0 s | distance= 100.6 mm | height= +45.5 mm (target 20.0) | force=  4.1 N
descend:    t=  1.2 s | distance= 120.7 mm | height= +28.3 mm (target 20.0) | force=  3.4 N

Clearance reached: distance=130.8 mm | height=20.0 mm | target=20.0 mm | force=2.7 N
  offset_ee        = [     20.0,      60.0,      20.0] mm
  p_EE_at_contact  = [    516.8,       1.4,      49.8] mm
  contact_point    = [    535.2,     -56.0,       1.3] mm
  edge_offset      = [     18.4,     -57.4,     -48.5] mm

-- phase: setup --------------------------------------------------------------

-- setup impedance -----------------------------------------------------------
  law                wrench = K_TCP*dx + D_TCP*dv
                     K_TCP  = Ad(r_c)^T * blkdiag(Kp,KR) * Ad(r_c)
  Kp [t1,t2,n]     = [   2000.0,    2000.0,     350.0] N/m
  Dp [t1,t2,n]     = [    231.2,     178.0,     112.1] Ns/m     auto
  KR [t1,t2,n]     = [      5.0,       5.0,      50.0] Nm/rad
  DR [t1,t2,n]     = [      1.5,       1.9,       1.2] Nms/rad  auto
  p_c [EE]         = [     -0.0,     -60.0,       0.0] mm       commanded in the tool frame
  r_c [t1,t2,n]    = [      0.0,     -59.3,      -9.3] mm       p_TCP - p_c, in the plane
setup:     t=  0.0 s | ee=  0.0 deg | F=  0.1 N | M=  0.1 Nm (limit 150.0) | contact= 19.9 mm
setup:     t=  0.2 s | ee=  0.9 deg | F=  1.3 N | M=  1.1 Nm (limit 150.0) | contact=  7.4 mm
setup:     t=  0.4 s | ee=  1.6 deg | F= 19.3 N | M= 10.2 Nm (limit 150.0) | contact=  3.6 mm
setup:     t=  0.6 s | ee=  1.7 deg | F= 15.8 N | M=  8.8 Nm (limit 150.0) | contact=  3.7 mm
setup:     t=  0.8 s | ee=  1.7 deg | F= 20.9 N | M= 11.4 Nm (limit 150.0) | contact=  3.8 mm
setup:     t=  1.0 s | ee=  1.7 deg | F= 26.1 N | M= 14.0 Nm (limit 150.0) | contact=  4.0 mm
setup:     t=  1.2 s | ee=  1.9 deg | F= 31.4 N | M= 16.7 Nm (limit 150.0) | contact=  4.1 mm
setup:     t=  1.4 s | ee=  2.3 deg | F= 36.8 N | M= 19.3 Nm (limit 150.0) | contact=  4.2 mm
setup:     t=  1.6 s | ee=  3.2 deg | F= 39.7 N | M= 20.8 Nm (limit 150.0) | contact=  4.3 mm
setup:     t=  1.8 s | ee=  5.8 deg | F= 42.9 N | M= 22.7 Nm (limit 150.0) | contact=  4.2 mm
setup:     t=  2.0 s | ee=  8.3 deg | F= 49.9 N | M= 26.9 Nm (limit 150.0) | contact=  4.0 mm
setup:     t=  2.2 s | ee=  8.3 deg | F= 55.0 N | M= 29.8 Nm (limit 150.0) | contact=  4.2 mm
setup:     t=  2.4 s | ee=  8.3 deg | F= 60.4 N | M= 32.4 Nm (limit 150.0) | contact=  4.3 mm
setup:     t=  2.6 s | ee=  8.3 deg | F= 65.8 N | M= 35.1 Nm (limit 150.0) | contact=  4.5 mm
setup:     t=  2.8 s | ee=  8.3 deg | F= 71.2 N | M= 37.9 Nm (limit 150.0) | contact=  4.6 mm
setup:     t=  3.0 s | ee=  8.3 deg | F= 76.5 N | M= 40.5 Nm (limit 150.0) | contact=  4.7 mm
setup:     t=  3.2 s | ee=  8.3 deg | F= 82.3 N | M= 43.5 Nm (limit 150.0) | contact=  4.9 mm
setup:     t=  3.4 s | ee=  8.3 deg | F= 76.9 N | M= 41.1 Nm (limit 150.0) | contact=  4.8 mm
setup:     t=  3.6 s | ee=  8.3 deg | F= 76.8 N | M= 41.0 Nm (limit 150.0) | contact=  4.8 mm
setup:     t=  3.8 s | ee=  8.3 deg | F= 76.7 N | M= 41.0 Nm (limit 150.0) | contact=  4.8 mm
setup:     t=  4.0 s | ee=  8.3 deg | F= 76.7 N | M= 41.0 Nm (limit 150.0) | contact=  4.8 mm
setup:     t=  4.2 s | ee=  8.3 deg | F= 76.7 N | M= 41.0 Nm (limit 150.0) | contact=  4.8 mm
setup:     t=  4.4 s | ee=  8.3 deg | F= 76.6 N | M= 41.0 Nm (limit 150.0) | contact=  4.8 mm
setup:     t=  4.6 s | ee=  8.3 deg | F= 76.6 N | M= 40.9 Nm (limit 150.0) | contact=  4.8 mm
setup:     t=  4.8 s | ee=  8.3 deg | F= 76.7 N | M= 41.0 Nm (limit 150.0) | contact=  4.8 mm

==============================================================================
  SETUP RESULT
==============================================================================
  stop: time | t=5.0 s | ee=8.3 deg | F=76.6 N | M=40.9 Nm
  contact_from_start = [-3.1, +0.1, -3.7] mm | norm=4.8 mm
  tcp_from_contact  = [-20.6, +60.5, +17.4] mm | norm=66.2 mm
  deviation: before=9.30 deg | after=3.17 deg | gain=+6.13 deg
  deviation components [t1,t2,n] deg: before=[-9.29,-0.50,+0.00] | after=[-1.34,-2.87,-0.00]

-- setup surface-frame breakdown ---------------------------------------------
  frame              alignment-target [tangent1, tangent2, normal]
  force        [N]      = [    +2.66,     -7.50,    -76.14]
  tcp_disp     [mm]     = [    -1.60,     +3.93,    -30.97]
  contact_disp [mm]     = [    -3.00,     +0.20,     -3.72]
  Kp_eff=F/tcp [N/m]    = [  -1654.8,   -1911.4,    2459.0]
  M_contact    [Nm]     = [    -9.86,    +39.06,     -3.90]
  tip_angle    [deg]    = [    +7.96,     -2.41,     +0.29]
  KR_eff=M/ang [Nm/rad] = [    -70.9,    -928.1,    -778.1]
  frame              tool face [length, width, tool axis]
  M_contact    [Nm]     = [   -38.87,     +9.94,     +5.31]

-- center of compliance ------------------------------------------------------
  definition         r_c = p_TCP - p_c
  p_TCP [x,y,z]    = [    514.7,       4.5,      18.8] mm
  p_c [EE]         = [     -0.0,     -60.0,       0.0] mm
  r_c [t1,t2,n]    = [     -0.5,     -60.0,      -1.0] mm
                     p_c resolved at end of setup

-- effective TCP impedance ---------------------------------------------------
  K_TCP translation = [   1999.5,    1998.7,     351.8] N/m
  K_TCP rotation   = [      6.3,       5.0,      57.1] Nm/rad
  commanded KR was = [      5.0,       5.0,      50.0] Nm/rad   including lever contribution
  D_TCP translation = [    231.2,     178.0,     112.2] Ns/m
  D_TCP rotation   = [      1.9,       1.9,       2.0] Nms/rad
  coupling           max |moment per unit translation| = 120.0 Nm/m (K), 13.9 Nms/m (D)
  eigenvalues        K_TCP 4.98 .. 2007 | D_TCP 1.20 .. 232  (both positive: valid springs)

  K_TCP [N/m, Nm/rad | rows fx..mz, cols tx..rz]:
           tx        ty        tz    |    rx        ry        rz
  fx [    2000  -0.7871   -28.44 |   -1.707   -1.364     -120 ]
  fy [ -0.7871     1999   -45.62 |   -1.359  0.02434     1.09 ]
  fz [  -28.44   -45.62    351.8 |    21.07  -0.1639    1.682 ]
     ---------------------------+---------------------------
  mx [  -1.707   -1.359    21.07 |    6.277  0.01165   0.8773 ]
  my [  -1.364  0.02434  -0.1639 |  0.01165    5.035    1.326 ]
  mz [    -120     1.09    1.682 |   0.8773    1.326    57.15 ]

  D_TCP [Ns/m, Nms/rad]:
           tx        ty        tz    |    rx        ry        rz
  fx [   231.2 -0.05683   -2.053 |  -0.1232  -0.1583   -13.87 ]
  fy [-0.05683      178   -1.823 |  0.01334 0.0009901  0.09626 ]
  fz [  -2.053   -1.823    112.2 |    6.728  -0.0571   0.1222 ]
     ---------------------------+---------------------------
  mx [ -0.1232  0.01334    6.728 |    1.893 -0.003562 0.002463 ]
  my [ -0.1583 0.0009901  -0.0571 | -0.003562    1.898 -0.009728 ]
  mz [  -13.87  0.09626   0.1222 | 0.002463 -0.009728    2.036 ]

[GATE] Set up finished (still pressing). Press Enter to start the grind (e+Enter stops).

Stop requested with e + Enter. Finishing control loop...

-- joint motion [deg] --------------------------------------------------------
  joint       start    final    delta
  q1            0.9      5.8     +4.9
  q2           12.1     30.4    +18.3
  q3           -0.5     -4.6     -4.1
  q4         -130.9   -128.4     +2.5
  q5           -0.1      4.2     +4.3
  q6          142.9    153.3    +10.4
  q7           44.7     43.4     -1.4

==============================================================================
  FINAL RESULT
==============================================================================
  p_d              = [    512.3,      -5.8,    -210.0] mm
  p_EE             = [    514.7,       4.5,      18.8] mm
  e_p              = [     -2.3,     -10.3,    -228.8] mm
  e_R              = [     7.96,     -2.41,      0.22] deg
------------------------------------------------------------------------------
  position error     229.04 mm
  rotation error     8.32 deg
  csv                logs/surface_grinding_controller_log.csv
------------------------------------------------------------------------------
