
==============================================================================
  SURFACE GRINDING CONTROLLER
==============================================================================
  robot              172.16.0.2
  parameters         /home/hm-panda/Desktop/Thesis_Final_Control/surface_grinding_controller/params
------------------------------------------------------------------------------

==============================================================================
  SURFACE GRINDING CONTROLLER - STARTUP MENU
==============================================================================

-- RUN MODES -----------------------------------------------------------------
  s      Run orientation, approach, setup, and grinding
  h      Cartesian pose hold at the initial posture
  t      Cartesian pose hold with the setup impedance
  g      Start manual guidance from the current robot pose

-- ROBOT PREPARATION ---------------------------------------------------------
  i      Move to the configured initial joint posture

-- GRIPPER AND TOOL ----------------------------------------------------------
  o      Open the gripper
  c      Grasp the tool
  r      Recalibrate the gripper with empty fingers
  f      Pick up the tool from the holder
  b      Return the tool to the holder

-- PROGRAM -------------------------------------------------------------------
  e      Exit
------------------------------------------------------------------------------
  During control: e = stop | m = startup menu | g = guidance
------------------------------------------------------------------------------
Selection [s/h/t/g/i/o/c/r/f/b/e]: 
-- SELECTED MODE: PHASE SEQUENCE ---------------------------------------------

-- moving to q_init ----------------------------------------------------------
  case               saved_qinit
  q1..q7 [deg]     = [0.8, 12.1, -0.5, -130.9, -0.2, 142.9, 44.7] deg
  saved_qinit = [0.014777, 0.210911, -0.009320, -2.284835, -0.002725, 2.493410, 0.780694] rad
  q_init reached.

-- start pose ----------------------------------------------------------------
  q_start          = [0.8, 12.1, -0.5, -130.9, -0.2, 142.8, 44.7] deg
  p_start          = [    531.1,       2.4,     156.7] mm

==============================================================================
  RUN
==============================================================================

-- phase: approach_orient ----------------------------------------------------
  Kp [t1,t2,n]     = [    150.0,     150.0,     150.0] N/m
  Dp [t1,t2,n]     = [    133.7,      94.2,     128.3] Ns/m     auto (factor 1.90)
  KR [t1,t2,n]     = [    180.0,     180.0,      90.0] Nm/rad
  DR [t1,t2,n]     = [     15.3,      25.0,       2.0] Nms/rad  auto (factor 1.90)
orient:     t=  0.0 s | axis_err= 12.4 deg | spin_err=  0.6 deg
orient:     t=  0.2 s | axis_err= 11.0 deg | spin_err=  0.4 deg
orient:     t=  0.4 s | axis_err=  7.8 deg | spin_err=  0.2 deg
orient:     t=  0.6 s | axis_err=  4.0 deg | spin_err=  0.0 deg
orient:     t=  0.8 s | axis_err=  1.6 deg | spin_err=  0.1 deg
orient:     t=  1.0 s | axis_err=  1.1 deg | spin_err=  0.1 deg
orient:     t=  1.2 s | axis_err=  1.0 deg | spin_err=  0.1 deg
orient:     t=  1.4 s | axis_err=  0.9 deg | spin_err=  0.1 deg

Orientation reached: axis_err=0.9 deg | spin_err=0.1 deg

-- phase: approach_descend ---------------------------------------------------
  Kp [t1,t2,n]     = [    150.0,     150.0,     150.0] N/m
  Dp [t1,t2,n]     = [    133.7,      94.2,     128.3] Ns/m     auto (factor 1.90)
  KR [t1,t2,n]     = [    180.0,     180.0,      90.0] Nm/rad
  DR [t1,t2,n]     = [     15.3,      25.0,       2.0] Nms/rad  auto (factor 1.90)
  descend to         20 mm clearance at 0.100 m/s
descend:    t=  0.0 s | distance=   0.1 mm | height=+122.6 mm (target 20.0) | force=  0.0 N
descend:    t=  0.2 s | distance=  20.2 mm | height=+111.4 mm (target 20.0) | force=  2.4 N
descend:    t=  0.4 s | distance=  40.3 mm | height= +95.2 mm (target 20.0) | force=  2.1 N
descend:    t=  0.6 s | distance=  60.4 mm | height= +77.7 mm (target 20.0) | force=  1.3 N
descend:    t=  0.8 s | distance=  80.5 mm | height= +60.1 mm (target 20.0) | force=  2.4 N
descend:    t=  1.0 s | distance= 100.6 mm | height= +42.6 mm (target 20.0) | force=  1.9 N
descend:    t=  1.2 s | distance= 120.7 mm | height= +25.1 mm (target 20.0) | force=  3.2 N

Clearance reached: distance=126.4 mm | height=20.0 mm | target=20.0 mm | force=1.6 N
  offset_ee        = [     20.0,      60.0,      20.0] mm
  p_EE_at_contact  = [    502.4,      -0.1,      44.3] mm
  contact_point    = [    517.0,     -61.2,       1.8] mm
  edge_offset      = [     14.6,     -61.1,     -42.5] mm

-- phase: setup --------------------------------------------------------------

-- setup impedance -----------------------------------------------------------
  law                wrench = K_TCP*dx + D_TCP*dv
                     K_TCP  = Ad(r_c)^T * blkdiag(Kp,KR) * Ad(r_c)
  Kp [t1,t2,n]     = [   2000.0,    2000.0,     350.0] N/m
  Dp [t1,t2,n]     = [    236.7,     176.4,     109.9] Ns/m     auto
  KR [t1,t2,n]     = [      5.0,       5.0,      50.0] Nm/rad
  DR [t1,t2,n]     = [      1.3,       2.2,       1.2] Nms/rad  auto
  p_c [EE]         = [      0.0,     -40.0,       0.0] mm       commanded in the tool frame
  r_c [t1,t2,n]    = [     -0.2,     -40.0,      -0.2] mm       p_TCP - p_c, in the plane
setup:     t=  0.0 s | ee=  0.0 deg | F=  0.1 N | M=  0.0 Nm (limit 150.0) | contact= 19.9 mm
setup:     t=  0.2 s | ee=  0.7 deg | F=  1.6 N | M=  0.8 Nm (limit 150.0) | contact=  7.3 mm
setup:     t=  0.4 s | ee=  1.4 deg | F= 21.2 N | M=  0.7 Nm (limit 150.0) | contact=  3.4 mm
setup:     t=  0.6 s | ee=  1.3 deg | F= 16.3 N | M=  0.6 Nm (limit 150.0) | contact=  3.4 mm
setup:     t=  0.8 s | ee=  1.4 deg | F= 20.7 N | M=  0.7 Nm (limit 150.0) | contact=  3.6 mm
setup:     t=  1.0 s | ee=  1.4 deg | F= 26.7 N | M=  0.8 Nm (limit 150.0) | contact=  3.8 mm
setup:     t=  1.2 s | ee=  1.4 deg | F= 32.4 N | M=  1.0 Nm (limit 150.0) | contact=  4.1 mm
setup:     t=  1.4 s | ee=  1.4 deg | F= 38.0 N | M=  1.3 Nm (limit 150.0) | contact=  4.4 mm
setup:     t=  1.6 s | ee=  1.5 deg | F= 44.2 N | M=  1.6 Nm (limit 150.0) | contact=  4.8 mm
setup:     t=  1.8 s | ee=  1.5 deg | F= 49.6 N | M=  1.9 Nm (limit 150.0) | contact=  5.3 mm
setup:     t=  2.0 s | ee=  1.5 deg | F= 55.0 N | M=  2.1 Nm (limit 150.0) | contact=  5.7 mm
setup:     t=  2.2 s | ee=  1.6 deg | F= 60.5 N | M=  2.5 Nm (limit 150.0) | contact=  6.0 mm
setup:     t=  2.4 s | ee=  1.6 deg | F= 65.8 N | M=  2.8 Nm (limit 150.0) | contact=  6.2 mm
setup:     t=  2.6 s | ee=  1.6 deg | F= 71.5 N | M=  3.1 Nm (limit 150.0) | contact=  6.4 mm
setup:     t=  2.8 s | ee=  1.6 deg | F= 77.2 N | M=  3.4 Nm (limit 150.0) | contact=  6.7 mm
setup:     t=  3.0 s | ee=  1.6 deg | F= 82.1 N | M=  3.7 Nm (limit 150.0) | contact=  6.9 mm
setup:     t=  3.2 s | ee=  1.6 deg | F= 87.5 N | M=  3.8 Nm (limit 150.0) | contact=  7.1 mm
setup:     t=  3.4 s | ee=  1.6 deg | F= 82.7 N | M=  3.6 Nm (limit 150.0) | contact=  7.0 mm
setup:     t=  3.6 s | ee=  1.6 deg | F= 82.3 N | M=  3.5 Nm (limit 150.0) | contact=  7.0 mm
setup:     t=  3.8 s | ee=  1.6 deg | F= 81.9 N | M=  3.6 Nm (limit 150.0) | contact=  7.1 mm
setup:     t=  4.0 s | ee=  1.6 deg | F= 81.8 N | M=  3.4 Nm (limit 150.0) | contact=  7.2 mm
setup:     t=  4.2 s | ee=  1.7 deg | F= 81.5 N | M=  3.4 Nm (limit 150.0) | contact=  7.3 mm
setup:     t=  4.4 s | ee=  1.7 deg | F= 81.5 N | M=  3.4 Nm (limit 150.0) | contact=  7.4 mm
setup:     t=  4.6 s | ee=  1.7 deg | F= 81.5 N | M=  3.4 Nm (limit 150.0) | contact=  7.4 mm
setup:     t=  4.8 s | ee=  1.7 deg | F= 81.2 N | M=  3.3 Nm (limit 150.0) | contact=  7.5 mm

==============================================================================
  SETUP RESULT
==============================================================================
  stop: time | t=5.0 s | ee=1.7 deg | F=81.4 N | M_TCP=2.9 Nm
  contact_from_start = [-4.4, -0.6, -6.0] mm | norm=7.5 mm
  tcp_from_contact  = [-18.4, +59.9, +17.3] mm | norm=65.0 mm
  deviation: before=10.06 deg | after=11.71 deg | gain=-1.64 deg
  t_align: not reached | tolerance=2.00 deg | hold=0.30 s
  t_align_fraction: not reached | fraction=0.50 of the deviation at contact
  deviation_min: 10.06 deg at t=0.00 s
  align_status: not_aligned
  deviation components [t1,t2,n] deg: before=[-0.75,-10.04,-0.00] | after=[-1.17,-11.65,-0.00]

-- setup surface-frame breakdown ---------------------------------------------
  frame              alignment-target [tangent1, tangent2, normal]
  force        [N]      = [    +5.17,     +2.28,    -81.16]
  tcp_disp     [mm]     = [    -3.42,     -0.57,    -25.26]
  contact_disp [mm]     = [    -4.27,     -0.44,     -6.10]
  Kp_eff=F/tcp [N/m]    = [  -1513.7,   -4003.5,    3213.5]
  M_contact    [Nm]     = [    -7.73,     -0.46,     -0.91]
  ee_angle     [deg]    = [    -0.39,     -1.61,     +0.15]
  KR_eff=M/ang [Nm/rad] = [   1129.9,      16.5,    -340.1]
  frame              tool face [length, width, tool axis]
  M_contact    [Nm]     = [    +0.55,     +7.39,     +2.45]

-- center of compliance ------------------------------------------------------
  definition         r_c = p_TCP - p_c
  p_TCP [x,y,z]    = [    498.6,      -1.4,      19.2] mm
  p_c [EE]         = [      0.0,     -40.0,       0.0] mm
  r_c [t1,t2,n]    = [     -0.3,     -40.0,      -0.5] mm
                     p_c resolved at end of setup

-- effective TCP impedance ---------------------------------------------------
  K_TCP translation = [   1999.5,    1998.7,     351.8] N/m
  K_TCP rotation   = [      5.6,       5.0,      53.2] Nm/rad
  commanded KR was = [      5.0,       5.0,      50.0] Nm/rad   including lever contribution
  D_TCP translation = [    236.7,     176.3,     110.0] Ns/m
  D_TCP rotation   = [      1.5,       2.2,       1.6] Nms/rad
  coupling           max |moment per unit translation| = 80.0 Nm/m (K), 9.5 Nms/m (D)
  eigenvalues        K_TCP 4.99 .. 2003 | D_TCP 1.19 .. 237  (both positive: valid springs)

  K_TCP [N/m, Nm/rad | rows fx..mz, cols tx..rz]:
           tx        ty        tz    |    rx        ry        rz
  fx [    2000  -0.7871   -28.44 |   -1.138   -1.223   -79.97 ]
  fy [ -0.7871     1999   -45.62 |   -0.594  0.01352   0.6027 ]
  fz [  -28.44   -45.62    351.8 |    14.04 -0.08302    1.124 ]
     ---------------------------+---------------------------
  mx [  -1.138   -0.594    14.04 |    5.575  0.01815   0.8209 ]
  my [  -1.223  0.01352 -0.08302 |  0.01815    5.035    1.293 ]
  mz [  -79.97   0.6027    1.124 |   0.8209    1.293    53.15 ]

  D_TCP [Ns/m, Nms/rad]:
           tx        ty        tz    |    rx        ry        rz
  fx [   236.7 -0.06051   -2.186 | -0.08747  -0.1451   -9.467 ]
  fy [-0.06051    176.3   -1.837 |  0.03508 0.0005622  0.05281 ]
  fz [  -2.186   -1.837      110 |    4.398 -0.03009  0.08691 ]
     ---------------------------+---------------------------
  mx [-0.08747  0.03508    4.398 |    1.471 -0.001252 0.001735 ]
  my [ -0.1451 0.0005622 -0.03009 | -0.001252    2.216 -0.02254 ]
  mz [  -9.467  0.05281  0.08691 | 0.001735 -0.02254    1.572 ]

[GATE] Set up finished (still pressing). Press Enter to start the grind (e+Enter stops).

Stop requested with e + Enter. Finishing control loop...

-- joint motion [deg] --------------------------------------------------------
  joint       start    final    delta
  q1            0.8     -0.3     -1.1
  q2           12.1     30.9    +18.8
  q3           -0.5      0.3     +0.8
  q4         -130.9   -125.1     +5.8
  q5           -0.2     -1.5     -1.3
  q6          142.8    141.8     -1.0
  q7           44.7     46.7     +2.0

==============================================================================
  FINAL RESULT
==============================================================================
  p_d              = [    498.0,      -7.3,    -215.5] mm
  p_EE             = [    498.6,      -1.4,      19.2] mm
  e_p              = [     -0.6,      -5.9,    -234.7] mm
  e_R              = [    -0.39,     -1.61,      0.21] deg
------------------------------------------------------------------------------
  position error     234.76 mm
  rotation error     1.67 deg
  csv                logs/surface_grinding_controller_log.csv
------------------------------------------------------------------------------
