
==============================================================================
  SURFACE GRINDING CONTROLLER
==============================================================================
  robot              172.16.0.2
  parameters         /home/hm-panda/Desktop/Thesis_Final_Control/surface_grinding_controller/params
------------------------------------------------------------------------------

==============================================================================
  SURFACE GRINDING CONTROLLER - STARTUP MENU
==============================================================================

-- RUN MODES -----------------------------------------------------------------
  s      Run orientation, approach, setup, and grinding
  h      Cartesian pose hold at the initial posture
  t      Cartesian pose hold with the setup impedance
  g      Start manual guidance from the current robot pose

-- ROBOT PREPARATION ---------------------------------------------------------
  i      Move to the configured initial joint posture

-- GRIPPER AND TOOL ----------------------------------------------------------
  o      Open the gripper
  c      Grasp the tool
  r      Recalibrate the gripper with empty fingers
  f      Pick up the tool from the holder
  b      Return the tool to the holder

-- PROGRAM -------------------------------------------------------------------
  e      Exit
------------------------------------------------------------------------------
  During control: e = stop | m = startup menu | g = guidance
------------------------------------------------------------------------------
Selection [s/h/t/g/i/o/c/r/f/b/e]: 
-- SELECTED MODE: PHASE SEQUENCE ---------------------------------------------

-- moving to q_init ----------------------------------------------------------
  case               saved_qinit
  q1..q7 [deg]     = [0.8, 12.1, -0.5, -130.9, -0.2, 142.9, 44.7] deg
  saved_qinit = [0.014777, 0.210911, -0.009320, -2.284835, -0.002725, 2.493410, 0.780694] rad
  q_init reached.

-- start pose ----------------------------------------------------------------
  q_start          = [0.8, 12.1, -0.5, -130.9, -0.1, 142.9, 44.7] deg
  p_start          = [    531.3,       2.4,     156.8] mm

==============================================================================
  RUN
==============================================================================

-- phase: approach_orient ----------------------------------------------------
  Kp [t1,t2,n]     = [    150.0,     150.0,     150.0] N/m
  Dp [t1,t2,n]     = [    133.7,      94.2,     128.3] Ns/m     auto (factor 1.90)
  KR [t1,t2,n]     = [    180.0,     180.0,      90.0] Nm/rad
  DR [t1,t2,n]     = [     15.3,      25.0,       2.0] Nms/rad  auto (factor 1.90)
orient:     t=  0.0 s | axis_err=  8.5 deg | spin_err=  0.5 deg
orient:     t=  0.2 s | axis_err=  7.2 deg | spin_err=  0.2 deg
orient:     t=  0.4 s | axis_err=  3.2 deg | spin_err=  0.2 deg
orient:     t=  0.6 s | axis_err=  1.0 deg | spin_err=  0.2 deg
orient:     t=  0.8 s | axis_err=  0.8 deg | spin_err=  0.2 deg

Orientation reached: axis_err=0.8 deg | spin_err=0.2 deg

-- phase: approach_descend ---------------------------------------------------
  Kp [t1,t2,n]     = [    150.0,     150.0,     150.0] N/m
  Dp [t1,t2,n]     = [    133.7,      94.2,     128.3] Ns/m     auto (factor 1.90)
  KR [t1,t2,n]     = [    180.0,     180.0,      90.0] Nm/rad
  DR [t1,t2,n]     = [     15.3,      25.0,       2.0] Nms/rad  auto (factor 1.90)
  descend to         20 mm clearance at 0.100 m/s
descend:    t=  0.0 s | distance=   0.1 mm | height=+121.4 mm (target 20.0) | force= -0.0 N
descend:    t=  0.2 s | distance=  20.2 mm | height=+110.6 mm (target 20.0) | force=  2.2 N
descend:    t=  0.4 s | distance=  40.3 mm | height= +95.7 mm (target 20.0) | force=  1.8 N
descend:    t=  0.6 s | distance=  60.4 mm | height= +79.5 mm (target 20.0) | force=  2.0 N
descend:    t=  0.8 s | distance=  80.5 mm | height= +62.2 mm (target 20.0) | force=  2.3 N
descend:    t=  1.0 s | distance= 100.6 mm | height= +45.1 mm (target 20.0) | force=  2.9 N
descend:    t=  1.2 s | distance= 120.7 mm | height= +28.0 mm (target 20.0) | force=  3.0 N

Clearance reached: distance=130.4 mm | height=20.0 mm | target=20.0 mm | force=2.2 N
  offset_ee        = [     20.0,      60.0,      20.0] mm
  p_EE_at_contact  = [    516.8,       0.9,      49.9] mm
  contact_point    = [    535.3,     -56.4,       1.4] mm
  edge_offset      = [     18.5,     -57.4,     -48.5] mm

-- phase: setup --------------------------------------------------------------

-- setup impedance -----------------------------------------------------------
  law                wrench = K_TCP*dx + D_TCP*dv
                     K_TCP  = Ad(r_c)^T * blkdiag(Kp,KR) * Ad(r_c)
  Kp [t1,t2,n]     = [   2000.0,    2000.0,     350.0] N/m
  Dp [t1,t2,n]     = [    231.2,     178.1,     112.1] Ns/m     auto
  KR [t1,t2,n]     = [      5.0,       5.0,      50.0] Nm/rad
  DR [t1,t2,n]     = [      1.5,       1.9,       1.2] Nms/rad  auto
  p_c [EE]         = [     -0.0,      50.0,       0.0] mm       commanded in the tool frame
  r_c [t1,t2,n]    = [     -0.0,      49.4,       7.8] mm       p_TCP - p_c, in the plane
setup:     t=  0.0 s | tip=  0.0 deg | F=  0.0 N | M=  0.0 Nm (limit 150.0) | contact= 19.9 mm
setup:     t=  0.2 s | tip=  0.9 deg | F=  0.9 N | M=  0.7 Nm (limit 150.0) | contact=  7.4 mm
setup:     t=  0.4 s | tip=  1.6 deg | F= 19.0 N | M= 10.1 Nm (limit 150.0) | contact=  3.3 mm
setup:     t=  0.6 s | tip=  1.6 deg | F= 15.5 N | M=  8.8 Nm (limit 150.0) | contact=  3.4 mm
setup:     t=  0.8 s | tip=  1.6 deg | F= 20.6 N | M= 11.4 Nm (limit 150.0) | contact=  3.5 mm
setup:     t=  1.0 s | tip=  1.6 deg | F= 26.2 N | M= 14.3 Nm (limit 150.0) | contact=  3.7 mm
setup:     t=  1.2 s | tip=  1.6 deg | F= 32.0 N | M= 17.3 Nm (limit 150.0) | contact=  3.9 mm
setup:     t=  1.4 s | tip=  1.7 deg | F= 37.8 N | M= 20.3 Nm (limit 150.0) | contact=  4.0 mm
setup:     t=  1.6 s | tip=  1.7 deg | F= 43.5 N | M= 23.3 Nm (limit 150.0) | contact=  4.2 mm
setup:     t=  1.8 s | tip=  1.7 deg | F= 49.0 N | M= 26.1 Nm (limit 150.0) | contact=  4.4 mm
setup:     t=  2.0 s | tip=  1.7 deg | F= 54.6 N | M= 28.9 Nm (limit 150.0) | contact=  4.5 mm
setup:     t=  2.2 s | tip=  1.7 deg | F= 59.9 N | M= 31.7 Nm (limit 150.0) | contact=  4.7 mm
setup:     t=  2.4 s | tip=  1.7 deg | F= 65.5 N | M= 34.5 Nm (limit 150.0) | contact=  4.8 mm
setup:     t=  2.6 s | tip=  1.7 deg | F= 70.9 N | M= 37.3 Nm (limit 150.0) | contact=  5.0 mm
setup:     t=  2.8 s | tip=  1.7 deg | F= 76.7 N | M= 40.3 Nm (limit 150.0) | contact=  5.1 mm
setup:     t=  3.0 s | tip=  1.7 deg | F= 82.3 N | M= 43.2 Nm (limit 150.0) | contact=  5.3 mm
setup:     t=  3.2 s | tip=  1.8 deg | F= 88.0 N | M= 46.1 Nm (limit 150.0) | contact=  5.4 mm
setup:     t=  3.4 s | tip=  1.8 deg | F= 83.1 N | M= 43.7 Nm (limit 150.0) | contact=  5.3 mm
setup:     t=  3.6 s | tip=  1.8 deg | F= 82.9 N | M= 43.6 Nm (limit 150.0) | contact=  5.3 mm
setup:     t=  3.8 s | tip=  1.8 deg | F= 82.8 N | M= 43.5 Nm (limit 150.0) | contact=  5.3 mm
setup:     t=  4.0 s | tip=  1.8 deg | F= 82.8 N | M= 43.5 Nm (limit 150.0) | contact=  5.3 mm
setup:     t=  4.2 s | tip=  1.8 deg | F= 82.8 N | M= 43.5 Nm (limit 150.0) | contact=  5.3 mm
setup:     t=  4.4 s | tip=  1.8 deg | F= 82.8 N | M= 43.5 Nm (limit 150.0) | contact=  5.3 mm
setup:     t=  4.6 s | tip=  1.8 deg | F= 82.7 N | M= 43.5 Nm (limit 150.0) | contact=  5.3 mm
setup:     t=  4.8 s | tip=  1.8 deg | F= 82.7 N | M= 43.5 Nm (limit 150.0) | contact=  5.3 mm

==============================================================================
  SETUP RESULT
==============================================================================
  stop: time | t=5.0 s | tip=1.8 deg | F=82.6 N | M=43.4 Nm
  contact_from_start = [-2.5, +0.3, -4.7] mm | norm=5.3 mm
  tcp_from_contact  = [-20.7, +57.1, +24.3] mm | norm=65.5 mm
  alignment: before=9.37 deg | after=9.50 deg | gain=-0.13 deg
  alignment components [t1,t2,n] deg: before=[-9.36,-0.46,+0.00] | after=[-9.24,-2.22,+0.00]

-- setup surface-frame breakdown ---------------------------------------------
  frame              alignment-target [tangent1, tangent2, normal]
  force        [N]      = [    +3.92,     -1.32,    -82.52]
  tcp_disp     [mm]     = [    -1.85,     +0.40,    -24.22]
  contact_disp [mm]     = [    -2.42,     +0.45,     -4.70]
  Kp_eff=F/tcp [N/m]    = [  -2123.0,   -3293.5,    3407.2]
  M_contact    [Nm]     = [    -1.10,    +41.85,     -0.59]
  tip_angle    [deg]    = [    +0.12,     -1.72,     -0.33]
  KR_eff=M/ang [Nm/rad] = [   -545.5,   -1396.4,     102.6]
  frame              tool face [length, width, tool axis]
  M_contact    [Nm]     = [   -41.21,     +0.77,     +7.34]

-- center of compliance ------------------------------------------------------
  definition         r_c = p_TCP - p_c
  p_TCP [x,y,z]    = [    514.5,       0.7,      25.7] mm
  p_c [EE]         = [     -0.0,      50.0,       0.0] mm
  r_c [t1,t2,n]    = [     -0.1,      49.4,       7.7] mm
                     p_c resolved at end of setup

-- effective TCP impedance ---------------------------------------------------
  K_TCP translation = [   1999.5,    1998.7,     351.8] N/m
  K_TCP rotation   = [      6.0,       5.1,      54.9] Nm/rad
  commanded KR was = [      5.0,       5.0,      50.0] Nm/rad   including lever contribution
  D_TCP translation = [    231.1,     178.1,     112.2] Ns/m
  D_TCP rotation   = [      1.8,       1.9,       1.8] Nms/rad
  coupling           max |moment per unit translation| = 99.2 Nm/m (K), 11.5 Nms/m (D)
  eigenvalues        K_TCP 4.99 .. 2005 | D_TCP 1.20 .. 232  (both positive: valid springs)

  K_TCP [N/m, Nm/rad | rows fx..mz, cols tx..rz]:
           tx        ty        tz    |    rx        ry        rz
  fx [    2000  -0.7871   -28.44 |    1.405   -12.67    99.17 ]
  fy [ -0.7871     1999   -45.62 |    14.92 0.002352  -0.1545 ]
  fz [  -28.44   -45.62    351.8 |   -17.73   0.2005   -1.408 ]
     ---------------------------+---------------------------
  mx [   1.405    14.92   -17.73 |    5.988  0.01154   0.8444 ]
  my [  -12.67 0.002352   0.2005 |  0.01154    5.115   0.6159 ]
  mz [   99.17  -0.1545   -1.408 |   0.8444   0.6159    54.87 ]

  D_TCP [Ns/m, Nms/rad]:
           tx        ty        tz    |    rx        ry        rz
  fx [   231.1  -0.0568   -2.052 |   0.1014   -1.464    11.46 ]
  fy [ -0.0568    178.1   -1.825 |    1.219 0.0002544  -0.0131 ]
  fz [  -2.052   -1.825    112.2 |   -5.575  0.01948  -0.1017 ]
     ---------------------------+---------------------------
  mx [  0.1014    1.219   -5.575 |    1.776  -0.0011 6.166e-05 ]
  my [  -1.464 0.0002544  0.01948 |  -0.0011    1.904 -0.09164 ]
  mz [   11.46  -0.0131  -0.1017 | 6.166e-05 -0.09164    1.777 ]

[GATE] Set up finished (still pressing). Press Enter to start the grind (e+Enter stops).

Stop requested with e + Enter. Finishing control loop...

-- joint motion [deg] --------------------------------------------------------
  joint       start    final    delta
  q1            0.8      0.7     -0.1
  q2           12.1     29.3    +17.1
  q3           -0.5     -1.1     -0.6
  q4         -130.9   -128.6     +2.3
  q5           -0.1     16.8    +16.9
  q6          142.9    152.1     +9.2
  q7           44.7     29.2    -15.5

==============================================================================
  FINAL RESULT
==============================================================================
  p_d              = [    512.3,      -6.2,    -210.0] mm
  p_EE             = [    514.5,       0.7,      25.7] mm
  e_p              = [     -2.2,      -6.9,    -235.7] mm
  e_R              = [     0.11,     -1.73,     -0.28] deg
------------------------------------------------------------------------------
  position error     235.77 mm
  rotation error     1.75 deg
  csv                logs/surface_grinding_controller_log.csv
------------------------------------------------------------------------------
