
==============================================================================
  SURFACE GRINDING CONTROLLER
==============================================================================
  robot              172.16.0.2
  parameters         /home/hm-panda/Desktop/Thesis_Final_Control/surface_grinding_controller/params
------------------------------------------------------------------------------

==============================================================================
  SURFACE GRINDING CONTROLLER - STARTUP MENU
==============================================================================

-- RUN MODES -----------------------------------------------------------------
  s      Run orientation, approach, setup, and grinding
  h      Cartesian pose hold at the initial posture
  t      Cartesian pose hold with the setup impedance
  g      Start manual guidance from the current robot pose

-- ROBOT PREPARATION ---------------------------------------------------------
  i      Move to the configured initial joint posture

-- GRIPPER AND TOOL ----------------------------------------------------------
  o      Open the gripper
  c      Grasp the tool
  r      Recalibrate the gripper with empty fingers
  f      Pick up the tool from the holder
  b      Return the tool to the holder

-- PROGRAM -------------------------------------------------------------------
  e      Exit
------------------------------------------------------------------------------
  During control: e = stop | m = startup menu | g = guidance
------------------------------------------------------------------------------
Selection [s/h/t/g/i/o/c/r/f/b/e]: 
-- SELECTED MODE: PHASE SEQUENCE ---------------------------------------------

-- moving to q_init ----------------------------------------------------------
  case               saved_qinit
  q1..q7 [deg]     = [0.8, 12.1, -0.5, -130.9, -0.2, 142.9, 44.7] deg
  saved_qinit = [0.014777, 0.210911, -0.009320, -2.284835, -0.002725, 2.493410, 0.780694] rad
  q_init reached.

-- start pose ----------------------------------------------------------------
  q_start          = [0.8, 12.1, -0.5, -130.9, -0.2, 142.9, 44.7] deg
  p_start          = [    531.3,       2.5,     156.8] mm

==============================================================================
  RUN
==============================================================================

-- phase: approach_orient ----------------------------------------------------
  Kp [t1,t2,n]     = [    150.0,     150.0,     150.0] N/m
  Dp [t1,t2,n]     = [    133.7,      94.2,     128.3] Ns/m     auto (factor 1.90)
  KR [t1,t2,n]     = [    180.0,     180.0,      90.0] Nm/rad
  DR [t1,t2,n]     = [     15.3,      25.0,       2.0] Nms/rad  auto (factor 1.90)
orient:     t=  0.0 s | axis_err= 12.5 deg | spin_err=  0.6 deg
orient:     t=  0.2 s | axis_err= 11.0 deg | spin_err=  0.4 deg
orient:     t=  0.4 s | axis_err=  7.8 deg | spin_err=  0.2 deg
orient:     t=  0.6 s | axis_err=  4.0 deg | spin_err=  0.1 deg
orient:     t=  0.8 s | axis_err=  1.6 deg | spin_err=  0.1 deg
orient:     t=  1.0 s | axis_err=  1.0 deg | spin_err=  0.0 deg

Orientation reached: axis_err=0.9 deg | spin_err=0.0 deg

-- phase: approach_descend ---------------------------------------------------
  Kp [t1,t2,n]     = [    150.0,     150.0,     150.0] N/m
  Dp [t1,t2,n]     = [    133.7,      94.2,     128.3] Ns/m     auto (factor 1.90)
  KR [t1,t2,n]     = [    180.0,     180.0,      90.0] Nm/rad
  DR [t1,t2,n]     = [     15.3,      25.0,       2.0] Nms/rad  auto (factor 1.90)
  descend to         20 mm clearance at 0.100 m/s
descend:    t=  0.0 s | distance=   0.1 mm | height=+125.1 mm (target 20.0) | force=  0.0 N
descend:    t=  0.2 s | distance=  20.2 mm | height=+113.2 mm (target 20.0) | force=  1.7 N
descend:    t=  0.4 s | distance=  40.3 mm | height= +97.0 mm (target 20.0) | force=  2.3 N
descend:    t=  0.6 s | distance=  60.4 mm | height= +79.8 mm (target 20.0) | force=  1.2 N
descend:    t=  0.8 s | distance=  80.5 mm | height= +62.3 mm (target 20.0) | force=  1.5 N
descend:    t=  1.0 s | distance= 100.6 mm | height= +44.4 mm (target 20.0) | force=  1.6 N
descend:    t=  1.2 s | distance= 120.7 mm | height= +26.6 mm (target 20.0) | force=  2.4 N

Clearance reached: distance=128.1 mm | height=19.9 mm | target=20.0 mm | force=2.3 N
  offset_ee        = [     20.0,       0.0,      20.0] mm
  p_EE_at_contact  = [    503.9,      -0.4,      44.0] mm
  contact_point    = [    518.8,      -1.6,       0.1] mm
  edge_offset      = [     14.8,      -1.2,     -43.8] mm

-- phase: setup --------------------------------------------------------------

-- setup impedance -----------------------------------------------------------
  law                wrench = K_TCP*dx + D_TCP*dv
                     K_TCP  = Ad(r_c)^T * blkdiag(Kp,KR) * Ad(r_c)
  Kp [t1,t2,n]     = [   2000.0,    2000.0,     350.0] N/m
  Dp [t1,t2,n]     = [    236.8,     176.3,     109.8] Ns/m     auto
  KR [t1,t2,n]     = [      5.0,       5.0,      50.0] Nm/rad
  DR [t1,t2,n]     = [      1.3,       2.2,       1.2] Nms/rad  auto
  p_c [EE]         = [    -30.0,      -0.0,       0.0] mm       commanded in the tool frame
  r_c [t1,t2,n]    = [     29.4,      -0.0,      -6.0] mm       p_TCP - p_c, in the plane
setup:     t=  0.0 s | tip=  0.0 deg | F=  0.1 N | M=  0.1 Nm (limit 150.0) | contact= 19.9 mm
setup:     t=  0.2 s | tip=  0.4 deg | F=  1.0 N | M=  0.4 Nm (limit 150.0) | contact=  7.1 mm
setup:     t=  0.4 s | tip=  1.0 deg | F= 18.4 N | M=  9.5 Nm (limit 150.0) | contact=  2.6 mm
setup:     t=  0.6 s | tip=  1.0 deg | F= 15.4 N | M=  7.9 Nm (limit 150.0) | contact=  2.7 mm
setup:     t=  0.8 s | tip=  1.0 deg | F= 20.1 N | M= 10.1 Nm (limit 150.0) | contact=  2.9 mm
setup:     t=  1.0 s | tip=  1.0 deg | F= 26.0 N | M= 12.9 Nm (limit 150.0) | contact=  3.1 mm
setup:     t=  1.2 s | tip=  1.0 deg | F= 32.2 N | M= 16.0 Nm (limit 150.0) | contact=  3.3 mm
setup:     t=  1.4 s | tip=  1.1 deg | F= 37.5 N | M= 18.5 Nm (limit 150.0) | contact=  3.7 mm
setup:     t=  1.6 s | tip=  1.3 deg | F= 41.4 N | M= 20.5 Nm (limit 150.0) | contact=  4.3 mm
setup:     t=  1.8 s | tip=  1.6 deg | F= 49.8 N | M= 24.5 Nm (limit 150.0) | contact=  4.9 mm
setup:     t=  2.0 s | tip=  1.5 deg | F= 55.5 N | M= 27.2 Nm (limit 150.0) | contact=  5.4 mm
setup:     t=  2.2 s | tip=  1.5 deg | F= 61.0 N | M= 29.9 Nm (limit 150.0) | contact=  5.8 mm
setup:     t=  2.4 s | tip=  1.4 deg | F= 68.0 N | M= 33.3 Nm (limit 150.0) | contact=  6.4 mm
setup:     t=  2.6 s | tip=  1.4 deg | F= 72.2 N | M= 35.2 Nm (limit 150.0) | contact=  6.3 mm
setup:     t=  2.8 s | tip=  1.4 deg | F= 76.9 N | M= 37.5 Nm (limit 150.0) | contact=  6.4 mm
setup:     t=  3.0 s | tip=  1.4 deg | F= 83.0 N | M= 40.3 Nm (limit 150.0) | contact=  6.4 mm
setup:     t=  3.2 s | tip=  1.5 deg | F= 89.6 N | M= 43.5 Nm (limit 150.0) | contact=  6.5 mm
setup:     t=  3.4 s | tip=  1.6 deg | F= 83.0 N | M= 40.2 Nm (limit 150.0) | contact=  6.2 mm
setup:     t=  3.6 s | tip=  1.7 deg | F= 83.4 N | M= 40.4 Nm (limit 150.0) | contact=  6.1 mm
setup:     t=  3.8 s | tip=  1.7 deg | F= 83.5 N | M= 40.5 Nm (limit 150.0) | contact=  6.1 mm
setup:     t=  4.0 s | tip=  1.7 deg | F= 83.5 N | M= 40.5 Nm (limit 150.0) | contact=  6.1 mm
setup:     t=  4.2 s | tip=  1.8 deg | F= 83.4 N | M= 40.5 Nm (limit 150.0) | contact=  6.1 mm
setup:     t=  4.4 s | tip=  1.8 deg | F= 83.5 N | M= 40.5 Nm (limit 150.0) | contact=  6.1 mm
setup:     t=  4.6 s | tip=  1.8 deg | F= 83.5 N | M= 40.6 Nm (limit 150.0) | contact=  6.1 mm
setup:     t=  4.8 s | tip=  1.8 deg | F= 83.6 N | M= 40.6 Nm (limit 150.0) | contact=  6.1 mm

==============================================================================
  SETUP RESULT
==============================================================================
  stop: time | t=5.0 s | tip=1.8 deg | F=83.6 N | M=40.6 Nm
  contact_from_start = [-3.1, -0.1, -5.2] mm | norm=6.1 mm
  tcp_from_contact  = [-18.7, -0.2, +18.4] mm | norm=26.2 mm
  alignment: before=10.03 deg | after=9.13 deg | gain=+0.90 deg
  alignment components [t1,t2,n] deg: before=[-0.44,-10.02,+0.00] | after=[-1.68,-8.97,+0.00]

-- setup surface-frame breakdown ---------------------------------------------
  frame              alignment-target [tangent1, tangent2, normal]
  force        [N]      = [    +9.05,     +2.32,    -83.07]
  tcp_disp     [mm]     = [    -3.44,     -0.68,    -25.57]
  contact_disp [mm]     = [    -3.01,     -0.00,     -5.28]
  Kp_eff=F/tcp [N/m]    = [  -2627.2,   -3396.9,    3248.3]
  M_contact    [Nm]     = [    +0.88,    +39.46,     +0.60]
  tip_angle    [deg]    = [    -1.34,     +1.06,     -0.48]
  KR_eff=M/ang [Nm/rad] = [    -37.6,    2134.0,     -71.2]
  frame              tool face [length, width, tool axis]
  M_contact    [Nm]     = [   -39.45,     -1.22,     +0.43]

-- center of compliance ------------------------------------------------------
  definition         r_c = p_TCP - p_c
  p_TCP [x,y,z]    = [    500.0,      -1.8,      18.5] mm
  p_c [EE]         = [    -30.0,       0.0,       0.0] mm
  r_c [t1,t2,n]    = [     29.5,       0.4,      -5.4] mm
                     p_c resolved at end of setup

-- effective TCP impedance ---------------------------------------------------
  K_TCP translation = [   1999.5,    1998.7,     351.8] N/m
  K_TCP rotation   = [      5.1,       5.4,      51.7] Nm/rad
  commanded KR was = [      5.0,       5.0,      50.0] Nm/rad   including lever contribution
  D_TCP translation = [    236.8,     176.2,     109.9] Ns/m
  D_TCP rotation   = [      1.3,       2.3,       1.3] Nms/rad
  coupling           max |moment per unit translation| = 58.8 Nm/m (K), 5.2 Nms/m (D)
  eigenvalues        K_TCP 5.00 .. 2002 | D_TCP 1.19 .. 237  (both positive: valid springs)

  K_TCP [N/m, Nm/rad | rows fx..mz, cols tx..rz]:
           tx        ty        tz    |    rx        ry        rz
  fx [    2000  -0.7871   -28.44 |  0.01016    11.09   0.4076 ]
  fy [ -0.7871     1999   -45.62 |   -11.91   -1.346   -58.76 ]
  fz [  -28.44   -45.62    351.8 |   0.2045    10.17    1.336 ]
     ---------------------------+---------------------------
  mx [ 0.01016   -11.91   0.2045 |    5.084  0.02754    1.126 ]
  my [   11.09   -1.346    10.17 |  0.02754      5.4    1.286 ]
  mz [  0.4076   -58.76    1.336 |    1.126    1.286    51.68 ]

  D_TCP [Ns/m, Nms/rad]:
           tx        ty        tz    |    rx        ry        rz
  fx [   236.8  -0.0606   -2.189 | 0.0007824    1.348   0.0473 ]
  fy [ -0.0606    176.2   -1.837 |   -1.051 -0.05437   -5.181 ]
  fz [  -2.189   -1.837    109.9 | -0.01017    3.218  0.05359 ]
     ---------------------------+---------------------------
  mx [0.0007824   -1.051 -0.01017 |    1.299 -0.0003416  0.02918 ]
  my [   1.348 -0.05437    3.218 | -0.0003416    2.321 -0.02651 ]
  mz [  0.0473   -5.181  0.05359 |  0.02918 -0.02651    1.346 ]

[GATE] Set up finished (still pressing). Press Enter to start the grind (e+Enter stops).

Stop requested with e + Enter. Finishing control loop...

-- joint motion [deg] --------------------------------------------------------
  joint       start    final    delta
  q1            0.8     -0.4     -1.2
  q2           12.1     30.3    +18.2
  q3           -0.5      0.2     +0.7
  q4         -130.9   -126.9     +4.0
  q5           -0.2     -0.8     -0.6
  q6          142.9    145.7     +2.8
  q7           44.7     45.1     +0.3

==============================================================================
  FINAL RESULT
==============================================================================
  p_d              = [    499.4,      -7.6,    -215.9] mm
  p_EE             = [    500.0,      -1.8,      18.5] mm
  e_p              = [     -0.6,      -5.8,    -234.4] mm
  e_R              = [    -1.34,      1.05,     -0.49] deg
------------------------------------------------------------------------------
  position error     234.45 mm
  rotation error     1.77 deg
  csv                logs/surface_grinding_controller_log.csv
------------------------------------------------------------------------------
