
==============================================================================
  SURFACE GRINDING CONTROLLER
==============================================================================
  robot              172.16.0.2
  parameters         /home/hm-panda/Desktop/Thesis_Final_Control/surface_grinding_controller/params
------------------------------------------------------------------------------

==============================================================================
  SURFACE GRINDING CONTROLLER - STARTUP MENU
==============================================================================

-- RUN MODES -----------------------------------------------------------------
  s      Run orientation, approach, setup, and grinding
  h      Cartesian pose hold at the initial posture
  t      Cartesian pose hold with the setup impedance
  g      Start manual guidance from the current robot pose

-- ROBOT PREPARATION ---------------------------------------------------------
  i      Move to the configured initial joint posture

-- GRIPPER AND TOOL ----------------------------------------------------------
  o      Open the gripper
  c      Grasp the tool
  r      Recalibrate the gripper with empty fingers
  f      Pick up the tool from the holder
  b      Return the tool to the holder

-- PROGRAM -------------------------------------------------------------------
  e      Exit
------------------------------------------------------------------------------
  During control: e = stop | m = startup menu | g = guidance
------------------------------------------------------------------------------
Selection [s/h/t/g/i/o/c/r/f/b/e]: 
-- SELECTED MODE: PHASE SEQUENCE ---------------------------------------------

-- moving to q_init ----------------------------------------------------------
  case               saved_qinit
  q1..q7 [deg]     = [0.8, 12.1, -0.5, -130.9, -0.2, 142.9, 44.7] deg
  saved_qinit = [0.014777, 0.210911, -0.009320, -2.284835, -0.002725, 2.493410, 0.780694] rad
  q_init reached.

-- start pose ----------------------------------------------------------------
  q_start          = [0.9, 12.1, -0.5, -130.9, -0.1, 142.9, 44.7] deg
  p_start          = [    531.3,       2.5,     156.8] mm

==============================================================================
  RUN
==============================================================================

-- phase: approach_orient ----------------------------------------------------
  Kp [t1,t2,n]     = [    150.0,     150.0,     150.0] N/m
  Dp [t1,t2,n]     = [    133.7,      94.2,     128.3] Ns/m     auto (factor 1.90)
  KR [t1,t2,n]     = [     90.0,      90.0,      90.0] Nm/rad
  DR [t1,t2,n]     = [     10.8,      17.7,       2.0] Nms/rad  auto (factor 1.90)
orient:     t=  0.0 s | axis_err=  6.0 deg | spin_err=  0.6 deg
orient:     t=  0.2 s | axis_err=  5.3 deg | spin_err=  0.4 deg
orient:     t=  0.4 s | axis_err=  3.3 deg | spin_err=  0.1 deg
orient:     t=  0.6 s | axis_err=  2.3 deg | spin_err=  0.1 deg

Orientation reached: axis_err=2.0 deg | spin_err=0.0 deg

-- phase: approach_descend ---------------------------------------------------
  Kp [t1,t2,n]     = [    150.0,     150.0,     150.0] N/m
  Dp [t1,t2,n]     = [    133.7,      94.2,     128.3] Ns/m     auto (factor 1.90)
  KR [t1,t2,n]     = [     90.0,      90.0,      90.0] Nm/rad
  DR [t1,t2,n]     = [     10.8,      17.7,       2.0] Nms/rad  auto (factor 1.90)
  descend to         20 mm clearance at 0.100 m/s
descend:    t=  0.0 s | distance=   0.1 mm | height=+126.1 mm (target 20.0) | force= -0.0 N
descend:    t=  0.2 s | distance=  20.1 mm | height=+114.2 mm (target 20.0) | force=  2.5 N
descend:    t=  0.4 s | distance=  40.2 mm | height= +98.2 mm (target 20.0) | force=  2.6 N
descend:    t=  0.6 s | distance=  60.3 mm | height= +81.3 mm (target 20.0) | force=  2.3 N
descend:    t=  0.8 s | distance=  80.4 mm | height= +63.8 mm (target 20.0) | force=  3.0 N
descend:    t=  1.0 s | distance= 100.5 mm | height= +46.1 mm (target 20.0) | force=  2.0 N
descend:    t=  1.2 s | distance= 120.6 mm | height= +28.5 mm (target 20.0) | force=  3.0 N

Clearance reached: distance=130.4 mm | height=20.0 mm | target=20.0 mm | force=3.5 N
  offset_ee        = [     20.0,      60.0,      20.0] mm
  p_EE_at_contact  = [    507.1,      -0.1,      43.3] mm
  contact_point    = [    524.4,     -60.8,       1.7] mm
  edge_offset      = [     17.3,     -60.7,     -41.6] mm

-- phase: setup --------------------------------------------------------------

-- setup impedance -----------------------------------------------------------
  law                wrench = K_TCP*dx + D_TCP*dv
                     K_TCP  = Ad(r_c)^T * blkdiag(Kp,KR) * Ad(r_c)
  Kp [t1,t2,n]     = [   2000.0,    2000.0,     350.0] N/m
  Dp [t1,t2,n]     = [    233.6,     173.4,     112.2] Ns/m     auto
  KR [t1,t2,n]     = [      5.0,       5.0,      50.0] Nm/rad
  DR [t1,t2,n]     = [      1.3,       2.1,       0.9] Nms/rad  auto
  p_c [EE]         = [     60.0,      -0.0,       0.0] mm       commanded in the tool frame
  r_c [t1,t2,n]    = [    -59.8,      -0.0,       5.4] mm       p_TCP - p_c, in the plane
setup:     t=  0.0 s | tip=  0.0 deg | F=  0.1 N | M=  0.0 Nm (limit 150.0) | contact= 19.9 mm
setup:     t=  0.2 s | tip=  0.7 deg | F=  0.7 N | M=  0.5 Nm (limit 150.0) | contact=  7.8 mm
setup:     t=  0.4 s | tip=  1.4 deg | F= 12.3 N | M=  6.3 Nm (limit 150.0) | contact=  3.6 mm
setup:     t=  0.6 s | tip=  1.5 deg | F= 14.6 N | M=  8.4 Nm (limit 150.0) | contact=  3.7 mm
setup:     t=  0.8 s | tip=  1.6 deg | F= 20.5 N | M= 11.5 Nm (limit 150.0) | contact=  4.0 mm
setup:     t=  1.0 s | tip=  1.7 deg | F= 26.1 N | M= 14.5 Nm (limit 150.0) | contact=  4.6 mm
setup:     t=  1.2 s | tip=  1.8 deg | F= 31.2 N | M= 17.3 Nm (limit 150.0) | contact=  5.2 mm
setup:     t=  1.4 s | tip=  1.8 deg | F= 36.6 N | M= 20.2 Nm (limit 150.0) | contact=  5.8 mm
setup:     t=  1.6 s | tip=  1.9 deg | F= 42.0 N | M= 23.0 Nm (limit 150.0) | contact=  6.2 mm
setup:     t=  1.8 s | tip=  2.1 deg | F= 47.3 N | M= 25.8 Nm (limit 150.0) | contact=  6.4 mm
setup:     t=  2.0 s | tip=  2.8 deg | F= 52.8 N | M= 28.6 Nm (limit 150.0) | contact=  6.8 mm
setup:     t=  2.2 s | tip=  4.6 deg | F= 56.8 N | M= 30.6 Nm (limit 150.0) | contact=  7.9 mm
setup:     t=  2.4 s | tip=  7.0 deg | F= 60.6 N | M= 32.7 Nm (limit 150.0) | contact=  9.1 mm
setup:     t=  2.6 s | tip=  8.9 deg | F= 67.1 N | M= 36.6 Nm (limit 150.0) | contact= 10.0 mm
setup:     t=  2.8 s | tip= 10.7 deg | F= 71.3 N | M= 38.5 Nm (limit 150.0) | contact= 10.5 mm
setup:     t=  3.0 s | tip= 12.4 deg | F= 75.3 N | M= 40.7 Nm (limit 150.0) | contact= 11.6 mm
setup:     t=  3.2 s | tip= 14.0 deg | F= 81.6 N | M= 44.2 Nm (limit 150.0) | contact= 11.8 mm
setup:     t=  3.4 s | tip= 15.2 deg | F= 75.1 N | M= 40.4 Nm (limit 150.0) | contact= 12.0 mm
setup:     t=  3.6 s | tip= 15.9 deg | F= 76.3 N | M= 41.0 Nm (limit 150.0) | contact= 12.5 mm
setup:     t=  3.8 s | tip= 16.0 deg | F= 76.0 N | M= 40.7 Nm (limit 150.0) | contact= 12.5 mm
setup:     t=  4.0 s | tip= 16.0 deg | F= 75.7 N | M= 40.5 Nm (limit 150.0) | contact= 12.6 mm
setup:     t=  4.2 s | tip= 16.0 deg | F= 75.8 N | M= 40.5 Nm (limit 150.0) | contact= 12.6 mm
setup:     t=  4.4 s | tip= 16.0 deg | F= 75.8 N | M= 40.5 Nm (limit 150.0) | contact= 12.6 mm
setup:     t=  4.6 s | tip= 16.0 deg | F= 75.9 N | M= 40.5 Nm (limit 150.0) | contact= 12.6 mm
setup:     t=  4.8 s | tip= 16.0 deg | F= 75.9 N | M= 40.4 Nm (limit 150.0) | contact= 12.6 mm

==============================================================================
  SETUP RESULT
==============================================================================
  stop: time | t=5.0 s | tip=16.0 deg | F=75.7 N | M=40.4 Nm
  contact_from_start = [-8.0, -0.5, -9.8] mm | norm=12.7 mm
  tcp_from_contact  = [-18.6, +59.6, +16.2] mm | norm=64.5 mm
  alignment: before=5.29 deg | after=21.20 deg | gain=-15.90 deg
  alignment components [t1,t2,n] deg: before=[-1.24,-5.15,+0.00] | after=[-1.53,-21.14,-0.00]

-- setup surface-frame breakdown ---------------------------------------------
  frame              alignment-target [tangent1, tangent2, normal]
  force        [N]      = [   +10.79,     +1.14,    -74.88]
  tcp_disp     [mm]     = [    -0.86,     -0.37,    -25.50]
  contact_disp [mm]     = [    -7.86,     -0.23,     -9.91]
  Kp_eff=F/tcp [N/m]    = [ -12555.9,   -3057.6,    2936.8]
  M_contact    [Nm]     = [    -4.20,    +39.81,     -0.12]
  tip_angle    [deg]    = [    -0.29,    -16.00,     -0.07]
  KR_eff=M/ang [Nm/rad] = [    838.8,    -142.6,      92.2]
  frame              tool face [length, width, tool axis]
  M_contact    [Nm]     = [   -39.77,     +3.75,     +2.66]

-- center of compliance ------------------------------------------------------
  definition         r_c = p_TCP - p_c
  p_TCP [x,y,z]    = [    505.8,      -1.2,      17.8] mm
  p_c [EE]         = [     60.0,       0.0,      -0.0] mm
  r_c [t1,t2,n]    = [    -56.0,      -0.2,      21.6] mm
                     p_c resolved at end of setup

-- effective TCP impedance ---------------------------------------------------
  K_TCP translation = [   1999.5,    1998.7,     351.8] N/m
  K_TCP rotation   = [      6.0,       7.1,      56.1] Nm/rad
  commanded KR was = [      5.0,       5.0,      50.0] Nm/rad   including lever contribution
  D_TCP translation = [    233.6,     173.3,     112.3] Ns/m
  D_TCP rotation   = [      1.4,       2.5,       1.4] Nms/rad
  coupling           max |moment per unit translation| = 111.1 Nm/m (K), 9.6 Nms/m (D)
  eigenvalues        K_TCP 4.98 .. 2007 | D_TCP 0.89 .. 234  (both positive: valid springs)

  K_TCP [N/m, Nm/rad | rows fx..mz, cols tx..rz]:
           tx        ty        tz    |    rx        ry        rz
  fx [    2000  -0.7871   -28.44 | -0.00505   -43.61   0.8519 ]
  fy [ -0.7871     1999   -45.62 |    45.19    2.553    111.1 ]
  fz [  -28.44   -45.62    351.8 |   -1.189   -18.91   -2.548 ]
     ---------------------------+---------------------------
  mx [-0.00505    45.19   -1.189 |    6.035  0.08764    3.287 ]
  my [  -43.61    2.553   -18.91 |  0.08764    7.071    1.367 ]
  mz [  0.8519    111.1   -2.548 |    3.287    1.367    56.13 ]

  D_TCP [Ns/m, Nms/rad]:
           tx        ty        tz    |    rx        ry        rz
  fx [   233.6 -0.05793   -2.093 | -0.0003717   -5.163   0.1014 ]
  fy [-0.05793    173.3   -1.691 |    3.918   0.0953    9.634 ]
  fz [  -2.093   -1.691    112.3 | -0.08851   -6.193 -0.09493 ]
     ---------------------------+---------------------------
  mx [-0.0003717    3.918 -0.08851 |    1.391 0.004733   0.2107 ]
  my [  -5.163   0.0953   -6.193 | 0.004733    2.526 -0.02942 ]
  mz [  0.1014    9.634 -0.09493 |   0.2107 -0.02942     1.43 ]

[GATE] Set up finished (still pressing). Press Enter to start the grind (e+Enter stops).

Stop requested with e + Enter. Finishing control loop...

-- joint motion [deg] --------------------------------------------------------
  joint       start    final    delta
  q1            0.9     -0.1     -1.0
  q2           12.1     35.0    +22.8
  q3           -0.5     -0.0     +0.5
  q4         -130.9   -116.7    +14.2
  q5           -0.1     -0.0     +0.1
  q6          142.9    129.5    -13.3
  q7           44.7     45.3     +0.6

==============================================================================
  FINAL RESULT
==============================================================================
  p_d              = [    502.6,      -7.3,    -216.6] mm
  p_EE             = [    505.8,      -1.2,      17.8] mm
  e_p              = [     -3.2,      -6.1,    -234.4] mm
  e_R              = [    -0.29,    -15.99,      0.37] deg
------------------------------------------------------------------------------
  position error     234.47 mm
  rotation error     16.00 deg
  csv                logs/surface_grinding_controller_log.csv
------------------------------------------------------------------------------
