
==============================================================================
  SURFACE GRINDING CONTROLLER
==============================================================================
  robot              172.16.0.2
  parameters         /home/hm-panda/Desktop/Thesis_Final_Control/surface_grinding_controller/params
------------------------------------------------------------------------------

==============================================================================
  SURFACE GRINDING CONTROLLER - STARTUP MENU
==============================================================================

-- RUN MODES -----------------------------------------------------------------
  s      Run orientation, approach, setup, and grinding
  h      Cartesian pose hold at the initial posture
  t      Cartesian pose hold with the setup impedance
  g      Start manual guidance from the current robot pose

-- ROBOT PREPARATION ---------------------------------------------------------
  i      Move to the configured initial joint posture

-- GRIPPER AND TOOL ----------------------------------------------------------
  o      Open the gripper
  c      Grasp the tool
  r      Recalibrate the gripper with empty fingers
  f      Pick up the tool from the holder
  b      Return the tool to the holder

-- PROGRAM -------------------------------------------------------------------
  e      Exit
------------------------------------------------------------------------------
  During control: e = stop | m = startup menu | g = guidance
------------------------------------------------------------------------------
Selection [s/h/t/g/i/o/c/r/f/b/e]: 
-- SELECTED MODE: PHASE SEQUENCE ---------------------------------------------

-- moving to q_init ----------------------------------------------------------
  case               saved_qinit
  q1..q7 [deg]     = [0.8, 12.1, -0.5, -130.9, -0.2, 142.9, 44.7] deg
  saved_qinit = [0.014777, 0.210911, -0.009320, -2.284835, -0.002725, 2.493410, 0.780694] rad
  q_init reached.

-- start pose ----------------------------------------------------------------
  q_start          = [0.9, 12.1, -0.5, -130.9, -0.1, 142.9, 44.7] deg
  p_start          = [    531.3,       2.5,     156.8] mm

==============================================================================
  RUN
==============================================================================

-- phase: approach_orient ----------------------------------------------------
  Kp [t1,t2,n]     = [    150.0,     150.0,     150.0] N/m
  Dp [t1,t2,n]     = [    133.7,      94.2,     128.3] Ns/m     auto (factor 1.90)
  KR [t1,t2,n]     = [     90.0,      90.0,      90.0] Nm/rad
  DR [t1,t2,n]     = [     10.8,      17.7,       2.0] Nms/rad  auto (factor 1.90)
orient:     t=  0.0 s | axis_err=  8.6 deg | spin_err=  0.6 deg
orient:     t=  0.2 s | axis_err=  8.0 deg | spin_err=  0.0 deg
orient:     t=  0.4 s | axis_err=  4.9 deg | spin_err=  0.2 deg
orient:     t=  0.6 s | axis_err=  2.1 deg | spin_err=  0.2 deg

Orientation reached: axis_err=2.0 deg | spin_err=0.2 deg

-- phase: approach_descend ---------------------------------------------------
  Kp [t1,t2,n]     = [    150.0,     150.0,     150.0] N/m
  Dp [t1,t2,n]     = [    133.7,      94.2,     128.3] Ns/m     auto (factor 1.90)
  KR [t1,t2,n]     = [     90.0,      90.0,      90.0] Nm/rad
  DR [t1,t2,n]     = [     10.8,      17.7,       2.0] Nms/rad  auto (factor 1.90)
  descend to         20 mm clearance at 0.100 m/s
descend:    t=  0.0 s | distance=   0.1 mm | height=+125.3 mm (target 20.0) | force=  0.1 N
descend:    t=  0.2 s | distance=  20.1 mm | height=+113.5 mm (target 20.0) | force=  1.4 N
descend:    t=  0.4 s | distance=  40.2 mm | height= +97.8 mm (target 20.0) | force=  2.7 N
descend:    t=  0.6 s | distance=  60.3 mm | height= +81.5 mm (target 20.0) | force=  2.3 N
descend:    t=  0.8 s | distance=  80.4 mm | height= +64.6 mm (target 20.0) | force=  2.8 N
descend:    t=  1.0 s | distance= 100.5 mm | height= +47.0 mm (target 20.0) | force=  3.5 N
descend:    t=  1.2 s | distance= 120.6 mm | height= +30.0 mm (target 20.0) | force=  3.3 N

Clearance reached: distance=132.3 mm | height=20.0 mm | target=20.0 mm | force=2.1 N
  offset_ee        = [     20.0,      60.0,      20.0] mm
  p_EE_at_contact  = [    519.4,       2.1,      48.8] mm
  contact_point    = [    538.3,     -55.6,       1.3] mm
  edge_offset      = [     18.9,     -57.7,     -47.6] mm

-- phase: setup --------------------------------------------------------------

-- setup impedance -----------------------------------------------------------
  law                wrench = K_TCP*dx + D_TCP*dv
                     K_TCP  = Ad(r_c)^T * blkdiag(Kp,KR) * Ad(r_c)
  Kp [t1,t2,n]     = [   2000.0,    2000.0,     350.0] N/m
  Dp [t1,t2,n]     = [    230.7,     177.0,     112.4] Ns/m     auto
  KR [t1,t2,n]     = [      5.0,       5.0,      50.0] Nm/rad
  DR [t1,t2,n]     = [      1.5,       1.9,       1.2] Nms/rad  auto
  p_c [EE]         = [     -0.0,      20.0,      -0.0] mm       commanded in the tool frame
  r_c [t1,t2,n]    = [     -0.0,      19.8,       2.9] mm       p_TCP - p_c, in the plane
setup:     t=  0.0 s | tip=  0.0 deg | F=  0.1 N | M=  0.0 Nm (limit 150.0) | contact= 19.9 mm
setup:     t=  0.2 s | tip=  0.9 deg | F=  1.1 N | M=  1.1 Nm (limit 150.0) | contact=  7.4 mm
setup:     t=  0.4 s | tip=  1.5 deg | F= 17.7 N | M=  9.7 Nm (limit 150.0) | contact=  3.0 mm
setup:     t=  0.6 s | tip=  1.6 deg | F= 15.7 N | M=  9.0 Nm (limit 150.0) | contact=  3.1 mm
setup:     t=  0.8 s | tip=  1.6 deg | F= 21.3 N | M= 11.8 Nm (limit 150.0) | contact=  3.3 mm
setup:     t=  1.0 s | tip=  1.6 deg | F= 26.9 N | M= 14.7 Nm (limit 150.0) | contact=  3.4 mm
setup:     t=  1.2 s | tip=  1.6 deg | F= 32.6 N | M= 17.6 Nm (limit 150.0) | contact=  3.5 mm
setup:     t=  1.4 s | tip=  1.6 deg | F= 38.0 N | M= 20.4 Nm (limit 150.0) | contact=  3.7 mm
setup:     t=  1.6 s | tip=  1.6 deg | F= 43.5 N | M= 23.3 Nm (limit 150.0) | contact=  3.9 mm
setup:     t=  1.8 s | tip=  1.7 deg | F= 48.9 N | M= 26.1 Nm (limit 150.0) | contact=  4.0 mm
setup:     t=  2.0 s | tip=  1.7 deg | F= 54.8 N | M= 29.2 Nm (limit 150.0) | contact=  4.2 mm
setup:     t=  2.2 s | tip=  1.7 deg | F= 61.0 N | M= 32.4 Nm (limit 150.0) | contact=  4.3 mm
setup:     t=  2.4 s | tip=  1.7 deg | F= 66.3 N | M= 35.1 Nm (limit 150.0) | contact=  4.5 mm
setup:     t=  2.6 s | tip=  1.7 deg | F= 71.4 N | M= 37.8 Nm (limit 150.0) | contact=  4.6 mm
setup:     t=  2.8 s | tip=  1.8 deg | F= 76.6 N | M= 40.5 Nm (limit 150.0) | contact=  4.8 mm
setup:     t=  3.0 s | tip=  1.8 deg | F= 82.3 N | M= 43.4 Nm (limit 150.0) | contact=  4.9 mm
setup:     t=  3.2 s | tip=  1.8 deg | F= 87.9 N | M= 46.3 Nm (limit 150.0) | contact=  5.0 mm
setup:     t=  3.4 s | tip=  1.8 deg | F= 82.2 N | M= 43.4 Nm (limit 150.0) | contact=  4.9 mm
setup:     t=  3.6 s | tip=  1.9 deg | F= 83.4 N | M= 44.0 Nm (limit 150.0) | contact=  4.8 mm
setup:     t=  3.8 s | tip=  2.1 deg | F= 80.9 N | M= 42.6 Nm (limit 150.0) | contact=  4.9 mm
setup:     t=  4.0 s | tip=  2.2 deg | F= 83.9 N | M= 44.3 Nm (limit 150.0) | contact=  4.6 mm
setup:     t=  4.2 s | tip=  2.4 deg | F= 80.9 N | M= 42.6 Nm (limit 150.0) | contact=  4.7 mm
setup:     t=  4.4 s | tip=  2.7 deg | F= 82.2 N | M= 43.4 Nm (limit 150.0) | contact=  4.7 mm
setup:     t=  4.6 s | tip=  2.9 deg | F= 82.3 N | M= 43.5 Nm (limit 150.0) | contact=  4.7 mm
setup:     t=  4.8 s | tip=  2.9 deg | F= 82.0 N | M= 43.3 Nm (limit 150.0) | contact=  4.7 mm

==============================================================================
  SETUP RESULT
==============================================================================
  stop: time | t=5.0 s | tip=2.9 deg | F=82.0 N | M=43.3 Nm
  contact_from_start = [-2.4, +0.5, -4.0] mm | norm=4.7 mm
  tcp_from_contact  = [-20.5, +59.0, +21.6] mm | norm=66.1 mm
  alignment: before=8.38 deg | after=6.40 deg | gain=+1.98 deg
  alignment components [t1,t2,n] deg: before=[-8.32,-1.01,+0.00] | after=[-5.90,-2.48,+0.00]

-- setup surface-frame breakdown ---------------------------------------------
  frame              alignment-target [tangent1, tangent2, normal]
  force        [N]      = [    +2.75,     -4.09,    -81.84]
  tcp_disp     [mm]     = [    -1.25,     +1.95,    -25.94]
  contact_disp [mm]     = [    -2.32,     +0.65,     -4.04]
  Kp_eff=F/tcp [N/m]    = [  -2205.7,   -2101.3,    3155.0]
  M_contact    [Nm]     = [    -3.31,    +41.79,     -1.65]
  tip_angle    [deg]    = [    +2.43,     -1.52,     +0.33]
  KR_eff=M/ang [Nm/rad] = [    -78.0,   -1571.8,    -285.9]
  frame              tool face [length, width, tool axis]
  M_contact    [Nm]     = [   -41.37,     +3.39,     +6.08]

-- center of compliance ------------------------------------------------------
  definition         r_c = p_TCP - p_c
  p_TCP [x,y,z]    = [    517.7,       3.3,      22.9] mm
  p_c [EE]         = [      0.0,      20.0,      -0.0] mm
  r_c [t1,t2,n]    = [      0.2,      19.9,       2.0] mm
                     p_c resolved at end of setup

-- effective TCP impedance ---------------------------------------------------
  K_TCP translation = [   1999.5,    1998.7,     351.8] N/m
  K_TCP rotation   = [      5.2,       5.0,      50.7] Nm/rad
  commanded KR was = [      5.0,       5.0,      50.0] Nm/rad   including lever contribution
  D_TCP translation = [    230.7,     177.0,     112.4] Ns/m
  D_TCP rotation   = [      1.5,       1.9,       1.3] Nms/rad
  coupling           max |moment per unit translation| = 39.9 Nm/m (K), 4.6 Nms/m (D)
  eigenvalues        K_TCP 5.00 .. 2001 | D_TCP 1.16 .. 231  (both positive: valid springs)

  K_TCP [N/m, Nm/rad | rows fx..mz, cols tx..rz]:
           tx        ty        tz    |    rx        ry        rz
  fx [    2000  -0.7871   -28.44 |    0.566   -2.995    39.88 ]
  fy [ -0.7871     1999   -45.62 |    3.898 -0.00788  -0.4125 ]
  fz [  -28.44   -45.62    351.8 |   -7.083   0.1124  -0.5581 ]
     ---------------------------+---------------------------
  mx [   0.566    3.898   -7.083 |     5.16  0.01921   0.7861 ]
  my [  -2.995 -0.00788   0.1124 |  0.01921    5.039    1.184 ]
  mz [   39.88  -0.4125  -0.5581 |   0.7861    1.184    50.75 ]

  D_TCP [Ns/m, Nms/rad]:
           tx        ty        tz    |    rx        ry        rz
  fx [   230.7 -0.05646    -2.04 |   0.0406  -0.3453      4.6 ]
  fy [-0.05646      177   -1.787 |   0.3002 -0.0002704 -0.03626 ]
  fz [   -2.04   -1.787    112.4 |   -2.245  0.02537 -0.04033 ]
     ---------------------------+---------------------------
  mx [  0.0406   0.3002   -2.245 |    1.531 -0.0006593 -0.004774 ]
  my [ -0.3453 -0.0002704  0.02537 | -0.0006593    1.884 -0.02676 ]
  mz [     4.6 -0.03626 -0.04033 | -0.004774 -0.02676    1.258 ]

[GATE] Set up finished (still pressing). Press Enter to start the grind (e+Enter stops).

Stop requested with e + Enter. Finishing control loop...

-- joint motion [deg] --------------------------------------------------------
  joint       start    final    delta
  q1            0.9      4.9     +4.0
  q2           12.1     29.8    +17.7
  q3           -0.5     -4.1     -3.6
  q4         -130.9   -129.0     +1.9
  q5           -0.1     15.1    +15.2
  q6          142.9    154.5    +11.6
  q7           44.7     32.8    -11.9

==============================================================================
  FINAL RESULT
==============================================================================
  p_d              = [    514.9,      -5.1,    -211.0] mm
  p_EE             = [    517.7,       3.3,      22.9] mm
  e_p              = [     -2.8,      -8.4,    -233.9] mm
  e_R              = [     2.44,     -1.51,      0.33] deg
------------------------------------------------------------------------------
  position error     234.06 mm
  rotation error     2.89 deg
  csv                logs/surface_grinding_controller_log.csv
------------------------------------------------------------------------------
