
==============================================================================
  SURFACE GRINDING CONTROLLER
==============================================================================
  robot              172.16.0.2
  parameters         /home/hm-panda/Desktop/Thesis_Final_Control/surface_grinding_controller/params
------------------------------------------------------------------------------

==============================================================================
  SURFACE GRINDING CONTROLLER - STARTUP MENU
==============================================================================

-- RUN MODES -----------------------------------------------------------------
  s      Run orientation, approach, setup, and grinding
  h      Cartesian pose hold at the initial posture
  t      Cartesian pose hold with the setup impedance
  g      Start manual guidance from the current robot pose

-- ROBOT PREPARATION ---------------------------------------------------------
  i      Move to the configured initial joint posture

-- GRIPPER AND TOOL ----------------------------------------------------------
  o      Open the gripper
  c      Grasp the tool
  r      Recalibrate the gripper with empty fingers
  f      Pick up the tool from the holder
  b      Return the tool to the holder

-- PROGRAM -------------------------------------------------------------------
  e      Exit
------------------------------------------------------------------------------
  During control: e = stop | m = startup menu | g = guidance
------------------------------------------------------------------------------
Selection [s/h/t/g/i/o/c/r/f/b/e]: 
-- SELECTED MODE: PHASE SEQUENCE ---------------------------------------------

-- moving to q_init ----------------------------------------------------------
  case               saved_qinit
  q1..q7 [deg]     = [0.8, 12.1, -0.5, -130.9, -0.2, 142.9, 44.7] deg
  saved_qinit = [0.014777, 0.210911, -0.009320, -2.284835, -0.002725, 2.493410, 0.780694] rad
  q_init reached.

-- start pose ----------------------------------------------------------------
  q_start          = [0.8, 12.1, -0.5, -130.9, -0.2, 142.9, 44.7] deg
  p_start          = [    531.3,       2.5,     156.8] mm

==============================================================================
  RUN
==============================================================================

-- phase: approach_orient ----------------------------------------------------
  Kp [t1,t2,n]     = [    150.0,     150.0,     150.0] N/m
  Dp [t1,t2,n]     = [    133.7,      94.2,     128.3] Ns/m     auto (factor 1.90)
  KR [t1,t2,n]     = [    180.0,     180.0,      90.0] Nm/rad
  DR [t1,t2,n]     = [     15.3,      25.0,       2.0] Nms/rad  auto (factor 1.90)
orient:     t=  0.0 s | axis_err=  8.6 deg | spin_err=  0.5 deg
orient:     t=  0.2 s | axis_err=  7.2 deg | spin_err=  0.2 deg
orient:     t=  0.4 s | axis_err=  3.2 deg | spin_err=  0.2 deg
orient:     t=  0.6 s | axis_err=  1.0 deg | spin_err=  0.2 deg
orient:     t=  0.8 s | axis_err=  0.9 deg | spin_err=  0.2 deg

Orientation reached: axis_err=0.8 deg | spin_err=0.2 deg

-- phase: approach_descend ---------------------------------------------------
  Kp [t1,t2,n]     = [    150.0,     150.0,     150.0] N/m
  Dp [t1,t2,n]     = [    133.7,      94.2,     128.3] Ns/m     auto (factor 1.90)
  KR [t1,t2,n]     = [    180.0,     180.0,      90.0] Nm/rad
  DR [t1,t2,n]     = [     15.3,      25.0,       2.0] Nms/rad  auto (factor 1.90)
  descend to         20 mm clearance at 0.100 m/s
descend:    t=  0.0 s | distance=   0.1 mm | height=+122.3 mm (target 20.0) | force=  0.0 N
descend:    t=  0.2 s | distance=  20.2 mm | height=+111.5 mm (target 20.0) | force=  2.1 N
descend:    t=  0.4 s | distance=  40.3 mm | height= +96.3 mm (target 20.0) | force=  2.5 N
descend:    t=  0.6 s | distance=  60.4 mm | height= +80.4 mm (target 20.0) | force=  3.0 N
descend:    t=  0.8 s | distance=  80.5 mm | height= +63.7 mm (target 20.0) | force=  2.1 N
descend:    t=  1.0 s | distance= 100.6 mm | height= +46.8 mm (target 20.0) | force=  3.3 N
descend:    t=  1.2 s | distance= 120.7 mm | height= +29.6 mm (target 20.0) | force=  2.1 N

Clearance reached: distance=132.1 mm | height=20.0 mm | target=20.0 mm | force=1.9 N
  offset_ee        = [     20.0,      60.0,      20.0] mm
  p_EE_at_contact  = [    516.6,       1.5,      49.8] mm
  contact_point    = [    535.0,     -56.0,       1.4] mm
  edge_offset      = [     18.4,     -57.5,     -48.4] mm

-- phase: setup --------------------------------------------------------------

-- setup impedance -----------------------------------------------------------
  law                wrench = K_TCP*dx + D_TCP*dv
                     K_TCP  = Ad(r_c)^T * blkdiag(Kp,KR) * Ad(r_c)
  Kp [t1,t2,n]     = [   2000.0,     300.0,     350.0] N/m
  Dp [t1,t2,n]     = [    231.2,      68.9,     112.1] Ns/m     auto
  KR [t1,t2,n]     = [      5.0,       5.0,      50.0] Nm/rad
  DR [t1,t2,n]     = [      1.5,       1.9,       1.2] Nms/rad  auto
  p_c [EE]         = [      0.0,       0.0,       0.0] mm       resolved in the tool frame
  r_c [t1,t2,n]    = [      0.0,       0.0,       0.0] mm       commanded: p_TCP - p_c, in the plane
setup:     t=  0.0 s | ee=  0.0 deg | F=  0.1 N | M=  0.0 Nm (limit 150.0) | contact= 19.9 mm
setup:     t=  0.2 s | ee=  0.8 deg | F=  1.2 N | M=  0.7 Nm (limit 150.0) | contact=  7.3 mm
setup:     t=  0.4 s | ee=  1.3 deg | F= 12.4 N | M=  0.5 Nm (limit 150.0) | contact=  1.9 mm
setup:     t=  0.6 s | ee=  1.3 deg | F= 13.8 N | M=  0.5 Nm (limit 150.0) | contact=  2.1 mm
setup:     t=  0.8 s | ee=  1.3 deg | F= 20.6 N | M=  0.5 Nm (limit 150.0) | contact=  2.4 mm
setup:     t=  1.0 s | ee=  1.4 deg | F= 26.1 N | M=  0.5 Nm (limit 150.0) | contact=  2.6 mm
setup:     t=  1.2 s | ee=  1.4 deg | F= 31.8 N | M=  0.5 Nm (limit 150.0) | contact=  2.7 mm
setup:     t=  1.4 s | ee=  1.4 deg | F= 37.8 N | M=  0.7 Nm (limit 150.0) | contact=  2.9 mm
setup:     t=  1.6 s | ee=  1.4 deg | F= 43.6 N | M=  0.9 Nm (limit 150.0) | contact=  3.1 mm
setup:     t=  1.8 s | ee=  1.5 deg | F= 49.0 N | M=  1.1 Nm (limit 150.0) | contact=  3.3 mm
setup:     t=  2.0 s | ee=  1.5 deg | F= 54.6 N | M=  1.2 Nm (limit 150.0) | contact=  3.5 mm
setup:     t=  2.2 s | ee=  1.6 deg | F= 60.0 N | M=  1.2 Nm (limit 150.0) | contact=  3.6 mm
setup:     t=  2.4 s | ee=  1.8 deg | F= 65.9 N | M=  1.4 Nm (limit 150.0) | contact=  3.8 mm
setup:     t=  2.6 s | ee=  2.2 deg | F= 71.3 N | M=  1.5 Nm (limit 150.0) | contact=  3.9 mm
setup:     t=  2.8 s | ee=  2.5 deg | F= 76.6 N | M=  1.7 Nm (limit 150.0) | contact=  4.0 mm
setup:     t=  3.0 s | ee=  4.3 deg | F= 79.1 N | M=  1.8 Nm (limit 150.0) | contact=  4.4 mm
setup:     t=  3.2 s | ee=  6.8 deg | F= 83.5 N | M=  2.0 Nm (limit 150.0) | contact=  4.7 mm
setup:     t=  3.4 s | ee=  7.8 deg | F= 79.0 N | M=  1.8 Nm (limit 150.0) | contact=  4.4 mm
setup:     t=  3.6 s | ee=  7.8 deg | F= 79.3 N | M=  1.1 Nm (limit 150.0) | contact=  4.4 mm
setup:     t=  3.8 s | ee=  7.8 deg | F= 79.3 N | M=  1.1 Nm (limit 150.0) | contact=  4.4 mm
setup:     t=  4.0 s | ee=  7.8 deg | F= 79.3 N | M=  1.1 Nm (limit 150.0) | contact=  4.4 mm
setup:     t=  4.2 s | ee=  7.8 deg | F= 79.2 N | M=  1.1 Nm (limit 150.0) | contact=  4.4 mm
setup:     t=  4.4 s | ee=  7.8 deg | F= 79.2 N | M=  1.1 Nm (limit 150.0) | contact=  4.4 mm
setup:     t=  4.6 s | ee=  7.8 deg | F= 79.1 N | M=  1.1 Nm (limit 150.0) | contact=  4.4 mm
setup:     t=  4.8 s | ee=  7.8 deg | F= 79.1 N | M=  1.1 Nm (limit 150.0) | contact=  4.4 mm

==============================================================================
  SETUP RESULT
==============================================================================
  stop: time | t=5.0 s | ee=7.8 deg | F=78.9 N | M_TCP=1.1 Nm
  contact_from_start = [-0.9, +2.3, -3.7] mm | norm=4.4 mm
  tcp_from_contact  = [-18.9, +62.5, +17.6] mm | norm=67.6 mm
  deviation: before=9.27 deg | after=2.78 deg | gain=+6.49 deg
  t_align: not reached | tolerance=2.00 deg | hold=0.30 s
  t_align_fraction: 3.10 s | fraction=0.50 of the deviation at contact
  deviation_min: 2.72 deg at t=3.32 s
  align_status: not_aligned
  deviation components [t1,t2,n] deg: before=[-9.26,-0.48,-0.00] | after=[-1.67,-2.22,+0.00]

-- setup surface-frame breakdown ---------------------------------------------
  frame              alignment-target [tangent1, tangent2, normal]
  force        [N]      = [    -0.80,     -1.02,    -78.87]
  tcp_disp     [mm]     = [    -0.01,     +5.86,    -30.71]
  contact_disp [mm]     = [    -0.85,     +2.38,     -3.62]
  Kp_eff=F/tcp [N/m]    = [      n/a,    -173.7,    2568.0]
  M_contact    [Nm]     = [    -5.49,     -0.70,     +0.03]
  ee_angle     [deg]    = [    +7.60,     -1.76,     +0.03]
  KR_eff=M/ang [Nm/rad] = [    -41.4,      22.8,      52.9]
  frame              tool face [length, width, tool axis]
  M_contact    [Nm]     = [    +0.72,     +5.48,     +0.16]

-- center of compliance ------------------------------------------------------
  definition         r_c = p_TCP - p_c
  p_TCP [x,y,z]    = [    516.0,       6.5,      18.9] mm
  p_c [EE]         = [     -0.0,      -0.0,       0.0] mm
  r_c [t1,t2,n]    = [      0.0,       0.0,       0.0] mm
                     p_c resolved at end of setup

-- effective TCP impedance ---------------------------------------------------
  K_TCP translation = [   1999.5,     300.0,     350.5] N/m
  K_TCP rotation   = [      5.0,       5.0,      50.0] Nm/rad
  commanded KR was = [      5.0,       5.0,      50.0] Nm/rad   including lever contribution
  D_TCP translation = [    231.2,      69.0,     112.1] Ns/m
  D_TCP rotation   = [      1.5,       1.9,       1.2] Nms/rad
  coupling           max |moment per unit translation| = 0.0 Nm/m (K), 0.0 Nms/m (D)
  eigenvalues        K_TCP 5.00 .. 2000 | D_TCP 1.20 .. 231  (both positive: valid springs)

  K_TCP [N/m, Nm/rad | rows fx..mz, cols tx..rz]:
           tx        ty        tz    |    rx        ry        rz
  fx [    2000  -0.7871   -28.44 |        0        0        0 ]
  fy [ -0.7871      300    1.396 |        0        0        0 ]
  fz [  -28.44    1.396    350.5 |        0        0        0 ]
     ---------------------------+---------------------------
  mx [       0        0        0 |    5.013  0.02147   0.7756 ]
  my [       0        0        0 |  0.02147    5.034    1.244 ]
  mz [       0        0        0 |   0.7756    1.244    49.95 ]

  D_TCP [Ns/m, Nms/rad]:
           tx        ty        tz    |    rx        ry        rz
  fx [   231.2 -0.05681   -2.053 |        0        0        0 ]
  fy [-0.05681    68.95    1.196 |        0        0        0 ]
  fz [  -2.053    1.196    112.1 |        0        0        0 ]
     ---------------------------+---------------------------
  mx [       0        0        0 |    1.488 -0.0001368 -0.004944 ]
  my [       0        0        0 | -0.0001368    1.898 -0.01928 ]
  mz [       0        0        0 | -0.004944 -0.01928    1.202 ]

[GATE] Set up finished (still pressing). Press Enter to start the grind (e+Enter stops).

Stop requested with e + Enter. Finishing control loop...

-- joint motion [deg] --------------------------------------------------------
  joint       start    final    delta
  q1            0.8      5.6     +4.8
  q2           12.1     30.4    +18.2
  q3           -0.5     -4.2     -3.7
  q4         -130.9   -128.6     +2.3
  q5           -0.2      4.6     +4.8
  q6          142.9    154.1    +11.2
  q7           44.7     42.9     -1.9

==============================================================================
  FINAL RESULT
==============================================================================
  p_d              = [    512.1,      -5.7,    -210.1] mm
  p_EE             = [    516.0,       6.5,      18.9] mm
  e_p              = [     -3.9,     -12.2,    -229.0] mm
  e_R              = [     7.60,     -1.76,     -0.05] deg
------------------------------------------------------------------------------
  position error     229.35 mm
  rotation error     7.80 deg
  csv                logs/surface_grinding_controller_log.csv
------------------------------------------------------------------------------
