
==============================================================================
  SURFACE GRINDING CONTROLLER
==============================================================================
  robot              172.16.0.2
  parameters         /home/hm-panda/Desktop/Thesis_Final_Control/surface_grinding_controller/params
------------------------------------------------------------------------------

==============================================================================
  SURFACE GRINDING CONTROLLER - STARTUP MENU
==============================================================================

-- RUN MODES -----------------------------------------------------------------
  s      Run orientation, approach, contact establishment, and grinding
  h      Cartesian pose hold at the initial posture
  t      Cartesian pose hold with the contact establishment impedance
  g      Start manual guidance from the current robot pose

-- ROBOT PREPARATION ---------------------------------------------------------
  i      Move to the configured initial joint posture

-- GRIPPER AND TOOL ----------------------------------------------------------
  o      Open the gripper
  c      Grasp the tool
  r      Recalibrate the gripper with empty fingers
  f      Pick up the tool from the holder
  b      Return the tool to the holder

-- PROGRAM -------------------------------------------------------------------
  e      Exit
------------------------------------------------------------------------------
  During control: e = stop | m = startup menu | g = guidance
------------------------------------------------------------------------------
Selection [s/h/t/g/i/o/c/r/f/b/e]: 
-- SELECTED MODE: STATE SEQUENCE ---------------------------------------------

-- moving to q_init ----------------------------------------------------------
  case               saved_qinit
  q1..q7 [deg]     = [0.8, 12.1, -0.5, -130.9, -0.2, 142.9, 44.7] deg
  saved_qinit = [0.014777, 0.210911, -0.009320, -2.284835, -0.002725, 2.493410, 0.780694] rad
  q_init reached.

-- start pose ----------------------------------------------------------------
  q_start          = [0.9, 12.1, -0.5, -130.9, -0.2, 142.9, 44.7] deg
  p_start          = [    531.4,       2.7,     156.8] mm

==============================================================================
  RUN
==============================================================================

-- state: tool_orientation ---------------------------------------------------
  Kp [t1,t2,n]     = [    150.0,     150.0,     150.0] N/m
  Dp [t1,t2,n]     = [    133.7,      94.2,     128.3] Ns/m     auto (factor 1.90)
  KR [t1,t2,n]     = [    180.0,     180.0,      90.0] Nm/rad
  DR [t1,t2,n]     = [     15.3,      25.0,       2.0] Nms/rad  auto (factor 1.90)
orient:     t=  0.0 s | axis_err=  8.6 deg | spin_err=  0.5 deg
orient:     t=  0.2 s | axis_err=  7.3 deg | spin_err=  0.2 deg
orient:     t=  0.4 s | axis_err=  3.4 deg | spin_err=  0.2 deg
orient:     t=  0.6 s | axis_err=  1.1 deg | spin_err=  0.2 deg
orient:     t=  0.8 s | axis_err=  0.9 deg | spin_err=  0.2 deg

Orientation reached: axis_err=0.9 deg | spin_err=0.2 deg

-- state: surface_approach ---------------------------------------------------
  Kp [t1,t2,n]     = [    150.0,     150.0,     150.0] N/m
  Dp [t1,t2,n]     = [    133.7,      94.2,     128.3] Ns/m     auto (factor 1.90)
  KR [t1,t2,n]     = [    180.0,     180.0,      90.0] Nm/rad
  DR [t1,t2,n]     = [     15.3,      25.0,       2.0] Nms/rad  auto (factor 1.90)
  descend to         20 mm clearance at 0.100 m/s
descend:    t=  0.0 s | distance=   0.1 mm | height=+121.9 mm (target 20.0) | force=  0.0 N
descend:    t=  0.2 s | distance=  20.2 mm | height=+111.2 mm (target 20.0) | force=  1.2 N
descend:    t=  0.4 s | distance=  40.3 mm | height= +96.1 mm (target 20.0) | force=  2.3 N
descend:    t=  0.6 s | distance=  60.4 mm | height= +79.9 mm (target 20.0) | force=  2.8 N
descend:    t=  0.8 s | distance=  80.5 mm | height= +62.6 mm (target 20.0) | force=  2.2 N
descend:    t=  1.0 s | distance= 100.6 mm | height= +45.5 mm (target 20.0) | force=  2.8 N
descend:    t=  1.2 s | distance= 120.7 mm | height= +28.2 mm (target 20.0) | force=  2.4 N

Clearance reached: distance=130.5 mm | height=19.9 mm | target=20.0 mm | force=2.0 N
  offset_ee        = [     20.0,      60.0,      20.0] mm
  p_EE_at_contact  = [    516.7,       1.7,      49.8] mm
  contact_point    = [    535.2,     -55.7,       1.3] mm
  edge_offset      = [     18.5,     -57.4,     -48.4] mm

-- state: contact_establishment ----------------------------------------------

-- contact establishment impedance -------------------------------------------
  law                wrench = K_TCP*dx + D_TCP*dv
                     K_TCP  = Ad(r_c)^T * blkdiag(Kp,KR) * Ad(r_c)
  Kp [t1,t2,n]     = [   2000.0,    2000.0,     350.0] N/m
  Dp [t1,t2,n]     = [    231.1,     178.0,     112.1] Ns/m     auto
  KR [t1,t2,n]     = [      5.0,       5.0,      50.0] Nm/rad
  DR [t1,t2,n]     = [      1.5,       1.9,       1.2] Nms/rad  auto
  p_c [EE]         = [      0.0,     100.0,       0.0] mm       commanded in the tool frame
  r_c [t1,t2,n]    = [      0.0,     -98.8,     -15.6] mm       p_c - p_TCP, in the plane
contact establishment:     t=  0.0 s | ee=  0.0 deg | F=  0.1 N | M=  0.0 Nm | contact= 19.9 mm
contact establishment:     t=  0.2 s | ee=  1.0 deg | F=  0.9 N | M=  0.6 Nm | contact=  7.2 mm
contact establishment:     t=  0.4 s | ee=  1.6 deg | F= 19.1 N | M=  0.8 Nm | contact=  3.7 mm
contact establishment:     t=  0.6 s | ee=  1.6 deg | F= 15.6 N | M=  0.7 Nm | contact=  3.7 mm
contact establishment:     t=  0.8 s | ee=  1.7 deg | F= 21.2 N | M=  0.9 Nm | contact=  3.9 mm
contact establishment:     t=  1.0 s | ee=  1.7 deg | F= 26.8 N | M=  1.2 Nm | contact=  4.1 mm
contact establishment:     t=  1.2 s | ee=  1.7 deg | F= 32.3 N | M=  1.6 Nm | contact=  4.2 mm
contact establishment:     t=  1.4 s | ee=  1.7 deg | F= 37.6 N | M=  2.0 Nm | contact=  4.4 mm
contact establishment:     t=  1.6 s | ee=  1.7 deg | F= 43.2 N | M=  2.4 Nm | contact=  4.5 mm
contact establishment:     t=  1.8 s | ee=  1.7 deg | F= 48.6 N | M=  2.7 Nm | contact=  4.7 mm
contact establishment:     t=  2.0 s | ee=  1.7 deg | F= 54.3 N | M=  3.0 Nm | contact=  4.9 mm
contact establishment:     t=  2.2 s | ee=  1.7 deg | F= 60.0 N | M=  3.3 Nm | contact=  5.0 mm
contact establishment:     t=  2.4 s | ee=  1.7 deg | F= 66.0 N | M=  3.5 Nm | contact=  5.2 mm
contact establishment:     t=  2.6 s | ee=  2.0 deg | F= 72.6 N | M=  4.0 Nm | contact=  5.4 mm
contact establishment:     t=  2.8 s | ee=  2.7 deg | F= 77.7 N | M=  4.4 Nm | contact=  5.6 mm
contact establishment:     t=  3.0 s | ee=  3.8 deg | F= 81.9 N | M=  4.6 Nm | contact=  5.9 mm
contact establishment:     t=  3.2 s | ee=  5.6 deg | F= 86.9 N | M=  4.8 Nm | contact=  6.2 mm
contact establishment:     t=  3.4 s | ee=  8.0 deg | F= 78.7 N | M=  3.9 Nm | contact=  6.6 mm
contact establishment:     t=  3.6 s | ee= 10.3 deg | F= 78.6 N | M=  4.5 Nm | contact=  7.0 mm
contact establishment:     t=  3.8 s | ee= 12.7 deg | F= 74.0 N | M=  3.5 Nm | contact=  7.9 mm
contact establishment:     t=  4.0 s | ee= 14.8 deg | F= 75.7 N | M=  3.5 Nm | contact=  8.1 mm
contact establishment:     t=  4.2 s | ee= 16.4 deg | F= 78.1 N | M=  3.7 Nm | contact=  8.0 mm
contact establishment:     t=  4.4 s | ee= 17.9 deg | F= 78.2 N | M=  3.9 Nm | contact=  8.4 mm
contact establishment:     t=  4.6 s | ee= 19.1 deg | F= 75.7 N | M=  3.4 Nm | contact=  9.0 mm
contact establishment:     t=  4.8 s | ee= 20.3 deg | F= 74.9 N | M=  2.8 Nm | contact=  9.5 mm

==============================================================================
  CONTACT-ESTABLISHMENT RESULT
==============================================================================
  stop: time | t=5.0 s | ee=21.0 deg | F=75.1 N | M_TCP=2.9 Nm
  contact_from_start = [-5.4, -3.0, -7.3] mm | norm=9.6 mm
  tcp_from_contact  = [-23.5, +39.6, +40.1] mm | norm=61.1 mm
  deviation: before=9.34 deg | after=30.35 deg | gain=-21.01 deg
  t_align: not reached | tolerance=2.00 deg | hold=0.30 s
  t_align_fraction: not reached | fraction=0.50 of the deviation at contact
  deviation_min: 9.31 deg at t=0.06 s
  align_status: not_aligned
  deviation components [t1,t2,n] deg: before=[-9.33,-0.42,-0.00] | after=[-30.28,-2.16,-0.00]

-- contact establishment surface-frame breakdown -----------------------------
  frame              alignment-target [tangent1, tangent2, normal]
  force        [N]      = [   +10.21,     -0.19,    -74.40]
  tcp_disp     [mm]     = [    -4.90,    -17.52,     -8.89]
  contact_disp [mm]     = [    -5.26,     -2.83,     -7.46]
  Kp_eff=F/tcp [N/m]    = [  -2082.9,      11.0,    8367.0]
  M_contact    [Nm]     = [    -0.32,     -0.25,     -0.01]
  ee_angle     [deg]    = [   -20.96,     -1.48,     -0.77]
  KR_eff=M/ang [Nm/rad] = [      0.9,       9.5,       0.9]
  frame              tool face [length, width, tool axis]
  M_contact    [Nm]     = [    +0.22,     +0.33,     -0.10]

-- center of compliance ------------------------------------------------------
  definition         r_c = p_c - p_TCP
  p_TCP [x,y,z]    = [    511.6,     -16.0,      41.5] mm
  p_c [EE]         = [      0.0,     100.0,       0.0] mm
  r_c [t1,t2,n]    = [      0.5,     -86.7,     -49.9] mm
                     p_c resolved at end of contact establishment

-- effective TCP impedance ---------------------------------------------------
  K_TCP translation = [   1999.5,    1998.7,     351.8] N/m
  K_TCP rotation   = [     12.6,       9.5,      65.4] Nm/rad
  commanded KR was = [      5.0,       5.0,      50.0] Nm/rad   including lever contribution
  D_TCP translation = [    231.1,     178.0,     112.2] Ns/m
  D_TCP rotation   = [      2.8,       2.4,       3.0] Nms/rad
  coupling           max |moment per unit translation| = 176.0 Nm/m (K), 20.3 Nms/m (D)
  eigenvalues        K_TCP 4.95 .. 2020 | D_TCP 1.20 .. 233  (both positive: valid springs)

  K_TCP [N/m, Nm/rad | rows fx..mz, cols tx..rz]:
           tx        ty        tz    |    rx        ry        rz
  fx [    2000  -0.7871   -28.44 |    2.466    -94.9      176 ]
  fy [ -0.7871     1999   -45.62 |    98.87  0.01869  -0.8868 ]
  fz [  -28.44   -45.62    351.8 |   -33.13    1.493   -2.485 ]
     ---------------------------+---------------------------
  mx [   2.466    98.87   -33.13 |    12.62  -0.1091   0.9522 ]
  my [   -94.9  0.01869    1.493 |  -0.1091    9.539   -7.109 ]
  mz [     176  -0.8868   -2.485 |   0.9522   -7.109    65.44 ]

  D_TCP [Ns/m, Nms/rad]:
           tx        ty        tz    |    rx        ry        rz
  fx [   231.1 -0.05677   -2.051 |   0.1778   -10.97    20.34 ]
  fy [-0.05677      178   -1.821 |    8.606 0.001949 -0.07779 ]
  fz [  -2.051   -1.821    112.2 |   -9.964   0.1432  -0.1798 ]
     ---------------------------+---------------------------
  mx [  0.1778    8.606   -9.964 |    2.776 -0.01265 0.007231 ]
  my [  -10.97 0.001949   0.1432 | -0.01265    2.415  -0.9844 ]
  mz [   20.34 -0.07779  -0.1798 | 0.007231  -0.9844    2.997 ]

[STATE] Pre-grinding hold active. Press Enter to start grinding (e+Enter stops).

-- state: pre_grinding_hold --------------------------------------------------
  motion             established contact command
  impedance          inherited from contact establishment
  keys               Enter continue | e stop

Stop requested with e + Enter. Finishing control loop...

-- joint motion [deg] --------------------------------------------------------
  joint       start    final    delta
  q1            0.9     -3.7     -4.6
  q2           12.1     29.4    +17.3
  q3           -0.5     -4.1     -3.6
  q4         -130.9   -124.4     +6.5
  q5           -0.2     44.3    +44.4
  q6          142.9    135.3     -7.5
  q7           44.7     -0.4    -45.2

==============================================================================
  FINAL RESULT
==============================================================================
  p_d              = [    512.2,      -5.5,    -210.0] mm
  p_EE             = [    511.6,     -16.0,      41.5] mm
  e_p              = [      0.6,      10.6,    -251.5] mm
  e_R              = [   -20.97,     -1.49,     -0.37] deg
------------------------------------------------------------------------------
  position error     251.71 mm
  rotation error     21.03 deg
  csv                logs/surface_grinding_controller_log.csv
------------------------------------------------------------------------------
