
==============================================================================
  SURFACE GRINDING CONTROLLER
==============================================================================
  robot              172.16.0.2
  parameters         /home/hm-panda/Desktop/Thesis_Final_Control/surface_grinding_controller/params
------------------------------------------------------------------------------

==============================================================================
  SURFACE GRINDING CONTROLLER - STARTUP MENU
==============================================================================

-- RUN MODES -----------------------------------------------------------------
  s      Run orientation, approach, setup, and grinding
  h      Cartesian pose hold at the initial posture
  t      Cartesian pose hold with the setup impedance
  g      Start manual guidance from the current robot pose

-- ROBOT PREPARATION ---------------------------------------------------------
  i      Move to the configured initial joint posture

-- GRIPPER AND TOOL ----------------------------------------------------------
  o      Open the gripper
  c      Grasp the tool
  r      Recalibrate the gripper with empty fingers
  f      Pick up the tool from the holder
  b      Return the tool to the holder

-- PROGRAM -------------------------------------------------------------------
  e      Exit
------------------------------------------------------------------------------
  During control: e = stop | m = startup menu | g = guidance
------------------------------------------------------------------------------
Selection [s/h/t/g/i/o/c/r/f/b/e]: 
-- SELECTED MODE: PHASE SEQUENCE ---------------------------------------------

-- moving to q_init ----------------------------------------------------------
  case               saved_qinit
  q1..q7 [deg]     = [0.8, 12.1, -0.5, -130.9, -0.2, 142.9, 44.7] deg
  saved_qinit = [0.014777, 0.210911, -0.009320, -2.284835, -0.002725, 2.493410, 0.780694] rad
  q_init reached.

-- start pose ----------------------------------------------------------------
  q_start          = [0.9, 12.1, -0.6, -130.9, -0.1, 142.9, 44.7] deg
  p_start          = [    531.4,       2.5,     156.8] mm

==============================================================================
  RUN
==============================================================================

-- phase: approach_orient ----------------------------------------------------
  Kp [t1,t2,n]     = [    150.0,     150.0,     150.0] N/m
  Dp [t1,t2,n]     = [    133.7,      94.2,     128.3] Ns/m     auto (factor 1.90)
  KR [t1,t2,n]     = [    180.0,     180.0,      90.0] Nm/rad
  DR [t1,t2,n]     = [     15.3,      25.0,       2.0] Nms/rad  auto (factor 1.90)
orient:     t=  0.0 s | axis_err=  8.5 deg | spin_err=  0.5 deg
orient:     t=  0.2 s | axis_err=  7.2 deg | spin_err=  0.2 deg
orient:     t=  0.4 s | axis_err=  3.3 deg | spin_err=  0.2 deg
orient:     t=  0.6 s | axis_err=  1.1 deg | spin_err=  0.3 deg
orient:     t=  0.8 s | axis_err=  0.9 deg | spin_err=  0.3 deg

Orientation reached: axis_err=0.8 deg | spin_err=0.3 deg

-- phase: approach_descend ---------------------------------------------------
  Kp [t1,t2,n]     = [    150.0,     150.0,     150.0] N/m
  Dp [t1,t2,n]     = [    133.7,      94.2,     128.3] Ns/m     auto (factor 1.90)
  KR [t1,t2,n]     = [    180.0,     180.0,      90.0] Nm/rad
  DR [t1,t2,n]     = [     15.3,      25.0,       2.0] Nms/rad  auto (factor 1.90)
  descend to         20 mm clearance at 0.100 m/s
descend:    t=  0.0 s | distance=   0.1 mm | height=+121.4 mm (target 20.0) | force=  0.0 N
descend:    t=  0.2 s | distance=  20.2 mm | height=+110.6 mm (target 20.0) | force=  2.6 N
descend:    t=  0.4 s | distance=  40.3 mm | height= +95.9 mm (target 20.0) | force=  3.2 N
descend:    t=  0.6 s | distance=  60.4 mm | height= +79.9 mm (target 20.0) | force=  3.7 N
descend:    t=  0.8 s | distance=  80.5 mm | height= +63.0 mm (target 20.0) | force=  3.1 N
descend:    t=  1.0 s | distance= 100.6 mm | height= +46.3 mm (target 20.0) | force=  3.4 N
descend:    t=  1.2 s | distance= 120.7 mm | height= +29.5 mm (target 20.0) | force=  2.7 N

Clearance reached: distance=132.2 mm | height=20.0 mm | target=20.0 mm | force=2.4 N
  offset_ee        = [     20.0,      60.0,      20.0] mm
  p_EE_at_contact  = [    516.6,       1.5,      49.9] mm
  contact_point    = [    535.1,     -55.9,       1.3] mm
  edge_offset      = [     18.4,     -57.4,     -48.5] mm

-- phase: setup --------------------------------------------------------------

-- setup impedance -----------------------------------------------------------
  law                wrench = K_TCP*dx + D_TCP*dv
                     K_TCP  = Ad(r_c)^T * blkdiag(Kp,KR) * Ad(r_c)
  Kp [t1,t2,n]     = [   2000.0,    2000.0,     350.0] N/m
  Dp [t1,t2,n]     = [    231.2,     178.1,     112.1] Ns/m     auto
  KR [t1,t2,n]     = [      5.0,       5.0,      50.0] Nm/rad
  DR [t1,t2,n]     = [      1.5,       1.9,       1.2] Nms/rad  auto
  p_c [EE]         = [      0.0,       0.0,      40.0] mm       commanded in the tool frame
  r_c [t1,t2,n]    = [      1.4,      -6.2,      39.5] mm       p_TCP - p_c, in the plane
setup:     t=  0.0 s | ee=  0.0 deg | F=  0.0 N | M=  0.0 Nm (limit 150.0) | contact= 19.9 mm
setup:     t=  0.2 s | ee=  0.7 deg | F=  1.9 N | M=  0.7 Nm (limit 150.0) | contact=  7.8 mm
setup:     t=  0.4 s | ee=  1.4 deg | F= 16.2 N | M=  0.3 Nm (limit 150.0) | contact=  2.4 mm
setup:     t=  0.6 s | ee=  1.5 deg | F= 16.6 N | M=  1.0 Nm (limit 150.0) | contact=  2.4 mm
setup:     t=  0.8 s | ee=  1.5 deg | F= 22.1 N | M=  0.9 Nm (limit 150.0) | contact=  2.5 mm
setup:     t=  1.0 s | ee=  1.5 deg | F= 27.3 N | M=  0.9 Nm (limit 150.0) | contact=  2.7 mm
setup:     t=  1.2 s | ee=  1.5 deg | F= 32.8 N | M=  1.0 Nm (limit 150.0) | contact=  2.9 mm
setup:     t=  1.4 s | ee=  1.5 deg | F= 38.9 N | M=  1.0 Nm (limit 150.0) | contact=  3.0 mm
setup:     t=  1.6 s | ee=  1.5 deg | F= 44.6 N | M=  1.1 Nm (limit 150.0) | contact=  3.2 mm
setup:     t=  1.8 s | ee=  1.6 deg | F= 49.7 N | M=  1.0 Nm (limit 150.0) | contact=  3.4 mm
setup:     t=  2.0 s | ee=  1.6 deg | F= 55.9 N | M=  1.0 Nm (limit 150.0) | contact=  3.5 mm
setup:     t=  2.2 s | ee=  1.9 deg | F= 60.2 N | M=  1.0 Nm (limit 150.0) | contact=  3.7 mm
setup:     t=  2.4 s | ee=  2.2 deg | F= 67.0 N | M=  1.1 Nm (limit 150.0) | contact=  3.8 mm
setup:     t=  2.6 s | ee=  2.6 deg | F= 70.9 N | M=  1.2 Nm (limit 150.0) | contact=  4.0 mm
setup:     t=  2.8 s | ee=  4.5 deg | F= 74.2 N | M=  1.7 Nm (limit 150.0) | contact=  4.2 mm
setup:     t=  3.0 s | ee=  7.0 deg | F= 79.4 N | M=  1.9 Nm (limit 150.0) | contact=  4.5 mm
setup:     t=  3.2 s | ee=  7.9 deg | F= 84.2 N | M=  2.2 Nm (limit 150.0) | contact=  4.5 mm
setup:     t=  3.4 s | ee=  7.9 deg | F= 80.0 N | M=  1.1 Nm (limit 150.0) | contact=  4.5 mm
setup:     t=  3.6 s | ee=  7.9 deg | F= 79.9 N | M=  1.1 Nm (limit 150.0) | contact=  4.5 mm
setup:     t=  3.8 s | ee=  7.9 deg | F= 79.9 N | M=  1.1 Nm (limit 150.0) | contact=  4.5 mm
setup:     t=  4.0 s | ee=  7.9 deg | F= 79.9 N | M=  1.1 Nm (limit 150.0) | contact=  4.5 mm
setup:     t=  4.2 s | ee=  7.9 deg | F= 79.9 N | M=  1.1 Nm (limit 150.0) | contact=  4.5 mm
setup:     t=  4.4 s | ee=  7.9 deg | F= 79.8 N | M=  1.1 Nm (limit 150.0) | contact=  4.5 mm
setup:     t=  4.6 s | ee=  7.9 deg | F= 79.8 N | M=  1.1 Nm (limit 150.0) | contact=  4.5 mm
setup:     t=  4.8 s | ee=  7.9 deg | F= 79.8 N | M=  1.1 Nm (limit 150.0) | contact=  4.5 mm

==============================================================================
  SETUP RESULT
==============================================================================
  stop: time | t=5.0 s | ee=7.9 deg | F=79.7 N | M_TCP=1.1 Nm
  contact_from_start = [-1.4, +2.1, -3.8] mm | norm=4.5 mm
  tcp_from_contact  = [-19.2, +62.3, +17.6] mm | norm=67.5 mm
  deviation: before=9.34 deg | after=3.03 deg | gain=+6.31 deg
  t_align: not reached | tolerance=2.00 deg | hold=0.30 s
  t_align_fraction: 2.90 s | fraction=0.50 of the deviation at contact
  deviation_min: 2.96 deg at t=3.11 s
  align_status: not_aligned
  deviation components [t1,t2,n] deg: before=[-9.33,-0.54,+0.00] | after=[-1.70,-2.50,-0.00]

-- setup surface-frame breakdown ---------------------------------------------
  frame              alignment-target [tangent1, tangent2, normal]
  force        [N]      = [    +4.17,     -0.28,    -79.64]
  tcp_disp     [mm]     = [    -0.21,     +5.77,    -30.76]
  contact_disp [mm]     = [    -1.37,     +2.19,     -3.72]
  Kp_eff=F/tcp [N/m]    = [ -19844.0,     -49.0,    2588.8]
  M_contact    [Nm]     = [    -5.33,     -0.42,     +0.00]
  ee_angle     [deg]    = [    +7.63,     -2.00,     +0.24]
  KR_eff=M/ang [Nm/rad] = [    -40.0,      12.1,       1.1]
  frame              tool face [length, width, tool axis]
  M_contact    [Nm]     = [    +0.46,     +5.32,     +0.22]

-- center of compliance ------------------------------------------------------
  definition         r_c = p_TCP - p_c
  p_TCP [x,y,z]    = [    515.9,       6.4,      19.0] mm
  p_c [EE]         = [     -0.0,      -0.0,      40.0] mm
  r_c [t1,t2,n]    = [      2.8,      -0.9,      39.9] mm
                     p_c resolved at end of setup

-- effective TCP impedance ---------------------------------------------------
  K_TCP translation = [   1999.5,    1998.7,     351.8] N/m
  K_TCP rotation   = [      8.2,       8.2,      50.0] Nm/rad
  commanded KR was = [      5.0,       5.0,      50.0] Nm/rad   including lever contribution
  D_TCP translation = [    231.2,     178.0,     112.2] Ns/m
  D_TCP rotation   = [      1.8,       2.3,       1.2] Nms/rad
  coupling           max |moment per unit translation| = 79.8 Nm/m (K), 9.2 Nms/m (D)
  eigenvalues        K_TCP 4.99 .. 2003 | D_TCP 1.21 .. 232  (both positive: valid springs)

  K_TCP [N/m, Nm/rad | rows fx..mz, cols tx..rz]:
           tx        ty        tz    |    rx        ry        rz
  fx [    2000  -0.7871   -28.44 | -0.02637   -79.77   0.3536 ]
  fy [ -0.7871     1999   -45.62 |    79.65  -0.1279   -6.976 ]
  fz [  -28.44   -45.62    351.8 |    -1.88    2.361   0.1542 ]
     ---------------------------+---------------------------
  mx [-0.02637    79.65    -1.88 |    8.188  0.01596   0.4976 ]
  my [  -79.77  -0.1279    2.361 |  0.01596    8.221    1.231 ]
  mz [  0.3536   -6.976   0.1542 |   0.4976    1.231    49.98 ]

  D_TCP [Ns/m, Nms/rad]:
           tx        ty        tz    |    rx        ry        rz
  fx [   231.2 -0.05684   -2.054 | -0.001905    -9.22  0.04077 ]
  fy [-0.05684      178   -1.824 |    7.094 -0.004103  -0.6214 ]
  fz [  -2.054   -1.824    112.2 | -0.09238   0.4733 0.006007 ]
     ---------------------------+---------------------------
  mx [-0.001905    7.094 -0.09238 |    1.772 -0.0003821 -0.02966 ]
  my [   -9.22 -0.004103   0.4733 | -0.0003821    2.267 -0.02077 ]
  mz [ 0.04077  -0.6214 0.006007 | -0.02966 -0.02077    1.208 ]

[GATE] Set up finished (still pressing). Press Enter to start the grind (e+Enter stops).

Stop requested with e + Enter. Finishing control loop...

-- joint motion [deg] --------------------------------------------------------
  joint       start    final    delta
  q1            0.9      5.5     +4.7
  q2           12.1     30.4    +18.3
  q3           -0.6     -4.2     -3.7
  q4         -130.9   -128.4     +2.5
  q5           -0.1      4.6     +4.7
  q6          142.9    153.7    +10.8
  q7           44.7     43.0     -1.7

==============================================================================
  FINAL RESULT
==============================================================================
  p_d              = [    512.1,      -5.7,    -210.0] mm
  p_EE             = [    515.9,       6.4,      19.0] mm
  e_p              = [     -3.7,     -12.1,    -228.9] mm
  e_R              = [     7.64,     -1.99,      0.16] deg
------------------------------------------------------------------------------
  position error     229.29 mm
  rotation error     7.89 deg
  csv                logs/surface_grinding_controller_log.csv
------------------------------------------------------------------------------
