
==============================================================================
  SURFACE GRINDING CONTROLLER
==============================================================================
  robot              172.16.0.2
  parameters         /home/hm-panda/Desktop/Thesis_Final_Control/surface_grinding_controller/params
------------------------------------------------------------------------------

==============================================================================
  SURFACE GRINDING CONTROLLER - STARTUP MENU
==============================================================================

-- RUN MODES -----------------------------------------------------------------
  s      Run orientation, approach, setup, and grinding
  h      Cartesian pose hold at the initial posture
  t      Cartesian pose hold with the setup impedance
  g      Start manual guidance from the current robot pose

-- ROBOT PREPARATION ---------------------------------------------------------
  i      Move to the configured initial joint posture

-- GRIPPER AND TOOL ----------------------------------------------------------
  o      Open the gripper
  c      Grasp the tool
  r      Recalibrate the gripper with empty fingers
  f      Pick up the tool from the holder
  b      Return the tool to the holder

-- PROGRAM -------------------------------------------------------------------
  e      Exit
------------------------------------------------------------------------------
  During control: e = stop | m = startup menu | g = guidance
------------------------------------------------------------------------------
Selection [s/h/t/g/i/o/c/r/f/b/e]: 
-- SELECTED MODE: PHASE SEQUENCE ---------------------------------------------

-- moving to q_init ----------------------------------------------------------
  case               saved_qinit
  q1..q7 [deg]     = [0.8, 12.1, -0.5, -130.9, -0.2, 142.9, 44.7] deg
  saved_qinit = [0.014777, 0.210911, -0.009320, -2.284835, -0.002725, 2.493410, 0.780694] rad
  q_init reached.

-- start pose ----------------------------------------------------------------
  q_start          = [0.8, 12.1, -0.5, -130.9, -0.2, 142.9, 44.7] deg
  p_start          = [    531.3,       2.5,     156.8] mm

==============================================================================
  RUN
==============================================================================

-- phase: approach_orient ----------------------------------------------------
  Kp [t1,t2,n]     = [    150.0,     150.0,     150.0] N/m
  Dp [t1,t2,n]     = [    133.7,      94.2,     128.3] Ns/m     auto (factor 1.90)
  KR [t1,t2,n]     = [    180.0,     180.0,      90.0] Nm/rad
  DR [t1,t2,n]     = [     15.3,      25.0,       2.0] Nms/rad  auto (factor 1.90)
orient:     t=  0.0 s | axis_err= 12.5 deg | spin_err=  0.6 deg
orient:     t=  0.2 s | axis_err= 11.0 deg | spin_err=  0.4 deg
orient:     t=  0.4 s | axis_err=  7.8 deg | spin_err=  0.2 deg
orient:     t=  0.6 s | axis_err=  4.1 deg | spin_err=  0.0 deg
orient:     t=  0.8 s | axis_err=  1.6 deg | spin_err=  0.1 deg
orient:     t=  1.0 s | axis_err=  1.1 deg | spin_err=  0.1 deg
orient:     t=  1.2 s | axis_err=  0.9 deg | spin_err=  0.1 deg

Orientation reached: axis_err=0.9 deg | spin_err=0.1 deg

-- phase: approach_descend ---------------------------------------------------
  Kp [t1,t2,n]     = [    150.0,     150.0,     150.0] N/m
  Dp [t1,t2,n]     = [    133.7,      94.2,     128.3] Ns/m     auto (factor 1.90)
  KR [t1,t2,n]     = [    180.0,     180.0,      90.0] Nm/rad
  DR [t1,t2,n]     = [     15.3,      25.0,       2.0] Nms/rad  auto (factor 1.90)
  descend to         20 mm clearance at 0.100 m/s
descend:    t=  0.0 s | distance=   0.1 mm | height=+124.5 mm (target 20.0) | force= -0.0 N
descend:    t=  0.2 s | distance=  20.2 mm | height=+113.1 mm (target 20.0) | force=  1.4 N
descend:    t=  0.4 s | distance=  40.3 mm | height= +97.1 mm (target 20.0) | force=  2.3 N
descend:    t=  0.6 s | distance=  60.4 mm | height= +80.1 mm (target 20.0) | force=  2.0 N
descend:    t=  0.8 s | distance=  80.5 mm | height= +62.6 mm (target 20.0) | force=  2.9 N
descend:    t=  1.0 s | distance= 100.6 mm | height= +45.1 mm (target 20.0) | force=  3.0 N
descend:    t=  1.2 s | distance= 120.7 mm | height= +27.5 mm (target 20.0) | force=  3.3 N

Clearance reached: distance=129.2 mm | height=20.0 mm | target=20.0 mm | force=2.0 N
  offset_ee        = [     20.0,      60.0,      20.0] mm
  p_EE_at_contact  = [    502.2,      -0.4,      44.1] mm
  contact_point    = [    516.9,     -61.6,       1.8] mm
  edge_offset      = [     14.7,     -61.2,     -42.3] mm

-- phase: setup --------------------------------------------------------------

-- setup impedance -----------------------------------------------------------
  law                wrench = K_TCP*dx + D_TCP*dv
                     K_TCP  = Ad(r_c)^T * blkdiag(Kp,KR) * Ad(r_c)
  Kp [t1,t2,n]     = [   2000.0,    2000.0,     350.0] N/m
  Dp [t1,t2,n]     = [    236.7,     176.3,     109.9] Ns/m     auto
  KR [t1,t2,n]     = [      5.0,       5.0,      50.0] Nm/rad
  DR [t1,t2,n]     = [      1.3,       2.2,       1.2] Nms/rad  auto
  p_c [EE]         = [    -30.0,      -0.0,       0.0] mm       commanded in the tool frame
  r_c [t1,t2,n]    = [     29.4,      -0.0,      -6.0] mm       p_TCP - p_c, in the plane
setup:     t=  0.0 s | ee=  0.0 deg | F=  0.1 N | M=  0.0 Nm (limit 150.0) | contact= 19.9 mm
setup:     t=  0.2 s | ee=  0.6 deg | F=  1.6 N | M=  0.7 Nm (limit 150.0) | contact=  7.3 mm
setup:     t=  0.4 s | ee=  1.3 deg | F= 19.9 N | M= 10.2 Nm (limit 150.0) | contact=  2.9 mm
setup:     t=  0.6 s | ee=  1.2 deg | F= 15.9 N | M=  8.2 Nm (limit 150.0) | contact=  2.9 mm
setup:     t=  0.8 s | ee=  1.2 deg | F= 21.1 N | M= 10.6 Nm (limit 150.0) | contact=  3.1 mm
setup:     t=  1.0 s | ee=  1.2 deg | F= 26.4 N | M= 13.2 Nm (limit 150.0) | contact=  3.4 mm
setup:     t=  1.2 s | ee=  1.3 deg | F= 31.8 N | M= 15.8 Nm (limit 150.0) | contact=  3.6 mm
setup:     t=  1.4 s | ee=  1.3 deg | F= 37.6 N | M= 18.7 Nm (limit 150.0) | contact=  4.1 mm
setup:     t=  1.6 s | ee=  1.4 deg | F= 42.8 N | M= 21.2 Nm (limit 150.0) | contact=  4.9 mm
setup:     t=  1.8 s | ee=  1.8 deg | F= 48.8 N | M= 24.2 Nm (limit 150.0) | contact=  6.0 mm
setup:     t=  2.0 s | ee=  1.7 deg | F= 54.5 N | M= 26.9 Nm (limit 150.0) | contact=  6.5 mm
setup:     t=  2.2 s | ee=  1.7 deg | F= 60.8 N | M= 29.9 Nm (limit 150.0) | contact=  6.9 mm
setup:     t=  2.4 s | ee=  1.6 deg | F= 67.9 N | M= 33.3 Nm (limit 150.0) | contact=  7.4 mm
setup:     t=  2.6 s | ee=  1.4 deg | F= 73.8 N | M= 36.1 Nm (limit 150.0) | contact=  7.6 mm
setup:     t=  2.8 s | ee=  1.3 deg | F= 78.7 N | M= 38.3 Nm (limit 150.0) | contact=  7.6 mm
setup:     t=  3.0 s | ee=  1.3 deg | F= 83.1 N | M= 40.4 Nm (limit 150.0) | contact=  7.7 mm
setup:     t=  3.2 s | ee=  1.3 deg | F= 88.2 N | M= 42.8 Nm (limit 150.0) | contact=  7.8 mm
setup:     t=  3.4 s | ee=  1.3 deg | F= 82.7 N | M= 40.2 Nm (limit 150.0) | contact=  7.7 mm
setup:     t=  3.6 s | ee=  1.3 deg | F= 82.6 N | M= 40.2 Nm (limit 150.0) | contact=  7.7 mm
setup:     t=  3.8 s | ee=  1.3 deg | F= 82.6 N | M= 40.2 Nm (limit 150.0) | contact=  7.7 mm
setup:     t=  4.0 s | ee=  1.3 deg | F= 82.6 N | M= 40.2 Nm (limit 150.0) | contact=  7.7 mm
setup:     t=  4.2 s | ee=  1.3 deg | F= 82.5 N | M= 40.2 Nm (limit 150.0) | contact=  7.7 mm
setup:     t=  4.4 s | ee=  1.3 deg | F= 82.5 N | M= 40.2 Nm (limit 150.0) | contact=  7.7 mm
setup:     t=  4.6 s | ee=  1.3 deg | F= 82.5 N | M= 40.2 Nm (limit 150.0) | contact=  7.7 mm
setup:     t=  4.8 s | ee=  1.3 deg | F= 82.5 N | M= 40.2 Nm (limit 150.0) | contact=  7.7 mm

==============================================================================
  SETUP RESULT
==============================================================================
  stop: time | t=5.0 s | ee=1.3 deg | F=82.5 N | M=40.2 Nm
  contact_from_start = [-3.1, -0.2, -7.0] mm | norm=7.7 mm
  tcp_from_contact  = [-18.7, +59.8, +16.6] mm | norm=64.8 mm
  deviation: before=10.08 deg | after=10.27 deg | gain=-0.19 deg
  deviation components [t1,t2,n] deg: before=[-0.53,-10.06,+0.00] | after=[-1.66,-10.13,-0.00]

-- setup surface-frame breakdown ---------------------------------------------
  frame              alignment-target [tangent1, tangent2, normal]
  force        [N]      = [    +8.52,     +2.49,    -81.99]
  tcp_disp     [mm]     = [    -3.50,     -0.63,    -25.75]
  contact_disp [mm]     = [    -2.98,     +0.04,     -7.07]
  Kp_eff=F/tcp [N/m]    = [  -2435.3,   -3987.6,    3184.3]
  M_contact    [Nm]     = [    -4.29,    +39.07,     +0.12]
  tip_angle    [deg]    = [    -1.23,     -0.06,     -0.52]
  KR_eff=M/ang [Nm/rad] = [    199.9,  -38306.2,     -12.6]
  frame              tool face [length, width, tool axis]
  M_contact    [Nm]     = [   -39.08,     +3.80,     +1.76]

-- center of compliance ------------------------------------------------------
  definition         r_c = p_TCP - p_c
  p_TCP [x,y,z]    = [    498.2,      -1.8,      18.5] mm
  p_c [EE]         = [    -30.0,      -0.0,       0.0] mm
  r_c [t1,t2,n]    = [     29.4,       0.4,      -6.0] mm
                     p_c resolved at end of setup

-- effective TCP impedance ---------------------------------------------------
  K_TCP translation = [   1999.5,    1998.7,     351.8] N/m
  K_TCP rotation   = [      5.1,       5.4,      51.7] Nm/rad
  commanded KR was = [      5.0,       5.0,      50.0] Nm/rad   including lever contribution
  D_TCP translation = [    236.7,     176.3,     110.0] Ns/m
  D_TCP rotation   = [      1.3,       2.3,       1.3] Nms/rad
  coupling           max |moment per unit translation| = 58.5 Nm/m (K), 5.2 Nms/m (D)
  eigenvalues        K_TCP 5.00 .. 2002 | D_TCP 1.19 .. 237  (both positive: valid springs)

  K_TCP [N/m, Nm/rad | rows fx..mz, cols tx..rz]:
           tx        ty        tz    |    rx        ry        rz
  fx [    2000  -0.7871   -28.44 |  0.01025    12.28   0.3809 ]
  fy [ -0.7871     1999   -45.62 |    -13.1   -1.341   -58.51 ]
  fz [  -28.44   -45.62    351.8 |   0.2363    10.11     1.33 ]
     ---------------------------+---------------------------
  mx [ 0.01025    -13.1   0.2363 |    5.099  0.02845    1.159 ]
  my [   12.28   -1.341    10.11 |  0.02845    5.411    1.286 ]
  mz [  0.3809   -58.51     1.33 |    1.159    1.286    51.67 ]

  D_TCP [Ns/m, Nms/rad]:
           tx        ty        tz    |    rx        ry        rz
  fx [   236.7 -0.06049   -2.185 | 0.0007878    1.488  0.04413 ]
  fy [-0.06049    176.3   -1.835 |   -1.156 -0.05412    -5.16 ]
  fz [  -2.185   -1.835      110 | -0.007649    3.206  0.05333 ]
     ---------------------------+---------------------------
  mx [0.0007878   -1.156 -0.007649 |    1.301 -0.0002656  0.03214 ]
  my [   1.488 -0.05412    3.206 | -0.0002656    2.321 -0.02645 ]
  mz [ 0.04413    -5.16  0.05333 |  0.03214 -0.02645    1.347 ]

[GATE] Set up finished (still pressing). Press Enter to start the grind (e+Enter stops).

Stop requested with e + Enter. Finishing control loop...

-- joint motion [deg] --------------------------------------------------------
  joint       start    final    delta
  q1            0.8     -0.4     -1.2
  q2           12.1     30.5    +18.3
  q3           -0.5      0.2     +0.8
  q4         -130.9   -126.3     +4.6
  q5           -0.2     -0.8     -0.6
  q6          142.9    144.2     +1.3
  q7           44.7     45.1     +0.4

==============================================================================
  FINAL RESULT
==============================================================================
  p_d              = [    497.7,      -7.6,    -215.7] mm
  p_EE             = [    498.2,      -1.8,      18.5] mm
  e_p              = [     -0.5,      -5.9,    -234.2] mm
  e_R              = [    -1.24,     -0.07,     -0.50] deg
------------------------------------------------------------------------------
  position error     234.25 mm
  rotation error     1.34 deg
  csv                logs/surface_grinding_controller_log.csv
------------------------------------------------------------------------------
