
==============================================================================
  SURFACE GRINDING CONTROLLER
==============================================================================
  robot              172.16.0.2
  parameters         /home/hm-panda/Desktop/Thesis_Final_Control/surface_grinding_controller/params
------------------------------------------------------------------------------

==============================================================================
  SURFACE GRINDING CONTROLLER - STARTUP MENU
==============================================================================

-- RUN MODES -----------------------------------------------------------------
  s      Run orientation, approach, setup, and grinding
  h      Cartesian pose hold at the initial posture
  t      Cartesian pose hold with the setup impedance
  g      Start manual guidance from the current robot pose

-- ROBOT PREPARATION ---------------------------------------------------------
  i      Move to the configured initial joint posture

-- GRIPPER AND TOOL ----------------------------------------------------------
  o      Open the gripper
  c      Grasp the tool
  r      Recalibrate the gripper with empty fingers
  f      Pick up the tool from the holder
  b      Return the tool to the holder

-- PROGRAM -------------------------------------------------------------------
  e      Exit
------------------------------------------------------------------------------
  During control: e = stop | m = startup menu | g = guidance
------------------------------------------------------------------------------
Selection [s/h/t/g/i/o/c/r/f/b/e]: 
-- SELECTED MODE: PHASE SEQUENCE ---------------------------------------------

-- moving to q_init ----------------------------------------------------------
  case               saved_qinit
  q1..q7 [deg]     = [0.8, 12.1, -0.5, -130.9, -0.2, 142.9, 44.7] deg
  saved_qinit = [0.014777, 0.210911, -0.009320, -2.284835, -0.002725, 2.493410, 0.780694] rad
  q_init reached.

-- start pose ----------------------------------------------------------------
  q_start          = [0.9, 12.1, -0.5, -130.9, -0.1, 142.9, 44.7] deg
  p_start          = [    531.3,       2.6,     156.8] mm

==============================================================================
  RUN
==============================================================================

-- phase: approach_orient ----------------------------------------------------
  Kp [t1,t2,n]     = [    150.0,     150.0,     150.0] N/m
  Dp [t1,t2,n]     = [    133.7,      94.2,     128.3] Ns/m     auto (factor 1.90)
  KR [t1,t2,n]     = [    180.0,     180.0,      90.0] Nm/rad
  DR [t1,t2,n]     = [     15.3,      25.0,       2.0] Nms/rad  auto (factor 1.90)
orient:     t=  0.0 s | axis_err= 10.8 deg | spin_err=  0.0 deg
orient:     t=  0.2 s | axis_err=  9.6 deg | spin_err=  0.4 deg
orient:     t=  0.4 s | axis_err=  6.2 deg | spin_err=  0.2 deg
orient:     t=  0.6 s | axis_err=  2.5 deg | spin_err=  0.1 deg
orient:     t=  0.8 s | axis_err=  1.3 deg | spin_err=  0.1 deg
orient:     t=  1.0 s | axis_err=  1.1 deg | spin_err=  0.1 deg
orient:     t=  1.2 s | axis_err=  1.0 deg | spin_err=  0.1 deg
orient:     t=  1.4 s | axis_err=  1.0 deg | spin_err=  0.1 deg
orient:     t=  1.6 s | axis_err=  1.0 deg | spin_err=  0.1 deg
orient:     t=  1.8 s | axis_err=  1.0 deg | spin_err=  0.1 deg
orient:     t=  2.0 s | axis_err=  1.0 deg | spin_err=  0.1 deg
orient:     t=  2.2 s | axis_err=  1.0 deg | spin_err=  0.1 deg
orient:     t=  2.4 s | axis_err=  1.0 deg | spin_err=  0.1 deg
orient:     t=  2.6 s | axis_err=  1.0 deg | spin_err=  0.1 deg
orient:     t=  2.8 s | axis_err=  1.0 deg | spin_err=  0.1 deg
orient:     t=  3.0 s | axis_err=  1.0 deg | spin_err=  0.1 deg
orient:     t=  3.2 s | axis_err=  1.0 deg | spin_err=  0.1 deg
orient:     t=  3.4 s | axis_err=  1.0 deg | spin_err=  0.1 deg
orient:     t=  3.6 s | axis_err=  1.0 deg | spin_err=  0.1 deg
orient:     t=  3.8 s | axis_err=  1.0 deg | spin_err=  0.1 deg
orient:     t=  4.0 s | axis_err=  1.0 deg | spin_err=  0.1 deg
orient:     t=  4.2 s | axis_err=  1.0 deg | spin_err=  0.1 deg
orient:     t=  4.4 s | axis_err=  1.0 deg | spin_err=  0.1 deg
orient:     t=  4.6 s | axis_err=  1.0 deg | spin_err=  0.1 deg
orient:     t=  4.8 s | axis_err=  1.0 deg | spin_err=  0.1 deg
orient:     t=  5.0 s | axis_err=  1.0 deg | spin_err=  0.1 deg
orient:     t=  5.2 s | axis_err=  1.0 deg | spin_err=  0.1 deg
orient:     t=  5.4 s | axis_err=  1.0 deg | spin_err=  0.1 deg
orient:     t=  5.6 s | axis_err=  1.0 deg | spin_err=  0.1 deg
orient:     t=  5.8 s | axis_err=  1.0 deg | spin_err=  0.1 deg
orient:     t=  6.0 s | axis_err=  1.0 deg | spin_err=  0.1 deg
orient:     t=  6.2 s | axis_err=  1.0 deg | spin_err=  0.1 deg
orient:     t=  6.4 s | axis_err=  1.0 deg | spin_err=  0.1 deg
orient:     t=  6.6 s | axis_err=  1.0 deg | spin_err=  0.1 deg
orient:     t=  6.8 s | axis_err=  1.0 deg | spin_err=  0.1 deg
orient:     t=  7.0 s | axis_err=  1.0 deg | spin_err=  0.1 deg
orient:     t=  7.2 s | axis_err=  1.0 deg | spin_err=  0.1 deg
orient:     t=  7.4 s | axis_err=  1.0 deg | spin_err=  0.1 deg
orient:     t=  7.6 s | axis_err=  1.0 deg | spin_err=  0.1 deg
orient:     t=  7.8 s | axis_err=  1.0 deg | spin_err=  0.1 deg

Orientation settled short of the 0.9 deg gate after 8.0 s: axis_err=1.0 deg | spin_err=0.1 deg

-- phase: approach_descend ---------------------------------------------------
  Kp [t1,t2,n]     = [    150.0,     150.0,     150.0] N/m
  Dp [t1,t2,n]     = [    133.7,      94.2,     128.3] Ns/m     auto (factor 1.90)
  KR [t1,t2,n]     = [    180.0,     180.0,      90.0] Nm/rad
  DR [t1,t2,n]     = [     15.3,      25.0,       2.0] Nms/rad  auto (factor 1.90)
  descend to         20 mm clearance at 0.100 m/s
descend:    t=  0.0 s | distance=   0.1 mm | height=+120.0 mm (target 20.0) | force=  0.0 N
descend:    t=  0.2 s | distance=  20.2 mm | height=+109.6 mm (target 20.0) | force=  2.6 N
descend:    t=  0.4 s | distance=  40.3 mm | height= +93.3 mm (target 20.0) | force=  1.4 N
descend:    t=  0.6 s | distance=  60.4 mm | height= +76.1 mm (target 20.0) | force=  2.7 N
descend:    t=  0.8 s | distance=  80.5 mm | height= +58.7 mm (target 20.0) | force=  1.6 N
descend:    t=  1.0 s | distance= 100.6 mm | height= +41.6 mm (target 20.0) | force=  2.7 N
descend:    t=  1.2 s | distance= 120.7 mm | height= +24.4 mm (target 20.0) | force=  2.7 N

Clearance reached: distance=125.8 mm | height=20.0 mm | target=20.0 mm | force=3.5 N
  offset_ee        = [     20.0,      60.0,      20.0] mm
  p_EE_at_contact  = [    506.5,       4.1,      49.1] mm
  contact_point    = [    522.5,     -54.5,       1.5] mm
  edge_offset      = [     16.0,     -58.6,     -47.6] mm

-- phase: setup --------------------------------------------------------------

-- setup impedance -----------------------------------------------------------
  law                wrench = K_TCP*dx + D_TCP*dv
                     K_TCP  = Ad(r_c)^T * blkdiag(Kp,KR) * Ad(r_c)
  Kp [t1,t2,n]     = [   2000.0,    2000.0,     350.0] N/m
  Dp [t1,t2,n]     = [    235.7,     177.6,     110.3] Ns/m     auto
  KR [t1,t2,n]     = [      5.0,       5.0,      50.0] Nm/rad
  DR [t1,t2,n]     = [      1.4,       2.1,       1.2] Nms/rad  auto
  p_c [EE]         = [     -0.0,     -40.0,      -0.0] mm       commanded in the tool frame
  r_c [t1,t2,n]    = [      0.1,     -39.8,      -4.2] mm       p_TCP - p_c, in the plane
setup:     t=  0.0 s | ee=  0.0 deg | F=  0.0 N | M=  0.0 Nm (limit 150.0) | contact= 19.9 mm
setup:     t=  0.2 s | ee=  0.8 deg | F=  0.8 N | M=  0.8 Nm (limit 150.0) | contact=  7.6 mm
setup:     t=  0.4 s | ee=  1.7 deg | F=  4.6 N | M=  0.6 Nm (limit 150.0) | contact=  5.0 mm
setup:     t=  0.6 s | ee=  1.8 deg | F= 13.2 N | M=  1.1 Nm (limit 150.0) | contact=  5.0 mm
setup:     t=  0.8 s | ee=  1.8 deg | F= 18.4 N | M=  1.1 Nm (limit 150.0) | contact=  5.2 mm
setup:     t=  1.0 s | ee=  1.9 deg | F= 24.8 N | M=  1.1 Nm (limit 150.0) | contact=  5.4 mm
setup:     t=  1.2 s | ee=  1.9 deg | F= 29.6 N | M=  1.0 Nm (limit 150.0) | contact=  5.7 mm
setup:     t=  1.4 s | ee=  2.9 deg | F= 32.4 N | M=  1.1 Nm (limit 150.0) | contact=  6.0 mm
setup:     t=  1.6 s | ee=  5.1 deg | F= 37.3 N | M=  1.2 Nm (limit 150.0) | contact=  6.2 mm
setup:     t=  1.8 s | ee=  5.3 deg | F= 44.7 N | M=  4.0 Nm (limit 150.0) | contact=  6.4 mm
setup:     t=  2.0 s | ee=  5.3 deg | F= 50.6 N | M=  4.3 Nm (limit 150.0) | contact=  6.7 mm
setup:     t=  2.2 s | ee=  5.3 deg | F= 56.4 N | M=  4.3 Nm (limit 150.0) | contact=  6.9 mm
setup:     t=  2.4 s | ee=  5.3 deg | F= 61.4 N | M=  4.4 Nm (limit 150.0) | contact=  7.1 mm
setup:     t=  2.6 s | ee=  5.3 deg | F= 66.5 N | M=  4.5 Nm (limit 150.0) | contact=  7.2 mm
setup:     t=  2.8 s | ee=  5.3 deg | F= 72.1 N | M=  4.6 Nm (limit 150.0) | contact=  7.4 mm
setup:     t=  3.0 s | ee=  5.3 deg | F= 77.7 N | M=  4.8 Nm (limit 150.0) | contact=  7.5 mm
setup:     t=  3.2 s | ee=  5.4 deg | F= 83.3 N | M=  4.9 Nm (limit 150.0) | contact=  7.7 mm
setup:     t=  3.4 s | ee=  5.4 deg | F= 78.1 N | M=  4.8 Nm (limit 150.0) | contact=  7.6 mm
setup:     t=  3.6 s | ee=  5.4 deg | F= 77.9 N | M=  4.8 Nm (limit 150.0) | contact=  7.6 mm
setup:     t=  3.8 s | ee=  5.4 deg | F= 77.9 N | M=  4.8 Nm (limit 150.0) | contact=  7.6 mm
setup:     t=  4.0 s | ee=  5.3 deg | F= 77.9 N | M=  4.8 Nm (limit 150.0) | contact=  7.6 mm
setup:     t=  4.2 s | ee=  5.4 deg | F= 77.8 N | M=  4.8 Nm (limit 150.0) | contact=  7.6 mm
setup:     t=  4.4 s | ee=  5.3 deg | F= 77.7 N | M=  4.8 Nm (limit 150.0) | contact=  7.6 mm
setup:     t=  4.6 s | ee=  5.3 deg | F= 77.8 N | M=  4.8 Nm (limit 150.0) | contact=  7.6 mm
setup:     t=  4.8 s | ee=  5.3 deg | F= 77.7 N | M=  4.8 Nm (limit 150.0) | contact=  7.6 mm

==============================================================================
  SETUP RESULT
==============================================================================
  stop: time | t=5.0 s | ee=5.3 deg | F=77.7 N | M_TCP=4.7 Nm
  contact_from_start = [-4.6, +0.3, -6.0] mm | norm=7.6 mm
  tcp_from_contact  = [-19.5, +60.6, +17.3] mm | norm=65.9 mm
  deviation: before=9.68 deg | after=9.71 deg | gain=-0.03 deg
  t_align: not reached | tolerance=2.00 deg | hold=0.30 s
  t_align_fraction: not reached | fraction=0.50 of the deviation at contact
  deviation_min: 9.57 deg at t=1.66 s
  align_status: not_aligned
  deviation components [t1,t2,n] deg: before=[-6.32,-7.34,+0.00] | after=[-1.61,-9.58,+0.00]

-- setup surface-frame breakdown ---------------------------------------------
  frame              alignment-target [tangent1, tangent2, normal]
  force        [N]      = [    +4.12,     -4.77,    -77.45]
  tcp_disp     [mm]     = [    -2.95,     +2.84,    -30.33]
  contact_disp [mm]     = [    -4.48,     +0.46,     -6.08]
  Kp_eff=F/tcp [N/m]    = [  -1398.3,   -1679.9,    2553.5]
  M_contact    [Nm]     = [    -9.21,     -0.50,     +0.03]
  ee_angle     [deg]    = [    +4.81,     -2.29,     +0.45]
  KR_eff=M/ang [Nm/rad] = [   -109.6,      12.4,       4.4]
  frame              tool face [length, width, tool axis]
  M_contact    [Nm]     = [    +0.58,     +9.08,     +1.48]

-- center of compliance ------------------------------------------------------
  definition         r_c = p_TCP - p_c
  p_TCP [x,y,z]    = [    503.0,       6.1,      18.8] mm
  p_c [EE]         = [      0.0,     -40.0,       0.0] mm
  r_c [t1,t2,n]    = [     -0.3,     -40.0,      -0.8] mm
                     p_c resolved at end of setup

-- effective TCP impedance ---------------------------------------------------
  K_TCP translation = [   1999.5,    1998.7,     351.8] N/m
  K_TCP rotation   = [      5.6,       5.0,      53.2] Nm/rad
  commanded KR was = [      5.0,       5.0,      50.0] Nm/rad   including lever contribution
  D_TCP translation = [    235.6,     177.5,     110.4] Ns/m
  D_TCP rotation   = [      1.5,       2.1,       1.6] Nms/rad
  coupling           max |moment per unit translation| = 80.0 Nm/m (K), 9.4 Nms/m (D)
  eigenvalues        K_TCP 4.99 .. 2003 | D_TCP 1.17 .. 236  (both positive: valid springs)

  K_TCP [N/m, Nm/rad | rows fx..mz, cols tx..rz]:
           tx        ty        tz    |    rx        ry        rz
  fx [    2000  -0.7871   -28.44 |   -1.138  -0.5904   -79.97 ]
  fy [ -0.7871     1999   -45.62 |   -1.225  0.01526   0.6898 ]
  fz [  -28.44   -45.62    351.8 |    14.06  -0.1073    1.122 ]
     ---------------------------+---------------------------
  mx [  -1.138   -1.225    14.06 |    5.575  0.01718   0.8207 ]
  my [ -0.5904  0.01526  -0.1073 |  0.01718    5.035    1.268 ]
  mz [  -79.97   0.6898    1.122 |   0.8207    1.268    53.15 ]

  D_TCP [Ns/m, Nms/rad]:
           tx        ty        tz    |    rx        ry        rz
  fx [   235.6  -0.0598    -2.16 | -0.08643 -0.06997   -9.425 ]
  fy [ -0.0598    177.5   -1.858 | -0.02108  0.00063  0.06085 ]
  fz [   -2.16   -1.858    110.4 |    4.416 -0.03572   0.0858 ]
     ---------------------------+---------------------------
  mx [-0.08643 -0.02108    4.416 |    1.549 -0.001524 2.419e-06 ]
  my [-0.06997  0.00063 -0.03572 | -0.001524    2.119 -0.02338 ]
  mz [  -9.425  0.06085   0.0858 | 2.419e-06 -0.02338    1.551 ]

[GATE] Set up finished (still pressing). Press Enter to start the grind (e+Enter stops).

Stop requested with e + Enter. Finishing control loop...

-- joint motion [deg] --------------------------------------------------------
  joint       start    final    delta
  q1            0.9      1.7     +0.9
  q2           12.1     30.8    +18.6
  q3           -0.5     -0.9     -0.4
  q4         -130.9   -125.8     +5.1
  q5           -0.1      0.6     +0.7
  q6          142.9    144.5     +1.6
  q7           44.7     45.9     +1.1

==============================================================================
  FINAL RESULT
==============================================================================
  p_d              = [    502.0,      -3.1,    -210.7] mm
  p_EE             = [    503.0,       6.1,      18.8] mm
  e_p              = [     -1.0,      -9.2,    -229.5] mm
  e_R              = [     4.82,     -2.28,      0.43] deg
------------------------------------------------------------------------------
  position error     229.69 mm
  rotation error     5.35 deg
  csv                logs/surface_grinding_controller_log.csv
------------------------------------------------------------------------------
