
==============================================================================
  SURFACE GRINDING CONTROLLER
==============================================================================
  robot              172.16.0.2
  parameters         /home/hm-panda/Desktop/Thesis_Final_Control/surface_grinding_controller/params
------------------------------------------------------------------------------

==============================================================================
  SURFACE GRINDING CONTROLLER - STARTUP MENU
==============================================================================

-- RUN MODES -----------------------------------------------------------------
  s      Run orientation, approach, contact establishment, and grinding
  h      Cartesian pose hold at the initial posture
  t      Cartesian pose hold with the contact establishment impedance
  g      Start manual guidance from the current robot pose

-- ROBOT PREPARATION ---------------------------------------------------------
  i      Move to the configured initial joint posture

-- GRIPPER AND TOOL ----------------------------------------------------------
  o      Open the gripper
  c      Grasp the tool
  r      Recalibrate the gripper with empty fingers
  f      Pick up the tool from the holder
  b      Return the tool to the holder

-- PROGRAM -------------------------------------------------------------------
  e      Exit
------------------------------------------------------------------------------
  During control: e = stop | m = startup menu | g = guidance
------------------------------------------------------------------------------
Selection [s/h/t/g/i/o/c/r/f/b/e]: 
-- SELECTED MODE: STATE SEQUENCE ---------------------------------------------

-- moving to q_init ----------------------------------------------------------
  case               saved_qinit
  q1..q7 [deg]     = [0.8, 12.1, -0.5, -130.9, -0.2, 142.9, 44.7] deg
  saved_qinit = [0.014777, 0.210911, -0.009320, -2.284835, -0.002725, 2.493410, 0.780694] rad
  q_init reached.

-- start pose ----------------------------------------------------------------
  q_start          = [0.9, 12.1, -0.5, -130.9, -0.2, 142.8, 44.7] deg
  p_start          = [    531.2,       2.6,     156.8] mm

==============================================================================
  RUN
==============================================================================

-- state: tool_orientation ---------------------------------------------------
  Kp [t1,t2,n]     = [    150.0,     150.0,     150.0] N/m
  Dp [t1,t2,n]     = [    133.7,      94.2,     128.3] Ns/m     auto (factor 1.90)
  KR [t1,t2,n]     = [    180.0,     180.0,      90.0] Nm/rad
  DR [t1,t2,n]     = [     15.3,      25.0,       2.0] Nms/rad  auto (factor 1.90)
orient:     t=  0.0 s | axis_err= 12.0 deg | spin_err=  0.9 deg
orient:     t=  0.2 s | axis_err= 10.3 deg | spin_err=  0.9 deg
orient:     t=  0.4 s | axis_err=  6.5 deg | spin_err=  0.5 deg
orient:     t=  0.6 s | axis_err=  2.6 deg | spin_err=  0.3 deg
orient:     t=  0.8 s | axis_err=  0.9 deg | spin_err=  0.2 deg

Orientation reached: axis_err=0.7 deg | spin_err=0.1 deg

-- state: surface_approach ---------------------------------------------------
  Kp [t1,t2,n]     = [    150.0,     150.0,     150.0] N/m
  Dp [t1,t2,n]     = [    133.7,      94.2,     128.3] Ns/m     auto (factor 1.90)
  KR [t1,t2,n]     = [    180.0,     180.0,      90.0] Nm/rad
  DR [t1,t2,n]     = [     15.3,      25.0,       2.0] Nms/rad  auto (factor 1.90)
  descend to         20 mm clearance at 0.100 m/s
descend:    t=  0.0 s | distance=   0.1 mm | height=+121.2 mm (target 20.0) | force= -0.0 N
descend:    t=  0.2 s | distance=  20.2 mm | height=+110.9 mm (target 20.0) | force=  1.5 N
descend:    t=  0.4 s | distance=  40.3 mm | height= +95.9 mm (target 20.0) | force=  2.7 N
descend:    t=  0.6 s | distance=  60.4 mm | height= +79.9 mm (target 20.0) | force=  2.2 N
descend:    t=  0.8 s | distance=  80.5 mm | height= +63.6 mm (target 20.0) | force=  1.8 N
descend:    t=  1.0 s | distance= 100.6 mm | height= +46.9 mm (target 20.0) | force=  2.1 N
descend:    t=  1.2 s | distance= 120.7 mm | height= +30.0 mm (target 20.0) | force=  1.5 N

Clearance reached: distance=132.6 mm | height=19.9 mm | target=20.0 mm | force=1.9 N
  offset_ee        = [     20.0,     -60.0,      20.0] mm
  p_EE_at_contact  = [    515.3,       1.1,      50.7] mm
  contact_point    = [    533.7,      55.3,      -1.7] mm
  edge_offset      = [     18.4,      54.1,     -52.4] mm

-- state: contact_establishment ----------------------------------------------

-- contact establishment impedance -------------------------------------------
  law                wrench = K_TCP*dx + D_TCP*dv
                     K_TCP  = Ad(r_c)^T * blkdiag(Kp,KR) * Ad(r_c)
  Kp [t1,t2,n]     = [   2000.0,    2000.0,     350.0] N/m
  Dp [t1,t2,n]     = [    234.2,     174.7,     111.4] Ns/m     auto
  KR [t1,t2,n]     = [      5.0,       5.0,      50.0] Nm/rad
  DR [t1,t2,n]     = [      1.3,       2.0,       1.3] Nms/rad  auto
  p_c [EE]         = [      0.0,    -100.0,       0.0] mm       commanded in the tool frame
  r_c [t1,t2,n]    = [      0.0,      98.5,     -17.1] mm       p_c - p_TCP, in the plane
contact establishment:     t=  0.0 s | ee=  0.0 deg | F=  0.1 N | M=  0.0 Nm | contact= 19.8 mm
contact establishment:     t=  0.2 s | ee=  1.1 deg | F=  0.4 N | M=  0.4 Nm | contact=  7.1 mm
contact establishment:     t=  0.4 s | ee=  1.4 deg | F= 12.1 N | M=  0.8 Nm | contact=  2.4 mm
contact establishment:     t=  0.6 s | ee=  1.4 deg | F= 15.2 N | M=  1.0 Nm | contact=  2.4 mm
contact establishment:     t=  0.8 s | ee=  1.4 deg | F= 21.0 N | M=  1.3 Nm | contact=  2.5 mm
contact establishment:     t=  1.0 s | ee=  1.4 deg | F= 26.8 N | M=  1.7 Nm | contact=  2.5 mm
contact establishment:     t=  1.2 s | ee=  1.4 deg | F= 32.3 N | M=  2.1 Nm | contact=  2.6 mm
contact establishment:     t=  1.4 s | ee=  1.4 deg | F= 37.8 N | M=  2.4 Nm | contact=  2.6 mm
contact establishment:     t=  1.6 s | ee=  1.4 deg | F= 43.0 N | M=  2.8 Nm | contact=  2.7 mm
contact establishment:     t=  1.8 s | ee=  1.4 deg | F= 48.6 N | M=  3.2 Nm | contact=  2.8 mm
contact establishment:     t=  2.0 s | ee=  1.4 deg | F= 54.3 N | M=  3.5 Nm | contact=  2.8 mm
contact establishment:     t=  2.2 s | ee=  1.4 deg | F= 60.6 N | M=  4.0 Nm | contact=  2.9 mm
contact establishment:     t=  2.4 s | ee=  1.7 deg | F= 67.4 N | M=  4.4 Nm | contact=  2.8 mm
contact establishment:     t=  2.6 s | ee=  2.3 deg | F= 73.3 N | M=  4.8 Nm | contact=  2.8 mm
contact establishment:     t=  2.8 s | ee=  3.2 deg | F= 78.4 N | M=  5.1 Nm | contact=  2.8 mm
contact establishment:     t=  3.0 s | ee=  4.4 deg | F= 82.5 N | M=  5.4 Nm | contact=  2.9 mm
contact establishment:     t=  3.2 s | ee=  6.8 deg | F= 86.7 N | M=  5.8 Nm | contact=  2.7 mm
contact establishment:     t=  3.4 s | ee= 10.3 deg | F= 80.5 N | M=  5.0 Nm | contact=  3.3 mm
contact establishment:     t=  3.6 s | ee= 13.6 deg | F= 78.9 N | M=  4.0 Nm | contact=  4.1 mm
contact establishment:     t=  3.8 s | ee= 16.6 deg | F= 71.6 N | M=  3.0 Nm | contact=  4.2 mm
contact establishment:     t=  4.0 s | ee= 18.9 deg | F= 79.0 N | M=  3.5 Nm | contact=  3.9 mm
contact establishment:     t=  4.2 s | ee= 20.9 deg | F= 77.4 N | M=  3.0 Nm | contact=  4.0 mm
contact establishment:     t=  4.4 s | ee= 22.4 deg | F= 74.4 N | M=  2.4 Nm | contact=  4.2 mm
contact establishment:     t=  4.6 s | ee= 23.7 deg | F= 81.6 N | M=  2.9 Nm | contact=  3.9 mm
contact establishment:     t=  4.8 s | ee= 24.9 deg | F= 77.5 N | M=  2.2 Nm | contact=  4.1 mm

==============================================================================
  CONTACT-ESTABLISHMENT RESULT
==============================================================================
  stop: time | t=5.0 s | ee=25.3 deg | F=77.1 N | M_TCP=2.0 Nm
  contact_from_start = [-0.5, -0.6, -4.2] mm | norm=4.2 mm
  tcp_from_contact  = [-18.5, -36.2, +48.8] mm | norm=63.5 mm
  deviation: before=9.48 deg | after=34.74 deg | gain=-25.26 deg
  t_align: not reached | tolerance=2.00 deg | hold=0.30 s
  t_align_fraction: not reached | fraction=0.50 of the deviation at contact
  deviation_min: 9.44 deg at t=0.05 s
  align_status: not_aligned
  deviation components [t1,t2,n] deg: before=[+9.47,-0.53,+0.00] | after=[+34.72,-1.29,+0.00]

-- contact establishment surface-frame breakdown -----------------------------
  frame              alignment-target [tangent1, tangent2, normal]
  force        [N]      = [    +0.61,    +14.50,    -75.77]
  tcp_disp     [mm]     = [    -0.05,    +18.01,     -3.10]
  contact_disp [mm]     = [    -0.45,     -0.48,     -4.18]
  Kp_eff=F/tcp [N/m]    = [ -11380.5,     805.5,   24429.2]
  M_contact    [Nm]     = [    +0.18,     -0.65,     -0.29]
  ee_angle     [deg]    = [   +25.25,     -0.69,     +0.13]
  KR_eff=M/ang [Nm/rad] = [      0.4,      53.6,    -128.2]
  frame              tool face [length, width, tool axis]
  M_contact    [Nm]     = [    +0.37,     -0.19,     +0.61]

-- center of compliance ------------------------------------------------------
  definition         r_c = p_c - p_TCP
  p_TCP [x,y,z]    = [    515.2,      19.1,      47.1] mm
  p_c [EE]         = [      0.0,    -100.0,       0.0] mm
  r_c [t1,t2,n]    = [     -0.2,      81.8,     -57.5] mm
                     p_c resolved at end of contact establishment

-- effective TCP impedance ---------------------------------------------------
  K_TCP translation = [   1999.5,    1998.7,     351.8] N/m
  K_TCP rotation   = [     14.0,      12.2,      62.8] Nm/rad
  commanded KR was = [      5.0,       5.0,      50.0] Nm/rad   including lever contribution
  D_TCP translation = [    234.2,     174.7,     111.5] Ns/m
  D_TCP rotation   = [      2.6,       2.9,       2.8] Nms/rad
  coupling           max |moment per unit translation| = 160.3 Nm/m (K), 18.8 Nms/m (D)
  eigenvalues        K_TCP 4.95 .. 2020 | D_TCP 1.26 .. 237  (both positive: valid springs)

  K_TCP [N/m, Nm/rad | rows fx..mz, cols tx..rz]:
           tx        ty        tz    |    rx        ry        rz
  fx [    2000  -0.7871   -28.44 |   -2.327   -119.5   -160.3 ]
  fy [ -0.7871     1999   -45.62 |    115.7 -0.007958   -2.346 ]
  fz [  -28.44   -45.62    351.8 |    25.48    2.123    2.335 ]
     ---------------------------+---------------------------
  mx [  -2.327    115.7    25.48 |    13.97   0.1912   0.8227 ]
  my [  -119.5 -0.007958    2.123 |   0.1912    12.17    10.82 ]
  mz [  -160.3   -2.346    2.335 |   0.8227    10.82    62.81 ]

  D_TCP [Ns/m, Nms/rad]:
           tx        ty        tz    |    rx        ry        rz
  fx [   234.2 -0.05859   -2.117 |  -0.1732   -13.99   -18.78 ]
  fy [-0.05859    174.7   -1.751 |    10.29  0.00139  -0.2058 ]
  fz [  -2.117   -1.751    111.5 |    8.834   0.2608   0.1719 ]
     ---------------------------+---------------------------
  mx [ -0.1732    10.29    8.834 |    2.595  0.02102 0.002487 ]
  my [  -13.99  0.00139   0.2608 |  0.02102    2.883    1.102 ]
  mz [  -18.78  -0.2058   0.1719 | 0.002487    1.102    2.836 ]

[STATE] Pre-grinding hold active. Press Enter to start grinding (e+Enter stops).

-- state: pre_grinding_hold --------------------------------------------------
  motion             established contact command
  impedance          inherited from contact establishment
  keys               Enter continue | e stop

Stop requested with e + Enter. Finishing control loop...

-- joint motion [deg] --------------------------------------------------------
  joint       start    final    delta
  q1            0.9      5.3     +4.4
  q2           12.1     30.9    +18.8
  q3           -0.5      5.9     +6.4
  q4         -130.9   -121.7     +9.2
  q5           -0.2    -50.8    -50.6
  q6          142.8    127.2    -15.7
  q7           44.7     96.9    +52.1

==============================================================================
  FINAL RESULT
==============================================================================
  p_d              = [    510.8,      -6.0,    -209.1] mm
  p_EE             = [    515.2,      19.1,      47.1] mm
  e_p              = [     -4.4,     -25.1,    -256.2] mm
  e_R              = [    25.25,     -0.70,     -0.29] deg
------------------------------------------------------------------------------
  position error     257.44 mm
  rotation error     25.27 deg
  csv                logs/surface_grinding_controller_log.csv
------------------------------------------------------------------------------
