
==============================================================================
  SURFACE GRINDING CONTROLLER
==============================================================================
  robot              172.16.0.2
  parameters         /home/hm-panda/Desktop/Thesis_Final_Control/surface_grinding_controller/params
------------------------------------------------------------------------------

==============================================================================
  SURFACE GRINDING CONTROLLER - STARTUP MENU
==============================================================================

-- RUN MODES -----------------------------------------------------------------
  s      Run orientation, approach, setup, and grinding
  h      Cartesian pose hold at the initial posture
  t      Cartesian pose hold with the setup impedance
  g      Start manual guidance from the current robot pose

-- ROBOT PREPARATION ---------------------------------------------------------
  i      Move to the configured initial joint posture

-- GRIPPER AND TOOL ----------------------------------------------------------
  o      Open the gripper
  c      Grasp the tool
  r      Recalibrate the gripper with empty fingers
  f      Pick up the tool from the holder
  b      Return the tool to the holder

-- PROGRAM -------------------------------------------------------------------
  e      Exit
------------------------------------------------------------------------------
  During control: e = stop | m = startup menu | g = guidance
------------------------------------------------------------------------------
Selection [s/h/t/g/i/o/c/r/f/b/e]: 
-- SELECTED MODE: PHASE SEQUENCE ---------------------------------------------

-- moving to q_init ----------------------------------------------------------
  case               saved_qinit
  q1..q7 [deg]     = [0.8, 12.1, -0.5, -130.9, -0.2, 142.9, 44.7] deg
  saved_qinit = [0.014777, 0.210911, -0.009320, -2.284835, -0.002725, 2.493410, 0.780694] rad
  q_init reached.

-- start pose ----------------------------------------------------------------
  q_start          = [0.8, 12.1, -0.5, -130.9, -0.2, 142.9, 44.7] deg
  p_start          = [    531.3,       2.5,     156.8] mm

==============================================================================
  RUN
==============================================================================

-- phase: approach_orient ----------------------------------------------------
  Kp [t1,t2,n]     = [    150.0,     150.0,     150.0] N/m
  Dp [t1,t2,n]     = [    133.7,      94.2,     128.3] Ns/m     auto (factor 1.90)
  KR [t1,t2,n]     = [    180.0,     180.0,      90.0] Nm/rad
  DR [t1,t2,n]     = [     15.3,      25.0,       2.0] Nms/rad  auto (factor 1.90)
orient:     t=  0.0 s | axis_err=  7.6 deg | spin_err=  0.7 deg
orient:     t=  0.2 s | axis_err=  6.1 deg | spin_err=  0.5 deg
orient:     t=  0.4 s | axis_err=  3.0 deg | spin_err=  0.1 deg
orient:     t=  0.6 s | axis_err=  1.3 deg | spin_err=  0.1 deg
orient:     t=  0.8 s | axis_err=  0.9 deg | spin_err=  0.1 deg

Orientation reached: axis_err=0.8 deg | spin_err=0.0 deg

-- phase: approach_descend ---------------------------------------------------
  Kp [t1,t2,n]     = [    150.0,     150.0,     150.0] N/m
  Dp [t1,t2,n]     = [    133.7,      94.2,     128.3] Ns/m     auto (factor 1.90)
  KR [t1,t2,n]     = [    180.0,     180.0,      90.0] Nm/rad
  DR [t1,t2,n]     = [     15.3,      25.0,       2.0] Nms/rad  auto (factor 1.90)
  descend to         20 mm clearance at 0.100 m/s
descend:    t=  0.0 s | distance=   0.1 mm | height=+126.2 mm (target 20.0) | force= -0.0 N
descend:    t=  0.2 s | distance=  20.2 mm | height=+114.9 mm (target 20.0) | force=  2.1 N
descend:    t=  0.4 s | distance=  40.3 mm | height= +98.7 mm (target 20.0) | force=  2.5 N
descend:    t=  0.6 s | distance=  60.4 mm | height= +81.5 mm (target 20.0) | force=  2.8 N
descend:    t=  0.8 s | distance=  80.5 mm | height= +64.2 mm (target 20.0) | force=  3.0 N
descend:    t=  1.0 s | distance= 100.6 mm | height= +46.8 mm (target 20.0) | force=  3.1 N
descend:    t=  1.2 s | distance= 120.7 mm | height= +29.4 mm (target 20.0) | force=  3.2 N

Clearance reached: distance=131.6 mm | height=20.0 mm | target=20.0 mm | force=3.7 N
  offset_ee        = [     20.0,      60.0,      20.0] mm
  p_EE_at_contact  = [    508.8,      -0.2,      42.7] mm
  contact_point    = [    525.5,     -61.3,       1.7] mm
  edge_offset      = [     16.8,     -61.1,     -41.0] mm

-- phase: setup --------------------------------------------------------------

-- setup impedance -----------------------------------------------------------
  law                wrench = K_TCP*dx + D_TCP*dv
                     K_TCP  = Ad(r_c)^T * blkdiag(Kp,KR) * Ad(r_c)
  Kp [t1,t2,n]     = [   2000.0,    2000.0,     350.0] N/m
  Dp [t1,t2,n]     = [    234.6,     173.9,     111.4] Ns/m     auto
  KR [t1,t2,n]     = [      5.0,       5.0,      50.0] Nm/rad
  DR [t1,t2,n]     = [      1.3,       2.1,       0.9] Nms/rad  auto
  p_c [EE]         = [      0.0,       0.0,       0.0] mm       resolved in the tool frame
  r_c [t1,t2,n]    = [      0.0,       0.0,       0.0] mm       commanded: p_TCP - p_c, in the plane
setup:     t=  0.0 s | ee=  0.0 deg | F=  0.1 N | M=  0.0 Nm (limit 150.0) | contact= 19.9 mm
setup:     t=  0.2 s | ee=  0.6 deg | F=  1.0 N | M=  0.4 Nm (limit 150.0) | contact=  7.2 mm
setup:     t=  0.4 s | ee=  1.2 deg | F= 14.1 N | M=  0.8 Nm (limit 150.0) | contact=  2.3 mm
setup:     t=  0.6 s | ee=  1.2 deg | F= 13.7 N | M=  0.5 Nm (limit 150.0) | contact=  2.4 mm
setup:     t=  0.8 s | ee=  1.2 deg | F= 19.6 N | M=  0.7 Nm (limit 150.0) | contact=  2.5 mm
setup:     t=  1.0 s | ee=  1.2 deg | F= 25.1 N | M=  0.9 Nm (limit 150.0) | contact=  2.8 mm
setup:     t=  1.2 s | ee=  1.3 deg | F= 30.8 N | M=  1.1 Nm (limit 150.0) | contact=  3.1 mm
setup:     t=  1.4 s | ee=  1.3 deg | F= 35.8 N | M=  1.3 Nm (limit 150.0) | contact=  3.5 mm
setup:     t=  1.6 s | ee=  1.4 deg | F= 41.2 N | M=  1.1 Nm (limit 150.0) | contact=  4.1 mm
setup:     t=  1.8 s | ee=  1.7 deg | F= 47.7 N | M=  1.4 Nm (limit 150.0) | contact=  5.1 mm
setup:     t=  2.0 s | ee=  1.7 deg | F= 53.2 N | M=  1.3 Nm (limit 150.0) | contact=  5.3 mm
setup:     t=  2.2 s | ee=  1.7 deg | F= 58.7 N | M=  1.2 Nm (limit 150.0) | contact=  5.4 mm
setup:     t=  2.4 s | ee=  1.8 deg | F= 64.1 N | M=  1.1 Nm (limit 150.0) | contact=  5.6 mm
setup:     t=  2.6 s | ee=  1.8 deg | F= 69.5 N | M=  1.0 Nm (limit 150.0) | contact=  5.7 mm
setup:     t=  2.8 s | ee=  1.8 deg | F= 75.0 N | M=  1.0 Nm (limit 150.0) | contact=  5.9 mm
setup:     t=  3.0 s | ee=  1.8 deg | F= 80.8 N | M=  0.9 Nm (limit 150.0) | contact=  6.0 mm
setup:     t=  3.2 s | ee=  1.8 deg | F= 86.6 N | M=  0.9 Nm (limit 150.0) | contact=  6.2 mm
setup:     t=  3.4 s | ee=  1.8 deg | F= 81.5 N | M=  1.1 Nm (limit 150.0) | contact=  6.1 mm
setup:     t=  3.6 s | ee=  1.8 deg | F= 81.4 N | M=  1.1 Nm (limit 150.0) | contact=  6.1 mm
setup:     t=  3.8 s | ee=  1.8 deg | F= 81.3 N | M=  1.1 Nm (limit 150.0) | contact=  6.1 mm
setup:     t=  4.0 s | ee=  1.8 deg | F= 81.3 N | M=  1.1 Nm (limit 150.0) | contact=  6.1 mm
setup:     t=  4.2 s | ee=  1.8 deg | F= 81.2 N | M=  1.0 Nm (limit 150.0) | contact=  6.1 mm
setup:     t=  4.4 s | ee=  1.8 deg | F= 81.2 N | M=  1.1 Nm (limit 150.0) | contact=  6.1 mm
setup:     t=  4.6 s | ee=  1.8 deg | F= 81.3 N | M=  1.0 Nm (limit 150.0) | contact=  6.1 mm
setup:     t=  4.8 s | ee=  1.8 deg | F= 81.1 N | M=  1.0 Nm (limit 150.0) | contact=  6.1 mm

==============================================================================
  SETUP RESULT
==============================================================================
  stop: time | t=5.0 s | ee=1.8 deg | F=81.1 N | M_TCP=1.0 Nm
  contact_from_start = [-2.7, -0.2, -5.5] mm | norm=6.1 mm
  tcp_from_contact  = [-19.4, +59.8, +17.2] mm | norm=65.2 mm
  deviation: before=5.20 deg | after=6.79 deg | gain=-1.59 deg
  t_align: not reached | tolerance=2.00 deg | hold=0.30 s
  t_align_fraction: not reached | fraction=0.50 of the deviation at contact
  deviation_min: 5.19 deg at t=0.01 s
  align_status: not_aligned
  deviation components [t1,t2,n] deg: before=[-0.62,-5.16,-0.00] | after=[-1.69,-6.58,-0.00]

-- setup surface-frame breakdown ---------------------------------------------
  frame              alignment-target [tangent1, tangent2, normal]
  force        [N]      = [    +3.28,     +0.86,    -81.00]
  tcp_disp     [mm]     = [    -2.16,     -0.58,    -23.93]
  contact_disp [mm]     = [    -2.56,     -0.09,     -5.53]
  Kp_eff=F/tcp [N/m]    = [  -1517.8,   -1470.5,    3385.3]
  M_contact    [Nm]     = [    -3.91,     -0.84,     -0.23]
  ee_angle     [deg]    = [    -1.09,     -1.41,     -0.16]
  KR_eff=M/ang [Nm/rad] = [    205.9,      34.0,      82.1]
  frame              tool face [length, width, tool axis]
  M_contact    [Nm]     = [    +0.84,     +3.86,     +0.65]

-- center of compliance ------------------------------------------------------
  definition         r_c = p_TCP - p_c
  p_TCP [x,y,z]    = [    506.2,      -1.5,      18.8] mm
  p_c [EE]         = [     -0.0,      -0.0,       0.0] mm
  r_c [t1,t2,n]    = [      0.0,       0.0,       0.0] mm
                     p_c resolved at end of setup

-- effective TCP impedance ---------------------------------------------------
  K_TCP translation = [   1999.5,    1998.7,     351.8] N/m
  K_TCP rotation   = [      5.0,       5.0,      50.0] Nm/rad
  commanded KR was = [      5.0,       5.0,      50.0] Nm/rad   including lever contribution
  D_TCP translation = [    234.6,     173.9,     111.5] Ns/m
  D_TCP rotation   = [      1.3,       2.1,       0.9] Nms/rad
  coupling           max |moment per unit translation| = 0.0 Nm/m (K), 0.0 Nms/m (D)
  eigenvalues        K_TCP 5.00 .. 2000 | D_TCP 0.95 .. 235  (both positive: valid springs)

  K_TCP [N/m, Nm/rad | rows fx..mz, cols tx..rz]:
           tx        ty        tz    |    rx        ry        rz
  fx [    2000  -0.7871   -28.44 |        0        0        0 ]
  fy [ -0.7871     1999   -45.62 |        0        0        0 ]
  fz [  -28.44   -45.62    351.8 |        0        0        0 ]
     ---------------------------+---------------------------
  mx [       0        0        0 |    5.013  0.02147   0.7756 ]
  my [       0        0        0 |  0.02147    5.034    1.244 ]
  mz [       0        0        0 |   0.7756    1.244    49.95 ]

  D_TCP [Ns/m, Nms/rad]:
           tx        ty        tz    |    rx        ry        rz
  fx [   234.6 -0.05878   -2.124 |        0        0        0 ]
  fy [-0.05878    173.9   -1.729 |        0        0        0 ]
  fz [  -2.124   -1.729    111.5 |        0        0        0 ]
     ---------------------------+---------------------------
  mx [       0        0        0 |    1.286 -0.0001607 -0.005808 ]
  my [       0        0        0 | -0.0001607    2.106 -0.03203 ]
  mz [       0        0        0 | -0.005808 -0.03203     0.95 ]

[GATE] Set up finished (still pressing). Press Enter to start the grind (e+Enter stops).

Stop requested with e + Enter. Finishing control loop...

-- joint motion [deg] --------------------------------------------------------
  joint       start    final    delta
  q1            0.8     -0.6     -1.4
  q2           12.1     30.2    +18.1
  q3           -0.5      0.4     +0.9
  q4         -130.9   -127.5     +3.5
  q5           -0.2     -1.0     -0.8
  q6          142.9    148.6     +5.7
  q7           44.7     45.6     +0.8

==============================================================================
  FINAL RESULT
==============================================================================
  p_d              = [    504.3,      -7.4,    -217.1] mm
  p_EE             = [    506.2,      -1.5,      18.8] mm
  e_p              = [     -1.9,      -5.9,    -236.0] mm
  e_R              = [    -1.09,     -1.42,     -0.10] deg
------------------------------------------------------------------------------
  position error     236.04 mm
  rotation error     1.79 deg
  csv                logs/surface_grinding_controller_log.csv
------------------------------------------------------------------------------
