
==============================================================================
  SURFACE GRINDING CONTROLLER
==============================================================================
  robot              172.16.0.2
  parameters         /home/hm-panda/Desktop/Thesis_Final_Control/surface_grinding_controller/params
------------------------------------------------------------------------------

==============================================================================
  SURFACE GRINDING CONTROLLER - STARTUP MENU
==============================================================================

-- RUN MODES -----------------------------------------------------------------
  s      Run orientation, approach, setup, and grinding
  h      Cartesian pose hold at the initial posture
  t      Cartesian pose hold with the setup impedance
  g      Start manual guidance from the current robot pose

-- ROBOT PREPARATION ---------------------------------------------------------
  i      Move to the configured initial joint posture

-- GRIPPER AND TOOL ----------------------------------------------------------
  o      Open the gripper
  c      Grasp the tool
  r      Recalibrate the gripper with empty fingers
  f      Pick up the tool from the holder
  b      Return the tool to the holder

-- PROGRAM -------------------------------------------------------------------
  e      Exit
------------------------------------------------------------------------------
  During control: e = stop | m = startup menu | g = guidance
------------------------------------------------------------------------------
Selection [s/h/t/g/i/o/c/r/f/b/e]: 
-- SELECTED MODE: PHASE SEQUENCE ---------------------------------------------

-- moving to q_init ----------------------------------------------------------
  case               saved_qinit
  q1..q7 [deg]     = [0.8, 12.1, -0.5, -130.9, -0.2, 142.9, 44.7] deg
  saved_qinit = [0.014777, 0.210911, -0.009320, -2.284835, -0.002725, 2.493410, 0.780694] rad
  q_init reached.

-- start pose ----------------------------------------------------------------
  q_start          = [0.8, 12.1, -0.5, -130.9, -0.2, 142.8, 44.7] deg
  p_start          = [    531.1,       2.4,     156.7] mm

==============================================================================
  RUN
==============================================================================

-- phase: approach_orient ----------------------------------------------------
  Kp [t1,t2,n]     = [    150.0,     150.0,     150.0] N/m
  Dp [t1,t2,n]     = [    133.7,      94.2,     128.3] Ns/m     auto (factor 1.90)
  KR [t1,t2,n]     = [    180.0,     180.0,      90.0] Nm/rad
  DR [t1,t2,n]     = [     15.3,      25.0,       2.0] Nms/rad  auto (factor 1.90)
orient:     t=  0.0 s | axis_err= 12.4 deg | spin_err=  0.6 deg
orient:     t=  0.2 s | axis_err= 10.9 deg | spin_err=  0.4 deg
orient:     t=  0.4 s | axis_err=  7.7 deg | spin_err=  0.2 deg
orient:     t=  0.6 s | axis_err=  4.0 deg | spin_err=  0.1 deg
orient:     t=  0.8 s | axis_err=  1.5 deg | spin_err=  0.0 deg
orient:     t=  1.0 s | axis_err=  1.0 deg | spin_err=  0.0 deg

Orientation reached: axis_err=0.9 deg | spin_err=0.0 deg

-- phase: approach_descend ---------------------------------------------------
  Kp [t1,t2,n]     = [    150.0,     150.0,     150.0] N/m
  Dp [t1,t2,n]     = [    133.7,      94.2,     128.3] Ns/m     auto (factor 1.90)
  KR [t1,t2,n]     = [    180.0,     180.0,      90.0] Nm/rad
  DR [t1,t2,n]     = [     15.3,      25.0,       2.0] Nms/rad  auto (factor 1.90)
  descend to         20 mm clearance at 0.100 m/s
descend:    t=  0.0 s | distance=   0.1 mm | height=+125.5 mm (target 20.0) | force= -0.0 N
descend:    t=  0.2 s | distance=  20.2 mm | height=+113.6 mm (target 20.0) | force=  1.7 N
descend:    t=  0.4 s | distance=  40.3 mm | height= +97.3 mm (target 20.0) | force=  2.0 N
descend:    t=  0.6 s | distance=  60.4 mm | height= +80.2 mm (target 20.0) | force=  1.3 N
descend:    t=  0.8 s | distance=  80.5 mm | height= +63.1 mm (target 20.0) | force=  2.8 N
descend:    t=  1.0 s | distance= 100.6 mm | height= +45.7 mm (target 20.0) | force=  2.1 N
descend:    t=  1.2 s | distance= 120.7 mm | height= +28.1 mm (target 20.0) | force=  2.7 N

Clearance reached: distance=129.9 mm | height=20.0 mm | target=20.0 mm | force=1.6 N
  offset_ee        = [     20.0,      60.0,      20.0] mm
  p_EE_at_contact  = [    502.5,      -0.6,      44.0] mm
  contact_point    = [    517.3,     -61.7,       1.8] mm
  edge_offset      = [     14.8,     -61.2,     -42.2] mm

-- phase: setup --------------------------------------------------------------

-- setup impedance -----------------------------------------------------------
  law                wrench = K_TCP*dx + D_TCP*dv
                     K_TCP  = Ad(r_c)^T * blkdiag(Kp,KR) * Ad(r_c)
  Kp [t1,t2,n]     = [   2000.0,    2000.0,     350.0] N/m
  Dp [t1,t2,n]     = [    236.7,     176.3,     109.9] Ns/m     auto
  KR [t1,t2,n]     = [      5.0,       5.0,      50.0] Nm/rad
  DR [t1,t2,n]     = [      1.3,       2.2,       1.2] Nms/rad  auto
  p_c [EE]         = [     20.0,      -0.0,      -0.0] mm       commanded in the tool frame
  r_c [t1,t2,n]    = [    -19.6,       0.0,       4.0] mm       p_TCP - p_c, in the plane
setup:     t=  0.0 s | ee=  0.0 deg | F=  0.1 N | M=  0.0 Nm (limit 150.0) | contact= 19.9 mm
setup:     t=  0.2 s | ee=  0.5 deg | F=  1.2 N | M=  0.3 Nm (limit 150.0) | contact=  7.4 mm
setup:     t=  0.4 s | ee=  1.2 deg | F= 20.3 N | M=  0.8 Nm (limit 150.0) | contact=  2.6 mm
setup:     t=  0.6 s | ee=  1.2 deg | F= 16.2 N | M=  0.8 Nm (limit 150.0) | contact=  2.7 mm
setup:     t=  0.8 s | ee=  1.3 deg | F= 21.1 N | M=  1.0 Nm (limit 150.0) | contact=  2.9 mm
setup:     t=  1.0 s | ee=  1.3 deg | F= 26.5 N | M=  1.3 Nm (limit 150.0) | contact=  3.2 mm
setup:     t=  1.2 s | ee=  1.3 deg | F= 32.1 N | M=  1.5 Nm (limit 150.0) | contact=  3.6 mm
setup:     t=  1.4 s | ee=  1.4 deg | F= 37.7 N | M=  1.5 Nm (limit 150.0) | contact=  4.3 mm
setup:     t=  1.6 s | ee=  1.7 deg | F= 41.4 N | M=  1.3 Nm (limit 150.0) | contact=  5.5 mm
setup:     t=  1.8 s | ee=  2.0 deg | F= 48.9 N | M=  1.3 Nm (limit 150.0) | contact=  6.5 mm
setup:     t=  2.0 s | ee=  2.0 deg | F= 54.7 N | M=  1.2 Nm (limit 150.0) | contact=  7.0 mm
setup:     t=  2.2 s | ee=  2.1 deg | F= 60.3 N | M=  1.3 Nm (limit 150.0) | contact=  7.5 mm
setup:     t=  2.4 s | ee=  2.1 deg | F= 66.3 N | M=  1.4 Nm (limit 150.0) | contact=  7.9 mm
setup:     t=  2.6 s | ee=  2.1 deg | F= 71.3 N | M=  1.5 Nm (limit 150.0) | contact=  8.0 mm
setup:     t=  2.8 s | ee=  2.1 deg | F= 76.8 N | M=  1.5 Nm (limit 150.0) | contact=  8.2 mm
setup:     t=  3.0 s | ee=  2.2 deg | F= 82.3 N | M=  1.5 Nm (limit 150.0) | contact=  8.3 mm
setup:     t=  3.2 s | ee=  2.2 deg | F= 87.7 N | M=  1.5 Nm (limit 150.0) | contact=  8.5 mm
setup:     t=  3.4 s | ee=  2.2 deg | F= 82.3 N | M=  1.5 Nm (limit 150.0) | contact=  8.4 mm
setup:     t=  3.6 s | ee=  2.2 deg | F= 82.1 N | M=  1.5 Nm (limit 150.0) | contact=  8.4 mm
setup:     t=  3.8 s | ee=  2.2 deg | F= 81.9 N | M=  1.5 Nm (limit 150.0) | contact=  8.4 mm
setup:     t=  4.0 s | ee=  2.2 deg | F= 82.0 N | M=  1.5 Nm (limit 150.0) | contact=  8.4 mm
setup:     t=  4.2 s | ee=  2.2 deg | F= 82.0 N | M=  1.5 Nm (limit 150.0) | contact=  8.4 mm
setup:     t=  4.4 s | ee=  2.2 deg | F= 82.0 N | M=  1.5 Nm (limit 150.0) | contact=  8.4 mm
setup:     t=  4.6 s | ee=  2.2 deg | F= 82.0 N | M=  1.5 Nm (limit 150.0) | contact=  8.4 mm
setup:     t=  4.8 s | ee=  2.2 deg | F= 82.0 N | M=  1.5 Nm (limit 150.0) | contact=  8.4 mm

==============================================================================
  SETUP RESULT
==============================================================================
  stop: time | t=5.0 s | ee=2.2 deg | F=82.1 N | M_TCP=1.5 Nm
  contact_from_start = [-4.3, -0.3, -7.2] mm | norm=8.4 mm
  tcp_from_contact  = [-19.0, +59.7, +16.9] mm | norm=64.9 mm
  deviation: before=10.04 deg | after=11.86 deg | gain=-1.83 deg
  t_align: not reached | tolerance=2.00 deg | hold=0.30 s
  t_align_fraction: not reached | fraction=0.50 of the deviation at contact
  deviation_min: 10.04 deg at t=0.00 s
  align_status: not_aligned
  deviation components [t1,t2,n] deg: before=[-0.45,-10.03,-0.00] | after=[-1.66,-11.75,+0.00]

-- setup surface-frame breakdown ---------------------------------------------
  frame              alignment-target [tangent1, tangent2, normal]
  force        [N]      = [    +5.63,     +1.28,    -81.90]
  tcp_disp     [mm]     = [    -3.79,     -0.79,    -25.42]
  contact_disp [mm]     = [    -4.16,     -0.14,     -7.26]
  Kp_eff=F/tcp [N/m]    = [  -1484.0,   -1626.9,    3221.3]
  M_contact    [Nm]     = [    -4.38,     +0.30,     -0.66]
  ee_angle     [deg]    = [    -1.30,     -1.71,     -0.36]
  KR_eff=M/ang [Nm/rad] = [    193.7,     -10.2,     107.0]
  frame              tool face [length, width, tool axis]
  M_contact    [Nm]     = [    -0.30,     +4.15,     +1.55]

-- center of compliance ------------------------------------------------------
  definition         r_c = p_TCP - p_c
  p_TCP [x,y,z]    = [    498.3,      -2.1,      18.7] mm
  p_c [EE]         = [     20.0,       0.0,       0.0] mm
  r_c [t1,t2,n]    = [    -19.5,      -0.2,       4.6] mm
                     p_c resolved at end of setup

-- effective TCP impedance ---------------------------------------------------
  K_TCP translation = [   1999.5,    1998.7,     351.8] N/m
  K_TCP rotation   = [      5.1,       5.2,      50.7] Nm/rad
  commanded KR was = [      5.0,       5.0,      50.0] Nm/rad   including lever contribution
  D_TCP translation = [    236.7,     176.2,     110.0] Ns/m
  D_TCP rotation   = [      1.3,       2.3,       1.3] Nms/rad
  coupling           max |moment per unit translation| = 38.7 Nm/m (K), 3.4 Nms/m (D)
  eigenvalues        K_TCP 5.00 .. 2001 | D_TCP 1.19 .. 237  (both positive: valid springs)

  K_TCP [N/m, Nm/rad | rows fx..mz, cols tx..rz]:
           tx        ty        tz    |    rx        ry        rz
  fx [    2000  -0.7871   -28.44 | -0.005962   -9.289  -0.1621 ]
  fy [ -0.7871     1999   -45.62 |    9.833   0.8882    38.75 ]
  fz [  -28.44   -45.62    351.8 |  -0.1987   -6.679  -0.8822 ]
     ---------------------------+---------------------------
  mx [-0.005962    9.833  -0.1987 |    5.062  0.02535   0.9662 ]
  my [  -9.289   0.8882   -6.679 |  0.02535     5.21    1.262 ]
  mz [ -0.1621    38.75  -0.8822 |   0.9662    1.262     50.7 ]

  D_TCP [Ns/m, Nms/rad]:
           tx        ty        tz    |    rx        ry        rz
  fx [   236.7 -0.06049   -2.186 | -0.0004582   -1.122 -0.01855 ]
  fy [-0.06049    176.2   -1.835 |   0.8671  0.03586    3.416 ]
  fz [  -2.186   -1.835      110 | -0.0009508   -2.121  -0.0354 ]
     ---------------------------+---------------------------
  mx [-0.0004582   0.8671 -0.0009508 |    1.296 -2.651e-05   0.0151 ]
  my [  -1.122  0.03586   -2.121 | -2.651e-05    2.264 -0.02755 ]
  mz [-0.01855    3.416  -0.0354 |   0.0151 -0.02755     1.26 ]

[GATE] Set up finished (still pressing). Press Enter to start the grind (e+Enter stops).

Stop requested with e + Enter. Finishing control loop...

-- joint motion [deg] --------------------------------------------------------
  joint       start    final    delta
  q1            0.8     -0.4     -1.2
  q2           12.1     31.0    +18.8
  q3           -0.5      0.2     +0.7
  q4         -130.9   -125.1     +5.8
  q5           -0.2     -0.7     -0.5
  q6          142.8    141.8     -1.1
  q7           44.7     45.2     +0.4

==============================================================================
  FINAL RESULT
==============================================================================
  p_d              = [    498.1,      -7.8,    -215.8] mm
  p_EE             = [    498.3,      -2.0,      18.7] mm
  e_p              = [     -0.3,      -5.7,    -234.5] mm
  e_R              = [    -1.30,     -1.72,     -0.29] deg
------------------------------------------------------------------------------
  position error     234.58 mm
  rotation error     2.18 deg
  csv                logs/surface_grinding_controller_log.csv
------------------------------------------------------------------------------
