
==============================================================================
  SURFACE GRINDING CONTROLLER
==============================================================================
  robot              172.16.0.2
  parameters         /home/hm-panda/Desktop/Thesis_Final_Control/surface_grinding_controller/params
------------------------------------------------------------------------------

==============================================================================
  SURFACE GRINDING CONTROLLER - STARTUP MENU
==============================================================================

-- RUN MODES -----------------------------------------------------------------
  s      Run orientation, approach, setup, and grinding
  h      Cartesian pose hold at the initial posture
  t      Cartesian pose hold with the setup impedance
  g      Start manual guidance from the current robot pose

-- ROBOT PREPARATION ---------------------------------------------------------
  i      Move to the configured initial joint posture

-- GRIPPER AND TOOL ----------------------------------------------------------
  o      Open the gripper
  c      Grasp the tool
  r      Recalibrate the gripper with empty fingers
  f      Pick up the tool from the holder
  b      Return the tool to the holder

-- PROGRAM -------------------------------------------------------------------
  e      Exit
------------------------------------------------------------------------------
  During control: e = stop | m = startup menu | g = guidance
------------------------------------------------------------------------------
Selection [s/h/t/g/i/o/c/r/f/b/e]: 
-- SELECTED MODE: PHASE SEQUENCE ---------------------------------------------

-- moving to q_init ----------------------------------------------------------
  case               saved_qinit
  q1..q7 [deg]     = [0.8, 12.1, -0.5, -130.9, -0.2, 142.9, 44.7] deg
  saved_qinit = [0.014777, 0.210911, -0.009320, -2.284835, -0.002725, 2.493410, 0.780694] rad
  q_init reached.

-- start pose ----------------------------------------------------------------
  q_start          = [0.8, 12.1, -0.5, -130.9, -0.2, 142.9, 44.7] deg
  p_start          = [    531.3,       2.5,     156.8] mm

==============================================================================
  RUN
==============================================================================

-- phase: approach_orient ----------------------------------------------------
  Kp [t1,t2,n]     = [    150.0,     150.0,     150.0] N/m
  Dp [t1,t2,n]     = [    133.7,      94.2,     128.3] Ns/m     auto (factor 1.90)
  KR [t1,t2,n]     = [     90.0,      90.0,      90.0] Nm/rad
  DR [t1,t2,n]     = [     10.8,      17.7,       2.0] Nms/rad  auto (factor 1.90)
orient:     t=  0.0 s | axis_err=  1.6 deg | spin_err=  0.7 deg
orient:     t=  0.2 s | axis_err=  1.2 deg | spin_err=  0.0 deg
orient:     t=  0.4 s | axis_err=  1.1 deg | spin_err=  0.0 deg

Orientation reached: axis_err=1.1 deg | spin_err=0.0 deg

-- phase: approach_descend ---------------------------------------------------
  Kp [t1,t2,n]     = [    150.0,     150.0,     150.0] N/m
  Dp [t1,t2,n]     = [    133.7,      94.2,     128.3] Ns/m     auto (factor 1.90)
  KR [t1,t2,n]     = [     90.0,      90.0,      90.0] Nm/rad
  DR [t1,t2,n]     = [     10.8,      17.7,       2.0] Nms/rad  auto (factor 1.90)
  descend to         20 mm clearance at 0.100 m/s
descend:    t=  0.0 s | distance=   0.1 mm | height=+133.1 mm (target 20.0) | force=  0.0 N
descend:    t=  0.2 s | distance=  20.1 mm | height=+121.6 mm (target 20.0) | force=  0.9 N
descend:    t=  0.4 s | distance=  40.1 mm | height=+104.9 mm (target 20.0) | force=  1.9 N
descend:    t=  0.6 s | distance=  60.2 mm | height= +87.1 mm (target 20.0) | force=  1.1 N
descend:    t=  0.8 s | distance=  80.3 mm | height= +69.2 mm (target 20.0) | force=  2.0 N
descend:    t=  1.0 s | distance= 100.4 mm | height= +51.4 mm (target 20.0) | force=  1.0 N
descend:    t=  1.2 s | distance= 120.5 mm | height= +33.7 mm (target 20.0) | force=  2.6 N

Clearance reached: distance=135.9 mm | height=20.0 mm | target=20.0 mm | force=3.0 N
  offset_ee        = [     20.0,      60.0,      20.0] mm
  p_EE_at_contact  = [    520.2,       0.3,      41.2] mm
  contact_point    = [    539.3,     -60.5,       1.4] mm
  edge_offset      = [     19.1,     -60.8,     -39.8] mm

-- phase: setup --------------------------------------------------------------

-- setup impedance -----------------------------------------------------------
  law                wrench = K_TCP*dx + D_TCP*dv
                     K_TCP  = Ad(r_c)^T * blkdiag(Kp,KR) * Ad(r_c)
  Kp [t1,t2,n]     = [   2000.0,    2000.0,     350.0] N/m
  Dp [t1,t2,n]     = [    231.7,     169.8,     113.1] Ns/m     auto
  KR [t1,t2,n]     = [      5.0,       5.0,      50.0] Nm/rad
  DR [t1,t2,n]     = [      1.3,       2.0,       0.8] Nms/rad  auto
  p_c [EE]         = [     -0.0,       0.0,      60.0] mm       commanded in the tool frame
  r_c [t1,t2,n]    = [      0.6,      -1.0,      60.0] mm       p_TCP - p_c, in the plane
setup:     t=  0.0 s | tip=  0.0 deg | F=  0.2 N | M=  0.1 Nm (limit 150.0) | contact= 19.9 mm
setup:     t=  0.2 s | tip=  0.5 deg | F=  0.8 N | M=  0.4 Nm (limit 150.0) | contact=  7.2 mm
setup:     t=  0.4 s | tip=  0.9 deg | F= 14.2 N | M=  7.7 Nm (limit 150.0) | contact=  1.2 mm
setup:     t=  0.6 s | tip=  0.9 deg | F= 14.5 N | M=  7.8 Nm (limit 150.0) | contact=  1.3 mm
setup:     t=  0.8 s | tip=  0.9 deg | F= 19.9 N | M= 10.7 Nm (limit 150.0) | contact=  1.5 mm
setup:     t=  1.0 s | tip=  0.9 deg | F= 25.3 N | M= 13.5 Nm (limit 150.0) | contact=  1.7 mm
setup:     t=  1.2 s | tip=  0.9 deg | F= 31.2 N | M= 16.6 Nm (limit 150.0) | contact=  1.9 mm
setup:     t=  1.4 s | tip=  1.0 deg | F= 36.2 N | M= 19.1 Nm (limit 150.0) | contact=  2.2 mm
setup:     t=  1.6 s | tip=  1.0 deg | F= 42.2 N | M= 22.2 Nm (limit 150.0) | contact=  2.6 mm
setup:     t=  1.8 s | tip=  1.0 deg | F= 48.3 N | M= 25.3 Nm (limit 150.0) | contact=  2.8 mm
setup:     t=  2.0 s | tip=  1.0 deg | F= 54.2 N | M= 28.4 Nm (limit 150.0) | contact=  3.0 mm
setup:     t=  2.2 s | tip=  1.1 deg | F= 59.6 N | M= 31.2 Nm (limit 150.0) | contact=  3.2 mm
setup:     t=  2.4 s | tip=  1.1 deg | F= 65.3 N | M= 34.1 Nm (limit 150.0) | contact=  3.3 mm
setup:     t=  2.6 s | tip=  1.1 deg | F= 70.3 N | M= 36.7 Nm (limit 150.0) | contact=  3.5 mm
setup:     t=  2.8 s | tip=  1.1 deg | F= 76.1 N | M= 39.7 Nm (limit 150.0) | contact=  3.6 mm
setup:     t=  3.0 s | tip=  1.1 deg | F= 81.3 N | M= 42.4 Nm (limit 150.0) | contact=  3.8 mm
setup:     t=  3.2 s | tip=  1.1 deg | F= 87.4 N | M= 45.5 Nm (limit 150.0) | contact=  3.9 mm
setup:     t=  3.4 s | tip=  1.1 deg | F= 81.9 N | M= 42.7 Nm (limit 150.0) | contact=  3.8 mm
setup:     t=  3.6 s | tip=  1.1 deg | F= 81.8 N | M= 42.7 Nm (limit 150.0) | contact=  3.8 mm
setup:     t=  3.8 s | tip=  1.1 deg | F= 81.8 N | M= 42.6 Nm (limit 150.0) | contact=  3.8 mm
setup:     t=  4.0 s | tip=  1.1 deg | F= 81.7 N | M= 42.6 Nm (limit 150.0) | contact=  3.8 mm
setup:     t=  4.2 s | tip=  1.1 deg | F= 81.7 N | M= 42.6 Nm (limit 150.0) | contact=  3.8 mm
setup:     t=  4.4 s | tip=  1.1 deg | F= 81.7 N | M= 42.6 Nm (limit 150.0) | contact=  3.8 mm
setup:     t=  4.6 s | tip=  1.1 deg | F= 81.6 N | M= 42.6 Nm (limit 150.0) | contact=  3.8 mm
setup:     t=  4.8 s | tip=  1.1 deg | F= 81.6 N | M= 42.6 Nm (limit 150.0) | contact=  3.8 mm

==============================================================================
  SETUP RESULT
==============================================================================
  stop: time | t=5.0 s | tip=1.1 deg | F=81.6 N | M=42.5 Nm
  contact_from_start = [-1.7, -0.1, -3.4] mm | norm=3.8 mm
  tcp_from_contact  = [-20.6, +60.1, +17.1] mm | norm=65.8 mm
  alignment: before=1.09 deg | after=2.05 deg | gain=-0.96 deg
  alignment components [t1,t2,n] deg: before=[-0.95,-0.55,+0.00] | after=[-1.32,-1.57,+0.00]

-- setup surface-frame breakdown ---------------------------------------------
  frame              alignment-target [tangent1, tangent2, normal]
  force        [N]      = [    +3.87,     -0.92,    -81.47]
  tcp_disp     [mm]     = [    -1.09,     -0.07,    -22.70]
  contact_disp [mm]     = [    -1.66,     +0.01,     -3.46]
  Kp_eff=F/tcp [N/m]    = [  -3542.7,   13704.9,    3589.7]
  M_contact    [Nm]     = [    -3.99,    +41.04,     -0.50]
  tip_angle    [deg]    = [    -0.36,     -1.03,     +0.17]
  KR_eff=M/ang [Nm/rad] = [    628.2,   -2280.2,    -165.5]
  frame              tool face [length, width, tool axis]
  M_contact    [Nm]     = [   -41.01,     +4.09,     +1.55]

-- center of compliance ------------------------------------------------------
  definition         r_c = p_TCP - p_c
  p_TCP [x,y,z]    = [    518.7,      -0.4,      18.6] mm
  p_c [EE]         = [      0.0,      -0.0,      60.0] mm
  r_c [t1,t2,n]    = [      1.6,      -1.4,      60.0] mm
                     p_c resolved at end of setup

-- effective TCP impedance ---------------------------------------------------
  K_TCP translation = [   1999.5,    1998.7,     351.8] N/m
  K_TCP rotation   = [     12.2,      12.2,      50.0] Nm/rad
  commanded KR was = [      5.0,       5.0,      50.0] Nm/rad   including lever contribution
  D_TCP translation = [    231.7,     169.7,     113.2] Ns/m
  D_TCP rotation   = [      1.9,       2.8,       0.8] Nms/rad
  coupling           max |moment per unit translation| = 119.9 Nm/m (K), 13.9 Nms/m (D)
  eigenvalues        K_TCP 4.98 .. 2007 | D_TCP 0.79 .. 233  (both positive: valid springs)

  K_TCP [N/m, Nm/rad | rows fx..mz, cols tx..rz]:
           tx        ty        tz    |    rx        ry        rz
  fx [    2000  -0.7871   -28.44 | -0.03918   -119.9   0.5643 ]
  fy [ -0.7871     1999   -45.62 |    119.8 -0.07513   -5.359 ]
  fz [  -28.44   -45.62    351.8 |   -2.833    2.648   0.1143 ]
     ---------------------------+---------------------------
  mx [-0.03918    119.8   -2.833 |     12.2  0.01622   0.4544 ]
  my [  -119.9 -0.07513    2.648 |  0.01622    12.23    1.211 ]
  mz [  0.5643   -5.359   0.1143 |   0.4544    1.211    49.97 ]

  D_TCP [Ns/m, Nms/rad]:
           tx        ty        tz    |    rx        ry        rz
  fx [   231.7 -0.05659   -2.045 | -0.002817   -13.89  0.06529 ]
  fy [-0.05659    169.7   -1.567 |    10.17 -0.000809  -0.4551 ]
  fz [  -2.045   -1.567    113.2 |  -0.1257    0.426 0.003626 ]
     ---------------------------+---------------------------
  mx [-0.002817    10.17  -0.1257 |    1.935 -0.0004258 -0.03659 ]
  my [  -13.89 -0.000809    0.426 | -0.0004258    2.827 -0.03734 ]
  mz [ 0.06529  -0.4551 0.003626 | -0.03659 -0.03734   0.7876 ]

[GATE] Set up finished (still pressing). Press Enter to start the grind (e+Enter stops).

Stop requested with e + Enter. Finishing control loop...

-- joint motion [deg] --------------------------------------------------------
  joint       start    final    delta
  q1            0.8     -0.3     -1.1
  q2           12.1     30.2    +18.1
  q3           -0.5      0.2     +0.7
  q4         -130.9   -129.6     +1.3
  q5           -0.2     -1.0     -0.8
  q6          142.9    157.2    +14.4
  q7           44.7     46.0     +1.3

==============================================================================
  FINAL RESULT
==============================================================================
  p_d              = [    515.7,      -6.9,    -218.6] mm
  p_EE             = [    518.7,      -0.4,      18.6] mm
  e_p              = [     -3.0,      -6.5,    -237.2] mm
  e_R              = [    -0.36,     -1.03,      0.21] deg
------------------------------------------------------------------------------
  position error     237.27 mm
  rotation error     1.11 deg
  csv                logs/surface_grinding_controller_log.csv
------------------------------------------------------------------------------
