
==============================================================================
  SURFACE GRINDING CONTROLLER
==============================================================================
  robot              172.16.0.2
  parameters         /home/hm-panda/Desktop/Thesis_Final_Control/surface_grinding_controller/params
------------------------------------------------------------------------------

==============================================================================
  SURFACE GRINDING CONTROLLER - STARTUP MENU
==============================================================================

-- RUN MODES -----------------------------------------------------------------
  s      Run orientation, approach, setup, and grinding
  h      Cartesian pose hold at the initial posture
  t      Cartesian pose hold with the setup impedance
  g      Start manual guidance from the current robot pose

-- ROBOT PREPARATION ---------------------------------------------------------
  i      Move to the configured initial joint posture

-- GRIPPER AND TOOL ----------------------------------------------------------
  o      Open the gripper
  c      Grasp the tool
  r      Recalibrate the gripper with empty fingers
  f      Pick up the tool from the holder
  b      Return the tool to the holder

-- PROGRAM -------------------------------------------------------------------
  e      Exit
------------------------------------------------------------------------------
  During control: e = stop | m = startup menu | g = guidance
------------------------------------------------------------------------------
Selection [s/h/t/g/i/o/c/r/f/b/e]: 
-- SELECTED MODE: PHASE SEQUENCE ---------------------------------------------

-- moving to q_init ----------------------------------------------------------
  case               saved_qinit
  q1..q7 [deg]     = [0.8, 12.1, -0.5, -130.9, -0.2, 142.9, 44.7] deg
  saved_qinit = [0.014777, 0.210911, -0.009320, -2.284835, -0.002725, 2.493410, 0.780694] rad
  q_init reached.

-- start pose ----------------------------------------------------------------
  q_start          = [0.9, 12.1, -0.5, -130.9, -0.1, 142.9, 44.7] deg
  p_start          = [    531.3,       2.5,     156.9] mm

==============================================================================
  RUN
==============================================================================

-- phase: approach_orient ----------------------------------------------------
  Kp [t1,t2,n]     = [    150.0,     150.0,     150.0] N/m
  Dp [t1,t2,n]     = [    133.7,      94.2,     128.3] Ns/m     auto (factor 1.90)
  KR [t1,t2,n]     = [    180.0,     180.0,      90.0] Nm/rad
  DR [t1,t2,n]     = [     15.3,      25.0,       2.0] Nms/rad  auto (factor 1.90)
orient:     t=  0.0 s | axis_err=  8.5 deg | spin_err=  0.5 deg
orient:     t=  0.2 s | axis_err=  7.2 deg | spin_err=  0.2 deg
orient:     t=  0.4 s | axis_err=  3.3 deg | spin_err=  0.2 deg
orient:     t=  0.6 s | axis_err=  1.1 deg | spin_err=  0.3 deg
orient:     t=  0.8 s | axis_err=  0.9 deg | spin_err=  0.3 deg

Orientation reached: axis_err=0.8 deg | spin_err=0.3 deg

-- phase: approach_descend ---------------------------------------------------
  Kp [t1,t2,n]     = [    150.0,     150.0,     150.0] N/m
  Dp [t1,t2,n]     = [    133.7,      94.2,     128.3] Ns/m     auto (factor 1.90)
  KR [t1,t2,n]     = [    180.0,     180.0,      90.0] Nm/rad
  DR [t1,t2,n]     = [     15.3,      25.0,       2.0] Nms/rad  auto (factor 1.90)
  descend to         20 mm clearance at 0.100 m/s
descend:    t=  0.0 s | distance=   0.1 mm | height=+121.8 mm (target 20.0) | force= -0.0 N
descend:    t=  0.2 s | distance=  20.2 mm | height=+111.0 mm (target 20.0) | force=  1.5 N
descend:    t=  0.4 s | distance=  40.3 mm | height= +95.9 mm (target 20.0) | force=  2.4 N
descend:    t=  0.6 s | distance=  60.4 mm | height= +79.5 mm (target 20.0) | force=  2.7 N
descend:    t=  0.8 s | distance=  80.5 mm | height= +62.2 mm (target 20.0) | force=  2.9 N
descend:    t=  1.0 s | distance= 100.6 mm | height= +45.1 mm (target 20.0) | force=  2.8 N
descend:    t=  1.2 s | distance= 120.7 mm | height= +27.8 mm (target 20.0) | force=  2.8 N

Clearance reached: distance=130.1 mm | height=20.0 mm | target=20.0 mm | force=1.7 N
  offset_ee        = [     20.0,      60.0,      20.0] mm
  p_EE_at_contact  = [    516.5,       1.5,      49.8] mm
  contact_point    = [    534.9,     -55.9,       1.4] mm
  edge_offset      = [     18.4,     -57.4,     -48.5] mm

-- phase: setup --------------------------------------------------------------

-- setup impedance -----------------------------------------------------------
  law                wrench = K_TCP*dx + D_TCP*dv
                     K_TCP  = Ad(r_c)^T * blkdiag(Kp,KR) * Ad(r_c)
  Kp [t1,t2,n]     = [   2000.0,    2000.0,     350.0] N/m
  Dp [t1,t2,n]     = [    231.1,     178.0,     112.1] Ns/m     auto
  KR [t1,t2,n]     = [      5.0,       5.0,      50.0] Nm/rad
  DR [t1,t2,n]     = [      1.5,       1.9,       1.2] Nms/rad  auto
  p_c [EE]         = [      0.0,       0.0,       0.0] mm       commanded in the tool frame
  r_c [t1,t2,n]    = [      0.0,      -0.0,       0.0] mm       p_TCP - p_c, in the plane
setup:     t=  0.0 s | ee=  0.0 deg | F=  0.1 N | M=  0.1 Nm (limit 150.0) | contact= 19.9 mm
setup:     t=  0.2 s | ee=  0.8 deg | F=  1.7 N | M=  1.2 Nm (limit 150.0) | contact=  7.2 mm
setup:     t=  0.4 s | ee=  1.5 deg | F= 20.5 N | M= 10.7 Nm (limit 150.0) | contact=  3.4 mm
setup:     t=  0.6 s | ee=  1.5 deg | F= 16.2 N | M=  9.0 Nm (limit 150.0) | contact=  3.5 mm
setup:     t=  0.8 s | ee=  1.5 deg | F= 21.6 N | M= 11.8 Nm (limit 150.0) | contact=  3.6 mm
setup:     t=  1.0 s | ee=  1.5 deg | F= 27.2 N | M= 14.7 Nm (limit 150.0) | contact=  3.8 mm
setup:     t=  1.2 s | ee=  1.5 deg | F= 32.9 N | M= 17.5 Nm (limit 150.0) | contact=  3.9 mm
setup:     t=  1.4 s | ee=  1.6 deg | F= 38.6 N | M= 20.5 Nm (limit 150.0) | contact=  4.1 mm
setup:     t=  1.6 s | ee=  1.6 deg | F= 44.2 N | M= 23.3 Nm (limit 150.0) | contact=  4.2 mm
setup:     t=  1.8 s | ee=  1.6 deg | F= 50.4 N | M= 26.4 Nm (limit 150.0) | contact=  4.4 mm
setup:     t=  2.0 s | ee=  1.6 deg | F= 55.6 N | M= 29.1 Nm (limit 150.0) | contact=  4.6 mm
setup:     t=  2.2 s | ee=  1.7 deg | F= 61.4 N | M= 32.1 Nm (limit 150.0) | contact=  4.7 mm
setup:     t=  2.4 s | ee=  1.9 deg | F= 66.2 N | M= 34.4 Nm (limit 150.0) | contact=  4.9 mm
setup:     t=  2.6 s | ee=  2.1 deg | F= 73.4 N | M= 38.2 Nm (limit 150.0) | contact=  4.9 mm
setup:     t=  2.8 s | ee=  2.7 deg | F= 75.6 N | M= 39.3 Nm (limit 150.0) | contact=  5.0 mm
setup:     t=  3.0 s | ee=  4.3 deg | F= 80.8 N | M= 42.2 Nm (limit 150.0) | contact=  5.1 mm
setup:     t=  3.2 s | ee=  6.6 deg | F= 86.2 N | M= 45.0 Nm (limit 150.0) | contact=  5.0 mm
setup:     t=  3.4 s | ee=  7.8 deg | F= 80.0 N | M= 41.9 Nm (limit 150.0) | contact=  4.7 mm
setup:     t=  3.6 s | ee=  7.8 deg | F= 80.4 N | M= 42.1 Nm (limit 150.0) | contact=  4.8 mm
setup:     t=  3.8 s | ee=  7.8 deg | F= 80.5 N | M= 42.2 Nm (limit 150.0) | contact=  4.8 mm
setup:     t=  4.0 s | ee=  7.8 deg | F= 80.6 N | M= 42.2 Nm (limit 150.0) | contact=  4.8 mm
setup:     t=  4.2 s | ee=  7.8 deg | F= 80.5 N | M= 42.2 Nm (limit 150.0) | contact=  4.8 mm
setup:     t=  4.4 s | ee=  7.8 deg | F= 80.5 N | M= 42.2 Nm (limit 150.0) | contact=  4.8 mm
setup:     t=  4.6 s | ee=  7.8 deg | F= 80.5 N | M= 42.2 Nm (limit 150.0) | contact=  4.8 mm
setup:     t=  4.8 s | ee=  7.8 deg | F= 80.4 N | M= 42.1 Nm (limit 150.0) | contact=  4.8 mm

==============================================================================
  SETUP RESULT
==============================================================================
  stop: time | t=5.0 s | ee=7.8 deg | F=80.4 N | M=42.1 Nm
  contact_from_start = [-2.4, +1.0, -4.0] mm | norm=4.8 mm
  tcp_from_contact  = [-20.1, +61.3, +17.2] mm | norm=66.8 mm
  deviation: before=9.30 deg | after=2.76 deg | gain=+6.54 deg
  deviation components [t1,t2,n] deg: before=[-9.29,-0.44,+0.00] | after=[-1.73,-2.15,+0.00]

-- setup surface-frame breakdown ---------------------------------------------
  frame              alignment-target [tangent1, tangent2, normal]
  force        [N]      = [    +1.84,     -8.72,    -79.90]
  tcp_disp     [mm]     = [    -1.17,     +4.69,    -31.12]
  contact_disp [mm]     = [    -2.36,     +1.10,     -4.04]
  Kp_eff=F/tcp [N/m]    = [  -1575.3,   -1860.5,    2567.6]
  M_contact    [Nm]     = [    -5.42,    +40.48,     -4.21]
  tip_angle    [deg]    = [    +7.57,     -1.76,     +0.38]
  KR_eff=M/ang [Nm/rad] = [    -41.0,   -1319.7,    -629.9]
  frame              tool face [length, width, tool axis]
  M_contact    [Nm]     = [   -40.28,     +5.62,     +5.63]

-- center of compliance ------------------------------------------------------
  definition         r_c = p_TCP - p_c
  p_TCP [x,y,z]    = [    514.8,       5.4,      18.6] mm
  p_c [EE]         = [     -0.0,      -0.0,      -0.0] mm
  r_c [t1,t2,n]    = [      0.0,       0.0,       0.0] mm
                     p_c resolved at end of setup

-- effective TCP impedance ---------------------------------------------------
  K_TCP translation = [   1999.5,    1998.7,     351.8] N/m
  K_TCP rotation   = [      5.0,       5.0,      50.0] Nm/rad
  commanded KR was = [      5.0,       5.0,      50.0] Nm/rad   including lever contribution
  D_TCP translation = [    231.1,     178.0,     112.2] Ns/m
  D_TCP rotation   = [      1.5,       1.9,       1.2] Nms/rad
  coupling           max |moment per unit translation| = 0.0 Nm/m (K), 0.0 Nms/m (D)
  eigenvalues        K_TCP 5.00 .. 2000 | D_TCP 1.20 .. 231  (both positive: valid springs)

  K_TCP [N/m, Nm/rad | rows fx..mz, cols tx..rz]:
           tx        ty        tz    |    rx        ry        rz
  fx [    2000  -0.7871   -28.44 |        0        0        0 ]
  fy [ -0.7871     1999   -45.62 |        0        0        0 ]
  fz [  -28.44   -45.62    351.8 |        0        0        0 ]
     ---------------------------+---------------------------
  mx [       0        0        0 |    5.013  0.02147   0.7756 ]
  my [       0        0        0 |  0.02147    5.034    1.244 ]
  mz [       0        0        0 |   0.7756    1.244    49.95 ]

  D_TCP [Ns/m, Nms/rad]:
           tx        ty        tz    |    rx        ry        rz
  fx [   231.1 -0.05677   -2.051 |        0        0        0 ]
  fy [-0.05677      178   -1.821 |        0        0        0 ]
  fz [  -2.051   -1.821    112.2 |        0        0        0 ]
     ---------------------------+---------------------------
  mx [       0        0        0 |     1.49 -0.0001371 -0.004953 ]
  my [       0        0        0 | -0.0001371    1.895 -0.01916 ]
  mz [       0        0        0 | -0.004953 -0.01916    1.204 ]

[GATE] Set up finished (still pressing). Press Enter to start the grind (e+Enter stops).

Stop requested with e + Enter. Finishing control loop...

-- joint motion [deg] --------------------------------------------------------
  joint       start    final    delta
  q1            0.9      5.6     +4.8
  q2           12.1     30.3    +18.2
  q3           -0.5     -4.4     -3.8
  q4         -130.9   -128.9     +2.0
  q5           -0.1      4.9     +5.1
  q6          142.9    154.3    +11.5
  q7           44.7     42.8     -1.9

==============================================================================
  FINAL RESULT
==============================================================================
  p_d              = [    512.0,      -5.7,    -210.0] mm
  p_EE             = [    514.8,       5.4,      18.6] mm
  e_p              = [     -2.8,     -11.0,    -228.6] mm
  e_R              = [     7.58,     -1.75,      0.30] deg
------------------------------------------------------------------------------
  position error     228.92 mm
  rotation error     7.78 deg
  csv                logs/surface_grinding_controller_log.csv
------------------------------------------------------------------------------
