
==============================================================================
  SURFACE GRINDING CONTROLLER
==============================================================================
  robot              172.16.0.2
  parameters         /home/hm-panda/Desktop/Thesis_Final_Control/surface_grinding_controller/params
------------------------------------------------------------------------------

==============================================================================
  SURFACE GRINDING CONTROLLER - STARTUP MENU
==============================================================================

-- RUN MODES -----------------------------------------------------------------
  s      Run orientation, approach, setup, and grinding
  h      Cartesian pose hold at the initial posture
  t      Cartesian pose hold with the setup impedance
  g      Start manual guidance from the current robot pose

-- ROBOT PREPARATION ---------------------------------------------------------
  i      Move to the configured initial joint posture

-- GRIPPER AND TOOL ----------------------------------------------------------
  o      Open the gripper
  c      Grasp the tool
  r      Recalibrate the gripper with empty fingers
  f      Pick up the tool from the holder
  b      Return the tool to the holder

-- PROGRAM -------------------------------------------------------------------
  e      Exit
------------------------------------------------------------------------------
  During control: e = stop | m = startup menu | g = guidance
------------------------------------------------------------------------------
Selection [s/h/t/g/i/o/c/r/f/b/e]: 
-- SELECTED MODE: PHASE SEQUENCE ---------------------------------------------

-- moving to q_init ----------------------------------------------------------
  case               saved_qinit
  q1..q7 [deg]     = [0.8, 12.1, -0.5, -130.9, -0.2, 142.9, 44.7] deg
  saved_qinit = [0.014777, 0.210911, -0.009320, -2.284835, -0.002725, 2.493410, 0.780694] rad
  q_init reached.

-- start pose ----------------------------------------------------------------
  q_start          = [0.8, 12.1, -0.5, -130.9, -0.2, 142.9, 44.7] deg
  p_start          = [    531.4,       2.4,     156.9] mm

==============================================================================
  RUN
==============================================================================

-- phase: approach_orient ----------------------------------------------------
  Kp [t1,t2,n]     = [    150.0,     150.0,     150.0] N/m
  Dp [t1,t2,n]     = [    133.7,      94.2,     128.3] Ns/m     auto (factor 1.90)
  KR [t1,t2,n]     = [    180.0,     180.0,      90.0] Nm/rad
  DR [t1,t2,n]     = [     15.3,      25.0,       2.0] Nms/rad  auto (factor 1.90)
orient:     t=  0.0 s | axis_err= 12.0 deg | spin_err=  0.9 deg
orient:     t=  0.2 s | axis_err= 10.4 deg | spin_err=  0.9 deg
orient:     t=  0.4 s | axis_err=  6.6 deg | spin_err=  0.6 deg
orient:     t=  0.6 s | axis_err=  2.7 deg | spin_err=  0.3 deg
orient:     t=  0.8 s | axis_err=  1.0 deg | spin_err=  0.2 deg

Orientation reached: axis_err=0.8 deg | spin_err=0.2 deg

-- phase: approach_descend ---------------------------------------------------
  Kp [t1,t2,n]     = [    150.0,     150.0,     150.0] N/m
  Dp [t1,t2,n]     = [    133.7,      94.2,     128.3] Ns/m     auto (factor 1.90)
  KR [t1,t2,n]     = [    180.0,     180.0,      90.0] Nm/rad
  DR [t1,t2,n]     = [     15.3,      25.0,       2.0] Nms/rad  auto (factor 1.90)
  descend to         20 mm clearance at 0.100 m/s
descend:    t=  0.0 s | distance=   0.1 mm | height=+120.9 mm (target 20.0) | force=  0.0 N
descend:    t=  0.2 s | distance=  20.2 mm | height=+110.7 mm (target 20.0) | force=  1.2 N
descend:    t=  0.4 s | distance=  40.3 mm | height= +95.9 mm (target 20.0) | force=  2.3 N
descend:    t=  0.6 s | distance=  60.4 mm | height= +80.0 mm (target 20.0) | force=  2.0 N
descend:    t=  0.8 s | distance=  80.5 mm | height= +63.5 mm (target 20.0) | force=  1.2 N
descend:    t=  1.0 s | distance= 100.6 mm | height= +47.0 mm (target 20.0) | force=  2.6 N
descend:    t=  1.2 s | distance= 120.7 mm | height= +30.3 mm (target 20.0) | force=  1.6 N

Clearance reached: distance=133.3 mm | height=20.0 mm | target=20.0 mm | force=1.5 N
  offset_ee        = [     20.0,     -60.0,      20.0] mm
  p_EE_at_contact  = [    516.0,      -0.7,      50.7] mm
  contact_point    = [    534.4,      53.5,      -1.7] mm
  edge_offset      = [     18.4,      54.2,     -52.4] mm

-- phase: setup --------------------------------------------------------------

-- setup impedance -----------------------------------------------------------
  law                wrench = K_TCP*dx + D_TCP*dv
                     K_TCP  = Ad(r_c)^T * blkdiag(Kp,KR) * Ad(r_c)
  Kp [t1,t2,n]     = [   2000.0,    2000.0,     350.0] N/m
  Dp [t1,t2,n]     = [    234.3,     174.6,     111.3] Ns/m     auto
  KR [t1,t2,n]     = [      5.0,       5.0,      50.0] Nm/rad
  DR [t1,t2,n]     = [      1.3,       2.0,       1.3] Nms/rad  auto
  p_c [EE]         = [     -0.0,      80.0,      -0.0] mm       commanded in the tool frame
  r_c [t1,t2,n]    = [      0.0,      78.8,     -13.5] mm       p_TCP - p_c, in the plane
setup:     t=  0.0 s | ee=  0.0 deg | F=  0.0 N | M=  0.0 Nm (limit 150.0) | contact= 19.9 mm
setup:     t=  0.2 s | ee=  0.9 deg | F=  1.3 N | M=  0.8 Nm (limit 150.0) | contact=  7.0 mm
setup:     t=  0.4 s | ee=  1.3 deg | F= 13.0 N | M=  0.9 Nm (limit 150.0) | contact=  2.1 mm
setup:     t=  0.6 s | ee=  1.3 deg | F= 16.5 N | M=  0.8 Nm (limit 150.0) | contact=  2.0 mm
setup:     t=  0.8 s | ee=  1.3 deg | F= 22.3 N | M=  0.8 Nm (limit 150.0) | contact=  2.0 mm
setup:     t=  1.0 s | ee=  1.4 deg | F= 27.4 N | M=  0.8 Nm (limit 150.0) | contact=  2.0 mm
setup:     t=  1.2 s | ee=  1.9 deg | F= 32.4 N | M=  0.8 Nm (limit 150.0) | contact=  2.0 mm
setup:     t=  1.4 s | ee=  2.7 deg | F= 37.6 N | M=  0.8 Nm (limit 150.0) | contact=  2.0 mm
setup:     t=  1.6 s | ee=  3.9 deg | F= 42.5 N | M=  0.8 Nm (limit 150.0) | contact=  1.8 mm
setup:     t=  1.8 s | ee=  6.4 deg | F= 44.4 N | M=  0.9 Nm (limit 150.0) | contact=  1.8 mm
setup:     t=  2.0 s | ee= 10.2 deg | F= 43.8 N | M=  0.8 Nm (limit 150.0) | contact=  2.2 mm
setup:     t=  2.2 s | ee= 11.5 deg | F= 52.4 N | M=  4.6 Nm (limit 150.0) | contact=  2.5 mm
setup:     t=  2.4 s | ee= 11.5 deg | F= 58.2 N | M=  4.7 Nm (limit 150.0) | contact=  2.5 mm
setup:     t=  2.6 s | ee= 11.5 deg | F= 63.4 N | M=  5.0 Nm (limit 150.0) | contact=  2.6 mm
setup:     t=  2.8 s | ee= 11.5 deg | F= 68.8 N | M=  5.2 Nm (limit 150.0) | contact=  2.6 mm
setup:     t=  3.0 s | ee= 11.5 deg | F= 74.2 N | M=  5.5 Nm (limit 150.0) | contact=  2.6 mm
setup:     t=  3.2 s | ee= 11.5 deg | F= 80.0 N | M=  5.8 Nm (limit 150.0) | contact=  2.7 mm
setup:     t=  3.4 s | ee= 11.5 deg | F= 75.1 N | M=  5.6 Nm (limit 150.0) | contact=  2.6 mm
setup:     t=  3.6 s | ee= 11.5 deg | F= 74.7 N | M=  5.6 Nm (limit 150.0) | contact=  2.6 mm
setup:     t=  3.8 s | ee= 11.5 deg | F= 74.8 N | M=  5.5 Nm (limit 150.0) | contact=  2.6 mm
setup:     t=  4.0 s | ee= 11.5 deg | F= 74.6 N | M=  5.5 Nm (limit 150.0) | contact=  2.6 mm
setup:     t=  4.2 s | ee= 11.5 deg | F= 74.6 N | M=  5.5 Nm (limit 150.0) | contact=  2.6 mm
setup:     t=  4.4 s | ee= 11.5 deg | F= 74.6 N | M=  5.5 Nm (limit 150.0) | contact=  2.6 mm
setup:     t=  4.6 s | ee= 11.5 deg | F= 74.5 N | M=  5.5 Nm (limit 150.0) | contact=  2.6 mm
setup:     t=  4.8 s | ee= 11.5 deg | F= 74.4 N | M=  5.5 Nm (limit 150.0) | contact=  2.6 mm

==============================================================================
  SETUP RESULT
==============================================================================
  stop: time | t=5.0 s | ee=11.5 deg | F=74.4 N | M_TCP=5.5 Nm
  contact_from_start = [-1.9, +1.8, +0.0] mm | norm=2.6 mm
  tcp_from_contact  = [-20.4, -58.3, +21.0] mm | norm=65.3 mm
  deviation: before=9.36 deg | after=2.51 deg | gain=+6.85 deg
  t_align: not reached | tolerance=2.00 deg | hold=0.30 s
  deviation components [t1,t2,n] deg: before=[+9.34,-0.59,+0.00] | after=[-2.18,-1.25,+0.00]

-- setup surface-frame breakdown ---------------------------------------------
  frame              alignment-target [tangent1, tangent2, normal]
  force        [N]      = [    +3.72,     +5.88,    -74.12]
  tcp_disp     [mm]     = [    -1.47,     -3.23,    -31.46]
  contact_disp [mm]     = [    -1.89,     +1.82,     +0.02]
  Kp_eff=F/tcp [N/m]    = [  -2528.1,   -1822.3,    2356.3]
  M_contact    [Nm]     = [    +9.74,     -0.01,     +0.14]
  ee_angle     [deg]    = [   -11.52,     -0.66,     -0.12]
  KR_eff=M/ang [Nm/rad] = [    -48.4,       1.2,     -65.8]
  frame              tool face [length, width, tool axis]
  M_contact    [Nm]     = [    +0.03,     -9.73,     -0.36]

-- center of compliance ------------------------------------------------------
  definition         r_c = p_TCP - p_c
  p_TCP [x,y,z]    = [    514.0,      -4.8,      19.4] mm
  p_c [EE]         = [     -0.0,      80.0,       0.0] mm
  r_c [t1,t2,n]    = [     -0.2,      80.0,       2.5] mm
                     p_c resolved at end of setup

-- effective TCP impedance ---------------------------------------------------
  K_TCP translation = [   1999.5,    1998.7,     351.8] N/m
  K_TCP rotation   = [      7.3,       5.0,      62.7] Nm/rad
  commanded KR was = [      5.0,       5.0,      50.0] Nm/rad   including lever contribution
  D_TCP translation = [    234.3,     174.5,     111.4] Ns/m
  D_TCP rotation   = [      2.0,       2.0,       2.8] Nms/rad
  coupling           max |moment per unit translation| = 160.0 Nm/m (K), 18.7 Nms/m (D)
  eigenvalues        K_TCP 4.97 .. 2013 | D_TCP 1.26 .. 236  (both positive: valid springs)

  K_TCP [N/m, Nm/rad | rows fx..mz, cols tx..rz]:
           tx        ty        tz    |    rx        ry        rz
  fx [    2000  -0.7871   -28.44 |    2.275  -0.5964      160 ]
  fy [ -0.7871     1999   -45.62 |     4.25 0.007431   0.2522 ]
  fz [  -28.44   -45.62    351.8 |   -28.15 -0.04693   -2.282 ]
     ---------------------------+---------------------------
  mx [   2.275     4.25   -28.15 |    7.267  0.02522   0.9582 ]
  my [ -0.5964 0.007431 -0.04693 |  0.02522    5.035    1.196 ]
  mz [     160   0.2522   -2.282 |   0.9582    1.196    62.75 ]

  D_TCP [Ns/m, Nms/rad]:
           tx        ty        tz    |    rx        ry        rz
  fx [   234.3 -0.05868    -2.12 |   0.1696 -0.07007    18.74 ]
  fy [-0.05868    174.5   -1.748 |   0.1923 0.0002933  0.02283 ]
  fz [   -2.12   -1.748    111.4 |   -8.913 -0.01693  -0.1699 ]
     ---------------------------+---------------------------
  mx [  0.1696   0.1923   -8.913 |    1.982 0.001379  0.01448 ]
  my [-0.07007 0.0002933 -0.01693 | 0.001379    2.049 -0.02577 ]
  mz [   18.74  0.02283  -0.1699 |  0.01448 -0.02577    2.821 ]

[GATE] Set up finished (still pressing). Press Enter to start the grind (e+Enter stops).

Stop requested with e + Enter. Finishing control loop...

-- joint motion [deg] --------------------------------------------------------
  joint       start    final    delta
  q1            0.8    -10.1    -10.9
  q2           12.1     30.2    +18.1
  q3           -0.5      8.3     +8.8
  q4         -130.9   -129.6     +1.3
  q5           -0.2    -10.0     -9.8
  q6          142.9    155.4    +12.6
  q7           44.7     51.3     +6.6

==============================================================================
  FINAL RESULT
==============================================================================
  p_d              = [    511.6,      -7.9,    -209.1] mm
  p_EE             = [    514.0,      -4.8,      19.4] mm
  e_p              = [     -2.5,      -3.1,    -228.5] mm
  e_R              = [   -11.53,     -0.66,      0.09] deg
------------------------------------------------------------------------------
  position error     228.53 mm
  rotation error     11.54 deg
  csv                logs/surface_grinding_controller_log.csv
------------------------------------------------------------------------------
