
==============================================================================
  SURFACE GRINDING CONTROLLER
==============================================================================
  robot              172.16.0.2
  parameters         /home/hm-panda/Desktop/Thesis_Final_Control/surface_grinding_controller/params
------------------------------------------------------------------------------

==============================================================================
  SURFACE GRINDING CONTROLLER - STARTUP MENU
==============================================================================

-- RUN MODES -----------------------------------------------------------------
  s      Run orientation, approach, setup, and grinding
  h      Cartesian pose hold at the initial posture
  t      Cartesian pose hold with the setup impedance
  g      Start manual guidance from the current robot pose

-- ROBOT PREPARATION ---------------------------------------------------------
  i      Move to the configured initial joint posture

-- GRIPPER AND TOOL ----------------------------------------------------------
  o      Open the gripper
  c      Grasp the tool
  r      Recalibrate the gripper with empty fingers
  f      Pick up the tool from the holder
  b      Return the tool to the holder

-- PROGRAM -------------------------------------------------------------------
  e      Exit
------------------------------------------------------------------------------
  During control: e = stop | m = startup menu | g = guidance
------------------------------------------------------------------------------
Selection [s/h/t/g/i/o/c/r/f/b/e]: 
-- SELECTED MODE: PHASE SEQUENCE ---------------------------------------------

-- moving to q_init ----------------------------------------------------------
  case               saved_qinit
  q1..q7 [deg]     = [0.8, 12.1, -0.5, -130.9, -0.2, 142.9, 44.7] deg
  saved_qinit = [0.014777, 0.210911, -0.009320, -2.284835, -0.002725, 2.493410, 0.780694] rad
  q_init reached.

-- start pose ----------------------------------------------------------------
  q_start          = [0.9, 12.1, -0.5, -130.9, -0.1, 142.9, 44.7] deg
  p_start          = [    531.4,       2.5,     156.8] mm

==============================================================================
  RUN
==============================================================================

-- phase: approach_orient ----------------------------------------------------
  Kp [t1,t2,n]     = [    150.0,     150.0,     150.0] N/m
  Dp [t1,t2,n]     = [    133.7,      94.2,     128.3] Ns/m     auto (factor 1.90)
  KR [t1,t2,n]     = [    180.0,     180.0,      90.0] Nm/rad
  DR [t1,t2,n]     = [     15.3,      25.0,       2.0] Nms/rad  auto (factor 1.90)
orient:     t=  0.0 s | axis_err=  8.5 deg | spin_err=  0.5 deg
orient:     t=  0.2 s | axis_err=  7.2 deg | spin_err=  0.2 deg
orient:     t=  0.4 s | axis_err=  3.3 deg | spin_err=  0.2 deg
orient:     t=  0.6 s | axis_err=  1.0 deg | spin_err=  0.3 deg
orient:     t=  0.8 s | axis_err=  0.8 deg | spin_err=  0.3 deg

Orientation reached: axis_err=0.8 deg | spin_err=0.3 deg

-- phase: approach_descend ---------------------------------------------------
  Kp [t1,t2,n]     = [    150.0,     150.0,     150.0] N/m
  Dp [t1,t2,n]     = [    133.7,      94.2,     128.3] Ns/m     auto (factor 1.90)
  KR [t1,t2,n]     = [    180.0,     180.0,      90.0] Nm/rad
  DR [t1,t2,n]     = [     15.3,      25.0,       2.0] Nms/rad  auto (factor 1.90)
  descend to         20 mm clearance at 0.100 m/s
descend:    t=  0.0 s | distance=   0.1 mm | height=+121.8 mm (target 20.0) | force=  0.0 N
descend:    t=  0.2 s | distance=  20.2 mm | height=+111.3 mm (target 20.0) | force=  1.7 N
descend:    t=  0.4 s | distance=  40.3 mm | height= +96.5 mm (target 20.0) | force=  2.3 N
descend:    t=  0.6 s | distance=  60.4 mm | height= +80.4 mm (target 20.0) | force=  3.2 N
descend:    t=  0.8 s | distance=  80.5 mm | height= +63.4 mm (target 20.0) | force=  2.6 N
descend:    t=  1.0 s | distance= 100.6 mm | height= +46.8 mm (target 20.0) | force=  2.7 N
descend:    t=  1.2 s | distance= 120.7 mm | height= +30.2 mm (target 20.0) | force=  2.5 N

Clearance reached: distance=133.1 mm | height=19.9 mm | target=20.0 mm | force=2.4 N
  offset_ee        = [     20.0,      60.0,      20.0] mm
  p_EE_at_contact  = [    516.7,       1.4,      49.8] mm
  contact_point    = [    535.1,     -56.0,       1.3] mm
  edge_offset      = [     18.4,     -57.4,     -48.5] mm

-- phase: setup --------------------------------------------------------------

-- setup impedance -----------------------------------------------------------
  law                wrench = K_TCP*dx + D_TCP*dv
                     K_TCP  = Ad(r_c)^T * blkdiag(Kp,KR) * Ad(r_c)
  Kp [t1,t2,n]     = [   2000.0,    2000.0,     350.0] N/m
  Dp [t1,t2,n]     = [    231.2,     178.1,     112.1] Ns/m     auto
  KR [t1,t2,n]     = [      5.0,       5.0,      50.0] Nm/rad
  DR [t1,t2,n]     = [      1.5,       1.9,       1.2] Nms/rad  auto
  p_c [EE]         = [      0.0,     -20.0,       0.0] mm       commanded in the tool frame
  r_c [t1,t2,n]    = [     -0.0,     -19.8,      -3.1] mm       p_TCP - p_c, in the plane
setup:     t=  0.0 s | ee=  0.0 deg | F=  0.0 N | M=  0.0 Nm (limit 150.0) | contact= 19.9 mm
setup:     t=  0.2 s | ee=  0.8 deg | F=  1.5 N | M=  0.7 Nm (limit 150.0) | contact=  7.9 mm
setup:     t=  0.4 s | ee=  1.6 deg | F= 15.5 N | M=  0.3 Nm (limit 150.0) | contact=  3.4 mm
setup:     t=  0.6 s | ee=  1.6 deg | F= 16.5 N | M=  0.9 Nm (limit 150.0) | contact=  3.4 mm
setup:     t=  0.8 s | ee=  1.6 deg | F= 21.5 N | M=  0.9 Nm (limit 150.0) | contact=  3.5 mm
setup:     t=  1.0 s | ee=  1.6 deg | F= 27.0 N | M=  0.9 Nm (limit 150.0) | contact=  3.7 mm
setup:     t=  1.2 s | ee=  1.7 deg | F= 32.3 N | M=  0.8 Nm (limit 150.0) | contact=  3.8 mm
setup:     t=  1.4 s | ee=  1.7 deg | F= 37.6 N | M=  0.7 Nm (limit 150.0) | contact=  4.0 mm
setup:     t=  1.6 s | ee=  1.8 deg | F= 43.9 N | M=  0.7 Nm (limit 150.0) | contact=  4.1 mm
setup:     t=  1.8 s | ee=  2.0 deg | F= 48.4 N | M=  0.7 Nm (limit 150.0) | contact=  4.3 mm
setup:     t=  2.0 s | ee=  2.4 deg | F= 54.4 N | M=  0.6 Nm (limit 150.0) | contact=  4.3 mm
setup:     t=  2.2 s | ee=  2.9 deg | F= 58.6 N | M=  0.8 Nm (limit 150.0) | contact=  4.5 mm
setup:     t=  2.4 s | ee=  5.0 deg | F= 61.5 N | M=  1.0 Nm (limit 150.0) | contact=  4.6 mm
setup:     t=  2.6 s | ee=  7.4 deg | F= 66.5 N | M=  1.1 Nm (limit 150.0) | contact=  4.8 mm
setup:     t=  2.8 s | ee=  8.1 deg | F= 73.2 N | M=  3.1 Nm (limit 150.0) | contact=  4.9 mm
setup:     t=  3.0 s | ee=  8.1 deg | F= 78.9 N | M=  2.6 Nm (limit 150.0) | contact=  5.1 mm
setup:     t=  3.2 s | ee=  8.1 deg | F= 84.3 N | M=  2.5 Nm (limit 150.0) | contact=  5.2 mm
setup:     t=  3.4 s | ee=  8.1 deg | F= 79.5 N | M=  2.6 Nm (limit 150.0) | contact=  5.1 mm
setup:     t=  3.6 s | ee=  8.1 deg | F= 79.4 N | M=  2.5 Nm (limit 150.0) | contact=  5.1 mm
setup:     t=  3.8 s | ee=  8.1 deg | F= 79.3 N | M=  2.5 Nm (limit 150.0) | contact=  5.1 mm
setup:     t=  4.0 s | ee=  8.1 deg | F= 79.3 N | M=  2.5 Nm (limit 150.0) | contact=  5.1 mm
setup:     t=  4.2 s | ee=  8.1 deg | F= 79.3 N | M=  2.5 Nm (limit 150.0) | contact=  5.1 mm
setup:     t=  4.4 s | ee=  8.1 deg | F= 79.3 N | M=  2.5 Nm (limit 150.0) | contact=  5.1 mm
setup:     t=  4.6 s | ee=  8.1 deg | F= 79.3 N | M=  2.5 Nm (limit 150.0) | contact=  5.1 mm
setup:     t=  4.8 s | ee=  8.1 deg | F= 79.2 N | M=  2.5 Nm (limit 150.0) | contact=  5.1 mm

==============================================================================
  SETUP RESULT
==============================================================================
  stop: time | t=5.0 s | ee=8.1 deg | F=79.2 N | M_TCP=2.5 Nm
  contact_from_start = [-3.2, +1.4, -3.7] mm | norm=5.1 mm
  tcp_from_contact  = [-20.7, +61.7, +17.6] mm | norm=67.4 mm
  deviation: before=9.33 deg | after=3.26 deg | gain=+6.07 deg
  t_align: not reached | tolerance=2.00 deg | hold=0.30 s
  deviation components [t1,t2,n] deg: before=[-9.32,-0.52,+0.00] | after=[-1.60,-2.84,-0.00]

-- setup surface-frame breakdown ---------------------------------------------
  frame              alignment-target [tangent1, tangent2, normal]
  force        [N]      = [    +3.74,     -9.47,    -78.57]
  tcp_disp     [mm]     = [    -1.75,     +5.09,    -30.75]
  contact_disp [mm]     = [    -3.11,     +1.46,     -3.75]
  Kp_eff=F/tcp [N/m]    = [  -2132.4,   -1860.1,    2555.0]
  M_contact    [Nm]     = [    -6.73,     -0.19,     -0.04]
  ee_angle     [deg]    = [    +7.72,     -2.36,     +0.27]
  KR_eff=M/ang [Nm/rad] = [    -50.0,       4.7,      -8.9]
  frame              tool face [length, width, tool axis]
  M_contact    [Nm]     = [    +0.26,     +6.72,     +0.37]

-- center of compliance ------------------------------------------------------
  definition         r_c = p_TCP - p_c
  p_TCP [x,y,z]    = [    514.4,       5.7,      19.0] mm
  p_c [EE]         = [      0.0,     -20.0,      -0.0] mm
  r_c [t1,t2,n]    = [     -0.2,     -20.0,      -0.4] mm
                     p_c resolved at end of setup

-- effective TCP impedance ---------------------------------------------------
  K_TCP translation = [   1999.5,    1998.7,     351.8] N/m
  K_TCP rotation   = [      5.2,       5.0,      50.8] Nm/rad
  commanded KR was = [      5.0,       5.0,      50.0] Nm/rad   including lever contribution
  D_TCP translation = [    231.2,     178.0,     112.2] Ns/m
  D_TCP rotation   = [      1.5,       1.9,       1.3] Nms/rad
  coupling           max |moment per unit translation| = 40.0 Nm/m (K), 4.6 Nms/m (D)
  eigenvalues        K_TCP 5.00 .. 2001 | D_TCP 1.20 .. 231  (both positive: valid springs)

  K_TCP [N/m, Nm/rad | rows fx..mz, cols tx..rz]:
           tx        ty        tz    |    rx        ry        rz
  fx [    2000  -0.7871   -28.44 |  -0.5688  -0.2714   -39.99 ]
  fy [ -0.7871     1999   -45.62 |  -0.6359 0.008308    0.375 ]
  fz [  -28.44   -45.62    351.8 |    7.028 -0.05929   0.5605 ]
     ---------------------------+---------------------------
  mx [ -0.5688  -0.6359    7.028 |    5.154  0.02028   0.7869 ]
  my [ -0.2714 0.008308 -0.05929 |  0.02028    5.034     1.25 ]
  mz [  -39.99    0.375   0.5605 |   0.7869     1.25    50.75 ]

  D_TCP [Ns/m, Nms/rad]:
           tx        ty        tz    |    rx        ry        rz
  fx [   231.2 -0.05683   -2.053 | -0.04107  -0.0316   -4.623 ]
  fy [-0.05683      178   -1.824 | -0.01186 0.0003357  0.03313 ]
  fz [  -2.053   -1.824    112.2 |    2.243 -0.01987  0.04073 ]
     ---------------------------+---------------------------
  mx [-0.04107 -0.01186    2.243 |    1.535 -0.0005333 -0.004092 ]
  my [ -0.0316 0.0003357 -0.01987 | -0.0005333    1.897 -0.01853 ]
  mz [  -4.623  0.03313  0.04073 | -0.004092 -0.01853    1.298 ]

[GATE] Set up finished (still pressing). Press Enter to start the grind (e+Enter stops).

Stop requested with e + Enter. Finishing control loop...

-- joint motion [deg] --------------------------------------------------------
  joint       start    final    delta
  q1            0.9      5.6     +4.7
  q2           12.1     30.3    +18.2
  q3           -0.5     -4.3     -3.8
  q4         -130.9   -128.5     +2.4
  q5           -0.1      4.5     +4.6
  q6          142.9    153.3    +10.4
  q7           44.7     43.2     -1.5

==============================================================================
  FINAL RESULT
==============================================================================
  p_d              = [    512.3,      -5.8,    -210.0] mm
  p_EE             = [    514.4,       5.7,      19.0] mm
  e_p              = [     -2.2,     -11.4,    -229.0] mm
  e_R              = [     7.73,     -2.36,      0.20] deg
------------------------------------------------------------------------------
  position error     229.26 mm
  rotation error     8.08 deg
  csv                logs/surface_grinding_controller_log.csv
------------------------------------------------------------------------------
