
==============================================================================
  SURFACE GRINDING CONTROLLER
==============================================================================
  robot              172.16.0.2
  parameters         /home/hm-panda/Desktop/Thesis_Final_Control/surface_grinding_controller/params
------------------------------------------------------------------------------

==============================================================================
  SURFACE GRINDING CONTROLLER - STARTUP MENU
==============================================================================

-- RUN MODES -----------------------------------------------------------------
  s      Run orientation, approach, setup, and grinding
  h      Cartesian pose hold at the initial posture
  t      Cartesian pose hold with the setup impedance
  g      Start manual guidance from the current robot pose

-- ROBOT PREPARATION ---------------------------------------------------------
  i      Move to the configured initial joint posture

-- GRIPPER AND TOOL ----------------------------------------------------------
  o      Open the gripper
  c      Grasp the tool
  r      Recalibrate the gripper with empty fingers
  f      Pick up the tool from the holder
  b      Return the tool to the holder

-- PROGRAM -------------------------------------------------------------------
  e      Exit
------------------------------------------------------------------------------
  During control: e = stop | m = startup menu | g = guidance
------------------------------------------------------------------------------
Selection [s/h/t/g/i/o/c/r/f/b/e]: 
-- SELECTED MODE: PHASE SEQUENCE ---------------------------------------------

-- moving to q_init ----------------------------------------------------------
  case               saved_qinit
  q1..q7 [deg]     = [0.8, 12.1, -0.5, -130.9, -0.2, 142.9, 44.7] deg
  saved_qinit = [0.014777, 0.210911, -0.009320, -2.284835, -0.002725, 2.493410, 0.780694] rad
  q_init reached.

-- start pose ----------------------------------------------------------------
  q_start          = [0.8, 12.1, -0.5, -130.9, -0.2, 142.9, 44.7] deg
  p_start          = [    531.4,       2.4,     156.9] mm

==============================================================================
  RUN
==============================================================================

-- phase: approach_orient ----------------------------------------------------
  Kp [t1,t2,n]     = [    150.0,     150.0,     150.0] N/m
  Dp [t1,t2,n]     = [    133.7,      94.2,     128.3] Ns/m     auto (factor 1.90)
  KR [t1,t2,n]     = [    180.0,     180.0,      90.0] Nm/rad
  DR [t1,t2,n]     = [     15.3,      25.0,       2.0] Nms/rad  auto (factor 1.90)
orient:     t=  0.0 s | axis_err= 12.0 deg | spin_err=  0.9 deg
orient:     t=  0.2 s | axis_err= 10.4 deg | spin_err=  0.9 deg
orient:     t=  0.4 s | axis_err=  6.6 deg | spin_err=  0.6 deg
orient:     t=  0.6 s | axis_err=  2.7 deg | spin_err=  0.3 deg
orient:     t=  0.8 s | axis_err=  1.0 deg | spin_err=  0.2 deg

Orientation reached: axis_err=0.8 deg | spin_err=0.2 deg

-- phase: approach_descend ---------------------------------------------------
  Kp [t1,t2,n]     = [    150.0,     150.0,     150.0] N/m
  Dp [t1,t2,n]     = [    133.7,      94.2,     128.3] Ns/m     auto (factor 1.90)
  KR [t1,t2,n]     = [    180.0,     180.0,      90.0] Nm/rad
  DR [t1,t2,n]     = [     15.3,      25.0,       2.0] Nms/rad  auto (factor 1.90)
  descend to         20 mm clearance at 0.100 m/s
descend:    t=  0.0 s | distance=   0.1 mm | height=+120.5 mm (target 20.0) | force=  0.0 N
descend:    t=  0.2 s | distance=  20.2 mm | height=+110.3 mm (target 20.0) | force=  1.9 N
descend:    t=  0.4 s | distance=  40.3 mm | height= +95.5 mm (target 20.0) | force=  3.2 N
descend:    t=  0.6 s | distance=  60.4 mm | height= +79.4 mm (target 20.0) | force=  2.5 N
descend:    t=  0.8 s | distance=  80.5 mm | height= +62.6 mm (target 20.0) | force=  2.5 N
descend:    t=  1.0 s | distance= 100.6 mm | height= +45.8 mm (target 20.0) | force=  3.1 N
descend:    t=  1.2 s | distance= 120.7 mm | height= +29.2 mm (target 20.0) | force=  2.1 N

Clearance reached: distance=132.1 mm | height=20.0 mm | target=20.0 mm | force=2.5 N
  offset_ee        = [     20.0,     -60.0,      20.0] mm
  p_EE_at_contact  = [    515.4,      -1.0,      50.8] mm
  contact_point    = [    533.8,      53.2,      -1.6] mm
  edge_offset      = [     18.4,      54.2,     -52.4] mm

-- phase: setup --------------------------------------------------------------

-- setup impedance -----------------------------------------------------------
  law                wrench = K_TCP*dx + D_TCP*dv
                     K_TCP  = Ad(r_c)^T * blkdiag(Kp,KR) * Ad(r_c)
  Kp [t1,t2,n]     = [   2000.0,    2000.0,     350.0] N/m
  Dp [t1,t2,n]     = [    234.3,     174.6,     111.4] Ns/m     auto
  KR [t1,t2,n]     = [      5.0,       5.0,      50.0] Nm/rad
  DR [t1,t2,n]     = [      1.3,       2.0,       1.3] Nms/rad  auto
  p_c [EE]         = [      0.0,     -10.0,       0.0] mm       commanded in the tool frame
  r_c [t1,t2,n]    = [     -0.0,      -9.9,       1.7] mm       p_TCP - p_c, in the plane
setup:     t=  0.0 s | ee=  0.0 deg | F=  0.2 N | M=  0.0 Nm (limit 150.0) | contact= 19.9 mm
setup:     t=  0.2 s | ee=  0.9 deg | F=  0.8 N | M=  0.6 Nm (limit 150.0) | contact=  7.0 mm
setup:     t=  0.4 s | ee=  1.3 deg | F= 12.5 N | M=  0.9 Nm (limit 150.0) | contact=  1.6 mm
setup:     t=  0.6 s | ee=  1.3 deg | F= 15.6 N | M=  0.8 Nm (limit 150.0) | contact=  1.6 mm
setup:     t=  0.8 s | ee=  1.3 deg | F= 21.2 N | M=  0.9 Nm (limit 150.0) | contact=  1.6 mm
setup:     t=  1.0 s | ee=  1.4 deg | F= 26.8 N | M=  0.9 Nm (limit 150.0) | contact=  1.5 mm
setup:     t=  1.2 s | ee=  1.4 deg | F= 32.7 N | M=  1.0 Nm (limit 150.0) | contact=  1.6 mm
setup:     t=  1.4 s | ee=  1.4 deg | F= 38.4 N | M=  1.2 Nm (limit 150.0) | contact=  1.6 mm
setup:     t=  1.6 s | ee=  1.4 deg | F= 44.2 N | M=  1.3 Nm (limit 150.0) | contact=  1.6 mm
setup:     t=  1.8 s | ee=  1.4 deg | F= 50.0 N | M=  1.6 Nm (limit 150.0) | contact=  1.7 mm
setup:     t=  2.0 s | ee=  1.5 deg | F= 55.7 N | M=  1.7 Nm (limit 150.0) | contact=  1.8 mm
setup:     t=  2.2 s | ee=  1.5 deg | F= 60.6 N | M=  1.8 Nm (limit 150.0) | contact=  1.9 mm
setup:     t=  2.4 s | ee=  1.7 deg | F= 67.2 N | M=  2.2 Nm (limit 150.0) | contact=  2.0 mm
setup:     t=  2.6 s | ee=  1.9 deg | F= 73.2 N | M=  2.2 Nm (limit 150.0) | contact=  2.1 mm
setup:     t=  2.8 s | ee=  2.3 deg | F= 77.9 N | M=  2.4 Nm (limit 150.0) | contact=  2.3 mm
setup:     t=  3.0 s | ee=  2.9 deg | F= 83.2 N | M=  2.6 Nm (limit 150.0) | contact=  2.5 mm
setup:     t=  3.2 s | ee=  3.5 deg | F= 88.3 N | M=  2.8 Nm (limit 150.0) | contact=  2.7 mm
setup:     t=  3.4 s | ee=  4.2 deg | F= 81.1 N | M=  2.5 Nm (limit 150.0) | contact=  2.5 mm
setup:     t=  3.6 s | ee=  5.4 deg | F= 80.6 N | M=  2.3 Nm (limit 150.0) | contact=  2.4 mm
setup:     t=  3.8 s | ee=  7.1 deg | F= 80.7 N | M=  2.4 Nm (limit 150.0) | contact=  2.5 mm
setup:     t=  4.0 s | ee=  8.5 deg | F= 79.9 N | M=  2.4 Nm (limit 150.0) | contact=  2.9 mm
setup:     t=  4.2 s | ee=  9.4 deg | F= 79.9 N | M=  2.3 Nm (limit 150.0) | contact=  3.1 mm
setup:     t=  4.4 s | ee= 10.0 deg | F= 79.9 N | M=  2.2 Nm (limit 150.0) | contact=  3.3 mm
setup:     t=  4.6 s | ee= 10.4 deg | F= 80.2 N | M=  2.2 Nm (limit 150.0) | contact=  3.4 mm
setup:     t=  4.8 s | ee= 10.4 deg | F= 80.3 N | M=  2.2 Nm (limit 150.0) | contact=  3.4 mm

==============================================================================
  SETUP RESULT
==============================================================================
  stop: time | t=5.0 s | ee=10.4 deg | F=80.3 N | M_TCP=2.2 Nm
  contact_from_start = [-2.4, -1.7, -1.7] mm | norm=3.4 mm
  tcp_from_contact  = [-20.2, -61.3, +21.4] mm | norm=68.0 mm
  deviation: before=9.44 deg | after=2.99 deg | gain=+6.45 deg
  t_align: not reached | tolerance=2.00 deg | hold=0.30 s
  deviation components [t1,t2,n] deg: before=[+9.42,-0.55,+0.00] | after=[-0.69,-2.91,+0.00]

-- setup surface-frame breakdown ---------------------------------------------
  frame              alignment-target [tangent1, tangent2, normal]
  force        [N]      = [    +1.53,    +13.99,    -79.08]
  tcp_disp     [mm]     = [    -1.22,     -6.24,    -31.19]
  contact_disp [mm]     = [    -2.39,     -1.63,     -1.75]
  Kp_eff=F/tcp [N/m]    = [  -1248.1,   -2240.1,    2535.6]
  M_contact    [Nm]     = [    +2.48,     -0.52,     -0.48]
  ee_angle     [deg]    = [   -10.12,     -2.38,     -0.09]
  KR_eff=M/ang [Nm/rad] = [    -14.0,      12.6,     325.9]
  frame              tool face [length, width, tool axis]
  M_contact    [Nm]     = [    +0.54,     -2.50,     +0.35]

-- center of compliance ------------------------------------------------------
  definition         r_c = p_TCP - p_c
  p_TCP [x,y,z]    = [    513.6,      -8.1,      19.8] mm
  p_c [EE]         = [      0.0,     -10.0,      -0.0] mm
  r_c [t1,t2,n]    = [      0.0,     -10.0,      -0.1] mm
                     p_c resolved at end of setup

-- effective TCP impedance ---------------------------------------------------
  K_TCP translation = [   1999.5,    1998.7,     351.8] N/m
  K_TCP rotation   = [      5.0,       5.0,      50.2] Nm/rad
  commanded KR was = [      5.0,       5.0,      50.0] Nm/rad   including lever contribution
  D_TCP translation = [    234.2,     174.6,     111.5] Ns/m
  D_TCP rotation   = [      1.3,       2.0,       1.4] Nms/rad
  coupling           max |moment per unit translation| = 20.0 Nm/m (K), 2.3 Nms/m (D)
  eigenvalues        K_TCP 5.00 .. 2000 | D_TCP 1.27 .. 234  (both positive: valid springs)

  K_TCP [N/m, Nm/rad | rows fx..mz, cols tx..rz]:
           tx        ty        tz    |    rx        ry        rz
  fx [    2000  -0.7871   -28.44 |  -0.2845  -0.4399   -19.99 ]
  fy [ -0.7871     1999   -45.62 | -0.01747 -0.001672 -0.07295 ]
  fz [  -28.44   -45.62    351.8 |    3.507  0.02046   0.2862 ]
     ---------------------------+---------------------------
  mx [ -0.2845 -0.01747    3.507 |    5.048  0.02167   0.7784 ]
  my [ -0.4399 -0.001672  0.02046 |  0.02167    5.035    1.249 ]
  mz [  -19.99 -0.07295   0.2862 |   0.7784    1.249    50.15 ]

  D_TCP [Ns/m, Nms/rad]:
           tx        ty        tz    |    rx        ry        rz
  fx [   234.2 -0.05861   -2.118 | -0.02118 -0.05149   -2.342 ]
  fy [-0.05861    174.6   -1.747 |  0.02084 -5.779e-05 -0.006472 ]
  fz [  -2.118   -1.747    111.5 |    1.114 0.004972  0.02124 ]
     ---------------------------+---------------------------
  mx [-0.02118  0.02084    1.114 |    1.281 7.681e-05  0.00119 ]
  my [-0.05149 -5.779e-05 0.004972 | 7.681e-05    2.048 -0.01944 ]
  mz [  -2.342 -0.006472  0.02124 |  0.00119 -0.01944    1.351 ]

[GATE] Set up finished (still pressing). Press Enter to start the grind (e+Enter stops).

Stop requested with e + Enter. Finishing control loop...

-- joint motion [deg] --------------------------------------------------------
  joint       start    final    delta
  q1            0.8     -8.6     -9.5
  q2           12.1     30.3    +18.2
  q3           -0.5      6.9     +7.4
  q4         -130.9   -128.5     +2.4
  q5           -0.2    -11.0    -10.8
  q6          142.9    152.8     +9.9
  q7           44.7     52.4     +7.6

==============================================================================
  FINAL RESULT
==============================================================================
  p_d              = [    510.9,      -8.2,    -209.0] mm
  p_EE             = [    513.6,      -8.1,      19.8] mm
  e_p              = [     -2.7,      -0.1,    -228.8] mm
  e_R              = [   -10.12,     -2.37,      0.16] deg
------------------------------------------------------------------------------
  position error     228.86 mm
  rotation error     10.40 deg
  csv                logs/surface_grinding_controller_log.csv
------------------------------------------------------------------------------
