
==============================================================================
  SURFACE GRINDING CONTROLLER
==============================================================================
  robot              172.16.0.2
  parameters         /home/hm-panda/Desktop/Thesis_Final_Control/surface_grinding_controller/params
------------------------------------------------------------------------------

==============================================================================
  SURFACE GRINDING CONTROLLER - STARTUP MENU
==============================================================================

-- RUN MODES -----------------------------------------------------------------
  s      Run orientation, approach, setup, and grinding
  h      Cartesian pose hold at the initial posture
  t      Cartesian pose hold with the setup impedance
  g      Start manual guidance from the current robot pose

-- ROBOT PREPARATION ---------------------------------------------------------
  i      Move to the configured initial joint posture

-- GRIPPER AND TOOL ----------------------------------------------------------
  o      Open the gripper
  c      Grasp the tool
  r      Recalibrate the gripper with empty fingers
  f      Pick up the tool from the holder
  b      Return the tool to the holder

-- PROGRAM -------------------------------------------------------------------
  e      Exit
------------------------------------------------------------------------------
  During control: e = stop | m = startup menu | g = guidance
------------------------------------------------------------------------------
Selection [s/h/t/g/i/o/c/r/f/b/e]: 
-- SELECTED MODE: PHASE SEQUENCE ---------------------------------------------

-- moving to q_init ----------------------------------------------------------
  case               saved_qinit
  q1..q7 [deg]     = [0.8, 12.1, -0.5, -130.9, -0.2, 142.9, 44.7] deg
  saved_qinit = [0.014777, 0.210911, -0.009320, -2.284835, -0.002725, 2.493410, 0.780694] rad
  q_init reached.

-- start pose ----------------------------------------------------------------
  q_start          = [0.8, 12.1, -0.5, -130.9, -0.1, 142.8, 44.7] deg
  p_start          = [    531.2,       2.4,     156.8] mm

==============================================================================
  RUN
==============================================================================

-- phase: approach_orient ----------------------------------------------------
  Kp [t1,t2,n]     = [    150.0,     150.0,     150.0] N/m
  Dp [t1,t2,n]     = [    133.7,      94.2,     128.3] Ns/m     auto (factor 1.90)
  KR [t1,t2,n]     = [     90.0,      90.0,      90.0] Nm/rad
  DR [t1,t2,n]     = [     10.8,      17.7,       2.0] Nms/rad  auto (factor 1.90)
orient:     t=  0.0 s | axis_err=  6.0 deg | spin_err=  0.6 deg
orient:     t=  0.2 s | axis_err=  5.1 deg | spin_err=  0.3 deg
orient:     t=  0.4 s | axis_err=  3.1 deg | spin_err=  0.0 deg
orient:     t=  0.6 s | axis_err=  2.1 deg | spin_err=  0.0 deg

Orientation reached: axis_err=2.0 deg | spin_err=0.0 deg

-- phase: approach_descend ---------------------------------------------------
  Kp [t1,t2,n]     = [    150.0,     150.0,     150.0] N/m
  Dp [t1,t2,n]     = [    133.7,      94.2,     128.3] Ns/m     auto (factor 1.90)
  KR [t1,t2,n]     = [     90.0,      90.0,      90.0] Nm/rad
  DR [t1,t2,n]     = [     10.8,      17.7,       2.0] Nms/rad  auto (factor 1.90)
  descend to         20 mm clearance at 0.100 m/s
descend:    t=  0.0 s | distance=   0.1 mm | height=+128.7 mm (target 20.0) | force= -0.0 N
descend:    t=  0.2 s | distance=  20.1 mm | height=+116.3 mm (target 20.0) | force=  0.7 N
descend:    t=  0.4 s | distance=  40.2 mm | height= +99.5 mm (target 20.0) | force=  2.0 N
descend:    t=  0.6 s | distance=  60.3 mm | height= +82.3 mm (target 20.0) | force=  1.8 N
descend:    t=  0.8 s | distance=  80.4 mm | height= +65.0 mm (target 20.0) | force=  2.2 N
descend:    t=  1.0 s | distance= 100.5 mm | height= +47.7 mm (target 20.0) | force=  2.5 N
descend:    t=  1.2 s | distance= 120.6 mm | height= +30.2 mm (target 20.0) | force=  3.0 N

Clearance reached: distance=132.4 mm | height=19.9 mm | target=20.0 mm | force=2.8 N
  offset_ee        = [     20.0,      60.0,      20.0] mm
  p_EE_at_contact  = [    507.5,       0.7,      43.2] mm
  contact_point    = [    524.7,     -60.0,       1.6] mm
  edge_offset      = [     17.2,     -60.7,     -41.6] mm

-- phase: setup --------------------------------------------------------------

-- setup impedance -----------------------------------------------------------
  law                wrench = K_TCP*dx + D_TCP*dv
                     K_TCP  = Ad(r_c)^T * blkdiag(Kp,KR) * Ad(r_c)
  Kp [t1,t2,n]     = [   2000.0,    2000.0,     350.0] N/m
  Dp [t1,t2,n]     = [    233.7,     173.4,     112.1] Ns/m     auto
  KR [t1,t2,n]     = [      5.0,       5.0,      50.0] Nm/rad
  DR [t1,t2,n]     = [      1.3,       2.1,       0.9] Nms/rad  auto
  p_c [EE]         = [     60.0,      -0.0,      -0.0] mm       commanded in the tool frame
  r_c [t1,t2,n]    = [    -59.7,       0.0,       5.5] mm       p_TCP - p_c, in the plane
setup:     t=  0.0 s | tip=  0.0 deg | F=  0.0 N | M=  0.0 Nm (limit 150.0) | contact= 19.8 mm
setup:     t=  0.2 s | tip=  0.6 deg | F=  0.2 N | M=  0.3 Nm (limit 150.0) | contact=  7.3 mm
setup:     t=  0.4 s | tip=  1.4 deg | F=  8.9 N | M=  4.4 Nm (limit 150.0) | contact=  3.8 mm
setup:     t=  0.6 s | tip=  1.5 deg | F= 14.3 N | M=  8.2 Nm (limit 150.0) | contact=  3.8 mm
setup:     t=  0.8 s | tip=  1.5 deg | F= 19.8 N | M= 11.1 Nm (limit 150.0) | contact=  3.9 mm
setup:     t=  1.0 s | tip=  1.5 deg | F= 25.5 N | M= 14.1 Nm (limit 150.0) | contact=  4.1 mm
setup:     t=  1.2 s | tip=  1.6 deg | F= 30.8 N | M= 16.9 Nm (limit 150.0) | contact=  4.3 mm
setup:     t=  1.4 s | tip=  1.9 deg | F= 35.7 N | M= 19.6 Nm (limit 150.0) | contact=  4.6 mm
setup:     t=  1.6 s | tip=  2.3 deg | F= 41.7 N | M= 22.8 Nm (limit 150.0) | contact=  5.2 mm
setup:     t=  1.8 s | tip=  3.1 deg | F= 46.8 N | M= 25.4 Nm (limit 150.0) | contact=  5.8 mm
setup:     t=  2.0 s | tip=  4.6 deg | F= 50.7 N | M= 27.7 Nm (limit 150.0) | contact=  6.7 mm
setup:     t=  2.2 s | tip=  6.7 deg | F= 56.4 N | M= 30.8 Nm (limit 150.0) | contact=  7.7 mm
setup:     t=  2.4 s | tip=  8.8 deg | F= 61.3 N | M= 33.0 Nm (limit 150.0) | contact=  8.6 mm
setup:     t=  2.6 s | tip= 11.0 deg | F= 64.6 N | M= 35.2 Nm (limit 150.0) | contact=  9.8 mm
setup:     t=  2.8 s | tip= 12.8 deg | F= 71.6 N | M= 39.1 Nm (limit 150.0) | contact= 10.2 mm
setup:     t=  3.0 s | tip= 14.5 deg | F= 74.7 N | M= 40.0 Nm (limit 150.0) | contact= 11.1 mm
setup:     t=  3.2 s | tip= 16.2 deg | F= 80.3 N | M= 43.2 Nm (limit 150.0) | contact= 12.1 mm
setup:     t=  3.4 s | tip= 17.2 deg | F= 76.2 N | M= 41.2 Nm (limit 150.0) | contact= 12.0 mm
setup:     t=  3.6 s | tip= 17.5 deg | F= 75.7 N | M= 40.5 Nm (limit 150.0) | contact= 12.2 mm
setup:     t=  3.8 s | tip= 17.5 deg | F= 75.6 N | M= 40.4 Nm (limit 150.0) | contact= 12.2 mm
setup:     t=  4.0 s | tip= 17.5 deg | F= 75.5 N | M= 40.4 Nm (limit 150.0) | contact= 12.2 mm
setup:     t=  4.2 s | tip= 17.5 deg | F= 75.6 N | M= 40.4 Nm (limit 150.0) | contact= 12.2 mm
setup:     t=  4.4 s | tip= 17.5 deg | F= 75.6 N | M= 40.4 Nm (limit 150.0) | contact= 12.2 mm
setup:     t=  4.6 s | tip= 17.5 deg | F= 75.5 N | M= 40.4 Nm (limit 150.0) | contact= 12.2 mm
setup:     t=  4.8 s | tip= 17.5 deg | F= 75.7 N | M= 40.4 Nm (limit 150.0) | contact= 12.2 mm

==============================================================================
  SETUP RESULT
==============================================================================
  stop: time | t=5.0 s | tip=17.5 deg | F=75.4 N | M=40.3 Nm
  contact_from_start = [-6.8, -0.7, -10.1] mm | norm=12.2 mm
  tcp_from_contact  = [-16.6, +59.5, +16.1] mm | norm=63.8 mm
  alignment: before=5.38 deg | after=22.76 deg | gain=-17.39 deg
  alignment components [t1,t2,n] deg: before=[-1.23,-5.23,+0.00] | after=[-1.53,-22.71,+0.00]

-- setup surface-frame breakdown ---------------------------------------------
  frame              alignment-target [tangent1, tangent2, normal]
  force        [N]      = [    +9.28,     +1.07,    -74.86]
  tcp_disp     [mm]     = [    +1.03,     -0.56,    -25.52]
  contact_disp [mm]     = [    -6.62,     -0.39,    -10.26]
  Kp_eff=F/tcp [N/m]    = [   9019.4,   -1887.1,    2933.6]
  M_contact    [Nm]     = [    -4.22,    +39.78,     -0.14]
  tip_angle    [deg]    = [    -0.30,    -17.48,     -0.14]
  KR_eff=M/ang [Nm/rad] = [    793.8,    -130.4,      59.8]
  frame              tool face [length, width, tool axis]
  M_contact    [Nm]     = [   -39.73,     +3.72,     +2.80]

-- center of compliance ------------------------------------------------------
  definition         r_c = p_TCP - p_c
  p_TCP [x,y,z]    = [    508.1,      -0.6,      17.7] mm
  p_c [EE]         = [     60.0,      -0.0,      -0.0] mm
  r_c [t1,t2,n]    = [    -55.3,      -0.2,      23.2] mm
                     p_c resolved at end of setup

-- effective TCP impedance ---------------------------------------------------
  K_TCP translation = [   1999.5,    1998.7,     351.8] N/m
  K_TCP rotation   = [      6.2,       7.2,      56.0] Nm/rad
  commanded KR was = [      5.0,       5.0,      50.0] Nm/rad   including lever contribution
  D_TCP translation = [    233.7,     173.4,     112.2] Ns/m
  D_TCP rotation   = [      1.4,       2.5,       1.4] Nms/rad
  coupling           max |moment per unit translation| = 109.8 Nm/m (K), 9.5 Nms/m (D)
  eigenvalues        K_TCP 4.98 .. 2007 | D_TCP 0.89 .. 234  (both positive: valid springs)

  K_TCP [N/m, Nm/rad | rows fx..mz, cols tx..rz]:
           tx        ty        tz    |    rx        ry        rz
  fx [    2000  -0.7871   -28.44 | -0.005147   -46.65   0.9293 ]
  fy [ -0.7871     1999   -45.62 |    48.22    2.525    109.8 ]
  fz [  -28.44   -45.62    351.8 |   -1.271   -18.64    -2.52 ]
     ---------------------------+---------------------------
  mx [-0.005147    48.22   -1.271 |    6.177  0.09142    3.425 ]
  my [  -46.65    2.525   -18.64 |  0.09142    7.183     1.36 ]
  mz [  0.9293    109.8    -2.52 |    3.425     1.36    55.99 ]

  D_TCP [Ns/m, Nms/rad]:
           tx        ty        tz    |    rx        ry        rz
  fx [   233.7   -0.058   -2.096 | -0.0003793   -5.519   0.1105 ]
  fy [  -0.058    173.4   -1.694 |    4.181  0.09446    9.524 ]
  fz [  -2.096   -1.694    112.2 | -0.09542   -6.114 -0.09408 ]
     ---------------------------+---------------------------
  mx [-0.0003793    4.181 -0.09542 |    1.401 0.005059   0.2227 ]
  my [  -5.519  0.09446   -6.114 | 0.005059    2.537  -0.0299 ]
  mz [  0.1105    9.524 -0.09408 |   0.2227  -0.0299    1.421 ]

[GATE] Set up finished (still pressing). Press Enter to start the grind (e+Enter stops).

Stop requested with e + Enter. Finishing control loop...

-- joint motion [deg] --------------------------------------------------------
  joint       start    final    delta
  q1            0.8     -0.1     -0.9
  q2           12.1     36.0    +23.8
  q3           -0.5      0.0     +0.5
  q4         -130.9   -114.8    +16.1
  q5           -0.1      0.0     +0.1
  q6          142.8    127.0    -15.8
  q7           44.7     45.4     +0.6

==============================================================================
  FINAL RESULT
==============================================================================
  p_d              = [    503.0,      -6.5,    -216.6] mm
  p_EE             = [    508.1,      -0.6,      17.7] mm
  e_p              = [     -5.1,      -5.9,    -234.3] mm
  e_R              = [    -0.31,    -17.47,      0.35] deg
------------------------------------------------------------------------------
  position error     234.40 mm
  rotation error     17.48 deg
  csv                logs/surface_grinding_controller_log.csv
------------------------------------------------------------------------------
