
==============================================================================
  SURFACE GRINDING CONTROLLER
==============================================================================
  robot              172.16.0.2
  parameters         /home/hm-panda/Desktop/Thesis_Final_Control/surface_grinding_controller/params
------------------------------------------------------------------------------

==============================================================================
  SURFACE GRINDING CONTROLLER - STARTUP MENU
==============================================================================

-- RUN MODES -----------------------------------------------------------------
  s      Run orientation, approach, setup, and grinding
  h      Cartesian pose hold at the initial posture
  t      Cartesian pose hold with the setup impedance
  g      Start manual guidance from the current robot pose

-- ROBOT PREPARATION ---------------------------------------------------------
  i      Move to the configured initial joint posture

-- GRIPPER AND TOOL ----------------------------------------------------------
  o      Open the gripper
  c      Grasp the tool
  r      Recalibrate the gripper with empty fingers
  f      Pick up the tool from the holder
  b      Return the tool to the holder

-- PROGRAM -------------------------------------------------------------------
  e      Exit
------------------------------------------------------------------------------
  During control: e = stop | m = startup menu | g = guidance
------------------------------------------------------------------------------
Selection [s/h/t/g/i/o/c/r/f/b/e]: 
-- SELECTED MODE: PHASE SEQUENCE ---------------------------------------------

-- moving to q_init ----------------------------------------------------------
  case               saved_qinit
  q1..q7 [deg]     = [0.8, 12.1, -0.5, -130.9, -0.2, 142.9, 44.7] deg
  saved_qinit = [0.014777, 0.210911, -0.009320, -2.284835, -0.002725, 2.493410, 0.780694] rad
  q_init reached.

-- start pose ----------------------------------------------------------------
  q_start          = [0.8, 12.1, -0.5, -130.9, -0.2, 142.9, 44.7] deg
  p_start          = [    531.3,       2.4,     156.8] mm

==============================================================================
  RUN
==============================================================================

-- phase: approach_orient ----------------------------------------------------
  Kp [t1,t2,n]     = [    150.0,     150.0,     150.0] N/m
  Dp [t1,t2,n]     = [    133.7,      94.2,     128.3] Ns/m     auto (factor 1.90)
  KR [t1,t2,n]     = [     90.0,      90.0,      90.0] Nm/rad
  DR [t1,t2,n]     = [     10.8,      17.7,       2.0] Nms/rad  auto (factor 1.90)
orient:     t=  0.0 s | axis_err=  6.0 deg | spin_err=  0.7 deg
orient:     t=  0.2 s | axis_err=  5.2 deg | spin_err=  0.3 deg
orient:     t=  0.4 s | axis_err=  3.1 deg | spin_err=  0.0 deg
orient:     t=  0.6 s | axis_err=  2.2 deg | spin_err=  0.0 deg

Orientation reached: axis_err=2.0 deg | spin_err=0.1 deg

-- phase: approach_descend ---------------------------------------------------
  Kp [t1,t2,n]     = [    150.0,     150.0,     150.0] N/m
  Dp [t1,t2,n]     = [    133.7,      94.2,     128.3] Ns/m     auto (factor 1.90)
  KR [t1,t2,n]     = [     90.0,      90.0,      90.0] Nm/rad
  DR [t1,t2,n]     = [     10.8,      17.7,       2.0] Nms/rad  auto (factor 1.90)
  descend to         20 mm clearance at 0.100 m/s
descend:    t=  0.0 s | distance=   0.1 mm | height=+127.7 mm (target 20.0) | force= -0.0 N
descend:    t=  0.2 s | distance=  20.1 mm | height=+115.3 mm (target 20.0) | force=  1.3 N
descend:    t=  0.4 s | distance=  40.2 mm | height= +98.9 mm (target 20.0) | force=  2.6 N
descend:    t=  0.6 s | distance=  60.3 mm | height= +81.6 mm (target 20.0) | force=  1.6 N
descend:    t=  0.8 s | distance=  80.4 mm | height= +64.1 mm (target 20.0) | force=  2.0 N
descend:    t=  1.0 s | distance= 100.5 mm | height= +46.2 mm (target 20.0) | force=  1.5 N
descend:    t=  1.2 s | distance= 120.6 mm | height= +28.6 mm (target 20.0) | force=  2.5 N

Clearance reached: distance=130.4 mm | height=19.9 mm | target=20.0 mm | force=2.6 N
  offset_ee        = [     20.0,      60.0,      20.0] mm
  p_EE_at_contact  = [    507.5,       0.8,      43.0] mm
  contact_point    = [    524.7,     -60.0,       1.6] mm
  edge_offset      = [     17.3,     -60.8,     -41.4] mm

-- phase: setup --------------------------------------------------------------

-- setup impedance -----------------------------------------------------------
  law                wrench = K_TCP*dx + D_TCP*dv
                     K_TCP  = Ad(r_c)^T * blkdiag(Kp,KR) * Ad(r_c)
  Kp [t1,t2,n]     = [   2000.0,    2000.0,     350.0] N/m
  Dp [t1,t2,n]     = [    233.7,     173.3,     112.2] Ns/m     auto
  KR [t1,t2,n]     = [      5.0,       5.0,      50.0] Nm/rad
  DR [t1,t2,n]     = [      1.3,       2.1,       0.9] Nms/rad  auto
  p_c [EE]         = [     -0.0,       0.0,      60.0] mm       commanded in the tool frame
  r_c [t1,t2,n]    = [      5.4,      -1.1,      59.7] mm       p_TCP - p_c, in the plane
setup:     t=  0.0 s | tip=  0.0 deg | F=  0.0 N | M=  0.0 Nm (limit 150.0) | contact= 19.9 mm
setup:     t=  0.2 s | tip=  0.5 deg | F=  0.9 N | M=  0.6 Nm (limit 150.0) | contact=  7.0 mm
setup:     t=  0.4 s | tip=  1.1 deg | F= 19.0 N | M=  9.8 Nm (limit 150.0) | contact=  2.7 mm
setup:     t=  0.6 s | tip=  1.1 deg | F= 14.5 N | M=  7.9 Nm (limit 150.0) | contact=  2.7 mm
setup:     t=  0.8 s | tip=  1.2 deg | F= 19.8 N | M= 10.5 Nm (limit 150.0) | contact=  3.0 mm
setup:     t=  1.0 s | tip=  1.2 deg | F= 25.5 N | M= 13.5 Nm (limit 150.0) | contact=  3.2 mm
setup:     t=  1.2 s | tip=  1.2 deg | F= 31.1 N | M= 16.3 Nm (limit 150.0) | contact=  3.5 mm
setup:     t=  1.4 s | tip=  1.2 deg | F= 36.5 N | M= 18.9 Nm (limit 150.0) | contact=  3.8 mm
setup:     t=  1.6 s | tip=  1.2 deg | F= 41.8 N | M= 21.5 Nm (limit 150.0) | contact=  4.2 mm
setup:     t=  1.8 s | tip=  1.3 deg | F= 47.9 N | M= 24.6 Nm (limit 150.0) | contact=  4.4 mm
setup:     t=  2.0 s | tip=  1.3 deg | F= 53.4 N | M= 27.4 Nm (limit 150.0) | contact=  4.6 mm
setup:     t=  2.2 s | tip=  1.3 deg | F= 59.0 N | M= 30.2 Nm (limit 150.0) | contact=  4.7 mm
setup:     t=  2.4 s | tip=  1.3 deg | F= 64.9 N | M= 33.1 Nm (limit 150.0) | contact=  4.9 mm
setup:     t=  2.6 s | tip=  1.3 deg | F= 70.5 N | M= 35.9 Nm (limit 150.0) | contact=  5.1 mm
setup:     t=  2.8 s | tip=  1.3 deg | F= 75.7 N | M= 38.6 Nm (limit 150.0) | contact=  5.2 mm
setup:     t=  3.0 s | tip=  1.3 deg | F= 80.9 N | M= 41.2 Nm (limit 150.0) | contact=  5.4 mm
setup:     t=  3.2 s | tip=  1.3 deg | F= 86.4 N | M= 43.9 Nm (limit 150.0) | contact=  5.5 mm
setup:     t=  3.4 s | tip=  1.3 deg | F= 82.1 N | M= 41.6 Nm (limit 150.0) | contact=  5.4 mm
setup:     t=  3.6 s | tip=  1.3 deg | F= 81.8 N | M= 41.4 Nm (limit 150.0) | contact=  5.4 mm
setup:     t=  3.8 s | tip=  1.3 deg | F= 81.7 N | M= 41.4 Nm (limit 150.0) | contact=  5.4 mm
setup:     t=  4.0 s | tip=  1.3 deg | F= 81.5 N | M= 41.3 Nm (limit 150.0) | contact=  5.4 mm
setup:     t=  4.2 s | tip=  1.3 deg | F= 81.6 N | M= 41.4 Nm (limit 150.0) | contact=  5.4 mm
setup:     t=  4.4 s | tip=  1.3 deg | F= 81.6 N | M= 41.3 Nm (limit 150.0) | contact=  5.4 mm
setup:     t=  4.6 s | tip=  1.3 deg | F= 81.5 N | M= 41.3 Nm (limit 150.0) | contact=  5.4 mm
setup:     t=  4.8 s | tip=  1.3 deg | F= 81.5 N | M= 41.3 Nm (limit 150.0) | contact=  5.4 mm

==============================================================================
  SETUP RESULT
==============================================================================
  stop: time | t=5.0 s | tip=1.3 deg | F=81.4 N | M=41.3 Nm
  contact_from_start = [-1.6, -0.1, -5.2] mm | norm=5.4 mm
  tcp_from_contact  = [-18.6, +60.1, +16.9] mm | norm=65.1 mm
  alignment: before=5.28 deg | after=6.58 deg | gain=-1.30 deg
  alignment components [t1,t2,n] deg: before=[-1.02,-5.18,+0.00] | after=[-1.32,-6.44,+0.00]

-- setup surface-frame breakdown ---------------------------------------------
  frame              alignment-target [tangent1, tangent2, normal]
  force        [N]      = [    +4.25,     +0.68,    -81.32]
  tcp_disp     [mm]     = [    -0.87,     -0.04,    -24.47]
  contact_disp [mm]     = [    -1.54,     +0.03,     -5.21]
  Kp_eff=F/tcp [N/m]    = [  -4876.2,       n/a,    3323.1]
  M_contact    [Nm]     = [    -5.19,    +39.95,     +0.00]
  tip_angle    [deg]    = [    -0.28,     -1.27,     +0.15]
  KR_eff=M/ang [Nm/rad] = [   1050.7,   -1806.0,       0.4]
  frame              tool face [length, width, tool axis]
  M_contact    [Nm]     = [   -39.91,     +5.25,     +1.50]

-- center of compliance ------------------------------------------------------
  definition         r_c = p_TCP - p_c
  p_TCP [x,y,z]    = [    506.2,       0.1,      18.6] mm
  p_c [EE]         = [     -0.0,      -0.0,      60.0] mm
  r_c [t1,t2,n]    = [      6.7,      -1.4,      59.6] mm
                     p_c resolved at end of setup

-- effective TCP impedance ---------------------------------------------------
  K_TCP translation = [   1999.5,    1998.7,     351.8] N/m
  K_TCP rotation   = [     12.1,      12.2,      50.1] Nm/rad
  commanded KR was = [      5.0,       5.0,      50.0] Nm/rad   including lever contribution
  D_TCP translation = [    233.7,     173.2,     112.2] Ns/m
  D_TCP rotation   = [      1.9,       2.9,       0.9] Nms/rad
  coupling           max |moment per unit translation| = 119.2 Nm/m (K), 13.9 Nms/m (D)
  eigenvalues        K_TCP 4.98 .. 2007 | D_TCP 0.89 .. 235  (both positive: valid springs)

  K_TCP [N/m, Nm/rad | rows fx..mz, cols tx..rz]:
           tx        ty        tz    |    rx        ry        rz
  fx [    2000  -0.7871   -28.44 |  -0.0392   -119.2   0.5423 ]
  fy [ -0.7871     1999   -45.62 |    118.9  -0.3072   -15.51 ]
  fz [  -28.44   -45.62    351.8 |   -2.809    4.422   0.3464 ]
     ---------------------------+---------------------------
  mx [ -0.0392    118.9   -2.809 |    12.09 0.002003  -0.1474 ]
  my [  -119.2  -0.3072    4.422 | 0.002003    12.16    1.215 ]
  mz [  0.5423   -15.51   0.3464 |  -0.1474    1.215    50.07 ]

  D_TCP [Ns/m, Nms/rad]:
           tx        ty        tz    |    rx        ry        rz
  fx [   233.7 -0.05798   -2.095 | -0.002888   -13.92  0.06311 ]
  fy [-0.05798    173.2    -1.69 |    10.31 -0.009664   -1.345 ]
  fz [  -2.095    -1.69    112.2 |  -0.1306   0.9957  0.01255 ]
     ---------------------------+---------------------------
  mx [-0.002888    10.31  -0.1306 |     1.91 -0.001035 -0.08696 ]
  my [  -13.92 -0.009664   0.9957 | -0.001035    2.904 -0.03618 ]
  mz [ 0.06311   -1.345  0.01255 | -0.08696 -0.03618   0.9047 ]

[GATE] Set up finished (still pressing). Press Enter to start the grind (e+Enter stops).

Stop requested with e + Enter. Finishing control loop...

-- joint motion [deg] --------------------------------------------------------
  joint       start    final    delta
  q1            0.8     -0.1     -1.0
  q2           12.1     29.9    +17.8
  q3           -0.5      0.2     +0.7
  q4         -130.9   -128.7     +2.2
  q5           -0.2     -0.7     -0.5
  q6          142.9    151.1     +8.2
  q7           44.7     46.0     +1.2

==============================================================================
  FINAL RESULT
==============================================================================
  p_d              = [    503.0,      -6.4,    -216.8] mm
  p_EE             = [    506.2,       0.1,      18.6] mm
  e_p              = [     -3.2,      -6.5,    -235.4] mm
  e_R              = [    -0.28,     -1.26,      0.19] deg
------------------------------------------------------------------------------
  position error     235.48 mm
  rotation error     1.31 deg
  csv                logs/surface_grinding_controller_log.csv
------------------------------------------------------------------------------
