
==============================================================================
  SURFACE GRINDING CONTROLLER
==============================================================================
  robot              172.16.0.2
  parameters         /home/hm-panda/Desktop/Thesis_Final_Control/surface_grinding_controller/params
------------------------------------------------------------------------------

==============================================================================
  SURFACE GRINDING CONTROLLER - STARTUP MENU
==============================================================================

-- RUN MODES -----------------------------------------------------------------
  s      Run orientation, approach, setup, and grinding
  h      Cartesian pose hold at the initial posture
  t      Cartesian pose hold with the setup impedance
  g      Start manual guidance from the current robot pose

-- ROBOT PREPARATION ---------------------------------------------------------
  i      Move to the configured initial joint posture

-- GRIPPER AND TOOL ----------------------------------------------------------
  o      Open the gripper
  c      Grasp the tool
  r      Recalibrate the gripper with empty fingers
  f      Pick up the tool from the holder
  b      Return the tool to the holder

-- PROGRAM -------------------------------------------------------------------
  e      Exit
------------------------------------------------------------------------------
  During control: e = stop | m = startup menu | g = guidance
------------------------------------------------------------------------------
Selection [s/h/t/g/i/o/c/r/f/b/e]: 
-- SELECTED MODE: PHASE SEQUENCE ---------------------------------------------

-- moving to q_init ----------------------------------------------------------
  case               saved_qinit
  q1..q7 [deg]     = [0.8, 12.1, -0.5, -130.9, -0.2, 142.9, 44.7] deg
  saved_qinit = [0.014777, 0.210911, -0.009320, -2.284835, -0.002725, 2.493410, 0.780694] rad
  q_init reached.

-- start pose ----------------------------------------------------------------
  q_start          = [0.8, 12.1, -0.5, -130.9, -0.1, 142.9, 44.7] deg
  p_start          = [    531.3,       2.3,     156.8] mm

==============================================================================
  RUN
==============================================================================

-- phase: approach_orient ----------------------------------------------------
  Kp [t1,t2,n]     = [    150.0,     150.0,     150.0] N/m
  Dp [t1,t2,n]     = [    133.7,      94.2,     128.3] Ns/m     auto (factor 1.90)
  KR [t1,t2,n]     = [    300.0,     300.0,      90.0] Nm/rad
  DR [t1,t2,n]     = [     19.8,      32.3,       2.0] Nms/rad  auto (factor 1.90)
orient:     t=  0.0 s | axis_err=  8.5 deg | spin_err=  0.5 deg
orient:     t=  0.2 s | axis_err=  6.5 deg | spin_err=  0.1 deg
orient:     t=  0.4 s | axis_err=  2.5 deg | spin_err=  0.2 deg
orient:     t=  0.6 s | axis_err=  0.6 deg | spin_err=  0.1 deg
orient:     t=  0.8 s | axis_err=  0.5 deg | spin_err=  0.2 deg

Orientation reached: axis_err=0.4 deg | spin_err=0.1 deg

-- phase: approach_descend ---------------------------------------------------
  Kp [t1,t2,n]     = [    150.0,     150.0,     150.0] N/m
  Dp [t1,t2,n]     = [    133.7,      94.2,     128.3] Ns/m     auto (factor 1.90)
  KR [t1,t2,n]     = [    300.0,     300.0,      90.0] Nm/rad
  DR [t1,t2,n]     = [     19.8,      32.3,       2.0] Nms/rad  auto (factor 1.90)
  descend to         20 mm clearance at 0.100 m/s
descend:    t=  0.0 s | distance=   0.1 mm | height=+120.3 mm (target 20.0) | force=  0.0 N
descend:    t=  0.2 s | distance=  20.2 mm | height=+110.2 mm (target 20.0) | force=  2.2 N
descend:    t=  0.4 s | distance=  40.3 mm | height= +95.1 mm (target 20.0) | force=  1.8 N
descend:    t=  0.6 s | distance=  60.4 mm | height= +78.8 mm (target 20.0) | force=  2.4 N
descend:    t=  0.8 s | distance=  80.5 mm | height= +61.7 mm (target 20.0) | force=  2.6 N
descend:    t=  1.0 s | distance= 100.6 mm | height= +44.7 mm (target 20.0) | force=  2.1 N
descend:    t=  1.2 s | distance= 120.7 mm | height= +27.5 mm (target 20.0) | force=  3.6 N

Clearance reached: distance=129.2 mm | height=20.0 mm | target=20.0 mm | force=0.9 N
  offset_ee        = [     20.0,      60.0,      20.0] mm
  p_EE_at_contact  = [    519.6,       1.0,      50.0] mm
  contact_point    = [    538.1,     -56.3,       1.3] mm
  edge_offset      = [     18.5,     -57.3,     -48.7] mm

-- phase: setup --------------------------------------------------------------

-- setup impedance -----------------------------------------------------------
  law                wrench = K_TCP*dx + D_TCP*dv
                     K_TCP  = Ad(r_c)^T * blkdiag(Kp,KR) * Ad(r_c)
  Kp [t1,t2,n]     = [   2000.0,    2000.0,     350.0] N/m
  Dp [t1,t2,n]     = [    231.3,     178.3,     111.8] Ns/m     auto
  KR [t1,t2,n]     = [      5.0,       5.0,      50.0] Nm/rad
  DR [t1,t2,n]     = [      1.5,       1.9,       1.2] Nms/rad  auto
  p_c [EE]         = [      0.0,     -20.0,      -0.0] mm       commanded in the tool frame
  r_c [t1,t2,n]    = [      0.0,     -19.7,      -3.2] mm       p_TCP - p_c, in the plane
setup:     t=  0.0 s | tip=  0.0 deg | F=  0.4 N | M=  0.1 Nm (limit 150.0) | contact= 19.9 mm
setup:     t=  0.2 s | tip=  0.9 deg | F=  1.4 N | M=  1.0 Nm (limit 150.0) | contact=  6.9 mm
setup:     t=  0.4 s | tip=  1.6 deg | F= 18.8 N | M= 10.2 Nm (limit 150.0) | contact=  3.3 mm
setup:     t=  0.6 s | tip=  1.6 deg | F= 16.7 N | M=  9.1 Nm (limit 150.0) | contact=  3.4 mm
setup:     t=  0.8 s | tip=  1.6 deg | F= 21.8 N | M= 11.7 Nm (limit 150.0) | contact=  3.5 mm
setup:     t=  1.0 s | tip=  1.6 deg | F= 27.8 N | M= 14.8 Nm (limit 150.0) | contact=  3.6 mm
setup:     t=  1.2 s | tip=  1.7 deg | F= 33.5 N | M= 17.8 Nm (limit 150.0) | contact=  3.8 mm
setup:     t=  1.4 s | tip=  1.7 deg | F= 39.2 N | M= 20.8 Nm (limit 150.0) | contact=  3.9 mm
setup:     t=  1.6 s | tip=  1.8 deg | F= 45.4 N | M= 24.0 Nm (limit 150.0) | contact=  4.0 mm
setup:     t=  1.8 s | tip=  2.1 deg | F= 49.7 N | M= 26.0 Nm (limit 150.0) | contact=  4.1 mm
setup:     t=  2.0 s | tip=  2.4 deg | F= 55.5 N | M= 29.2 Nm (limit 150.0) | contact=  4.2 mm
setup:     t=  2.2 s | tip=  3.2 deg | F= 58.5 N | M= 30.6 Nm (limit 150.0) | contact=  4.4 mm
setup:     t=  2.4 s | tip=  5.6 deg | F= 63.0 N | M= 33.1 Nm (limit 150.0) | contact=  4.5 mm
setup:     t=  2.6 s | tip=  8.2 deg | F= 68.1 N | M= 35.8 Nm (limit 150.0) | contact=  4.6 mm
setup:     t=  2.8 s | tip=  8.3 deg | F= 74.4 N | M= 39.4 Nm (limit 150.0) | contact=  4.7 mm
setup:     t=  3.0 s | tip=  8.3 deg | F= 80.0 N | M= 42.1 Nm (limit 150.0) | contact=  4.8 mm
setup:     t=  3.2 s | tip=  8.3 deg | F= 85.4 N | M= 44.9 Nm (limit 150.0) | contact=  5.0 mm
setup:     t=  3.4 s | tip=  8.3 deg | F= 80.5 N | M= 42.6 Nm (limit 150.0) | contact=  4.9 mm
setup:     t=  3.6 s | tip=  8.3 deg | F= 80.3 N | M= 42.5 Nm (limit 150.0) | contact=  4.9 mm
setup:     t=  3.8 s | tip=  8.3 deg | F= 80.3 N | M= 42.5 Nm (limit 150.0) | contact=  4.9 mm
setup:     t=  4.0 s | tip=  8.3 deg | F= 80.2 N | M= 42.5 Nm (limit 150.0) | contact=  4.9 mm
setup:     t=  4.2 s | tip=  8.3 deg | F= 80.2 N | M= 42.4 Nm (limit 150.0) | contact=  4.9 mm
setup:     t=  4.4 s | tip=  8.3 deg | F= 80.2 N | M= 42.4 Nm (limit 150.0) | contact=  4.9 mm
setup:     t=  4.6 s | tip=  8.3 deg | F= 80.1 N | M= 42.4 Nm (limit 150.0) | contact=  4.9 mm
setup:     t=  4.8 s | tip=  8.3 deg | F= 80.1 N | M= 42.4 Nm (limit 150.0) | contact=  4.9 mm

==============================================================================
  SETUP RESULT
==============================================================================
  stop: time | t=5.0 s | tip=8.3 deg | F=80.1 N | M=42.4 Nm
  contact_from_start = [-2.6, +0.9, -4.0] mm | norm=4.9 mm
  tcp_from_contact  = [-20.4, +61.1, +17.3] mm | norm=66.7 mm
  alignment: before=9.62 deg | after=3.09 deg | gain=+6.53 deg
  alignment components [t1,t2,n] deg: before=[-9.61,-0.37,+0.00] | after=[-1.61,-2.63,-0.00]

-- setup surface-frame breakdown ---------------------------------------------
  frame              alignment-target [tangent1, tangent2, normal]
  force        [N]      = [    +2.20,     -9.47,    -79.49]
  tcp_disp     [mm]     = [    -1.29,     +4.73,    -31.36]
  contact_disp [mm]     = [    -2.57,     +0.97,     -4.04]
  Kp_eff=F/tcp [N/m]    = [  -1703.8,   -2002.3,    2535.0]
  M_contact    [Nm]     = [    -6.63,    +40.66,     -4.78]
  tip_angle    [deg]    = [    +8.01,     -2.30,     +0.21]
  KR_eff=M/ang [Nm/rad] = [    -47.5,   -1014.4,   -1279.2]
  frame              tool face [length, width, tool axis]
  M_contact    [Nm]     = [   -40.47,     +6.62,     +6.22]

-- center of compliance ------------------------------------------------------
  definition         r_c = p_TCP - p_c
  p_TCP [x,y,z]    = [    517.8,       4.9,      18.6] mm
  p_c [EE]         = [     -0.0,     -20.0,      -0.0] mm
  r_c [t1,t2,n]    = [     -0.1,     -20.0,      -0.4] mm
                     p_c resolved at end of setup

-- effective TCP impedance ---------------------------------------------------
  K_TCP translation = [   1999.5,    1998.7,     351.8] N/m
  K_TCP rotation   = [      5.2,       5.0,      50.8] Nm/rad
  commanded KR was = [      5.0,       5.0,      50.0] Nm/rad   including lever contribution
  D_TCP translation = [    231.2,     178.3,     111.9] Ns/m
  D_TCP rotation   = [      1.5,       1.9,       1.3] Nms/rad
  coupling           max |moment per unit translation| = 40.0 Nm/m (K), 4.6 Nms/m (D)
  eigenvalues        K_TCP 5.00 .. 2001 | D_TCP 1.23 .. 231  (both positive: valid springs)

  K_TCP [N/m, Nm/rad | rows fx..mz, cols tx..rz]:
           tx        ty        tz    |    rx        ry        rz
  fx [    2000  -0.7871   -28.44 |  -0.5688  -0.2588   -39.99 ]
  fy [ -0.7871     1999   -45.62 |  -0.6499 0.006104   0.2786 ]
  fz [  -28.44   -45.62    351.8 |    7.029 -0.04253   0.5627 ]
     ---------------------------+---------------------------
  mx [ -0.5688  -0.6499    7.029 |    5.154  0.02062   0.7869 ]
  my [ -0.2588 0.006104 -0.04253 |  0.02062    5.034    1.249 ]
  mz [  -39.99   0.2786   0.5627 |   0.7869    1.249    50.75 ]

  D_TCP [Ns/m, Nms/rad]:
           tx        ty        tz    |    rx        ry        rz
  fx [   231.2 -0.05697   -2.058 | -0.04117 -0.03009   -4.624 ]
  fy [-0.05697    178.3   -1.838 | -0.01335 0.0002492  0.02459 ]
  fz [  -2.058   -1.838    111.9 |    2.238 -0.01445  0.04092 ]
     ---------------------------+---------------------------
  mx [-0.04117 -0.01335    2.238 |    1.541 -0.0004174 -0.00382 ]
  my [-0.03009 0.0002492 -0.01445 | -0.0004174    1.892 -0.01779 ]
  mz [  -4.624  0.02459  0.04092 | -0.00382 -0.01779     1.32 ]

[GATE] Set up finished (still pressing). Press Enter to start the grind (e+Enter stops).

Stop requested with e + Enter. Finishing control loop...

-- joint motion [deg] --------------------------------------------------------
  joint       start    final    delta
  q1            0.8      5.6     +4.7
  q2           12.1     30.7    +18.5
  q3           -0.5     -4.4     -3.9
  q4         -130.9   -127.9     +3.0
  q5           -0.1      4.6     +4.7
  q6          142.9    153.3    +10.4
  q7           44.7     42.9     -1.9

==============================================================================
  FINAL RESULT
==============================================================================
  p_d              = [    515.1,      -6.2,    -209.8] mm
  p_EE             = [    517.8,       4.9,      18.6] mm
  e_p              = [     -2.6,     -11.1,    -228.4] mm
  e_R              = [     8.01,     -2.29,      0.14] deg
------------------------------------------------------------------------------
  position error     228.67 mm
  rotation error     8.33 deg
  csv                logs/surface_grinding_controller_log.csv
------------------------------------------------------------------------------
