
==============================================================================
  SURFACE GRINDING CONTROLLER
==============================================================================
  robot              172.16.0.2
  parameters         /home/hm-panda/Desktop/Thesis_Final_Control/surface_grinding_controller/params
------------------------------------------------------------------------------

==============================================================================
  SURFACE GRINDING CONTROLLER - STARTUP MENU
==============================================================================

-- RUN MODES -----------------------------------------------------------------
  s      Run orientation, approach, setup, and grinding
  h      Cartesian pose hold at the initial posture
  t      Cartesian pose hold with the setup impedance
  g      Start manual guidance from the current robot pose

-- ROBOT PREPARATION ---------------------------------------------------------
  i      Move to the configured initial joint posture

-- GRIPPER AND TOOL ----------------------------------------------------------
  o      Open the gripper
  c      Grasp the tool
  r      Recalibrate the gripper with empty fingers
  f      Pick up the tool from the holder
  b      Return the tool to the holder

-- PROGRAM -------------------------------------------------------------------
  e      Exit
------------------------------------------------------------------------------
  During control: e = stop | m = startup menu | g = guidance
------------------------------------------------------------------------------
Selection [s/h/t/g/i/o/c/r/f/b/e]: 
-- SELECTED MODE: PHASE SEQUENCE ---------------------------------------------

-- moving to q_init ----------------------------------------------------------
  case               saved_qinit
  q1..q7 [deg]     = [0.8, 12.1, -0.5, -130.9, -0.2, 142.9, 44.7] deg
  saved_qinit = [0.014777, 0.210911, -0.009320, -2.284835, -0.002725, 2.493410, 0.780694] rad
  q_init reached.

-- start pose ----------------------------------------------------------------
  q_start          = [0.8, 12.1, -0.5, -130.9, -0.2, 142.9, 44.7] deg
  p_start          = [    531.3,       2.6,     156.8] mm

==============================================================================
  RUN
==============================================================================

-- phase: approach_orient ----------------------------------------------------
  Kp [t1,t2,n]     = [    150.0,     150.0,     150.0] N/m
  Dp [t1,t2,n]     = [    133.7,      94.2,     128.3] Ns/m     auto (factor 1.90)
  KR [t1,t2,n]     = [    180.0,     180.0,      90.0] Nm/rad
  DR [t1,t2,n]     = [     15.3,      25.0,       2.0] Nms/rad  auto (factor 1.90)
orient:     t=  0.0 s | axis_err= 12.0 deg | spin_err=  0.9 deg
orient:     t=  0.2 s | axis_err= 10.3 deg | spin_err=  0.9 deg
orient:     t=  0.4 s | axis_err=  6.6 deg | spin_err=  0.6 deg
orient:     t=  0.6 s | axis_err=  2.7 deg | spin_err=  0.3 deg
orient:     t=  0.8 s | axis_err=  1.0 deg | spin_err=  0.2 deg

Orientation reached: axis_err=0.9 deg | spin_err=0.2 deg

-- phase: approach_descend ---------------------------------------------------
  Kp [t1,t2,n]     = [    150.0,     150.0,     150.0] N/m
  Dp [t1,t2,n]     = [    133.7,      94.2,     128.3] Ns/m     auto (factor 1.90)
  KR [t1,t2,n]     = [    180.0,     180.0,      90.0] Nm/rad
  DR [t1,t2,n]     = [     15.3,      25.0,       2.0] Nms/rad  auto (factor 1.90)
  descend to         20 mm clearance at 0.100 m/s
descend:    t=  0.0 s | distance=   0.1 mm | height=+121.2 mm (target 20.0) | force= -0.0 N
descend:    t=  0.2 s | distance=  20.2 mm | height=+111.2 mm (target 20.0) | force=  1.3 N
descend:    t=  0.4 s | distance=  40.3 mm | height= +96.8 mm (target 20.0) | force=  2.6 N
descend:    t=  0.6 s | distance=  60.4 mm | height= +81.0 mm (target 20.0) | force=  2.6 N
descend:    t=  0.8 s | distance=  80.5 mm | height= +64.3 mm (target 20.0) | force=  1.6 N
descend:    t=  1.0 s | distance= 100.6 mm | height= +48.0 mm (target 20.0) | force=  4.0 N
descend:    t=  1.2 s | distance= 120.7 mm | height= +31.5 mm (target 20.0) | force=  3.2 N

Clearance reached: distance=135.1 mm | height=20.0 mm | target=20.0 mm | force=3.1 N
  offset_ee        = [     20.0,     -60.0,      20.0] mm
  p_EE_at_contact  = [    514.9,      -0.7,      50.7] mm
  contact_point    = [    533.3,      53.5,      -1.6] mm
  edge_offset      = [     18.4,      54.2,     -52.4] mm

-- phase: setup --------------------------------------------------------------

-- setup impedance -----------------------------------------------------------
  law                wrench = K_TCP*dx + D_TCP*dv
                     K_TCP  = Ad(r_c)^T * blkdiag(Kp,KR) * Ad(r_c)
  Kp [t1,t2,n]     = [   2000.0,    2000.0,     350.0] N/m
  Dp [t1,t2,n]     = [    234.3,     174.6,     111.4] Ns/m     auto
  KR [t1,t2,n]     = [      5.0,       5.0,      50.0] Nm/rad
  DR [t1,t2,n]     = [      1.3,       2.0,       1.3] Nms/rad  auto
  p_c [EE]         = [     -0.0,     -40.0,       0.0] mm       commanded in the tool frame
  r_c [t1,t2,n]    = [     -0.0,     -39.4,       6.7] mm       p_TCP - p_c, in the plane
setup:     t=  0.0 s | ee=  0.0 deg | F=  0.1 N | M=  0.0 Nm (limit 150.0) | contact= 19.9 mm
setup:     t=  0.2 s | ee=  0.9 deg | F=  0.6 N | M=  0.7 Nm (limit 150.0) | contact=  7.6 mm
setup:     t=  0.4 s | ee=  1.3 deg | F= 12.4 N | M=  1.1 Nm (limit 150.0) | contact=  1.9 mm
setup:     t=  0.6 s | ee=  1.4 deg | F= 15.1 N | M=  1.0 Nm (limit 150.0) | contact=  1.9 mm
setup:     t=  0.8 s | ee=  1.4 deg | F= 20.4 N | M=  1.0 Nm (limit 150.0) | contact=  1.9 mm
setup:     t=  1.0 s | ee=  1.4 deg | F= 26.0 N | M=  1.3 Nm (limit 150.0) | contact=  1.9 mm
setup:     t=  1.2 s | ee=  1.4 deg | F= 31.3 N | M=  1.4 Nm (limit 150.0) | contact=  1.9 mm
setup:     t=  1.4 s | ee=  1.4 deg | F= 37.2 N | M=  1.6 Nm (limit 150.0) | contact=  2.0 mm
setup:     t=  1.6 s | ee=  1.4 deg | F= 42.6 N | M=  1.8 Nm (limit 150.0) | contact=  2.0 mm
setup:     t=  1.8 s | ee=  1.4 deg | F= 48.3 N | M=  2.0 Nm (limit 150.0) | contact=  2.1 mm
setup:     t=  2.0 s | ee=  1.5 deg | F= 54.1 N | M=  2.2 Nm (limit 150.0) | contact=  2.2 mm
setup:     t=  2.2 s | ee=  1.5 deg | F= 59.3 N | M=  2.4 Nm (limit 150.0) | contact=  2.3 mm
setup:     t=  2.4 s | ee=  1.5 deg | F= 65.0 N | M=  2.6 Nm (limit 150.0) | contact=  2.4 mm
setup:     t=  2.6 s | ee=  1.5 deg | F= 70.5 N | M=  2.8 Nm (limit 150.0) | contact=  2.5 mm
setup:     t=  2.8 s | ee=  1.5 deg | F= 75.9 N | M=  3.1 Nm (limit 150.0) | contact=  2.6 mm
setup:     t=  3.0 s | ee=  1.5 deg | F= 81.7 N | M=  3.3 Nm (limit 150.0) | contact=  2.8 mm
setup:     t=  3.2 s | ee=  1.5 deg | F= 87.3 N | M=  3.6 Nm (limit 150.0) | contact=  2.9 mm
setup:     t=  3.4 s | ee=  1.5 deg | F= 82.7 N | M=  3.4 Nm (limit 150.0) | contact=  2.8 mm
setup:     t=  3.6 s | ee=  1.5 deg | F= 82.5 N | M=  3.4 Nm (limit 150.0) | contact=  2.8 mm
setup:     t=  3.8 s | ee=  1.5 deg | F= 82.4 N | M=  3.4 Nm (limit 150.0) | contact=  2.8 mm
setup:     t=  4.0 s | ee=  1.5 deg | F= 82.4 N | M=  3.5 Nm (limit 150.0) | contact=  2.8 mm
setup:     t=  4.2 s | ee=  1.5 deg | F= 82.3 N | M=  3.5 Nm (limit 150.0) | contact=  2.8 mm
setup:     t=  4.4 s | ee=  1.5 deg | F= 82.3 N | M=  3.4 Nm (limit 150.0) | contact=  2.8 mm
setup:     t=  4.6 s | ee=  1.5 deg | F= 82.3 N | M=  3.5 Nm (limit 150.0) | contact=  2.8 mm
setup:     t=  4.8 s | ee=  1.5 deg | F= 82.3 N | M=  3.5 Nm (limit 150.0) | contact=  2.8 mm

==============================================================================
  SETUP RESULT
==============================================================================
  stop: time | t=5.0 s | ee=1.5 deg | F=82.2 N | M_TCP=3.4 Nm
  contact_from_start = [-2.3, -0.2, -1.6] mm | norm=2.8 mm
  tcp_from_contact  = [-20.6, -54.9, +31.2] mm | norm=66.4 mm
  deviation: before=9.35 deg | after=9.48 deg | gain=-0.13 deg
  t_align: not reached | tolerance=2.00 deg | hold=0.30 s
  deviation components [t1,t2,n] deg: before=[+9.33,-0.63,+0.00] | after=[+9.23,-2.15,+0.00]

-- setup surface-frame breakdown ---------------------------------------------
  frame              alignment-target [tangent1, tangent2, normal]
  force        [N]      = [    +2.74,     +1.26,    -82.19]
  tcp_disp     [mm]     = [    -1.79,     -0.07,    -21.18]
  contact_disp [mm]     = [    -2.24,     -0.14,     -1.61]
  Kp_eff=F/tcp [N/m]    = [  -1533.3,  -17765.8,    3880.9]
  M_contact    [Nm]     = [    +1.18,     -0.66,     -0.09]
  ee_angle     [deg]    = [    -0.09,     -1.48,     +0.35]
  KR_eff=M/ang [Nm/rad] = [   -734.9,      25.8,     -14.4]
  frame              tool face [length, width, tool axis]
  M_contact    [Nm]     = [    +0.64,     -1.19,     +0.15]

-- center of compliance ------------------------------------------------------
  definition         r_c = p_TCP - p_c
  p_TCP [x,y,z]    = [    512.7,      -1.4,      29.6] mm
  p_c [EE]         = [     -0.0,     -40.0,       0.0] mm
  r_c [t1,t2,n]    = [     -0.1,     -39.4,       6.7] mm
                     p_c resolved at end of setup

-- effective TCP impedance ---------------------------------------------------
  K_TCP translation = [   1999.5,    1998.7,     351.8] N/m
  K_TCP rotation   = [      5.6,       5.2,      53.0] Nm/rad
  commanded KR was = [      5.0,       5.0,      50.0] Nm/rad   including lever contribution
  D_TCP translation = [    234.2,     174.5,     111.5] Ns/m
  D_TCP rotation   = [      1.5,       2.1,       1.7] Nms/rad
  coupling           max |moment per unit translation| = 78.5 Nm/m (K), 9.2 Nms/m (D)
  eigenvalues        K_TCP 4.99 .. 2003 | D_TCP 1.27 .. 235  (both positive: valid springs)

  K_TCP [N/m, Nm/rad | rows fx..mz, cols tx..rz]:
           tx        ty        tz    |    rx        ry        rz
  fx [    2000  -0.7871   -28.44 |   -1.122   -15.55   -78.45 ]
  fy [ -0.7871     1999   -45.62 |    13.75 0.005002 -0.01816 ]
  fz [  -28.44   -45.62    351.8 |    13.45   0.2298    1.117 ]
     ---------------------------+---------------------------
  mx [  -1.122    13.75    13.45 |    5.648  0.03052   0.8193 ]
  my [  -15.55 0.005002   0.2298 |  0.03052    5.155    1.854 ]
  mz [  -78.45 -0.01816    1.117 |   0.8193    1.854    53.03 ]

  D_TCP [Ns/m, Nms/rad]:
           tx        ty        tz    |    rx        ry        rz
  fx [   234.2 -0.05861   -2.117 | -0.08354   -1.822   -9.191 ]
  fy [-0.05861    174.5   -1.746 |    1.289 0.0004129 -0.001983 ]
  fz [  -2.117   -1.746    111.5 |    4.361   0.0192  0.08312 ]
     ---------------------------+---------------------------
  mx [-0.08354    1.289    4.361 |     1.45 0.0007809  0.00412 ]
  my [  -1.822 0.0004129   0.0192 | 0.0007809    2.064  0.05129 ]
  mz [  -9.191 -0.001983  0.08312 |  0.00412  0.05129    1.681 ]

[GATE] Set up finished (still pressing). Press Enter to start the grind (e+Enter stops).

Stop requested with e + Enter. Finishing control loop...

-- joint motion [deg] --------------------------------------------------------
  joint       start    final    delta
  q1            0.8      0.4     -0.5
  q2           12.1     28.7    +16.6
  q3           -0.5      0.6     +1.1
  q4         -130.9   -128.5     +2.4
  q5           -0.2    -23.5    -23.3
  q6          142.9    150.3     +7.4
  q7           44.7     67.5    +22.8

==============================================================================
  FINAL RESULT
==============================================================================
  p_d              = [    510.4,      -7.9,    -209.1] mm
  p_EE             = [    512.7,      -1.4,      29.6] mm
  e_p              = [     -2.3,      -6.5,    -238.7] mm
  e_R              = [    -0.09,     -1.47,      0.39] deg
------------------------------------------------------------------------------
  position error     238.80 mm
  rotation error     1.52 deg
  csv                logs/surface_grinding_controller_log.csv
------------------------------------------------------------------------------
