
==============================================================================
  SURFACE GRINDING CONTROLLER
==============================================================================
  robot              172.16.0.2
  parameters         /home/hm-panda/Desktop/Thesis_Final_Control/surface_grinding_controller/params
------------------------------------------------------------------------------

==============================================================================
  SURFACE GRINDING CONTROLLER - STARTUP MENU
==============================================================================

-- RUN MODES -----------------------------------------------------------------
  s      Run orientation, approach, setup, and grinding
  h      Cartesian pose hold at the initial posture
  t      Cartesian pose hold with the setup impedance
  g      Start manual guidance from the current robot pose

-- ROBOT PREPARATION ---------------------------------------------------------
  i      Move to the configured initial joint posture

-- GRIPPER AND TOOL ----------------------------------------------------------
  o      Open the gripper
  c      Grasp the tool
  r      Recalibrate the gripper with empty fingers
  f      Pick up the tool from the holder
  b      Return the tool to the holder

-- PROGRAM -------------------------------------------------------------------
  e      Exit
------------------------------------------------------------------------------
  During control: e = stop | m = startup menu | g = guidance
------------------------------------------------------------------------------
Selection [s/h/t/g/i/o/c/r/f/b/e]: 
-- SELECTED MODE: PHASE SEQUENCE ---------------------------------------------

-- moving to q_init ----------------------------------------------------------
  case               saved_qinit
  q1..q7 [deg]     = [0.8, 12.1, -0.5, -130.9, -0.2, 142.9, 44.7] deg
  saved_qinit = [0.014777, 0.210911, -0.009320, -2.284835, -0.002725, 2.493410, 0.780694] rad
  q_init reached.

-- start pose ----------------------------------------------------------------
  q_start          = [0.9, 12.1, -0.5, -130.9, -0.1, 142.9, 44.7] deg
  p_start          = [    531.3,       2.5,     156.8] mm

==============================================================================
  RUN
==============================================================================

-- phase: approach_orient ----------------------------------------------------
  Kp [t1,t2,n]     = [    150.0,     150.0,     150.0] N/m
  Dp [t1,t2,n]     = [    133.7,      94.2,     128.3] Ns/m     auto (factor 1.90)
  KR [t1,t2,n]     = [     90.0,      90.0,      90.0] Nm/rad
  DR [t1,t2,n]     = [     10.8,      17.7,       2.0] Nms/rad  auto (factor 1.90)
orient:     t=  0.0 s | axis_err=  8.6 deg | spin_err=  0.6 deg
orient:     t=  0.2 s | axis_err=  8.0 deg | spin_err=  0.1 deg
orient:     t=  0.4 s | axis_err=  4.9 deg | spin_err=  0.2 deg

Orientation reached: axis_err=2.0 deg | spin_err=0.2 deg

-- phase: approach_descend ---------------------------------------------------
  Kp [t1,t2,n]     = [    150.0,     150.0,     150.0] N/m
  Dp [t1,t2,n]     = [    133.7,      94.2,     128.3] Ns/m     auto (factor 1.90)
  KR [t1,t2,n]     = [     90.0,      90.0,      90.0] Nm/rad
  DR [t1,t2,n]     = [     10.8,      17.7,       2.0] Nms/rad  auto (factor 1.90)
  descend to         20 mm clearance at 0.100 m/s
descend:    t=  0.0 s | distance=   0.1 mm | height=+125.6 mm (target 20.0) | force=  0.1 N
descend:    t=  0.2 s | distance=  20.1 mm | height=+113.7 mm (target 20.0) | force=  1.3 N
descend:    t=  0.4 s | distance=  40.1 mm | height= +98.0 mm (target 20.0) | force=  2.6 N
descend:    t=  0.6 s | distance=  60.2 mm | height= +81.9 mm (target 20.0) | force=  3.1 N
descend:    t=  0.8 s | distance=  80.3 mm | height= +64.7 mm (target 20.0) | force=  2.2 N
descend:    t=  1.0 s | distance= 100.4 mm | height= +47.5 mm (target 20.0) | force=  4.0 N
descend:    t=  1.2 s | distance= 120.5 mm | height= +30.7 mm (target 20.0) | force=  2.7 N

Clearance reached: distance=133.1 mm | height=19.9 mm | target=20.0 mm | force=2.3 N
  offset_ee        = [     20.0,      60.0,      20.0] mm
  p_EE_at_contact  = [    519.1,       1.3,      49.0] mm
  contact_point    = [    537.8,     -56.4,       1.3] mm
  edge_offset      = [     18.7,     -57.7,     -47.7] mm

-- phase: setup --------------------------------------------------------------

-- setup impedance -----------------------------------------------------------
  law                wrench = K_TCP*dx + D_TCP*dv
                     K_TCP  = Ad(r_c)^T * blkdiag(Kp,KR) * Ad(r_c)
  Kp [t1,t2,n]     = [   2000.0,    2000.0,     350.0] N/m
  Dp [t1,t2,n]     = [    230.6,     177.3,     112.4] Ns/m     auto
  KR [t1,t2,n]     = [      5.0,       5.0,      50.0] Nm/rad
  DR [t1,t2,n]     = [      1.5,       1.9,       1.2] Nms/rad  auto
  p_c [EE]         = [     -0.0,     -50.0,      -0.0] mm       commanded in the tool frame
  r_c [t1,t2,n]    = [     -0.1,     -49.5,      -7.4] mm       p_TCP - p_c, in the plane
setup:     t=  0.0 s | tip=  0.0 deg | F=  0.0 N | M=  0.0 Nm (limit 150.0) | contact= 19.8 mm
setup:     t=  0.2 s | tip=  0.8 deg | F=  1.7 N | M=  1.3 Nm (limit 150.0) | contact=  7.7 mm
setup:     t=  0.4 s | tip=  1.5 deg | F= 19.1 N | M= 10.0 Nm (limit 150.0) | contact=  3.3 mm
setup:     t=  0.6 s | tip=  1.6 deg | F= 16.2 N | M=  9.0 Nm (limit 150.0) | contact=  3.4 mm
setup:     t=  0.8 s | tip=  1.6 deg | F= 21.6 N | M= 11.8 Nm (limit 150.0) | contact=  3.5 mm
setup:     t=  1.0 s | tip=  1.6 deg | F= 26.5 N | M= 14.3 Nm (limit 150.0) | contact=  3.7 mm
setup:     t=  1.2 s | tip=  1.7 deg | F= 32.6 N | M= 17.4 Nm (limit 150.0) | contact=  3.8 mm
setup:     t=  1.4 s | tip=  2.0 deg | F= 37.8 N | M= 19.9 Nm (limit 150.0) | contact=  3.8 mm
setup:     t=  1.6 s | tip=  2.6 deg | F= 42.3 N | M= 22.4 Nm (limit 150.0) | contact=  3.9 mm
setup:     t=  1.8 s | tip=  4.5 deg | F= 44.6 N | M= 23.6 Nm (limit 150.0) | contact=  3.8 mm
setup:     t=  2.0 s | tip=  7.2 deg | F= 48.0 N | M= 25.4 Nm (limit 150.0) | contact=  4.0 mm
setup:     t=  2.2 s | tip=  7.7 deg | F= 55.9 N | M= 30.2 Nm (limit 150.0) | contact=  3.9 mm
setup:     t=  2.4 s | tip=  7.7 deg | F= 61.1 N | M= 32.8 Nm (limit 150.0) | contact=  4.1 mm
setup:     t=  2.6 s | tip=  7.7 deg | F= 66.8 N | M= 35.6 Nm (limit 150.0) | contact=  4.2 mm
setup:     t=  2.8 s | tip=  7.7 deg | F= 72.5 N | M= 38.5 Nm (limit 150.0) | contact=  4.3 mm
setup:     t=  3.0 s | tip=  7.7 deg | F= 77.8 N | M= 41.2 Nm (limit 150.0) | contact=  4.5 mm
setup:     t=  3.2 s | tip=  7.7 deg | F= 83.1 N | M= 44.0 Nm (limit 150.0) | contact=  4.6 mm
setup:     t=  3.4 s | tip=  7.7 deg | F= 78.3 N | M= 41.8 Nm (limit 150.0) | contact=  4.5 mm
setup:     t=  3.6 s | tip=  7.7 deg | F= 78.2 N | M= 41.7 Nm (limit 150.0) | contact=  4.5 mm
setup:     t=  3.8 s | tip=  7.7 deg | F= 78.1 N | M= 41.7 Nm (limit 150.0) | contact=  4.5 mm
setup:     t=  4.0 s | tip=  7.7 deg | F= 78.1 N | M= 41.6 Nm (limit 150.0) | contact=  4.5 mm
setup:     t=  4.2 s | tip=  7.7 deg | F= 78.1 N | M= 41.6 Nm (limit 150.0) | contact=  4.5 mm
setup:     t=  4.4 s | tip=  7.7 deg | F= 78.0 N | M= 41.6 Nm (limit 150.0) | contact=  4.5 mm
setup:     t=  4.6 s | tip=  7.7 deg | F= 78.0 N | M= 41.6 Nm (limit 150.0) | contact=  4.5 mm
setup:     t=  4.8 s | tip=  7.7 deg | F= 78.0 N | M= 41.6 Nm (limit 150.0) | contact=  4.5 mm

==============================================================================
  SETUP RESULT
==============================================================================
  stop: time | t=5.0 s | tip=7.7 deg | F=77.9 N | M=41.6 Nm
  contact_from_start = [-3.0, +0.2, -3.4] mm | norm=4.5 mm
  tcp_from_contact  = [-21.0, +60.6, +17.3] mm | norm=66.4 mm
  alignment: before=8.55 deg | after=3.15 deg | gain=+5.39 deg
  alignment components [t1,t2,n] deg: before=[-8.49,-0.96,+0.00] | after=[-1.06,-2.97,+0.00]

-- setup surface-frame breakdown ---------------------------------------------
  frame              alignment-target [tangent1, tangent2, normal]
  force        [N]      = [    +3.09,     -7.05,    -77.54]
  tcp_disp     [mm]     = [    -1.73,     +3.67,    -30.29]
  contact_disp [mm]     = [    -2.91,     +0.26,     -3.48]
  Kp_eff=F/tcp [N/m]    = [  -1782.7,   -1919.2,    2559.9]
  M_contact    [Nm]     = [    -9.39,    +39.75,     -3.70]
  tip_angle    [deg]    = [    +7.45,     -2.04,     +0.26]
  KR_eff=M/ang [Nm/rad] = [    -72.2,   -1115.9,    -807.5]
  frame              tool face [length, width, tool axis]
  M_contact    [Nm]     = [   -39.59,     +9.52,     +4.92]

-- center of compliance ------------------------------------------------------
  definition         r_c = p_TCP - p_c
  p_TCP [x,y,z]    = [    516.8,       4.1,      18.6] mm
  p_c [EE]         = [     -0.0,     -50.0,       0.0] mm
  r_c [t1,t2,n]    = [     -0.5,     -50.0,      -0.9] mm
                     p_c resolved at end of setup

-- effective TCP impedance ---------------------------------------------------
  K_TCP translation = [   1999.5,    1998.7,     351.8] N/m
  K_TCP rotation   = [      5.9,       5.0,      55.0] Nm/rad
  commanded KR was = [      5.0,       5.0,      50.0] Nm/rad   including lever contribution
  D_TCP translation = [    230.5,     177.2,     112.5] Ns/m
  D_TCP rotation   = [      1.8,       1.9,       1.8] Nms/rad
  coupling           max |moment per unit translation| = 100.0 Nm/m (K), 11.5 Nms/m (D)
  eigenvalues        K_TCP 4.99 .. 2005 | D_TCP 1.17 .. 231  (both positive: valid springs)

  K_TCP [N/m, Nm/rad | rows fx..mz, cols tx..rz]:
           tx        ty        tz    |    rx        ry        rz
  fx [    2000  -0.7871   -28.44 |   -1.422  -0.9694   -99.97 ]
  fy [ -0.7871     1999   -45.62 |   -1.298  0.02287    1.024 ]
  fz [  -28.44   -45.62    351.8 |    17.56  -0.1593    1.399 ]
     ---------------------------+---------------------------
  mx [  -1.422   -1.298    17.56 |    5.891  0.01351   0.8461 ]
  my [ -0.9694  0.02287  -0.1593 |  0.01351    5.035    1.293 ]
  mz [  -99.97    1.024    1.399 |   0.8461    1.293    54.95 ]

  D_TCP [Ns/m, Nms/rad]:
           tx        ty        tz    |    rx        ry        rz
  fx [   230.5 -0.05637   -2.037 |  -0.1019  -0.1124   -11.53 ]
  fy [-0.05637    177.2   -1.794 | -0.002504 0.0009115  0.09014 ]
  fz [  -2.037   -1.794    112.5 |    5.622 -0.05442   0.1009 ]
     ---------------------------+---------------------------
  mx [ -0.1019 -0.002504    5.622 |    1.774 -0.002871 -0.000349 ]
  my [ -0.1124 0.0009115 -0.05442 | -0.002871    1.878 -0.01376 ]
  mz [  -11.53  0.09014   0.1009 | -0.000349 -0.01376    1.754 ]

[GATE] Set up finished (still pressing). Press Enter to start the grind (e+Enter stops).

Stop requested with e + Enter. Finishing control loop...

-- joint motion [deg] --------------------------------------------------------
  joint       start    final    delta
  q1            0.9      5.7     +4.9
  q2           12.1     30.3    +18.2
  q3           -0.5     -4.5     -4.0
  q4         -130.9   -129.0     +1.9
  q5           -0.1      4.5     +4.6
  q6          142.9    155.2    +12.3
  q7           44.7     43.1     -1.6

==============================================================================
  FINAL RESULT
==============================================================================
  p_d              = [    514.6,      -5.9,    -210.8] mm
  p_EE             = [    516.8,       4.1,      18.6] mm
  e_p              = [     -2.2,     -10.0,    -229.4] mm
  e_R              = [     7.45,     -2.04,      0.19] deg
------------------------------------------------------------------------------
  position error     229.67 mm
  rotation error     7.73 deg
  csv                logs/surface_grinding_controller_log.csv
------------------------------------------------------------------------------
