
==============================================================================
  SURFACE GRINDING CONTROLLER
==============================================================================
  robot              172.16.0.2
  parameters         /home/hm-panda/Desktop/Thesis_Final_Control/surface_grinding_controller/params
------------------------------------------------------------------------------

==============================================================================
  SURFACE GRINDING CONTROLLER - STARTUP MENU
==============================================================================

-- RUN MODES -----------------------------------------------------------------
  s      Run orientation, approach, setup, and grinding
  h      Cartesian pose hold at the initial posture
  t      Cartesian pose hold with the setup impedance
  g      Start manual guidance from the current robot pose

-- ROBOT PREPARATION ---------------------------------------------------------
  i      Move to the configured initial joint posture

-- GRIPPER AND TOOL ----------------------------------------------------------
  o      Open the gripper
  c      Grasp the tool
  r      Recalibrate the gripper with empty fingers
  f      Pick up the tool from the holder
  b      Return the tool to the holder

-- PROGRAM -------------------------------------------------------------------
  e      Exit
------------------------------------------------------------------------------
  During control: e = stop | m = startup menu | g = guidance
------------------------------------------------------------------------------
Selection [s/h/t/g/i/o/c/r/f/b/e]: 
-- SELECTED MODE: PHASE SEQUENCE ---------------------------------------------

-- moving to q_init ----------------------------------------------------------
  case               saved_qinit
  q1..q7 [deg]     = [0.8, 12.1, -0.5, -130.9, -0.2, 142.9, 44.7] deg
  saved_qinit = [0.014777, 0.210911, -0.009320, -2.284835, -0.002725, 2.493410, 0.780694] rad
  q_init reached.

-- start pose ----------------------------------------------------------------
  q_start          = [0.8, 12.1, -0.5, -130.9, -0.2, 142.9, 44.7] deg
  p_start          = [    531.3,       2.4,     156.8] mm

==============================================================================
  RUN
==============================================================================

-- phase: approach_orient ----------------------------------------------------
  Kp [t1,t2,n]     = [    150.0,     150.0,     150.0] N/m
  Dp [t1,t2,n]     = [    133.7,      94.2,     128.3] Ns/m     auto (factor 1.90)
  KR [t1,t2,n]     = [    180.0,     180.0,      90.0] Nm/rad
  DR [t1,t2,n]     = [     15.3,      25.0,       2.0] Nms/rad  auto (factor 1.90)
orient:     t=  0.0 s | axis_err=  7.8 deg | spin_err=  0.9 deg
orient:     t=  0.2 s | axis_err=  6.4 deg | spin_err=  0.7 deg
orient:     t=  0.4 s | axis_err=  3.2 deg | spin_err=  0.3 deg
orient:     t=  0.6 s | axis_err=  1.3 deg | spin_err=  0.2 deg
orient:     t=  0.8 s | axis_err=  1.0 deg | spin_err=  0.2 deg

Orientation reached: axis_err=0.9 deg | spin_err=0.2 deg

-- phase: approach_descend ---------------------------------------------------
  Kp [t1,t2,n]     = [    150.0,     150.0,     150.0] N/m
  Dp [t1,t2,n]     = [    133.7,      94.2,     128.3] Ns/m     auto (factor 1.90)
  KR [t1,t2,n]     = [    180.0,     180.0,      90.0] Nm/rad
  DR [t1,t2,n]     = [     15.3,      25.0,       2.0] Nms/rad  auto (factor 1.90)
  descend to         20 mm clearance at 0.100 m/s
descend:    t=  0.0 s | distance=   0.1 mm | height=+137.0 mm (target 20.0) | force=  0.0 N
descend:    t=  0.2 s | distance=  20.2 mm | height=+125.7 mm (target 20.0) | force=  0.6 N
descend:    t=  0.4 s | distance=  40.3 mm | height=+108.3 mm (target 20.0) | force=  0.3 N
descend:    t=  0.6 s | distance=  60.4 mm | height= +90.1 mm (target 20.0) | force=  1.0 N
descend:    t=  0.8 s | distance=  80.5 mm | height= +71.4 mm (target 20.0) | force= -0.2 N
descend:    t=  1.0 s | distance= 100.6 mm | height= +52.8 mm (target 20.0) | force= -0.5 N
descend:    t=  1.2 s | distance= 120.7 mm | height= +34.0 mm (target 20.0) | force=  0.4 N

Clearance reached: distance=135.9 mm | height=20.0 mm | target=20.0 mm | force=-0.5 N
  offset_ee        = [    -20.0,      60.0,      20.0] mm
  p_EE_at_contact  = [    535.5,      -4.2,      42.9] mm
  contact_point    = [    518.0,     -65.3,       1.9] mm
  edge_offset      = [    -17.5,     -61.1,     -41.0] mm

-- phase: setup --------------------------------------------------------------

-- setup impedance -----------------------------------------------------------
  law                wrench = K_TCP*dx + D_TCP*dv
                     K_TCP  = Ad(r_c)^T * blkdiag(Kp,KR) * Ad(r_c)
  Kp [t1,t2,n]     = [   2000.0,    2000.0,     350.0] N/m
  Dp [t1,t2,n]     = [    227.8,     160.2,     115.5] Ns/m     auto
  KR [t1,t2,n]     = [      5.0,       5.0,      50.0] Nm/rad
  DR [t1,t2,n]     = [      1.6,       1.9,       1.0] Nms/rad  auto
  p_c [EE]         = [     40.0,       0.0,      -0.0] mm       commanded in the tool frame
  r_c [t1,t2,n]    = [    -39.6,      -0.1,      -5.6] mm       p_TCP - p_c, in the plane
setup:     t=  0.0 s | ee=  0.0 deg | F=  0.2 N | M=  0.0 Nm (limit 150.0) | contact= 19.9 mm
setup:     t=  0.2 s | ee=  0.6 deg | F=  1.7 N | M=  0.8 Nm (limit 150.0) | contact=  7.0 mm
setup:     t=  0.4 s | ee=  1.0 deg | F= 11.7 N | M=  0.9 Nm (limit 150.0) | contact=  2.3 mm
setup:     t=  0.6 s | ee=  1.0 deg | F= 15.8 N | M=  0.9 Nm (limit 150.0) | contact=  1.9 mm
setup:     t=  0.8 s | ee=  1.1 deg | F= 21.5 N | M=  0.9 Nm (limit 150.0) | contact=  1.1 mm
setup:     t=  1.0 s | ee=  1.1 deg | F= 27.1 N | M=  1.0 Nm (limit 150.0) | contact=  0.9 mm
setup:     t=  1.2 s | ee=  1.2 deg | F= 33.7 N | M=  1.2 Nm (limit 150.0) | contact=  1.5 mm
setup:     t=  1.4 s | ee=  1.3 deg | F= 39.2 N | M=  1.4 Nm (limit 150.0) | contact=  2.0 mm
setup:     t=  1.6 s | ee=  1.4 deg | F= 44.7 N | M=  1.7 Nm (limit 150.0) | contact=  2.2 mm
setup:     t=  1.8 s | ee=  1.5 deg | F= 50.5 N | M=  2.0 Nm (limit 150.0) | contact=  2.4 mm
setup:     t=  2.0 s | ee=  1.7 deg | F= 56.0 N | M=  2.2 Nm (limit 150.0) | contact=  2.5 mm
setup:     t=  2.2 s | ee=  1.9 deg | F= 61.4 N | M=  2.3 Nm (limit 150.0) | contact=  2.7 mm
setup:     t=  2.4 s | ee=  2.2 deg | F= 66.5 N | M=  2.4 Nm (limit 150.0) | contact=  2.9 mm
setup:     t=  2.6 s | ee=  3.2 deg | F= 71.5 N | M=  2.4 Nm (limit 150.0) | contact=  3.0 mm
setup:     t=  2.8 s | ee=  4.8 deg | F= 75.9 N | M=  2.5 Nm (limit 150.0) | contact=  3.2 mm
setup:     t=  3.0 s | ee=  6.8 deg | F= 80.4 N | M=  2.4 Nm (limit 150.0) | contact=  4.1 mm
setup:     t=  3.2 s | ee=  8.6 deg | F= 85.2 N | M=  2.5 Nm (limit 150.0) | contact=  4.2 mm
setup:     t=  3.4 s | ee= 10.1 deg | F= 80.9 N | M=  2.4 Nm (limit 150.0) | contact=  3.8 mm
setup:     t=  3.6 s | ee= 10.9 deg | F= 80.0 N | M=  2.4 Nm (limit 150.0) | contact=  4.2 mm
setup:     t=  3.8 s | ee= 11.2 deg | F= 79.3 N | M=  2.5 Nm (limit 150.0) | contact=  4.2 mm
setup:     t=  4.0 s | ee= 11.2 deg | F= 79.5 N | M=  2.4 Nm (limit 150.0) | contact=  4.2 mm
setup:     t=  4.2 s | ee= 11.2 deg | F= 79.6 N | M=  2.4 Nm (limit 150.0) | contact=  4.2 mm
setup:     t=  4.4 s | ee= 11.2 deg | F= 79.6 N | M=  2.4 Nm (limit 150.0) | contact=  4.2 mm
setup:     t=  4.6 s | ee= 11.2 deg | F= 79.5 N | M=  2.4 Nm (limit 150.0) | contact=  4.2 mm
setup:     t=  4.8 s | ee= 11.2 deg | F= 79.6 N | M=  2.4 Nm (limit 150.0) | contact=  4.2 mm

==============================================================================
  SETUP RESULT
==============================================================================
  stop: time | t=5.0 s | ee=11.2 deg | F=79.6 N | M_TCP=2.4 Nm
  contact_from_start = [-3.9, -0.5, -1.6] mm | norm=4.2 mm
  tcp_from_contact  = [+17.9, +59.4, +16.6] mm | norm=64.3 mm
  deviation: before=9.61 deg | after=2.26 deg | gain=+7.35 deg
  t_align: 3.18 s | tolerance=2.00 deg | hold=0.30 s
  t_align_fraction: 2.83 s | fraction=0.50 of the deviation at contact
  deviation_min: 1.62 deg at t=3.33 s
  align_status: aligned
  deviation components [t1,t2,n] deg: before=[-0.80,+9.58,+0.00] | after=[-1.66,-1.54,+0.00]

-- setup surface-frame breakdown ---------------------------------------------
  frame              alignment-target [tangent1, tangent2, normal]
  force        [N]      = [    -2.43,     +2.36,    -79.54]
  tcp_disp     [mm]     = [    +0.83,     -0.97,    -24.42]
  contact_disp [mm]     = [    -3.88,     -0.47,     -1.63]
  Kp_eff=F/tcp [N/m]    = [  -2927.0,   -2424.4,    3257.4]
  M_contact    [Nm]     = [    -4.10,     +3.91,     +0.71]
  ee_angle     [deg]    = [    -0.89,    -11.13,     +0.48]
  KR_eff=M/ang [Nm/rad] = [    263.5,     -20.1,      83.8]
  frame              tool face [length, width, tool axis]
  M_contact    [Nm]     = [    -3.90,     +4.15,     -0.48]

-- center of compliance ------------------------------------------------------
  definition         r_c = p_TCP - p_c
  p_TCP [x,y,z]    = [    535.9,      -5.9,      18.5] mm
  p_c [EE]         = [     40.0,      -0.0,       0.0] mm
  r_c [t1,t2,n]    = [    -39.9,       0.3,       2.1] mm
                     p_c resolved at end of setup

-- effective TCP impedance ---------------------------------------------------
  K_TCP translation = [   1999.5,    1998.7,     351.8] N/m
  K_TCP rotation   = [      5.0,       5.6,      53.1] Nm/rad
  commanded KR was = [      5.0,       5.0,      50.0] Nm/rad   including lever contribution
  D_TCP translation = [    227.8,     160.2,     115.6] Ns/m
  D_TCP rotation   = [      1.6,       2.1,       1.3] Nms/rad
  coupling           max |moment per unit translation| = 79.7 Nm/m (K), 6.4 Nms/m (D)
  eigenvalues        K_TCP 4.99 .. 2003 | D_TCP 1.01 .. 228  (both positive: valid springs)

  K_TCP [N/m, Nm/rad | rows fx..mz, cols tx..rz]:
           tx        ty        tz    |    rx        ry        rz
  fx [    2000  -0.7871   -28.44 | 0.007588   -4.494   0.6579 ]
  fy [ -0.7871     1999   -45.62 |    5.642    1.822    79.75 ]
  fz [  -28.44   -45.62    351.8 |  -0.2497   -13.95    -1.83 ]
     ---------------------------+---------------------------
  mx [0.007588    5.642  -0.2497 |    5.029  0.03141    1.001 ]
  my [  -4.494    1.822   -13.95 |  0.03141    5.604    1.315 ]
  mz [  0.6579    79.75    -1.83 |    1.001    1.315    53.13 ]

  D_TCP [Ns/m, Nms/rad]:
           tx        ty        tz    |    rx        ry        rz
  fx [   227.8  -0.0536   -1.937 | 0.0005167   -0.564   0.0764 ]
  fy [ -0.0536    160.2   -1.236 |   0.4513  0.04947    6.391 ]
  fz [  -1.937   -1.236    115.6 | -0.04332   -4.605 -0.04999 ]
     ---------------------------+---------------------------
  mx [0.0005167   0.4513 -0.04332 |    1.624 0.001435 0.007456 ]
  my [  -0.564  0.04947   -4.605 | 0.001435    2.126 -0.02396 ]
  mz [  0.0764    6.391 -0.04999 | 0.007456 -0.02396    1.266 ]

[GATE] Set up finished (still pressing). Press Enter to start the grind (e+Enter stops).

Stop requested with e + Enter. Finishing control loop...

-- joint motion [deg] --------------------------------------------------------
  joint       start    final    delta
  q1            0.8     -0.8     -1.6
  q2           12.1     32.2    +20.0
  q3           -0.5      0.2     +0.7
  q4         -130.9   -125.0     +5.9
  q5           -0.2     -1.0     -0.8
  q6          142.9    153.1    +10.3
  q7           44.7     45.7     +1.0

==============================================================================
  FINAL RESULT
==============================================================================
  p_d              = [    531.0,     -11.4,    -216.9] mm
  p_EE             = [    535.9,      -5.9,      18.5] mm
  e_p              = [     -4.9,      -5.5,    -235.5] mm
  e_R              = [    -0.88,    -11.11,      0.81] deg
------------------------------------------------------------------------------
  position error     235.57 mm
  rotation error     11.17 deg
  csv                logs/surface_grinding_controller_log.csv
------------------------------------------------------------------------------
