
==============================================================================
  SURFACE GRINDING CONTROLLER
==============================================================================
  robot              172.16.0.2
  parameters         /home/hm-panda/Desktop/Thesis_Final_Control/surface_grinding_controller/params
------------------------------------------------------------------------------

==============================================================================
  SURFACE GRINDING CONTROLLER - STARTUP MENU
==============================================================================

-- RUN MODES -----------------------------------------------------------------
  s      Run orientation, approach, setup, and grinding
  h      Cartesian pose hold at the initial posture
  t      Cartesian pose hold with the setup impedance
  g      Start manual guidance from the current robot pose

-- ROBOT PREPARATION ---------------------------------------------------------
  i      Move to the configured initial joint posture

-- GRIPPER AND TOOL ----------------------------------------------------------
  o      Open the gripper
  c      Grasp the tool
  r      Recalibrate the gripper with empty fingers
  f      Pick up the tool from the holder
  b      Return the tool to the holder

-- PROGRAM -------------------------------------------------------------------
  e      Exit
------------------------------------------------------------------------------
  During control: e = stop | m = startup menu | g = guidance
------------------------------------------------------------------------------
Selection [s/h/t/g/i/o/c/r/f/b/e]: 
-- SELECTED MODE: PHASE SEQUENCE ---------------------------------------------

-- moving to q_init ----------------------------------------------------------
  case               saved_qinit
  q1..q7 [deg]     = [0.8, 12.1, -0.5, -130.9, -0.2, 142.9, 44.7] deg
  saved_qinit = [0.014777, 0.210911, -0.009320, -2.284835, -0.002725, 2.493410, 0.780694] rad
  q_init reached.

-- start pose ----------------------------------------------------------------
  q_start          = [0.8, 12.1, -0.5, -130.9, -0.2, 142.9, 44.7] deg
  p_start          = [    531.3,       2.4,     156.8] mm

==============================================================================
  RUN
==============================================================================

-- phase: approach_orient ----------------------------------------------------
  Kp [t1,t2,n]     = [    150.0,     150.0,     150.0] N/m
  Dp [t1,t2,n]     = [    133.7,      94.2,     128.3] Ns/m     auto (factor 1.90)
  KR [t1,t2,n]     = [    180.0,     180.0,      90.0] Nm/rad
  DR [t1,t2,n]     = [     15.3,      25.0,       2.0] Nms/rad  auto (factor 1.90)
orient:     t=  0.0 s | axis_err= 12.5 deg | spin_err=  0.6 deg
orient:     t=  0.2 s | axis_err= 11.0 deg | spin_err=  0.4 deg
orient:     t=  0.4 s | axis_err=  7.8 deg | spin_err=  0.2 deg
orient:     t=  0.6 s | axis_err=  4.1 deg | spin_err=  0.0 deg
orient:     t=  0.8 s | axis_err=  1.6 deg | spin_err=  0.1 deg
orient:     t=  1.0 s | axis_err=  1.1 deg | spin_err=  0.1 deg
orient:     t=  1.2 s | axis_err=  0.9 deg | spin_err=  0.1 deg

Orientation reached: axis_err=0.9 deg | spin_err=0.1 deg

-- phase: approach_descend ---------------------------------------------------
  Kp [t1,t2,n]     = [    150.0,     150.0,     150.0] N/m
  Dp [t1,t2,n]     = [    133.7,      94.2,     128.3] Ns/m     auto (factor 1.90)
  KR [t1,t2,n]     = [    180.0,     180.0,      90.0] Nm/rad
  DR [t1,t2,n]     = [     15.3,      25.0,       2.0] Nms/rad  auto (factor 1.90)
  descend to         20 mm clearance at 0.100 m/s
descend:    t=  0.0 s | distance=   0.1 mm | height=+124.0 mm (target 20.0) | force=  0.0 N
descend:    t=  0.2 s | distance=  20.2 mm | height=+112.6 mm (target 20.0) | force=  1.8 N
descend:    t=  0.4 s | distance=  40.3 mm | height= +96.7 mm (target 20.0) | force=  1.9 N
descend:    t=  0.6 s | distance=  60.5 mm | height= +79.8 mm (target 20.0) | force=  1.6 N
descend:    t=  0.8 s | distance=  80.6 mm | height= +62.4 mm (target 20.0) | force=  2.6 N
descend:    t=  1.0 s | distance= 100.7 mm | height= +44.8 mm (target 20.0) | force=  1.9 N
descend:    t=  1.2 s | distance= 120.8 mm | height= +27.1 mm (target 20.0) | force=  2.9 N

Clearance reached: distance=128.9 mm | height=20.0 mm | target=20.0 mm | force=1.1 N
  offset_ee        = [     20.0,      60.0,      20.0] mm
  p_EE_at_contact  = [    502.5,      -0.4,      44.1] mm
  contact_point    = [    517.3,     -61.6,       1.8] mm
  edge_offset      = [     14.7,     -61.2,     -42.3] mm

-- phase: setup --------------------------------------------------------------

-- setup impedance -----------------------------------------------------------
  law                wrench = K_TCP*dx + D_TCP*dv
                     K_TCP  = Ad(r_c)^T * blkdiag(Kp,KR) * Ad(r_c)
  Kp [t1,t2,n]     = [   2000.0,    2000.0,     350.0] N/m
  Dp [t1,t2,n]     = [    236.7,     176.3,     109.9] Ns/m     auto
  KR [t1,t2,n]     = [      5.0,       5.0,      50.0] Nm/rad
  DR [t1,t2,n]     = [      1.3,       2.2,       1.2] Nms/rad  auto
  p_c [EE]         = [    -30.0,      -0.0,      -0.0] mm       commanded in the tool frame
  r_c [t1,t2,n]    = [     29.4,      -0.0,      -6.0] mm       p_TCP - p_c, in the plane
setup:     t=  0.0 s | ee=  0.0 deg | F=  0.1 N | M=  0.0 Nm (limit 150.0) | contact= 19.9 mm
setup:     t=  0.2 s | ee=  0.6 deg | F=  2.1 N | M=  1.0 Nm (limit 150.0) | contact=  7.3 mm
setup:     t=  0.4 s | ee=  1.2 deg | F= 20.6 N | M= 10.7 Nm (limit 150.0) | contact=  2.8 mm
setup:     t=  0.6 s | ee=  1.2 deg | F= 16.8 N | M=  8.7 Nm (limit 150.0) | contact=  2.9 mm
setup:     t=  0.8 s | ee=  1.2 deg | F= 21.9 N | M= 11.2 Nm (limit 150.0) | contact=  3.1 mm
setup:     t=  1.0 s | ee=  1.2 deg | F= 27.1 N | M= 13.7 Nm (limit 150.0) | contact=  3.4 mm
setup:     t=  1.2 s | ee=  1.2 deg | F= 32.5 N | M= 16.3 Nm (limit 150.0) | contact=  3.6 mm
setup:     t=  1.4 s | ee=  1.3 deg | F= 38.2 N | M= 19.1 Nm (limit 150.0) | contact=  4.0 mm
setup:     t=  1.6 s | ee=  1.4 deg | F= 43.8 N | M= 21.7 Nm (limit 150.0) | contact=  4.8 mm
setup:     t=  1.8 s | ee=  1.7 deg | F= 49.9 N | M= 24.8 Nm (limit 150.0) | contact=  5.9 mm
setup:     t=  2.0 s | ee=  1.7 deg | F= 55.2 N | M= 27.2 Nm (limit 150.0) | contact=  6.3 mm
setup:     t=  2.2 s | ee=  1.6 deg | F= 62.1 N | M= 30.6 Nm (limit 150.0) | contact=  6.7 mm
setup:     t=  2.4 s | ee=  1.5 deg | F= 68.6 N | M= 33.8 Nm (limit 150.0) | contact=  7.2 mm
setup:     t=  2.6 s | ee=  1.3 deg | F= 74.4 N | M= 36.5 Nm (limit 150.0) | contact=  7.5 mm
setup:     t=  2.8 s | ee=  1.3 deg | F= 78.1 N | M= 38.1 Nm (limit 150.0) | contact=  7.5 mm
setup:     t=  3.0 s | ee=  1.3 deg | F= 82.8 N | M= 40.3 Nm (limit 150.0) | contact=  7.6 mm
setup:     t=  3.2 s | ee=  1.3 deg | F= 88.6 N | M= 43.1 Nm (limit 150.0) | contact=  7.7 mm
setup:     t=  3.4 s | ee=  1.3 deg | F= 83.5 N | M= 40.5 Nm (limit 150.0) | contact=  7.6 mm
setup:     t=  3.6 s | ee=  1.3 deg | F= 83.4 N | M= 40.6 Nm (limit 150.0) | contact=  7.6 mm
setup:     t=  3.8 s | ee=  1.4 deg | F= 83.4 N | M= 40.5 Nm (limit 150.0) | contact=  7.6 mm
setup:     t=  4.0 s | ee=  1.4 deg | F= 83.3 N | M= 40.5 Nm (limit 150.0) | contact=  7.6 mm
setup:     t=  4.2 s | ee=  1.4 deg | F= 83.3 N | M= 40.5 Nm (limit 150.0) | contact=  7.6 mm
setup:     t=  4.4 s | ee=  1.4 deg | F= 83.2 N | M= 40.5 Nm (limit 150.0) | contact=  7.6 mm
setup:     t=  4.6 s | ee=  1.4 deg | F= 83.2 N | M= 40.5 Nm (limit 150.0) | contact=  7.6 mm
setup:     t=  4.8 s | ee=  1.4 deg | F= 83.2 N | M= 40.5 Nm (limit 150.0) | contact=  7.6 mm

==============================================================================
  SETUP RESULT
==============================================================================
  stop: time | t=5.0 s | ee=1.4 deg | F=83.1 N | M=40.4 Nm
  contact_from_start = [-3.2, -0.2, -6.9] mm | norm=7.6 mm
  tcp_from_contact  = [-18.9, +59.8, +16.7] mm | norm=64.9 mm
  deviation: before=10.04 deg | after=9.98 deg | gain=+0.06 deg
  deviation components [t1,t2,n] deg: before=[-0.53,-10.03,+0.00] | after=[-1.65,-9.85,+0.00]

-- setup surface-frame breakdown ---------------------------------------------
  frame              alignment-target [tangent1, tangent2, normal]
  force        [N]      = [    +9.05,     +2.47,    -82.60]
  tcp_disp     [mm]     = [    -3.69,     -0.65,    -25.72]
  contact_disp [mm]     = [    -3.04,     +0.02,     -6.98]
  Kp_eff=F/tcp [N/m]    = [  -2453.3,   -3830.5,    3211.3]
  M_contact    [Nm]     = [    -4.31,    +39.33,     +0.06]
  tip_angle    [deg]    = [    -1.22,     +0.19,     -0.55]
  KR_eff=M/ang [Nm/rad] = [    202.6,   11570.7,      -6.5]
  frame              tool face [length, width, tool axis]
  M_contact    [Nm]     = [   -39.34,     +3.80,     +1.80]

-- center of compliance ------------------------------------------------------
  definition         r_c = p_TCP - p_c
  p_TCP [x,y,z]    = [    498.4,      -1.8,      18.5] mm
  p_c [EE]         = [    -30.0,       0.0,      -0.0] mm
  r_c [t1,t2,n]    = [     29.4,       0.4,      -5.9] mm
                     p_c resolved at end of setup

-- effective TCP impedance ---------------------------------------------------
  K_TCP translation = [   1999.5,    1998.7,     351.8] N/m
  K_TCP rotation   = [      5.1,       5.4,      51.7] Nm/rad
  commanded KR was = [      5.0,       5.0,      50.0] Nm/rad   including lever contribution
  D_TCP translation = [    236.7,     176.2,     110.0] Ns/m
  D_TCP rotation   = [      1.3,       2.3,       1.3] Nms/rad
  coupling           max |moment per unit translation| = 58.6 Nm/m (K), 5.2 Nms/m (D)
  eigenvalues        K_TCP 5.00 .. 2002 | D_TCP 1.19 .. 237  (both positive: valid springs)

  K_TCP [N/m, Nm/rad | rows fx..mz, cols tx..rz]:
           tx        ty        tz    |    rx        ry        rz
  fx [    2000  -0.7871   -28.44 |  0.01049    11.99   0.4054 ]
  fy [ -0.7871     1999   -45.62 |   -12.81   -1.342   -58.57 ]
  fz [  -28.44   -45.62    351.8 |   0.2253    10.13    1.331 ]
     ---------------------------+---------------------------
  mx [ 0.01049   -12.81   0.2253 |    5.096  0.02814    1.151 ]
  my [   11.99   -1.342    10.13 |  0.02814    5.408    1.286 ]
  mz [  0.4054   -58.57    1.331 |    1.151    1.286    51.67 ]

  D_TCP [Ns/m, Nms/rad]:
           tx        ty        tz    |    rx        ry        rz
  fx [   236.7  -0.0605   -2.186 | 0.000806    1.454  0.04703 ]
  fy [ -0.0605    176.2   -1.835 |    -1.13 -0.05417   -5.165 ]
  fz [  -2.186   -1.835      110 | -0.009263    3.209  0.05337 ]
     ---------------------------+---------------------------
  mx [0.000806    -1.13 -0.009263 |      1.3 -0.000314  0.03139 ]
  my [   1.454 -0.05417    3.209 | -0.000314     2.32 -0.02647 ]
  mz [ 0.04703   -5.165  0.05337 |  0.03139 -0.02647    1.345 ]

[GATE] Set up finished (still pressing). Press Enter to start the grind (e+Enter stops).

Stop requested with e + Enter. Finishing control loop...

-- joint motion [deg] --------------------------------------------------------
  joint       start    final    delta
  q1            0.8     -0.4     -1.2
  q2           12.1     30.4    +18.3
  q3           -0.5      0.2     +0.7
  q4         -130.9   -126.5     +4.4
  q5           -0.2     -0.8     -0.6
  q6          142.9    144.6     +1.7
  q7           44.7     45.1     +0.4

==============================================================================
  FINAL RESULT
==============================================================================
  p_d              = [    498.1,      -7.6,    -215.7] mm
  p_EE             = [    498.4,      -1.8,      18.5] mm
  e_p              = [     -0.3,      -5.8,    -234.2] mm
  e_R              = [    -1.23,      0.18,     -0.53] deg
------------------------------------------------------------------------------
  position error     234.27 mm
  rotation error     1.35 deg
  csv                logs/surface_grinding_controller_log.csv
------------------------------------------------------------------------------
