
==============================================================================
  SURFACE GRINDING CONTROLLER
==============================================================================
  robot              172.16.0.2
  parameters         /home/hm-panda/Desktop/Thesis_Final_Control/surface_grinding_controller/params
------------------------------------------------------------------------------

==============================================================================
  SURFACE GRINDING CONTROLLER - STARTUP MENU
==============================================================================

-- RUN MODES -----------------------------------------------------------------
  s      Run orientation, approach, setup, and grinding
  h      Cartesian pose hold at the initial posture
  t      Cartesian pose hold with the setup impedance
  g      Start manual guidance from the current robot pose

-- ROBOT PREPARATION ---------------------------------------------------------
  i      Move to the configured initial joint posture

-- GRIPPER AND TOOL ----------------------------------------------------------
  o      Open the gripper
  c      Grasp the tool
  r      Recalibrate the gripper with empty fingers
  f      Pick up the tool from the holder
  b      Return the tool to the holder

-- PROGRAM -------------------------------------------------------------------
  e      Exit
------------------------------------------------------------------------------
  During control: e = stop | m = startup menu | g = guidance
------------------------------------------------------------------------------
Selection [s/h/t/g/i/o/c/r/f/b/e]: 
-- SELECTED MODE: PHASE SEQUENCE ---------------------------------------------

-- moving to q_init ----------------------------------------------------------
  case               saved_qinit
  q1..q7 [deg]     = [0.8, 12.1, -0.5, -130.9, -0.2, 142.9, 44.7] deg
  saved_qinit = [0.014777, 0.210911, -0.009320, -2.284835, -0.002725, 2.493410, 0.780694] rad
  q_init reached.

-- start pose ----------------------------------------------------------------
  q_start          = [0.8, 12.1, -0.5, -130.9, -0.2, 142.9, 44.7] deg
  p_start          = [    531.4,       2.5,     156.9] mm

==============================================================================
  RUN
==============================================================================

-- phase: approach_orient ----------------------------------------------------
  Kp [t1,t2,n]     = [    150.0,     150.0,     150.0] N/m
  Dp [t1,t2,n]     = [    133.7,      94.2,     128.3] Ns/m     auto (factor 1.90)
  KR [t1,t2,n]     = [    180.0,     180.0,      90.0] Nm/rad
  DR [t1,t2,n]     = [     15.3,      25.0,       2.0] Nms/rad  auto (factor 1.90)
orient:     t=  0.0 s | axis_err=  4.0 deg | spin_err=  0.6 deg
orient:     t=  0.2 s | axis_err=  2.8 deg | spin_err=  0.4 deg
orient:     t=  0.4 s | axis_err=  1.1 deg | spin_err=  0.2 deg
orient:     t=  0.6 s | axis_err=  0.8 deg | spin_err=  0.2 deg
orient:     t=  0.8 s | axis_err=  0.8 deg | spin_err=  0.2 deg

Orientation reached: axis_err=0.7 deg | spin_err=0.2 deg

-- phase: approach_descend ---------------------------------------------------
  Kp [t1,t2,n]     = [    150.0,     150.0,     150.0] N/m
  Dp [t1,t2,n]     = [    133.7,      94.2,     128.3] Ns/m     auto (factor 1.90)
  KR [t1,t2,n]     = [    180.0,     180.0,      90.0] Nm/rad
  DR [t1,t2,n]     = [     15.3,      25.0,       2.0] Nms/rad  auto (factor 1.90)
  descend to         20 mm clearance at 0.100 m/s
descend:    t=  0.0 s | distance=   0.1 mm | height=+125.6 mm (target 20.0) | force=  0.0 N
descend:    t=  0.2 s | distance=  20.2 mm | height=+114.6 mm (target 20.0) | force=  2.6 N
descend:    t=  0.4 s | distance=  40.3 mm | height= +98.7 mm (target 20.0) | force=  1.9 N
descend:    t=  0.6 s | distance=  60.4 mm | height= +82.0 mm (target 20.0) | force=  1.4 N
descend:    t=  0.8 s | distance=  80.5 mm | height= +64.7 mm (target 20.0) | force=  2.1 N
descend:    t=  1.0 s | distance= 100.6 mm | height= +47.2 mm (target 20.0) | force=  1.6 N
descend:    t=  1.2 s | distance= 120.7 mm | height= +30.0 mm (target 20.0) | force=  3.1 N

Clearance reached: distance=132.5 mm | height=19.9 mm | target=20.0 mm | force=2.6 N
  offset_ee        = [     20.0,      60.0,      20.0] mm
  p_EE_at_contact  = [    517.9,       2.8,      44.7] mm
  contact_point    = [    536.5,     -56.8,       1.3] mm
  edge_offset      = [     18.6,     -59.7,     -43.3] mm

-- phase: setup --------------------------------------------------------------

-- setup impedance -----------------------------------------------------------
  law                wrench = K_TCP*dx + D_TCP*dv
                     K_TCP  = Ad(r_c)^T * blkdiag(Kp,KR) * Ad(r_c)
  Kp [t1,t2,n]     = [   2000.0,    2000.0,     350.0] N/m
  Dp [t1,t2,n]     = [    232.2,     172.9,     112.5] Ns/m     auto
  KR [t1,t2,n]     = [      5.0,       5.0,      50.0] Nm/rad
  DR [t1,t2,n]     = [      1.4,       2.0,       0.9] Nms/rad  auto
  p_c [EE]         = [      0.0,       0.0,       0.0] mm       resolved in the tool frame
  r_c [t1,t2,n]    = [      0.0,       0.0,       0.0] mm       commanded: p_TCP - p_c, in the plane
setup:     t=  0.0 s | tip=  0.0 deg | F=  0.2 N | M=  0.1 Nm (limit 150.0) | contact= 19.8 mm
setup:     t=  0.2 s | tip=  0.7 deg | F=  0.4 N | M=  0.5 Nm (limit 150.0) | contact=  7.3 mm
setup:     t=  0.4 s | tip=  1.4 deg | F= 17.7 N | M=  9.5 Nm (limit 150.0) | contact=  2.8 mm
setup:     t=  0.6 s | tip=  1.4 deg | F= 15.0 N | M=  8.2 Nm (limit 150.0) | contact=  2.9 mm
setup:     t=  0.8 s | tip=  1.4 deg | F= 20.6 N | M= 11.1 Nm (limit 150.0) | contact=  3.1 mm
setup:     t=  1.0 s | tip=  1.4 deg | F= 26.2 N | M= 14.0 Nm (limit 150.0) | contact=  3.3 mm
setup:     t=  1.2 s | tip=  1.5 deg | F= 31.6 N | M= 16.8 Nm (limit 150.0) | contact=  3.4 mm
setup:     t=  1.4 s | tip=  1.5 deg | F= 36.9 N | M= 19.6 Nm (limit 150.0) | contact=  3.6 mm
setup:     t=  1.6 s | tip=  1.6 deg | F= 42.4 N | M= 22.3 Nm (limit 150.0) | contact=  3.7 mm
setup:     t=  1.8 s | tip=  1.6 deg | F= 48.3 N | M= 25.3 Nm (limit 150.0) | contact=  3.9 mm
setup:     t=  2.0 s | tip=  2.1 deg | F= 52.3 N | M= 27.3 Nm (limit 150.0) | contact=  4.2 mm
setup:     t=  2.2 s | tip=  3.1 deg | F= 58.4 N | M= 30.6 Nm (limit 150.0) | contact=  4.3 mm
setup:     t=  2.4 s | tip=  3.1 deg | F= 63.8 N | M= 33.3 Nm (limit 150.0) | contact=  4.4 mm
setup:     t=  2.6 s | tip=  3.1 deg | F= 69.3 N | M= 36.0 Nm (limit 150.0) | contact=  4.6 mm
setup:     t=  2.8 s | tip=  3.1 deg | F= 75.0 N | M= 38.9 Nm (limit 150.0) | contact=  4.7 mm
setup:     t=  3.0 s | tip=  3.1 deg | F= 80.9 N | M= 42.0 Nm (limit 150.0) | contact=  4.9 mm
setup:     t=  3.2 s | tip=  3.1 deg | F= 86.3 N | M= 44.7 Nm (limit 150.0) | contact=  5.0 mm
setup:     t=  3.4 s | tip=  3.1 deg | F= 81.6 N | M= 42.5 Nm (limit 150.0) | contact=  4.9 mm
setup:     t=  3.6 s | tip=  3.1 deg | F= 81.4 N | M= 42.5 Nm (limit 150.0) | contact=  4.9 mm
setup:     t=  3.8 s | tip=  3.1 deg | F= 81.2 N | M= 42.4 Nm (limit 150.0) | contact=  4.9 mm
setup:     t=  4.0 s | tip=  3.1 deg | F= 81.3 N | M= 42.4 Nm (limit 150.0) | contact=  4.9 mm
setup:     t=  4.2 s | tip=  3.1 deg | F= 81.3 N | M= 42.4 Nm (limit 150.0) | contact=  4.9 mm
setup:     t=  4.4 s | tip=  3.1 deg | F= 81.3 N | M= 42.4 Nm (limit 150.0) | contact=  4.9 mm
setup:     t=  4.6 s | tip=  3.1 deg | F= 81.4 N | M= 42.5 Nm (limit 150.0) | contact=  4.9 mm
setup:     t=  4.8 s | tip=  3.1 deg | F= 81.3 N | M= 42.4 Nm (limit 150.0) | contact=  4.9 mm

==============================================================================
  SETUP RESULT
==============================================================================
  stop: time | t=5.0 s | tip=3.1 deg | F=81.2 N | M=42.3 Nm
  contact_from_start = [-2.7, +0.7, -4.1] mm | norm=4.9 mm
  tcp_from_contact  = [-20.8, +60.9, +17.2] mm | norm=66.6 mm
  alignment: before=4.33 deg | after=2.74 deg | gain=+1.60 deg
  alignment components [t1,t2,n] deg: before=[-4.32,-0.34,-0.00] | after=[-1.74,-2.11,+0.00]

-- setup surface-frame breakdown ---------------------------------------------
  frame              alignment-target [tangent1, tangent2, normal]
  force        [N]      = [    +2.52,     -3.35,    -81.07]
  tcp_disp     [mm]     = [    -1.72,     +1.92,    -26.07]
  contact_disp [mm]     = [    -2.58,     +0.81,     -4.09]
  Kp_eff=F/tcp [N/m]    = [  -1462.9,   -1746.7,    3109.1]
  M_contact    [Nm]     = [    -5.50,    +40.85,     -1.77]
  tip_angle    [deg]    = [    +2.58,     -1.78,     +0.12]
  KR_eff=M/ang [Nm/rad] = [   -122.2,   -1316.3,    -848.4]
  frame              tool face [length, width, tool axis]
  M_contact    [Nm]     = [   -40.76,     +5.53,     +3.21]

-- center of compliance ------------------------------------------------------
  definition         r_c = p_TCP - p_c
  p_TCP [x,y,z]    = [    515.8,       4.0,      18.6] mm
  p_c [EE]         = [     -0.0,      -0.0,       0.0] mm
  r_c [t1,t2,n]    = [      0.0,       0.0,       0.0] mm
                     p_c resolved at end of setup

-- effective TCP impedance ---------------------------------------------------
  K_TCP translation = [   1999.5,    1998.7,     351.8] N/m
  K_TCP rotation   = [      5.0,       5.0,      50.0] Nm/rad
  commanded KR was = [      5.0,       5.0,      50.0] Nm/rad   including lever contribution
  D_TCP translation = [    232.1,     172.8,     112.6] Ns/m
  D_TCP rotation   = [      1.4,       2.0,       0.9] Nms/rad
  coupling           max |moment per unit translation| = 0.0 Nm/m (K), 0.0 Nms/m (D)
  eigenvalues        K_TCP 5.00 .. 2000 | D_TCP 0.90 .. 232  (both positive: valid springs)

  K_TCP [N/m, Nm/rad | rows fx..mz, cols tx..rz]:
           tx        ty        tz    |    rx        ry        rz
  fx [    2000  -0.7871   -28.44 |        0        0        0 ]
  fy [ -0.7871     1999   -45.62 |        0        0        0 ]
  fz [  -28.44   -45.62    351.8 |        0        0        0 ]
     ---------------------------+---------------------------
  mx [       0        0        0 |    5.013  0.02147   0.7756 ]
  my [       0        0        0 |  0.02147    5.034    1.244 ]
  mz [       0        0        0 |   0.7756    1.244    49.95 ]

  D_TCP [Ns/m, Nms/rad]:
           tx        ty        tz    |    rx        ry        rz
  fx [   232.1 -0.05706   -2.062 |        0        0        0 ]
  fy [-0.05706    172.8   -1.667 |        0        0        0 ]
  fz [  -2.062   -1.667    112.6 |        0        0        0 ]
     ---------------------------+---------------------------
  mx [       0        0        0 |    1.369 -0.0002247 -0.00812 ]
  my [       0        0        0 | -0.0002247    1.977 -0.02985 ]
  mz [       0        0        0 | -0.00812 -0.02985   0.8994 ]

[GATE] Set up finished (still pressing). Press Enter to start the grind (e+Enter stops).

Stop requested with e + Enter. Finishing control loop...

-- joint motion [deg] --------------------------------------------------------
  joint       start    final    delta
  q1            0.8      1.8     +1.0
  q2           12.1     30.3    +18.1
  q3           -0.5     -1.2     -0.7
  q4         -130.9   -128.8     +2.1
  q5           -0.2      1.1     +1.2
  q6          142.9    154.4    +11.5
  q7           44.7     45.0     +0.3

==============================================================================
  FINAL RESULT
==============================================================================
  p_d              = [    513.5,      -4.4,    -215.1] mm
  p_EE             = [    515.8,       4.0,      18.6] mm
  e_p              = [     -2.3,      -8.4,    -233.7] mm
  e_R              = [     2.58,     -1.78,      0.12] deg
------------------------------------------------------------------------------
  position error     233.85 mm
  rotation error     3.14 deg
  csv                logs/surface_grinding_controller_log.csv
------------------------------------------------------------------------------
