
==============================================================================
  SURFACE GRINDING CONTROLLER
==============================================================================
  robot              172.16.0.2
  parameters         /home/hm-panda/Desktop/Thesis_Final_Control/surface_grinding_controller/params
------------------------------------------------------------------------------

==============================================================================
  SURFACE GRINDING CONTROLLER - STARTUP MENU
==============================================================================

-- RUN MODES -----------------------------------------------------------------
  s      Run orientation, approach, setup, and grinding
  h      Cartesian pose hold at the initial posture
  t      Cartesian pose hold with the setup impedance
  g      Start manual guidance from the current robot pose

-- ROBOT PREPARATION ---------------------------------------------------------
  i      Move to the configured initial joint posture

-- GRIPPER AND TOOL ----------------------------------------------------------
  o      Open the gripper
  c      Grasp the tool
  r      Recalibrate the gripper with empty fingers
  f      Pick up the tool from the holder
  b      Return the tool to the holder

-- PROGRAM -------------------------------------------------------------------
  e      Exit
------------------------------------------------------------------------------
  During control: e = stop | m = startup menu | g = guidance
------------------------------------------------------------------------------
Selection [s/h/t/g/i/o/c/r/f/b/e]: 
-- SELECTED MODE: PHASE SEQUENCE ---------------------------------------------

-- moving to q_init ----------------------------------------------------------
  case               saved_qinit
  q1..q7 [deg]     = [0.8, 12.1, -0.5, -130.9, -0.2, 142.9, 44.7] deg
  saved_qinit = [0.014777, 0.210911, -0.009320, -2.284835, -0.002725, 2.493410, 0.780694] rad
  q_init reached.

-- start pose ----------------------------------------------------------------
  q_start          = [0.9, 12.1, -0.5, -130.9, -0.1, 142.9, 44.7] deg
  p_start          = [    531.3,       2.5,     156.8] mm

==============================================================================
  RUN
==============================================================================

-- phase: approach_orient ----------------------------------------------------
  Kp [t1,t2,n]     = [    150.0,     150.0,     150.0] N/m
  Dp [t1,t2,n]     = [    133.7,      94.2,     128.3] Ns/m     auto (factor 1.90)
  KR [t1,t2,n]     = [    180.0,     180.0,      90.0] Nm/rad
  DR [t1,t2,n]     = [     15.3,      25.0,       2.0] Nms/rad  auto (factor 1.90)
orient:     t=  0.0 s | axis_err=  8.5 deg | spin_err=  0.5 deg
orient:     t=  0.2 s | axis_err=  7.3 deg | spin_err=  0.3 deg
orient:     t=  0.4 s | axis_err=  3.2 deg | spin_err=  0.2 deg
orient:     t=  0.6 s | axis_err=  1.0 deg | spin_err=  0.3 deg
orient:     t=  0.8 s | axis_err=  0.8 deg | spin_err=  0.3 deg

Orientation reached: axis_err=0.8 deg | spin_err=0.3 deg

-- phase: approach_descend ---------------------------------------------------
  Kp [t1,t2,n]     = [    150.0,     150.0,     150.0] N/m
  Dp [t1,t2,n]     = [    133.7,      94.2,     128.3] Ns/m     auto (factor 1.90)
  KR [t1,t2,n]     = [    180.0,     180.0,      90.0] Nm/rad
  DR [t1,t2,n]     = [     15.3,      25.0,       2.0] Nms/rad  auto (factor 1.90)
  descend to         20 mm clearance at 0.100 m/s
descend:    t=  0.0 s | distance=   0.1 mm | height=+121.6 mm (target 20.0) | force=  0.0 N
descend:    t=  0.2 s | distance=  20.2 mm | height=+110.9 mm (target 20.0) | force=  1.6 N
descend:    t=  0.4 s | distance=  40.3 mm | height= +96.0 mm (target 20.0) | force=  2.4 N
descend:    t=  0.6 s | distance=  60.4 mm | height= +79.8 mm (target 20.0) | force=  2.6 N
descend:    t=  0.8 s | distance=  80.5 mm | height= +62.7 mm (target 20.0) | force=  2.8 N
descend:    t=  1.0 s | distance= 100.6 mm | height= +45.7 mm (target 20.0) | force=  3.3 N
descend:    t=  1.2 s | distance= 120.7 mm | height= +28.5 mm (target 20.0) | force=  2.4 N

Clearance reached: distance=131.0 mm | height=19.9 mm | target=20.0 mm | force=1.9 N
  offset_ee        = [     20.0,      60.0,      20.0] mm
  p_EE_at_contact  = [    516.7,       1.4,      49.8] mm
  contact_point    = [    535.2,     -56.0,       1.3] mm
  edge_offset      = [     18.5,     -57.4,     -48.4] mm

-- phase: setup --------------------------------------------------------------

-- setup impedance -----------------------------------------------------------
  law                wrench = K_TCP*dx + D_TCP*dv
                     K_TCP  = Ad(r_c)^T * blkdiag(Kp,KR) * Ad(r_c)
  Kp [t1,t2,n]     = [   2000.0,    2000.0,     350.0] N/m
  Dp [t1,t2,n]     = [    231.2,     178.1,     112.1] Ns/m     auto
  KR [t1,t2,n]     = [      5.0,       5.0,      50.0] Nm/rad
  DR [t1,t2,n]     = [      1.5,       1.9,       1.2] Nms/rad  auto
  p_c [EE]         = [     -0.0,      -0.0,     -60.0] mm       commanded in the tool frame
  r_c [t1,t2,n]    = [     -2.1,       9.3,     -59.2] mm       p_TCP - p_c, in the plane
setup:     t=  0.0 s | tip=  0.0 deg | F=  0.1 N | M=  0.1 Nm (limit 150.0) | contact= 19.8 mm
setup:     t=  0.2 s | tip=  1.0 deg | F=  1.4 N | M=  1.1 Nm (limit 150.0) | contact=  7.2 mm
setup:     t=  0.4 s | tip=  1.8 deg | F= 18.4 N | M=  9.8 Nm (limit 150.0) | contact=  5.0 mm
setup:     t=  0.6 s | tip=  1.8 deg | F= 15.3 N | M=  8.6 Nm (limit 150.0) | contact=  5.1 mm
setup:     t=  0.8 s | tip=  1.8 deg | F= 20.8 N | M= 11.5 Nm (limit 150.0) | contact=  5.2 mm
setup:     t=  1.0 s | tip=  1.8 deg | F= 26.7 N | M= 14.6 Nm (limit 150.0) | contact=  5.4 mm
setup:     t=  1.2 s | tip=  1.8 deg | F= 32.5 N | M= 17.6 Nm (limit 150.0) | contact=  5.5 mm
setup:     t=  1.4 s | tip=  1.8 deg | F= 37.9 N | M= 20.4 Nm (limit 150.0) | contact=  5.6 mm
setup:     t=  1.6 s | tip=  1.9 deg | F= 43.6 N | M= 23.2 Nm (limit 150.0) | contact=  5.8 mm
setup:     t=  1.8 s | tip=  1.9 deg | F= 49.1 N | M= 26.1 Nm (limit 150.0) | contact=  5.9 mm
setup:     t=  2.0 s | tip=  1.9 deg | F= 54.9 N | M= 29.0 Nm (limit 150.0) | contact=  6.0 mm
setup:     t=  2.2 s | tip=  1.9 deg | F= 60.5 N | M= 31.9 Nm (limit 150.0) | contact=  6.2 mm
setup:     t=  2.4 s | tip=  1.9 deg | F= 66.6 N | M= 35.0 Nm (limit 150.0) | contact=  6.3 mm
setup:     t=  2.6 s | tip=  2.0 deg | F= 71.8 N | M= 37.6 Nm (limit 150.0) | contact=  6.5 mm
setup:     t=  2.8 s | tip=  2.1 deg | F= 76.1 N | M= 39.8 Nm (limit 150.0) | contact=  6.6 mm
setup:     t=  3.0 s | tip=  2.3 deg | F= 85.0 N | M= 44.4 Nm (limit 150.0) | contact=  6.6 mm
setup:     t=  3.2 s | tip=  2.7 deg | F= 87.2 N | M= 45.5 Nm (limit 150.0) | contact=  6.8 mm
setup:     t=  3.4 s | tip=  3.2 deg | F= 81.0 N | M= 42.3 Nm (limit 150.0) | contact=  6.6 mm
setup:     t=  3.6 s | tip=  4.0 deg | F= 80.6 N | M= 42.2 Nm (limit 150.0) | contact=  6.6 mm
setup:     t=  3.8 s | tip=  4.5 deg | F= 80.9 N | M= 42.3 Nm (limit 150.0) | contact=  6.6 mm
setup:     t=  4.0 s | tip=  5.1 deg | F= 81.3 N | M= 42.5 Nm (limit 150.0) | contact=  6.7 mm
setup:     t=  4.2 s | tip=  5.3 deg | F= 81.4 N | M= 42.7 Nm (limit 150.0) | contact=  6.8 mm
setup:     t=  4.4 s | tip=  5.5 deg | F= 80.9 N | M= 42.3 Nm (limit 150.0) | contact=  6.7 mm
setup:     t=  4.6 s | tip=  5.6 deg | F= 80.9 N | M= 42.4 Nm (limit 150.0) | contact=  6.7 mm
setup:     t=  4.8 s | tip=  5.7 deg | F= 81.1 N | M= 42.5 Nm (limit 150.0) | contact=  6.7 mm

==============================================================================
  SETUP RESULT
==============================================================================
  stop: time | t=5.0 s | tip=5.7 deg | F=81.0 N | M=42.4 Nm
  contact_from_start = [-5.0, +0.4, -4.6] mm | norm=6.8 mm
  tcp_from_contact  = [-22.3, +59.7, +19.6] mm | norm=66.7 mm
  alignment: before=9.34 deg | after=5.20 deg | gain=+4.14 deg
  alignment components [t1,t2,n] deg: before=[-9.33,-0.47,+0.00] | after=[-4.26,-2.99,+0.00]

-- setup surface-frame breakdown ---------------------------------------------
  frame              alignment-target [tangent1, tangent2, normal]
  force        [N]      = [    -0.54,    -16.89,    -79.23]
  tcp_disp     [mm]     = [    -3.36,     +3.08,    -28.82]
  contact_disp [mm]     = [    -4.89,     +0.53,     -4.64]
  Kp_eff=F/tcp [N/m]    = [    159.9,   -5482.5,    2749.4]
  M_contact    [Nm]     = [    -2.59,    +40.11,     -8.14]
  tip_angle    [deg]    = [    +5.08,     -2.58,     +0.28]
  KR_eff=M/ang [Nm/rad] = [    -29.2,    -892.0,   -1646.9]
  frame              tool face [length, width, tool axis]
  M_contact    [Nm]     = [   -39.38,     +2.40,    +11.21]

-- center of compliance ------------------------------------------------------
  definition         r_c = p_TCP - p_c
  p_TCP [x,y,z]    = [    512.9,       3.6,      21.0] mm
  p_c [EE]         = [     -0.0,      -0.0,     -60.0] mm
  r_c [t1,t2,n]    = [     -4.7,       4.1,     -59.7] mm
                     p_c resolved at end of setup

-- effective TCP impedance ---------------------------------------------------
  K_TCP translation = [   1999.5,    1998.7,     351.8] N/m
  K_TCP rotation   = [     12.1,      12.2,      50.0] Nm/rad
  commanded KR was = [      5.0,       5.0,      50.0] Nm/rad   including lever contribution
  D_TCP translation = [    231.1,     178.0,     112.2] Ns/m
  D_TCP rotation   = [      2.1,       2.7,       1.2] Nms/rad
  coupling           max |moment per unit translation| = 119.5 Nm/m (K), 13.8 Nms/m (D)
  eigenvalues        K_TCP 4.98 .. 2007 | D_TCP 1.21 .. 232  (both positive: valid springs)

  K_TCP [N/m, Nm/rad | rows fx..mz, cols tx..rz]:
           tx        ty        tz    |    rx        ry        rz
  fx [    2000  -0.7871   -28.44 |   0.1155    119.5    4.815 ]
  fy [ -0.7871     1999   -45.62 |   -119.2    0.215    11.47 ]
  fz [  -28.44   -45.62    351.8 |    1.875   -3.717  -0.3305 ]
     ---------------------------+---------------------------
  mx [  0.1155   -119.2    1.875 |    12.12   0.0176  0.09165 ]
  my [   119.5    0.215   -3.717 |   0.0176    12.19    1.533 ]
  mz [   4.815    11.47  -0.3305 |  0.09165    1.533    50.03 ]

  D_TCP [Ns/m, Nms/rad]:
           tx        ty        tz    |    rx        ry        rz
  fx [   231.1 -0.05679   -2.052 | 0.008335     13.8   0.5567 ]
  fy [-0.05679      178   -1.823 |   -10.62  0.00708    1.022 ]
  fz [  -2.052   -1.823    112.2 |  -0.1616  -0.7666 -0.01541 ]
     ---------------------------+---------------------------
  mx [0.008335   -10.62  -0.1616 |    2.125 0.001289 -0.06587 ]
  my [    13.8  0.00708  -0.7666 | 0.001289    2.724  0.01421 ]
  mz [  0.5567    1.022 -0.01541 | -0.06587  0.01421    1.213 ]

[GATE] Set up finished (still pressing). Press Enter to start the grind (e+Enter stops).

Stop requested with e + Enter. Finishing control loop...

-- joint motion [deg] --------------------------------------------------------
  joint       start    final    delta
  q1            0.9      4.9     +4.1
  q2           12.1     29.9    +17.8
  q3           -0.5     -4.2     -3.6
  q4         -130.9   -128.7     +2.2
  q5           -0.1      9.8    +10.0
  q6          142.9    152.7     +9.8
  q7           44.7     37.8     -7.0

==============================================================================
  FINAL RESULT
==============================================================================
  p_d              = [    512.2,      -5.8,    -210.0] mm
  p_EE             = [    512.9,       3.6,      21.0] mm
  e_p              = [     -0.6,      -9.5,    -231.0] mm
  e_R              = [     5.09,     -2.57,      0.27] deg
------------------------------------------------------------------------------
  position error     231.15 mm
  rotation error     5.71 deg
  csv                logs/surface_grinding_controller_log.csv
------------------------------------------------------------------------------
