
==============================================================================
  SURFACE GRINDING CONTROLLER
==============================================================================
  robot              172.16.0.2
  parameters         /home/hm-panda/Desktop/Thesis_Final_Control/surface_grinding_controller/params
------------------------------------------------------------------------------

==============================================================================
  SURFACE GRINDING CONTROLLER - STARTUP MENU
==============================================================================

-- RUN MODES -----------------------------------------------------------------
  s      Run orientation, approach, setup, and grinding
  h      Cartesian pose hold at the initial posture
  t      Cartesian pose hold with the setup impedance
  g      Start manual guidance from the current robot pose

-- ROBOT PREPARATION ---------------------------------------------------------
  i      Move to the configured initial joint posture

-- GRIPPER AND TOOL ----------------------------------------------------------
  o      Open the gripper
  c      Grasp the tool
  r      Recalibrate the gripper with empty fingers
  f      Pick up the tool from the holder
  b      Return the tool to the holder

-- PROGRAM -------------------------------------------------------------------
  e      Exit
------------------------------------------------------------------------------
  During control: e = stop | m = startup menu | g = guidance
------------------------------------------------------------------------------
Selection [s/h/t/g/i/o/c/r/f/b/e]: 
-- SELECTED MODE: PHASE SEQUENCE ---------------------------------------------

-- moving to q_init ----------------------------------------------------------
  case               saved_qinit
  q1..q7 [deg]     = [0.8, 12.1, -0.5, -130.9, -0.2, 142.9, 44.7] deg
  saved_qinit = [0.014777, 0.210911, -0.009320, -2.284835, -0.002725, 2.493410, 0.780694] rad
  q_init reached.

-- start pose ----------------------------------------------------------------
  q_start          = [0.8, 12.1, -0.5, -130.9, -0.1, 142.9, 44.7] deg
  p_start          = [    531.3,       2.4,     156.8] mm

==============================================================================
  RUN
==============================================================================

-- phase: approach_orient ----------------------------------------------------
  Kp [t1,t2,n]     = [    150.0,     150.0,     150.0] N/m
  Dp [t1,t2,n]     = [    133.7,      94.2,     128.3] Ns/m     auto (factor 1.90)
  KR [t1,t2,n]     = [    180.0,     180.0,      90.0] Nm/rad
  DR [t1,t2,n]     = [     15.3,      25.0,       2.0] Nms/rad  auto (factor 1.90)
orient:     t=  0.0 s | axis_err=  8.5 deg | spin_err=  0.5 deg
orient:     t=  0.2 s | axis_err=  7.3 deg | spin_err=  0.2 deg
orient:     t=  0.4 s | axis_err=  3.2 deg | spin_err=  0.2 deg
orient:     t=  0.6 s | axis_err=  1.1 deg | spin_err=  0.3 deg
orient:     t=  0.8 s | axis_err=  0.9 deg | spin_err=  0.2 deg

Orientation reached: axis_err=0.8 deg | spin_err=0.2 deg

-- phase: approach_descend ---------------------------------------------------
  Kp [t1,t2,n]     = [    150.0,     150.0,     150.0] N/m
  Dp [t1,t2,n]     = [    133.7,      94.2,     128.3] Ns/m     auto (factor 1.90)
  KR [t1,t2,n]     = [    180.0,     180.0,      90.0] Nm/rad
  DR [t1,t2,n]     = [     15.3,      25.0,       2.0] Nms/rad  auto (factor 1.90)
  descend to         20 mm clearance at 0.100 m/s
descend:    t=  0.0 s | distance=   0.1 mm | height=+121.9 mm (target 20.0) | force= -0.0 N
descend:    t=  0.2 s | distance=  20.2 mm | height=+111.1 mm (target 20.0) | force=  1.2 N
descend:    t=  0.4 s | distance=  40.3 mm | height= +96.1 mm (target 20.0) | force=  2.4 N
descend:    t=  0.6 s | distance=  60.4 mm | height= +80.1 mm (target 20.0) | force=  2.8 N
descend:    t=  0.8 s | distance=  80.5 mm | height= +63.0 mm (target 20.0) | force=  2.4 N
descend:    t=  1.0 s | distance= 100.6 mm | height= +46.1 mm (target 20.0) | force=  3.3 N
descend:    t=  1.2 s | distance= 120.7 mm | height= +29.2 mm (target 20.0) | force=  2.2 N

Clearance reached: distance=131.9 mm | height=20.0 mm | target=20.0 mm | force=2.1 N
  offset_ee        = [     20.0,      60.0,      20.0] mm
  p_EE_at_contact  = [    516.9,       1.2,      49.8] mm
  contact_point    = [    535.3,     -56.2,       1.4] mm
  edge_offset      = [     18.4,     -57.5,     -48.4] mm

-- phase: setup --------------------------------------------------------------

-- setup impedance -----------------------------------------------------------
  law                wrench = K_TCP*dx + D_TCP*dv
                     K_TCP  = Ad(r_c)^T * blkdiag(Kp,KR) * Ad(r_c)
  Kp [t1,t2,n]     = [   2000.0,    2000.0,     350.0] N/m
  Dp [t1,t2,n]     = [    231.2,     178.0,     112.1] Ns/m     auto
  KR [t1,t2,n]     = [      5.0,       5.0,      50.0] Nm/rad
  DR [t1,t2,n]     = [      1.5,       1.9,       1.2] Nms/rad  auto
  p_c [EE]         = [      0.0,       0.0,     -90.0] mm       commanded in the tool frame
  r_c [t1,t2,n]    = [     -3.2,      13.9,     -88.9] mm       p_TCP - p_c, in the plane
setup:     t=  0.0 s | ee=  0.0 deg | F=  0.1 N | M=  0.0 Nm (limit 150.0) | contact= 19.9 mm
setup:     t=  0.2 s | ee=  1.1 deg | F=  1.2 N | M=  1.1 Nm (limit 150.0) | contact=  7.4 mm
setup:     t=  0.4 s | ee=  1.8 deg | F= 14.5 N | M=  8.1 Nm (limit 150.0) | contact=  5.9 mm
setup:     t=  0.6 s | ee=  1.8 deg | F= 14.7 N | M=  8.3 Nm (limit 150.0) | contact=  5.9 mm
setup:     t=  0.8 s | ee=  1.8 deg | F= 20.8 N | M= 11.3 Nm (limit 150.0) | contact=  6.0 mm
setup:     t=  1.0 s | ee=  1.9 deg | F= 26.3 N | M= 14.1 Nm (limit 150.0) | contact=  6.2 mm
setup:     t=  1.2 s | ee=  1.9 deg | F= 32.4 N | M= 17.3 Nm (limit 150.0) | contact=  6.3 mm
setup:     t=  1.4 s | ee=  1.9 deg | F= 38.3 N | M= 20.3 Nm (limit 150.0) | contact=  6.4 mm
setup:     t=  1.6 s | ee=  1.9 deg | F= 43.7 N | M= 23.1 Nm (limit 150.0) | contact=  6.6 mm
setup:     t=  1.8 s | ee=  1.9 deg | F= 49.5 N | M= 26.1 Nm (limit 150.0) | contact=  6.7 mm
setup:     t=  2.0 s | ee=  1.9 deg | F= 54.9 N | M= 28.8 Nm (limit 150.0) | contact=  6.8 mm
setup:     t=  2.2 s | ee=  2.0 deg | F= 60.5 N | M= 31.8 Nm (limit 150.0) | contact=  7.0 mm
setup:     t=  2.4 s | ee=  2.0 deg | F= 66.2 N | M= 34.7 Nm (limit 150.0) | contact=  7.1 mm
setup:     t=  2.6 s | ee=  2.0 deg | F= 72.2 N | M= 37.8 Nm (limit 150.0) | contact=  7.2 mm
setup:     t=  2.8 s | ee=  2.1 deg | F= 77.0 N | M= 40.4 Nm (limit 150.0) | contact=  7.4 mm
setup:     t=  3.0 s | ee=  2.1 deg | F= 82.0 N | M= 43.0 Nm (limit 150.0) | contact=  7.5 mm
setup:     t=  3.2 s | ee=  2.3 deg | F= 88.0 N | M= 46.2 Nm (limit 150.0) | contact=  7.7 mm
setup:     t=  3.4 s | ee=  2.4 deg | F= 82.3 N | M= 43.3 Nm (limit 150.0) | contact=  7.5 mm
setup:     t=  3.6 s | ee=  2.5 deg | F= 81.7 N | M= 43.0 Nm (limit 150.0) | contact=  7.5 mm
setup:     t=  3.8 s | ee=  2.6 deg | F= 80.9 N | M= 42.6 Nm (limit 150.0) | contact=  7.5 mm
setup:     t=  4.0 s | ee=  2.7 deg | F= 82.0 N | M= 43.1 Nm (limit 150.0) | contact=  7.5 mm
setup:     t=  4.2 s | ee=  2.7 deg | F= 82.2 N | M= 43.2 Nm (limit 150.0) | contact=  7.5 mm
setup:     t=  4.4 s | ee=  2.8 deg | F= 81.5 N | M= 42.8 Nm (limit 150.0) | contact=  7.5 mm
setup:     t=  4.6 s | ee=  2.8 deg | F= 81.7 N | M= 42.9 Nm (limit 150.0) | contact=  7.5 mm
setup:     t=  4.8 s | ee=  2.8 deg | F= 81.6 N | M= 42.9 Nm (limit 150.0) | contact=  7.5 mm

==============================================================================
  SETUP RESULT
==============================================================================
  stop: time | t=5.0 s | ee=2.8 deg | F=81.7 N | M=42.9 Nm
  contact_from_start = [-5.9, +0.1, -4.6] mm | norm=7.5 mm
  tcp_from_contact  = [-24.0, +57.8, +22.8] mm | norm=66.6 mm
  deviation: before=9.27 deg | after=7.98 deg | gain=+1.29 deg
  deviation components [t1,t2,n] deg: before=[-9.25,-0.50,+0.00] | after=[-7.51,-2.70,+0.00]

-- setup surface-frame breakdown ---------------------------------------------
  frame              alignment-target [tangent1, tangent2, normal]
  force        [N]      = [    +1.52,     -8.87,    -81.16]
  tcp_disp     [mm]     = [    -5.11,     +1.03,    -25.69]
  contact_disp [mm]     = [    -5.83,     +0.27,     -4.73]
  Kp_eff=F/tcp [N/m]    = [   -296.9,   -8623.0,    3159.5]
  M_contact    [Nm]     = [    -2.00,    +41.19,     -4.28]
  tip_angle    [deg]    = [    +1.74,     -2.16,     -0.38]
  KR_eff=M/ang [Nm/rad] = [    -65.9,   -1091.0,     642.2]
  frame              tool face [length, width, tool axis]
  M_contact    [Nm]     = [   -40.27,     +1.52,     +9.71]

-- center of compliance ------------------------------------------------------
  definition         r_c = p_TCP - p_c
  p_TCP [x,y,z]    = [    511.3,       1.6,      24.1] mm
  p_c [EE]         = [     -0.0,      -0.0,     -90.0] mm
  r_c [t1,t2,n]    = [     -6.6,      11.1,     -89.1] mm
                     p_c resolved at end of setup

-- effective TCP impedance ---------------------------------------------------
  K_TCP translation = [   1999.5,    1998.7,     351.8] N/m
  K_TCP rotation   = [     20.9,      21.0,      50.2] Nm/rad
  commanded KR was = [      5.0,       5.0,      50.0] Nm/rad   including lever contribution
  D_TCP translation = [    231.2,     177.9,     112.2] Ns/m
  D_TCP rotation   = [      2.9,       3.7,       1.2] Nms/rad
  coupling           max |moment per unit translation| = 178.6 Nm/m (K), 20.6 Nms/m (D)
  eigenvalues        K_TCP 4.96 .. 2016 | D_TCP 1.20 .. 233  (both positive: valid springs)

  K_TCP [N/m, Nm/rad | rows fx..mz, cols tx..rz]:
           tx        ty        tz    |    rx        ry        rz
  fx [    2000  -0.7871   -28.44 |   0.3169    178.6    17.34 ]
  fy [ -0.7871     1999   -45.62 |   -177.9   0.3007    16.24 ]
  fz [  -28.44   -45.62    351.8 |    1.019   -5.397  -0.6176 ]
     ---------------------------+---------------------------
  mx [  0.3169   -177.9    1.019 |    20.88  0.04145  -0.6682 ]
  my [   178.6   0.3007   -5.397 |  0.04145    21.01    2.796 ]
  mz [   17.34    16.24  -0.6176 |  -0.6682    2.796    50.23 ]

  D_TCP [Ns/m, Nms/rad]:
           tx        ty        tz    |    rx        ry        rz
  fx [   231.2 -0.05684   -2.053 |  0.02288    20.64    2.005 ]
  fy [-0.05684    177.9   -1.822 |   -15.86 0.009741    1.446 ]
  fz [  -2.053   -1.822    112.2 |  -0.8103   -1.095 -0.03262 ]
     ---------------------------+---------------------------
  mx [ 0.02288   -15.86  -0.8103 |     2.91 0.008493  -0.1337 ]
  my [   20.64 0.009741   -1.095 | 0.008493    3.749   0.1598 ]
  mz [   2.005    1.446 -0.03262 |  -0.1337   0.1598     1.23 ]

[GATE] Set up finished (still pressing). Press Enter to start the grind (e+Enter stops).

Stop requested with e + Enter. Finishing control loop...

-- joint motion [deg] --------------------------------------------------------
  joint       start    final    delta
  q1            0.8      4.4     +3.6
  q2           12.1     29.3    +17.2
  q3           -0.5     -4.2     -3.7
  q4         -130.9   -129.0     +1.9
  q5           -0.1     16.5    +16.6
  q6          142.9    152.1     +9.2
  q7           44.7     30.5    -14.3

==============================================================================
  FINAL RESULT
==============================================================================
  p_d              = [    512.4,      -6.0,    -210.1] mm
  p_EE             = [    511.3,       1.6,      24.1] mm
  e_p              = [      1.1,      -7.5,    -234.2] mm
  e_R              = [     1.73,     -2.17,     -0.35] deg
------------------------------------------------------------------------------
  position error     234.33 mm
  rotation error     2.80 deg
  csv                logs/surface_grinding_controller_log.csv
------------------------------------------------------------------------------
