
==============================================================================
  SURFACE GRINDING CONTROLLER
==============================================================================
  robot              172.16.0.2
  parameters         /home/hm-panda/Desktop/Thesis_Final_Control/surface_grinding_controller/params
------------------------------------------------------------------------------

==============================================================================
  SURFACE GRINDING CONTROLLER - STARTUP MENU
==============================================================================

-- RUN MODES -----------------------------------------------------------------
  s      Run orientation, approach, setup, and grinding
  h      Cartesian pose hold at the initial posture
  t      Cartesian pose hold with the setup impedance
  g      Start manual guidance from the current robot pose

-- ROBOT PREPARATION ---------------------------------------------------------
  i      Move to the configured initial joint posture

-- GRIPPER AND TOOL ----------------------------------------------------------
  o      Open the gripper
  c      Grasp the tool
  r      Recalibrate the gripper with empty fingers
  f      Pick up the tool from the holder
  b      Return the tool to the holder

-- PROGRAM -------------------------------------------------------------------
  e      Exit
------------------------------------------------------------------------------
  During control: e = stop | m = startup menu | g = guidance
------------------------------------------------------------------------------
Selection [s/h/t/g/i/o/c/r/f/b/e]: 
-- SELECTED MODE: PHASE SEQUENCE ---------------------------------------------

-- moving to q_init ----------------------------------------------------------
  case               saved_qinit
  q1..q7 [deg]     = [0.8, 12.1, -0.5, -130.9, -0.2, 142.9, 44.7] deg
  saved_qinit = [0.014777, 0.210911, -0.009320, -2.284835, -0.002725, 2.493410, 0.780694] rad
  q_init reached.

-- start pose ----------------------------------------------------------------
  q_start          = [0.8, 12.1, -0.5, -130.9, -0.2, 142.9, 44.7] deg
  p_start          = [    531.4,       2.5,     156.9] mm

==============================================================================
  RUN
==============================================================================

-- phase: approach_orient ----------------------------------------------------
  Kp [t1,t2,n]     = [    150.0,     150.0,     150.0] N/m
  Dp [t1,t2,n]     = [    133.7,      94.2,     128.3] Ns/m     auto (factor 1.90)
  KR [t1,t2,n]     = [    180.0,     180.0,      90.0] Nm/rad
  DR [t1,t2,n]     = [     15.3,      25.0,       2.0] Nms/rad  auto (factor 1.90)
orient:     t=  0.0 s | axis_err= 12.5 deg | spin_err=  0.6 deg
orient:     t=  0.2 s | axis_err= 11.0 deg | spin_err=  0.4 deg
orient:     t=  0.4 s | axis_err=  7.8 deg | spin_err=  0.2 deg
orient:     t=  0.6 s | axis_err=  4.1 deg | spin_err=  0.1 deg
orient:     t=  0.8 s | axis_err=  1.6 deg | spin_err=  0.0 deg
orient:     t=  1.0 s | axis_err=  1.0 deg | spin_err=  0.0 deg

Orientation reached: axis_err=0.9 deg | spin_err=0.0 deg

-- phase: approach_descend ---------------------------------------------------
  Kp [t1,t2,n]     = [    150.0,     150.0,     150.0] N/m
  Dp [t1,t2,n]     = [    133.7,      94.2,     128.3] Ns/m     auto (factor 1.90)
  KR [t1,t2,n]     = [    180.0,     180.0,      90.0] Nm/rad
  DR [t1,t2,n]     = [     15.3,      25.0,       2.0] Nms/rad  auto (factor 1.90)
  descend to         20 mm clearance at 0.100 m/s
descend:    t=  0.0 s | distance=   0.1 mm | height=+124.5 mm (target 20.0) | force=  0.0 N
descend:    t=  0.2 s | distance=  20.2 mm | height=+112.6 mm (target 20.0) | force=  2.6 N
descend:    t=  0.4 s | distance=  40.3 mm | height= +96.5 mm (target 20.0) | force=  2.7 N
descend:    t=  0.6 s | distance=  60.4 mm | height= +79.3 mm (target 20.0) | force=  1.5 N
descend:    t=  0.8 s | distance=  80.5 mm | height= +61.7 mm (target 20.0) | force=  2.8 N
descend:    t=  1.0 s | distance= 100.6 mm | height= +44.0 mm (target 20.0) | force=  1.7 N
descend:    t=  1.2 s | distance= 120.7 mm | height= +26.3 mm (target 20.0) | force=  2.8 N

Clearance reached: distance=127.9 mm | height=19.9 mm | target=20.0 mm | force=1.9 N
  offset_ee        = [     20.0,       0.0,      20.0] mm
  p_EE_at_contact  = [    502.4,      -0.6,      44.0] mm
  contact_point    = [    517.3,      -1.8,       0.2] mm
  edge_offset      = [     14.9,      -1.2,     -43.8] mm

-- phase: setup --------------------------------------------------------------

-- setup impedance -----------------------------------------------------------
  law                wrench = K_TCP*dx + D_TCP*dv
                     K_TCP  = Ad(r_c)^T * blkdiag(Kp,KR) * Ad(r_c)
  Kp [t1,t2,n]     = [   2000.0,    2000.0,     350.0] N/m
  Dp [t1,t2,n]     = [    236.7,     176.3,     109.9] Ns/m     auto
  KR [t1,t2,n]     = [      5.0,       5.0,      50.0] Nm/rad
  DR [t1,t2,n]     = [      1.3,       2.2,       1.2] Nms/rad  auto
  p_c [EE]         = [    -40.0,       0.0,       0.0] mm       commanded in the tool frame
  r_c [t1,t2,n]    = [     39.2,      -0.0,      -8.0] mm       p_TCP - p_c, in the plane
setup:     t=  0.0 s | ee=  0.0 deg | F=  0.1 N | M=  0.0 Nm (limit 150.0) | contact= 19.9 mm
setup:     t=  0.2 s | ee=  0.5 deg | F=  1.1 N | M=  0.3 Nm (limit 150.0) | contact=  7.2 mm
setup:     t=  0.4 s | ee=  1.1 deg | F= 15.6 N | M=  0.6 Nm (limit 150.0) | contact=  2.4 mm
setup:     t=  0.6 s | ee=  1.0 deg | F= 15.5 N | M=  0.3 Nm (limit 150.0) | contact=  2.4 mm
setup:     t=  0.8 s | ee=  1.0 deg | F= 21.2 N | M=  0.6 Nm (limit 150.0) | contact=  2.5 mm
setup:     t=  1.0 s | ee=  1.1 deg | F= 27.2 N | M=  0.9 Nm (limit 150.0) | contact=  2.7 mm
setup:     t=  1.2 s | ee=  1.1 deg | F= 32.9 N | M=  1.2 Nm (limit 150.0) | contact=  2.9 mm
setup:     t=  1.4 s | ee=  1.1 deg | F= 38.3 N | M=  1.4 Nm (limit 150.0) | contact=  3.2 mm
setup:     t=  1.6 s | ee=  1.0 deg | F= 44.8 N | M=  1.5 Nm (limit 150.0) | contact=  3.6 mm
setup:     t=  1.8 s | ee=  1.5 deg | F= 52.1 N | M=  0.9 Nm (limit 150.0) | contact=  4.5 mm
setup:     t=  2.0 s | ee=  1.4 deg | F= 57.0 N | M=  1.2 Nm (limit 150.0) | contact=  5.0 mm
setup:     t=  2.2 s | ee=  1.6 deg | F= 63.6 N | M=  1.3 Nm (limit 150.0) | contact=  5.3 mm
setup:     t=  2.4 s | ee=  2.2 deg | F= 67.5 N | M=  1.8 Nm (limit 150.0) | contact=  5.3 mm
setup:     t=  2.6 s | ee=  2.3 deg | F= 72.3 N | M=  1.8 Nm (limit 150.0) | contact=  5.3 mm
setup:     t=  2.8 s | ee=  2.4 deg | F= 79.4 N | M=  2.0 Nm (limit 150.0) | contact=  5.3 mm
setup:     t=  3.0 s | ee=  2.7 deg | F= 85.2 N | M=  2.0 Nm (limit 150.0) | contact=  5.1 mm
setup:     t=  3.2 s | ee=  3.4 deg | F= 89.9 N | M=  2.1 Nm (limit 150.0) | contact=  5.1 mm
setup:     t=  3.4 s | ee=  4.1 deg | F= 83.9 N | M=  2.3 Nm (limit 150.0) | contact=  4.5 mm
setup:     t=  3.6 s | ee=  4.6 deg | F= 83.2 N | M=  2.4 Nm (limit 150.0) | contact=  4.4 mm
setup:     t=  3.8 s | ee=  4.6 deg | F= 82.9 N | M=  2.2 Nm (limit 150.0) | contact=  4.4 mm
setup:     t=  4.0 s | ee=  4.6 deg | F= 82.9 N | M=  2.2 Nm (limit 150.0) | contact=  4.4 mm
setup:     t=  4.2 s | ee=  4.6 deg | F= 82.8 N | M=  2.2 Nm (limit 150.0) | contact=  4.4 mm
setup:     t=  4.4 s | ee=  4.6 deg | F= 82.8 N | M=  2.2 Nm (limit 150.0) | contact=  4.4 mm
setup:     t=  4.6 s | ee=  4.6 deg | F= 82.6 N | M=  2.2 Nm (limit 150.0) | contact=  4.4 mm
setup:     t=  4.8 s | ee=  4.6 deg | F= 82.7 N | M=  2.2 Nm (limit 150.0) | contact=  4.4 mm

==============================================================================
  SETUP RESULT
==============================================================================
  stop: time | t=5.0 s | ee=4.6 deg | F=82.6 N | M_TCP=2.2 Nm
  contact_from_start = [-2.2, +0.1, -3.7] mm | norm=4.4 mm
  tcp_from_contact  = [-19.2, +0.0, +18.9] mm | norm=26.9 mm
  deviation: before=10.00 deg | after=5.88 deg | gain=+4.12 deg
  t_align: not reached | tolerance=2.00 deg | hold=0.30 s
  t_align_fraction: not reached | fraction=0.50 of the deviation at contact
  deviation_min: 5.88 deg at t=4.99 s
  align_status: not_aligned
  deviation components [t1,t2,n] deg: before=[-0.42,-9.99,-0.00] | after=[-1.71,-5.63,+0.00]

-- setup surface-frame breakdown ---------------------------------------------
  frame              alignment-target [tangent1, tangent2, normal]
  force        [N]      = [   +10.63,     +1.23,    -81.93]
  tcp_disp     [mm]     = [    -3.92,     -0.50,    -25.03]
  contact_disp [mm]     = [    -2.17,     +0.17,     -3.78]
  Kp_eff=F/tcp [N/m]    = [  -2715.2,   -2474.0,    3273.6]
  M_contact    [Nm]     = [    +1.74,     -2.49,     -0.31]
  ee_angle     [deg]    = [    -1.36,     +4.37,     -0.43]
  KR_eff=M/ang [Nm/rad] = [    -73.3,     -32.6,      41.2]
  frame              tool face [length, width, tool axis]
  M_contact    [Nm]     = [    +2.51,     -1.73,     +0.06]

-- center of compliance ------------------------------------------------------
  definition         r_c = p_TCP - p_c
  p_TCP [x,y,z]    = [    498.0,      -1.8,      19.0] mm
  p_c [EE]         = [    -40.0,       0.0,      -0.0] mm
  r_c [t1,t2,n]    = [     39.7,       0.4,      -5.0] mm
                     p_c resolved at end of setup

-- effective TCP impedance ---------------------------------------------------
  K_TCP translation = [   1999.5,    1998.7,     351.8] N/m
  K_TCP rotation   = [      5.1,       5.6,      53.1] Nm/rad
  commanded KR was = [      5.0,       5.0,      50.0] Nm/rad   including lever contribution
  D_TCP translation = [    236.6,     176.2,     110.0] Ns/m
  D_TCP rotation   = [      1.3,       2.4,       1.5] Nms/rad
  coupling           max |moment per unit translation| = 79.1 Nm/m (K), 7.0 Nms/m (D)
  eigenvalues        K_TCP 4.99 .. 2003 | D_TCP 1.19 .. 237  (both positive: valid springs)

  K_TCP [N/m, Nm/rad | rows fx..mz, cols tx..rz]:
           tx        ty        tz    |    rx        ry        rz
  fx [    2000  -0.7871   -28.44 |  0.01246    10.18   0.5945 ]
  fy [ -0.7871     1999   -45.62 |   -11.29   -1.811   -79.14 ]
  fz [  -28.44   -45.62    351.8 |   0.1589    13.77    1.798 ]
     ---------------------------+---------------------------
  mx [ 0.01246   -11.29   0.1589 |    5.077  0.02783    1.223 ]
  my [   10.18   -1.811    13.77 |  0.02783    5.637    1.319 ]
  mz [  0.5945   -79.14    1.798 |    1.223    1.319    53.09 ]

  D_TCP [Ns/m, Nms/rad]:
           tx        ty        tz    |    rx        ry        rz
  fx [   236.6 -0.06047   -2.185 | 0.0009574    1.252  0.06907 ]
  fy [-0.06047    176.2   -1.833 |  -0.9959 -0.07293   -6.977 ]
  fz [  -2.185   -1.833      110 | -0.02063    4.344  0.07198 ]
     ---------------------------+---------------------------
  mx [0.0009574  -0.9959 -0.02063 |    1.297 -0.0008594  0.03771 ]
  my [   1.252 -0.07293    4.344 | -0.0008594    2.395 -0.02511 ]
  mz [ 0.06907   -6.977  0.07198 |  0.03771 -0.02511    1.469 ]

[GATE] Set up finished (still pressing). Press Enter to start the grind (e+Enter stops).

Stop requested with e + Enter. Finishing control loop...

-- joint motion [deg] --------------------------------------------------------
  joint       start    final    delta
  q1            0.8     -0.4     -1.2
  q2           12.1     29.2    +17.0
  q3           -0.5      0.2     +0.7
  q4         -130.9   -129.8     +1.1
  q5           -0.2     -0.8     -0.6
  q6          142.9    150.9     +8.0
  q7           44.7     45.1     +0.3

==============================================================================
  FINAL RESULT
==============================================================================
  p_d              = [    497.9,      -7.8,    -215.9] mm
  p_EE             = [    498.1,      -1.8,      19.0] mm
  e_p              = [     -0.1,      -6.0,    -234.9] mm
  e_R              = [    -1.37,      4.36,     -0.53] deg
------------------------------------------------------------------------------
  position error     234.99 mm
  rotation error     4.60 deg
  csv                logs/surface_grinding_controller_log.csv
------------------------------------------------------------------------------
