
==============================================================================
  SURFACE GRINDING CONTROLLER
==============================================================================
  robot              172.16.0.2
  parameters         /home/hm-panda/Desktop/Thesis_Final_Control/surface_grinding_controller/params
------------------------------------------------------------------------------

==============================================================================
  SURFACE GRINDING CONTROLLER - STARTUP MENU
==============================================================================

-- RUN MODES -----------------------------------------------------------------
  s      Run orientation, approach, setup, and grinding
  h      Cartesian pose hold at the initial posture
  t      Cartesian pose hold with the setup impedance
  g      Start manual guidance from the current robot pose

-- ROBOT PREPARATION ---------------------------------------------------------
  i      Move to the configured initial joint posture

-- GRIPPER AND TOOL ----------------------------------------------------------
  o      Open the gripper
  c      Grasp the tool
  r      Recalibrate the gripper with empty fingers
  f      Pick up the tool from the holder
  b      Return the tool to the holder

-- PROGRAM -------------------------------------------------------------------
  e      Exit
------------------------------------------------------------------------------
  During control: e = stop | m = startup menu | g = guidance
------------------------------------------------------------------------------
Selection [s/h/t/g/i/o/c/r/f/b/e]: 
-- SELECTED MODE: PHASE SEQUENCE ---------------------------------------------

-- moving to q_init ----------------------------------------------------------
  case               saved_qinit
  q1..q7 [deg]     = [0.8, 12.1, -0.5, -130.9, -0.2, 142.9, 44.7] deg
  saved_qinit = [0.014777, 0.210911, -0.009320, -2.284835, -0.002725, 2.493410, 0.780694] rad
  q_init reached.

-- start pose ----------------------------------------------------------------
  q_start          = [0.8, 12.1, -0.5, -130.9, -0.2, 142.9, 44.7] deg
  p_start          = [    531.3,       2.5,     156.8] mm

==============================================================================
  RUN
==============================================================================

-- phase: approach_orient ----------------------------------------------------
  Kp [t1,t2,n]     = [    150.0,     150.0,     150.0] N/m
  Dp [t1,t2,n]     = [    133.7,      94.2,     128.3] Ns/m     auto (factor 1.90)
  KR [t1,t2,n]     = [     90.0,      90.0,      90.0] Nm/rad
  DR [t1,t2,n]     = [     10.8,      17.7,       2.0] Nms/rad  auto (factor 1.90)
orient:     t=  0.0 s | axis_err=  1.6 deg | spin_err=  0.7 deg
orient:     t=  0.2 s | axis_err=  1.2 deg | spin_err=  0.0 deg
orient:     t=  0.4 s | axis_err=  1.1 deg | spin_err=  0.0 deg

Orientation reached: axis_err=1.1 deg | spin_err=0.0 deg

-- phase: approach_descend ---------------------------------------------------
  Kp [t1,t2,n]     = [    150.0,     150.0,     150.0] N/m
  Dp [t1,t2,n]     = [    133.7,      94.2,     128.3] Ns/m     auto (factor 1.90)
  KR [t1,t2,n]     = [     90.0,      90.0,      90.0] Nm/rad
  DR [t1,t2,n]     = [     10.8,      17.7,       2.0] Nms/rad  auto (factor 1.90)
  descend to         20 mm clearance at 0.100 m/s
descend:    t=  0.0 s | distance=   0.1 mm | height=+132.9 mm (target 20.0) | force=  0.0 N
descend:    t=  0.2 s | distance=  20.1 mm | height=+121.2 mm (target 20.0) | force=  0.2 N
descend:    t=  0.4 s | distance=  40.1 mm | height=+104.6 mm (target 20.0) | force=  1.7 N
descend:    t=  0.6 s | distance=  60.2 mm | height= +87.2 mm (target 20.0) | force=  1.4 N
descend:    t=  0.8 s | distance=  80.3 mm | height= +69.6 mm (target 20.0) | force=  2.2 N
descend:    t=  1.0 s | distance= 100.4 mm | height= +51.8 mm (target 20.0) | force=  1.2 N
descend:    t=  1.2 s | distance= 120.5 mm | height= +33.5 mm (target 20.0) | force=  1.9 N

Clearance reached: distance=135.3 mm | height=20.0 mm | target=20.0 mm | force=2.5 N
  offset_ee        = [     20.0,      60.0,      20.0] mm
  p_EE_at_contact  = [    520.6,       0.2,      41.2] mm
  contact_point    = [    539.7,     -60.6,       1.4] mm
  edge_offset      = [     19.1,     -60.8,     -39.8] mm

-- phase: setup --------------------------------------------------------------

-- setup impedance -----------------------------------------------------------
  law                wrench = K_TCP*dx + D_TCP*dv
                     K_TCP  = Ad(r_c)^T * blkdiag(Kp,KR) * Ad(r_c)
  Kp [t1,t2,n]     = [   2000.0,    2000.0,     350.0] N/m
  Dp [t1,t2,n]     = [    231.8,     169.8,     113.1] Ns/m     auto
  KR [t1,t2,n]     = [      5.0,       5.0,      50.0] Nm/rad
  DR [t1,t2,n]     = [      1.3,       2.0,       0.8] Nms/rad  auto
  p_c [EE]         = [     -0.0,      60.0,      -1.0] mm       resolved in the tool frame
  r_c [t1,t2,n]    = [      0.0,      60.0,       0.0] mm       commanded: p_TCP - p_c, in the plane
setup:     t=  0.0 s | tip=  0.0 deg | F=  0.1 N | M=  0.1 Nm (limit 150.0) | contact= 19.9 mm
setup:     t=  0.2 s | tip=  0.7 deg | F=  0.6 N | M=  0.3 Nm (limit 150.0) | contact=  6.9 mm
setup:     t=  0.4 s | tip=  1.0 deg | F= 10.6 N | M=  5.8 Nm (limit 150.0) | contact=  1.4 mm
setup:     t=  0.6 s | tip=  1.1 deg | F= 13.2 N | M=  6.8 Nm (limit 150.0) | contact=  1.1 mm
setup:     t=  0.8 s | tip=  1.1 deg | F= 19.9 N | M= 10.5 Nm (limit 150.0) | contact=  1.5 mm
setup:     t=  1.0 s | tip=  1.2 deg | F= 25.7 N | M= 13.6 Nm (limit 150.0) | contact=  1.9 mm
setup:     t=  1.2 s | tip=  1.3 deg | F= 31.7 N | M= 16.9 Nm (limit 150.0) | contact=  2.4 mm
setup:     t=  1.4 s | tip=  1.3 deg | F= 37.6 N | M= 20.0 Nm (limit 150.0) | contact=  2.6 mm
setup:     t=  1.6 s | tip=  1.3 deg | F= 43.4 N | M= 22.9 Nm (limit 150.0) | contact=  2.8 mm
setup:     t=  1.8 s | tip=  1.3 deg | F= 48.6 N | M= 25.6 Nm (limit 150.0) | contact=  3.0 mm
setup:     t=  2.0 s | tip=  1.3 deg | F= 54.0 N | M= 28.4 Nm (limit 150.0) | contact=  3.1 mm
setup:     t=  2.2 s | tip=  1.4 deg | F= 59.8 N | M= 31.7 Nm (limit 150.0) | contact=  3.3 mm
setup:     t=  2.4 s | tip=  1.4 deg | F= 65.4 N | M= 34.7 Nm (limit 150.0) | contact=  3.5 mm
setup:     t=  2.6 s | tip=  1.4 deg | F= 71.1 N | M= 37.6 Nm (limit 150.0) | contact=  3.6 mm
setup:     t=  2.8 s | tip=  1.4 deg | F= 76.9 N | M= 40.6 Nm (limit 150.0) | contact=  3.8 mm
setup:     t=  3.0 s | tip=  1.5 deg | F= 82.3 N | M= 43.4 Nm (limit 150.0) | contact=  3.9 mm
setup:     t=  3.2 s | tip=  1.5 deg | F= 87.6 N | M= 46.2 Nm (limit 150.0) | contact=  4.1 mm
setup:     t=  3.4 s | tip=  1.5 deg | F= 82.6 N | M= 43.7 Nm (limit 150.0) | contact=  4.0 mm
setup:     t=  3.6 s | tip=  1.5 deg | F= 82.4 N | M= 43.6 Nm (limit 150.0) | contact=  4.0 mm
setup:     t=  3.8 s | tip=  1.5 deg | F= 82.4 N | M= 43.6 Nm (limit 150.0) | contact=  4.0 mm
setup:     t=  4.0 s | tip=  1.5 deg | F= 82.4 N | M= 43.6 Nm (limit 150.0) | contact=  4.0 mm
setup:     t=  4.2 s | tip=  1.5 deg | F= 82.3 N | M= 43.5 Nm (limit 150.0) | contact=  4.0 mm
setup:     t=  4.4 s | tip=  1.5 deg | F= 82.2 N | M= 43.5 Nm (limit 150.0) | contact=  4.0 mm
setup:     t=  4.6 s | tip=  1.5 deg | F= 82.3 N | M= 43.5 Nm (limit 150.0) | contact=  4.0 mm
setup:     t=  4.8 s | tip=  1.5 deg | F= 82.2 N | M= 43.5 Nm (limit 150.0) | contact=  4.0 mm

==============================================================================
  SETUP RESULT
==============================================================================
  stop: time | t=5.0 s | tip=1.5 deg | F=82.3 N | M=43.5 Nm
  contact_from_start = [-1.5, +0.2, -3.7] mm | norm=4.0 mm
  tcp_from_contact  = [-20.2, +60.2, +17.3] mm | norm=65.8 mm
  alignment: before=1.10 deg | after=2.47 deg | gain=-1.37 deg
  alignment components [t1,t2,n] deg: before=[-0.95,-0.55,-0.00] | after=[-1.68,-1.81,-0.00]

-- setup surface-frame breakdown ---------------------------------------------
  frame              alignment-target [tangent1, tangent2, normal]
  force        [N]      = [    +1.89,     +0.05,    -82.24]
  tcp_disp     [mm]     = [    -0.73,     +0.07,    -22.56]
  contact_disp [mm]     = [    -1.40,     +0.28,     -3.75]
  Kp_eff=F/tcp [N/m]    = [  -2582.7,     663.4,    3645.1]
  M_contact    [Nm]     = [    +0.63,    +41.61,     +0.15]
  tip_angle    [deg]    = [    -0.72,     -1.27,     +0.18]
  KR_eff=M/ang [Nm/rad] = [    -50.0,   -1878.9,      47.4]
  frame              tool face [length, width, tool axis]
  M_contact    [Nm]     = [   -41.60,     -0.51,     +1.05]

-- center of compliance ------------------------------------------------------
  definition         r_c = p_TCP - p_c
  p_TCP [x,y,z]    = [    519.4,      -0.4,      18.7] mm
  p_c [EE]         = [      0.2,      60.0,      -1.8] mm
  r_c [t1,t2,n]    = [      0.0,      60.0,       0.0] mm
                     p_c resolved at end of setup

-- effective TCP impedance ---------------------------------------------------
  K_TCP translation = [   1999.5,    1998.7,     351.8] N/m
  K_TCP rotation   = [      6.3,       5.0,      57.1] Nm/rad
  commanded KR was = [      5.0,       5.0,      50.0] Nm/rad   including lever contribution
  D_TCP translation = [    231.7,     169.8,     113.1] Ns/m
  D_TCP rotation   = [      1.7,       2.0,       1.6] Nms/rad
  coupling           max |moment per unit translation| = 119.9 Nm/m (K), 13.9 Nms/m (D)
  eigenvalues        K_TCP 4.98 .. 2007 | D_TCP 0.78 .. 233  (both positive: valid springs)

  K_TCP [N/m, Nm/rad | rows fx..mz, cols tx..rz]:
           tx        ty        tz    |    rx        ry        rz
  fx [    2000  -0.7871   -28.44 |    1.707    3.319    119.9 ]
  fy [ -0.7871     1999   -45.62 |  -0.5818 -0.001307 -0.04721 ]
  fz [  -28.44   -45.62    351.8 |   -21.02 -0.04721   -1.706 ]
     ---------------------------+---------------------------
  mx [   1.707  -0.5818   -21.02 |    6.275   0.0243    0.878 ]
  my [   3.319 -0.001307 -0.04721 |   0.0243     5.04    1.443 ]
  mz [   119.9 -0.04721   -1.706 |    0.878    1.443    57.14 ]

  D_TCP [Ns/m, Nms/rad]:
           tx        ty        tz    |    rx        ry        rz
  fx [   231.7 -0.05662   -2.046 |   0.1228   0.3847     13.9 ]
  fy [-0.05662    169.8   -1.568 |  -0.1877 -9.4e-05 -0.003396 ]
  fz [  -2.046   -1.568    113.1 |   -6.783 -0.003396  -0.1227 ]
     ---------------------------+---------------------------
  mx [  0.1228  -0.1877   -6.783 |    1.732 -5.366e-05 -0.001939 ]
  my [  0.3847 -9.4e-05 -0.003396 | -5.366e-05    1.994 -0.01036 ]
  mz [    13.9 -0.003396  -0.1227 | -0.001939 -0.01036     1.62 ]

[GATE] Set up finished (still pressing). Press Enter to start the grind (e+Enter stops).

Stop requested with e + Enter. Finishing control loop...

-- joint motion [deg] --------------------------------------------------------
  joint       start    final    delta
  q1            0.8     -0.3     -1.1
  q2           12.1     30.3    +18.2
  q3           -0.5      0.2     +0.8
  q4         -130.9   -129.3     +1.6
  q5           -0.2     -0.1     +0.1
  q6          142.9    156.8    +13.9
  q7           44.7     45.2     +0.4

==============================================================================
  FINAL RESULT
==============================================================================
  p_d              = [    516.1,      -7.0,    -218.6] mm
  p_EE             = [    519.4,      -0.4,      18.7] mm
  e_p              = [     -3.4,      -6.6,    -237.3] mm
  e_R              = [    -0.72,     -1.26,      0.23] deg
------------------------------------------------------------------------------
  position error     237.44 mm
  rotation error     1.47 deg
  csv                logs/surface_grinding_controller_log.csv
------------------------------------------------------------------------------
