
==============================================================================
  SURFACE GRINDING CONTROLLER
==============================================================================
  robot              172.16.0.2
  parameters         /home/hm-panda/Desktop/Thesis_Final_Control/surface_grinding_controller/params
------------------------------------------------------------------------------

==============================================================================
  SURFACE GRINDING CONTROLLER - STARTUP MENU
==============================================================================

-- RUN MODES -----------------------------------------------------------------
  s      Run orientation, approach, setup, and grinding
  h      Cartesian pose hold at the initial posture
  t      Cartesian pose hold with the setup impedance
  g      Start manual guidance from the current robot pose

-- ROBOT PREPARATION ---------------------------------------------------------
  i      Move to the configured initial joint posture

-- GRIPPER AND TOOL ----------------------------------------------------------
  o      Open the gripper
  c      Grasp the tool
  r      Recalibrate the gripper with empty fingers
  f      Pick up the tool from the holder
  b      Return the tool to the holder

-- PROGRAM -------------------------------------------------------------------
  e      Exit
------------------------------------------------------------------------------
  During control: e = stop | m = startup menu | g = guidance
------------------------------------------------------------------------------
Selection [s/h/t/g/i/o/c/r/f/b/e]: 
-- SELECTED MODE: PHASE SEQUENCE ---------------------------------------------

-- moving to q_init ----------------------------------------------------------
  case               saved_qinit
  q1..q7 [deg]     = [0.8, 12.1, -0.5, -130.9, -0.2, 142.9, 44.7] deg
  saved_qinit = [0.014777, 0.210911, -0.009320, -2.284835, -0.002725, 2.493410, 0.780694] rad
  q_init reached.

-- start pose ----------------------------------------------------------------
  q_start          = [0.8, 12.1, -0.5, -130.9, -0.1, 142.9, 44.7] deg
  p_start          = [    531.3,       2.5,     156.9] mm

==============================================================================
  RUN
==============================================================================

-- phase: approach_orient ----------------------------------------------------
  Kp [t1,t2,n]     = [    150.0,     150.0,     150.0] N/m
  Dp [t1,t2,n]     = [    133.7,      94.2,     128.3] Ns/m     auto (factor 1.90)
  KR [t1,t2,n]     = [     90.0,      90.0,      90.0] Nm/rad
  DR [t1,t2,n]     = [     10.8,      17.7,       2.0] Nms/rad  auto (factor 1.90)
orient:     t=  0.0 s | axis_err=  3.7 deg | spin_err=  0.7 deg
orient:     t=  0.2 s | axis_err=  3.1 deg | spin_err=  0.2 deg
orient:     t=  0.4 s | axis_err=  1.6 deg | spin_err=  0.1 deg

Orientation reached: axis_err=1.5 deg | spin_err=0.2 deg

-- phase: approach_descend ---------------------------------------------------
  Kp [t1,t2,n]     = [    150.0,     150.0,     150.0] N/m
  Dp [t1,t2,n]     = [    133.7,      94.2,     128.3] Ns/m     auto (factor 1.90)
  KR [t1,t2,n]     = [     90.0,      90.0,      90.0] Nm/rad
  DR [t1,t2,n]     = [     10.8,      17.7,       2.0] Nms/rad  auto (factor 1.90)
  descend to         20 mm clearance at 0.100 m/s
descend:    t=  0.0 s | distance=   0.1 mm | height=+130.3 mm (target 20.0) | force= -0.0 N
descend:    t=  0.2 s | distance=  20.1 mm | height=+118.7 mm (target 20.0) | force=  0.8 N
descend:    t=  0.4 s | distance=  40.1 mm | height=+102.2 mm (target 20.0) | force=  1.8 N
descend:    t=  0.6 s | distance=  60.2 mm | height= +84.7 mm (target 20.0) | force=  1.4 N
descend:    t=  0.8 s | distance=  80.3 mm | height= +66.4 mm (target 20.0) | force=  1.7 N
descend:    t=  1.0 s | distance= 100.4 mm | height= +48.5 mm (target 20.0) | force=  0.8 N
descend:    t=  1.2 s | distance= 120.5 mm | height= +30.6 mm (target 20.0) | force=  2.3 N

Clearance reached: distance=132.5 mm | height=20.0 mm | target=20.0 mm | force=2.3 N
  offset_ee        = [     20.0,      60.0,      20.0] mm
  p_EE_at_contact  = [    520.4,       2.9,      44.2] mm
  contact_point    = [    539.4,     -56.8,       1.3] mm
  edge_offset      = [     19.0,     -59.7,     -42.9] mm

-- phase: setup --------------------------------------------------------------

-- setup impedance -----------------------------------------------------------
  law                wrench = K_TCP*dx + D_TCP*dv
                     K_TCP  = Ad(r_c)^T * blkdiag(Kp,KR) * Ad(r_c)
  Kp [t1,t2,n]     = [   2000.0,    2000.0,     350.0] N/m
  Dp [t1,t2,n]     = [    231.5,     171.9,     112.9] Ns/m     auto
  KR [t1,t2,n]     = [      5.0,       5.0,      50.0] Nm/rad
  DR [t1,t2,n]     = [      1.4,       2.0,       0.9] Nms/rad  auto
  p_c [EE]         = [      0.0,      60.0,      -0.0] mm       commanded in the tool frame
  r_c [t1,t2,n]    = [      0.0,      59.9,       4.0] mm       p_TCP - p_c, in the plane
setup:     t=  0.0 s | tip=  0.0 deg | F=  0.1 N | M=  0.0 Nm (limit 150.0) | contact= 19.9 mm
setup:     t=  0.2 s | tip=  1.0 deg | F=  0.5 N | M=  0.4 Nm (limit 150.0) | contact=  7.0 mm
setup:     t=  0.4 s | tip=  1.5 deg | F= 14.7 N | M=  8.1 Nm (limit 150.0) | contact=  2.6 mm
setup:     t=  0.6 s | tip=  1.5 deg | F= 15.0 N | M=  8.3 Nm (limit 150.0) | contact=  2.7 mm
setup:     t=  0.8 s | tip=  1.6 deg | F= 20.9 N | M= 11.3 Nm (limit 150.0) | contact=  2.8 mm
setup:     t=  1.0 s | tip=  1.6 deg | F= 26.6 N | M= 14.2 Nm (limit 150.0) | contact=  3.0 mm
setup:     t=  1.2 s | tip=  1.6 deg | F= 31.8 N | M= 16.9 Nm (limit 150.0) | contact=  3.1 mm
setup:     t=  1.4 s | tip=  1.6 deg | F= 37.9 N | M= 20.0 Nm (limit 150.0) | contact=  3.3 mm
setup:     t=  1.6 s | tip=  1.6 deg | F= 43.1 N | M= 22.7 Nm (limit 150.0) | contact=  3.4 mm
setup:     t=  1.8 s | tip=  1.6 deg | F= 48.8 N | M= 25.7 Nm (limit 150.0) | contact=  3.6 mm
setup:     t=  2.0 s | tip=  1.6 deg | F= 54.7 N | M= 28.7 Nm (limit 150.0) | contact=  3.8 mm
setup:     t=  2.2 s | tip=  1.6 deg | F= 60.5 N | M= 31.8 Nm (limit 150.0) | contact=  3.9 mm
setup:     t=  2.4 s | tip=  1.7 deg | F= 66.2 N | M= 34.7 Nm (limit 150.0) | contact=  4.1 mm
setup:     t=  2.6 s | tip=  1.7 deg | F= 71.5 N | M= 37.4 Nm (limit 150.0) | contact=  4.3 mm
setup:     t=  2.8 s | tip=  1.7 deg | F= 76.8 N | M= 40.2 Nm (limit 150.0) | contact=  4.4 mm
setup:     t=  3.0 s | tip=  1.7 deg | F= 82.3 N | M= 43.1 Nm (limit 150.0) | contact=  4.6 mm
setup:     t=  3.2 s | tip=  1.7 deg | F= 87.5 N | M= 45.8 Nm (limit 150.0) | contact=  4.8 mm
setup:     t=  3.4 s | tip=  1.7 deg | F= 82.8 N | M= 43.6 Nm (limit 150.0) | contact=  4.7 mm
setup:     t=  3.6 s | tip=  1.7 deg | F= 82.7 N | M= 43.5 Nm (limit 150.0) | contact=  4.7 mm
setup:     t=  3.8 s | tip=  1.7 deg | F= 82.7 N | M= 43.5 Nm (limit 150.0) | contact=  4.7 mm
setup:     t=  4.0 s | tip=  1.7 deg | F= 82.6 N | M= 43.5 Nm (limit 150.0) | contact=  4.7 mm
setup:     t=  4.2 s | tip=  1.7 deg | F= 82.5 N | M= 43.4 Nm (limit 150.0) | contact=  4.7 mm
setup:     t=  4.4 s | tip=  1.7 deg | F= 82.5 N | M= 43.4 Nm (limit 150.0) | contact=  4.7 mm
setup:     t=  4.6 s | tip=  1.7 deg | F= 82.4 N | M= 43.4 Nm (limit 150.0) | contact=  4.7 mm
setup:     t=  4.8 s | tip=  1.7 deg | F= 82.4 N | M= 43.3 Nm (limit 150.0) | contact=  4.7 mm

==============================================================================
  SETUP RESULT
==============================================================================
  stop: time | t=5.0 s | tip=1.7 deg | F=82.4 N | M=43.3 Nm
  contact_from_start = [-2.6, +0.4, -3.9] mm | norm=4.7 mm
  tcp_from_contact  = [-21.7, +59.5, +19.5] mm | norm=66.2 mm
  alignment: before=3.87 deg | after=4.39 deg | gain=-0.52 deg
  alignment components [t1,t2,n] deg: before=[-3.82,-0.62,+0.00] | after=[-3.74,-2.30,-0.00]

-- setup surface-frame breakdown ---------------------------------------------
  frame              alignment-target [tangent1, tangent2, normal]
  force        [N]      = [    +3.73,     -1.36,    -82.28]
  tcp_disp     [mm]     = [    -2.26,     +0.38,    -23.41]
  contact_disp [mm]     = [    -2.53,     +0.50,     -3.91]
  Kp_eff=F/tcp [N/m]    = [  -1653.5,   -3557.4,    3514.3]
  M_contact    [Nm]     = [    -0.85,    +41.63,     -0.68]
  tip_angle    [deg]    = [    +0.07,     -1.65,     -0.42]
  KR_eff=M/ang [Nm/rad] = [   -670.7,   -1441.6,      92.1]
  frame              tool face [length, width, tool axis]
  M_contact    [Nm]     = [   -41.50,     +0.50,     +3.42]

-- center of compliance ------------------------------------------------------
  definition         r_c = p_TCP - p_c
  p_TCP [x,y,z]    = [    517.7,       2.7,      20.8] mm
  p_c [EE]         = [      0.0,      60.0,      -0.0] mm
  r_c [t1,t2,n]    = [     -0.3,      59.9,       3.9] mm
                     p_c resolved at end of setup

-- effective TCP impedance ---------------------------------------------------
  K_TCP translation = [   1999.5,    1998.7,     351.8] N/m
  K_TCP rotation   = [      6.3,       5.0,      57.1] Nm/rad
  commanded KR was = [      5.0,       5.0,      50.0] Nm/rad   including lever contribution
  D_TCP translation = [    231.5,     171.9,     112.9] Ns/m
  D_TCP rotation   = [      1.8,       2.0,       1.7] Nms/rad
  coupling           max |moment per unit translation| = 119.9 Nm/m (K), 13.9 Nms/m (D)
  eigenvalues        K_TCP 4.98 .. 2007 | D_TCP 0.88 .. 232  (both positive: valid springs)

  K_TCP [N/m, Nm/rad | rows fx..mz, cols tx..rz]:
           tx        ty        tz    |    rx        ry        rz
  fx [    2000  -0.7871   -28.44 |    1.703    -4.54    119.9 ]
  fy [ -0.7871     1999   -45.62 |     7.28  0.01238   0.4169 ]
  fz [  -28.44   -45.62    351.8 |   -21.19 -0.01702   -1.716 ]
     ---------------------------+---------------------------
  mx [   1.703     7.28   -21.19 |    6.301  0.02252   0.8794 ]
  my [   -4.54  0.01238 -0.01702 |  0.02252    5.045    0.972 ]
  mz [   119.9   0.4169   -1.716 |   0.8794    0.972    57.14 ]

  D_TCP [Ns/m, Nms/rad]:
           tx        ty        tz    |    rx        ry        rz
  fx [   231.5 -0.05659   -2.045 |   0.1225  -0.5258    13.88 ]
  fy [-0.05659    171.9   -1.632 |   0.4886 0.0005076  0.03652 ]
  fz [  -2.045   -1.632    112.9 |   -6.776 -0.02158   -0.123 ]
     ---------------------------+---------------------------
  mx [  0.1225   0.4886   -6.776 |    1.789 0.001059 -0.001078 ]
  my [ -0.5258 0.0005076 -0.02158 | 0.001059    1.958 -0.06114 ]
  mz [   13.88  0.03652   -0.123 | -0.001078 -0.06114    1.719 ]

[GATE] Set up finished (still pressing). Press Enter to start the grind (e+Enter stops).

Stop requested with e + Enter. Finishing control loop...

-- joint motion [deg] --------------------------------------------------------
  joint       start    final    delta
  q1            0.8      0.6     -0.2
  q2           12.1     29.9    +17.8
  q3           -0.5     -0.3     +0.2
  q4         -130.9   -129.3     +1.6
  q5           -0.1      5.7     +5.9
  q6          142.9    155.9    +13.0
  q7           44.7     39.7     -5.0

==============================================================================
  FINAL RESULT
==============================================================================
  p_d              = [    515.9,      -4.3,    -215.7] mm
  p_EE             = [    517.7,       2.7,      20.8] mm
  e_p              = [     -1.8,      -6.9,    -236.5] mm
  e_R              = [     0.07,     -1.67,     -0.38] deg
------------------------------------------------------------------------------
  position error     236.60 mm
  rotation error     1.71 deg
  csv                logs/surface_grinding_controller_log.csv
------------------------------------------------------------------------------
