
==============================================================================
  SURFACE GRINDING CONTROLLER
==============================================================================
  robot              172.16.0.2
  parameters         /home/hm-panda/Desktop/Thesis_Final_Control/surface_grinding_controller/params
------------------------------------------------------------------------------

==============================================================================
  SURFACE GRINDING CONTROLLER - STARTUP MENU
==============================================================================

-- RUN MODES -----------------------------------------------------------------
  s      Run orientation, approach, setup, and grinding
  h      Cartesian pose hold at the initial posture
  t      Cartesian pose hold with the setup impedance
  g      Start manual guidance from the current robot pose

-- ROBOT PREPARATION ---------------------------------------------------------
  i      Move to the configured initial joint posture

-- GRIPPER AND TOOL ----------------------------------------------------------
  o      Open the gripper
  c      Grasp the tool
  r      Recalibrate the gripper with empty fingers
  f      Pick up the tool from the holder
  b      Return the tool to the holder

-- PROGRAM -------------------------------------------------------------------
  e      Exit
------------------------------------------------------------------------------
  During control: e = stop | m = startup menu | g = guidance
------------------------------------------------------------------------------
Selection [s/h/t/g/i/o/c/r/f/b/e]: 
-- SELECTED MODE: PHASE SEQUENCE ---------------------------------------------

-- moving to q_init ----------------------------------------------------------
  case               saved_qinit
  q1..q7 [deg]     = [0.8, 12.1, -0.5, -130.9, -0.2, 142.9, 44.7] deg
  saved_qinit = [0.014777, 0.210911, -0.009320, -2.284835, -0.002725, 2.493410, 0.780694] rad
  q_init reached.

-- start pose ----------------------------------------------------------------
  q_start          = [0.8, 12.1, -0.5, -130.9, -0.2, 142.9, 44.7] deg
  p_start          = [    531.3,       2.4,     156.8] mm

==============================================================================
  RUN
==============================================================================

-- phase: approach_orient ----------------------------------------------------
  Kp [t1,t2,n]     = [    150.0,     150.0,     150.0] N/m
  Dp [t1,t2,n]     = [    133.7,      94.2,     128.3] Ns/m     auto (factor 1.90)
  KR [t1,t2,n]     = [    180.0,     180.0,      90.0] Nm/rad
  DR [t1,t2,n]     = [     15.3,      25.0,       2.0] Nms/rad  auto (factor 1.90)
orient:     t=  0.0 s | axis_err=  2.9 deg | spin_err=  0.7 deg
orient:     t=  0.2 s | axis_err=  1.7 deg | spin_err=  0.0 deg
orient:     t=  0.4 s | axis_err=  0.9 deg | spin_err=  0.0 deg
orient:     t=  0.6 s | axis_err=  0.7 deg | spin_err=  0.0 deg
orient:     t=  0.8 s | axis_err=  0.7 deg | spin_err=  0.0 deg

Orientation reached: axis_err=0.6 deg | spin_err=0.0 deg

-- phase: approach_descend ---------------------------------------------------
  Kp [t1,t2,n]     = [    150.0,     150.0,     150.0] N/m
  Dp [t1,t2,n]     = [    133.7,      94.2,     128.3] Ns/m     auto (factor 1.90)
  KR [t1,t2,n]     = [    180.0,     180.0,      90.0] Nm/rad
  DR [t1,t2,n]     = [     15.3,      25.0,       2.0] Nms/rad  auto (factor 1.90)
  descend to         20 mm clearance at 0.100 m/s
descend:    t=  0.0 s | distance=   0.1 mm | height=+130.9 mm (target 20.0) | force= -0.0 N
descend:    t=  0.2 s | distance=  20.2 mm | height=+119.8 mm (target 20.0) | force=  1.0 N
descend:    t=  0.4 s | distance=  40.3 mm | height=+103.6 mm (target 20.0) | force=  1.5 N
descend:    t=  0.6 s | distance=  60.4 mm | height= +86.9 mm (target 20.0) | force=  1.8 N
descend:    t=  0.8 s | distance=  80.5 mm | height= +70.0 mm (target 20.0) | force=  2.7 N
descend:    t=  1.0 s | distance= 100.6 mm | height= +52.5 mm (target 20.0) | force=  1.9 N
descend:    t=  1.2 s | distance= 120.7 mm | height= +34.7 mm (target 20.0) | force=  2.7 N

Clearance reached: distance=137.0 mm | height=20.0 mm | target=20.0 mm | force=3.1 N
  offset_ee        = [     20.0,      60.0,      20.0] mm
  p_EE_at_contact  = [    518.2,      -0.5,      41.1] mm
  contact_point    = [    536.8,     -61.5,       1.5] mm
  edge_offset      = [     18.6,     -61.0,     -39.7] mm

-- phase: setup --------------------------------------------------------------

-- setup impedance -----------------------------------------------------------
  law                wrench = K_TCP*dx + D_TCP*dv
                     K_TCP  = Ad(r_c)^T * blkdiag(Kp,KR) * Ad(r_c)
  Kp [t1,t2,n]     = [   2000.0,    2000.0,     350.0] N/m
  Dp [t1,t2,n]     = [    232.4,     170.6,     112.7] Ns/m     auto
  KR [t1,t2,n]     = [      5.0,       5.0,      50.0] Nm/rad
  DR [t1,t2,n]     = [      1.3,       2.0,       0.8] Nms/rad  auto
  p_c [EE]         = [      0.0,      60.0,      -0.4] mm       resolved in the tool frame
  r_c [t1,t2,n]    = [      0.0,      60.0,       0.0] mm       commanded: p_TCP - p_c, in the plane
setup:     t=  0.0 s | ee=  0.0 deg | F=  0.1 N | M=  0.0 Nm (limit 150.0) | contact= 19.9 mm
setup:     t=  0.2 s | ee=  0.6 deg | F=  1.6 N | M=  0.8 Nm (limit 150.0) | contact=  7.2 mm
setup:     t=  0.4 s | ee=  1.0 deg | F= 10.5 N | M=  5.9 Nm (limit 150.0) | contact=  1.7 mm
setup:     t=  0.6 s | ee=  1.0 deg | F= 13.1 N | M=  7.1 Nm (limit 150.0) | contact=  1.1 mm
setup:     t=  0.8 s | ee=  1.1 deg | F= 19.0 N | M= 10.3 Nm (limit 150.0) | contact=  1.4 mm
setup:     t=  1.0 s | ee=  1.3 deg | F= 23.8 N | M= 12.9 Nm (limit 150.0) | contact=  2.3 mm
setup:     t=  1.2 s | ee=  1.5 deg | F= 30.0 N | M= 16.2 Nm (limit 150.0) | contact=  3.0 mm
setup:     t=  1.4 s | ee=  1.5 deg | F= 36.0 N | M= 19.3 Nm (limit 150.0) | contact=  3.1 mm
setup:     t=  1.6 s | ee=  1.6 deg | F= 41.8 N | M= 22.2 Nm (limit 150.0) | contact=  3.3 mm
setup:     t=  1.8 s | ee=  1.6 deg | F= 47.7 N | M= 25.2 Nm (limit 150.0) | contact=  3.5 mm
setup:     t=  2.0 s | ee=  1.6 deg | F= 53.1 N | M= 28.0 Nm (limit 150.0) | contact=  3.7 mm
setup:     t=  2.2 s | ee=  1.6 deg | F= 58.5 N | M= 30.8 Nm (limit 150.0) | contact=  3.8 mm
setup:     t=  2.4 s | ee=  1.6 deg | F= 64.4 N | M= 33.9 Nm (limit 150.0) | contact=  4.0 mm
setup:     t=  2.6 s | ee=  1.6 deg | F= 69.8 N | M= 36.6 Nm (limit 150.0) | contact=  4.2 mm
setup:     t=  2.8 s | ee=  1.6 deg | F= 75.6 N | M= 39.6 Nm (limit 150.0) | contact=  4.3 mm
setup:     t=  3.0 s | ee=  1.7 deg | F= 81.4 N | M= 42.6 Nm (limit 150.0) | contact=  4.5 mm
setup:     t=  3.2 s | ee=  1.7 deg | F= 87.1 N | M= 45.6 Nm (limit 150.0) | contact=  4.6 mm
setup:     t=  3.4 s | ee=  1.7 deg | F= 81.8 N | M= 42.9 Nm (limit 150.0) | contact=  4.5 mm
setup:     t=  3.6 s | ee=  1.7 deg | F= 81.7 N | M= 42.8 Nm (limit 150.0) | contact=  4.5 mm
setup:     t=  3.8 s | ee=  1.7 deg | F= 81.7 N | M= 42.8 Nm (limit 150.0) | contact=  4.5 mm
setup:     t=  4.0 s | ee=  1.7 deg | F= 81.7 N | M= 42.8 Nm (limit 150.0) | contact=  4.5 mm
setup:     t=  4.2 s | ee=  1.7 deg | F= 81.6 N | M= 42.8 Nm (limit 150.0) | contact=  4.5 mm
setup:     t=  4.4 s | ee=  1.7 deg | F= 81.6 N | M= 42.8 Nm (limit 150.0) | contact=  4.5 mm
setup:     t=  4.6 s | ee=  1.7 deg | F= 81.6 N | M= 42.8 Nm (limit 150.0) | contact=  4.5 mm
setup:     t=  4.8 s | ee=  1.7 deg | F= 81.5 N | M= 42.7 Nm (limit 150.0) | contact=  4.5 mm

==============================================================================
  SETUP RESULT
==============================================================================
  stop: time | t=5.0 s | ee=1.7 deg | F=81.5 N | M=42.7 Nm
  contact_from_start = [-1.7, +0.3, -4.2] mm | norm=4.5 mm
  tcp_from_contact  = [-20.1, +60.4, +17.1] mm | norm=65.9 mm
  deviation: before=0.82 deg | after=2.43 deg | gain=-1.61 deg
  deviation components [t1,t2,n] deg: before=[-0.77,-0.28,+0.00] | after=[-1.88,-1.54,-0.00]

-- setup surface-frame breakdown ---------------------------------------------
  frame              alignment-target [tangent1, tangent2, normal]
  force        [N]      = [    +1.63,     +0.47,    -81.49]
  tcp_disp     [mm]     = [    -1.11,     +0.03,    -22.63]
  contact_disp [mm]     = [    -1.64,     +0.44,     -4.21]
  Kp_eff=F/tcp [N/m]    = [  -1476.1,       n/a,    3601.1]
  M_contact    [Nm]     = [    +0.00,    +40.97,     +0.19]
  tip_angle    [deg]    = [    -1.11,     -1.26,     +0.06]
  KR_eff=M/ang [Nm/rad] = [     -0.1,   -1865.1,     194.7]
  frame              tool face [length, width, tool axis]
  M_contact    [Nm]     = [   -40.95,     +0.06,     +1.15]

-- center of compliance ------------------------------------------------------
  definition         r_c = p_TCP - p_c
  p_TCP [x,y,z]    = [    516.7,      -1.1,      18.5] mm
  p_c [EE]         = [      0.0,      60.0,      -1.6] mm
  r_c [t1,t2,n]    = [      0.0,      60.0,       0.0] mm
                     p_c resolved at end of setup

-- effective TCP impedance ---------------------------------------------------
  K_TCP translation = [   1999.5,    1998.7,     351.8] N/m
  K_TCP rotation   = [      6.3,       5.0,      57.1] Nm/rad
  commanded KR was = [      5.0,       5.0,      50.0] Nm/rad   including lever contribution
  D_TCP translation = [    232.4,     170.6,     112.8] Ns/m
  D_TCP rotation   = [      1.7,       2.0,       1.6] Nms/rad
  coupling           max |moment per unit translation| = 119.9 Nm/m (K), 13.9 Nms/m (D)
  eigenvalues        K_TCP 4.98 .. 2007 | D_TCP 0.79 .. 233  (both positive: valid springs)

  K_TCP [N/m, Nm/rad | rows fx..mz, cols tx..rz]:
           tx        ty        tz    |    rx        ry        rz
  fx [    2000  -0.7871   -28.44 |    1.707    3.319    119.9 ]
  fy [ -0.7871     1999   -45.62 |  -0.5818 -0.001307 -0.04721 ]
  fz [  -28.44   -45.62    351.8 |   -21.02 -0.04721   -1.706 ]
     ---------------------------+---------------------------
  mx [   1.707  -0.5818   -21.02 |    6.275   0.0243    0.878 ]
  my [   3.319 -0.001307 -0.04721 |   0.0243     5.04    1.443 ]
  mz [   119.9 -0.04721   -1.706 |    0.878    1.443    57.14 ]

  D_TCP [Ns/m, Nms/rad]:
           tx        ty        tz    |    rx        ry        rz
  fx [   232.4 -0.05709   -2.063 |   0.1238   0.3857    13.94 ]
  fy [-0.05709    170.6     -1.6 |  -0.1872 -9.477e-05 -0.003424 ]
  fz [  -2.063     -1.6    112.8 |   -6.763 -0.003424  -0.1237 ]
     ---------------------------+---------------------------
  mx [  0.1238  -0.1872   -6.763 |    1.709 -3.61e-05 -0.001304 ]
  my [  0.3857 -9.477e-05 -0.003424 | -3.61e-05    2.018 -0.01064 ]
  mz [   13.94 -0.003424  -0.1237 | -0.001304 -0.01064    1.634 ]

[GATE] Set up finished (still pressing). Press Enter to start the grind (e+Enter stops).

Stop requested with e + Enter. Finishing control loop...

-- joint motion [deg] --------------------------------------------------------
  joint       start    final    delta
  q1            0.8     -0.8     -1.6
  q2           12.1     30.2    +18.1
  q3           -0.5      0.6     +1.1
  q4         -130.9   -129.0     +1.9
  q5           -0.2     -0.9     -0.7
  q6          142.9    155.2    +12.3
  q7           44.7     45.7     +1.0

==============================================================================
  FINAL RESULT
==============================================================================
  p_d              = [    513.7,      -7.7,    -218.7] mm
  p_EE             = [    516.7,      -1.1,      18.5] mm
  e_p              = [     -3.0,      -6.6,    -237.2] mm
  e_R              = [    -1.10,     -1.26,      0.11] deg
------------------------------------------------------------------------------
  position error     237.36 mm
  rotation error     1.68 deg
  csv                logs/surface_grinding_controller_log.csv
------------------------------------------------------------------------------
