
==============================================================================
  SURFACE GRINDING CONTROLLER
==============================================================================
  robot              172.16.0.2
  parameters         /home/hm-panda/Desktop/Thesis_Final_Control/surface_grinding_controller/params
------------------------------------------------------------------------------

==============================================================================
  SURFACE GRINDING CONTROLLER - STARTUP MENU
==============================================================================

-- RUN MODES -----------------------------------------------------------------
  s      Run orientation, approach, setup, and grinding
  h      Cartesian pose hold at the initial posture
  t      Cartesian pose hold with the setup impedance
  g      Start manual guidance from the current robot pose

-- ROBOT PREPARATION ---------------------------------------------------------
  i      Move to the configured initial joint posture

-- GRIPPER AND TOOL ----------------------------------------------------------
  o      Open the gripper
  c      Grasp the tool
  r      Recalibrate the gripper with empty fingers
  f      Pick up the tool from the holder
  b      Return the tool to the holder

-- PROGRAM -------------------------------------------------------------------
  e      Exit
------------------------------------------------------------------------------
  During control: e = stop | m = startup menu | g = guidance
------------------------------------------------------------------------------
Selection [s/h/t/g/i/o/c/r/f/b/e]: 
-- SELECTED MODE: PHASE SEQUENCE ---------------------------------------------

-- moving to q_init ----------------------------------------------------------
  case               saved_qinit
  q1..q7 [deg]     = [0.8, 12.1, -0.5, -130.9, -0.2, 142.9, 44.7] deg
  saved_qinit = [0.014777, 0.210911, -0.009320, -2.284835, -0.002725, 2.493410, 0.780694] rad
  q_init reached.

-- start pose ----------------------------------------------------------------
  q_start          = [0.8, 12.1, -0.5, -130.9, -0.1, 142.9, 44.7] deg
  p_start          = [    531.3,       2.5,     156.8] mm

==============================================================================
  RUN
==============================================================================

-- phase: approach_orient ----------------------------------------------------
  Kp [t1,t2,n]     = [    150.0,     150.0,     150.0] N/m
  Dp [t1,t2,n]     = [    133.7,      94.2,     128.3] Ns/m     auto (factor 1.90)
  KR [t1,t2,n]     = [     90.0,      90.0,      90.0] Nm/rad
  DR [t1,t2,n]     = [     10.8,      17.7,       2.0] Nms/rad  auto (factor 1.90)
orient:     t=  0.0 s | axis_err=  8.6 deg | spin_err=  0.6 deg
orient:     t=  0.2 s | axis_err=  7.9 deg | spin_err=  0.1 deg
orient:     t=  0.4 s | axis_err=  4.7 deg | spin_err=  0.2 deg
orient:     t=  0.6 s | axis_err=  2.0 deg | spin_err=  0.3 deg

Orientation reached: axis_err=2.0 deg | spin_err=0.3 deg

-- phase: approach_descend ---------------------------------------------------
  Kp [t1,t2,n]     = [    150.0,     150.0,     150.0] N/m
  Dp [t1,t2,n]     = [    133.7,      94.2,     128.3] Ns/m     auto (factor 1.90)
  KR [t1,t2,n]     = [     90.0,      90.0,      90.0] Nm/rad
  DR [t1,t2,n]     = [     10.8,      17.7,       2.0] Nms/rad  auto (factor 1.90)
  descend to         20 mm clearance at 0.100 m/s
descend:    t=  0.0 s | distance=   0.1 mm | height=+125.3 mm (target 20.0) | force=  0.0 N
descend:    t=  0.2 s | distance=  20.1 mm | height=+113.4 mm (target 20.0) | force=  2.3 N
descend:    t=  0.4 s | distance=  40.2 mm | height= +97.7 mm (target 20.0) | force=  3.2 N
descend:    t=  0.6 s | distance=  60.3 mm | height= +81.5 mm (target 20.0) | force=  3.7 N
descend:    t=  0.8 s | distance=  80.4 mm | height= +64.0 mm (target 20.0) | force=  2.8 N
descend:    t=  1.0 s | distance= 100.5 mm | height= +46.8 mm (target 20.0) | force=  3.8 N
descend:    t=  1.2 s | distance= 120.6 mm | height= +29.6 mm (target 20.0) | force=  3.1 N

Clearance reached: distance=131.8 mm | height=20.0 mm | target=20.0 mm | force=1.8 N
  offset_ee        = [     20.0,      60.0,      20.0] mm
  p_EE_at_contact  = [    519.0,       1.5,      49.1] mm
  contact_point    = [    537.7,     -56.1,       1.3] mm
  edge_offset      = [     18.7,     -57.6,     -47.8] mm

-- phase: setup --------------------------------------------------------------

-- setup impedance -----------------------------------------------------------
  law                wrench = K_TCP*dx + D_TCP*dv
                     K_TCP  = Ad(r_c)^T * blkdiag(Kp,KR) * Ad(r_c)
  Kp [t1,t2,n]     = [   2000.0,    2000.0,     350.0] N/m
  Dp [t1,t2,n]     = [    230.5,     177.4,     112.4] Ns/m     auto
  KR [t1,t2,n]     = [      5.0,       5.0,      50.0] Nm/rad
  DR [t1,t2,n]     = [      1.5,       1.9,       1.2] Nms/rad  auto
  p_c [EE]         = [     -0.0,      60.0,      -0.0] mm       commanded in the tool frame
  r_c [t1,t2,n]    = [      0.1,      59.3,       9.0] mm       p_TCP - p_c, in the plane
setup:     t=  0.0 s | tip=  0.0 deg | F=  0.1 N | M=  0.0 Nm (limit 150.0) | contact= 19.9 mm
setup:     t=  0.2 s | tip=  0.9 deg | F=  2.3 N | M=  1.5 Nm (limit 150.0) | contact=  7.6 mm
setup:     t=  0.4 s | tip=  1.5 deg | F= 19.8 N | M= 10.5 Nm (limit 150.0) | contact=  2.9 mm
setup:     t=  0.6 s | tip=  1.5 deg | F= 16.4 N | M=  9.1 Nm (limit 150.0) | contact=  3.0 mm
setup:     t=  0.8 s | tip=  1.5 deg | F= 22.0 N | M= 11.9 Nm (limit 150.0) | contact=  3.1 mm
setup:     t=  1.0 s | tip=  1.5 deg | F= 27.5 N | M= 14.7 Nm (limit 150.0) | contact=  3.3 mm
setup:     t=  1.2 s | tip=  1.6 deg | F= 33.2 N | M= 17.7 Nm (limit 150.0) | contact=  3.4 mm
setup:     t=  1.4 s | tip=  1.6 deg | F= 39.2 N | M= 20.7 Nm (limit 150.0) | contact=  3.6 mm
setup:     t=  1.6 s | tip=  1.6 deg | F= 44.6 N | M= 23.5 Nm (limit 150.0) | contact=  3.8 mm
setup:     t=  1.8 s | tip=  1.6 deg | F= 50.6 N | M= 26.6 Nm (limit 150.0) | contact=  3.9 mm
setup:     t=  2.0 s | tip=  1.6 deg | F= 56.1 N | M= 29.6 Nm (limit 150.0) | contact=  4.1 mm
setup:     t=  2.2 s | tip=  1.6 deg | F= 61.4 N | M= 32.3 Nm (limit 150.0) | contact=  4.3 mm
setup:     t=  2.4 s | tip=  1.6 deg | F= 66.8 N | M= 35.1 Nm (limit 150.0) | contact=  4.4 mm
setup:     t=  2.6 s | tip=  1.7 deg | F= 72.2 N | M= 37.9 Nm (limit 150.0) | contact=  4.6 mm
setup:     t=  2.8 s | tip=  1.7 deg | F= 78.0 N | M= 41.0 Nm (limit 150.0) | contact=  4.7 mm
setup:     t=  3.0 s | tip=  1.7 deg | F= 83.8 N | M= 44.0 Nm (limit 150.0) | contact=  4.9 mm
setup:     t=  3.2 s | tip=  1.7 deg | F= 89.3 N | M= 46.9 Nm (limit 150.0) | contact=  5.1 mm
setup:     t=  3.4 s | tip=  1.7 deg | F= 84.1 N | M= 44.4 Nm (limit 150.0) | contact=  4.9 mm
setup:     t=  3.6 s | tip=  1.7 deg | F= 84.0 N | M= 44.3 Nm (limit 150.0) | contact=  4.9 mm
setup:     t=  3.8 s | tip=  1.7 deg | F= 83.9 N | M= 44.3 Nm (limit 150.0) | contact=  4.9 mm
setup:     t=  4.0 s | tip=  1.7 deg | F= 83.9 N | M= 44.3 Nm (limit 150.0) | contact=  5.0 mm
setup:     t=  4.2 s | tip=  1.7 deg | F= 83.8 N | M= 44.2 Nm (limit 150.0) | contact=  5.0 mm
setup:     t=  4.4 s | tip=  1.7 deg | F= 83.8 N | M= 44.2 Nm (limit 150.0) | contact=  5.0 mm
setup:     t=  4.6 s | tip=  1.7 deg | F= 83.6 N | M= 44.1 Nm (limit 150.0) | contact=  5.0 mm
setup:     t=  4.8 s | tip=  1.7 deg | F= 83.7 N | M= 44.2 Nm (limit 150.0) | contact=  5.0 mm

==============================================================================
  SETUP RESULT
==============================================================================
  stop: time | t=5.0 s | tip=1.7 deg | F=83.7 N | M=44.2 Nm
  contact_from_start = [-2.5, +0.4, -4.2] mm | norm=5.0 mm
  tcp_from_contact  = [-21.2, +57.4, +24.1] mm | norm=65.7 mm
  alignment: before=8.70 deg | after=8.91 deg | gain=-0.21 deg
  alignment components [t1,t2,n] deg: before=[-8.65,-0.90,+0.00] | after=[-8.53,-2.58,-0.00]

-- setup surface-frame breakdown ---------------------------------------------
  frame              alignment-target [tangent1, tangent2, normal]
  force        [N]      = [    +4.40,     -1.18,    -83.58]
  tcp_disp     [mm]     = [    -2.06,     +0.39,    -23.81]
  contact_disp [mm]     = [    -2.47,     +0.47,     -4.28]
  Kp_eff=F/tcp [N/m]    = [  -2137.2,   -3065.0,    3510.8]
  M_contact    [Nm]     = [    -0.91,    +42.57,     -0.66]
  tip_angle    [deg]    = [    +0.11,     -1.63,     -0.43]
  KR_eff=M/ang [Nm/rad] = [   -475.5,   -1500.3,      88.0]
  frame              tool face [length, width, tool axis]
  M_contact    [Nm]     = [   -42.00,     +0.55,     +7.00]

-- center of compliance ------------------------------------------------------
  definition         r_c = p_TCP - p_c
  p_TCP [x,y,z]    = [    516.5,       1.3,      25.4] mm
  p_c [EE]         = [      0.0,      60.0,       0.0] mm
  r_c [t1,t2,n]    = [     -0.1,      59.3,       8.9] mm
                     p_c resolved at end of setup

-- effective TCP impedance ---------------------------------------------------
  K_TCP translation = [   1999.5,    1998.7,     351.8] N/m
  K_TCP rotation   = [      6.4,       5.1,      57.0] Nm/rad
  commanded KR was = [      5.0,       5.0,      50.0] Nm/rad   including lever contribution
  D_TCP translation = [    230.5,     177.4,     112.5] Ns/m
  D_TCP rotation   = [      1.9,       1.9,       2.0] Nms/rad
  coupling           max |moment per unit translation| = 119.1 Nm/m (K), 13.7 Nms/m (D)
  eigenvalues        K_TCP 4.98 .. 2007 | D_TCP 1.19 .. 231  (both positive: valid springs)

  K_TCP [N/m, Nm/rad | rows fx..mz, cols tx..rz]:
           tx        ty        tz    |    rx        ry        rz
  fx [    2000  -0.7871   -28.44 |    1.688   -14.53    119.1 ]
  fy [ -0.7871     1999   -45.62 |    17.24 0.002023  -0.2088 ]
  fz [  -28.44   -45.62    351.8 |   -21.28   0.2351    -1.69 ]
     ---------------------------+---------------------------
  mx [   1.688    17.24   -21.28 |    6.406 0.007477   0.8747 ]
  my [  -14.53 0.002023   0.2351 | 0.007477     5.14   0.3787 ]
  mz [   119.1  -0.2088    -1.69 |   0.8747   0.3787    57.04 ]

  D_TCP [Ns/m, Nms/rad]:
           tx        ty        tz    |    rx        ry        rz
  fx [   230.5 -0.05633   -2.035 |   0.1208   -1.675    13.73 ]
  fy [-0.05633    177.4   -1.797 |    1.396 0.0002637 -0.01772 ]
  fz [  -2.035   -1.797    112.5 |   -6.712   0.0239  -0.1211 ]
     ---------------------------+---------------------------
  mx [  0.1208    1.396   -6.712 |    1.907 -0.001568 0.001783 ]
  my [  -1.675 0.0002637   0.0239 | -0.001568    1.886  -0.1187 ]
  mz [   13.73 -0.01772  -0.1211 | 0.001783  -0.1187    2.007 ]

[GATE] Set up finished (still pressing). Press Enter to start the grind (e+Enter stops).

Stop requested with e + Enter. Finishing control loop...

-- joint motion [deg] --------------------------------------------------------
  joint       start    final    delta
  q1            0.8      0.7     -0.2
  q2           12.1     29.3    +17.2
  q3           -0.5     -0.8     -0.3
  q4         -130.9   -129.0     +1.9
  q5           -0.1     16.8    +16.9
  q6          142.9    153.8    +10.9
  q7           44.7     29.4    -15.3

==============================================================================
  FINAL RESULT
==============================================================================
  p_d              = [    514.5,      -5.7,    -210.7] mm
  p_EE             = [    516.5,       1.3,      25.4] mm
  e_p              = [     -2.0,      -6.9,    -236.1] mm
  e_R              = [     0.10,     -1.64,     -0.38] deg
------------------------------------------------------------------------------
  position error     236.18 mm
  rotation error     1.68 deg
  csv                logs/surface_grinding_controller_log.csv
------------------------------------------------------------------------------
