
==============================================================================
  SURFACE GRINDING CONTROLLER
==============================================================================
  robot              172.16.0.2
  parameters         /home/hm-panda/Desktop/Thesis_Final_Control/surface_grinding_controller/params
------------------------------------------------------------------------------

==============================================================================
  SURFACE GRINDING CONTROLLER - STARTUP MENU
==============================================================================

-- RUN MODES -----------------------------------------------------------------
  s      Run orientation, approach, contact establishment, and grinding
  h      Cartesian pose hold at the initial posture
  t      Cartesian pose hold with the contact establishment impedance
  g      Start manual guidance from the current robot pose

-- ROBOT PREPARATION ---------------------------------------------------------
  i      Move to the configured initial joint posture

-- GRIPPER AND TOOL ----------------------------------------------------------
  o      Open the gripper
  c      Grasp the tool
  r      Recalibrate the gripper with empty fingers
  f      Pick up the tool from the holder
  b      Return the tool to the holder

-- PROGRAM -------------------------------------------------------------------
  e      Exit
------------------------------------------------------------------------------
  During control: e = stop | m = startup menu | g = guidance
------------------------------------------------------------------------------
Selection [s/h/t/g/i/o/c/r/f/b/e]: 
-- SELECTED MODE: STATE SEQUENCE ---------------------------------------------

-- moving to q_init ----------------------------------------------------------
  case               saved_qinit
  q1..q7 [deg]     = [0.8, 12.1, -0.5, -130.9, -0.2, 142.9, 44.7] deg
  saved_qinit = [0.014777, 0.210911, -0.009320, -2.284835, -0.002725, 2.493410, 0.780694] rad
  q_init reached.

-- start pose ----------------------------------------------------------------
  q_start          = [0.9, 12.1, -0.5, -130.9, -0.1, 142.9, 44.7] deg
  p_start          = [    531.4,       2.5,     156.9] mm

==============================================================================
  RUN
==============================================================================

-- state: tool_orientation ---------------------------------------------------
  Kp [t1,t2,n]     = [    150.0,     150.0,     150.0] N/m
  Dp [t1,t2,n]     = [    133.7,      94.2,     128.3] Ns/m     auto (factor 1.90)
  KR [t1,t2,n]     = [    180.0,     180.0,      90.0] Nm/rad
  DR [t1,t2,n]     = [     15.3,      25.0,       2.0] Nms/rad  auto (factor 1.90)
orient:     t=  0.0 s | axis_err=  8.5 deg | spin_err=  0.5 deg
orient:     t=  0.2 s | axis_err=  7.2 deg | spin_err=  0.2 deg
orient:     t=  0.4 s | axis_err=  3.2 deg | spin_err=  0.2 deg
orient:     t=  0.6 s | axis_err=  1.0 deg | spin_err=  0.2 deg
orient:     t=  0.8 s | axis_err=  0.8 deg | spin_err=  0.2 deg

Orientation reached: axis_err=0.8 deg | spin_err=0.2 deg

-- state: surface_approach ---------------------------------------------------
  Kp [t1,t2,n]     = [    150.0,     150.0,     150.0] N/m
  Dp [t1,t2,n]     = [    133.7,      94.2,     128.3] Ns/m     auto (factor 1.90)
  KR [t1,t2,n]     = [    180.0,     180.0,      90.0] Nm/rad
  DR [t1,t2,n]     = [     15.3,      25.0,       2.0] Nms/rad  auto (factor 1.90)
  descend to         20 mm clearance at 0.100 m/s
descend:    t=  0.0 s | distance=   0.1 mm | height=+121.0 mm (target 20.0) | force= -0.0 N
descend:    t=  0.2 s | distance=  20.2 mm | height=+110.2 mm (target 20.0) | force=  2.2 N
descend:    t=  0.4 s | distance=  40.3 mm | height= +95.3 mm (target 20.0) | force=  2.2 N
descend:    t=  0.6 s | distance=  60.4 mm | height= +79.1 mm (target 20.0) | force=  2.3 N
descend:    t=  0.8 s | distance=  80.5 mm | height= +62.1 mm (target 20.0) | force=  2.9 N
descend:    t=  1.0 s | distance= 100.6 mm | height= +45.1 mm (target 20.0) | force=  3.6 N
descend:    t=  1.2 s | distance= 120.7 mm | height= +27.9 mm (target 20.0) | force=  3.0 N

Clearance reached: distance=130.1 mm | height=20.0 mm | target=20.0 mm | force=2.3 N
  offset_ee        = [     20.0,      60.0,      20.0] mm
  p_EE_at_contact  = [    517.3,       1.4,      49.8] mm
  contact_point    = [    535.8,     -56.0,       1.3] mm
  edge_offset      = [     18.5,     -57.4,     -48.5] mm

-- state: contact_establishment ----------------------------------------------

-- contact establishment impedance -------------------------------------------
  law                wrench = K_TCP*dx + D_TCP*dv
                     K_TCP  = Ad(r_c)^T * blkdiag(Kp,KR) * Ad(r_c)
  Kp [t1,t2,n]     = [   2000.0,    2000.0,     350.0] N/m
  Dp [t1,t2,n]     = [    231.2,     178.1,     112.0] Ns/m     auto
  KR [t1,t2,n]     = [      5.0,       5.0,      50.0] Nm/rad
  DR [t1,t2,n]     = [      1.5,       1.9,       1.2] Nms/rad  auto
  p_c [EE]         = [      0.0,    -100.0,       0.0] mm       commanded in the tool frame
  r_c [t1,t2,n]    = [      0.0,      98.8,      15.6] mm       p_c - p_TCP, in the plane
contact establishment:     t=  0.0 s | ee=  0.0 deg | F=  0.1 N | M=  0.0 Nm | contact= 19.9 mm
contact establishment:     t=  0.2 s | ee=  0.9 deg | F=  1.3 N | M=  0.8 Nm | contact=  7.2 mm
contact establishment:     t=  0.4 s | ee=  1.6 deg | F= 19.7 N | M=  0.5 Nm | contact=  4.1 mm
contact establishment:     t=  0.6 s | ee=  1.7 deg | F= 15.8 N | M=  1.0 Nm | contact=  4.2 mm
contact establishment:     t=  0.8 s | ee=  1.7 deg | F= 21.1 N | M=  1.0 Nm | contact=  4.3 mm
contact establishment:     t=  1.0 s | ee=  1.9 deg | F= 25.1 N | M=  1.1 Nm | contact=  4.5 mm
contact establishment:     t=  1.2 s | ee=  2.3 deg | F= 31.1 N | M=  1.0 Nm | contact=  4.5 mm
contact establishment:     t=  1.4 s | ee=  3.7 deg | F= 32.3 N | M=  1.5 Nm | contact=  4.4 mm
contact establishment:     t=  1.6 s | ee=  6.7 deg | F= 33.5 N | M=  1.4 Nm | contact=  4.4 mm
contact establishment:     t=  1.8 s | ee=  8.4 deg | F= 42.9 N | M=  4.9 Nm | contact=  3.8 mm
contact establishment:     t=  2.0 s | ee=  8.4 deg | F= 47.6 N | M=  5.2 Nm | contact=  4.0 mm
contact establishment:     t=  2.2 s | ee=  8.4 deg | F= 53.3 N | M=  5.5 Nm | contact=  4.1 mm
contact establishment:     t=  2.4 s | ee=  8.4 deg | F= 58.8 N | M=  5.9 Nm | contact=  4.2 mm
contact establishment:     t=  2.6 s | ee=  8.4 deg | F= 64.7 N | M=  6.3 Nm | contact=  4.3 mm
contact establishment:     t=  2.8 s | ee=  8.5 deg | F= 70.1 N | M=  6.7 Nm | contact=  4.4 mm
contact establishment:     t=  3.0 s | ee=  8.5 deg | F= 76.1 N | M=  7.2 Nm | contact=  4.4 mm
contact establishment:     t=  3.2 s | ee=  8.7 deg | F= 81.7 N | M=  7.6 Nm | contact=  4.1 mm
contact establishment:     t=  3.4 s | ee=  8.8 deg | F= 75.7 N | M=  7.2 Nm | contact=  4.0 mm
contact establishment:     t=  3.6 s | ee=  8.8 deg | F= 75.6 N | M=  7.1 Nm | contact=  4.0 mm
contact establishment:     t=  3.8 s | ee=  8.8 deg | F= 75.6 N | M=  7.2 Nm | contact=  4.0 mm
contact establishment:     t=  4.0 s | ee=  8.8 deg | F= 75.5 N | M=  7.2 Nm | contact=  4.0 mm
contact establishment:     t=  4.2 s | ee=  8.8 deg | F= 75.5 N | M=  7.2 Nm | contact=  4.0 mm
contact establishment:     t=  4.4 s | ee=  8.8 deg | F= 75.4 N | M=  7.1 Nm | contact=  4.0 mm
contact establishment:     t=  4.6 s | ee=  8.8 deg | F= 75.4 N | M=  7.1 Nm | contact=  4.0 mm
contact establishment:     t=  4.8 s | ee=  8.8 deg | F= 75.4 N | M=  7.1 Nm | contact=  4.0 mm

==============================================================================
  CONTACT-ESTABLISHMENT RESULT
==============================================================================
  stop: time | t=5.0 s | ee=8.8 deg | F=75.3 N | M_TCP=7.1 Nm
  contact_from_start = [-2.9, -1.4, -2.3] mm | norm=4.0 mm
  tcp_from_contact  = [-20.8, +59.1, +18.2] mm | norm=65.2 mm
  deviation: before=9.35 deg | after=2.77 deg | gain=+6.58 deg
  t_align: not reached | tolerance=2.00 deg | hold=0.30 s
  t_align_fraction: 1.55 s | fraction=0.50 of the deviation at contact
  deviation_min: 2.77 deg at t=4.30 s
  align_status: not_aligned
  deviation components [t1,t2,n] deg: before=[-9.33,-0.47,-0.00] | after=[-0.86,-2.63,+0.00]

-- contact establishment surface-frame breakdown -----------------------------
  frame              alignment-target [tangent1, tangent2, normal]
  force        [N]      = [    +3.92,     -5.94,    -74.98]
  tcp_disp     [mm]     = [    -1.77,     +2.49,    -30.22]
  contact_disp [mm]     = [    -2.86,     -1.37,     -2.37]
  Kp_eff=F/tcp [N/m]    = [  -2215.2,   -2385.6,    2480.8]
  M_contact    [Nm]     = [   -11.43,     -0.31,     -0.15]
  ee_angle     [deg]    = [    +8.48,     -2.19,     +0.11]
  KR_eff=M/ang [Nm/rad] = [    -77.2,       8.1,     -78.1]
  frame              tool face [length, width, tool axis]
  M_contact    [Nm]     = [    +0.37,    +11.41,     +0.67]

-- center of compliance ------------------------------------------------------
  definition         r_c = p_c - p_TCP
  p_TCP [x,y,z]    = [    515.0,       3.0,      19.6] mm
  p_c [EE]         = [      0.0,    -100.0,       0.0] mm
  r_c [t1,t2,n]    = [      0.5,     100.0,       0.8] mm
                     p_c resolved at end of contact establishment

-- effective TCP impedance ---------------------------------------------------
  K_TCP translation = [   1999.5,    1998.7,     351.8] N/m
  K_TCP rotation   = [      8.5,       5.0,      69.9] Nm/rad
  commanded KR was = [      5.0,       5.0,      50.0] Nm/rad   including lever contribution
  D_TCP translation = [    231.2,     178.0,     112.1] Ns/m
  D_TCP rotation   = [      2.6,       1.9,       3.5] Nms/rad
  coupling           max |moment per unit translation| = 199.9 Nm/m (K), 23.1 Nms/m (D)
  eigenvalues        K_TCP 4.95 .. 2021 | D_TCP 1.19 .. 234  (both positive: valid springs)

  K_TCP [N/m, Nm/rad | rows fx..mz, cols tx..rz]:
           tx        ty        tz    |    rx        ry        rz
  fx [    2000  -0.7871   -28.44 |   -2.845   -3.917   -199.9 ]
  fy [ -0.7871     1999   -45.62 |  -0.6322  0.02309    1.022 ]
  fz [  -28.44   -45.62    351.8 |    35.08  -0.1102    2.822 ]
     ---------------------------+---------------------------
  mx [  -2.845  -0.6322    35.08 |    8.519   0.0105     1.06 ]
  my [  -3.917  0.02309  -0.1102 |   0.0105    5.042    1.636 ]
  mz [  -199.9    1.022    2.822 |     1.06    1.636    69.94 ]

  D_TCP [Ns/m, Nms/rad]:
           tx        ty        tz    |    rx        ry        rz
  fx [   231.2 -0.05685   -2.054 |  -0.2055  -0.4535   -23.11 ]
  fy [-0.05685      178   -1.825 |   0.1675 0.0009734  0.08974 ]
  fz [  -2.054   -1.825    112.1 |    11.21 -0.04891   0.2045 ]
     ---------------------------+---------------------------
  mx [ -0.2055   0.1675    11.21 |    2.611 -0.005023  0.01572 ]
  my [ -0.4535 0.0009734 -0.04891 | -0.005023    1.897  0.02624 ]
  mz [  -23.11  0.08974   0.2045 |  0.01572  0.02624    3.518 ]

[STATE] Pre-grinding hold active. Press Enter to start grinding (e+Enter stops).

-- state: pre_grinding_hold --------------------------------------------------
  motion             established contact command
  impedance          inherited from contact establishment
  keys               Enter continue | e stop

Stop requested with e + Enter. Finishing control loop...

-- joint motion [deg] --------------------------------------------------------
  joint       start    final    delta
  q1            0.9      5.7     +4.9
  q2           12.1     30.2    +18.1
  q3           -0.5     -4.7     -4.1
  q4         -130.9   -128.6     +2.3
  q5           -0.1      3.1     +3.3
  q6          142.9    153.5    +10.6
  q7           44.7     44.0     -0.7

==============================================================================
  FINAL RESULT
==============================================================================
  p_d              = [    512.8,      -5.8,    -210.0] mm
  p_EE             = [    515.0,       3.0,      19.6] mm
  e_p              = [     -2.2,      -8.8,    -229.6] mm
  e_R              = [     8.48,     -2.19,      0.02] deg
------------------------------------------------------------------------------
  position error     229.77 mm
  rotation error     8.76 deg
  csv                logs/surface_grinding_controller_log.csv
------------------------------------------------------------------------------
