
==============================================================================
  SURFACE GRINDING CONTROLLER
==============================================================================
  robot              172.16.0.2
  parameters         /home/hm-panda/Desktop/Thesis_Final_Control/surface_grinding_controller/params
------------------------------------------------------------------------------

==============================================================================
  SURFACE GRINDING CONTROLLER - STARTUP MENU
==============================================================================

-- RUN MODES -----------------------------------------------------------------
  s      Run orientation, approach, setup, and grinding
  h      Cartesian pose hold at the initial posture
  t      Cartesian pose hold with the setup impedance
  g      Start manual guidance from the current robot pose

-- ROBOT PREPARATION ---------------------------------------------------------
  i      Move to the configured initial joint posture

-- GRIPPER AND TOOL ----------------------------------------------------------
  o      Open the gripper
  c      Grasp the tool
  r      Recalibrate the gripper with empty fingers
  f      Pick up the tool from the holder
  b      Return the tool to the holder

-- PROGRAM -------------------------------------------------------------------
  e      Exit
------------------------------------------------------------------------------
  During control: e = stop | m = startup menu | g = guidance
------------------------------------------------------------------------------
Selection [s/h/t/g/i/o/c/r/f/b/e]: 
-- SELECTED MODE: PHASE SEQUENCE ---------------------------------------------

-- moving to q_init ----------------------------------------------------------
  case               saved_qinit
  q1..q7 [deg]     = [0.8, 12.1, -0.5, -130.9, -0.2, 142.9, 44.7] deg
  saved_qinit = [0.014777, 0.210911, -0.009320, -2.284835, -0.002725, 2.493410, 0.780694] rad
  q_init reached.

-- start pose ----------------------------------------------------------------
  q_start          = [0.8, 12.1, -0.5, -130.9, -0.2, 142.9, 44.7] deg
  p_start          = [    531.3,       2.5,     156.8] mm

==============================================================================
  RUN
==============================================================================

-- phase: approach_orient ----------------------------------------------------
  Kp [t1,t2,n]     = [    150.0,     150.0,     150.0] N/m
  Dp [t1,t2,n]     = [    133.7,      94.2,     128.3] Ns/m     auto (factor 1.90)
  KR [t1,t2,n]     = [     90.0,      90.0,      90.0] Nm/rad
  DR [t1,t2,n]     = [     10.8,      17.7,       2.0] Nms/rad  auto (factor 1.90)
orient:     t=  0.0 s | axis_err= 10.9 deg | spin_err=  0.6 deg
orient:     t=  0.2 s | axis_err= 10.0 deg | spin_err=  0.4 deg
orient:     t=  0.4 s | axis_err=  7.5 deg | spin_err=  0.3 deg
orient:     t=  0.6 s | axis_err=  4.3 deg | spin_err=  0.1 deg
orient:     t=  0.8 s | axis_err=  2.6 deg | spin_err=  0.0 deg

Orientation reached: axis_err=2.0 deg | spin_err=0.0 deg

-- phase: approach_descend ---------------------------------------------------
  Kp [t1,t2,n]     = [    150.0,     150.0,     150.0] N/m
  Dp [t1,t2,n]     = [    133.7,      94.2,     128.3] Ns/m     auto (factor 1.90)
  KR [t1,t2,n]     = [     90.0,      90.0,      90.0] Nm/rad
  DR [t1,t2,n]     = [     10.8,      17.7,       2.0] Nms/rad  auto (factor 1.90)
  descend to         20 mm clearance at 0.100 m/s
descend:    t=  0.0 s | distance=   0.1 mm | height=+125.7 mm (target 20.0) | force= -0.0 N
descend:    t=  0.2 s | distance=  20.2 mm | height=+113.5 mm (target 20.0) | force=  1.4 N
descend:    t=  0.4 s | distance=  40.3 mm | height= +97.3 mm (target 20.0) | force=  2.0 N
descend:    t=  0.6 s | distance=  60.4 mm | height= +80.3 mm (target 20.0) | force=  2.2 N
descend:    t=  0.8 s | distance=  80.5 mm | height= +62.9 mm (target 20.0) | force=  2.2 N
descend:    t=  1.0 s | distance= 100.6 mm | height= +45.0 mm (target 20.0) | force=  2.8 N
descend:    t=  1.2 s | distance= 120.7 mm | height= +27.1 mm (target 20.0) | force=  1.9 N

Clearance reached: distance=128.7 mm | height=20.0 mm | target=20.0 mm | force=2.6 N
  offset_ee        = [     20.0,      60.0,      20.0] mm
  p_EE_at_contact  = [    500.8,       0.5,      44.4] mm
  contact_point    = [    516.3,     -60.4,       1.8] mm
  edge_offset      = [     15.4,     -60.9,     -42.6] mm

-- phase: setup --------------------------------------------------------------

-- setup impedance -----------------------------------------------------------
  law                wrench = K_TCP*dx + D_TCP*dv
                     K_TCP  = Ad(r_c)^T * blkdiag(Kp,KR) * Ad(r_c)
  Kp [t1,t2,n]     = [   2000.0,    2000.0,     350.0] N/m
  Dp [t1,t2,n]     = [    235.8,     175.8,     110.7] Ns/m     auto
  KR [t1,t2,n]     = [      5.0,       5.0,      50.0] Nm/rad
  DR [t1,t2,n]     = [      1.3,       2.2,       1.1] Nms/rad  auto
  p_c [EE]         = [    -30.0,       0.0,      -0.0] mm       commanded in the tool frame
  r_c [t1,t2,n]    = [     29.6,       0.0,      -5.2] mm       p_TCP - p_c, in the plane
setup:     t=  0.0 s | tip=  0.0 deg | F=  0.1 N | M=  0.0 Nm (limit 150.0) | contact= 19.9 mm
setup:     t=  0.2 s | tip=  0.4 deg | F=  0.6 N | M=  0.3 Nm (limit 150.0) | contact=  7.2 mm
setup:     t=  0.4 s | tip=  0.2 deg | F= 17.0 N | M=  8.1 Nm (limit 150.0) | contact=  3.7 mm
setup:     t=  0.6 s | tip=  0.2 deg | F= 14.8 N | M=  7.2 Nm (limit 150.0) | contact=  3.6 mm
setup:     t=  0.8 s | tip=  0.2 deg | F= 20.2 N | M=  9.9 Nm (limit 150.0) | contact=  3.8 mm
setup:     t=  1.0 s | tip=  0.2 deg | F= 25.7 N | M= 12.5 Nm (limit 150.0) | contact=  4.1 mm
setup:     t=  1.2 s | tip=  0.2 deg | F= 30.9 N | M= 15.1 Nm (limit 150.0) | contact=  4.4 mm
setup:     t=  1.4 s | tip=  0.3 deg | F= 36.1 N | M= 17.7 Nm (limit 150.0) | contact=  4.8 mm
setup:     t=  1.6 s | tip=  0.4 deg | F= 41.7 N | M= 20.4 Nm (limit 150.0) | contact=  5.6 mm
setup:     t=  1.8 s | tip=  0.7 deg | F= 47.3 N | M= 23.1 Nm (limit 150.0) | contact=  6.1 mm
setup:     t=  2.0 s | tip=  0.7 deg | F= 53.2 N | M= 26.0 Nm (limit 150.0) | contact=  6.3 mm
setup:     t=  2.2 s | tip=  0.7 deg | F= 58.8 N | M= 28.7 Nm (limit 150.0) | contact=  6.4 mm
setup:     t=  2.4 s | tip=  0.7 deg | F= 64.6 N | M= 31.5 Nm (limit 150.0) | contact=  6.5 mm
setup:     t=  2.6 s | tip=  0.7 deg | F= 70.6 N | M= 34.2 Nm (limit 150.0) | contact=  6.6 mm
setup:     t=  2.8 s | tip=  0.7 deg | F= 77.1 N | M= 37.3 Nm (limit 150.0) | contact=  6.7 mm
setup:     t=  3.0 s | tip=  0.8 deg | F= 84.0 N | M= 40.7 Nm (limit 150.0) | contact=  6.6 mm
setup:     t=  3.2 s | tip=  1.2 deg | F= 89.6 N | M= 43.4 Nm (limit 150.0) | contact=  6.6 mm
setup:     t=  3.4 s | tip=  1.6 deg | F= 81.9 N | M= 39.6 Nm (limit 150.0) | contact=  6.4 mm
setup:     t=  3.6 s | tip=  1.7 deg | F= 81.7 N | M= 39.5 Nm (limit 150.0) | contact=  6.3 mm
setup:     t=  3.8 s | tip=  1.7 deg | F= 81.9 N | M= 39.6 Nm (limit 150.0) | contact=  6.3 mm
setup:     t=  4.0 s | tip=  1.8 deg | F= 82.0 N | M= 39.6 Nm (limit 150.0) | contact=  6.2 mm
setup:     t=  4.2 s | tip=  1.9 deg | F= 82.1 N | M= 39.7 Nm (limit 150.0) | contact=  6.2 mm
setup:     t=  4.4 s | tip=  1.9 deg | F= 82.0 N | M= 39.6 Nm (limit 150.0) | contact=  6.2 mm
setup:     t=  4.6 s | tip=  1.9 deg | F= 82.0 N | M= 39.6 Nm (limit 150.0) | contact=  6.1 mm
setup:     t=  4.8 s | tip=  2.0 deg | F= 82.1 N | M= 39.7 Nm (limit 150.0) | contact=  6.1 mm

==============================================================================
  SETUP RESULT
==============================================================================
  stop: time | t=5.0 s | tip=2.0 deg | F=82.1 N | M=39.7 Nm
  contact_from_start = [-1.8, +0.0, -5.8] mm | norm=6.1 mm
  tcp_from_contact  = [-18.6, +60.0, +16.9] mm | norm=65.1 mm
  alignment: before=9.95 deg | after=8.18 deg | gain=+1.77 deg
  alignment components [t1,t2,n] deg: before=[-0.78,-9.92,-0.00] | after=[-1.37,-8.07,-0.00]

-- setup surface-frame breakdown ---------------------------------------------
  frame              alignment-target [tangent1, tangent2, normal]
  force        [N]      = [    +7.27,     +0.67,    -81.75]
  tcp_disp     [mm]     = [    -2.75,     -0.16,    -25.76]
  contact_disp [mm]     = [    -1.74,     +0.17,     -5.87]
  Kp_eff=F/tcp [N/m]    = [  -2639.6,   -4271.5,    3173.9]
  M_contact    [Nm]     = [    -3.57,    +38.42,     -0.37]
  tip_angle    [deg]    = [    -0.63,     +1.86,     -0.23]
  KR_eff=M/ang [Nm/rad] = [    325.2,    1183.4,      94.6]
  frame              tool face [length, width, tool axis]
  M_contact    [Nm]     = [   -38.41,     +3.21,     +1.79]

-- center of compliance ------------------------------------------------------
  definition         r_c = p_TCP - p_c
  p_TCP [x,y,z]    = [    497.6,      -0.4,      18.7] mm
  p_c [EE]         = [    -30.0,       0.0,       0.0] mm
  r_c [t1,t2,n]    = [     29.7,       0.2,      -4.2] mm
                     p_c resolved at end of setup

-- effective TCP impedance ---------------------------------------------------
  K_TCP translation = [   1999.5,    1998.7,     351.8] N/m
  K_TCP rotation   = [      5.1,       5.4,      51.7] Nm/rad
  commanded KR was = [      5.0,       5.0,      50.0] Nm/rad   including lever contribution
  D_TCP translation = [    235.8,     175.7,     110.8] Ns/m
  D_TCP rotation   = [      1.3,       2.3,       1.3] Nms/rad
  coupling           max |moment per unit translation| = 59.2 Nm/m (K), 5.2 Nms/m (D)
  eigenvalues        K_TCP 5.00 .. 2002 | D_TCP 1.10 .. 236  (both positive: valid springs)

  K_TCP [N/m, Nm/rad | rows fx..mz, cols tx..rz]:
           tx        ty        tz    |    rx        ry        rz
  fx [    2000  -0.7871   -28.44 | 0.006057    8.599   0.1879 ]
  fy [ -0.7871     1999   -45.62 |   -9.434   -1.355   -59.21 ]
  fz [  -28.44   -45.62    351.8 |   0.1865    10.29    1.349 ]
     ---------------------------+---------------------------
  mx [0.006057   -9.434   0.1865 |    5.058  0.02702    1.055 ]
  my [   8.599   -1.355    10.29 |  0.02702     5.38    1.285 ]
  mz [  0.1879   -59.21    1.349 |    1.055    1.285    51.71 ]

  D_TCP [Ns/m, Nms/rad]:
           tx        ty        tz    |    rx        ry        rz
  fx [   235.8  -0.0597   -2.157 | 0.0004594    1.049  0.02117 ]
  fy [ -0.0597    175.7     -1.8 |  -0.8297 -0.05361   -5.207 ]
  fz [  -2.157     -1.8    110.8 | -0.0006172    3.271  0.05315 ]
     ---------------------------+---------------------------
  mx [0.0004594  -0.8297 -0.0006172 |    1.299 -0.0001082  0.02125 ]
  my [   1.049 -0.05361    3.271 | -0.0001082    2.275 -0.02797 ]
  mz [ 0.02117   -5.207  0.05315 |  0.02125 -0.02797    1.257 ]

[GATE] Set up finished (still pressing). Press Enter to start the grind (e+Enter stops).

Stop requested with e + Enter. Finishing control loop...

-- joint motion [deg] --------------------------------------------------------
  joint       start    final    delta
  q1            0.8     -0.2     -1.0
  q2           12.1     29.4    +17.3
  q3           -0.5      0.1     +0.6
  q4         -130.9   -129.2     +1.7
  q5           -0.2     -0.5     -0.3
  q6          142.9    149.6     +6.7
  q7           44.7     45.2     +0.5

==============================================================================
  FINAL RESULT
==============================================================================
  p_d              = [    496.3,      -6.7,    -215.5] mm
  p_EE             = [    497.6,      -0.4,      18.7] mm
  e_p              = [     -1.3,      -6.3,    -234.2] mm
  e_R              = [    -0.63,      1.85,     -0.27] deg
------------------------------------------------------------------------------
  position error     234.26 mm
  rotation error     1.98 deg
  csv                logs/surface_grinding_controller_log.csv
------------------------------------------------------------------------------
