
==============================================================================
  SURFACE GRINDING CONTROLLER
==============================================================================
  robot              172.16.0.2
  parameters         /home/hm-panda/Desktop/Thesis_Final_Control/surface_grinding_controller/params
------------------------------------------------------------------------------

==============================================================================
  SURFACE GRINDING CONTROLLER - STARTUP MENU
==============================================================================

-- RUN MODES -----------------------------------------------------------------
  s      Run orientation, approach, setup, and grinding
  h      Cartesian pose hold at the initial posture
  t      Cartesian pose hold with the setup impedance
  g      Start manual guidance from the current robot pose

-- ROBOT PREPARATION ---------------------------------------------------------
  i      Move to the configured initial joint posture

-- GRIPPER AND TOOL ----------------------------------------------------------
  o      Open the gripper
  c      Grasp the tool
  r      Recalibrate the gripper with empty fingers
  f      Pick up the tool from the holder
  b      Return the tool to the holder

-- PROGRAM -------------------------------------------------------------------
  e      Exit
------------------------------------------------------------------------------
  During control: e = stop | m = startup menu | g = guidance
------------------------------------------------------------------------------
Selection [s/h/t/g/i/o/c/r/f/b/e]: 
-- SELECTED MODE: PHASE SEQUENCE ---------------------------------------------

-- moving to q_init ----------------------------------------------------------
  case               saved_qinit
  q1..q7 [deg]     = [0.8, 12.1, -0.5, -130.9, -0.2, 142.9, 44.7] deg
  saved_qinit = [0.014777, 0.210911, -0.009320, -2.284835, -0.002725, 2.493410, 0.780694] rad
  q_init reached.

-- start pose ----------------------------------------------------------------
  q_start          = [0.9, 12.1, -0.5, -130.9, -0.2, 142.9, 44.7] deg
  p_start          = [    531.4,       2.6,     156.9] mm

==============================================================================
  RUN
==============================================================================

-- phase: approach_orient ----------------------------------------------------
  Kp [t1,t2,n]     = [    150.0,     150.0,     150.0] N/m
  Dp [t1,t2,n]     = [    133.7,      94.2,     128.3] Ns/m     auto (factor 1.90)
  KR [t1,t2,n]     = [    180.0,     180.0,      90.0] Nm/rad
  DR [t1,t2,n]     = [     15.3,      25.0,       2.0] Nms/rad  auto (factor 1.90)
orient:     t=  0.0 s | axis_err= 10.9 deg | spin_err=  0.0 deg
orient:     t=  0.2 s | axis_err=  9.7 deg | spin_err=  0.2 deg
orient:     t=  0.4 s | axis_err=  6.3 deg | spin_err=  0.2 deg
orient:     t=  0.6 s | axis_err=  2.5 deg | spin_err=  0.1 deg
orient:     t=  0.8 s | axis_err=  1.3 deg | spin_err=  0.1 deg
orient:     t=  1.0 s | axis_err=  1.1 deg | spin_err=  0.1 deg
orient:     t=  1.2 s | axis_err=  1.0 deg | spin_err=  0.1 deg
orient:     t=  1.4 s | axis_err=  1.0 deg | spin_err=  0.1 deg
orient:     t=  1.6 s | axis_err=  0.9 deg | spin_err=  0.1 deg
orient:     t=  1.8 s | axis_err=  0.9 deg | spin_err=  0.1 deg
orient:     t=  2.0 s | axis_err=  0.9 deg | spin_err=  0.1 deg
orient:     t=  2.2 s | axis_err=  0.9 deg | spin_err=  0.1 deg
orient:     t=  2.4 s | axis_err=  0.9 deg | spin_err=  0.1 deg
orient:     t=  2.6 s | axis_err=  0.9 deg | spin_err=  0.1 deg
orient:     t=  2.8 s | axis_err=  0.9 deg | spin_err=  0.1 deg
orient:     t=  3.0 s | axis_err=  0.9 deg | spin_err=  0.1 deg
orient:     t=  3.2 s | axis_err=  0.9 deg | spin_err=  0.1 deg
orient:     t=  3.4 s | axis_err=  0.9 deg | spin_err=  0.1 deg
orient:     t=  3.6 s | axis_err=  0.9 deg | spin_err=  0.1 deg
orient:     t=  3.8 s | axis_err=  0.9 deg | spin_err=  0.1 deg
orient:     t=  4.0 s | axis_err=  0.9 deg | spin_err=  0.1 deg
orient:     t=  4.2 s | axis_err=  0.9 deg | spin_err=  0.1 deg
orient:     t=  4.4 s | axis_err=  0.9 deg | spin_err=  0.1 deg
orient:     t=  4.6 s | axis_err=  0.9 deg | spin_err=  0.1 deg
orient:     t=  4.8 s | axis_err=  0.9 deg | spin_err=  0.1 deg
orient:     t=  5.0 s | axis_err=  0.9 deg | spin_err=  0.1 deg
orient:     t=  5.2 s | axis_err=  0.9 deg | spin_err=  0.1 deg
orient:     t=  5.4 s | axis_err=  0.9 deg | spin_err=  0.1 deg
orient:     t=  5.6 s | axis_err=  0.9 deg | spin_err=  0.1 deg
orient:     t=  5.8 s | axis_err=  0.9 deg | spin_err=  0.1 deg
orient:     t=  6.0 s | axis_err=  0.9 deg | spin_err=  0.1 deg
orient:     t=  6.2 s | axis_err=  0.9 deg | spin_err=  0.1 deg
orient:     t=  6.4 s | axis_err=  0.9 deg | spin_err=  0.1 deg
orient:     t=  6.6 s | axis_err=  0.9 deg | spin_err=  0.1 deg
orient:     t=  6.8 s | axis_err=  0.9 deg | spin_err=  0.1 deg
orient:     t=  7.0 s | axis_err=  0.9 deg | spin_err=  0.1 deg
orient:     t=  7.2 s | axis_err=  0.9 deg | spin_err=  0.1 deg
orient:     t=  7.4 s | axis_err=  0.9 deg | spin_err=  0.1 deg
orient:     t=  7.6 s | axis_err=  0.9 deg | spin_err=  0.1 deg
orient:     t=  7.8 s | axis_err=  0.9 deg | spin_err=  0.1 deg

Orientation settled short of the 0.9 deg gate after 8.0 s: axis_err=0.9 deg | spin_err=0.1 deg

-- phase: approach_descend ---------------------------------------------------
  Kp [t1,t2,n]     = [    150.0,     150.0,     150.0] N/m
  Dp [t1,t2,n]     = [    133.7,      94.2,     128.3] Ns/m     auto (factor 1.90)
  KR [t1,t2,n]     = [    180.0,     180.0,      90.0] Nm/rad
  DR [t1,t2,n]     = [     15.3,      25.0,       2.0] Nms/rad  auto (factor 1.90)
  descend to         20 mm clearance at 0.100 m/s
descend:    t=  0.0 s | distance=   0.1 mm | height=+118.6 mm (target 20.0) | force=  0.0 N
descend:    t=  0.2 s | distance=  20.2 mm | height=+108.3 mm (target 20.0) | force=  2.5 N
descend:    t=  0.4 s | distance=  40.3 mm | height= +92.5 mm (target 20.0) | force=  2.5 N
descend:    t=  0.6 s | distance=  60.4 mm | height= +75.5 mm (target 20.0) | force=  3.0 N
descend:    t=  0.8 s | distance=  80.5 mm | height= +58.3 mm (target 20.0) | force=  2.8 N
descend:    t=  1.0 s | distance= 100.6 mm | height= +40.8 mm (target 20.0) | force=  3.6 N
descend:    t=  1.2 s | distance= 120.7 mm | height= +23.4 mm (target 20.0) | force=  2.8 N

Clearance reached: distance=124.7 mm | height=19.9 mm | target=20.0 mm | force=4.1 N
  offset_ee        = [     20.0,      60.0,      20.0] mm
  p_EE_at_contact  = [    505.4,       4.1,      49.1] mm
  contact_point    = [    521.4,     -54.5,       1.5] mm
  edge_offset      = [     16.0,     -58.6,     -47.5] mm

-- phase: setup --------------------------------------------------------------

-- setup impedance -----------------------------------------------------------
  law                wrench = K_TCP*dx + D_TCP*dv
                     K_TCP  = Ad(r_c)^T * blkdiag(Kp,KR) * Ad(r_c)
  Kp [t1,t2,n]     = [   2000.0,    2000.0,     350.0] N/m
  Dp [t1,t2,n]     = [    235.5,     177.5,     110.5] Ns/m     auto
  KR [t1,t2,n]     = [      5.0,       5.0,      50.0] Nm/rad
  DR [t1,t2,n]     = [      1.4,       2.1,       1.2] Nms/rad  auto
  p_c [EE]         = [     -0.0,     -40.0,       0.0] mm       commanded in the tool frame
  r_c [t1,t2,n]    = [      0.1,     -39.8,      -4.2] mm       p_TCP - p_c, in the plane
setup:     t=  0.0 s | ee=  0.0 deg | F=  0.1 N | M=  0.0 Nm (limit 150.0) | contact= 19.9 mm
setup:     t=  0.2 s | ee=  0.9 deg | F=  1.0 N | M=  0.8 Nm (limit 150.0) | contact=  7.5 mm
setup:     t=  0.4 s | ee=  1.7 deg | F= 18.6 N | M=  0.7 Nm (limit 150.0) | contact=  3.3 mm
setup:     t=  0.6 s | ee=  1.7 deg | F= 14.1 N | M=  0.9 Nm (limit 150.0) | contact=  3.5 mm
setup:     t=  0.8 s | ee=  1.8 deg | F= 19.9 N | M=  0.9 Nm (limit 150.0) | contact=  3.9 mm
setup:     t=  1.0 s | ee=  1.9 deg | F= 25.9 N | M=  0.9 Nm (limit 150.0) | contact=  4.6 mm
setup:     t=  1.2 s | ee=  2.0 deg | F= 31.0 N | M=  0.9 Nm (limit 150.0) | contact=  5.2 mm
setup:     t=  1.4 s | ee=  3.2 deg | F= 32.9 N | M=  1.1 Nm (limit 150.0) | contact=  6.5 mm
setup:     t=  1.6 s | ee=  5.2 deg | F= 37.6 N | M=  1.3 Nm (limit 150.0) | contact=  7.5 mm
setup:     t=  1.8 s | ee=  5.4 deg | F= 44.6 N | M=  3.8 Nm (limit 150.0) | contact=  7.7 mm
setup:     t=  2.0 s | ee=  5.4 deg | F= 50.5 N | M=  3.9 Nm (limit 150.0) | contact=  8.2 mm
setup:     t=  2.2 s | ee=  5.5 deg | F= 56.4 N | M=  4.1 Nm (limit 150.0) | contact=  8.8 mm
setup:     t=  2.4 s | ee=  5.5 deg | F= 62.1 N | M=  4.3 Nm (limit 150.0) | contact=  9.5 mm
setup:     t=  2.6 s | ee=  5.5 deg | F= 67.6 N | M=  4.6 Nm (limit 150.0) | contact= 10.0 mm
setup:     t=  2.8 s | ee=  5.5 deg | F= 73.2 N | M=  4.8 Nm (limit 150.0) | contact= 10.2 mm
setup:     t=  3.0 s | ee=  5.5 deg | F= 78.2 N | M=  4.9 Nm (limit 150.0) | contact= 10.3 mm
setup:     t=  3.2 s | ee=  5.5 deg | F= 83.9 N | M=  5.0 Nm (limit 150.0) | contact= 10.4 mm
setup:     t=  3.4 s | ee=  5.5 deg | F= 78.6 N | M=  5.0 Nm (limit 150.0) | contact= 10.3 mm
setup:     t=  3.6 s | ee=  5.5 deg | F= 78.4 N | M=  5.0 Nm (limit 150.0) | contact= 10.3 mm
setup:     t=  3.8 s | ee=  5.5 deg | F= 78.4 N | M=  4.9 Nm (limit 150.0) | contact= 10.4 mm
setup:     t=  4.0 s | ee=  5.5 deg | F= 78.4 N | M=  4.9 Nm (limit 150.0) | contact= 10.4 mm
setup:     t=  4.2 s | ee=  5.5 deg | F= 78.3 N | M=  4.9 Nm (limit 150.0) | contact= 10.4 mm
setup:     t=  4.4 s | ee=  5.5 deg | F= 78.3 N | M=  4.9 Nm (limit 150.0) | contact= 10.4 mm
setup:     t=  4.6 s | ee=  5.5 deg | F= 78.2 N | M=  4.9 Nm (limit 150.0) | contact= 10.4 mm
setup:     t=  4.8 s | ee=  5.5 deg | F= 78.2 N | M=  4.9 Nm (limit 150.0) | contact= 10.4 mm

==============================================================================
  SETUP RESULT
==============================================================================
  stop: time | t=5.0 s | ee=5.5 deg | F=78.2 N | M_TCP=4.9 Nm
  contact_from_start = [-8.4, +0.5, -6.0] mm | norm=10.4 mm
  tcp_from_contact  = [-22.9, +60.9, +17.3] mm | norm=67.3 mm
  deviation: before=9.62 deg | after=10.06 deg | gain=-0.44 deg
  t_align: not reached | tolerance=2.00 deg | hold=0.30 s
  t_align_fraction: not reached | fraction=0.50 of the deviation at contact
  deviation_min: 9.62 deg at t=0.01 s
  align_status: not_aligned
  deviation components [t1,t2,n] deg: before=[-6.29,-7.28,-0.00] | after=[-1.64,-9.92,+0.00]

-- setup surface-frame breakdown ---------------------------------------------
  frame              alignment-target [tangent1, tangent2, normal]
  force        [N]      = [   +10.52,     -5.07,    -77.34]
  tcp_disp     [mm]     = [    -6.40,     +3.13,    -30.23]
  contact_disp [mm]     = [    -8.30,     +0.72,     -6.16]
  Kp_eff=F/tcp [N/m]    = [  -1642.1,   -1618.9,    2558.1]
  M_contact    [Nm]     = [    -9.36,     -0.50,     -0.56]
  ee_angle     [deg]    = [    +4.79,     -2.71,     +0.61]
  KR_eff=M/ang [Nm/rad] = [   -112.1,      10.5,     -52.0]
  frame              tool face [length, width, tool axis]
  M_contact    [Nm]     = [    +0.62,     +9.12,     +2.15]

-- center of compliance ------------------------------------------------------
  definition         r_c = p_TCP - p_c
  p_TCP [x,y,z]    = [    498.4,       6.4,      18.9] mm
  p_c [EE]         = [      0.0,     -40.0,       0.0] mm
  r_c [t1,t2,n]    = [     -0.4,     -40.0,      -0.8] mm
                     p_c resolved at end of setup

-- effective TCP impedance ---------------------------------------------------
  K_TCP translation = [   1999.5,    1998.7,     351.8] N/m
  K_TCP rotation   = [      5.6,       5.0,      53.2] Nm/rad
  commanded KR was = [      5.0,       5.0,      50.0] Nm/rad   including lever contribution
  D_TCP translation = [    235.5,     177.5,     110.5] Ns/m
  D_TCP rotation   = [      1.5,       2.1,       1.5] Nms/rad
  coupling           max |moment per unit translation| = 80.0 Nm/m (K), 9.4 Nms/m (D)
  eigenvalues        K_TCP 4.99 .. 2003 | D_TCP 1.17 .. 236  (both positive: valid springs)

  K_TCP [N/m, Nm/rad | rows fx..mz, cols tx..rz]:
           tx        ty        tz    |    rx        ry        rz
  fx [    2000  -0.7871   -28.44 |   -1.138  -0.5954   -79.97 ]
  fy [ -0.7871     1999   -45.62 |   -1.216   0.0211   0.9453 ]
  fz [  -28.44   -45.62    351.8 |    14.05  -0.1522    1.117 ]
     ---------------------------+---------------------------
  mx [  -1.138   -1.216    14.05 |    5.575  0.01539   0.8205 ]
  my [ -0.5954   0.0211  -0.1522 |  0.01539    5.035    1.268 ]
  mz [  -79.97   0.9453    1.117 |   0.8205    1.268    53.15 ]

  D_TCP [Ns/m, Nms/rad]:
           tx        ty        tz    |    rx        ry        rz
  fx [   235.5 -0.05967   -2.156 | -0.08625 -0.07068   -9.419 ]
  fy [-0.05967    177.5   -1.854 | -0.02015 0.0008659  0.08353 ]
  fz [  -2.156   -1.854    110.5 |    4.421 -0.04989  0.08538 ]
     ---------------------------+---------------------------
  mx [-0.08625 -0.02015    4.421 |    1.549 -0.002092 -7.336e-05 ]
  my [-0.07068 0.0008659 -0.04989 | -0.002092    2.116 -0.02339 ]
  mz [  -9.419  0.08353  0.08538 | -7.336e-05 -0.02339    1.546 ]

[GATE] Set up finished (still pressing). Press Enter to start the grind (e+Enter stops).

Stop requested with e + Enter. Finishing control loop...

-- joint motion [deg] --------------------------------------------------------
  joint       start    final    delta
  q1            0.9      1.7     +0.9
  q2           12.1     30.4    +18.3
  q3           -0.5     -0.9     -0.4
  q4         -130.9   -126.5     +4.4
  q5           -0.2      0.6     +0.8
  q6          142.9    144.4     +1.5
  q7           44.7     46.1     +1.3

==============================================================================
  FINAL RESULT
==============================================================================
  p_d              = [    500.9,      -3.1,    -210.7] mm
  p_EE             = [    498.4,       6.4,      18.9] mm
  e_p              = [      2.4,      -9.5,    -229.6] mm
  e_R              = [     4.80,     -2.70,      0.60] deg
------------------------------------------------------------------------------
  position error     229.82 mm
  rotation error     5.53 deg
  csv                logs/surface_grinding_controller_log.csv
------------------------------------------------------------------------------
