
==============================================================================
  SURFACE GRINDING CONTROLLER
==============================================================================
  robot              172.16.0.2
  parameters         /home/hm-panda/Desktop/Thesis_Final_Control/surface_grinding_controller/params
------------------------------------------------------------------------------

==============================================================================
  SURFACE GRINDING CONTROLLER - STARTUP MENU
==============================================================================

-- RUN MODES -----------------------------------------------------------------
  s      Run orientation, approach, contact establishment, and grinding
  h      Cartesian pose hold at the initial posture
  t      Cartesian pose hold with the contact establishment impedance
  g      Start manual guidance from the current robot pose

-- ROBOT PREPARATION ---------------------------------------------------------
  i      Move to the configured initial joint posture

-- GRIPPER AND TOOL ----------------------------------------------------------
  o      Open the gripper
  c      Grasp the tool
  r      Recalibrate the gripper with empty fingers
  f      Pick up the tool from the holder
  b      Return the tool to the holder

-- PROGRAM -------------------------------------------------------------------
  e      Exit
------------------------------------------------------------------------------
  During control: e = stop | m = startup menu | g = guidance
------------------------------------------------------------------------------
Selection [s/h/t/g/i/o/c/r/f/b/e]: 
-- SELECTED MODE: STATE SEQUENCE ---------------------------------------------

-- moving to q_init ----------------------------------------------------------
  case               saved_qinit
  q1..q7 [deg]     = [0.8, 12.1, -0.5, -130.9, -0.2, 142.9, 44.7] deg
  saved_qinit = [0.014777, 0.210911, -0.009320, -2.284835, -0.002725, 2.493410, 0.780694] rad
  q_init reached.

-- start pose ----------------------------------------------------------------
  q_start          = [0.9, 12.1, -0.5, -130.9, -0.1, 142.9, 44.7] deg
  p_start          = [    531.4,       2.5,     156.8] mm

==============================================================================
  RUN
==============================================================================

-- state: tool_orientation ---------------------------------------------------
  Kp [t1,t2,n]     = [    150.0,     150.0,     150.0] N/m
  Dp [t1,t2,n]     = [    133.7,      94.2,     128.3] Ns/m     auto (factor 1.90)
  KR [t1,t2,n]     = [    180.0,     180.0,      90.0] Nm/rad
  DR [t1,t2,n]     = [     15.3,      25.0,       2.0] Nms/rad  auto (factor 1.90)
orient:     t=  0.0 s | axis_err=  8.5 deg | spin_err=  0.5 deg
orient:     t=  0.2 s | axis_err=  7.2 deg | spin_err=  0.2 deg
orient:     t=  0.4 s | axis_err=  3.3 deg | spin_err=  0.2 deg
orient:     t=  0.6 s | axis_err=  1.0 deg | spin_err=  0.2 deg
orient:     t=  0.8 s | axis_err=  0.8 deg | spin_err=  0.2 deg

Orientation reached: axis_err=0.8 deg | spin_err=0.2 deg

-- state: surface_approach ---------------------------------------------------
  Kp [t1,t2,n]     = [    150.0,     150.0,     150.0] N/m
  Dp [t1,t2,n]     = [    133.7,      94.2,     128.3] Ns/m     auto (factor 1.90)
  KR [t1,t2,n]     = [    180.0,     180.0,      90.0] Nm/rad
  DR [t1,t2,n]     = [     15.3,      25.0,       2.0] Nms/rad  auto (factor 1.90)
  descend to         20 mm clearance at 0.100 m/s
descend:    t=  0.0 s | distance=   0.1 mm | height=+121.8 mm (target 20.0) | force=  0.0 N
descend:    t=  0.2 s | distance=  20.2 mm | height=+111.1 mm (target 20.0) | force=  1.2 N
descend:    t=  0.4 s | distance=  40.3 mm | height= +96.1 mm (target 20.0) | force=  3.1 N
descend:    t=  0.6 s | distance=  60.4 mm | height= +79.7 mm (target 20.0) | force=  2.0 N
descend:    t=  0.8 s | distance=  80.5 mm | height= +62.6 mm (target 20.0) | force=  2.9 N
descend:    t=  1.0 s | distance= 100.6 mm | height= +45.6 mm (target 20.0) | force=  2.9 N
descend:    t=  1.2 s | distance= 120.7 mm | height= +28.3 mm (target 20.0) | force=  2.6 N

Clearance reached: distance=130.5 mm | height=20.0 mm | target=20.0 mm | force=1.9 N
  offset_ee        = [     20.0,      60.0,      20.0] mm
  p_EE_at_contact  = [    516.4,       1.2,      49.9] mm
  contact_point    = [    534.9,     -56.2,       1.4] mm
  edge_offset      = [     18.5,     -57.4,     -48.5] mm

-- state: contact_establishment ----------------------------------------------

-- contact establishment impedance -------------------------------------------
  law                wrench = K_TCP*dx + D_TCP*dv
                     K_TCP  = Ad(r_c)^T * blkdiag(Kp,KR) * Ad(r_c)
  Kp [t1,t2,n]     = [   2000.0,    2000.0,     350.0] N/m
  Dp [t1,t2,n]     = [    231.1,     178.1,     112.1] Ns/m     auto
  KR [t1,t2,n]     = [      5.0,       5.0,      50.0] Nm/rad
  DR [t1,t2,n]     = [      1.5,       1.9,       1.2] Nms/rad  auto
  p_c [EE]         = [      0.0,     -90.0,       0.0] mm       commanded in the tool frame
  r_c [t1,t2,n]    = [     -0.1,      88.9,      14.1] mm       p_c - p_TCP, in the plane
contact establishment:     t=  0.0 s | ee=  0.0 deg | F=  0.1 N | M=  0.0 Nm | contact= 19.9 mm
contact establishment:     t=  0.2 s | ee=  0.8 deg | F=  0.5 N | M=  0.7 Nm | contact=  7.5 mm
contact establishment:     t=  0.4 s | ee=  1.5 deg | F= 15.3 N | M=  0.2 Nm | contact=  4.0 mm
contact establishment:     t=  0.6 s | ee=  1.6 deg | F= 16.0 N | M=  0.6 Nm | contact=  4.1 mm
contact establishment:     t=  0.8 s | ee=  1.6 deg | F= 21.4 N | M=  0.7 Nm | contact=  4.3 mm
contact establishment:     t=  1.0 s | ee=  1.7 deg | F= 27.0 N | M=  0.7 Nm | contact=  4.4 mm
contact establishment:     t=  1.2 s | ee=  2.1 deg | F= 30.8 N | M=  0.9 Nm | contact=  4.5 mm
contact establishment:     t=  1.4 s | ee=  2.8 deg | F= 36.3 N | M=  0.9 Nm | contact=  4.5 mm
contact establishment:     t=  1.6 s | ee=  5.3 deg | F= 37.1 N | M=  1.1 Nm | contact=  4.3 mm
contact establishment:     t=  1.8 s | ee=  8.2 deg | F= 44.1 N | M=  3.2 Nm | contact=  3.6 mm
contact establishment:     t=  2.0 s | ee=  8.3 deg | F= 48.3 N | M=  4.8 Nm | contact=  3.6 mm
contact establishment:     t=  2.2 s | ee=  8.3 deg | F= 53.9 N | M=  5.2 Nm | contact=  3.7 mm
contact establishment:     t=  2.4 s | ee=  8.3 deg | F= 59.6 N | M=  5.5 Nm | contact=  3.8 mm
contact establishment:     t=  2.6 s | ee=  8.4 deg | F= 65.2 N | M=  5.9 Nm | contact=  3.9 mm
contact establishment:     t=  2.8 s | ee=  8.4 deg | F= 70.5 N | M=  6.2 Nm | contact=  4.1 mm
contact establishment:     t=  3.0 s | ee=  8.4 deg | F= 76.3 N | M=  6.5 Nm | contact=  4.2 mm
contact establishment:     t=  3.2 s | ee=  8.4 deg | F= 81.6 N | M=  6.9 Nm | contact=  4.2 mm
contact establishment:     t=  3.4 s | ee=  8.4 deg | F= 76.4 N | M=  6.7 Nm | contact=  4.1 mm
contact establishment:     t=  3.6 s | ee=  8.4 deg | F= 76.2 N | M=  6.7 Nm | contact=  4.1 mm
contact establishment:     t=  3.8 s | ee=  8.4 deg | F= 76.2 N | M=  6.7 Nm | contact=  4.1 mm
contact establishment:     t=  4.0 s | ee=  8.4 deg | F= 76.2 N | M=  6.7 Nm | contact=  4.1 mm
contact establishment:     t=  4.2 s | ee=  8.4 deg | F= 76.1 N | M=  6.7 Nm | contact=  4.1 mm
contact establishment:     t=  4.4 s | ee=  8.4 deg | F= 76.2 N | M=  6.7 Nm | contact=  4.1 mm
contact establishment:     t=  4.6 s | ee=  8.4 deg | F= 76.1 N | M=  6.7 Nm | contact=  4.1 mm
contact establishment:     t=  4.8 s | ee=  8.5 deg | F= 76.1 N | M=  6.7 Nm | contact=  4.1 mm

==============================================================================
  CONTACT-ESTABLISHMENT RESULT
==============================================================================
  stop: time | t=5.0 s | ee=8.5 deg | F=76.1 N | M_TCP=6.7 Nm
  contact_from_start = [-2.7, -1.5, -2.7] mm | norm=4.1 mm
  tcp_from_contact  = [-20.7, +58.9, +18.0] mm | norm=65.0 mm
  deviation: before=9.39 deg | after=2.52 deg | gain=+6.86 deg
  t_align: not reached | tolerance=2.00 deg | hold=0.30 s
  t_align_fraction: 1.63 s | fraction=0.50 of the deviation at contact
  deviation_min: 2.51 deg at t=1.86 s
  align_status: not_aligned
  deviation components [t1,t2,n] deg: before=[-9.38,-0.43,-0.00] | after=[-1.14,-2.25,+0.00]

-- contact establishment surface-frame breakdown -----------------------------
  frame              alignment-target [tangent1, tangent2, normal]
  force        [N]      = [    +2.77,     -5.22,    -75.91]
  tcp_disp     [mm]     = [    -1.69,     +2.37,    -30.52]
  contact_disp [mm]     = [    -2.69,     -1.42,     -2.79]
  Kp_eff=F/tcp [N/m]    = [  -1636.3,   -2205.2,    2487.4]
  M_contact    [Nm]     = [   -11.11,     -0.70,     -0.13]
  ee_angle     [deg]    = [    +8.25,     -1.84,     +0.16]
  KR_eff=M/ang [Nm/rad] = [    -77.2,      21.6,     -44.2]
  frame              tool face [length, width, tool axis]
  M_contact    [Nm]     = [    +0.76,    +11.10,     +0.55]

-- center of compliance ------------------------------------------------------
  definition         r_c = p_c - p_TCP
  p_TCP [x,y,z]    = [    514.1,       2.7,      19.4] mm
  p_c [EE]         = [      0.0,     -90.0,       0.0] mm
  r_c [t1,t2,n]    = [      0.4,      90.0,       1.2] mm
                     p_c resolved at end of contact establishment

-- effective TCP impedance ---------------------------------------------------
  K_TCP translation = [   1999.5,    1998.7,     351.8] N/m
  K_TCP rotation   = [      7.9,       5.0,      66.1] Nm/rad
  commanded KR was = [      5.0,       5.0,      50.0] Nm/rad   including lever contribution
  D_TCP translation = [    231.1,     178.1,     112.2] Ns/m
  D_TCP rotation   = [      2.4,       1.9,       3.1] Nms/rad
  coupling           max |moment per unit translation| = 179.9 Nm/m (K), 20.8 Nms/m (D)
  eigenvalues        K_TCP 4.96 .. 2017 | D_TCP 1.20 .. 233  (both positive: valid springs)

  K_TCP [N/m, Nm/rad | rows fx..mz, cols tx..rz]:
           tx        ty        tz    |    rx        ry        rz
  fx [    2000  -0.7871   -28.44 |    -2.56    -2.65   -179.9 ]
  fy [ -0.7871     1999   -45.62 |   -1.443  0.02148   0.9661 ]
  fz [  -28.44   -45.62    351.8 |    31.59  -0.1197    2.539 ]
     ---------------------------+---------------------------
  mx [   -2.56   -1.443    31.59 |    7.854  0.01073    1.005 ]
  my [   -2.65  0.02148  -0.1197 |  0.01073    5.038    1.483 ]
  mz [  -179.9   0.9661    2.539 |    1.005    1.483    66.14 ]

  D_TCP [Ns/m, Nms/rad]:
           tx        ty        tz    |    rx        ry        rz
  fx [   231.1 -0.05675    -2.05 |  -0.1846  -0.3068   -20.79 ]
  fy [-0.05675    178.1   -1.824 |  0.07303 0.0008926  0.08488 ]
  fz [   -2.05   -1.824    112.2 |     10.1 -0.04754   0.1837 ]
     ---------------------------+---------------------------
  mx [ -0.1846  0.07303     10.1 |    2.402 -0.004413  0.01174 ]
  my [ -0.3068 0.0008926 -0.04754 | -0.004413    1.894 0.008661 ]
  mz [  -20.79  0.08488   0.1837 |  0.01174 0.008661     3.08 ]

[STATE] Pre-grinding hold active. Press Enter to start grinding (e+Enter stops).

-- state: pre_grinding_hold --------------------------------------------------
  motion             established contact command
  impedance          inherited from contact establishment
  keys               Enter continue | e stop

Stop requested with e + Enter. Finishing control loop...

-- joint motion [deg] --------------------------------------------------------
  joint       start    final    delta
  q1            0.9      5.7     +4.9
  q2           12.1     30.1    +18.0
  q3           -0.5     -4.7     -4.2
  q4         -130.9   -129.0     +1.9
  q5           -0.1      3.8     +4.0
  q6          142.9    154.2    +11.3
  q7           44.7     43.3     -1.4

==============================================================================
  FINAL RESULT
==============================================================================
  p_d              = [    511.9,      -6.0,    -210.0] mm
  p_EE             = [    514.1,       2.7,      19.4] mm
  e_p              = [     -2.3,      -8.7,    -229.3] mm
  e_R              = [     8.25,     -1.84,      0.07] deg
------------------------------------------------------------------------------
  position error     229.48 mm
  rotation error     8.45 deg
  csv                logs/surface_grinding_controller_log.csv
------------------------------------------------------------------------------
