
==============================================================================
  SURFACE GRINDING CONTROLLER
==============================================================================
  robot              172.16.0.2
  parameters         /home/hm-panda/Desktop/Thesis_Final_Control/surface_grinding_controller/params
------------------------------------------------------------------------------

==============================================================================
  SURFACE GRINDING CONTROLLER - STARTUP MENU
==============================================================================

-- RUN MODES -----------------------------------------------------------------
  s      Run orientation, approach, setup, and grinding
  h      Cartesian pose hold at the initial posture
  t      Cartesian pose hold with the setup impedance
  g      Start manual guidance from the current robot pose

-- ROBOT PREPARATION ---------------------------------------------------------
  i      Move to the configured initial joint posture

-- GRIPPER AND TOOL ----------------------------------------------------------
  o      Open the gripper
  c      Grasp the tool
  r      Recalibrate the gripper with empty fingers
  f      Pick up the tool from the holder
  b      Return the tool to the holder

-- PROGRAM -------------------------------------------------------------------
  e      Exit
------------------------------------------------------------------------------
  During control: e = stop | m = startup menu | g = guidance
------------------------------------------------------------------------------
Selection [s/h/t/g/i/o/c/r/f/b/e]: 
-- SELECTED MODE: PHASE SEQUENCE ---------------------------------------------

-- moving to q_init ----------------------------------------------------------
  case               saved_qinit
  q1..q7 [deg]     = [0.8, 12.1, -0.5, -130.9, -0.2, 142.9, 44.7] deg
  saved_qinit = [0.014777, 0.210911, -0.009320, -2.284835, -0.002725, 2.493410, 0.780694] rad
  q_init reached.

-- start pose ----------------------------------------------------------------
  q_start          = [0.9, 12.1, -0.5, -130.9, -0.1, 142.9, 44.7] deg
  p_start          = [    531.3,       2.5,     156.8] mm

==============================================================================
  RUN
==============================================================================

-- phase: approach_orient ----------------------------------------------------
  Kp [t1,t2,n]     = [    150.0,     150.0,     150.0] N/m
  Dp [t1,t2,n]     = [    133.7,      94.2,     128.3] Ns/m     auto (factor 1.90)
  KR [t1,t2,n]     = [     90.0,      90.0,      90.0] Nm/rad
  DR [t1,t2,n]     = [     10.8,      17.7,       2.0] Nms/rad  auto (factor 1.90)
orient:     t=  0.0 s | axis_err=  8.6 deg | spin_err=  0.6 deg
orient:     t=  0.2 s | axis_err=  8.1 deg | spin_err=  0.0 deg
orient:     t=  0.4 s | axis_err=  4.9 deg | spin_err=  0.2 deg
orient:     t=  0.6 s | axis_err=  2.1 deg | spin_err=  0.2 deg

Orientation reached: axis_err=2.0 deg | spin_err=0.2 deg

-- phase: approach_descend ---------------------------------------------------
  Kp [t1,t2,n]     = [    150.0,     150.0,     150.0] N/m
  Dp [t1,t2,n]     = [    133.7,      94.2,     128.3] Ns/m     auto (factor 1.90)
  KR [t1,t2,n]     = [     90.0,      90.0,      90.0] Nm/rad
  DR [t1,t2,n]     = [     10.8,      17.7,       2.0] Nms/rad  auto (factor 1.90)
  descend to         20 mm clearance at 0.100 m/s
descend:    t=  0.0 s | distance=   0.1 mm | height=+125.2 mm (target 20.0) | force=  0.0 N
descend:    t=  0.2 s | distance=  20.1 mm | height=+113.7 mm (target 20.0) | force=  1.4 N
descend:    t=  0.4 s | distance=  40.2 mm | height= +98.3 mm (target 20.0) | force=  2.7 N
descend:    t=  0.6 s | distance=  60.3 mm | height= +81.7 mm (target 20.0) | force=  2.8 N
descend:    t=  0.8 s | distance=  80.4 mm | height= +64.7 mm (target 20.0) | force=  2.8 N
descend:    t=  1.0 s | distance= 100.5 mm | height= +47.1 mm (target 20.0) | force=  3.5 N
descend:    t=  1.2 s | distance= 120.6 mm | height= +30.2 mm (target 20.0) | force=  2.9 N

Clearance reached: distance=132.5 mm | height=19.9 mm | target=20.0 mm | force=2.1 N
  offset_ee        = [     20.0,      60.0,      20.0] mm
  p_EE_at_contact  = [    519.5,       1.9,      48.8] mm
  contact_point    = [    538.3,     -55.8,       1.3] mm
  edge_offset      = [     18.9,     -57.7,     -47.5] mm

-- phase: setup --------------------------------------------------------------

-- setup impedance -----------------------------------------------------------
  law                wrench = K_TCP*dx + D_TCP*dv
                     K_TCP  = Ad(r_c)^T * blkdiag(Kp,KR) * Ad(r_c)
  Kp [t1,t2,n]     = [   2000.0,    2000.0,     350.0] N/m
  Dp [t1,t2,n]     = [    230.7,     177.0,     112.4] Ns/m     auto
  KR [t1,t2,n]     = [      5.0,       5.0,      50.0] Nm/rad
  DR [t1,t2,n]     = [      1.5,       1.9,       1.2] Nms/rad  auto
  p_c [EE]         = [      0.0,      50.0,       0.0] mm       commanded in the tool frame
  r_c [t1,t2,n]    = [     -0.1,      49.5,       7.2] mm       p_TCP - p_c, in the plane
setup:     t=  0.0 s | tip=  0.0 deg | F=  0.1 N | M=  0.0 Nm (limit 150.0) | contact= 19.8 mm
setup:     t=  0.2 s | tip=  0.9 deg | F=  1.5 N | M=  1.2 Nm (limit 150.0) | contact=  7.3 mm
setup:     t=  0.4 s | tip=  1.5 deg | F= 17.9 N | M=  9.8 Nm (limit 150.0) | contact=  2.9 mm
setup:     t=  0.6 s | tip=  1.5 deg | F= 16.1 N | M=  9.2 Nm (limit 150.0) | contact=  3.0 mm
setup:     t=  0.8 s | tip=  1.6 deg | F= 21.8 N | M= 12.0 Nm (limit 150.0) | contact=  3.2 mm
setup:     t=  1.0 s | tip=  1.6 deg | F= 26.8 N | M= 14.6 Nm (limit 150.0) | contact=  3.3 mm
setup:     t=  1.2 s | tip=  1.6 deg | F= 32.8 N | M= 17.7 Nm (limit 150.0) | contact=  3.5 mm
setup:     t=  1.4 s | tip=  1.6 deg | F= 38.0 N | M= 20.4 Nm (limit 150.0) | contact=  3.6 mm
setup:     t=  1.6 s | tip=  1.6 deg | F= 44.0 N | M= 23.5 Nm (limit 150.0) | contact=  3.8 mm
setup:     t=  1.8 s | tip=  1.6 deg | F= 49.5 N | M= 26.4 Nm (limit 150.0) | contact=  4.0 mm
setup:     t=  2.0 s | tip=  1.6 deg | F= 55.3 N | M= 29.3 Nm (limit 150.0) | contact=  4.1 mm
setup:     t=  2.2 s | tip=  1.6 deg | F= 61.1 N | M= 32.4 Nm (limit 150.0) | contact=  4.3 mm
setup:     t=  2.4 s | tip=  1.7 deg | F= 66.6 N | M= 35.2 Nm (limit 150.0) | contact=  4.4 mm
setup:     t=  2.6 s | tip=  1.7 deg | F= 71.9 N | M= 38.0 Nm (limit 150.0) | contact=  4.6 mm
setup:     t=  2.8 s | tip=  1.7 deg | F= 77.2 N | M= 40.8 Nm (limit 150.0) | contact=  4.7 mm
setup:     t=  3.0 s | tip=  1.7 deg | F= 82.7 N | M= 43.6 Nm (limit 150.0) | contact=  4.9 mm
setup:     t=  3.2 s | tip=  1.7 deg | F= 88.2 N | M= 46.4 Nm (limit 150.0) | contact=  5.0 mm
setup:     t=  3.4 s | tip=  1.7 deg | F= 82.8 N | M= 43.7 Nm (limit 150.0) | contact=  4.9 mm
setup:     t=  3.6 s | tip=  1.7 deg | F= 82.6 N | M= 43.7 Nm (limit 150.0) | contact=  4.9 mm
setup:     t=  3.8 s | tip=  1.7 deg | F= 82.6 N | M= 43.6 Nm (limit 150.0) | contact=  4.9 mm
setup:     t=  4.0 s | tip=  1.7 deg | F= 82.5 N | M= 43.6 Nm (limit 150.0) | contact=  4.9 mm
setup:     t=  4.2 s | tip=  1.7 deg | F= 82.5 N | M= 43.6 Nm (limit 150.0) | contact=  4.9 mm
setup:     t=  4.4 s | tip=  1.7 deg | F= 82.4 N | M= 43.6 Nm (limit 150.0) | contact=  4.9 mm
setup:     t=  4.6 s | tip=  1.7 deg | F= 82.4 N | M= 43.5 Nm (limit 150.0) | contact=  4.9 mm
setup:     t=  4.8 s | tip=  1.7 deg | F= 82.4 N | M= 43.5 Nm (limit 150.0) | contact=  4.9 mm

==============================================================================
  SETUP RESULT
==============================================================================
  stop: time | t=5.0 s | tip=1.7 deg | F=82.3 N | M=43.5 Nm
  contact_from_start = [-2.4, +0.4, -4.2] mm | norm=4.9 mm
  tcp_from_contact  = [-21.1, +57.6, +23.8] mm | norm=65.7 mm
  alignment: before=8.39 deg | after=8.62 deg | gain=-0.23 deg
  alignment components [t1,t2,n] deg: before=[-8.33,-1.00,+0.00] | after=[-8.19,-2.69,-0.00]

-- setup surface-frame breakdown ---------------------------------------------
  frame              alignment-target [tangent1, tangent2, normal]
  force        [N]      = [    +3.64,     -1.11,    -82.21]
  tcp_disp     [mm]     = [    -1.77,     +0.48,    -23.76]
  contact_disp [mm]     = [    -2.35,     +0.50,     -4.27]
  Kp_eff=F/tcp [N/m]    = [  -2052.5,   -2323.1,    3460.3]
  M_contact    [Nm]     = [    -1.69,    +41.92,     -0.46]
  tip_angle    [deg]    = [    +0.13,     -1.66,     -0.27]
  KR_eff=M/ang [Nm/rad] = [   -737.9,   -1443.6,      96.9]
  frame              tool face [length, width, tool axis]
  M_contact    [Nm]     = [   -41.43,     +1.32,     +6.51]

-- center of compliance ------------------------------------------------------
  definition         r_c = p_TCP - p_c
  p_TCP [x,y,z]    = [    517.3,       1.8,      25.1] mm
  p_c [EE]         = [     -0.0,      50.0,      -0.0] mm
  r_c [t1,t2,n]    = [     -0.1,      49.5,       7.1] mm
                     p_c resolved at end of setup

-- effective TCP impedance ---------------------------------------------------
  K_TCP translation = [   1999.5,    1998.7,     351.8] N/m
  K_TCP rotation   = [      6.0,       5.1,      54.9] Nm/rad
  commanded KR was = [      5.0,       5.0,      50.0] Nm/rad   including lever contribution
  D_TCP translation = [    230.6,     177.0,     112.4] Ns/m
  D_TCP rotation   = [      1.8,       1.9,       1.7] Nms/rad
  coupling           max |moment per unit translation| = 99.3 Nm/m (K), 11.5 Nms/m (D)
  eigenvalues        K_TCP 4.99 .. 2005 | D_TCP 1.16 .. 231  (both positive: valid springs)

  K_TCP [N/m, Nm/rad | rows fx..mz, cols tx..rz]:
           tx        ty        tz    |    rx        ry        rz
  fx [    2000  -0.7871   -28.44 |    1.408   -11.52    99.31 ]
  fy [ -0.7871     1999   -45.62 |    13.78  0.00272  -0.1187 ]
  fz [  -28.44   -45.62    351.8 |   -17.73   0.1779   -1.411 ]
     ---------------------------+---------------------------
  mx [   1.408    13.78   -17.73 |    5.974  0.01265    0.845 ]
  my [  -11.52  0.00272   0.1779 |  0.01265    5.101   0.6718 ]
  mz [   99.31  -0.1187   -1.411 |    0.845   0.6718    54.88 ]

  D_TCP [Ns/m, Nms/rad]:
           tx        ty        tz    |    rx        ry        rz
  fx [   230.6 -0.05644   -2.039 |    0.101   -1.329    11.46 ]
  fy [-0.05644      177   -1.788 |    1.109 0.0002541 -0.009848 ]
  fz [  -2.039   -1.788    112.4 |   -5.595  0.01623  -0.1012 ]
     ---------------------------+---------------------------
  mx [   0.101    1.109   -5.595 |    1.771 -0.0009574 -0.0005532 ]
  my [  -1.329 0.0002541  0.01623 | -0.0009574    1.891 -0.08585 ]
  mz [   11.46 -0.009848  -0.1012 | -0.0005532 -0.08585    1.736 ]

[GATE] Set up finished (still pressing). Press Enter to start the grind (e+Enter stops).

Stop requested with e + Enter. Finishing control loop...

-- joint motion [deg] --------------------------------------------------------
  joint       start    final    delta
  q1            0.9      0.8     -0.1
  q2           12.1     29.4    +17.3
  q3           -0.5     -0.9     -0.3
  q4         -130.9   -128.9     +2.0
  q5           -0.1     16.0    +16.2
  q6          142.9    153.7    +10.8
  q7           44.7     30.2    -14.6

==============================================================================
  FINAL RESULT
==============================================================================
  p_d              = [    515.0,      -5.2,    -211.0] mm
  p_EE             = [    517.3,       1.8,      25.1] mm
  e_p              = [     -2.3,      -7.0,    -236.1] mm
  e_R              = [     0.13,     -1.67,     -0.23] deg
------------------------------------------------------------------------------
  position error     236.17 mm
  rotation error     1.69 deg
  csv                logs/surface_grinding_controller_log.csv
------------------------------------------------------------------------------
