
==============================================================================
  SURFACE GRINDING CONTROLLER
==============================================================================
  robot              172.16.0.2
  parameters         /home/hm-panda/Desktop/Thesis_Final_Control/surface_grinding_controller/params
------------------------------------------------------------------------------

==============================================================================
  SURFACE GRINDING CONTROLLER - STARTUP MENU
==============================================================================

-- RUN MODES -----------------------------------------------------------------
  s      Run orientation, approach, setup, and grinding
  h      Cartesian pose hold at the initial posture
  t      Cartesian pose hold with the setup impedance
  g      Start manual guidance from the current robot pose

-- ROBOT PREPARATION ---------------------------------------------------------
  i      Move to the configured initial joint posture

-- GRIPPER AND TOOL ----------------------------------------------------------
  o      Open the gripper
  c      Grasp the tool
  r      Recalibrate the gripper with empty fingers
  f      Pick up the tool from the holder
  b      Return the tool to the holder

-- PROGRAM -------------------------------------------------------------------
  e      Exit
------------------------------------------------------------------------------
  During control: e = stop | m = startup menu | g = guidance
------------------------------------------------------------------------------
Selection [s/h/t/g/i/o/c/r/f/b/e]: 
-- SELECTED MODE: PHASE SEQUENCE ---------------------------------------------

-- moving to q_init ----------------------------------------------------------
  case               saved_qinit
  q1..q7 [deg]     = [0.8, 12.1, -0.5, -130.9, -0.2, 142.9, 44.7] deg
  saved_qinit = [0.014777, 0.210911, -0.009320, -2.284835, -0.002725, 2.493410, 0.780694] rad
  q_init reached.

-- start pose ----------------------------------------------------------------
  q_start          = [0.8, 12.1, -0.5, -130.9, -0.2, 142.9, 44.7] deg
  p_start          = [    531.3,       2.5,     156.8] mm

==============================================================================
  RUN
==============================================================================

-- phase: approach_orient ----------------------------------------------------
  Kp [t1,t2,n]     = [    150.0,     150.0,     150.0] N/m
  Dp [t1,t2,n]     = [    133.7,      94.2,     128.3] Ns/m     auto (factor 1.90)
  KR [t1,t2,n]     = [    180.0,     180.0,      90.0] Nm/rad
  DR [t1,t2,n]     = [     15.3,      25.0,       2.0] Nms/rad  auto (factor 1.90)
orient:     t=  0.0 s | axis_err=  8.6 deg | spin_err=  0.5 deg
orient:     t=  0.2 s | axis_err=  7.3 deg | spin_err=  0.2 deg
orient:     t=  0.4 s | axis_err=  3.4 deg | spin_err=  0.2 deg
orient:     t=  0.6 s | axis_err=  1.1 deg | spin_err=  0.3 deg
orient:     t=  0.8 s | axis_err=  0.9 deg | spin_err=  0.3 deg

Orientation reached: axis_err=0.9 deg | spin_err=0.3 deg

-- phase: approach_descend ---------------------------------------------------
  Kp [t1,t2,n]     = [    150.0,     150.0,     150.0] N/m
  Dp [t1,t2,n]     = [    133.7,      94.2,     128.3] Ns/m     auto (factor 1.90)
  KR [t1,t2,n]     = [    180.0,     180.0,      90.0] Nm/rad
  DR [t1,t2,n]     = [     15.3,      25.0,       2.0] Nms/rad  auto (factor 1.90)
  descend to         20 mm clearance at 0.100 m/s
descend:    t=  0.0 s | distance=   0.1 mm | height=+121.8 mm (target 20.0) | force= -0.0 N
descend:    t=  0.2 s | distance=  20.2 mm | height=+111.4 mm (target 20.0) | force=  1.7 N
descend:    t=  0.4 s | distance=  40.3 mm | height= +96.2 mm (target 20.0) | force=  1.9 N
descend:    t=  0.6 s | distance=  60.4 mm | height= +80.1 mm (target 20.0) | force=  3.1 N
descend:    t=  0.8 s | distance=  80.5 mm | height= +63.0 mm (target 20.0) | force=  2.6 N
descend:    t=  1.0 s | distance= 100.6 mm | height= +46.3 mm (target 20.0) | force=  2.8 N
descend:    t=  1.2 s | distance= 120.7 mm | height= +29.5 mm (target 20.0) | force=  2.3 N

Clearance reached: distance=132.1 mm | height=19.9 mm | target=20.0 mm | force=2.0 N
  offset_ee        = [     20.0,      60.0,      20.0] mm
  p_EE_at_contact  = [    517.0,       2.5,      49.7] mm
  contact_point    = [    535.4,     -55.0,       1.3] mm
  edge_offset      = [     18.4,     -57.4,     -48.4] mm

-- phase: setup --------------------------------------------------------------

-- setup impedance -----------------------------------------------------------
  law                wrench = K_TCP*dx + D_TCP*dv
                     K_TCP  = Ad(r_c)^T * blkdiag(Kp,KR) * Ad(r_c)
  Kp [t1,t2,n]     = [   2000.0,    2000.0,     350.0] N/m
  Dp [t1,t2,n]     = [    231.3,     177.9,     112.1] Ns/m     auto
  KR [t1,t2,n]     = [      5.0,       5.0,      50.0] Nm/rad
  DR [t1,t2,n]     = [      1.5,       1.9,       1.2] Nms/rad  auto
  p_c [EE]         = [     -0.0,      20.0,       0.0] mm       commanded in the tool frame
  r_c [t1,t2,n]    = [      0.0,      19.8,       3.1] mm       p_TCP - p_c, in the plane
setup:     t=  0.0 s | ee=  0.0 deg | F=  0.1 N | M=  0.0 Nm (limit 150.0) | contact= 19.9 mm
setup:     t=  0.2 s | ee=  0.9 deg | F=  1.7 N | M=  0.8 Nm (limit 150.0) | contact=  7.6 mm
setup:     t=  0.4 s | ee=  1.6 deg | F= 20.4 N | M=  0.7 Nm (limit 150.0) | contact=  3.2 mm
setup:     t=  0.6 s | ee=  1.6 deg | F= 16.3 N | M=  1.0 Nm (limit 150.0) | contact=  3.2 mm
setup:     t=  0.8 s | ee=  1.6 deg | F= 21.5 N | M=  1.1 Nm (limit 150.0) | contact=  3.4 mm
setup:     t=  1.0 s | ee=  1.6 deg | F= 26.9 N | M=  1.1 Nm (limit 150.0) | contact=  3.5 mm
setup:     t=  1.2 s | ee=  1.6 deg | F= 32.2 N | M=  1.2 Nm (limit 150.0) | contact=  3.6 mm
setup:     t=  1.4 s | ee=  1.6 deg | F= 37.7 N | M=  1.3 Nm (limit 150.0) | contact=  3.8 mm
setup:     t=  1.6 s | ee=  1.7 deg | F= 43.3 N | M=  1.4 Nm (limit 150.0) | contact=  4.0 mm
setup:     t=  1.8 s | ee=  1.7 deg | F= 49.2 N | M=  1.5 Nm (limit 150.0) | contact=  4.1 mm
setup:     t=  2.0 s | ee=  1.7 deg | F= 55.2 N | M=  1.6 Nm (limit 150.0) | contact=  4.3 mm
setup:     t=  2.2 s | ee=  1.7 deg | F= 60.3 N | M=  1.8 Nm (limit 150.0) | contact=  4.4 mm
setup:     t=  2.4 s | ee=  1.7 deg | F= 66.1 N | M=  2.0 Nm (limit 150.0) | contact=  4.6 mm
setup:     t=  2.6 s | ee=  1.7 deg | F= 71.5 N | M=  2.2 Nm (limit 150.0) | contact=  4.7 mm
setup:     t=  2.8 s | ee=  1.7 deg | F= 76.8 N | M=  2.4 Nm (limit 150.0) | contact=  4.9 mm
setup:     t=  3.0 s | ee=  1.8 deg | F= 82.6 N | M=  2.6 Nm (limit 150.0) | contact=  5.1 mm
setup:     t=  3.2 s | ee=  1.8 deg | F= 88.4 N | M=  2.7 Nm (limit 150.0) | contact=  5.2 mm
setup:     t=  3.4 s | ee=  1.8 deg | F= 83.4 N | M=  2.6 Nm (limit 150.0) | contact=  5.1 mm
setup:     t=  3.6 s | ee=  1.8 deg | F= 82.5 N | M=  2.5 Nm (limit 150.0) | contact=  5.1 mm
setup:     t=  3.8 s | ee=  1.8 deg | F= 82.2 N | M=  2.6 Nm (limit 150.0) | contact=  5.1 mm
setup:     t=  4.0 s | ee=  1.8 deg | F= 82.2 N | M=  2.6 Nm (limit 150.0) | contact=  5.1 mm
setup:     t=  4.2 s | ee=  1.8 deg | F= 82.4 N | M=  2.6 Nm (limit 150.0) | contact=  5.1 mm
setup:     t=  4.4 s | ee=  1.8 deg | F= 82.2 N | M=  2.6 Nm (limit 150.0) | contact=  5.1 mm
setup:     t=  4.6 s | ee=  1.8 deg | F= 82.2 N | M=  2.6 Nm (limit 150.0) | contact=  5.1 mm
setup:     t=  4.8 s | ee=  1.8 deg | F= 82.2 N | M=  2.5 Nm (limit 150.0) | contact=  5.1 mm

==============================================================================
  SETUP RESULT
==============================================================================
  stop: time | t=5.0 s | ee=1.8 deg | F=82.2 N | M_TCP=2.6 Nm
  contact_from_start = [-2.9, +0.3, -4.2] mm | norm=5.1 mm
  tcp_from_contact  = [-20.9, +57.4, +24.4] mm | norm=65.8 mm
  deviation: before=9.31 deg | after=9.09 deg | gain=+0.22 deg
  t_align: not reached | tolerance=2.00 deg | hold=0.30 s
  deviation components [t1,t2,n] deg: before=[-9.30,-0.51,+0.00] | after=[-8.81,-2.26,+0.00]

-- setup surface-frame breakdown ---------------------------------------------
  frame              alignment-target [tangent1, tangent2, normal]
  force        [N]      = [    +3.74,     -2.50,    -82.08]
  tcp_disp     [mm]     = [    -2.11,     +0.65,    -24.04]
  contact_disp [mm]     = [    -2.84,     +0.45,     -4.20]
  Kp_eff=F/tcp [N/m]    = [  -1776.9,   -3866.3,    3414.4]
  M_contact    [Nm]     = [    -2.07,     -0.76,     +0.07]
  ee_angle     [deg]    = [    +0.49,     -1.74,     -0.18]
  KR_eff=M/ang [Nm/rad] = [   -243.6,      24.9,     -22.5]
  frame              tool face [length, width, tool axis]
  M_contact    [Nm]     = [    +0.74,     +2.08,     -0.10]

-- center of compliance ------------------------------------------------------
  definition         r_c = p_TCP - p_c
  p_TCP [x,y,z]    = [    514.5,       2.5,      25.7] mm
  p_c [EE]         = [      0.0,      20.0,      -0.0] mm
  r_c [t1,t2,n]    = [      0.0,      19.8,       2.9] mm
                     p_c resolved at end of setup

-- effective TCP impedance ---------------------------------------------------
  K_TCP translation = [   1999.5,    1998.7,     351.8] N/m
  K_TCP rotation   = [      5.2,       5.0,      50.7] Nm/rad
  commanded KR was = [      5.0,       5.0,      50.0] Nm/rad   including lever contribution
  D_TCP translation = [    231.2,     177.9,     112.1] Ns/m
  D_TCP rotation   = [      1.5,       1.9,       1.3] Nms/rad
  coupling           max |moment per unit translation| = 39.7 Nm/m (K), 4.6 Nms/m (D)
  eigenvalues        K_TCP 5.00 .. 2001 | D_TCP 1.20 .. 231  (both positive: valid springs)

  K_TCP [N/m, Nm/rad | rows fx..mz, cols tx..rz]:
           tx        ty        tz    |    rx        ry        rz
  fx [    2000  -0.7871   -28.44 |   0.5628   -4.761    39.71 ]
  fy [ -0.7871     1999   -45.62 |    5.662 -0.002637  -0.2132 ]
  fz [  -28.44   -45.62    351.8 |   -7.093   0.1024  -0.5602 ]
     ---------------------------+---------------------------
  mx [  0.5628    5.662   -7.093 |    5.168  0.01943   0.7862 ]
  my [  -4.761 -0.002637   0.1024 |  0.01943    5.046     1.15 ]
  mz [   39.71  -0.2132  -0.5602 |   0.7862     1.15    50.74 ]

  D_TCP [Ns/m, Nms/rad]:
           tx        ty        tz    |    rx        ry        rz
  fx [   231.2 -0.05686   -2.054 |  0.04066  -0.5504    4.592 ]
  fy [-0.05686    177.9   -1.821 |   0.4594 -4.468e-05 -0.01872 ]
  fz [  -2.054   -1.821    112.1 |   -2.231  0.01598 -0.04062 ]
     ---------------------------+---------------------------
  mx [ 0.04066   0.4594   -2.231 |    1.532 -0.0004518 -0.004096 ]
  my [ -0.5504 -4.468e-05  0.01598 | -0.0004518    1.901 -0.03016 ]
  mz [   4.592 -0.01872 -0.04062 | -0.004096 -0.03016    1.296 ]

[GATE] Set up finished (still pressing). Press Enter to start the grind (e+Enter stops).

Stop requested with e + Enter. Finishing control loop...

-- joint motion [deg] --------------------------------------------------------
  joint       start    final    delta
  q1            0.8      1.5     +0.7
  q2           12.1     29.3    +17.1
  q3           -0.5     -1.6     -1.1
  q4         -130.9   -128.7     +2.2
  q5           -0.2     16.5    +16.7
  q6          142.9    152.1     +9.3
  q7           44.7     30.1    -14.7

==============================================================================
  FINAL RESULT
==============================================================================
  p_d              = [    512.5,      -4.7,    -210.1] mm
  p_EE             = [    514.5,       2.5,      25.7] mm
  e_p              = [     -2.0,      -7.2,    -235.8] mm
  e_R              = [     0.48,     -1.75,     -0.14] deg
------------------------------------------------------------------------------
  position error     235.90 mm
  rotation error     1.82 deg
  csv                logs/surface_grinding_controller_log.csv
------------------------------------------------------------------------------
