
==============================================================================
  SURFACE GRINDING CONTROLLER
==============================================================================
  robot              172.16.0.2
  parameters         /home/hm-panda/Desktop/Thesis_Final_Control/surface_grinding_controller/params
------------------------------------------------------------------------------

==============================================================================
  SURFACE GRINDING CONTROLLER - STARTUP MENU
==============================================================================

-- RUN MODES -----------------------------------------------------------------
  s      Run orientation, approach, setup, and grinding
  h      Cartesian pose hold at the initial posture
  t      Cartesian pose hold with the setup impedance
  g      Start manual guidance from the current robot pose

-- ROBOT PREPARATION ---------------------------------------------------------
  i      Move to the configured initial joint posture

-- GRIPPER AND TOOL ----------------------------------------------------------
  o      Open the gripper
  c      Grasp the tool
  r      Recalibrate the gripper with empty fingers
  f      Pick up the tool from the holder
  b      Return the tool to the holder

-- PROGRAM -------------------------------------------------------------------
  e      Exit
------------------------------------------------------------------------------
  During control: e = stop | m = startup menu | g = guidance
------------------------------------------------------------------------------
Selection [s/h/t/g/i/o/c/r/f/b/e]: 
-- SELECTED MODE: PHASE SEQUENCE ---------------------------------------------

-- moving to q_init ----------------------------------------------------------
  case               saved_qinit
  q1..q7 [deg]     = [0.8, 12.1, -0.5, -130.9, -0.2, 142.9, 44.7] deg
  saved_qinit = [0.014777, 0.210911, -0.009320, -2.284835, -0.002725, 2.493410, 0.780694] rad
  q_init reached.

-- start pose ----------------------------------------------------------------
  q_start          = [0.8, 12.1, -0.5, -130.9, -0.2, 142.9, 44.7] deg
  p_start          = [    531.3,       2.4,     156.7] mm

==============================================================================
  RUN
==============================================================================

-- phase: approach_orient ----------------------------------------------------
  Kp [t1,t2,n]     = [    150.0,     150.0,     150.0] N/m
  Dp [t1,t2,n]     = [    133.7,      94.2,     128.3] Ns/m     auto (factor 1.90)
  KR [t1,t2,n]     = [     90.0,      90.0,      90.0] Nm/rad
  DR [t1,t2,n]     = [     10.8,      17.7,       2.0] Nms/rad  auto (factor 1.90)
orient:     t=  0.0 s | axis_err=  1.6 deg | spin_err=  0.7 deg
orient:     t=  0.2 s | axis_err=  1.2 deg | spin_err=  0.0 deg
orient:     t=  0.4 s | axis_err=  1.1 deg | spin_err=  0.0 deg

Orientation reached: axis_err=1.1 deg | spin_err=0.0 deg

-- phase: approach_descend ---------------------------------------------------
  Kp [t1,t2,n]     = [    150.0,     150.0,     150.0] N/m
  Dp [t1,t2,n]     = [    133.7,      94.2,     128.3] Ns/m     auto (factor 1.90)
  KR [t1,t2,n]     = [     90.0,      90.0,      90.0] Nm/rad
  DR [t1,t2,n]     = [     10.8,      17.7,       2.0] Nms/rad  auto (factor 1.90)
  descend to         20 mm clearance at 0.100 m/s
descend:    t=  0.0 s | distance=   0.1 mm | height=+133.1 mm (target 20.0) | force=  0.0 N
descend:    t=  0.2 s | distance=  20.1 mm | height=+121.5 mm (target 20.0) | force=  0.5 N
descend:    t=  0.4 s | distance=  40.1 mm | height=+105.0 mm (target 20.0) | force=  2.0 N
descend:    t=  0.6 s | distance=  60.2 mm | height= +87.9 mm (target 20.0) | force=  1.9 N
descend:    t=  0.8 s | distance=  80.3 mm | height= +70.3 mm (target 20.0) | force=  2.1 N
descend:    t=  1.0 s | distance= 100.4 mm | height= +52.5 mm (target 20.0) | force=  2.1 N
descend:    t=  1.2 s | distance= 120.5 mm | height= +34.4 mm (target 20.0) | force=  2.0 N

Clearance reached: distance=136.5 mm | height=19.9 mm | target=20.0 mm | force=2.8 N
  offset_ee        = [     20.0,      60.0,      20.0] mm
  p_EE_at_contact  = [    520.4,       0.3,      41.2] mm
  contact_point    = [    539.5,     -60.5,       1.4] mm
  edge_offset      = [     19.1,     -60.8,     -39.8] mm

-- phase: setup --------------------------------------------------------------

-- setup impedance -----------------------------------------------------------
  law                wrench = K_TCP*dx + D_TCP*dv
                     K_TCP  = Ad(r_c)^T * blkdiag(Kp,KR) * Ad(r_c)
  Kp [t1,t2,n]     = [   2000.0,    2000.0,     350.0] N/m
  Dp [t1,t2,n]     = [    231.7,     169.8,     113.1] Ns/m     auto
  KR [t1,t2,n]     = [      5.0,       5.0,      50.0] Nm/rad
  DR [t1,t2,n]     = [      1.3,       2.0,       0.8] Nms/rad  auto
  p_c [EE]         = [      0.0,      -0.0,      60.0] mm       commanded in the tool frame
  r_c [t1,t2,n]    = [      0.5,      -1.0,      60.0] mm       p_TCP - p_c, in the plane
setup:     t=  0.0 s | tip=  0.0 deg | F=  0.1 N | M=  0.1 Nm (limit 150.0) | contact= 19.8 mm
setup:     t=  0.2 s | tip=  0.4 deg | F=  0.9 N | M=  0.5 Nm (limit 150.0) | contact=  7.1 mm
setup:     t=  0.4 s | tip=  0.6 deg | F= 10.5 N | M=  6.0 Nm (limit 150.0) | contact=  0.8 mm
setup:     t=  0.6 s | tip=  0.6 deg | F= 12.4 N | M=  6.7 Nm (limit 150.0) | contact=  0.6 mm
setup:     t=  0.8 s | tip=  0.7 deg | F= 19.2 N | M= 10.4 Nm (limit 150.0) | contact=  1.0 mm
setup:     t=  1.0 s | tip=  0.7 deg | F= 24.7 N | M= 13.2 Nm (limit 150.0) | contact=  1.2 mm
setup:     t=  1.2 s | tip=  0.7 deg | F= 30.4 N | M= 16.2 Nm (limit 150.0) | contact=  1.4 mm
setup:     t=  1.4 s | tip=  0.7 deg | F= 36.0 N | M= 19.1 Nm (limit 150.0) | contact=  1.6 mm
setup:     t=  1.6 s | tip=  0.7 deg | F= 42.2 N | M= 22.3 Nm (limit 150.0) | contact=  1.8 mm
setup:     t=  1.8 s | tip=  0.8 deg | F= 47.9 N | M= 25.3 Nm (limit 150.0) | contact=  2.1 mm
setup:     t=  2.0 s | tip=  0.8 deg | F= 53.3 N | M= 28.1 Nm (limit 150.0) | contact=  2.3 mm
setup:     t=  2.2 s | tip=  0.9 deg | F= 57.9 N | M= 30.5 Nm (limit 150.0) | contact=  2.8 mm
setup:     t=  2.4 s | tip=  0.9 deg | F= 64.5 N | M= 33.8 Nm (limit 150.0) | contact=  2.9 mm
setup:     t=  2.6 s | tip=  0.9 deg | F= 69.9 N | M= 36.7 Nm (limit 150.0) | contact=  3.1 mm
setup:     t=  2.8 s | tip=  0.9 deg | F= 75.6 N | M= 39.6 Nm (limit 150.0) | contact=  3.2 mm
setup:     t=  3.0 s | tip=  0.9 deg | F= 81.5 N | M= 42.7 Nm (limit 150.0) | contact=  3.4 mm
setup:     t=  3.2 s | tip=  0.9 deg | F= 86.8 N | M= 45.4 Nm (limit 150.0) | contact=  3.5 mm
setup:     t=  3.4 s | tip=  0.9 deg | F= 82.0 N | M= 42.9 Nm (limit 150.0) | contact=  3.5 mm
setup:     t=  3.6 s | tip=  0.9 deg | F= 81.8 N | M= 42.8 Nm (limit 150.0) | contact=  3.5 mm
setup:     t=  3.8 s | tip=  0.9 deg | F= 81.9 N | M= 42.8 Nm (limit 150.0) | contact=  3.5 mm
setup:     t=  4.0 s | tip=  0.9 deg | F= 81.8 N | M= 42.8 Nm (limit 150.0) | contact=  3.5 mm
setup:     t=  4.2 s | tip=  0.9 deg | F= 81.7 N | M= 42.8 Nm (limit 150.0) | contact=  3.5 mm
setup:     t=  4.4 s | tip=  0.9 deg | F= 81.7 N | M= 42.8 Nm (limit 150.0) | contact=  3.5 mm
setup:     t=  4.6 s | tip=  0.9 deg | F= 81.6 N | M= 42.7 Nm (limit 150.0) | contact=  3.5 mm
setup:     t=  4.8 s | tip=  0.9 deg | F= 81.6 N | M= 42.7 Nm (limit 150.0) | contact=  3.5 mm

==============================================================================
  SETUP RESULT
==============================================================================
  stop: time | t=5.0 s | tip=0.9 deg | F=81.6 N | M=42.7 Nm
  contact_from_start = [-0.8, -0.1, -3.4] mm | norm=3.5 mm
  tcp_from_contact  = [-19.7, +60.1, +17.1] mm | norm=65.5 mm
  alignment: before=1.09 deg | after=1.86 deg | gain=-0.77 deg
  alignment components [t1,t2,n] deg: before=[-0.96,-0.52,+0.00] | after=[-1.32,-1.31,+0.00]

-- setup surface-frame breakdown ---------------------------------------------
  frame              alignment-target [tangent1, tangent2, normal]
  force        [N]      = [    +1.50,     -0.89,    -81.57]
  tcp_disp     [mm]     = [    -0.19,     -0.03,    -22.69]
  contact_disp [mm]     = [    -0.72,     +0.02,     -3.39]
  Kp_eff=F/tcp [N/m]    = [  -7860.7,       n/a,    3595.2]
  M_contact    [Nm]     = [    -3.99,    +41.15,     -0.28]
  tip_angle    [deg]    = [    -0.35,     -0.80,     +0.23]
  KR_eff=M/ang [Nm/rad] = [    649.7,   -2964.5,     -70.5]
  frame              tool face [length, width, tool axis]
  M_contact    [Nm]     = [   -41.12,     +4.14,     +1.31]

-- center of compliance ------------------------------------------------------
  definition         r_c = p_TCP - p_c
  p_TCP [x,y,z]    = [    519.8,      -0.4,      18.5] mm
  p_c [EE]         = [      0.0,       0.0,      60.0] mm
  r_c [t1,t2,n]    = [      1.4,      -1.4,      60.0] mm
                     p_c resolved at end of setup

-- effective TCP impedance ---------------------------------------------------
  K_TCP translation = [   1999.5,    1998.7,     351.8] N/m
  K_TCP rotation   = [     12.2,      12.2,      50.0] Nm/rad
  commanded KR was = [      5.0,       5.0,      50.0] Nm/rad   including lever contribution
  D_TCP translation = [    231.7,     169.7,     113.2] Ns/m
  D_TCP rotation   = [      1.9,       2.8,       0.8] Nms/rad
  coupling           max |moment per unit translation| = 119.9 Nm/m (K), 13.9 Nms/m (D)
  eigenvalues        K_TCP 4.98 .. 2007 | D_TCP 0.79 .. 233  (both positive: valid springs)

  K_TCP [N/m, Nm/rad | rows fx..mz, cols tx..rz]:
           tx        ty        tz    |    rx        ry        rz
  fx [    2000  -0.7871   -28.44 | -0.03917   -119.9   0.5657 ]
  fy [ -0.7871     1999   -45.62 |    119.8 -0.06258   -4.809 ]
  fz [  -28.44   -45.62    351.8 |   -2.834    2.551   0.1017 ]
     ---------------------------+---------------------------
  mx [-0.03917    119.8   -2.834 |     12.2    0.017   0.4872 ]
  my [  -119.9 -0.06258    2.551 |    0.017    12.23    1.211 ]
  mz [  0.5657   -4.809   0.1017 |   0.4872    1.211    49.96 ]

  D_TCP [Ns/m, Nms/rad]:
           tx        ty        tz    |    rx        ry        rz
  fx [   231.7 -0.05659   -2.045 | -0.002816   -13.89  0.06547 ]
  fy [-0.05659    169.7   -1.567 |    10.18 -0.000377  -0.4084 ]
  fz [  -2.045   -1.567    113.2 |  -0.1258   0.3949 0.003193 ]
     ---------------------------+---------------------------
  mx [-0.002816    10.18  -0.1258 |    1.936 -0.0003917  -0.0338 ]
  my [  -13.89 -0.000377   0.3949 | -0.0003917    2.827 -0.03734 ]
  mz [ 0.06547  -0.4084 0.003193 |  -0.0338 -0.03734   0.7873 ]

[GATE] Set up finished (still pressing). Press Enter to start the grind (e+Enter stops).

Stop requested with e + Enter. Finishing control loop...

-- joint motion [deg] --------------------------------------------------------
  joint       start    final    delta
  q1            0.8     -0.3     -1.1
  q2           12.1     30.3    +18.1
  q3           -0.5      0.2     +0.7
  q4         -130.9   -129.6     +1.3
  q5           -0.2     -1.0     -0.8
  q6          142.9    157.5    +14.7
  q7           44.7     46.1     +1.4

==============================================================================
  FINAL RESULT
==============================================================================
  p_d              = [    515.9,      -6.9,    -218.6] mm
  p_EE             = [    519.8,      -0.4,      18.5] mm
  e_p              = [     -3.9,      -6.5,    -237.1] mm
  e_R              = [    -0.35,     -0.79,      0.25] deg
------------------------------------------------------------------------------
  position error     237.25 mm
  rotation error     0.90 deg
  csv                logs/surface_grinding_controller_log.csv
------------------------------------------------------------------------------
