
==============================================================================
  SURFACE GRINDING CONTROLLER
==============================================================================
  robot              172.16.0.2
  parameters         /home/hm-panda/Desktop/Thesis_Final_Control/surface_grinding_controller/params
------------------------------------------------------------------------------

==============================================================================
  SURFACE GRINDING CONTROLLER - STARTUP MENU
==============================================================================

-- RUN MODES -----------------------------------------------------------------
  s      Run orientation, approach, setup, and grinding
  h      Cartesian pose hold at the initial posture
  t      Cartesian pose hold with the setup impedance
  g      Start manual guidance from the current robot pose

-- ROBOT PREPARATION ---------------------------------------------------------
  i      Move to the configured initial joint posture

-- GRIPPER AND TOOL ----------------------------------------------------------
  o      Open the gripper
  c      Grasp the tool
  r      Recalibrate the gripper with empty fingers
  f      Pick up the tool from the holder
  b      Return the tool to the holder

-- PROGRAM -------------------------------------------------------------------
  e      Exit
------------------------------------------------------------------------------
  During control: e = stop | m = startup menu | g = guidance
------------------------------------------------------------------------------
Selection [s/h/t/g/i/o/c/r/f/b/e]: 
-- SELECTED MODE: PHASE SEQUENCE ---------------------------------------------

-- moving to q_init ----------------------------------------------------------
  case               saved_qinit
  q1..q7 [deg]     = [0.8, 12.1, -0.5, -130.9, -0.2, 142.9, 44.7] deg
  saved_qinit = [0.014777, 0.210911, -0.009320, -2.284835, -0.002725, 2.493410, 0.780694] rad
  q_init reached.

-- start pose ----------------------------------------------------------------
  q_start          = [0.8, 12.1, -0.5, -130.9, -0.2, 142.8, 44.7] deg
  p_start          = [    531.2,       2.4,     156.8] mm

==============================================================================
  RUN
==============================================================================

-- phase: approach_orient ----------------------------------------------------
  Kp [t1,t2,n]     = [    150.0,     150.0,     150.0] N/m
  Dp [t1,t2,n]     = [    133.7,      94.2,     128.3] Ns/m     auto (factor 1.90)
  KR [t1,t2,n]     = [    180.0,     180.0,      90.0] Nm/rad
  DR [t1,t2,n]     = [     15.3,      25.0,       2.0] Nms/rad  auto (factor 1.90)
orient:     t=  0.0 s | axis_err= 12.4 deg | spin_err=  0.6 deg
orient:     t=  0.2 s | axis_err= 11.0 deg | spin_err=  0.4 deg
orient:     t=  0.4 s | axis_err=  7.8 deg | spin_err=  0.2 deg
orient:     t=  0.6 s | axis_err=  4.0 deg | spin_err=  0.1 deg
orient:     t=  0.8 s | axis_err=  1.5 deg | spin_err=  0.0 deg
orient:     t=  1.0 s | axis_err=  1.0 deg | spin_err=  0.0 deg

Orientation reached: axis_err=0.9 deg | spin_err=0.0 deg

-- phase: approach_descend ---------------------------------------------------
  Kp [t1,t2,n]     = [    150.0,     150.0,     150.0] N/m
  Dp [t1,t2,n]     = [    133.7,      94.2,     128.3] Ns/m     auto (factor 1.90)
  KR [t1,t2,n]     = [    180.0,     180.0,      90.0] Nm/rad
  DR [t1,t2,n]     = [     15.3,      25.0,       2.0] Nms/rad  auto (factor 1.90)
  descend to         20 mm clearance at 0.100 m/s
descend:    t=  0.0 s | distance=   0.1 mm | height=+125.2 mm (target 20.0) | force= -0.1 N
descend:    t=  0.2 s | distance=  20.2 mm | height=+113.0 mm (target 20.0) | force=  2.3 N
descend:    t=  0.4 s | distance=  40.3 mm | height= +96.6 mm (target 20.0) | force=  2.0 N
descend:    t=  0.6 s | distance=  60.4 mm | height= +79.4 mm (target 20.0) | force=  0.5 N
descend:    t=  0.8 s | distance=  80.5 mm | height= +62.2 mm (target 20.0) | force=  2.1 N
descend:    t=  1.0 s | distance= 100.6 mm | height= +44.7 mm (target 20.0) | force=  1.6 N
descend:    t=  1.2 s | distance= 120.7 mm | height= +27.2 mm (target 20.0) | force=  2.4 N

Clearance reached: distance=128.9 mm | height=19.9 mm | target=20.0 mm | force=1.9 N
  offset_ee        = [     20.0,       0.0,      20.0] mm
  p_EE_at_contact  = [    502.9,      -0.5,      44.0] mm
  contact_point    = [    517.8,      -1.8,       0.1] mm
  edge_offset      = [     14.8,      -1.2,     -43.8] mm

-- phase: setup --------------------------------------------------------------

-- setup impedance -----------------------------------------------------------
  law                wrench = K_TCP*dx + D_TCP*dv
                     K_TCP  = Ad(r_c)^T * blkdiag(Kp,KR) * Ad(r_c)
  Kp [t1,t2,n]     = [   2000.0,    2000.0,     350.0] N/m
  Dp [t1,t2,n]     = [    236.7,     176.3,     109.9] Ns/m     auto
  KR [t1,t2,n]     = [      5.0,       5.0,      50.0] Nm/rad
  DR [t1,t2,n]     = [      1.3,       2.2,       1.2] Nms/rad  auto
  p_c [EE]         = [    -40.0,       0.0,       0.0] mm       commanded in the tool frame
  r_c [t1,t2,n]    = [     39.2,      -0.0,      -8.0] mm       p_TCP - p_c, in the plane
setup:     t=  0.0 s | ee=  0.0 deg | F=  0.1 N | M=  0.0 Nm (limit 150.0) | contact= 19.9 mm
setup:     t=  0.2 s | ee=  0.5 deg | F=  0.9 N | M=  0.3 Nm (limit 150.0) | contact=  7.0 mm
setup:     t=  0.4 s | ee=  0.9 deg | F= 19.1 N | M=  0.7 Nm (limit 150.0) | contact=  2.5 mm
setup:     t=  0.6 s | ee=  0.9 deg | F= 16.0 N | M=  0.4 Nm (limit 150.0) | contact=  2.7 mm
setup:     t=  0.8 s | ee=  0.9 deg | F= 21.3 N | M=  0.6 Nm (limit 150.0) | contact=  2.8 mm
setup:     t=  1.0 s | ee=  0.9 deg | F= 26.8 N | M=  0.9 Nm (limit 150.0) | contact=  3.0 mm
setup:     t=  1.2 s | ee=  0.9 deg | F= 32.2 N | M=  1.2 Nm (limit 150.0) | contact=  3.2 mm
setup:     t=  1.4 s | ee=  0.8 deg | F= 38.1 N | M=  1.5 Nm (limit 150.0) | contact=  3.4 mm
setup:     t=  1.6 s | ee=  0.7 deg | F= 44.3 N | M=  1.6 Nm (limit 150.0) | contact=  3.9 mm
setup:     t=  1.8 s | ee=  1.4 deg | F= 51.3 N | M=  1.1 Nm (limit 150.0) | contact=  4.9 mm
setup:     t=  2.0 s | ee=  1.4 deg | F= 56.5 N | M=  1.1 Nm (limit 150.0) | contact=  5.2 mm
setup:     t=  2.2 s | ee=  1.4 deg | F= 60.6 N | M=  1.2 Nm (limit 150.0) | contact=  5.3 mm
setup:     t=  2.4 s | ee=  1.4 deg | F= 67.2 N | M=  1.3 Nm (limit 150.0) | contact=  5.4 mm
setup:     t=  2.6 s | ee=  1.6 deg | F= 73.5 N | M=  1.4 Nm (limit 150.0) | contact=  5.3 mm
setup:     t=  2.8 s | ee=  2.0 deg | F= 78.8 N | M=  1.6 Nm (limit 150.0) | contact=  5.2 mm
setup:     t=  3.0 s | ee=  2.4 deg | F= 84.6 N | M=  1.7 Nm (limit 150.0) | contact=  5.0 mm
setup:     t=  3.2 s | ee=  3.2 deg | F= 90.9 N | M=  1.8 Nm (limit 150.0) | contact=  4.7 mm
setup:     t=  3.4 s | ee=  3.9 deg | F= 83.3 N | M=  1.9 Nm (limit 150.0) | contact=  4.2 mm
setup:     t=  3.6 s | ee=  4.4 deg | F= 83.0 N | M=  2.0 Nm (limit 150.0) | contact=  4.0 mm
setup:     t=  3.8 s | ee=  4.7 deg | F= 82.6 N | M=  2.0 Nm (limit 150.0) | contact=  3.9 mm
setup:     t=  4.0 s | ee=  4.7 deg | F= 82.5 N | M=  1.9 Nm (limit 150.0) | contact=  3.9 mm
setup:     t=  4.2 s | ee=  4.7 deg | F= 82.4 N | M=  1.9 Nm (limit 150.0) | contact=  3.9 mm
setup:     t=  4.4 s | ee=  4.7 deg | F= 82.5 N | M=  1.9 Nm (limit 150.0) | contact=  3.9 mm
setup:     t=  4.6 s | ee=  4.7 deg | F= 82.5 N | M=  1.9 Nm (limit 150.0) | contact=  3.9 mm
setup:     t=  4.8 s | ee=  4.7 deg | F= 82.3 N | M=  1.9 Nm (limit 150.0) | contact=  3.9 mm

==============================================================================
  SETUP RESULT
==============================================================================
  stop: time | t=5.0 s | ee=4.7 deg | F=82.3 N | M_TCP=1.9 Nm
  contact_from_start = [-1.2, +0.1, -3.7] mm | norm=3.9 mm
  tcp_from_contact  = [-18.2, +0.1, +18.9] mm | norm=26.2 mm
  deviation: before=10.04 deg | after=5.78 deg | gain=+4.26 deg
  t_align: not reached | tolerance=2.00 deg | hold=0.30 s
  t_align_fraction: not reached | fraction=0.50 of the deviation at contact
  deviation_min: 5.78 deg at t=4.99 s
  align_status: not_aligned
  deviation components [t1,t2,n] deg: before=[-0.41,-10.03,+0.00] | after=[-1.68,-5.53,-0.00]

-- setup surface-frame breakdown ---------------------------------------------
  frame              alignment-target [tangent1, tangent2, normal]
  force        [N]      = [    +8.67,     +1.46,    -81.84]
  tcp_disp     [mm]     = [    -2.92,     -0.43,    -25.03]
  contact_disp [mm]     = [    -1.12,     +0.24,     -3.76]
  Kp_eff=F/tcp [N/m]    = [  -2966.0,   -3377.9,    3269.9]
  M_contact    [Nm]     = [    +1.33,     -2.52,     -0.46]
  ee_angle     [deg]    = [    -1.34,     +4.51,     -0.46]
  KR_eff=M/ang [Nm/rad] = [    -56.9,     -32.0,      57.7]
  frame              tool face [length, width, tool axis]
  M_contact    [Nm]     = [    +2.54,     -1.34,     +0.25]

-- center of compliance ------------------------------------------------------
  definition         r_c = p_TCP - p_c
  p_TCP [x,y,z]    = [    499.6,      -1.7,      19.0] mm
  p_c [EE]         = [    -40.0,      -0.0,      -0.0] mm
  r_c [t1,t2,n]    = [     39.7,       0.4,      -4.9] mm
                     p_c resolved at end of setup

-- effective TCP impedance ---------------------------------------------------
  K_TCP translation = [   1999.5,    1998.7,     351.8] N/m
  K_TCP rotation   = [      5.1,       5.6,      53.1] Nm/rad
  commanded KR was = [      5.0,       5.0,      50.0] Nm/rad   including lever contribution
  D_TCP translation = [    236.7,     176.2,     110.0] Ns/m
  D_TCP rotation   = [      1.3,       2.4,       1.5] Nms/rad
  coupling           max |moment per unit translation| = 79.2 Nm/m (K), 7.0 Nms/m (D)
  eigenvalues        K_TCP 4.99 .. 2003 | D_TCP 1.19 .. 237  (both positive: valid springs)

  K_TCP [N/m, Nm/rad | rows fx..mz, cols tx..rz]:
           tx        ty        tz    |    rx        ry        rz
  fx [    2000  -0.7871   -28.44 |  0.01269    10.04   0.6144 ]
  fy [ -0.7871     1999   -45.62 |   -11.15   -1.811   -79.16 ]
  fz [  -28.44   -45.62    351.8 |   0.1522    13.77    1.799 ]
     ---------------------------+---------------------------
  mx [ 0.01269   -11.15   0.1522 |    5.076  0.02757    1.217 ]
  my [   10.04   -1.811    13.77 |  0.02757    5.636    1.319 ]
  mz [  0.6144   -79.16    1.799 |    1.217    1.319    53.09 ]

  D_TCP [Ns/m, Nms/rad]:
           tx        ty        tz    |    rx        ry        rz
  fx [   236.7 -0.06052   -2.187 | 0.0009758    1.235  0.07144 ]
  fy [-0.06052    176.2   -1.835 |  -0.9836 -0.07302   -6.979 ]
  fz [  -2.187   -1.835      110 | -0.02182    4.343  0.07204 ]
     ---------------------------+---------------------------
  mx [0.0009758  -0.9836 -0.02182 |    1.297 -0.0009058  0.03726 ]
  my [   1.235 -0.07302    4.343 | -0.0009058    2.396 -0.02508 ]
  mz [ 0.07144   -6.979  0.07204 |  0.03726 -0.02508    1.471 ]

[GATE] Set up finished (still pressing). Press Enter to start the grind (e+Enter stops).

Stop requested with e + Enter. Finishing control loop...

-- joint motion [deg] --------------------------------------------------------
  joint       start    final    delta
  q1            0.8     -0.4     -1.2
  q2           12.1     29.3    +17.2
  q3           -0.5      0.2     +0.8
  q4         -130.9   -129.6     +1.3
  q5           -0.2     -0.9     -0.7
  q6          142.8    150.9     +8.0
  q7           44.7     45.2     +0.4

==============================================================================
  FINAL RESULT
==============================================================================
  p_d              = [    498.5,      -7.7,    -215.9] mm
  p_EE             = [    499.6,      -1.7,      19.0] mm
  e_p              = [     -1.1,      -6.1,    -234.9] mm
  e_R              = [    -1.35,      4.50,     -0.56] deg
------------------------------------------------------------------------------
  position error     234.95 mm
  rotation error     4.73 deg
  csv                logs/surface_grinding_controller_log.csv
------------------------------------------------------------------------------
