
==============================================================================
  SURFACE GRINDING CONTROLLER
==============================================================================
  robot              172.16.0.2
  parameters         /home/hm-panda/Desktop/Thesis_Final_Control/surface_grinding_controller/params
------------------------------------------------------------------------------

==============================================================================
  SURFACE GRINDING CONTROLLER - STARTUP MENU
==============================================================================

-- RUN MODES -----------------------------------------------------------------
  s      Run orientation, approach, setup, and grinding
  h      Cartesian pose hold at the initial posture
  t      Cartesian pose hold with the setup impedance
  g      Start manual guidance from the current robot pose

-- ROBOT PREPARATION ---------------------------------------------------------
  i      Move to the configured initial joint posture

-- GRIPPER AND TOOL ----------------------------------------------------------
  o      Open the gripper
  c      Grasp the tool
  r      Recalibrate the gripper with empty fingers
  f      Pick up the tool from the holder
  b      Return the tool to the holder

-- PROGRAM -------------------------------------------------------------------
  e      Exit
------------------------------------------------------------------------------
  During control: e = stop | m = startup menu | g = guidance
------------------------------------------------------------------------------
Selection [s/h/t/g/i/o/c/r/f/b/e]: 
-- SELECTED MODE: PHASE SEQUENCE ---------------------------------------------

-- moving to q_init ----------------------------------------------------------
  case               saved_qinit
  q1..q7 [deg]     = [0.8, 12.1, -0.5, -130.9, -0.2, 142.9, 44.7] deg
  saved_qinit = [0.014777, 0.210911, -0.009320, -2.284835, -0.002725, 2.493410, 0.780694] rad
  q_init reached.

-- start pose ----------------------------------------------------------------
  q_start          = [0.9, 12.1, -0.5, -130.9, -0.1, 142.9, 44.7] deg
  p_start          = [    531.3,       2.5,     156.9] mm

==============================================================================
  RUN
==============================================================================

-- phase: approach_orient ----------------------------------------------------
  Kp [t1,t2,n]     = [    150.0,     150.0,     150.0] N/m
  Dp [t1,t2,n]     = [    133.7,      94.2,     128.3] Ns/m     auto (factor 1.90)
  KR [t1,t2,n]     = [    180.0,     180.0,      90.0] Nm/rad
  DR [t1,t2,n]     = [     15.3,      25.0,       2.0] Nms/rad  auto (factor 1.90)
orient:     t=  0.0 s | axis_err=  8.5 deg | spin_err=  0.5 deg
orient:     t=  0.2 s | axis_err=  7.3 deg | spin_err=  0.3 deg
orient:     t=  0.4 s | axis_err=  3.3 deg | spin_err=  0.2 deg
orient:     t=  0.6 s | axis_err=  1.0 deg | spin_err=  0.3 deg
orient:     t=  0.8 s | axis_err=  0.9 deg | spin_err=  0.3 deg

Orientation reached: axis_err=0.8 deg | spin_err=0.3 deg

-- phase: approach_descend ---------------------------------------------------
  Kp [t1,t2,n]     = [    150.0,     150.0,     150.0] N/m
  Dp [t1,t2,n]     = [    133.7,      94.2,     128.3] Ns/m     auto (factor 1.90)
  KR [t1,t2,n]     = [    180.0,     180.0,      90.0] Nm/rad
  DR [t1,t2,n]     = [     15.3,      25.0,       2.0] Nms/rad  auto (factor 1.90)
  descend to         20 mm clearance at 0.100 m/s
descend:    t=  0.0 s | distance=   0.1 mm | height=+121.6 mm (target 20.0) | force= -0.0 N
descend:    t=  0.2 s | distance=  20.2 mm | height=+110.8 mm (target 20.0) | force=  1.6 N
descend:    t=  0.4 s | distance=  40.3 mm | height= +95.9 mm (target 20.0) | force=  2.4 N
descend:    t=  0.6 s | distance=  60.4 mm | height= +79.6 mm (target 20.0) | force=  2.4 N
descend:    t=  0.8 s | distance=  80.5 mm | height= +62.5 mm (target 20.0) | force=  2.7 N
descend:    t=  1.0 s | distance= 100.6 mm | height= +45.6 mm (target 20.0) | force=  3.2 N
descend:    t=  1.2 s | distance= 120.7 mm | height= +28.4 mm (target 20.0) | force=  2.9 N

Clearance reached: distance=130.8 mm | height=19.9 mm | target=20.0 mm | force=1.8 N
  offset_ee        = [     20.0,      60.0,      20.0] mm
  p_EE_at_contact  = [    517.2,       1.6,      49.7] mm
  contact_point    = [    535.6,     -55.9,       1.3] mm
  edge_offset      = [     18.4,     -57.4,     -48.4] mm

-- phase: setup --------------------------------------------------------------

-- setup impedance -----------------------------------------------------------
  law                wrench = K_TCP*dx + D_TCP*dv
                     K_TCP  = Ad(r_c)^T * blkdiag(Kp,KR) * Ad(r_c)
  Kp [t1,t2,n]     = [   2000.0,    2000.0,     350.0] N/m
  Dp [t1,t2,n]     = [    231.2,     178.0,     112.1] Ns/m     auto
  KR [t1,t2,n]     = [      5.0,       5.0,      50.0] Nm/rad
  DR [t1,t2,n]     = [      1.5,       1.9,       1.2] Nms/rad  auto
  p_c [EE]         = [     -0.0,      -0.0,      40.0] mm       commanded in the tool frame
  r_c [t1,t2,n]    = [      1.4,      -6.2,      39.5] mm       p_TCP - p_c, in the plane
setup:     t=  0.0 s | tip=  0.0 deg | F=  0.1 N | M=  0.1 Nm (limit 150.0) | contact= 19.8 mm
setup:     t=  0.2 s | tip=  0.8 deg | F=  1.2 N | M=  1.0 Nm (limit 150.0) | contact=  7.2 mm
setup:     t=  0.4 s | tip=  1.4 deg | F= 19.6 N | M= 10.5 Nm (limit 150.0) | contact=  2.7 mm
setup:     t=  0.6 s | tip=  1.5 deg | F= 15.9 N | M=  9.0 Nm (limit 150.0) | contact=  2.8 mm
setup:     t=  0.8 s | tip=  1.5 deg | F= 21.4 N | M= 11.8 Nm (limit 150.0) | contact=  2.9 mm
setup:     t=  1.0 s | tip=  1.5 deg | F= 27.2 N | M= 14.8 Nm (limit 150.0) | contact=  3.1 mm
setup:     t=  1.2 s | tip=  1.5 deg | F= 32.8 N | M= 17.6 Nm (limit 150.0) | contact=  3.2 mm
setup:     t=  1.4 s | tip=  1.5 deg | F= 38.4 N | M= 20.5 Nm (limit 150.0) | contact=  3.4 mm
setup:     t=  1.6 s | tip=  1.5 deg | F= 43.9 N | M= 23.3 Nm (limit 150.0) | contact=  3.6 mm
setup:     t=  1.8 s | tip=  1.6 deg | F= 50.3 N | M= 26.6 Nm (limit 150.0) | contact=  3.7 mm
setup:     t=  2.0 s | tip=  1.6 deg | F= 55.3 N | M= 29.1 Nm (limit 150.0) | contact=  3.9 mm
setup:     t=  2.2 s | tip=  1.8 deg | F= 61.3 N | M= 32.2 Nm (limit 150.0) | contact=  4.0 mm
setup:     t=  2.4 s | tip=  2.2 deg | F= 65.3 N | M= 34.2 Nm (limit 150.0) | contact=  4.0 mm
setup:     t=  2.6 s | tip=  3.2 deg | F= 68.9 N | M= 36.2 Nm (limit 150.0) | contact=  4.3 mm
setup:     t=  2.8 s | tip=  5.4 deg | F= 73.6 N | M= 38.7 Nm (limit 150.0) | contact=  4.4 mm
setup:     t=  3.0 s | tip=  7.7 deg | F= 80.6 N | M= 42.3 Nm (limit 150.0) | contact=  4.3 mm
setup:     t=  3.2 s | tip=  7.7 deg | F= 84.6 N | M= 44.4 Nm (limit 150.0) | contact=  4.6 mm
setup:     t=  3.4 s | tip=  7.7 deg | F= 80.9 N | M= 42.5 Nm (limit 150.0) | contact=  4.5 mm
setup:     t=  3.6 s | tip=  7.7 deg | F= 80.2 N | M= 42.2 Nm (limit 150.0) | contact=  4.5 mm
setup:     t=  3.8 s | tip=  7.7 deg | F= 80.2 N | M= 42.2 Nm (limit 150.0) | contact=  4.5 mm
setup:     t=  4.0 s | tip=  7.7 deg | F= 80.1 N | M= 42.1 Nm (limit 150.0) | contact=  4.5 mm
setup:     t=  4.2 s | tip=  7.7 deg | F= 80.2 N | M= 42.2 Nm (limit 150.0) | contact=  4.5 mm
setup:     t=  4.4 s | tip=  7.7 deg | F= 80.1 N | M= 42.1 Nm (limit 150.0) | contact=  4.5 mm
setup:     t=  4.6 s | tip=  7.7 deg | F= 80.2 N | M= 42.2 Nm (limit 150.0) | contact=  4.5 mm
setup:     t=  4.8 s | tip=  7.7 deg | F= 80.1 N | M= 42.1 Nm (limit 150.0) | contact=  4.5 mm

==============================================================================
  SETUP RESULT
==============================================================================
  stop: time | t=5.0 s | tip=7.7 deg | F=80.1 N | M=42.1 Nm
  contact_from_start = [-0.9, +1.9, -4.0] mm | norm=4.5 mm
  tcp_from_contact  = [-18.8, +62.1, +17.2] mm | norm=67.1 mm
  alignment: before=9.32 deg | after=2.52 deg | gain=+6.80 deg
  alignment components [t1,t2,n] deg: before=[-9.31,-0.46,-0.00] | after=[-1.76,-1.80,-0.00]

-- setup surface-frame breakdown ---------------------------------------------
  frame              alignment-target [tangent1, tangent2, normal]
  force        [N]      = [    +2.36,     -0.17,    -80.07]
  tcp_disp     [mm]     = [    +0.12,     +5.54,    -31.07]
  contact_disp [mm]     = [    -0.83,     +1.99,     -3.97]
  Kp_eff=F/tcp [N/m]    = [  19509.0,     -30.5,    2576.9]
  M_contact    [Nm]     = [    -5.44,    +40.70,     +0.14]
  tip_angle    [deg]    = [    +7.55,     -1.38,     +0.31]
  KR_eff=M/ang [Nm/rad] = [    -41.2,   -1689.3,      25.5]
  frame              tool face [length, width, tool axis]
  M_contact    [Nm]     = [   -40.64,     +5.73,     +1.28]

-- center of compliance ------------------------------------------------------
  definition         r_c = p_TCP - p_c
  p_TCP [x,y,z]    = [    516.8,       6.3,      18.5] mm
  p_c [EE]         = [      0.0,      -0.0,      40.0] mm
  r_c [t1,t2,n]    = [      2.3,      -1.0,      39.9] mm
                     p_c resolved at end of setup

-- effective TCP impedance ---------------------------------------------------
  K_TCP translation = [   1999.5,    1998.7,     351.8] N/m
  K_TCP rotation   = [      8.2,       8.2,      50.0] Nm/rad
  commanded KR was = [      5.0,       5.0,      50.0] Nm/rad   including lever contribution
  D_TCP translation = [    231.2,     178.0,     112.2] Ns/m
  D_TCP rotation   = [      1.8,       2.3,       1.2] Nms/rad
  coupling           max |moment per unit translation| = 79.8 Nm/m (K), 9.2 Nms/m (D)
  eigenvalues        K_TCP 4.99 .. 2003 | D_TCP 1.20 .. 232  (both positive: valid springs)

  K_TCP [N/m, Nm/rad | rows fx..mz, cols tx..rz]:
           tx        ty        tz    |    rx        ry        rz
  fx [    2000  -0.7871   -28.44 | -0.02761   -79.84   0.2682 ]
  fy [ -0.7871     1999   -45.62 |    79.73  -0.1055   -5.997 ]
  fz [  -28.44   -45.62    351.8 |   -1.866     2.19   0.1331 ]
     ---------------------------+---------------------------
  mx [-0.02761    79.73   -1.866 |    8.194  0.01697   0.5364 ]
  my [  -79.84  -0.1055     2.19 |  0.01697    8.226    1.234 ]
  mz [  0.2682   -5.997   0.1331 |   0.5364    1.234    49.97 ]

  D_TCP [Ns/m, Nms/rad]:
           tx        ty        tz    |    rx        ry        rz
  fx [   231.2 -0.05683   -2.053 | -0.001994   -9.227   0.0309 ]
  fy [-0.05683      178   -1.823 |    7.099 -0.003204   -0.534 ]
  fz [  -2.053   -1.823    112.2 | -0.08764   0.4184 0.005198 ]
     ---------------------------+---------------------------
  mx [-0.001994    7.099 -0.08764 |    1.773 -0.0003196 -0.02622 ]
  my [  -9.227 -0.003204   0.4184 | -0.0003196    2.266 -0.02036 ]
  mz [  0.0309   -0.534 0.005198 | -0.02622 -0.02036    1.207 ]

[GATE] Set up finished (still pressing). Press Enter to start the grind (e+Enter stops).

Stop requested with e + Enter. Finishing control loop...

-- joint motion [deg] --------------------------------------------------------
  joint       start    final    delta
  q1            0.9      5.6     +4.8
  q2           12.1     30.4    +18.3
  q3           -0.5     -4.3     -3.7
  q4         -130.9   -128.7     +2.2
  q5           -0.1      4.9     +5.1
  q6          142.9    154.7    +11.8
  q7           44.7     42.8     -2.0

==============================================================================
  FINAL RESULT
==============================================================================
  p_d              = [    512.7,      -5.6,    -210.0] mm
  p_EE             = [    516.8,       6.2,      18.5] mm
  e_p              = [     -4.1,     -11.9,    -228.6] mm
  e_R              = [     7.56,     -1.38,      0.22] deg
------------------------------------------------------------------------------
  position error     228.91 mm
  rotation error     7.69 deg
  csv                logs/surface_grinding_controller_log.csv
------------------------------------------------------------------------------
