
==============================================================================
  SURFACE GRINDING CONTROLLER
==============================================================================
  robot              172.16.0.2
  parameters         /home/hm-panda/Desktop/Thesis_Final_Control/surface_grinding_controller/params
------------------------------------------------------------------------------

==============================================================================
  SURFACE GRINDING CONTROLLER - STARTUP MENU
==============================================================================

-- RUN MODES -----------------------------------------------------------------
  s      Run orientation, approach, setup, and grinding
  h      Cartesian pose hold at the initial posture
  t      Cartesian pose hold with the setup impedance
  g      Start manual guidance from the current robot pose

-- ROBOT PREPARATION ---------------------------------------------------------
  i      Move to the configured initial joint posture

-- GRIPPER AND TOOL ----------------------------------------------------------
  o      Open the gripper
  c      Grasp the tool
  r      Recalibrate the gripper with empty fingers
  f      Pick up the tool from the holder
  b      Return the tool to the holder

-- PROGRAM -------------------------------------------------------------------
  e      Exit
------------------------------------------------------------------------------
  During control: e = stop | m = startup menu | g = guidance
------------------------------------------------------------------------------
Selection [s/h/t/g/i/o/c/r/f/b/e]: 
-- SELECTED MODE: PHASE SEQUENCE ---------------------------------------------

-- moving to q_init ----------------------------------------------------------
  case               saved_qinit
  q1..q7 [deg]     = [0.8, 12.1, -0.5, -130.9, -0.2, 142.9, 44.7] deg
  saved_qinit = [0.014777, 0.210911, -0.009320, -2.284835, -0.002725, 2.493410, 0.780694] rad
  q_init reached.

-- start pose ----------------------------------------------------------------
  q_start          = [0.9, 12.1, -0.5, -130.9, -0.1, 142.9, 44.7] deg
  p_start          = [    531.3,       2.5,     156.9] mm

==============================================================================
  RUN
==============================================================================

-- phase: approach_orient ----------------------------------------------------
  Kp [t1,t2,n]     = [    150.0,     150.0,     150.0] N/m
  Dp [t1,t2,n]     = [    133.7,      94.2,     128.3] Ns/m     auto (factor 1.90)
  KR [t1,t2,n]     = [    180.0,     180.0,      90.0] Nm/rad
  DR [t1,t2,n]     = [     15.3,      25.0,       2.0] Nms/rad  auto (factor 1.90)
orient:     t=  0.0 s | axis_err=  8.5 deg | spin_err=  0.5 deg
orient:     t=  0.2 s | axis_err=  7.2 deg | spin_err=  0.2 deg
orient:     t=  0.4 s | axis_err=  3.3 deg | spin_err=  0.2 deg
orient:     t=  0.6 s | axis_err=  1.1 deg | spin_err=  0.2 deg
orient:     t=  0.8 s | axis_err=  0.9 deg | spin_err=  0.3 deg

Orientation reached: axis_err=0.9 deg | spin_err=0.2 deg

-- phase: approach_descend ---------------------------------------------------
  Kp [t1,t2,n]     = [    150.0,     150.0,     150.0] N/m
  Dp [t1,t2,n]     = [    133.7,      94.2,     128.3] Ns/m     auto (factor 1.90)
  KR [t1,t2,n]     = [    180.0,     180.0,      90.0] Nm/rad
  DR [t1,t2,n]     = [     15.3,      25.0,       2.0] Nms/rad  auto (factor 1.90)
  descend to         20 mm clearance at 0.100 m/s
descend:    t=  0.0 s | distance=   0.1 mm | height=+121.9 mm (target 20.0) | force=  0.0 N
descend:    t=  0.2 s | distance=  20.2 mm | height=+111.3 mm (target 20.0) | force=  1.9 N
descend:    t=  0.4 s | distance=  40.3 mm | height= +96.3 mm (target 20.0) | force=  3.0 N
descend:    t=  0.6 s | distance=  60.4 mm | height= +80.4 mm (target 20.0) | force=  2.9 N
descend:    t=  0.8 s | distance=  80.5 mm | height= +63.3 mm (target 20.0) | force=  2.1 N
descend:    t=  1.0 s | distance= 100.6 mm | height= +46.5 mm (target 20.0) | force=  3.0 N
descend:    t=  1.2 s | distance= 120.7 mm | height= +29.4 mm (target 20.0) | force=  1.9 N

Clearance reached: distance=132.1 mm | height=19.9 mm | target=20.0 mm | force=1.9 N
  offset_ee        = [     20.0,      60.0,      20.0] mm
  p_EE_at_contact  = [    516.8,       1.5,      49.7] mm
  contact_point    = [    535.2,     -55.9,       1.3] mm
  edge_offset      = [     18.4,     -57.5,     -48.4] mm

-- phase: setup --------------------------------------------------------------

-- setup impedance -----------------------------------------------------------
  law                wrench = K_TCP*dx + D_TCP*dv
                     K_TCP  = Ad(r_c)^T * blkdiag(Kp,KR) * Ad(r_c)
  Kp [t1,t2,n]     = [   2000.0,    2000.0,     350.0] N/m
  Dp [t1,t2,n]     = [    231.2,     178.0,     112.1] Ns/m     auto
  KR [t1,t2,n]     = [      5.0,       5.0,      50.0] Nm/rad
  DR [t1,t2,n]     = [      1.5,       1.9,       1.2] Nms/rad  auto
  p_c [EE]         = [      0.0,       0.0,     -90.0] mm       commanded in the tool frame
  r_c [t1,t2,n]    = [     -3.1,      13.9,     -88.9] mm       p_TCP - p_c, in the plane
setup:     t=  0.0 s | ee=  0.0 deg | F=  0.1 N | M=  0.1 Nm (limit 150.0) | contact= 19.8 mm
setup:     t=  0.2 s | ee=  1.1 deg | F=  1.2 N | M=  1.1 Nm (limit 150.0) | contact=  7.3 mm
setup:     t=  0.4 s | ee=  1.8 deg | F= 15.0 N | M=  8.4 Nm (limit 150.0) | contact=  6.1 mm
setup:     t=  0.6 s | ee=  1.8 deg | F= 15.0 N | M=  8.4 Nm (limit 150.0) | contact=  6.1 mm
setup:     t=  0.8 s | ee=  1.9 deg | F= 20.9 N | M= 11.4 Nm (limit 150.0) | contact=  6.2 mm
setup:     t=  1.0 s | ee=  1.9 deg | F= 26.3 N | M= 14.1 Nm (limit 150.0) | contact=  6.3 mm
setup:     t=  1.2 s | ee=  1.9 deg | F= 32.4 N | M= 17.3 Nm (limit 150.0) | contact=  6.4 mm
setup:     t=  1.4 s | ee=  1.9 deg | F= 38.3 N | M= 20.3 Nm (limit 150.0) | contact=  6.5 mm
setup:     t=  1.6 s | ee=  1.9 deg | F= 44.3 N | M= 23.3 Nm (limit 150.0) | contact=  6.6 mm
setup:     t=  1.8 s | ee=  1.9 deg | F= 49.8 N | M= 26.1 Nm (limit 150.0) | contact=  6.8 mm
setup:     t=  2.0 s | ee=  2.0 deg | F= 55.3 N | M= 29.0 Nm (limit 150.0) | contact=  6.9 mm
setup:     t=  2.2 s | ee=  2.0 deg | F= 61.0 N | M= 31.9 Nm (limit 150.0) | contact=  7.0 mm
setup:     t=  2.4 s | ee=  2.0 deg | F= 66.3 N | M= 34.7 Nm (limit 150.0) | contact=  7.2 mm
setup:     t=  2.6 s | ee=  2.0 deg | F= 72.2 N | M= 37.7 Nm (limit 150.0) | contact=  7.3 mm
setup:     t=  2.8 s | ee=  2.1 deg | F= 77.7 N | M= 40.6 Nm (limit 150.0) | contact=  7.4 mm
setup:     t=  3.0 s | ee=  2.1 deg | F= 83.1 N | M= 43.5 Nm (limit 150.0) | contact=  7.6 mm
setup:     t=  3.2 s | ee=  2.3 deg | F= 87.4 N | M= 45.8 Nm (limit 150.0) | contact=  7.7 mm
setup:     t=  3.4 s | ee=  2.4 deg | F= 83.1 N | M= 43.6 Nm (limit 150.0) | contact=  7.6 mm
setup:     t=  3.6 s | ee=  2.4 deg | F= 81.7 N | M= 42.9 Nm (limit 150.0) | contact=  7.6 mm
setup:     t=  3.8 s | ee=  2.5 deg | F= 81.6 N | M= 42.9 Nm (limit 150.0) | contact=  7.6 mm
setup:     t=  4.0 s | ee=  2.6 deg | F= 82.9 N | M= 43.6 Nm (limit 150.0) | contact=  7.5 mm
setup:     t=  4.2 s | ee=  2.7 deg | F= 81.8 N | M= 43.0 Nm (limit 150.0) | contact=  7.6 mm
setup:     t=  4.4 s | ee=  2.8 deg | F= 81.9 N | M= 43.1 Nm (limit 150.0) | contact=  7.6 mm
setup:     t=  4.6 s | ee=  2.8 deg | F= 81.8 N | M= 43.1 Nm (limit 150.0) | contact=  7.6 mm
setup:     t=  4.8 s | ee=  2.8 deg | F= 81.9 N | M= 43.1 Nm (limit 150.0) | contact=  7.6 mm

==============================================================================
  SETUP RESULT
==============================================================================
  stop: time | t=5.0 s | ee=2.8 deg | F=81.9 N | M=43.1 Nm
  contact_from_start = [-6.0, +0.1, -4.6] mm | norm=7.6 mm
  tcp_from_contact  = [-24.0, +57.8, +22.8] mm | norm=66.6 mm
  deviation: before=9.27 deg | after=8.00 deg | gain=+1.26 deg
  deviation components [t1,t2,n] deg: before=[-9.26,-0.46,+0.00] | after=[-7.54,-2.68,+0.00]

-- setup surface-frame breakdown ---------------------------------------------
  frame              alignment-target [tangent1, tangent2, normal]
  force        [N]      = [    +1.79,     -8.59,    -81.46]
  tcp_disp     [mm]     = [    -5.13,     +1.01,    -25.63]
  contact_disp [mm]     = [    -5.91,     +0.25,     -4.73]
  Kp_eff=F/tcp [N/m]    = [   -349.7,   -8493.2,    3178.4]
  M_contact    [Nm]     = [    -2.17,    +41.41,     -4.12]
  tip_angle    [deg]    = [    +1.71,     -2.18,     -0.34]
  KR_eff=M/ang [Nm/rad] = [    -72.8,   -1087.0,     693.2]
  frame              tool face [length, width, tool axis]
  M_contact    [Nm]     = [   -40.51,     +1.73,     +9.62]

-- center of compliance ------------------------------------------------------
  definition         r_c = p_TCP - p_c
  p_TCP [x,y,z]    = [    511.2,       1.8,      24.2] mm
  p_c [EE]         = [      0.0,       0.0,     -90.0] mm
  r_c [t1,t2,n]    = [     -6.6,      11.2,     -89.1] mm
                     p_c resolved at end of setup

-- effective TCP impedance ---------------------------------------------------
  K_TCP translation = [   1999.5,    1998.7,     351.8] N/m
  K_TCP rotation   = [     20.9,      21.0,      50.2] Nm/rad
  commanded KR was = [      5.0,       5.0,      50.0] Nm/rad   including lever contribution
  D_TCP translation = [    231.1,     177.9,     112.2] Ns/m
  D_TCP rotation   = [      2.9,       3.7,       1.2] Nms/rad
  coupling           max |moment per unit translation| = 178.6 Nm/m (K), 20.6 Nms/m (D)
  eigenvalues        K_TCP 4.96 .. 2016 | D_TCP 1.20 .. 233  (both positive: valid springs)

  K_TCP [N/m, Nm/rad | rows fx..mz, cols tx..rz]:
           tx        ty        tz    |    rx        ry        rz
  fx [    2000  -0.7871   -28.44 |   0.3185    178.6    17.45 ]
  fy [ -0.7871     1999   -45.62 |   -177.9   0.2992    16.18 ]
  fz [  -28.44   -45.62    351.8 |   0.9988   -5.385  -0.6177 ]
     ---------------------------+---------------------------
  mx [  0.3185   -177.9   0.9988 |    20.88  0.04179  -0.6622 ]
  my [   178.6   0.2992   -5.385 |  0.04179    21.01    2.806 ]
  mz [   17.45    16.18  -0.6177 |  -0.6622    2.806    50.24 ]

  D_TCP [Ns/m, Nms/rad]:
           tx        ty        tz    |    rx        ry        rz
  fx [   231.1 -0.05681   -2.052 |  0.02299    20.64    2.018 ]
  fy [-0.05681    177.9   -1.821 |   -15.86 0.009676     1.44 ]
  fz [  -2.052   -1.821    112.2 |   -0.817   -1.092 -0.03266 ]
     ---------------------------+---------------------------
  mx [ 0.02299   -15.86   -0.817 |     2.91 0.008529  -0.1332 ]
  my [   20.64 0.009676   -1.092 | 0.008529    3.747    0.161 ]
  mz [   2.018     1.44 -0.03266 |  -0.1332    0.161    1.231 ]

[GATE] Set up finished (still pressing). Press Enter to start the grind (e+Enter stops).

Stop requested with e + Enter. Finishing control loop...

-- joint motion [deg] --------------------------------------------------------
  joint       start    final    delta
  q1            0.9      4.4     +3.6
  q2           12.1     29.3    +17.2
  q3           -0.5     -4.2     -3.6
  q4         -130.9   -129.0     +1.9
  q5           -0.1     16.6    +16.7
  q6          142.9    152.1     +9.2
  q7           44.7     30.5    -14.3

==============================================================================
  FINAL RESULT
==============================================================================
  p_d              = [    512.3,      -5.7,    -210.1] mm
  p_EE             = [    511.3,       1.8,      24.2] mm
  e_p              = [      1.1,      -7.5,    -234.2] mm
  e_R              = [     1.70,     -2.19,     -0.31] deg
------------------------------------------------------------------------------
  position error     234.37 mm
  rotation error     2.79 deg
  csv                logs/surface_grinding_controller_log.csv
------------------------------------------------------------------------------
