
==============================================================================
  SURFACE GRINDING CONTROLLER
==============================================================================
  robot              172.16.0.2
  parameters         /home/hm-panda/Desktop/Thesis_Final_Control/surface_grinding_controller/params
------------------------------------------------------------------------------

==============================================================================
  SURFACE GRINDING CONTROLLER - STARTUP MENU
==============================================================================

-- RUN MODES -----------------------------------------------------------------
  s      Run orientation, approach, setup, and grinding
  h      Cartesian pose hold at the initial posture
  t      Cartesian pose hold with the setup impedance
  g      Start manual guidance from the current robot pose

-- ROBOT PREPARATION ---------------------------------------------------------
  i      Move to the configured initial joint posture

-- GRIPPER AND TOOL ----------------------------------------------------------
  o      Open the gripper
  c      Grasp the tool
  r      Recalibrate the gripper with empty fingers
  f      Pick up the tool from the holder
  b      Return the tool to the holder

-- PROGRAM -------------------------------------------------------------------
  e      Exit
------------------------------------------------------------------------------
  During control: e = stop | m = startup menu | g = guidance
------------------------------------------------------------------------------
Selection [s/h/t/g/i/o/c/r/f/b/e]: 
-- SELECTED MODE: PHASE SEQUENCE ---------------------------------------------

-- moving to q_init ----------------------------------------------------------
  case               saved_qinit
  q1..q7 [deg]     = [0.8, 12.1, -0.5, -130.9, -0.2, 142.9, 44.7] deg
  saved_qinit = [0.014777, 0.210911, -0.009320, -2.284835, -0.002725, 2.493410, 0.780694] rad
  q_init reached.

-- start pose ----------------------------------------------------------------
  q_start          = [0.8, 12.1, -0.5, -130.9, -0.2, 142.9, 44.7] deg
  p_start          = [    531.3,       2.5,     156.8] mm

==============================================================================
  RUN
==============================================================================

-- phase: approach_orient ----------------------------------------------------
  Kp [t1,t2,n]     = [    150.0,     150.0,     150.0] N/m
  Dp [t1,t2,n]     = [    133.7,      94.2,     128.3] Ns/m     auto (factor 1.90)
  KR [t1,t2,n]     = [     90.0,      90.0,      90.0] Nm/rad
  DR [t1,t2,n]     = [     10.8,      17.7,       2.0] Nms/rad  auto (factor 1.90)
orient:     t=  0.0 s | axis_err= 10.9 deg | spin_err=  0.6 deg
orient:     t=  0.2 s | axis_err= 10.0 deg | spin_err=  0.4 deg
orient:     t=  0.4 s | axis_err=  7.5 deg | spin_err=  0.3 deg
orient:     t=  0.6 s | axis_err=  4.3 deg | spin_err=  0.1 deg
orient:     t=  0.8 s | axis_err=  2.6 deg | spin_err=  0.0 deg

Orientation reached: axis_err=2.0 deg | spin_err=0.0 deg

-- phase: approach_descend ---------------------------------------------------
  Kp [t1,t2,n]     = [    150.0,     150.0,     150.0] N/m
  Dp [t1,t2,n]     = [    133.7,      94.2,     128.3] Ns/m     auto (factor 1.90)
  KR [t1,t2,n]     = [     90.0,      90.0,      90.0] Nm/rad
  DR [t1,t2,n]     = [     10.8,      17.7,       2.0] Nms/rad  auto (factor 1.90)
  descend to         20 mm clearance at 0.100 m/s
descend:    t=  0.0 s | distance=   0.1 mm | height=+125.3 mm (target 20.0) | force=  0.0 N
descend:    t=  0.2 s | distance=  20.2 mm | height=+113.3 mm (target 20.0) | force=  1.7 N
descend:    t=  0.4 s | distance=  40.3 mm | height= +97.1 mm (target 20.0) | force=  2.1 N
descend:    t=  0.6 s | distance=  60.4 mm | height= +80.1 mm (target 20.0) | force=  2.6 N
descend:    t=  0.8 s | distance=  80.5 mm | height= +62.6 mm (target 20.0) | force=  2.3 N
descend:    t=  1.0 s | distance= 100.6 mm | height= +44.8 mm (target 20.0) | force=  3.1 N
descend:    t=  1.2 s | distance= 120.7 mm | height= +27.0 mm (target 20.0) | force=  1.5 N

Clearance reached: distance=128.6 mm | height=20.0 mm | target=20.0 mm | force=2.8 N
  offset_ee        = [     20.0,      60.0,      20.0] mm
  p_EE_at_contact  = [    501.0,       0.6,      44.3] mm
  contact_point    = [    516.5,     -60.3,       1.8] mm
  edge_offset      = [     15.4,     -60.9,     -42.6] mm

-- phase: setup --------------------------------------------------------------

-- setup impedance -----------------------------------------------------------
  law                wrench = K_TCP*dx + D_TCP*dv
                     K_TCP  = Ad(r_c)^T * blkdiag(Kp,KR) * Ad(r_c)
  Kp [t1,t2,n]     = [   2000.0,    2000.0,     350.0] N/m
  Dp [t1,t2,n]     = [    235.8,     175.8,     110.7] Ns/m     auto
  KR [t1,t2,n]     = [      5.0,       5.0,      50.0] Nm/rad
  DR [t1,t2,n]     = [      1.3,       2.2,       1.1] Nms/rad  auto
  p_c [EE]         = [    -30.0,       0.0,      -0.0] mm       commanded in the tool frame
  r_c [t1,t2,n]    = [     29.6,       0.0,      -5.2] mm       p_TCP - p_c, in the plane
setup:     t=  0.0 s | tip=  0.0 deg | F=  0.1 N | M=  0.0 Nm (limit 150.0) | contact= 19.9 mm
setup:     t=  0.2 s | tip=  0.6 deg | F=  0.2 N | M=  0.2 Nm (limit 150.0) | contact=  7.2 mm
setup:     t=  0.4 s | tip=  0.7 deg | F= 17.4 N | M=  8.4 Nm (limit 150.0) | contact=  3.7 mm
setup:     t=  0.6 s | tip=  0.7 deg | F= 14.8 N | M=  7.3 Nm (limit 150.0) | contact=  3.6 mm
setup:     t=  0.8 s | tip=  0.7 deg | F= 19.9 N | M=  9.9 Nm (limit 150.0) | contact=  3.8 mm
setup:     t=  1.0 s | tip=  0.7 deg | F= 25.4 N | M= 12.6 Nm (limit 150.0) | contact=  4.1 mm
setup:     t=  1.2 s | tip=  0.7 deg | F= 31.0 N | M= 15.3 Nm (limit 150.0) | contact=  4.4 mm
setup:     t=  1.4 s | tip=  0.7 deg | F= 37.0 N | M= 18.2 Nm (limit 150.0) | contact=  5.0 mm
setup:     t=  1.6 s | tip=  0.7 deg | F= 43.3 N | M= 21.2 Nm (limit 150.0) | contact=  5.8 mm
setup:     t=  1.8 s | tip=  0.8 deg | F= 49.1 N | M= 23.9 Nm (limit 150.0) | contact=  6.3 mm
setup:     t=  2.0 s | tip=  0.7 deg | F= 53.6 N | M= 26.1 Nm (limit 150.0) | contact=  6.4 mm
setup:     t=  2.2 s | tip=  0.7 deg | F= 58.8 N | M= 28.6 Nm (limit 150.0) | contact=  6.6 mm
setup:     t=  2.4 s | tip=  0.7 deg | F= 64.6 N | M= 31.5 Nm (limit 150.0) | contact=  6.7 mm
setup:     t=  2.6 s | tip=  0.7 deg | F= 70.3 N | M= 34.2 Nm (limit 150.0) | contact=  6.8 mm
setup:     t=  2.8 s | tip=  0.7 deg | F= 76.3 N | M= 37.0 Nm (limit 150.0) | contact=  6.9 mm
setup:     t=  3.0 s | tip=  0.7 deg | F= 83.4 N | M= 40.4 Nm (limit 150.0) | contact=  6.9 mm
setup:     t=  3.2 s | tip=  1.0 deg | F= 89.6 N | M= 43.4 Nm (limit 150.0) | contact=  6.8 mm
setup:     t=  3.4 s | tip=  1.4 deg | F= 82.3 N | M= 39.7 Nm (limit 150.0) | contact=  6.5 mm
setup:     t=  3.6 s | tip=  1.4 deg | F= 81.9 N | M= 39.7 Nm (limit 150.0) | contact=  6.5 mm
setup:     t=  3.8 s | tip=  1.4 deg | F= 81.9 N | M= 39.8 Nm (limit 150.0) | contact=  6.5 mm
setup:     t=  4.0 s | tip=  1.4 deg | F= 82.0 N | M= 39.8 Nm (limit 150.0) | contact=  6.5 mm
setup:     t=  4.2 s | tip=  1.4 deg | F= 82.0 N | M= 39.8 Nm (limit 150.0) | contact=  6.5 mm
setup:     t=  4.4 s | tip=  1.4 deg | F= 82.0 N | M= 39.8 Nm (limit 150.0) | contact=  6.5 mm
setup:     t=  4.6 s | tip=  1.4 deg | F= 82.0 N | M= 39.8 Nm (limit 150.0) | contact=  6.5 mm
setup:     t=  4.8 s | tip=  1.4 deg | F= 81.9 N | M= 39.8 Nm (limit 150.0) | contact=  6.5 mm

==============================================================================
  SETUP RESULT
==============================================================================
  stop: time | t=5.0 s | tip=1.4 deg | F=81.9 N | M=39.8 Nm
  contact_from_start = [-2.4, -0.0, -6.0] mm | norm=6.5 mm
  tcp_from_contact  = [-18.9, +60.0, +16.9] mm | norm=65.1 mm
  alignment: before=9.96 deg | after=8.78 deg | gain=+1.19 deg
  alignment components [t1,t2,n] deg: before=[-0.78,-9.93,-0.00] | after=[-1.38,-8.67,+0.00]

-- setup surface-frame breakdown ---------------------------------------------
  frame              alignment-target [tangent1, tangent2, normal]
  force        [N]      = [    +7.93,     +0.77,    -81.52]
  tcp_disp     [mm]     = [    -3.05,     -0.20,    -25.77]
  contact_disp [mm]     = [    -2.26,     +0.15,     -6.09]
  Kp_eff=F/tcp [N/m]    = [  -2598.1,   -3929.8,    3163.6]
  M_contact    [Nm]     = [    -3.51,    +38.54,     -0.38]
  tip_angle    [deg]    = [    -0.64,     +1.27,     -0.25]
  KR_eff=M/ang [Nm/rad] = [    314.2,    1740.2,      87.1]
  frame              tool face [length, width, tool axis]
  M_contact    [Nm]     = [   -38.53,     +3.12,     +1.82]

-- center of compliance ------------------------------------------------------
  definition         r_c = p_TCP - p_c
  p_TCP [x,y,z]    = [    497.5,      -0.3,      18.6] mm
  p_c [EE]         = [    -30.0,      -0.0,      -0.0] mm
  r_c [t1,t2,n]    = [     29.7,       0.2,      -4.5] mm
                     p_c resolved at end of setup

-- effective TCP impedance ---------------------------------------------------
  K_TCP translation = [   1999.5,    1998.7,     351.8] N/m
  K_TCP rotation   = [      5.1,       5.4,      51.7] Nm/rad
  commanded KR was = [      5.0,       5.0,      50.0] Nm/rad   including lever contribution
  D_TCP translation = [    235.8,     175.7,     110.7] Ns/m
  D_TCP rotation   = [      1.3,       2.3,       1.3] Nms/rad
  coupling           max |moment per unit translation| = 59.1 Nm/m (K), 5.2 Nms/m (D)
  eigenvalues        K_TCP 5.00 .. 2002 | D_TCP 1.10 .. 236  (both positive: valid springs)

  K_TCP [N/m, Nm/rad | rows fx..mz, cols tx..rz]:
           tx        ty        tz    |    rx        ry        rz
  fx [    2000  -0.7871   -28.44 | 0.006483    9.219   0.2007 ]
  fy [ -0.7871     1999   -45.62 |   -10.05   -1.353   -59.11 ]
  fz [  -28.44   -45.62    351.8 |   0.1983    10.26    1.347 ]
     ---------------------------+---------------------------
  mx [0.006483   -10.05   0.1983 |    5.064  0.02737    1.073 ]
  my [   9.219   -1.353    10.26 |  0.02737    5.384    1.285 ]
  mz [  0.2007   -59.11    1.347 |    1.073    1.285     51.7 ]

  D_TCP [Ns/m, Nms/rad]:
           tx        ty        tz    |    rx        ry        rz
  fx [   235.8 -0.05972   -2.158 | 0.0004919    1.123  0.02269 ]
  fy [-0.05972    175.7   -1.801 |  -0.8841 -0.05355   -5.198 ]
  fz [  -2.158   -1.801    110.7 | -0.0007657    3.264  0.05306 ]
     ---------------------------+---------------------------
  mx [0.0004919  -0.8841 -0.0007657 |    1.299 -0.000112  0.02283 ]
  my [   1.123 -0.05355    3.264 | -0.000112    2.275 -0.02796 ]
  mz [ 0.02269   -5.198  0.05306 |  0.02283 -0.02796    1.257 ]

[GATE] Set up finished (still pressing). Press Enter to start the grind (e+Enter stops).

Stop requested with e + Enter. Finishing control loop...

-- joint motion [deg] --------------------------------------------------------
  joint       start    final    delta
  q1            0.8     -0.1     -1.0
  q2           12.1     29.5    +17.4
  q3           -0.5      0.1     +0.6
  q4         -130.9   -128.8     +2.1
  q5           -0.2     -0.5     -0.3
  q6          142.9    148.7     +5.8
  q7           44.7     45.2     +0.5

==============================================================================
  FINAL RESULT
==============================================================================
  p_d              = [    496.5,      -6.6,    -215.5] mm
  p_EE             = [    497.5,      -0.3,      18.6] mm
  e_p              = [     -1.0,      -6.3,    -234.1] mm
  e_R              = [    -0.64,      1.26,     -0.27] deg
------------------------------------------------------------------------------
  position error     234.23 mm
  rotation error     1.44 deg
  csv                logs/surface_grinding_controller_log.csv
------------------------------------------------------------------------------
