
==============================================================================
  SURFACE GRINDING CONTROLLER
==============================================================================
  robot              172.16.0.2
  parameters         /home/hm-panda/Desktop/Thesis_Final_Control/surface_grinding_controller/params
------------------------------------------------------------------------------

==============================================================================
  SURFACE GRINDING CONTROLLER - STARTUP MENU
==============================================================================

-- RUN MODES -----------------------------------------------------------------
  s      Run orientation, approach, setup, and grinding
  h      Cartesian pose hold at the initial posture
  t      Cartesian pose hold with the setup impedance
  g      Start manual guidance from the current robot pose

-- ROBOT PREPARATION ---------------------------------------------------------
  i      Move to the configured initial joint posture

-- GRIPPER AND TOOL ----------------------------------------------------------
  o      Open the gripper
  c      Grasp the tool
  r      Recalibrate the gripper with empty fingers
  f      Pick up the tool from the holder
  b      Return the tool to the holder

-- PROGRAM -------------------------------------------------------------------
  e      Exit
------------------------------------------------------------------------------
  During control: e = stop | m = startup menu | g = guidance
------------------------------------------------------------------------------
Selection [s/h/t/g/i/o/c/r/f/b/e]: 
-- SELECTED MODE: PHASE SEQUENCE ---------------------------------------------

-- moving to q_init ----------------------------------------------------------
  case               saved_qinit
  q1..q7 [deg]     = [0.8, 12.1, -0.5, -130.9, -0.2, 142.9, 44.7] deg
  saved_qinit = [0.014777, 0.210911, -0.009320, -2.284835, -0.002725, 2.493410, 0.780694] rad
  q_init reached.

-- start pose ----------------------------------------------------------------
  q_start          = [0.8, 12.1, -0.5, -130.9, -0.2, 142.9, 44.7] deg
  p_start          = [    531.3,       2.4,     156.8] mm

==============================================================================
  RUN
==============================================================================

-- phase: approach_orient ----------------------------------------------------
  Kp [t1,t2,n]     = [    150.0,     150.0,     150.0] N/m
  Dp [t1,t2,n]     = [    133.7,      94.2,     128.3] Ns/m     auto (factor 1.90)
  KR [t1,t2,n]     = [     90.0,      90.0,      90.0] Nm/rad
  DR [t1,t2,n]     = [     10.8,      17.7,       2.0] Nms/rad  auto (factor 1.90)
orient:     t=  0.0 s | axis_err=  1.6 deg | spin_err=  0.7 deg
orient:     t=  0.2 s | axis_err=  1.2 deg | spin_err=  0.0 deg
orient:     t=  0.4 s | axis_err=  1.1 deg | spin_err=  0.0 deg

Orientation reached: axis_err=1.0 deg | spin_err=0.0 deg

-- phase: approach_descend ---------------------------------------------------
  Kp [t1,t2,n]     = [    150.0,     150.0,     150.0] N/m
  Dp [t1,t2,n]     = [    133.7,      94.2,     128.3] Ns/m     auto (factor 1.90)
  KR [t1,t2,n]     = [     90.0,      90.0,      90.0] Nm/rad
  DR [t1,t2,n]     = [     10.8,      17.7,       2.0] Nms/rad  auto (factor 1.90)
  descend to         20 mm clearance at 0.100 m/s
descend:    t=  0.0 s | distance=   0.1 mm | height=+132.7 mm (target 20.0) | force= -0.0 N
descend:    t=  0.2 s | distance=  20.1 mm | height=+120.9 mm (target 20.0) | force=  0.5 N
descend:    t=  0.4 s | distance=  40.1 mm | height=+104.1 mm (target 20.0) | force=  1.3 N
descend:    t=  0.6 s | distance=  60.2 mm | height= +86.6 mm (target 20.0) | force=  0.7 N
descend:    t=  0.8 s | distance=  80.3 mm | height= +69.0 mm (target 20.0) | force=  1.7 N
descend:    t=  1.0 s | distance= 100.4 mm | height= +51.0 mm (target 20.0) | force=  0.5 N
descend:    t=  1.2 s | distance= 120.5 mm | height= +32.6 mm (target 20.0) | force=  2.6 N

Clearance reached: distance=134.2 mm | height=19.9 mm | target=20.0 mm | force=2.0 N
  offset_ee        = [     20.0,      60.0,      20.0] mm
  p_EE_at_contact  = [    520.9,       0.4,      41.2] mm
  contact_point    = [    540.0,     -60.4,       1.4] mm
  edge_offset      = [     19.1,     -60.8,     -39.8] mm

-- phase: setup --------------------------------------------------------------

-- setup impedance -----------------------------------------------------------
  law                wrench = K_TCP*dx + D_TCP*dv
                     K_TCP  = Ad(r_c)^T * blkdiag(Kp,KR) * Ad(r_c)
  Kp [t1,t2,n]     = [   2000.0,    2000.0,     350.0] N/m
  Dp [t1,t2,n]     = [    231.8,     169.8,     113.0] Ns/m     auto
  KR [t1,t2,n]     = [      5.0,       5.0,      50.0] Nm/rad
  DR [t1,t2,n]     = [      1.3,       2.0,       0.8] Nms/rad  auto
  p_c [EE]         = [      0.5,       1.0,      60.0] mm       resolved in the tool frame
  r_c [t1,t2,n]    = [     -0.0,       0.0,      60.0] mm       commanded: p_TCP - p_c, in the plane
setup:     t=  0.0 s | tip=  0.0 deg | F=  0.1 N | M=  0.0 Nm (limit 150.0) | contact= 19.8 mm
setup:     t=  0.2 s | tip=  0.2 deg | F=  0.5 N | M=  0.3 Nm (limit 150.0) | contact=  6.5 mm
setup:     t=  0.4 s | tip=  0.5 deg | F= 10.3 N | M=  5.9 Nm (limit 150.0) | contact=  0.6 mm
setup:     t=  0.6 s | tip=  0.6 deg | F= 13.5 N | M=  7.3 Nm (limit 150.0) | contact=  0.7 mm
setup:     t=  0.8 s | tip=  0.6 deg | F= 20.0 N | M= 10.9 Nm (limit 150.0) | contact=  1.0 mm
setup:     t=  1.0 s | tip=  0.6 deg | F= 25.8 N | M= 13.9 Nm (limit 150.0) | contact=  1.2 mm
setup:     t=  1.2 s | tip=  0.6 deg | F= 31.6 N | M= 16.9 Nm (limit 150.0) | contact=  1.4 mm
setup:     t=  1.4 s | tip=  0.6 deg | F= 37.1 N | M= 19.8 Nm (limit 150.0) | contact=  1.6 mm
setup:     t=  1.6 s | tip=  0.7 deg | F= 43.1 N | M= 22.9 Nm (limit 150.0) | contact=  1.8 mm
setup:     t=  1.8 s | tip=  0.7 deg | F= 48.4 N | M= 25.7 Nm (limit 150.0) | contact=  2.1 mm
setup:     t=  2.0 s | tip=  0.7 deg | F= 53.9 N | M= 28.5 Nm (limit 150.0) | contact=  2.4 mm
setup:     t=  2.2 s | tip=  0.8 deg | F= 59.5 N | M= 31.4 Nm (limit 150.0) | contact=  2.6 mm
setup:     t=  2.4 s | tip=  0.8 deg | F= 65.4 N | M= 34.5 Nm (limit 150.0) | contact=  2.9 mm
setup:     t=  2.6 s | tip=  0.8 deg | F= 70.8 N | M= 37.3 Nm (limit 150.0) | contact=  3.0 mm
setup:     t=  2.8 s | tip=  0.8 deg | F= 76.7 N | M= 40.3 Nm (limit 150.0) | contact=  3.2 mm
setup:     t=  3.0 s | tip=  0.8 deg | F= 82.0 N | M= 43.1 Nm (limit 150.0) | contact=  3.3 mm
setup:     t=  3.2 s | tip=  0.8 deg | F= 87.6 N | M= 46.0 Nm (limit 150.0) | contact=  3.5 mm
setup:     t=  3.4 s | tip=  0.8 deg | F= 82.7 N | M= 43.5 Nm (limit 150.0) | contact=  3.4 mm
setup:     t=  3.6 s | tip=  0.8 deg | F= 82.5 N | M= 43.4 Nm (limit 150.0) | contact=  3.4 mm
setup:     t=  3.8 s | tip=  0.8 deg | F= 82.4 N | M= 43.3 Nm (limit 150.0) | contact=  3.4 mm
setup:     t=  4.0 s | tip=  0.8 deg | F= 82.4 N | M= 43.3 Nm (limit 150.0) | contact=  3.4 mm
setup:     t=  4.2 s | tip=  0.8 deg | F= 82.6 N | M= 43.4 Nm (limit 150.0) | contact=  3.4 mm
setup:     t=  4.4 s | tip=  0.8 deg | F= 82.4 N | M= 43.3 Nm (limit 150.0) | contact=  3.4 mm
setup:     t=  4.6 s | tip=  0.8 deg | F= 82.0 N | M= 43.1 Nm (limit 150.0) | contact=  3.4 mm
setup:     t=  4.8 s | tip=  0.8 deg | F= 82.3 N | M= 43.3 Nm (limit 150.0) | contact=  3.4 mm

==============================================================================
  SETUP RESULT
==============================================================================
  stop: time | t=5.0 s | tip=0.8 deg | F=82.3 N | M=43.3 Nm
  contact_from_start = [-0.7, -0.1, -3.3] mm | norm=3.4 mm
  tcp_from_contact  = [-19.6, +60.1, +17.1] mm | norm=65.5 mm
  alignment: before=1.09 deg | after=1.79 deg | gain=-0.69 deg
  alignment components [t1,t2,n] deg: before=[-0.96,-0.52,+0.00] | after=[-1.29,-1.24,-0.00]

-- setup surface-frame breakdown ---------------------------------------------
  frame              alignment-target [tangent1, tangent2, normal]
  force        [N]      = [    +1.49,     -0.27,    -82.25]
  tcp_disp     [mm]     = [    -0.13,     -0.04,    -22.68]
  contact_disp [mm]     = [    -0.68,     -0.01,     -3.34]
  Kp_eff=F/tcp [N/m]    = [ -11607.5,       n/a,    3625.6]
  M_contact    [Nm]     = [    -4.58,    +41.72,     -0.04]
  tip_angle    [deg]    = [    -0.32,     -0.72,     +0.27]
  KR_eff=M/ang [Nm/rad] = [    811.9,   -3312.6,      -8.6]
  frame              tool face [length, width, tool axis]
  M_contact    [Nm]     = [   -41.69,     +4.78,     +1.08]

-- center of compliance ------------------------------------------------------
  definition         r_c = p_TCP - p_c
  p_TCP [x,y,z]    = [    520.4,      -0.3,      18.5] mm
  p_c [EE]         = [      1.3,       1.3,      60.0] mm
  r_c [t1,t2,n]    = [      0.0,       0.0,      60.0] mm
                     p_c resolved at end of setup

-- effective TCP impedance ---------------------------------------------------
  K_TCP translation = [   1999.5,    1998.7,     351.8] N/m
  K_TCP rotation   = [     12.2,      12.2,      50.0] Nm/rad
  commanded KR was = [      5.0,       5.0,      50.0] Nm/rad   including lever contribution
  D_TCP translation = [    231.7,     169.7,     113.1] Ns/m
  D_TCP rotation   = [      1.9,       2.8,       0.8] Nms/rad
  coupling           max |moment per unit translation| = 119.9 Nm/m (K), 13.9 Nms/m (D)
  eigenvalues        K_TCP 4.98 .. 2007 | D_TCP 0.79 .. 233  (both positive: valid springs)

  K_TCP [N/m, Nm/rad | rows fx..mz, cols tx..rz]:
           tx        ty        tz    |    rx        ry        rz
  fx [    2000  -0.7871   -28.44 | 6.939e-18   -119.9     3.32 ]
  fy [ -0.7871     1999   -45.62 |    119.9 2.082e-17   -2.069 ]
  fz [  -28.44   -45.62    351.8 |    -3.32    2.069 -2.082e-17 ]
     ---------------------------+---------------------------
  mx [       0    119.9    -3.32 |    12.21  0.01803   0.6515 ]
  my [  -119.9 1.388e-17    2.069 |  0.01803    12.23    1.045 ]
  mz [    3.32   -2.069 -2.082e-17 |   0.6515    1.045    49.96 ]

  D_TCP [Ns/m, Nms/rad]:
           tx        ty        tz    |    rx        ry        rz
  fx [   231.7 -0.05664   -2.046 | -8.674e-19    -13.9   0.3847 ]
  fy [-0.05664    169.7   -1.569 |    10.18 0.001773  -0.1757 ]
  fz [  -2.046   -1.569    113.1 |  -0.2818   0.2397 -0.001773 ]
     ---------------------------+---------------------------
  mx [-8.674e-19    10.18  -0.2818 |    1.936 -0.0005491 -0.01984 ]
  my [   -13.9 0.001773   0.2397 | -0.0005491    2.827 -0.05651 ]
  mz [  0.3847  -0.1757 -0.001773 | -0.01984 -0.05651   0.7872 ]

[GATE] Set up finished (still pressing). Press Enter to start the grind (e+Enter stops).

Stop requested with e + Enter. Finishing control loop...

-- joint motion [deg] --------------------------------------------------------
  joint       start    final    delta
  q1            0.8     -0.3     -1.1
  q2           12.1     30.3    +18.2
  q3           -0.5      0.2     +0.7
  q4         -130.9   -129.5     +1.4
  q5           -0.2     -1.1     -0.9
  q6          142.9    157.6    +14.7
  q7           44.7     46.2     +1.5

==============================================================================
  FINAL RESULT
==============================================================================
  p_d              = [    516.4,      -6.8,    -218.6] mm
  p_EE             = [    520.4,      -0.3,      18.5] mm
  e_p              = [     -4.0,      -6.5,    -237.1] mm
  e_R              = [    -0.32,     -0.71,      0.30] deg
------------------------------------------------------------------------------
  position error     237.25 mm
  rotation error     0.84 deg
  csv                logs/surface_grinding_controller_log.csv
------------------------------------------------------------------------------
