
==============================================================================
  SURFACE GRINDING CONTROLLER
==============================================================================
  robot              172.16.0.2
  parameters         /home/hm-panda/Desktop/Thesis_Final_Control/surface_grinding_controller/params
------------------------------------------------------------------------------

==============================================================================
  SURFACE GRINDING CONTROLLER - STARTUP MENU
==============================================================================

-- RUN MODES -----------------------------------------------------------------
  s      Run orientation, approach, setup, and grinding
  h      Cartesian pose hold at the initial posture
  t      Cartesian pose hold with the setup impedance
  g      Start manual guidance from the current robot pose

-- ROBOT PREPARATION ---------------------------------------------------------
  i      Move to the configured initial joint posture

-- GRIPPER AND TOOL ----------------------------------------------------------
  o      Open the gripper
  c      Grasp the tool
  r      Recalibrate the gripper with empty fingers
  f      Pick up the tool from the holder
  b      Return the tool to the holder

-- PROGRAM -------------------------------------------------------------------
  e      Exit
------------------------------------------------------------------------------
  During control: e = stop | m = startup menu | g = guidance
------------------------------------------------------------------------------
Selection [s/h/t/g/i/o/c/r/f/b/e]: 
-- SELECTED MODE: PHASE SEQUENCE ---------------------------------------------

-- moving to q_init ----------------------------------------------------------
  case               saved_qinit
  q1..q7 [deg]     = [0.8, 12.1, -0.5, -130.9, -0.2, 142.9, 44.7] deg
  saved_qinit = [0.014777, 0.210911, -0.009320, -2.284835, -0.002725, 2.493410, 0.780694] rad
  q_init reached.

-- start pose ----------------------------------------------------------------
  q_start          = [0.8, 12.1, -0.5, -130.9, -0.2, 142.9, 44.7] deg
  p_start          = [    531.4,       2.4,     156.9] mm

==============================================================================
  RUN
==============================================================================

-- phase: approach_orient ----------------------------------------------------
  Kp [t1,t2,n]     = [    150.0,     150.0,     150.0] N/m
  Dp [t1,t2,n]     = [    133.7,      94.2,     128.3] Ns/m     auto (factor 1.90)
  KR [t1,t2,n]     = [    180.0,     180.0,      90.0] Nm/rad
  DR [t1,t2,n]     = [     15.3,      25.0,       2.0] Nms/rad  auto (factor 1.90)
orient:     t=  0.0 s | axis_err= 12.0 deg | spin_err=  0.9 deg
orient:     t=  0.2 s | axis_err= 10.4 deg | spin_err=  0.9 deg
orient:     t=  0.4 s | axis_err=  6.6 deg | spin_err=  0.6 deg
orient:     t=  0.6 s | axis_err=  2.7 deg | spin_err=  0.3 deg
orient:     t=  0.8 s | axis_err=  1.1 deg | spin_err=  0.3 deg

Orientation reached: axis_err=0.9 deg | spin_err=0.2 deg

-- phase: approach_descend ---------------------------------------------------
  Kp [t1,t2,n]     = [    150.0,     150.0,     150.0] N/m
  Dp [t1,t2,n]     = [    133.7,      94.2,     128.3] Ns/m     auto (factor 1.90)
  KR [t1,t2,n]     = [    180.0,     180.0,      90.0] Nm/rad
  DR [t1,t2,n]     = [     15.3,      25.0,       2.0] Nms/rad  auto (factor 1.90)
  descend to         20 mm clearance at 0.100 m/s
descend:    t=  0.0 s | distance=   0.1 mm | height=+120.5 mm (target 20.0) | force=  0.0 N
descend:    t=  0.2 s | distance=  20.2 mm | height=+110.2 mm (target 20.0) | force=  2.0 N
descend:    t=  0.4 s | distance=  40.3 mm | height= +95.5 mm (target 20.0) | force=  2.7 N
descend:    t=  0.6 s | distance=  60.4 mm | height= +79.5 mm (target 20.0) | force=  2.7 N
descend:    t=  0.8 s | distance=  80.5 mm | height= +62.7 mm (target 20.0) | force=  2.1 N
descend:    t=  1.0 s | distance= 100.6 mm | height= +46.0 mm (target 20.0) | force=  2.9 N
descend:    t=  1.2 s | distance= 120.7 mm | height= +29.2 mm (target 20.0) | force=  1.8 N

Clearance reached: distance=132.1 mm | height=19.9 mm | target=20.0 mm | force=3.1 N
  offset_ee        = [     20.0,     -60.0,      20.0] mm
  p_EE_at_contact  = [    514.9,      -1.3,      50.7] mm
  contact_point    = [    533.3,      52.9,      -1.6] mm
  edge_offset      = [     18.4,      54.2,     -52.4] mm

-- phase: setup --------------------------------------------------------------

-- setup impedance -----------------------------------------------------------
  law                wrench = K_TCP*dx + D_TCP*dv
                     K_TCP  = Ad(r_c)^T * blkdiag(Kp,KR) * Ad(r_c)
  Kp [t1,t2,n]     = [   2000.0,    2000.0,     350.0] N/m
  Dp [t1,t2,n]     = [    234.2,     174.6,     111.5] Ns/m     auto
  KR [t1,t2,n]     = [      5.0,       5.0,      50.0] Nm/rad
  DR [t1,t2,n]     = [      1.3,       2.0,       1.3] Nms/rad  auto
  p_c [EE]         = [      0.0,     -20.0,      -0.0] mm       commanded in the tool frame
  r_c [t1,t2,n]    = [     -0.0,     -19.7,       3.4] mm       p_TCP - p_c, in the plane
setup:     t=  0.0 s | ee=  0.0 deg | F=  0.1 N | M=  0.0 Nm (limit 150.0) | contact= 19.8 mm
setup:     t=  0.2 s | ee=  0.9 deg | F=  0.3 N | M=  0.6 Nm (limit 150.0) | contact=  7.2 mm
setup:     t=  0.4 s | ee=  1.3 deg | F= 12.3 N | M=  0.9 Nm (limit 150.0) | contact=  1.7 mm
setup:     t=  0.6 s | ee=  1.4 deg | F= 15.5 N | M=  0.9 Nm (limit 150.0) | contact=  1.7 mm
setup:     t=  0.8 s | ee=  1.4 deg | F= 20.8 N | M=  1.0 Nm (limit 150.0) | contact=  1.7 mm
setup:     t=  1.0 s | ee=  1.4 deg | F= 26.5 N | M=  1.1 Nm (limit 150.0) | contact=  1.7 mm
setup:     t=  1.2 s | ee=  1.4 deg | F= 32.0 N | M=  1.2 Nm (limit 150.0) | contact=  1.7 mm
setup:     t=  1.4 s | ee=  1.4 deg | F= 38.0 N | M=  1.3 Nm (limit 150.0) | contact=  1.8 mm
setup:     t=  1.6 s | ee=  1.4 deg | F= 43.5 N | M=  1.5 Nm (limit 150.0) | contact=  1.8 mm
setup:     t=  1.8 s | ee=  1.4 deg | F= 49.7 N | M=  1.7 Nm (limit 150.0) | contact=  1.9 mm
setup:     t=  2.0 s | ee=  1.4 deg | F= 55.2 N | M=  2.0 Nm (limit 150.0) | contact=  2.0 mm
setup:     t=  2.2 s | ee=  1.5 deg | F= 61.1 N | M=  2.1 Nm (limit 150.0) | contact=  2.1 mm
setup:     t=  2.4 s | ee=  1.5 deg | F= 66.2 N | M=  2.3 Nm (limit 150.0) | contact=  2.2 mm
setup:     t=  2.6 s | ee=  1.5 deg | F= 71.5 N | M=  2.5 Nm (limit 150.0) | contact=  2.3 mm
setup:     t=  2.8 s | ee=  1.6 deg | F= 77.1 N | M=  2.8 Nm (limit 150.0) | contact=  2.5 mm
setup:     t=  3.0 s | ee=  1.8 deg | F= 84.2 N | M=  3.1 Nm (limit 150.0) | contact=  2.5 mm
setup:     t=  3.2 s | ee=  2.1 deg | F= 89.7 N | M=  3.4 Nm (limit 150.0) | contact=  2.6 mm
setup:     t=  3.4 s | ee=  2.5 deg | F= 83.4 N | M=  3.1 Nm (limit 150.0) | contact=  2.5 mm
setup:     t=  3.6 s | ee=  2.9 deg | F= 84.0 N | M=  3.2 Nm (limit 150.0) | contact=  2.5 mm
setup:     t=  3.8 s | ee=  3.3 deg | F= 83.1 N | M=  3.0 Nm (limit 150.0) | contact=  2.5 mm
setup:     t=  4.0 s | ee=  3.5 deg | F= 82.3 N | M=  2.8 Nm (limit 150.0) | contact=  2.6 mm
setup:     t=  4.2 s | ee=  3.8 deg | F= 81.6 N | M=  2.7 Nm (limit 150.0) | contact=  2.7 mm
setup:     t=  4.4 s | ee=  4.1 deg | F= 81.2 N | M=  3.0 Nm (limit 150.0) | contact=  2.7 mm
setup:     t=  4.6 s | ee=  4.5 deg | F= 80.3 N | M=  2.5 Nm (limit 150.0) | contact=  2.7 mm
setup:     t=  4.8 s | ee=  4.9 deg | F= 80.3 N | M=  2.5 Nm (limit 150.0) | contact=  2.7 mm

==============================================================================
  SETUP RESULT
==============================================================================
  stop: time | t=5.0 s | ee=5.3 deg | F=80.1 N | M_TCP=2.5 Nm
  contact_from_start = [-2.2, -0.9, -1.5] mm | norm=2.8 mm
  tcp_from_contact  = [-20.1, -58.2, +26.7] mm | norm=67.2 mm
  deviation: before=9.40 deg | after=5.07 deg | gain=+4.34 deg
  t_align: not reached | tolerance=2.00 deg | hold=0.30 s
  deviation components [t1,t2,n] deg: before=[+9.39,-0.55,+0.00] | after=[+4.46,-2.40,+0.00]

-- setup surface-frame breakdown ---------------------------------------------
  frame              alignment-target [tangent1, tangent2, normal]
  force        [N]      = [    +1.48,     +7.56,    -79.69]
  tcp_disp     [mm]     = [    -1.24,     -3.34,    -25.76]
  contact_disp [mm]     = [    -2.17,     -0.89,     -1.54]
  Kp_eff=F/tcp [N/m]    = [  -1189.2,   -2266.0,    3093.2]
  M_contact    [Nm]     = [    +2.19,     -0.44,     -0.25]
  ee_angle     [deg]    = [    -4.93,     -1.87,     +0.00]
  KR_eff=M/ang [Nm/rad] = [    -25.4,      13.6,       n/a]
  frame              tool face [length, width, tool axis]
  M_contact    [Nm]     = [    +0.43,     -2.20,     +0.19]

-- center of compliance ------------------------------------------------------
  definition         r_c = p_TCP - p_c
  p_TCP [x,y,z]    = [    513.2,      -5.3,      25.1] mm
  p_c [EE]         = [     -0.0,     -20.0,      -0.0] mm
  r_c [t1,t2,n]    = [      0.1,     -19.9,       1.7] mm
                     p_c resolved at end of setup

-- effective TCP impedance ---------------------------------------------------
  K_TCP translation = [   1999.5,    1998.7,     351.8] N/m
  K_TCP rotation   = [      5.2,       5.0,      50.7] Nm/rad
  commanded KR was = [      5.0,       5.0,      50.0] Nm/rad   including lever contribution
  D_TCP translation = [    234.2,     174.5,     111.5] Ns/m
  D_TCP rotation   = [      1.3,       2.0,       1.4] Nms/rad
  coupling           max |moment per unit translation| = 39.7 Nm/m (K), 4.7 Nms/m (D)
  eigenvalues        K_TCP 5.00 .. 2001 | D_TCP 1.27 .. 234  (both positive: valid springs)

  K_TCP [N/m, Nm/rad | rows fx..mz, cols tx..rz]:
           tx        ty        tz    |    rx        ry        rz
  fx [    2000  -0.7871   -28.44 |   -0.567   -4.474   -39.74 ]
  fy [ -0.7871     1999   -45.62 |    3.562 -0.003115  -0.1979 ]
  fz [  -28.44   -45.62    351.8 |    6.889   0.1012   0.5701 ]
     ---------------------------+---------------------------
  mx [  -0.567    3.562    6.889 |    5.158  0.02347   0.7865 ]
  my [  -4.474 -0.003115   0.1012 |  0.02347    5.044    1.333 ]
  mz [  -39.74  -0.1979   0.5701 |   0.7865    1.333    50.74 ]

  D_TCP [Ns/m, Nms/rad]:
           tx        ty        tz    |    rx        ry        rz
  fx [   234.2 -0.05857   -2.116 | -0.04218  -0.5238   -4.654 ]
  fy [-0.05857    174.5   -1.745 |   0.3555 -5.549e-05 -0.01749 ]
  fz [  -2.116   -1.745    111.5 |    2.213  0.01665  0.04224 ]
     ---------------------------+---------------------------
  mx [-0.04218   0.3555    2.213 |    1.314 0.0003569 0.001744 ]
  my [ -0.5238 -5.549e-05  0.01665 | 0.0003569    2.049 -0.009619 ]
  mz [  -4.654 -0.01749  0.04224 | 0.001744 -0.009619    1.417 ]

[GATE] Set up finished (still pressing). Press Enter to start the grind (e+Enter stops).

Stop requested with e + Enter. Finishing control loop...

-- joint motion [deg] --------------------------------------------------------
  joint       start    final    delta
  q1            0.8     -7.7     -8.6
  q2           12.1     29.5    +17.4
  q3           -0.5      6.9     +7.4
  q4         -130.9   -128.5     +2.4
  q5           -0.2    -21.2    -21.0
  q6          142.9    151.5     +8.6
  q7           44.7     62.6    +17.9

==============================================================================
  FINAL RESULT
==============================================================================
  p_d              = [    510.4,      -8.5,    -209.1] mm
  p_EE             = [    513.2,      -5.3,      25.1] mm
  e_p              = [     -2.8,      -3.1,    -234.2] mm
  e_R              = [    -4.93,     -1.86,      0.14] deg
------------------------------------------------------------------------------
  position error     234.20 mm
  rotation error     5.27 deg
  csv                logs/surface_grinding_controller_log.csv
------------------------------------------------------------------------------
