
==============================================================================
  SURFACE GRINDING CONTROLLER
==============================================================================
  robot              172.16.0.2
  parameters         /home/hm-panda/Desktop/Thesis_Final_Control/surface_grinding_controller/params
------------------------------------------------------------------------------

==============================================================================
  SURFACE GRINDING CONTROLLER - STARTUP MENU
==============================================================================

-- RUN MODES -----------------------------------------------------------------
  s      Run orientation, approach, contact establishment, and grinding
  h      Cartesian pose hold at the initial posture
  t      Cartesian pose hold with the contact establishment impedance
  g      Start manual guidance from the current robot pose

-- ROBOT PREPARATION ---------------------------------------------------------
  i      Move to the configured initial joint posture

-- GRIPPER AND TOOL ----------------------------------------------------------
  o      Open the gripper
  c      Grasp the tool
  r      Recalibrate the gripper with empty fingers
  f      Pick up the tool from the holder
  b      Return the tool to the holder

-- PROGRAM -------------------------------------------------------------------
  e      Exit
------------------------------------------------------------------------------
  During control: e = stop | m = startup menu | g = guidance
------------------------------------------------------------------------------
Selection [s/h/t/g/i/o/c/r/f/b/e]: 
-- SELECTED MODE: STATE SEQUENCE ---------------------------------------------

-- moving to q_init ----------------------------------------------------------
  case               saved_qinit
  q1..q7 [deg]     = [0.8, 12.1, -0.5, -130.9, -0.2, 142.9, 44.7] deg
  saved_qinit = [0.014777, 0.210911, -0.009320, -2.284835, -0.002725, 2.493410, 0.780694] rad
  q_init reached.

-- start pose ----------------------------------------------------------------
  q_start          = [0.8, 12.1, -0.5, -130.9, -0.2, 142.9, 44.7] deg
  p_start          = [    531.4,       2.4,     156.9] mm

==============================================================================
  RUN
==============================================================================

-- state: tool_orientation ---------------------------------------------------
  Kp [t1,t2,n]     = [    150.0,     150.0,     150.0] N/m
  Dp [t1,t2,n]     = [    133.7,      94.2,     128.3] Ns/m     auto (factor 1.90)
  KR [t1,t2,n]     = [    180.0,     180.0,      90.0] Nm/rad
  DR [t1,t2,n]     = [     15.3,      25.0,       2.0] Nms/rad  auto (factor 1.90)
orient:     t=  0.0 s | axis_err=  8.6 deg | spin_err=  0.5 deg
orient:     t=  0.2 s | axis_err=  7.3 deg | spin_err=  0.2 deg
orient:     t=  0.4 s | axis_err=  3.3 deg | spin_err=  0.2 deg
orient:     t=  0.6 s | axis_err=  1.0 deg | spin_err=  0.2 deg
orient:     t=  0.8 s | axis_err=  0.8 deg | spin_err=  0.2 deg

Orientation reached: axis_err=0.8 deg | spin_err=0.2 deg

-- state: surface_approach ---------------------------------------------------
  Kp [t1,t2,n]     = [    150.0,     150.0,     150.0] N/m
  Dp [t1,t2,n]     = [    133.7,      94.2,     128.3] Ns/m     auto (factor 1.90)
  KR [t1,t2,n]     = [    180.0,     180.0,      90.0] Nm/rad
  DR [t1,t2,n]     = [     15.3,      25.0,       2.0] Nms/rad  auto (factor 1.90)
  descend to         20 mm clearance at 0.100 m/s
descend:    t=  0.0 s | distance=   0.1 mm | height=+121.6 mm (target 20.0) | force=  0.0 N
descend:    t=  0.2 s | distance=  20.2 mm | height=+110.7 mm (target 20.0) | force=  2.1 N
descend:    t=  0.4 s | distance=  40.3 mm | height= +95.5 mm (target 20.0) | force=  2.1 N
descend:    t=  0.6 s | distance=  60.4 mm | height= +79.3 mm (target 20.0) | force=  2.6 N
descend:    t=  0.8 s | distance=  80.5 mm | height= +61.9 mm (target 20.0) | force=  2.1 N
descend:    t=  1.0 s | distance= 100.6 mm | height= +44.8 mm (target 20.0) | force=  2.9 N
descend:    t=  1.2 s | distance= 120.7 mm | height= +27.5 mm (target 20.0) | force=  2.6 N

Clearance reached: distance=129.6 mm | height=20.0 mm | target=20.0 mm | force=1.9 N
  offset_ee        = [     20.0,      60.0,      20.0] mm
  p_EE_at_contact  = [    517.0,       1.5,      49.8] mm
  contact_point    = [    535.5,     -55.9,       1.3] mm
  edge_offset      = [     18.5,     -57.4,     -48.5] mm

-- state: contact_establishment ----------------------------------------------

-- contact establishment impedance -------------------------------------------
  law                wrench = K_TCP*dx + D_TCP*dv
                     K_TCP  = Ad(r_c)^T * blkdiag(Kp,KR) * Ad(r_c)
  Kp [t1,t2,n]     = [   2000.0,    2000.0,     350.0] N/m
  Dp [t1,t2,n]     = [    231.2,     178.0,     112.1] Ns/m     auto
  KR [t1,t2,n]     = [      5.0,       5.0,      50.0] Nm/rad
  DR [t1,t2,n]     = [      1.5,       1.9,       1.2] Nms/rad  auto
  p_c [EE]         = [      0.0,    -100.0,       0.0] mm       commanded in the tool frame
  r_c [t1,t2,n]    = [      0.0,      98.8,      15.5] mm       p_c - p_TCP, in the plane
contact establishment:     t=  0.0 s | ee=  0.0 deg | F=  0.0 N | M=  0.0 Nm | contact= 19.9 mm
contact establishment:     t=  0.2 s | ee=  0.9 deg | F=  0.7 N | M=  0.8 Nm | contact=  7.4 mm
contact establishment:     t=  0.4 s | ee=  1.5 deg | F= 20.0 N | M=  0.4 Nm | contact=  3.9 mm
contact establishment:     t=  0.6 s | ee=  1.6 deg | F= 15.9 N | M=  0.9 Nm | contact=  4.0 mm
contact establishment:     t=  0.8 s | ee=  1.6 deg | F= 21.3 N | M=  0.8 Nm | contact=  4.1 mm
contact establishment:     t=  1.0 s | ee=  1.7 deg | F= 27.0 N | M=  0.9 Nm | contact=  4.3 mm
contact establishment:     t=  1.2 s | ee=  1.9 deg | F= 31.0 N | M=  1.1 Nm | contact=  4.3 mm
contact establishment:     t=  1.4 s | ee=  2.7 deg | F= 34.5 N | M=  0.8 Nm | contact=  4.4 mm
contact establishment:     t=  1.6 s | ee=  5.1 deg | F= 35.8 N | M=  1.2 Nm | contact=  4.1 mm
contact establishment:     t=  1.8 s | ee=  8.2 deg | F= 44.3 N | M=  3.6 Nm | contact=  3.3 mm
contact establishment:     t=  2.0 s | ee=  8.4 deg | F= 48.0 N | M=  5.2 Nm | contact=  3.3 mm
contact establishment:     t=  2.2 s | ee=  8.4 deg | F= 53.7 N | M=  5.5 Nm | contact=  3.4 mm
contact establishment:     t=  2.4 s | ee=  8.4 deg | F= 59.2 N | M=  5.9 Nm | contact=  3.5 mm
contact establishment:     t=  2.6 s | ee=  8.4 deg | F= 64.7 N | M=  6.3 Nm | contact=  3.6 mm
contact establishment:     t=  2.8 s | ee=  8.4 deg | F= 70.2 N | M=  6.7 Nm | contact=  3.7 mm
contact establishment:     t=  3.0 s | ee=  8.5 deg | F= 76.0 N | M=  7.1 Nm | contact=  3.7 mm
contact establishment:     t=  3.2 s | ee=  8.7 deg | F= 81.5 N | M=  7.4 Nm | contact=  3.5 mm
contact establishment:     t=  3.4 s | ee=  8.7 deg | F= 76.1 N | M=  7.0 Nm | contact=  3.3 mm
contact establishment:     t=  3.6 s | ee=  8.7 deg | F= 75.9 N | M=  7.0 Nm | contact=  3.3 mm
contact establishment:     t=  3.8 s | ee=  8.7 deg | F= 75.9 N | M=  7.0 Nm | contact=  3.3 mm
contact establishment:     t=  4.0 s | ee=  8.7 deg | F= 75.8 N | M=  7.0 Nm | contact=  3.3 mm
contact establishment:     t=  4.2 s | ee=  8.7 deg | F= 75.8 N | M=  7.0 Nm | contact=  3.4 mm
contact establishment:     t=  4.4 s | ee=  8.7 deg | F= 75.7 N | M=  7.0 Nm | contact=  3.4 mm
contact establishment:     t=  4.6 s | ee=  8.7 deg | F= 75.7 N | M=  6.9 Nm | contact=  3.4 mm
contact establishment:     t=  4.8 s | ee=  8.7 deg | F= 75.5 N | M=  7.0 Nm | contact=  3.4 mm

==============================================================================
  CONTACT-ESTABLISHMENT RESULT
==============================================================================
  stop: time | t=5.0 s | ee=8.7 deg | F=75.6 N | M_TCP=7.0 Nm
  contact_from_start = [-2.3, -1.6, -1.9] mm | norm=3.4 mm
  tcp_from_contact  = [-20.5, +58.9, +18.4] mm | norm=65.0 mm
  deviation: before=9.34 deg | after=2.12 deg | gain=+7.22 deg
  t_align: not reached | tolerance=2.00 deg | hold=0.30 s
  t_align_fraction: 1.62 s | fraction=0.50 of the deviation at contact
  deviation_min: 2.12 deg at t=3.28 s
  align_status: not_aligned
  deviation components [t1,t2,n] deg: before=[-9.33,-0.44,-0.00] | after=[-0.76,-1.98,+0.00]

-- contact establishment surface-frame breakdown -----------------------------
  frame              alignment-target [tangent1, tangent2, normal]
  force        [N]      = [    +2.98,     -5.59,    -75.34]
  tcp_disp     [mm]     = [    -1.50,     +2.32,    -30.11]
  contact_disp [mm]     = [    -2.26,     -1.55,     -1.94]
  Kp_eff=F/tcp [N/m]    = [  -1984.8,   -2415.5,    2502.3]
  M_contact    [Nm]     = [   -11.31,     -0.64,     -0.12]
  ee_angle     [deg]    = [    +8.57,     -1.56,     +0.06]
  KR_eff=M/ang [Nm/rad] = [    -75.6,      23.6,    -126.1]
  frame              tool face [length, width, tool axis]
  M_contact    [Nm]     = [    +0.68,    +11.30,     +0.51]

-- center of compliance ------------------------------------------------------
  definition         r_c = p_c - p_TCP
  p_TCP [x,y,z]    = [    515.0,       3.0,      19.7] mm
  p_c [EE]         = [      0.0,    -100.0,       0.0] mm
  r_c [t1,t2,n]    = [      0.3,     100.0,       0.6] mm
                     p_c resolved at end of contact establishment

-- effective TCP impedance ---------------------------------------------------
  K_TCP translation = [   1999.5,    1998.7,     351.8] N/m
  K_TCP rotation   = [      8.5,       5.0,      69.9] Nm/rad
  commanded KR was = [      5.0,       5.0,      50.0] Nm/rad   including lever contribution
  D_TCP translation = [    231.1,     178.0,     112.2] Ns/m
  D_TCP rotation   = [      2.6,       1.9,       3.5] Nms/rad
  coupling           max |moment per unit translation| = 199.9 Nm/m (K), 23.1 Nms/m (D)
  eigenvalues        K_TCP 4.95 .. 2021 | D_TCP 1.19 .. 234  (both positive: valid springs)

  K_TCP [N/m, Nm/rad | rows fx..mz, cols tx..rz]:
           tx        ty        tz    |    rx        ry        rz
  fx [    2000  -0.7871   -28.44 |   -2.845    -4.24   -199.9 ]
  fy [ -0.7871     1999   -45.62 |  -0.3141  0.01497   0.6614 ]
  fz [  -28.44   -45.62    351.8 |    35.07 -0.04213     2.83 ]
     ---------------------------+---------------------------
  mx [  -2.845  -0.3141    35.07 |    8.519  0.01729     1.06 ]
  my [   -4.24  0.01497 -0.04213 |  0.01729    5.043    1.668 ]
  mz [  -199.9   0.6614     2.83 |     1.06    1.668    69.94 ]

  D_TCP [Ns/m, Nms/rad]:
           tx        ty        tz    |    rx        ry        rz
  fx [   231.1 -0.05682   -2.053 |  -0.2053  -0.4905   -23.11 ]
  fy [-0.05682      178   -1.823 |   0.1959 0.0006521  0.05757 ]
  fz [  -2.053   -1.823    112.2 |    11.21 -0.02834   0.2047 ]
     ---------------------------+---------------------------
  mx [ -0.2053   0.1959    11.21 |    2.611 -0.002968  0.01569 ]
  my [ -0.4905 0.0006521 -0.02834 | -0.002968    1.897  0.02995 ]
  mz [  -23.11  0.05757   0.2047 |  0.01569  0.02995    3.517 ]

[STATE] Pre-grinding hold active. Press Enter to start grinding (e+Enter stops).

-- state: pre_grinding_hold --------------------------------------------------
  motion             established contact command
  impedance          inherited from contact establishment
  keys               Enter continue | e stop

Stop requested with e + Enter. Finishing control loop...

-- joint motion [deg] --------------------------------------------------------
  joint       start    final    delta
  q1            0.8      5.9     +5.0
  q2           12.1     30.1    +18.0
  q3           -0.5     -4.8     -4.3
  q4         -130.9   -129.0     +1.9
  q5           -0.2      3.1     +3.3
  q6          142.9    154.5    +11.6
  q7           44.7     44.0     -0.7

==============================================================================
  FINAL RESULT
==============================================================================
  p_d              = [    512.6,      -5.7,    -210.0] mm
  p_EE             = [    515.0,       3.0,      19.7] mm
  e_p              = [     -2.5,      -8.7,    -229.7] mm
  e_R              = [     8.57,     -1.56,     -0.05] deg
------------------------------------------------------------------------------
  position error     229.90 mm
  rotation error     8.71 deg
  csv                logs/surface_grinding_controller_log.csv
------------------------------------------------------------------------------
