
==============================================================================
  SURFACE GRINDING CONTROLLER
==============================================================================
  robot              172.16.0.2
  parameters         /home/hm-panda/Desktop/Thesis_Final_Control/surface_grinding_controller/params
------------------------------------------------------------------------------

==============================================================================
  SURFACE GRINDING CONTROLLER - STARTUP MENU
==============================================================================

-- RUN MODES -----------------------------------------------------------------
  s      Run orientation, approach, setup, and grinding
  h      Cartesian pose hold at the initial posture
  t      Cartesian pose hold with the setup impedance
  g      Start manual guidance from the current robot pose

-- ROBOT PREPARATION ---------------------------------------------------------
  i      Move to the configured initial joint posture

-- GRIPPER AND TOOL ----------------------------------------------------------
  o      Open the gripper
  c      Grasp the tool
  r      Recalibrate the gripper with empty fingers
  f      Pick up the tool from the holder
  b      Return the tool to the holder

-- PROGRAM -------------------------------------------------------------------
  e      Exit
------------------------------------------------------------------------------
  During control: e = stop | m = startup menu | g = guidance
------------------------------------------------------------------------------
Selection [s/h/t/g/i/o/c/r/f/b/e]: 
-- SELECTED MODE: PHASE SEQUENCE ---------------------------------------------

-- moving to q_init ----------------------------------------------------------
  case               saved_qinit
  q1..q7 [deg]     = [0.8, 12.1, -0.5, -130.9, -0.2, 142.9, 44.7] deg
  saved_qinit = [0.014777, 0.210911, -0.009320, -2.284835, -0.002725, 2.493410, 0.780694] rad
  q_init reached.

-- start pose ----------------------------------------------------------------
  q_start          = [0.8, 12.1, -0.5, -130.9, -0.2, 142.8, 44.7] deg
  p_start          = [    531.1,       2.5,     157.0] mm

==============================================================================
  RUN
==============================================================================

-- phase: approach_orient ----------------------------------------------------
  Kp [t1,t2,n]     = [    150.0,     150.0,     150.0] N/m
  Dp [t1,t2,n]     = [    133.7,      94.2,     128.3] Ns/m     auto (factor 1.90)
  KR [t1,t2,n]     = [    180.0,     180.0,      90.0] Nm/rad
  DR [t1,t2,n]     = [     15.3,      25.0,       2.0] Nms/rad  auto (factor 1.90)
orient:     t=  0.0 s | axis_err=  8.5 deg | spin_err=  0.5 deg
orient:     t=  0.2 s | axis_err=  7.3 deg | spin_err=  0.2 deg
orient:     t=  0.4 s | axis_err=  3.3 deg | spin_err=  0.2 deg
orient:     t=  0.6 s | axis_err=  1.1 deg | spin_err=  0.2 deg
orient:     t=  0.8 s | axis_err=  0.9 deg | spin_err=  0.2 deg

Orientation reached: axis_err=0.8 deg | spin_err=0.2 deg

-- phase: approach_descend ---------------------------------------------------
  Kp [t1,t2,n]     = [    150.0,     150.0,     150.0] N/m
  Dp [t1,t2,n]     = [    133.7,      94.2,     128.3] Ns/m     auto (factor 1.90)
  KR [t1,t2,n]     = [    180.0,     180.0,      90.0] Nm/rad
  DR [t1,t2,n]     = [     15.3,      25.0,       2.0] Nms/rad  auto (factor 1.90)
  descend to         20 mm clearance at 0.100 m/s
descend:    t=  0.0 s | distance=   0.1 mm | height=+124.0 mm (target 20.0) | force=  0.0 N
descend:    t=  0.2 s | distance=  20.2 mm | height=+113.4 mm (target 20.0) | force=  1.9 N
descend:    t=  0.4 s | distance=  40.3 mm | height= +98.1 mm (target 20.0) | force=  1.3 N
descend:    t=  0.6 s | distance=  60.4 mm | height= +82.3 mm (target 20.0) | force=  2.6 N
descend:    t=  0.8 s | distance=  80.5 mm | height= +65.7 mm (target 20.0) | force=  2.1 N
descend:    t=  1.0 s | distance= 100.6 mm | height= +48.9 mm (target 20.0) | force=  2.7 N
descend:    t=  1.2 s | distance= 120.7 mm | height= +31.6 mm (target 20.0) | force=  2.2 N

Clearance reached: distance=134.3 mm | height=19.9 mm | target=20.0 mm | force=2.3 N
  offset_ee        = [     20.0,      60.0,      20.0] mm
  p_EE_at_contact  = [    516.2,       2.1,      49.7] mm
  contact_point    = [    534.6,     -55.4,       1.3] mm
  edge_offset      = [     18.4,     -57.5,     -48.4] mm

-- phase: setup --------------------------------------------------------------

-- setup impedance -----------------------------------------------------------
  law                wrench = K_TCP*dx + D_TCP*dv
                     K_TCP  = Ad(r_c)^T * blkdiag(Kp,KR) * Ad(r_c)
  Kp [t1,t2,n]     = [   2000.0,    2000.0,     350.0] N/m
  Dp [t1,t2,n]     = [    231.2,     177.9,     112.1] Ns/m     auto
  KR [t1,t2,n]     = [      5.0,       5.0,      50.0] Nm/rad
  DR [t1,t2,n]     = [      1.5,       1.9,       1.2] Nms/rad  auto
  p_c [EE]         = [      0.0,       0.0,       0.0] mm       resolved in the tool frame
  r_c [t1,t2,n]    = [      0.0,       0.0,       0.0] mm       commanded: p_c - p_TCP, in the plane
setup:     t=  0.0 s | ee=  0.0 deg | F=  0.2 N | M=  0.0 Nm (limit 150.0) | contact= 19.8 mm
setup:     t=  0.2 s | ee=  0.8 deg | F=  0.2 N | M=  0.8 Nm (limit 150.0) | contact=  7.8 mm
setup:     t=  0.4 s | ee=  1.5 deg | F= 16.9 N | M=  0.3 Nm (limit 150.0) | contact=  3.3 mm
setup:     t=  0.6 s | ee=  1.5 deg | F= 14.4 N | M=  0.5 Nm (limit 150.0) | contact=  3.3 mm
setup:     t=  0.8 s | ee=  1.5 deg | F= 20.1 N | M=  0.4 Nm (limit 150.0) | contact=  3.5 mm
setup:     t=  1.0 s | ee=  1.5 deg | F= 26.2 N | M=  0.4 Nm (limit 150.0) | contact=  3.6 mm
setup:     t=  1.2 s | ee=  1.5 deg | F= 32.0 N | M=  0.4 Nm (limit 150.0) | contact=  3.8 mm
setup:     t=  1.4 s | ee=  1.5 deg | F= 37.5 N | M=  0.5 Nm (limit 150.0) | contact=  4.0 mm
setup:     t=  1.6 s | ee=  1.6 deg | F= 42.9 N | M=  0.5 Nm (limit 150.0) | contact=  4.1 mm
setup:     t=  1.8 s | ee=  1.6 deg | F= 48.6 N | M=  0.7 Nm (limit 150.0) | contact=  4.3 mm
setup:     t=  2.0 s | ee=  1.6 deg | F= 54.2 N | M=  0.8 Nm (limit 150.0) | contact=  4.4 mm
setup:     t=  2.2 s | ee=  1.6 deg | F= 59.7 N | M=  1.0 Nm (limit 150.0) | contact=  4.6 mm
setup:     t=  2.4 s | ee=  1.7 deg | F= 65.7 N | M=  1.1 Nm (limit 150.0) | contact=  4.8 mm
setup:     t=  2.6 s | ee=  1.7 deg | F= 71.3 N | M=  1.2 Nm (limit 150.0) | contact=  4.9 mm
setup:     t=  2.8 s | ee=  1.9 deg | F= 75.6 N | M=  1.4 Nm (limit 150.0) | contact=  5.0 mm
setup:     t=  3.0 s | ee=  2.2 deg | F= 83.1 N | M=  1.8 Nm (limit 150.0) | contact=  5.1 mm
setup:     t=  3.2 s | ee=  2.9 deg | F= 85.8 N | M=  1.6 Nm (limit 150.0) | contact=  5.2 mm
setup:     t=  3.4 s | ee=  5.0 deg | F= 78.1 N | M=  1.5 Nm (limit 150.0) | contact=  4.9 mm
setup:     t=  3.6 s | ee=  7.0 deg | F= 77.4 N | M=  1.4 Nm (limit 150.0) | contact=  4.9 mm
setup:     t=  3.8 s | ee=  7.6 deg | F= 77.5 N | M=  1.0 Nm (limit 150.0) | contact=  4.9 mm
setup:     t=  4.0 s | ee=  7.6 deg | F= 77.7 N | M=  1.0 Nm (limit 150.0) | contact=  4.9 mm
setup:     t=  4.2 s | ee=  7.6 deg | F= 77.7 N | M=  1.0 Nm (limit 150.0) | contact=  4.9 mm
setup:     t=  4.4 s | ee=  7.6 deg | F= 77.7 N | M=  1.0 Nm (limit 150.0) | contact=  4.9 mm
setup:     t=  4.6 s | ee=  7.6 deg | F= 77.7 N | M=  1.0 Nm (limit 150.0) | contact=  4.9 mm
setup:     t=  4.8 s | ee=  7.6 deg | F= 77.7 N | M=  1.0 Nm (limit 150.0) | contact=  4.9 mm

==============================================================================
  SETUP RESULT
==============================================================================
  stop: time | t=5.0 s | ee=7.6 deg | F=77.9 N | M_TCP=0.9 Nm
  contact_from_start = [-3.0, +0.3, -3.9] mm | norm=4.9 mm
  tcp_from_contact  = [-20.7, +60.4, +17.9] mm | norm=66.3 mm
  deviation: before=9.27 deg | after=3.28 deg | gain=+5.98 deg
  t_align: not reached | tolerance=2.00 deg | hold=0.30 s
  t_align_fraction: 3.47 s | fraction=0.50 of the deviation at contact
  deviation_min: 3.28 deg at t=3.71 s
  align_status: not_aligned
  deviation components [t1,t2,n] deg: before=[-9.26,-0.50,+0.00] | after=[-1.99,-2.61,+0.00]

-- setup surface-frame breakdown ---------------------------------------------
  frame              alignment-target [tangent1, tangent2, normal]
  force        [N]      = [    +1.06,     -7.48,    -77.51]
  tcp_disp     [mm]     = [    -1.80,     +3.81,    -30.46]
  contact_disp [mm]     = [    -2.93,     +0.40,     -3.89]
  Kp_eff=F/tcp [N/m]    = [   -589.8,   -1965.7,    2544.4]
  M_contact    [Nm]     = [    -5.01,     -0.64,     +0.20]
  ee_angle     [deg]    = [    +7.27,     -2.14,     +0.15]
  KR_eff=M/ang [Nm/rad] = [    -39.5,      17.0,      79.1]
  frame              tool face [length, width, tool axis]
  M_contact    [Nm]     = [    +0.66,     +5.01,     +0.00]

-- center of compliance ------------------------------------------------------
  definition         r_c = p_c - p_TCP
  p_TCP [x,y,z]    = [    513.9,       5.0,      19.2] mm
  p_c [EE]         = [      0.0,       0.0,       0.0] mm
  r_c [t1,t2,n]    = [      0.0,       0.0,       0.0] mm
                     p_c resolved at end of setup

-- effective TCP impedance ---------------------------------------------------
  K_TCP translation = [   1999.5,    1998.7,     351.8] N/m
  K_TCP rotation   = [      5.0,       5.0,      50.0] Nm/rad
  commanded KR was = [      5.0,       5.0,      50.0] Nm/rad   including lever contribution
  D_TCP translation = [    231.2,     177.9,     112.2] Ns/m
  D_TCP rotation   = [      1.5,       1.9,       1.2] Nms/rad
  coupling           max |moment per unit translation| = 0.0 Nm/m (K), 0.0 Nms/m (D)
  eigenvalues        K_TCP 5.00 .. 2000 | D_TCP 1.20 .. 231  (both positive: valid springs)

  K_TCP [N/m, Nm/rad | rows fx..mz, cols tx..rz]:
           tx        ty        tz    |    rx        ry        rz
  fx [    2000  -0.7871   -28.44 |        0        0        0 ]
  fy [ -0.7871     1999   -45.62 |        0        0        0 ]
  fz [  -28.44   -45.62    351.8 |        0        0        0 ]
     ---------------------------+---------------------------
  mx [       0        0        0 |    5.013  0.02147   0.7756 ]
  my [       0        0        0 |  0.02147    5.034    1.244 ]
  mz [       0        0        0 |   0.7756    1.244    49.95 ]

  D_TCP [Ns/m, Nms/rad]:
           tx        ty        tz    |    rx        ry        rz
  fx [   231.2 -0.05679   -2.052 |        0        0        0 ]
  fy [-0.05679    177.9   -1.818 |        0        0        0 ]
  fz [  -2.052   -1.818    112.2 |        0        0        0 ]
     ---------------------------+---------------------------
  mx [       0        0        0 |    1.487 -0.0001366 -0.004937 ]
  my [       0        0        0 | -0.0001366    1.898  -0.0193 ]
  mz [       0        0        0 | -0.004937  -0.0193    1.201 ]

[GATE] Set up finished (still pressing). Press Enter to start the grind (e+Enter stops).

Stop requested with e + Enter. Finishing control loop...

-- joint motion [deg] --------------------------------------------------------
  joint       start    final    delta
  q1            0.8      5.6     +4.8
  q2           12.1     30.2    +18.1
  q3           -0.5     -4.5     -3.9
  q4         -130.9   -128.8     +2.2
  q5           -0.2      5.5     +5.7
  q6          142.8    153.7    +10.8
  q7           44.7     42.0     -2.7

==============================================================================
  FINAL RESULT
==============================================================================
  p_d              = [    511.7,      -5.1,    -210.1] mm
  p_EE             = [    513.9,       5.0,      19.1] mm
  e_p              = [     -2.2,     -10.2,    -229.2] mm
  e_R              = [     7.27,     -2.14,      0.08] deg
------------------------------------------------------------------------------
  position error     229.45 mm
  rotation error     7.58 deg
  csv                logs/surface_grinding_controller_log.csv
------------------------------------------------------------------------------
