
==============================================================================
  SURFACE GRINDING CONTROLLER
==============================================================================
  robot              172.16.0.2
  parameters         /home/hm-panda/Desktop/Thesis_Final_Control/surface_grinding_controller/params
------------------------------------------------------------------------------

==============================================================================
  SURFACE GRINDING CONTROLLER - STARTUP MENU
==============================================================================

-- RUN MODES -----------------------------------------------------------------
  s      Run orientation, approach, setup, and grinding
  h      Cartesian pose hold at the initial posture
  t      Cartesian pose hold with the setup impedance
  g      Start manual guidance from the current robot pose

-- ROBOT PREPARATION ---------------------------------------------------------
  i      Move to the configured initial joint posture

-- GRIPPER AND TOOL ----------------------------------------------------------
  o      Open the gripper
  c      Grasp the tool
  r      Recalibrate the gripper with empty fingers
  f      Pick up the tool from the holder
  b      Return the tool to the holder

-- PROGRAM -------------------------------------------------------------------
  e      Exit
------------------------------------------------------------------------------
  During control: e = stop | m = startup menu | g = guidance
------------------------------------------------------------------------------
Selection [s/h/t/g/i/o/c/r/f/b/e]: 
-- SELECTED MODE: PHASE SEQUENCE ---------------------------------------------

-- moving to q_init ----------------------------------------------------------
  case               saved_qinit
  q1..q7 [deg]     = [0.8, 12.1, -0.5, -130.9, -0.2, 142.9, 44.7] deg
  saved_qinit = [0.014777, 0.210911, -0.009320, -2.284835, -0.002725, 2.493410, 0.780694] rad
  q_init reached.

-- start pose ----------------------------------------------------------------
  q_start          = [0.9, 12.1, -0.5, -130.9, -0.1, 142.9, 44.7] deg
  p_start          = [    531.3,       2.5,     156.8] mm

==============================================================================
  RUN
==============================================================================

-- phase: approach_orient ----------------------------------------------------
  Kp [t1,t2,n]     = [    150.0,     150.0,     150.0] N/m
  Dp [t1,t2,n]     = [    133.7,      94.2,     128.3] Ns/m     auto (factor 1.90)
  KR [t1,t2,n]     = [    300.0,     300.0,      90.0] Nm/rad
  DR [t1,t2,n]     = [     19.8,      32.3,       2.0] Nms/rad  auto (factor 1.90)
orient:     t=  0.0 s | axis_err=  8.5 deg | spin_err=  0.5 deg
orient:     t=  0.2 s | axis_err=  6.5 deg | spin_err=  0.2 deg
orient:     t=  0.4 s | axis_err=  2.5 deg | spin_err=  0.2 deg
orient:     t=  0.6 s | axis_err=  0.6 deg | spin_err=  0.1 deg
orient:     t=  0.8 s | axis_err=  0.5 deg | spin_err=  0.2 deg

Orientation reached: axis_err=0.5 deg | spin_err=0.2 deg

-- phase: approach_descend ---------------------------------------------------
  Kp [t1,t2,n]     = [    150.0,     150.0,     150.0] N/m
  Dp [t1,t2,n]     = [    133.7,      94.2,     128.3] Ns/m     auto (factor 1.90)
  KR [t1,t2,n]     = [    300.0,     300.0,      90.0] Nm/rad
  DR [t1,t2,n]     = [     19.8,      32.3,       2.0] Nms/rad  auto (factor 1.90)
  descend to         20 mm clearance at 0.100 m/s
descend:    t=  0.0 s | distance=   0.1 mm | height=+119.7 mm (target 20.0) | force= -0.1 N
descend:    t=  0.2 s | distance=  20.2 mm | height=+109.6 mm (target 20.0) | force=  2.2 N
descend:    t=  0.4 s | distance=  40.3 mm | height= +94.7 mm (target 20.0) | force=  1.7 N
descend:    t=  0.6 s | distance=  60.4 mm | height= +78.2 mm (target 20.0) | force=  1.5 N
descend:    t=  0.8 s | distance=  80.5 mm | height= +61.3 mm (target 20.0) | force=  2.3 N
descend:    t=  1.0 s | distance= 100.6 mm | height= +44.3 mm (target 20.0) | force=  3.0 N
descend:    t=  1.2 s | distance= 120.7 mm | height= +27.1 mm (target 20.0) | force=  2.5 N

Clearance reached: distance=129.4 mm | height=20.0 mm | target=20.0 mm | force=2.2 N
  offset_ee        = [     20.0,      60.0,      20.0] mm
  p_EE_at_contact  = [    519.6,       1.5,      50.0] mm
  contact_point    = [    538.2,     -55.8,       1.3] mm
  edge_offset      = [     18.6,     -57.3,     -48.7] mm

-- phase: setup --------------------------------------------------------------

-- setup impedance -----------------------------------------------------------
  law                wrench = K_TCP*dx + D_TCP*dv
                     K_TCP  = Ad(r_c)^T * blkdiag(Kp,KR) * Ad(r_c)
  Kp [t1,t2,n]     = [   2000.0,    2000.0,     350.0] N/m
  Dp [t1,t2,n]     = [    231.2,     178.3,     111.8] Ns/m     auto
  KR [t1,t2,n]     = [      5.0,       5.0,      50.0] Nm/rad
  DR [t1,t2,n]     = [      1.5,       1.9,       1.2] Nms/rad  auto
  p_c [EE]         = [     -0.0,     -50.0,      -0.0] mm       commanded in the tool frame
  r_c [t1,t2,n]    = [      0.1,     -49.4,      -8.0] mm       p_TCP - p_c, in the plane
setup:     t=  0.0 s | tip=  0.0 deg | F=  0.3 N | M=  0.1 Nm (limit 150.0) | contact= 19.9 mm
setup:     t=  0.2 s | tip=  1.0 deg | F=  2.7 N | M=  1.1 Nm (limit 150.0) | contact=  7.2 mm
setup:     t=  0.4 s | tip=  1.6 deg | F= 20.9 N | M= 11.1 Nm (limit 150.0) | contact=  3.5 mm
setup:     t=  0.6 s | tip=  1.7 deg | F= 16.6 N | M=  9.4 Nm (limit 150.0) | contact=  3.6 mm
setup:     t=  0.8 s | tip=  1.7 deg | F= 21.6 N | M= 12.1 Nm (limit 150.0) | contact=  3.7 mm
setup:     t=  1.0 s | tip=  1.7 deg | F= 26.8 N | M= 14.7 Nm (limit 150.0) | contact=  3.8 mm
setup:     t=  1.2 s | tip=  1.8 deg | F= 32.0 N | M= 17.3 Nm (limit 150.0) | contact=  4.0 mm
setup:     t=  1.4 s | tip=  2.1 deg | F= 37.9 N | M= 20.3 Nm (limit 150.0) | contact=  4.0 mm
setup:     t=  1.6 s | tip=  2.6 deg | F= 42.2 N | M= 22.6 Nm (limit 150.0) | contact=  4.1 mm
setup:     t=  1.8 s | tip=  4.3 deg | F= 45.0 N | M= 24.0 Nm (limit 150.0) | contact=  4.2 mm
setup:     t=  2.0 s | tip=  7.2 deg | F= 47.5 N | M= 25.6 Nm (limit 150.0) | contact=  4.3 mm
setup:     t=  2.2 s | tip=  8.5 deg | F= 55.1 N | M= 30.3 Nm (limit 150.0) | contact=  4.1 mm
setup:     t=  2.4 s | tip=  8.5 deg | F= 60.6 N | M= 33.0 Nm (limit 150.0) | contact=  4.4 mm
setup:     t=  2.6 s | tip=  8.5 deg | F= 66.7 N | M= 36.0 Nm (limit 150.0) | contact=  4.5 mm
setup:     t=  2.8 s | tip=  8.5 deg | F= 72.0 N | M= 38.7 Nm (limit 150.0) | contact=  4.7 mm
setup:     t=  3.0 s | tip=  8.5 deg | F= 77.5 N | M= 41.5 Nm (limit 150.0) | contact=  4.8 mm
setup:     t=  3.2 s | tip=  8.5 deg | F= 82.8 N | M= 44.2 Nm (limit 150.0) | contact=  4.9 mm
setup:     t=  3.4 s | tip=  8.5 deg | F= 77.6 N | M= 41.9 Nm (limit 150.0) | contact=  4.8 mm
setup:     t=  3.6 s | tip=  8.5 deg | F= 77.5 N | M= 41.8 Nm (limit 150.0) | contact=  4.8 mm
setup:     t=  3.8 s | tip=  8.5 deg | F= 77.4 N | M= 41.8 Nm (limit 150.0) | contact=  4.8 mm
setup:     t=  4.0 s | tip=  8.5 deg | F= 77.3 N | M= 41.7 Nm (limit 150.0) | contact=  4.8 mm
setup:     t=  4.2 s | tip=  8.5 deg | F= 77.3 N | M= 41.7 Nm (limit 150.0) | contact=  4.8 mm
setup:     t=  4.4 s | tip=  8.5 deg | F= 77.3 N | M= 41.7 Nm (limit 150.0) | contact=  4.8 mm
setup:     t=  4.6 s | tip=  8.5 deg | F= 77.3 N | M= 41.7 Nm (limit 150.0) | contact=  4.8 mm
setup:     t=  4.8 s | tip=  8.5 deg | F= 77.2 N | M= 41.6 Nm (limit 150.0) | contact=  4.8 mm

==============================================================================
  SETUP RESULT
==============================================================================
  stop: time | t=5.0 s | tip=8.5 deg | F=77.2 N | M=41.6 Nm
  contact_from_start = [-3.1, +0.3, -3.7] mm | norm=4.8 mm
  tcp_from_contact  = [-20.7, +60.7, +17.4] mm | norm=66.4 mm
  alignment: before=9.60 deg | after=3.03 deg | gain=+6.56 deg
  alignment components [t1,t2,n] deg: before=[-9.59,-0.34,+0.00] | after=[-1.44,-2.67,-0.00]

-- setup surface-frame breakdown ---------------------------------------------
  frame              alignment-target [tangent1, tangent2, normal]
  force        [N]      = [    +4.38,     -7.82,    -76.64]
  tcp_disp     [mm]     = [    -1.61,     +4.28,    -31.26]
  contact_disp [mm]     = [    -2.99,     +0.44,     -3.78]
  Kp_eff=F/tcp [N/m]    = [  -2720.2,   -1827.0,    2451.9]
  M_contact    [Nm]     = [    -9.20,    +39.86,     -4.12]
  tip_angle    [deg]    = [    +8.17,     -2.38,     +0.29]
  KR_eff=M/ang [Nm/rad] = [    -64.5,    -960.2,    -821.7]
  frame              tool face [length, width, tool axis]
  M_contact    [Nm]     = [   -39.67,     +9.26,     +5.54]

-- center of compliance ------------------------------------------------------
  definition         r_c = p_TCP - p_c
  p_TCP [x,y,z]    = [    517.5,       4.9,      18.7] mm
  p_c [EE]         = [     -0.0,     -50.0,      -0.0] mm
  r_c [t1,t2,n]    = [     -0.4,     -50.0,      -0.9] mm
                     p_c resolved at end of setup

-- effective TCP impedance ---------------------------------------------------
  K_TCP translation = [   1999.5,    1998.7,     351.8] N/m
  K_TCP rotation   = [      5.9,       5.0,      55.0] Nm/rad
  commanded KR was = [      5.0,       5.0,      50.0] Nm/rad   including lever contribution
  D_TCP translation = [    231.2,     178.2,     111.9] Ns/m
  D_TCP rotation   = [      1.8,       1.9,       1.8] Nms/rad
  coupling           max |moment per unit translation| = 100.0 Nm/m (K), 11.6 Nms/m (D)
  eigenvalues        K_TCP 4.99 .. 2005 | D_TCP 1.22 .. 232  (both positive: valid springs)

  K_TCP [N/m, Nm/rad | rows fx..mz, cols tx..rz]:
           tx        ty        tz    |    rx        ry        rz
  fx [    2000  -0.7871   -28.44 |   -1.422  -0.9648   -99.97 ]
  fy [ -0.7871     1999   -45.62 |   -1.305  0.01807   0.8141 ]
  fz [  -28.44   -45.62    351.8 |    17.56  -0.1225    1.404 ]
     ---------------------------+---------------------------
  mx [  -1.422   -1.305    17.56 |    5.891  0.01535   0.8462 ]
  my [ -0.9648  0.01807  -0.1225 |  0.01535    5.035    1.292 ]
  mz [  -99.97   0.8141    1.404 |   0.8462    1.292    54.95 ]

  D_TCP [Ns/m, Nms/rad]:
           tx        ty        tz    |    rx        ry        rz
  fx [   231.2 -0.05696   -2.058 |  -0.1029   -0.112   -11.56 ]
  fy [-0.05696    178.2   -1.836 | -0.004808 0.0007394  0.07192 ]
  fz [  -2.058   -1.836    111.9 |    5.595 -0.04238   0.1022 ]
     ---------------------------+---------------------------
  mx [ -0.1029 -0.004808    5.595 |    1.776 -0.002247 0.0004868 ]
  my [  -0.112 0.0007394 -0.04238 | -0.002247    1.892 -0.01282 ]
  mz [  -11.56  0.07192   0.1022 | 0.0004868 -0.01282    1.804 ]

[GATE] Set up finished (still pressing). Press Enter to start the grind (e+Enter stops).

Stop requested with e + Enter. Finishing control loop...

-- joint motion [deg] --------------------------------------------------------
  joint       start    final    delta
  q1            0.9      5.7     +4.9
  q2           12.1     30.6    +18.5
  q3           -0.5     -4.6     -4.0
  q4         -130.9   -128.0     +2.9
  q5           -0.1      4.3     +4.5
  q6          142.9    153.3    +10.4
  q7           44.7     43.2     -1.5

==============================================================================
  FINAL RESULT
==============================================================================
  p_d              = [    515.1,      -5.7,    -209.8] mm
  p_EE             = [    517.5,       4.9,      18.7] mm
  e_p              = [     -2.3,     -10.6,    -228.5] mm
  e_R              = [     8.17,     -2.37,      0.21] deg
------------------------------------------------------------------------------
  position error     228.79 mm
  rotation error     8.51 deg
  csv                logs/surface_grinding_controller_log.csv
------------------------------------------------------------------------------
