
==============================================================================
  SURFACE GRINDING CONTROLLER
==============================================================================
  robot              172.16.0.2
  parameters         /home/hm-panda/Desktop/Thesis_Final_Control/surface_grinding_controller/params
------------------------------------------------------------------------------

==============================================================================
  SURFACE GRINDING CONTROLLER - STARTUP MENU
==============================================================================

-- RUN MODES -----------------------------------------------------------------
  s      Run orientation, approach, setup, and grinding
  h      Cartesian pose hold at the initial posture
  t      Cartesian pose hold with the setup impedance
  g      Start manual guidance from the current robot pose

-- ROBOT PREPARATION ---------------------------------------------------------
  i      Move to the configured initial joint posture

-- GRIPPER AND TOOL ----------------------------------------------------------
  o      Open the gripper
  c      Grasp the tool
  r      Recalibrate the gripper with empty fingers
  f      Pick up the tool from the holder
  b      Return the tool to the holder

-- PROGRAM -------------------------------------------------------------------
  e      Exit
------------------------------------------------------------------------------
  During control: e = stop | m = startup menu | g = guidance
------------------------------------------------------------------------------
Selection [s/h/t/g/i/o/c/r/f/b/e]: 
-- SELECTED MODE: PHASE SEQUENCE ---------------------------------------------

-- moving to q_init ----------------------------------------------------------
  case               saved_qinit
  q1..q7 [deg]     = [0.8, 12.1, -0.5, -130.9, -0.2, 142.9, 44.7] deg
  saved_qinit = [0.014777, 0.210911, -0.009320, -2.284835, -0.002725, 2.493410, 0.780694] rad
  q_init reached.

-- start pose ----------------------------------------------------------------
  q_start          = [0.8, 12.1, -0.5, -130.9, -0.2, 142.8, 44.7] deg
  p_start          = [    531.1,       2.4,     156.7] mm

==============================================================================
  RUN
==============================================================================

-- phase: approach_orient ----------------------------------------------------
  Kp [t1,t2,n]     = [    150.0,     150.0,     150.0] N/m
  Dp [t1,t2,n]     = [    133.7,      94.2,     128.3] Ns/m     auto (factor 1.90)
  KR [t1,t2,n]     = [    180.0,     180.0,      90.0] Nm/rad
  DR [t1,t2,n]     = [     15.3,      25.0,       2.0] Nms/rad  auto (factor 1.90)
orient:     t=  0.0 s | axis_err=  7.9 deg | spin_err=  0.9 deg
orient:     t=  0.2 s | axis_err=  6.6 deg | spin_err=  0.7 deg
orient:     t=  0.4 s | axis_err=  3.3 deg | spin_err=  0.3 deg
orient:     t=  0.6 s | axis_err=  1.4 deg | spin_err=  0.2 deg
orient:     t=  0.8 s | axis_err=  1.1 deg | spin_err=  0.2 deg
orient:     t=  1.0 s | axis_err=  1.0 deg | spin_err=  0.2 deg
orient:     t=  1.2 s | axis_err=  0.9 deg | spin_err=  0.2 deg
orient:     t=  1.4 s | axis_err=  0.9 deg | spin_err=  0.2 deg
orient:     t=  1.6 s | axis_err=  0.9 deg | spin_err=  0.2 deg

Orientation reached: axis_err=0.9 deg | spin_err=0.2 deg

-- phase: approach_descend ---------------------------------------------------
  Kp [t1,t2,n]     = [    150.0,     150.0,     150.0] N/m
  Dp [t1,t2,n]     = [    133.7,      94.2,     128.3] Ns/m     auto (factor 1.90)
  KR [t1,t2,n]     = [    180.0,     180.0,      90.0] Nm/rad
  DR [t1,t2,n]     = [     15.3,      25.0,       2.0] Nms/rad  auto (factor 1.90)
  descend to         20 mm clearance at 0.100 m/s
descend:    t=  0.0 s | distance=   0.1 mm | height=+137.7 mm (target 20.0) | force= -0.0 N
descend:    t=  0.2 s | distance=  20.2 mm | height=+126.6 mm (target 20.0) | force=  0.0 N
descend:    t=  0.4 s | distance=  40.3 mm | height=+109.4 mm (target 20.0) | force= -0.4 N
descend:    t=  0.6 s | distance=  60.4 mm | height= +91.4 mm (target 20.0) | force=  0.2 N
descend:    t=  0.8 s | distance=  80.5 mm | height= +72.9 mm (target 20.0) | force=  0.7 N
descend:    t=  1.0 s | distance= 100.6 mm | height= +54.2 mm (target 20.0) | force= -0.4 N
descend:    t=  1.2 s | distance= 120.7 mm | height= +35.3 mm (target 20.0) | force=  0.9 N

Clearance reached: distance=137.0 mm | height=19.9 mm | target=20.0 mm | force=-1.8 N
  offset_ee        = [    -20.0,      60.0,      20.0] mm
  p_EE_at_contact  = [    534.9,      -3.9,      42.9] mm
  contact_point    = [    517.4,     -64.9,       1.9] mm
  edge_offset      = [    -17.5,     -61.0,     -41.0] mm

-- phase: setup --------------------------------------------------------------

-- setup impedance -----------------------------------------------------------
  law                wrench = K_TCP*dx + D_TCP*dv
                     K_TCP  = Ad(r_c)^T * blkdiag(Kp,KR) * Ad(r_c)
  Kp [t1,t2,n]     = [   2000.0,    2000.0,     350.0] N/m
  Dp [t1,t2,n]     = [    227.8,     160.2,     115.5] Ns/m     auto
  KR [t1,t2,n]     = [      5.0,       5.0,      50.0] Nm/rad
  DR [t1,t2,n]     = [      1.6,       1.9,       1.0] Nms/rad  auto
  p_c [EE]         = [     40.0,       0.0,       0.0] mm       commanded in the tool frame
  r_c [t1,t2,n]    = [    -39.6,      -0.1,      -5.6] mm       p_TCP - p_c, in the plane
setup:     t=  0.0 s | ee=  0.0 deg | F=  0.1 N | M=  0.0 Nm (limit 150.0) | contact= 19.8 mm
setup:     t=  0.2 s | ee=  0.6 deg | F=  2.4 N | M=  0.7 Nm (limit 150.0) | contact=  6.9 mm
setup:     t=  0.4 s | ee=  0.9 deg | F= 13.3 N | M=  0.9 Nm (limit 150.0) | contact=  3.8 mm
setup:     t=  0.6 s | ee=  0.9 deg | F= 17.9 N | M=  1.0 Nm (limit 150.0) | contact=  3.4 mm
setup:     t=  0.8 s | ee=  0.9 deg | F= 23.3 N | M=  1.0 Nm (limit 150.0) | contact=  2.6 mm
setup:     t=  1.0 s | ee=  0.9 deg | F= 28.4 N | M=  1.2 Nm (limit 150.0) | contact=  1.3 mm
setup:     t=  1.2 s | ee=  1.0 deg | F= 34.5 N | M=  1.2 Nm (limit 150.0) | contact=  0.9 mm
setup:     t=  1.4 s | ee=  1.0 deg | F= 40.9 N | M=  1.3 Nm (limit 150.0) | contact=  2.2 mm
setup:     t=  1.6 s | ee=  1.4 deg | F= 45.9 N | M=  1.5 Nm (limit 150.0) | contact=  2.5 mm
setup:     t=  1.8 s | ee=  1.6 deg | F= 51.7 N | M=  1.8 Nm (limit 150.0) | contact=  2.7 mm
setup:     t=  2.0 s | ee=  1.7 deg | F= 57.5 N | M=  1.9 Nm (limit 150.0) | contact=  2.8 mm
setup:     t=  2.2 s | ee=  1.9 deg | F= 62.6 N | M=  2.1 Nm (limit 150.0) | contact=  2.9 mm
setup:     t=  2.4 s | ee=  2.5 deg | F= 67.3 N | M=  2.3 Nm (limit 150.0) | contact=  2.8 mm
setup:     t=  2.6 s | ee=  3.6 deg | F= 72.3 N | M=  2.3 Nm (limit 150.0) | contact=  2.7 mm
setup:     t=  2.8 s | ee=  5.1 deg | F= 77.4 N | M=  2.6 Nm (limit 150.0) | contact=  2.8 mm
setup:     t=  3.0 s | ee=  6.9 deg | F= 81.9 N | M=  2.4 Nm (limit 150.0) | contact=  3.1 mm
setup:     t=  3.2 s | ee=  8.2 deg | F= 88.7 N | M=  2.5 Nm (limit 150.0) | contact=  3.1 mm
setup:     t=  3.4 s | ee=  9.3 deg | F= 82.3 N | M=  2.6 Nm (limit 150.0) | contact=  2.7 mm
setup:     t=  3.6 s | ee=  9.8 deg | F= 82.0 N | M=  2.7 Nm (limit 150.0) | contact=  2.9 mm
setup:     t=  3.8 s | ee=  9.8 deg | F= 82.0 N | M=  2.5 Nm (limit 150.0) | contact=  2.9 mm
setup:     t=  4.0 s | ee=  9.8 deg | F= 82.0 N | M=  2.5 Nm (limit 150.0) | contact=  2.9 mm
setup:     t=  4.2 s | ee=  9.8 deg | F= 82.0 N | M=  2.5 Nm (limit 150.0) | contact=  2.9 mm
setup:     t=  4.4 s | ee=  9.8 deg | F= 81.9 N | M=  2.4 Nm (limit 150.0) | contact=  2.9 mm
setup:     t=  4.6 s | ee=  9.8 deg | F= 81.9 N | M=  2.4 Nm (limit 150.0) | contact=  2.9 mm
setup:     t=  4.8 s | ee=  9.8 deg | F= 82.0 N | M=  2.4 Nm (limit 150.0) | contact=  2.9 mm

==============================================================================
  SETUP RESULT
==============================================================================
  stop: time | t=5.0 s | ee=9.8 deg | F=82.0 N | M_TCP=2.4 Nm
  contact_from_start = [-2.1, -0.3, -2.0] mm | norm=2.9 mm
  tcp_from_contact  = [+19.4, +59.6, +16.7] mm | norm=64.9 mm
  deviation: before=9.58 deg | after=1.62 deg | gain=+7.96 deg
  t_align: 3.23 s | tolerance=2.00 deg | hold=0.30 s
  t_align_fraction: 2.80 s | fraction=0.50 of the deviation at contact
  deviation_min: 1.61 deg at t=3.51 s
  align_status: aligned
  deviation components [t1,t2,n] deg: before=[-0.85,+9.54,-0.00] | after=[-1.61,-0.18,+0.00]

-- setup surface-frame breakdown ---------------------------------------------
  frame              alignment-target [tangent1, tangent2, normal]
  force        [N]      = [    -4.91,     +2.70,    -81.77]
  tcp_disp     [mm]     = [    +2.32,     -0.76,    -24.35]
  contact_disp [mm]     = [    -2.08,     -0.23,     -2.05]
  Kp_eff=F/tcp [N/m]    = [  -2121.5,   -3558.2,    3358.7]
  M_contact    [Nm]     = [    -4.78,     +4.03,     +0.83]
  ee_angle     [deg]    = [    -0.82,     -9.73,     +0.64]
  KR_eff=M/ang [Nm/rad] = [    334.0,     -23.7,      74.1]
  frame              tool face [length, width, tool axis]
  M_contact    [Nm]     = [    -4.00,     +4.82,     -0.70]

-- center of compliance ------------------------------------------------------
  definition         r_c = p_TCP - p_c
  p_TCP [x,y,z]    = [    536.8,      -5.3,      18.6] mm
  p_c [EE]         = [     40.0,      -0.0,      -0.0] mm
  r_c [t1,t2,n]    = [    -40.0,       0.4,       1.2] mm
                     p_c resolved at end of setup

-- effective TCP impedance ---------------------------------------------------
  K_TCP translation = [   1999.5,    1998.7,     351.8] N/m
  K_TCP rotation   = [      5.0,       5.6,      53.1] Nm/rad
  commanded KR was = [      5.0,       5.0,      50.0] Nm/rad   including lever contribution
  D_TCP translation = [    227.8,     160.2,     115.6] Ns/m
  D_TCP rotation   = [      1.6,       2.1,       1.3] Nms/rad
  coupling           max |moment per unit translation| = 79.9 Nm/m (K), 6.4 Nms/m (D)
  eigenvalues        K_TCP 4.99 .. 2003 | D_TCP 1.01 .. 228  (both positive: valid springs)

  K_TCP [N/m, Nm/rad | rows fx..mz, cols tx..rz]:
           tx        ty        tz    |    rx        ry        rz
  fx [    2000  -0.7871   -28.44 |  0.01097   -2.597   0.8429 ]
  fy [ -0.7871     1999   -45.62 |    3.751    1.824    79.86 ]
  fz [  -28.44   -45.62    351.8 |   -0.239      -14   -1.835 ]
     ---------------------------+---------------------------
  mx [ 0.01097    3.751   -0.239 |     5.02  0.03099   0.9255 ]
  my [  -2.597    1.824      -14 |  0.03099    5.599    1.316 ]
  mz [  0.8429    79.86   -1.835 |   0.9255    1.316    53.14 ]

  D_TCP [Ns/m, Nms/rad]:
           tx        ty        tz    |    rx        ry        rz
  fx [   227.8 -0.05356   -1.935 | 0.0007461  -0.3479  0.09745 ]
  fy [-0.05356    160.2   -1.235 |   0.2996  0.04946    6.401 ]
  fz [  -1.935   -1.235    115.6 | -0.05286   -4.615 -0.05021 ]
     ---------------------------+---------------------------
  mx [0.0007461   0.2996 -0.05286 |    1.625 0.001818  0.00139 ]
  my [ -0.3479  0.04946   -4.615 | 0.001818    2.125 -0.02389 ]
  mz [ 0.09745    6.401 -0.05021 |  0.00139 -0.02389    1.267 ]

[GATE] Set up finished (still pressing). Press Enter to start the grind (e+Enter stops).

Stop requested with e + Enter. Finishing control loop...

-- joint motion [deg] --------------------------------------------------------
  joint       start    final    delta
  q1            0.8     -0.7     -1.6
  q2           12.1     32.0    +19.9
  q3           -0.5      0.2     +0.7
  q4         -130.9   -125.8     +5.1
  q5           -0.2     -1.1     -0.9
  q6          142.8    155.1    +12.3
  q7           44.7     46.0     +1.3

==============================================================================
  FINAL RESULT
==============================================================================
  p_d              = [    530.4,     -11.1,    -216.9] mm
  p_EE             = [    536.8,      -5.3,      18.6] mm
  e_p              = [     -6.4,      -5.8,    -235.4] mm
  e_R              = [    -0.81,     -9.71,      0.92] deg
------------------------------------------------------------------------------
  position error     235.59 mm
  rotation error     9.79 deg
  csv                logs/surface_grinding_controller_log.csv
------------------------------------------------------------------------------
