
==============================================================================
  SURFACE GRINDING CONTROLLER
==============================================================================
  robot              172.16.0.2
  parameters         /home/hm-panda/Desktop/Thesis_Final_Control/surface_grinding_controller/params
------------------------------------------------------------------------------

==============================================================================
  SURFACE GRINDING CONTROLLER - STARTUP MENU
==============================================================================

-- RUN MODES -----------------------------------------------------------------
  s      Run orientation, approach, setup, and grinding
  h      Cartesian pose hold at the initial posture
  t      Cartesian pose hold with the setup impedance
  g      Start manual guidance from the current robot pose

-- ROBOT PREPARATION ---------------------------------------------------------
  i      Move to the configured initial joint posture

-- GRIPPER AND TOOL ----------------------------------------------------------
  o      Open the gripper
  c      Grasp the tool
  r      Recalibrate the gripper with empty fingers
  f      Pick up the tool from the holder
  b      Return the tool to the holder

-- PROGRAM -------------------------------------------------------------------
  e      Exit
------------------------------------------------------------------------------
  During control: e = stop | m = startup menu | g = guidance
------------------------------------------------------------------------------
Selection [s/h/t/g/i/o/c/r/f/b/e]: 
-- SELECTED MODE: PHASE SEQUENCE ---------------------------------------------

-- moving to q_init ----------------------------------------------------------
  case               saved_qinit
  q1..q7 [deg]     = [0.8, 12.1, -0.5, -130.9, -0.2, 142.9, 44.7] deg
  saved_qinit = [0.014777, 0.210911, -0.009320, -2.284835, -0.002725, 2.493410, 0.780694] rad
  q_init reached.

-- start pose ----------------------------------------------------------------
  q_start          = [0.8, 12.1, -0.5, -130.9, -0.2, 142.9, 44.7] deg
  p_start          = [    531.3,       2.5,     156.8] mm

==============================================================================
  RUN
==============================================================================

-- phase: approach_orient ----------------------------------------------------
  Kp [t1,t2,n]     = [    150.0,     150.0,     150.0] N/m
  Dp [t1,t2,n]     = [    133.7,      94.2,     128.3] Ns/m     auto (factor 1.90)
  KR [t1,t2,n]     = [     90.0,      90.0,      90.0] Nm/rad
  DR [t1,t2,n]     = [     10.8,      17.7,       2.0] Nms/rad  auto (factor 1.90)
orient:     t=  0.0 s | axis_err=  3.7 deg | spin_err=  0.7 deg
orient:     t=  0.2 s | axis_err=  3.1 deg | spin_err=  0.2 deg
orient:     t=  0.4 s | axis_err=  1.8 deg | spin_err=  0.2 deg

Orientation reached: axis_err=1.5 deg | spin_err=0.1 deg

-- phase: approach_descend ---------------------------------------------------
  Kp [t1,t2,n]     = [    150.0,     150.0,     150.0] N/m
  Dp [t1,t2,n]     = [    133.7,      94.2,     128.3] Ns/m     auto (factor 1.90)
  KR [t1,t2,n]     = [     90.0,      90.0,      90.0] Nm/rad
  DR [t1,t2,n]     = [     10.8,      17.7,       2.0] Nms/rad  auto (factor 1.90)
  descend to         20 mm clearance at 0.100 m/s
descend:    t=  0.0 s | distance=   0.1 mm | height=+130.5 mm (target 20.0) | force= -0.0 N
descend:    t=  0.2 s | distance=  20.1 mm | height=+118.8 mm (target 20.0) | force=  0.7 N
descend:    t=  0.4 s | distance=  40.1 mm | height=+102.3 mm (target 20.0) | force=  1.5 N
descend:    t=  0.6 s | distance=  60.2 mm | height= +84.8 mm (target 20.0) | force=  0.9 N
descend:    t=  0.8 s | distance=  80.3 mm | height= +66.9 mm (target 20.0) | force=  1.5 N
descend:    t=  1.0 s | distance= 100.4 mm | height= +49.2 mm (target 20.0) | force=  0.6 N
descend:    t=  1.2 s | distance= 120.5 mm | height= +31.5 mm (target 20.0) | force=  2.7 N

Clearance reached: distance=133.0 mm | height=20.0 mm | target=20.0 mm | force=2.3 N
  offset_ee        = [     20.0,      60.0,      20.0] mm
  p_EE_at_contact  = [    520.9,       3.2,      43.7] mm
  contact_point    = [    539.9,     -56.7,       1.3] mm
  edge_offset      = [     19.0,     -59.9,     -42.5] mm

-- phase: setup --------------------------------------------------------------

-- setup impedance -----------------------------------------------------------
  law                wrench = K_TCP*dx + D_TCP*dv
                     K_TCP  = Ad(r_c)^T * blkdiag(Kp,KR) * Ad(r_c)
  Kp [t1,t2,n]     = [   2000.0,    2000.0,     350.0] N/m
  Dp [t1,t2,n]     = [    231.6,     171.5,     112.9] Ns/m     auto
  KR [t1,t2,n]     = [      5.0,       5.0,      50.0] Nm/rad
  DR [t1,t2,n]     = [      1.4,       2.0,       0.9] Nms/rad  auto
  p_c [EE]         = [      0.0,       0.0,       0.0] mm       resolved in the tool frame
  r_c [t1,t2,n]    = [      0.0,       0.0,       0.0] mm       commanded: p_TCP - p_c, in the plane
setup:     t=  0.0 s | tip=  0.0 deg | F=  0.0 N | M=  0.0 Nm (limit 150.0) | contact= 19.9 mm
setup:     t=  0.2 s | tip=  0.8 deg | F=  0.5 N | M=  0.4 Nm (limit 150.0) | contact=  7.2 mm
setup:     t=  0.4 s | tip=  1.4 deg | F= 16.0 N | M=  8.6 Nm (limit 150.0) | contact=  2.5 mm
setup:     t=  0.6 s | tip=  1.4 deg | F= 15.2 N | M=  8.2 Nm (limit 150.0) | contact=  2.6 mm
setup:     t=  0.8 s | tip=  1.4 deg | F= 20.7 N | M= 11.0 Nm (limit 150.0) | contact=  2.7 mm
setup:     t=  1.0 s | tip=  1.4 deg | F= 26.0 N | M= 13.8 Nm (limit 150.0) | contact=  2.9 mm
setup:     t=  1.2 s | tip=  1.5 deg | F= 31.6 N | M= 16.8 Nm (limit 150.0) | contact=  3.1 mm
setup:     t=  1.4 s | tip=  1.5 deg | F= 37.7 N | M= 20.0 Nm (limit 150.0) | contact=  3.2 mm
setup:     t=  1.6 s | tip=  1.6 deg | F= 43.5 N | M= 23.0 Nm (limit 150.0) | contact=  3.4 mm
setup:     t=  1.8 s | tip=  1.9 deg | F= 47.3 N | M= 25.1 Nm (limit 150.0) | contact=  3.6 mm
setup:     t=  2.0 s | tip=  2.6 deg | F= 52.6 N | M= 27.9 Nm (limit 150.0) | contact=  3.8 mm
setup:     t=  2.2 s | tip=  2.6 deg | F= 58.8 N | M= 30.9 Nm (limit 150.0) | contact=  3.9 mm
setup:     t=  2.4 s | tip=  2.6 deg | F= 64.9 N | M= 33.9 Nm (limit 150.0) | contact=  4.0 mm
setup:     t=  2.6 s | tip=  2.7 deg | F= 70.3 N | M= 36.8 Nm (limit 150.0) | contact=  4.2 mm
setup:     t=  2.8 s | tip=  2.7 deg | F= 76.1 N | M= 39.8 Nm (limit 150.0) | contact=  4.3 mm
setup:     t=  3.0 s | tip=  2.7 deg | F= 81.5 N | M= 42.6 Nm (limit 150.0) | contact=  4.5 mm
setup:     t=  3.2 s | tip=  2.7 deg | F= 87.2 N | M= 45.5 Nm (limit 150.0) | contact=  4.6 mm
setup:     t=  3.4 s | tip=  2.7 deg | F= 82.2 N | M= 43.1 Nm (limit 150.0) | contact=  4.5 mm
setup:     t=  3.6 s | tip=  2.7 deg | F= 82.2 N | M= 43.1 Nm (limit 150.0) | contact=  4.5 mm
setup:     t=  3.8 s | tip=  2.7 deg | F= 82.0 N | M= 43.0 Nm (limit 150.0) | contact=  4.5 mm
setup:     t=  4.0 s | tip=  2.7 deg | F= 82.0 N | M= 43.0 Nm (limit 150.0) | contact=  4.5 mm
setup:     t=  4.2 s | tip=  2.7 deg | F= 82.0 N | M= 43.0 Nm (limit 150.0) | contact=  4.5 mm
setup:     t=  4.4 s | tip=  2.7 deg | F= 81.9 N | M= 42.9 Nm (limit 150.0) | contact=  4.5 mm
setup:     t=  4.6 s | tip=  2.7 deg | F= 81.9 N | M= 42.9 Nm (limit 150.0) | contact=  4.5 mm
setup:     t=  4.8 s | tip=  2.7 deg | F= 81.9 N | M= 42.9 Nm (limit 150.0) | contact=  4.5 mm

==============================================================================
  SETUP RESULT
==============================================================================
  stop: time | t=5.0 s | tip=2.7 deg | F=81.8 N | M=42.9 Nm
  contact_from_start = [-2.6, +0.5, -3.6] mm | norm=4.5 mm
  tcp_from_contact  = [-21.1, +60.7, +17.2] mm | norm=66.5 mm
  alignment: before=3.48 deg | after=2.69 deg | gain=+0.79 deg
  alignment components [t1,t2,n] deg: before=[-3.43,-0.61,-0.00] | after=[-1.38,-2.31,+0.00]

-- setup surface-frame breakdown ---------------------------------------------
  frame              alignment-target [tangent1, tangent2, normal]
  force        [N]      = [    +3.48,     -2.76,    -81.72]
  tcp_disp     [mm]     = [    -1.67,     +1.49,    -25.21]
  contact_disp [mm]     = [    -2.54,     +0.60,     -3.67]
  Kp_eff=F/tcp [N/m]    = [  -2079.3,   -1856.6,    3240.8]
  M_contact    [Nm]     = [    -5.42,    +41.41,     -1.44]
  tip_angle    [deg]    = [    +2.05,     -1.70,     +0.18]
  KR_eff=M/ang [Nm/rad] = [   -151.3,   -1392.1,    -465.6]
  frame              tool face [length, width, tool axis]
  M_contact    [Nm]     = [   -41.34,     +5.54,     +2.66]

-- center of compliance ------------------------------------------------------
  definition         r_c = p_TCP - p_c
  p_TCP [x,y,z]    = [    518.8,       4.0,      18.5] mm
  p_c [EE]         = [     -0.0,      -0.0,       0.0] mm
  r_c [t1,t2,n]    = [      0.0,       0.0,       0.0] mm
                     p_c resolved at end of setup

-- effective TCP impedance ---------------------------------------------------
  K_TCP translation = [   1999.5,    1998.7,     351.8] N/m
  K_TCP rotation   = [      5.0,       5.0,      50.0] Nm/rad
  commanded KR was = [      5.0,       5.0,      50.0] Nm/rad   including lever contribution
  D_TCP translation = [    231.6,     171.5,     112.9] Ns/m
  D_TCP rotation   = [      1.4,       2.0,       0.9] Nms/rad
  coupling           max |moment per unit translation| = 0.0 Nm/m (K), 0.0 Nms/m (D)
  eigenvalues        K_TCP 5.00 .. 2000 | D_TCP 0.87 .. 232  (both positive: valid springs)

  K_TCP [N/m, Nm/rad | rows fx..mz, cols tx..rz]:
           tx        ty        tz    |    rx        ry        rz
  fx [    2000  -0.7871   -28.44 |        0        0        0 ]
  fy [ -0.7871     1999   -45.62 |        0        0        0 ]
  fz [  -28.44   -45.62    351.8 |        0        0        0 ]
     ---------------------------+---------------------------
  mx [       0        0        0 |    5.013  0.02147   0.7756 ]
  my [       0        0        0 |  0.02147    5.034    1.244 ]
  mz [       0        0        0 |   0.7756    1.244    49.95 ]

  D_TCP [Ns/m, Nms/rad]:
           tx        ty        tz    |    rx        ry        rz
  fx [   231.6 -0.05665   -2.047 |        0        0        0 ]
  fy [-0.05665    171.5   -1.622 |        0        0        0 ]
  fz [  -2.047   -1.622    112.9 |        0        0        0 ]
     ---------------------------+---------------------------
  mx [       0        0        0 |    1.371 -0.0002404 -0.008686 ]
  my [       0        0        0 | -0.0002404    1.963 -0.03033 ]
  mz [       0        0        0 | -0.008686 -0.03033   0.8684 ]

[GATE] Set up finished (still pressing). Press Enter to start the grind (e+Enter stops).

Stop requested with e + Enter. Finishing control loop...

-- joint motion [deg] --------------------------------------------------------
  joint       start    final    delta
  q1            0.8      1.6     +0.7
  q2           12.1     30.3    +18.2
  q3           -0.5     -1.0     -0.4
  q4         -130.9   -129.1     +1.8
  q5           -0.2      0.8     +1.0
  q6          142.9    156.1    +13.2
  q7           44.7     45.3     +0.6

==============================================================================
  FINAL RESULT
==============================================================================
  p_d              = [    516.4,      -4.0,    -216.1] mm
  p_EE             = [    518.8,       4.0,      18.5] mm
  e_p              = [     -2.4,      -8.0,    -234.6] mm
  e_R              = [     2.05,     -1.70,      0.19] deg
------------------------------------------------------------------------------
  position error     234.80 mm
  rotation error     2.67 deg
  csv                logs/surface_grinding_controller_log.csv
------------------------------------------------------------------------------
