
==============================================================================
  SURFACE GRINDING CONTROLLER
==============================================================================
  robot              172.16.0.2
  parameters         /home/hm-panda/Desktop/Thesis_Final_Control/surface_grinding_controller/params
------------------------------------------------------------------------------

==============================================================================
  SURFACE GRINDING CONTROLLER - STARTUP MENU
==============================================================================

-- RUN MODES -----------------------------------------------------------------
  s      Run orientation, approach, setup, and grinding
  h      Cartesian pose hold at the initial posture
  t      Cartesian pose hold with the setup impedance
  g      Start manual guidance from the current robot pose

-- ROBOT PREPARATION ---------------------------------------------------------
  i      Move to the configured initial joint posture

-- GRIPPER AND TOOL ----------------------------------------------------------
  o      Open the gripper
  c      Grasp the tool
  r      Recalibrate the gripper with empty fingers
  f      Pick up the tool from the holder
  b      Return the tool to the holder

-- PROGRAM -------------------------------------------------------------------
  e      Exit
------------------------------------------------------------------------------
  During control: e = stop | m = startup menu | g = guidance
------------------------------------------------------------------------------
Selection [s/h/t/g/i/o/c/r/f/b/e]: 
-- SELECTED MODE: PHASE SEQUENCE ---------------------------------------------

-- moving to q_init ----------------------------------------------------------
  case               saved_qinit
  q1..q7 [deg]     = [0.8, 12.1, -0.5, -130.9, -0.2, 142.9, 44.7] deg
  saved_qinit = [0.014777, 0.210911, -0.009320, -2.284835, -0.002725, 2.493410, 0.780694] rad
  q_init reached.

-- start pose ----------------------------------------------------------------
  q_start          = [0.9, 12.1, -0.5, -130.9, -0.1, 142.9, 44.7] deg
  p_start          = [    531.3,       2.5,     156.8] mm

==============================================================================
  RUN
==============================================================================

-- phase: approach_orient ----------------------------------------------------
  Kp [t1,t2,n]     = [    150.0,     150.0,     150.0] N/m
  Dp [t1,t2,n]     = [    133.7,      94.2,     128.3] Ns/m     auto (factor 1.90)
  KR [t1,t2,n]     = [    300.0,     300.0,      90.0] Nm/rad
  DR [t1,t2,n]     = [     19.8,      32.3,       2.0] Nms/rad  auto (factor 1.90)
orient:     t=  0.0 s | axis_err=  8.5 deg | spin_err=  0.5 deg
orient:     t=  0.2 s | axis_err=  6.6 deg | spin_err=  0.2 deg
orient:     t=  0.4 s | axis_err=  2.5 deg | spin_err=  0.2 deg
orient:     t=  0.6 s | axis_err=  0.6 deg | spin_err=  0.1 deg
orient:     t=  0.8 s | axis_err=  0.5 deg | spin_err=  0.2 deg

Orientation reached: axis_err=0.5 deg | spin_err=0.1 deg

-- phase: approach_descend ---------------------------------------------------
  Kp [t1,t2,n]     = [    150.0,     150.0,     150.0] N/m
  Dp [t1,t2,n]     = [    133.7,      94.2,     128.3] Ns/m     auto (factor 1.90)
  KR [t1,t2,n]     = [    300.0,     300.0,      90.0] Nm/rad
  DR [t1,t2,n]     = [     19.8,      32.3,       2.0] Nms/rad  auto (factor 1.90)
  descend to         20 mm clearance at 0.100 m/s
descend:    t=  0.0 s | distance=   0.1 mm | height=+120.9 mm (target 20.0) | force= -0.0 N
descend:    t=  0.2 s | distance=  20.2 mm | height=+110.6 mm (target 20.0) | force=  1.7 N
descend:    t=  0.4 s | distance=  40.3 mm | height= +95.9 mm (target 20.0) | force=  2.0 N
descend:    t=  0.6 s | distance=  60.4 mm | height= +79.7 mm (target 20.0) | force=  1.5 N
descend:    t=  0.8 s | distance=  80.5 mm | height= +62.8 mm (target 20.0) | force=  2.1 N
descend:    t=  1.0 s | distance= 100.6 mm | height= +45.8 mm (target 20.0) | force=  3.0 N
descend:    t=  1.2 s | distance= 120.7 mm | height= +28.8 mm (target 20.0) | force=  3.5 N

Clearance reached: distance=131.2 mm | height=19.9 mm | target=20.0 mm | force=2.0 N
  offset_ee        = [     20.0,      60.0,      20.0] mm
  p_EE_at_contact  = [    519.1,       1.5,      49.9] mm
  contact_point    = [    537.7,     -55.7,       1.3] mm
  edge_offset      = [     18.6,     -57.3,     -48.6] mm

-- phase: setup --------------------------------------------------------------

-- setup impedance -----------------------------------------------------------
  law                wrench = K_TCP*dx + D_TCP*dv
                     K_TCP  = Ad(r_c)^T * blkdiag(Kp,KR) * Ad(r_c)
  Kp [t1,t2,n]     = [   2000.0,    2000.0,     350.0] N/m
  Dp [t1,t2,n]     = [    231.2,     178.2,     111.9] Ns/m     auto
  KR [t1,t2,n]     = [      5.0,       5.0,      50.0] Nm/rad
  DR [t1,t2,n]     = [      1.5,       1.9,       1.2] Nms/rad  auto
  p_c [EE]         = [      0.0,       0.0,     -60.0] mm       commanded in the tool frame
  r_c [t1,t2,n]    = [     -2.0,       9.5,     -59.2] mm       p_TCP - p_c, in the plane
setup:     t=  0.0 s | tip=  0.0 deg | F=  0.2 N | M=  0.1 Nm (limit 150.0) | contact= 19.8 mm
setup:     t=  0.2 s | tip=  1.1 deg | F=  1.0 N | M=  1.1 Nm (limit 150.0) | contact=  7.2 mm
setup:     t=  0.4 s | tip=  1.8 deg | F= 16.6 N | M=  9.1 Nm (limit 150.0) | contact=  5.1 mm
setup:     t=  0.6 s | tip=  1.8 deg | F= 15.7 N | M=  8.7 Nm (limit 150.0) | contact=  5.1 mm
setup:     t=  0.8 s | tip=  1.8 deg | F= 21.0 N | M= 11.3 Nm (limit 150.0) | contact=  5.2 mm
setup:     t=  1.0 s | tip=  1.8 deg | F= 26.7 N | M= 14.3 Nm (limit 150.0) | contact=  5.4 mm
setup:     t=  1.2 s | tip=  1.9 deg | F= 32.7 N | M= 17.5 Nm (limit 150.0) | contact=  5.5 mm
setup:     t=  1.4 s | tip=  1.9 deg | F= 38.4 N | M= 20.3 Nm (limit 150.0) | contact=  5.6 mm
setup:     t=  1.6 s | tip=  1.9 deg | F= 43.9 N | M= 23.2 Nm (limit 150.0) | contact=  5.8 mm
setup:     t=  1.8 s | tip=  1.9 deg | F= 49.4 N | M= 26.1 Nm (limit 150.0) | contact=  5.9 mm
setup:     t=  2.0 s | tip=  1.9 deg | F= 54.8 N | M= 29.0 Nm (limit 150.0) | contact=  6.0 mm
setup:     t=  2.2 s | tip=  2.0 deg | F= 60.2 N | M= 31.8 Nm (limit 150.0) | contact=  6.2 mm
setup:     t=  2.4 s | tip=  2.0 deg | F= 65.8 N | M= 34.7 Nm (limit 150.0) | contact=  6.3 mm
setup:     t=  2.6 s | tip=  2.1 deg | F= 71.3 N | M= 37.6 Nm (limit 150.0) | contact=  6.4 mm
setup:     t=  2.8 s | tip=  2.3 deg | F= 78.5 N | M= 41.3 Nm (limit 150.0) | contact=  6.4 mm
setup:     t=  3.0 s | tip=  2.5 deg | F= 80.5 N | M= 42.4 Nm (limit 150.0) | contact=  6.6 mm
setup:     t=  3.2 s | tip=  2.8 deg | F= 88.5 N | M= 46.6 Nm (limit 150.0) | contact=  6.6 mm
setup:     t=  3.4 s | tip=  3.5 deg | F= 79.9 N | M= 42.1 Nm (limit 150.0) | contact=  6.6 mm
setup:     t=  3.6 s | tip=  4.1 deg | F= 80.9 N | M= 42.7 Nm (limit 150.0) | contact=  6.6 mm
setup:     t=  3.8 s | tip=  4.5 deg | F= 80.7 N | M= 42.6 Nm (limit 150.0) | contact=  6.7 mm
setup:     t=  4.0 s | tip=  4.5 deg | F= 80.8 N | M= 42.7 Nm (limit 150.0) | contact=  6.7 mm
setup:     t=  4.2 s | tip=  4.5 deg | F= 80.7 N | M= 42.6 Nm (limit 150.0) | contact=  6.7 mm
setup:     t=  4.4 s | tip=  4.5 deg | F= 80.7 N | M= 42.6 Nm (limit 150.0) | contact=  6.7 mm
setup:     t=  4.6 s | tip=  4.6 deg | F= 80.7 N | M= 42.6 Nm (limit 150.0) | contact=  6.7 mm
setup:     t=  4.8 s | tip=  4.6 deg | F= 80.7 N | M= 42.6 Nm (limit 150.0) | contact=  6.7 mm

==============================================================================
  SETUP RESULT
==============================================================================
  stop: time | t=5.0 s | tip=4.6 deg | F=80.7 N | M=42.6 Nm
  contact_from_start = [-5.0, +0.3, -4.4] mm | norm=6.7 mm
  tcp_from_contact  = [-22.5, +59.0, +21.1] mm | norm=66.6 mm
  alignment: before=9.53 deg | after=6.25 deg | gain=+3.29 deg
  alignment components [t1,t2,n] deg: before=[-9.53,-0.35,-0.00] | after=[-5.66,-2.64,+0.00]

-- setup surface-frame breakdown ---------------------------------------------
  frame              alignment-target [tangent1, tangent2, normal]
  force        [N]      = [    +0.52,    -13.23,    -79.64]
  tcp_disp     [mm]     = [    -3.41,     +2.50,    -27.51]
  contact_disp [mm]     = [    -4.93,     +0.46,     -4.49]
  Kp_eff=F/tcp [N/m]    = [   -153.5,   -5303.4,    2894.9]
  M_contact    [Nm]     = [    -3.02,    +40.69,     -6.26]
  tip_angle    [deg]    = [    +3.88,     -2.35,     +0.35]
  KR_eff=M/ang [Nm/rad] = [    -44.6,    -990.0,   -1019.1]
  frame              tool face [length, width, tool axis]
  M_contact    [Nm]     = [   -39.85,     +2.92,    +10.38]

-- center of compliance ------------------------------------------------------
  definition         r_c = p_TCP - p_c
  p_TCP [x,y,z]    = [    515.2,       3.3,      22.4] mm
  p_c [EE]         = [     -0.0,      -0.0,     -60.0] mm
  r_c [t1,t2,n]    = [     -4.3,       5.5,     -59.6] mm
                     p_c resolved at end of setup

-- effective TCP impedance ---------------------------------------------------
  K_TCP translation = [   1999.5,    1998.7,     351.8] N/m
  K_TCP rotation   = [     12.1,      12.2,      50.0] Nm/rad
  commanded KR was = [      5.0,       5.0,      50.0] Nm/rad   including lever contribution
  D_TCP translation = [    231.2,     178.1,     112.0] Ns/m
  D_TCP rotation   = [      2.1,       2.7,       1.2] Nms/rad
  coupling           max |moment per unit translation| = 119.4 Nm/m (K), 13.8 Nms/m (D)
  eigenvalues        K_TCP 4.98 .. 2007 | D_TCP 1.22 .. 232  (both positive: valid springs)

  K_TCP [N/m, Nm/rad | rows fx..mz, cols tx..rz]:
           tx        ty        tz    |    rx        ry        rz
  fx [    2000  -0.7871   -28.44 |   0.1571    119.4     7.74 ]
  fy [ -0.7871     1999   -45.62 |     -119   0.1982    10.74 ]
  fz [  -28.44   -45.62    351.8 |    1.358   -3.586  -0.3553 ]
     ---------------------------+---------------------------
  mx [  0.1571     -119    1.358 |    12.11  0.02353   0.1366 ]
  my [   119.4   0.1982   -3.586 |  0.02353    12.17    1.708 ]
  mz [    7.74    10.74  -0.3553 |   0.1366    1.708    50.04 ]

  D_TCP [Ns/m, Nms/rad]:
           tx        ty        tz    |    rx        ry        rz
  fx [   231.2 -0.05692   -2.056 |  0.01136     13.8   0.8951 ]
  fy [-0.05692    178.1   -1.832 |   -10.62 0.006454   0.9572 ]
  fz [  -2.056   -1.832      112 |  -0.3245  -0.7245 -0.01781 ]
     ---------------------------+---------------------------
  mx [ 0.01136   -10.62  -0.3245 |    2.129 0.002291 -0.06173 ]
  my [    13.8 0.006454  -0.7245 | 0.002291    2.719  0.03489 ]
  mz [  0.8951   0.9572 -0.01781 | -0.06173  0.03489     1.23 ]

[GATE] Set up finished (still pressing). Press Enter to start the grind (e+Enter stops).

Stop requested with e + Enter. Finishing control loop...

-- joint motion [deg] --------------------------------------------------------
  joint       start    final    delta
  q1            0.9      5.0     +4.1
  q2           12.1     29.9    +17.8
  q3           -0.5     -4.4     -3.8
  q4         -130.9   -128.4     +2.5
  q5           -0.1     13.0    +13.2
  q6          142.9    152.5     +9.6
  q7           44.7     34.7    -10.0

==============================================================================
  FINAL RESULT
==============================================================================
  p_d              = [    514.6,      -5.6,    -209.9] mm
  p_EE             = [    515.2,       3.3,      22.4] mm
  e_p              = [     -0.6,      -8.9,    -232.3] mm
  e_R              = [     3.89,     -2.35,      0.35] deg
------------------------------------------------------------------------------
  position error     232.45 mm
  rotation error     4.55 deg
  csv                logs/surface_grinding_controller_log.csv
------------------------------------------------------------------------------
