
==============================================================================
  SURFACE GRINDING CONTROLLER
==============================================================================
  robot              172.16.0.2
  parameters         /home/hm-panda/Desktop/Thesis_Final_Control/surface_grinding_controller/params
------------------------------------------------------------------------------

==============================================================================
  SURFACE GRINDING CONTROLLER - STARTUP MENU
==============================================================================

-- RUN MODES -----------------------------------------------------------------
  s      Run orientation, approach, setup, and grinding
  h      Cartesian pose hold at the initial posture
  t      Cartesian pose hold with the setup impedance
  g      Start manual guidance from the current robot pose

-- ROBOT PREPARATION ---------------------------------------------------------
  i      Move to the configured initial joint posture

-- GRIPPER AND TOOL ----------------------------------------------------------
  o      Open the gripper
  c      Grasp the tool
  r      Recalibrate the gripper with empty fingers
  f      Pick up the tool from the holder
  b      Return the tool to the holder

-- PROGRAM -------------------------------------------------------------------
  e      Exit
------------------------------------------------------------------------------
  During control: e = stop | m = startup menu | g = guidance
------------------------------------------------------------------------------
Selection [s/h/t/g/i/o/c/r/f/b/e]: 
-- SELECTED MODE: PHASE SEQUENCE ---------------------------------------------

-- moving to q_init ----------------------------------------------------------
  case               saved_qinit
  q1..q7 [deg]     = [0.8, 12.1, -0.5, -130.9, -0.2, 142.9, 44.7] deg
  saved_qinit = [0.014777, 0.210911, -0.009320, -2.284835, -0.002725, 2.493410, 0.780694] rad
  q_init reached.

-- start pose ----------------------------------------------------------------
  q_start          = [0.8, 12.1, -0.5, -130.9, -0.2, 142.9, 44.7] deg
  p_start          = [    531.3,       2.6,     156.8] mm

==============================================================================
  RUN
==============================================================================

-- phase: approach_orient ----------------------------------------------------
  Kp [t1,t2,n]     = [    150.0,     150.0,     150.0] N/m
  Dp [t1,t2,n]     = [    133.7,      94.2,     128.3] Ns/m     auto (factor 1.90)
  KR [t1,t2,n]     = [    180.0,     180.0,      90.0] Nm/rad
  DR [t1,t2,n]     = [     15.3,      25.0,       2.0] Nms/rad  auto (factor 1.90)
orient:     t=  0.0 s | axis_err=  8.6 deg | spin_err=  0.5 deg
orient:     t=  0.2 s | axis_err=  7.3 deg | spin_err=  0.2 deg
orient:     t=  0.4 s | axis_err=  3.4 deg | spin_err=  0.2 deg
orient:     t=  0.6 s | axis_err=  1.1 deg | spin_err=  0.2 deg
orient:     t=  0.8 s | axis_err=  0.9 deg | spin_err=  0.3 deg

Orientation reached: axis_err=0.9 deg | spin_err=0.2 deg

-- phase: approach_descend ---------------------------------------------------
  Kp [t1,t2,n]     = [    150.0,     150.0,     150.0] N/m
  Dp [t1,t2,n]     = [    133.7,      94.2,     128.3] Ns/m     auto (factor 1.90)
  KR [t1,t2,n]     = [    180.0,     180.0,      90.0] Nm/rad
  DR [t1,t2,n]     = [     15.3,      25.0,       2.0] Nms/rad  auto (factor 1.90)
  descend to         20 mm clearance at 0.100 m/s
descend:    t=  0.0 s | distance=   0.1 mm | height=+122.4 mm (target 20.0) | force=  0.0 N
descend:    t=  0.2 s | distance=  20.2 mm | height=+111.9 mm (target 20.0) | force=  1.2 N
descend:    t=  0.4 s | distance=  40.3 mm | height= +96.7 mm (target 20.0) | force=  1.6 N
descend:    t=  0.6 s | distance=  60.4 mm | height= +80.7 mm (target 20.0) | force=  2.9 N
descend:    t=  0.8 s | distance=  80.5 mm | height= +63.9 mm (target 20.0) | force=  2.2 N
descend:    t=  1.0 s | distance= 100.6 mm | height= +47.3 mm (target 20.0) | force=  2.7 N
descend:    t=  1.2 s | distance= 120.7 mm | height= +30.5 mm (target 20.0) | force=  1.4 N

Clearance reached: distance=133.3 mm | height=20.0 mm | target=20.0 mm | force=2.2 N
  offset_ee        = [     20.0,      60.0,      20.0] mm
  p_EE_at_contact  = [    516.9,       2.7,      49.7] mm
  contact_point    = [    535.3,     -54.7,       1.3] mm
  edge_offset      = [     18.4,     -57.5,     -48.4] mm

-- phase: setup --------------------------------------------------------------

-- setup impedance -----------------------------------------------------------
  law                wrench = K_TCP*dx + D_TCP*dv
                     K_TCP  = Ad(r_c)^T * blkdiag(Kp,KR) * Ad(r_c)
  Kp [t1,t2,n]     = [   2000.0,    2000.0,     350.0] N/m
  Dp [t1,t2,n]     = [    231.3,     177.9,     112.1] Ns/m     auto
  KR [t1,t2,n]     = [      5.0,       5.0,      50.0] Nm/rad
  DR [t1,t2,n]     = [      1.5,       1.9,       1.2] Nms/rad  auto
  p_c [EE]         = [     -0.0,      40.0,       0.0] mm       commanded in the tool frame
  r_c [t1,t2,n]    = [      0.0,      39.5,       6.2] mm       p_TCP - p_c, in the plane
setup:     t=  0.0 s | ee=  0.0 deg | F=  0.1 N | M=  0.0 Nm (limit 150.0) | contact= 19.9 mm
setup:     t=  0.2 s | ee=  0.9 deg | F=  0.8 N | M=  0.7 Nm (limit 150.0) | contact=  7.5 mm
setup:     t=  0.4 s | ee=  1.6 deg | F= 20.3 N | M=  0.9 Nm (limit 150.0) | contact=  3.1 mm
setup:     t=  0.6 s | ee=  1.6 deg | F= 15.4 N | M=  1.0 Nm (limit 150.0) | contact=  3.2 mm
setup:     t=  0.8 s | ee=  1.6 deg | F= 21.1 N | M=  1.0 Nm (limit 150.0) | contact=  3.3 mm
setup:     t=  1.0 s | ee=  1.6 deg | F= 26.3 N | M=  1.1 Nm (limit 150.0) | contact=  3.5 mm
setup:     t=  1.2 s | ee=  1.6 deg | F= 31.9 N | M=  1.3 Nm (limit 150.0) | contact=  3.6 mm
setup:     t=  1.4 s | ee=  1.6 deg | F= 36.9 N | M=  1.4 Nm (limit 150.0) | contact=  3.8 mm
setup:     t=  1.6 s | ee=  1.6 deg | F= 43.0 N | M=  1.6 Nm (limit 150.0) | contact=  3.9 mm
setup:     t=  1.8 s | ee=  1.7 deg | F= 48.4 N | M=  1.7 Nm (limit 150.0) | contact=  4.1 mm
setup:     t=  2.0 s | ee=  1.7 deg | F= 54.1 N | M=  1.9 Nm (limit 150.0) | contact=  4.3 mm
setup:     t=  2.2 s | ee=  1.7 deg | F= 59.8 N | M=  2.1 Nm (limit 150.0) | contact=  4.4 mm
setup:     t=  2.4 s | ee=  1.7 deg | F= 65.4 N | M=  2.3 Nm (limit 150.0) | contact=  4.6 mm
setup:     t=  2.6 s | ee=  1.7 deg | F= 70.5 N | M=  2.5 Nm (limit 150.0) | contact=  4.7 mm
setup:     t=  2.8 s | ee=  1.7 deg | F= 76.0 N | M=  2.7 Nm (limit 150.0) | contact=  4.9 mm
setup:     t=  3.0 s | ee=  1.7 deg | F= 81.5 N | M=  3.0 Nm (limit 150.0) | contact=  5.0 mm
setup:     t=  3.2 s | ee=  1.7 deg | F= 86.9 N | M=  3.2 Nm (limit 150.0) | contact=  5.2 mm
setup:     t=  3.4 s | ee=  1.7 deg | F= 82.7 N | M=  3.1 Nm (limit 150.0) | contact=  5.1 mm
setup:     t=  3.6 s | ee=  1.7 deg | F= 82.5 N | M=  3.1 Nm (limit 150.0) | contact=  5.1 mm
setup:     t=  3.8 s | ee=  1.7 deg | F= 82.4 N | M=  3.1 Nm (limit 150.0) | contact=  5.1 mm
setup:     t=  4.0 s | ee=  1.7 deg | F= 82.4 N | M=  3.1 Nm (limit 150.0) | contact=  5.1 mm
setup:     t=  4.2 s | ee=  1.7 deg | F= 82.3 N | M=  3.1 Nm (limit 150.0) | contact=  5.1 mm
setup:     t=  4.4 s | ee=  1.7 deg | F= 82.3 N | M=  3.1 Nm (limit 150.0) | contact=  5.1 mm
setup:     t=  4.6 s | ee=  1.7 deg | F= 82.2 N | M=  3.1 Nm (limit 150.0) | contact=  5.1 mm
setup:     t=  4.8 s | ee=  1.7 deg | F= 82.2 N | M=  3.1 Nm (limit 150.0) | contact=  5.1 mm

==============================================================================
  SETUP RESULT
==============================================================================
  stop: time | t=5.0 s | ee=1.7 deg | F=82.1 N | M_TCP=3.1 Nm
  contact_from_start = [-2.9, +0.4, -4.2] mm | norm=5.1 mm
  tcp_from_contact  = [-20.9, +57.3, +24.7] mm | norm=65.8 mm
  deviation: before=9.28 deg | after=9.39 deg | gain=-0.11 deg
  t_align: not reached | tolerance=2.00 deg | hold=0.30 s
  deviation components [t1,t2,n] deg: before=[-9.27,-0.53,+0.00] | after=[-9.12,-2.26,+0.00]

-- setup surface-frame breakdown ---------------------------------------------
  frame              alignment-target [tangent1, tangent2, normal]
  force        [N]      = [    +4.10,     -1.69,    -82.03]
  tcp_disp     [mm]     = [    -2.05,     +0.52,    -23.76]
  contact_disp [mm]     = [    -2.78,     +0.50,     -4.23]
  Kp_eff=F/tcp [N/m]    = [  -1996.0,   -3251.8,    3451.6]
  M_contact    [Nm]     = [    -1.62,     -0.62,     +0.13]
  ee_angle     [deg]    = [    +0.15,     -1.72,     -0.17]
  KR_eff=M/ang [Nm/rad] = [   -629.8,      20.7,     -43.7]
  frame              tool face [length, width, tool axis]
  M_contact    [Nm]     = [    +0.59,     +1.62,     -0.17]

-- center of compliance ------------------------------------------------------
  definition         r_c = p_TCP - p_c
  p_TCP [x,y,z]    = [    514.4,       2.6,      26.0] mm
  p_c [EE]         = [      0.0,      40.0,      -0.0] mm
  r_c [t1,t2,n]    = [      0.1,      39.5,       6.1] mm
                     p_c resolved at end of setup

-- effective TCP impedance ---------------------------------------------------
  K_TCP translation = [   1999.5,    1998.7,     351.8] N/m
  K_TCP rotation   = [      5.6,       5.1,      53.1] Nm/rad
  commanded KR was = [      5.0,       5.0,      50.0] Nm/rad   including lever contribution
  D_TCP translation = [    231.3,     177.8,     112.2] Ns/m
  D_TCP rotation   = [      1.7,       1.9,       1.6] Nms/rad
  coupling           max |moment per unit translation| = 79.4 Nm/m (K), 9.2 Nms/m (D)
  eigenvalues        K_TCP 4.99 .. 2003 | D_TCP 1.20 .. 232  (both positive: valid springs)

  K_TCP [N/m, Nm/rad | rows fx..mz, cols tx..rz]:
           tx        ty        tz    |    rx        ry        rz
  fx [    2000  -0.7871   -28.44 |    1.125   -9.954    79.36 ]
  fy [ -0.7871     1999   -45.62 |    11.76 -0.004412  -0.3961 ]
  fz [  -28.44   -45.62    351.8 |   -14.19   0.2057    -1.12 ]
     ---------------------------+---------------------------
  mx [   1.125    11.76   -14.19 |    5.635  0.01328   0.8181 ]
  my [  -9.954 -0.004412   0.2057 |  0.01328    5.084   0.8491 ]
  mz [   79.36  -0.3961    -1.12 |   0.8181   0.8491     53.1 ]

  D_TCP [Ns/m, Nms/rad]:
           tx        ty        tz    |    rx        ry        rz
  fx [   231.3 -0.05687   -2.055 |  0.08127   -1.151    9.178 ]
  fy [-0.05687    177.8   -1.819 |    0.957 -4.913e-05 -0.03472 ]
  fz [  -2.055   -1.819    112.2 |    -4.46   0.0307 -0.08122 ]
     ---------------------------+---------------------------
  mx [ 0.08127    0.957    -4.46 |    1.667 -0.001353 -0.001817 ]
  my [  -1.151 -4.913e-05   0.0307 | -0.001353    1.906   -0.065 ]
  mz [   9.178 -0.03472 -0.08122 | -0.001817   -0.065    1.567 ]

[GATE] Set up finished (still pressing). Press Enter to start the grind (e+Enter stops).

Stop requested with e + Enter. Finishing control loop...

-- joint motion [deg] --------------------------------------------------------
  joint       start    final    delta
  q1            0.8      0.7     -0.1
  q2           12.1     29.2    +17.1
  q3           -0.5     -0.9     -0.4
  q4         -130.9   -128.7     +2.2
  q5           -0.2     16.4    +16.6
  q6          142.9    152.1     +9.2
  q7           44.7     30.0    -14.8

==============================================================================
  FINAL RESULT
==============================================================================
  p_d              = [    512.4,      -4.5,    -210.1] mm
  p_EE             = [    514.4,       2.6,      26.0] mm
  e_p              = [     -2.0,      -7.1,    -236.1] mm
  e_R              = [     0.14,     -1.72,     -0.13] deg
------------------------------------------------------------------------------
  position error     236.20 mm
  rotation error     1.73 deg
  csv                logs/surface_grinding_controller_log.csv
------------------------------------------------------------------------------
