
==============================================================================
  SURFACE GRINDING CONTROLLER
==============================================================================
  robot              172.16.0.2
  parameters         /home/hm-panda/Desktop/Thesis_Final_Control/surface_grinding_controller/params
------------------------------------------------------------------------------

==============================================================================
  SURFACE GRINDING CONTROLLER - STARTUP MENU
==============================================================================

-- RUN MODES -----------------------------------------------------------------
  s      Run orientation, approach, setup, and grinding
  h      Cartesian pose hold at the initial posture
  t      Cartesian pose hold with the setup impedance
  g      Start manual guidance from the current robot pose

-- ROBOT PREPARATION ---------------------------------------------------------
  i      Move to the configured initial joint posture

-- GRIPPER AND TOOL ----------------------------------------------------------
  o      Open the gripper
  c      Grasp the tool
  r      Recalibrate the gripper with empty fingers
  f      Pick up the tool from the holder
  b      Return the tool to the holder

-- PROGRAM -------------------------------------------------------------------
  e      Exit
------------------------------------------------------------------------------
  During control: e = stop | m = startup menu | g = guidance
------------------------------------------------------------------------------
Selection [s/h/t/g/i/o/c/r/f/b/e]: 
-- SELECTED MODE: PHASE SEQUENCE ---------------------------------------------

-- moving to q_init ----------------------------------------------------------
  case               saved_qinit
  q1..q7 [deg]     = [0.8, 12.1, -0.5, -130.9, -0.2, 142.9, 44.7] deg
  saved_qinit = [0.014777, 0.210911, -0.009320, -2.284835, -0.002725, 2.493410, 0.780694] rad
  q_init reached.

-- start pose ----------------------------------------------------------------
  q_start          = [0.8, 12.1, -0.5, -130.9, -0.2, 142.8, 44.7] deg
  p_start          = [    531.2,       2.5,     156.7] mm

==============================================================================
  RUN
==============================================================================

-- phase: approach_orient ----------------------------------------------------
  Kp [t1,t2,n]     = [    150.0,     150.0,     150.0] N/m
  Dp [t1,t2,n]     = [    133.7,      94.2,     128.3] Ns/m     auto (factor 1.90)
  KR [t1,t2,n]     = [    180.0,     180.0,      90.0] Nm/rad
  DR [t1,t2,n]     = [     15.3,      25.0,       2.0] Nms/rad  auto (factor 1.90)
orient:     t=  0.0 s | axis_err= 12.4 deg | spin_err=  0.6 deg
orient:     t=  0.2 s | axis_err= 11.0 deg | spin_err=  0.4 deg
orient:     t=  0.4 s | axis_err=  7.8 deg | spin_err=  0.2 deg
orient:     t=  0.6 s | axis_err=  4.0 deg | spin_err=  0.1 deg
orient:     t=  0.8 s | axis_err=  1.5 deg | spin_err=  0.0 deg
orient:     t=  1.0 s | axis_err=  1.0 deg | spin_err=  0.0 deg

Orientation reached: axis_err=0.9 deg | spin_err=0.0 deg

-- phase: approach_descend ---------------------------------------------------
  Kp [t1,t2,n]     = [    150.0,     150.0,     150.0] N/m
  Dp [t1,t2,n]     = [    133.7,      94.2,     128.3] Ns/m     auto (factor 1.90)
  KR [t1,t2,n]     = [    180.0,     180.0,      90.0] Nm/rad
  DR [t1,t2,n]     = [     15.3,      25.0,       2.0] Nms/rad  auto (factor 1.90)
  descend to         20 mm clearance at 0.100 m/s
descend:    t=  0.0 s | distance=   0.1 mm | height=+125.2 mm (target 20.0) | force= -0.0 N
descend:    t=  0.2 s | distance=  20.2 mm | height=+113.1 mm (target 20.0) | force=  1.7 N
descend:    t=  0.4 s | distance=  40.3 mm | height= +96.7 mm (target 20.0) | force=  1.8 N
descend:    t=  0.6 s | distance=  60.4 mm | height= +79.5 mm (target 20.0) | force=  0.5 N
descend:    t=  0.8 s | distance=  80.5 mm | height= +62.0 mm (target 20.0) | force=  2.3 N
descend:    t=  1.0 s | distance= 100.6 mm | height= +44.5 mm (target 20.0) | force=  1.1 N
descend:    t=  1.2 s | distance= 120.7 mm | height= +26.8 mm (target 20.0) | force=  2.5 N

Clearance reached: distance=128.4 mm | height=20.0 mm | target=20.0 mm | force=1.5 N
  offset_ee        = [     20.0,       0.0,      20.0] mm
  p_EE_at_contact  = [    502.9,      -0.6,      44.0] mm
  contact_point    = [    517.8,      -1.8,       0.1] mm
  edge_offset      = [     14.8,      -1.2,     -43.8] mm

-- phase: setup --------------------------------------------------------------

-- setup impedance -----------------------------------------------------------
  law                wrench = K_TCP*dx + D_TCP*dv
                     K_TCP  = Ad(r_c)^T * blkdiag(Kp,KR) * Ad(r_c)
  Kp [t1,t2,n]     = [   2000.0,    2000.0,     350.0] N/m
  Dp [t1,t2,n]     = [    236.7,     176.3,     109.9] Ns/m     auto
  KR [t1,t2,n]     = [      5.0,       5.0,      50.0] Nm/rad
  DR [t1,t2,n]     = [      1.3,       2.2,       1.2] Nms/rad  auto
  p_c [EE]         = [     40.0,       0.0,      -0.0] mm       commanded in the tool frame
  r_c [t1,t2,n]    = [    -39.2,       0.0,       8.0] mm       p_TCP - p_c, in the plane
setup:     t=  0.0 s | ee=  0.0 deg | F=  0.1 N | M=  0.0 Nm (limit 150.0) | contact= 19.9 mm
setup:     t=  0.2 s | ee=  0.4 deg | F=  0.9 N | M=  0.3 Nm (limit 150.0) | contact=  7.3 mm
setup:     t=  0.4 s | ee=  1.2 deg | F= 19.8 N | M=  0.7 Nm (limit 150.0) | contact=  2.7 mm
setup:     t=  0.6 s | ee=  1.2 deg | F= 15.9 N | M=  1.0 Nm (limit 150.0) | contact=  2.8 mm
setup:     t=  0.8 s | ee=  1.2 deg | F= 21.1 N | M=  1.2 Nm (limit 150.0) | contact=  3.0 mm
setup:     t=  1.0 s | ee=  1.2 deg | F= 26.8 N | M=  1.4 Nm (limit 150.0) | contact=  3.3 mm
setup:     t=  1.2 s | ee=  1.3 deg | F= 32.6 N | M=  1.6 Nm (limit 150.0) | contact=  3.6 mm
setup:     t=  1.4 s | ee=  1.4 deg | F= 38.0 N | M=  1.6 Nm (limit 150.0) | contact=  4.2 mm
setup:     t=  1.6 s | ee=  2.0 deg | F= 43.2 N | M=  1.4 Nm (limit 150.0) | contact=  5.3 mm
setup:     t=  1.8 s | ee=  2.0 deg | F= 49.1 N | M=  1.7 Nm (limit 150.0) | contact=  5.9 mm
setup:     t=  2.0 s | ee=  2.1 deg | F= 54.7 N | M=  1.9 Nm (limit 150.0) | contact=  6.4 mm
setup:     t=  2.2 s | ee=  2.1 deg | F= 60.3 N | M=  2.0 Nm (limit 150.0) | contact=  6.8 mm
setup:     t=  2.4 s | ee=  2.2 deg | F= 65.5 N | M=  1.9 Nm (limit 150.0) | contact=  7.0 mm
setup:     t=  2.6 s | ee=  2.2 deg | F= 70.7 N | M=  2.0 Nm (limit 150.0) | contact=  7.1 mm
setup:     t=  2.8 s | ee=  2.3 deg | F= 76.5 N | M=  2.1 Nm (limit 150.0) | contact=  7.3 mm
setup:     t=  3.0 s | ee=  2.5 deg | F= 81.9 N | M=  2.1 Nm (limit 150.0) | contact=  7.4 mm
setup:     t=  3.2 s | ee=  3.0 deg | F= 87.1 N | M=  2.1 Nm (limit 150.0) | contact=  8.0 mm
setup:     t=  3.4 s | ee=  3.8 deg | F= 81.9 N | M=  2.2 Nm (limit 150.0) | contact=  8.0 mm
setup:     t=  3.6 s | ee=  5.1 deg | F= 80.8 N | M=  2.1 Nm (limit 150.0) | contact=  8.6 mm
setup:     t=  3.8 s | ee=  6.3 deg | F= 80.2 N | M=  2.1 Nm (limit 150.0) | contact=  9.5 mm
setup:     t=  4.0 s | ee=  7.1 deg | F= 81.3 N | M=  2.3 Nm (limit 150.0) | contact=  9.6 mm
setup:     t=  4.2 s | ee=  7.3 deg | F= 80.8 N | M=  2.0 Nm (limit 150.0) | contact= 10.0 mm
setup:     t=  4.4 s | ee=  7.3 deg | F= 80.8 N | M=  1.9 Nm (limit 150.0) | contact= 10.0 mm
setup:     t=  4.6 s | ee=  7.3 deg | F= 80.9 N | M=  1.9 Nm (limit 150.0) | contact= 10.0 mm
setup:     t=  4.8 s | ee=  7.3 deg | F= 80.9 N | M=  1.9 Nm (limit 150.0) | contact= 10.0 mm

==============================================================================
  SETUP RESULT
==============================================================================
  stop: time | t=5.0 s | ee=7.3 deg | F=80.9 N | M_TCP=1.9 Nm
  contact_from_start = [-6.6, -0.6, -7.4] mm | norm=10.0 mm
  tcp_from_contact  = [-18.7, -0.5, +18.1] mm | norm=26.1 mm
  deviation: before=10.03 deg | after=17.33 deg | gain=-7.30 deg
  t_align: not reached | tolerance=2.00 deg | hold=0.30 s
  t_align_fraction: not reached | fraction=0.50 of the deviation at contact
  deviation_min: 10.03 deg at t=0.01 s
  align_status: not_aligned
  deviation components [t1,t2,n] deg: before=[-0.41,-10.03,+0.00] | after=[-1.69,-17.25,+0.00]

-- setup surface-frame breakdown ---------------------------------------------
  frame              alignment-target [tangent1, tangent2, normal]
  force        [N]      = [    +7.19,     +1.01,    -80.59]
  tcp_disp     [mm]     = [    -3.43,     -1.01,    -25.77]
  contact_disp [mm]     = [    -6.52,     -0.35,     -7.56]
  Kp_eff=F/tcp [N/m]    = [  -2097.9,    -999.0,    3127.5]
  M_contact    [Nm]     = [    +0.50,     +0.96,     -0.29]
  ee_angle     [deg]    = [    -1.37,     -7.21,     -0.29]
  KR_eff=M/ang [Nm/rad] = [    -20.7,      -7.6,      57.7]
  frame              tool face [length, width, tool axis]
  M_contact    [Nm]     = [    -0.95,     -0.57,     +0.16]

-- center of compliance ------------------------------------------------------
  definition         r_c = p_TCP - p_c
  p_TCP [x,y,z]    = [    499.1,      -2.3,      18.3] mm
  p_c [EE]         = [     40.0,       0.0,      -0.0] mm
  r_c [t1,t2,n]    = [    -37.9,      -0.4,      12.9] mm
                     p_c resolved at end of setup

-- effective TCP impedance ---------------------------------------------------
  K_TCP translation = [   1999.5,    1998.7,     351.8] N/m
  K_TCP rotation   = [      5.4,       5.9,      52.8] Nm/rad
  commanded KR was = [      5.0,       5.0,      50.0] Nm/rad   including lever contribution
  D_TCP translation = [    236.7,     176.2,     110.0] Ns/m
  D_TCP rotation   = [      1.3,       2.4,       1.4] Nms/rad
  coupling           max |moment per unit translation| = 75.2 Nm/m (K), 6.6 Nms/m (D)
  eigenvalues        K_TCP 4.99 .. 2003 | D_TCP 1.19 .. 237  (both positive: valid springs)

  K_TCP [N/m, Nm/rad | rows fx..mz, cols tx..rz]:
           tx        ty        tz    |    rx        ry        rz
  fx [    2000  -0.7871   -28.44 | -0.01212   -25.95  -0.1342 ]
  fy [ -0.7871     1999   -45.62 |    27.01    1.728    75.25 ]
  fz [  -28.44   -45.62    351.8 |  -0.5981   -12.86   -1.716 ]
     ---------------------------+---------------------------
  mx [-0.01212    27.01  -0.5981 |    5.378  0.04415    1.792 ]
  my [  -25.95    1.728   -12.86 |  0.04415    5.869    1.311 ]
  mz [ -0.1342    75.25   -1.716 |    1.792    1.311    52.79 ]

  D_TCP [Ns/m, Nms/rad]:
           tx        ty        tz    |    rx        ry        rz
  fx [   236.7 -0.06052   -2.187 | -0.0009321   -3.116 -0.01465 ]
  fy [-0.06052    176.2   -1.835 |    2.381   0.0699    6.634 ]
  fz [  -2.187   -1.835      110 | -0.01905    -4.11 -0.06897 ]
     ---------------------------+---------------------------
  mx [-0.0009321    2.381 -0.01905 |    1.324 0.0006827  0.08794 ]
  my [  -3.116   0.0699    -4.11 | 0.0006827    2.414 -0.02554 ]
  mz [-0.01465    6.634 -0.06897 |  0.08794 -0.02554    1.444 ]

[GATE] Set up finished (still pressing). Press Enter to start the grind (e+Enter stops).

Stop requested with e + Enter. Finishing control loop...

-- joint motion [deg] --------------------------------------------------------
  joint       start    final    delta
  q1            0.8     -0.3     -1.2
  q2           12.1     33.1    +21.0
  q3           -0.5      0.1     +0.7
  q4         -130.9   -120.3    +10.6
  q5           -0.2     -0.5     -0.3
  q6          142.8    133.7     -9.2
  q7           44.7     45.1     +0.4

==============================================================================
  FINAL RESULT
==============================================================================
  p_d              = [    498.5,      -7.8,    -215.9] mm
  p_EE             = [    499.1,      -2.3,      18.3] mm
  e_p              = [     -0.6,      -5.5,    -234.2] mm
  e_R              = [    -1.38,     -7.22,     -0.07] deg
------------------------------------------------------------------------------
  position error     234.23 mm
  rotation error     7.35 deg
  csv                logs/surface_grinding_controller_log.csv
------------------------------------------------------------------------------
