
==============================================================================
  SURFACE GRINDING CONTROLLER
==============================================================================
  robot              172.16.0.2
  parameters         /home/hm-panda/Desktop/Thesis_Final_Control/surface_grinding_controller/params
------------------------------------------------------------------------------

==============================================================================
  SURFACE GRINDING CONTROLLER - STARTUP MENU
==============================================================================

-- RUN MODES -----------------------------------------------------------------
  s      Run orientation, approach, setup, and grinding
  h      Cartesian pose hold at the initial posture
  t      Cartesian pose hold with the setup impedance
  g      Start manual guidance from the current robot pose

-- ROBOT PREPARATION ---------------------------------------------------------
  i      Move to the configured initial joint posture

-- GRIPPER AND TOOL ----------------------------------------------------------
  o      Open the gripper
  c      Grasp the tool
  r      Recalibrate the gripper with empty fingers
  f      Pick up the tool from the holder
  b      Return the tool to the holder

-- PROGRAM -------------------------------------------------------------------
  e      Exit
------------------------------------------------------------------------------
  During control: e = stop | m = startup menu | g = guidance
------------------------------------------------------------------------------
Selection [s/h/t/g/i/o/c/r/f/b/e]: 
-- SELECTED MODE: PHASE SEQUENCE ---------------------------------------------

-- moving to q_init ----------------------------------------------------------
  case               saved_qinit
  q1..q7 [deg]     = [0.8, 12.1, -0.5, -130.9, -0.2, 142.9, 44.7] deg
  saved_qinit = [0.014777, 0.210911, -0.009320, -2.284835, -0.002725, 2.493410, 0.780694] rad
  q_init reached.

-- start pose ----------------------------------------------------------------
  q_start          = [0.8, 12.1, -0.5, -130.9, -0.2, 142.9, 44.7] deg
  p_start          = [    531.0,       2.4,     156.6] mm

==============================================================================
  RUN
==============================================================================

-- phase: approach_orient ----------------------------------------------------
  Kp [t1,t2,n]     = [    150.0,     150.0,     150.0] N/m
  Dp [t1,t2,n]     = [    133.6,      94.2,     128.4] Ns/m     auto (factor 1.90)
  KR [t1,t2,n]     = [    180.0,     180.0,      90.0] Nm/rad
  DR [t1,t2,n]     = [     15.3,      25.0,       2.0] Nms/rad  auto (factor 1.90)
orient:     t=  0.0 s | axis_err= 12.4 deg | spin_err=  0.6 deg
orient:     t=  0.2 s | axis_err= 11.1 deg | spin_err=  0.4 deg
orient:     t=  0.4 s | axis_err=  7.9 deg | spin_err=  0.2 deg
orient:     t=  0.6 s | axis_err=  4.1 deg | spin_err=  0.0 deg
orient:     t=  0.8 s | axis_err=  1.6 deg | spin_err=  0.0 deg
orient:     t=  1.0 s | axis_err=  1.1 deg | spin_err=  0.0 deg

Orientation reached: axis_err=0.9 deg | spin_err=0.0 deg

-- phase: approach_descend ---------------------------------------------------
  Kp [t1,t2,n]     = [    150.0,     150.0,     150.0] N/m
  Dp [t1,t2,n]     = [    133.6,      94.2,     128.4] Ns/m     auto (factor 1.90)
  KR [t1,t2,n]     = [    180.0,     180.0,      90.0] Nm/rad
  DR [t1,t2,n]     = [     15.3,      25.0,       2.0] Nms/rad  auto (factor 1.90)
  descend to         20 mm clearance at 0.100 m/s
descend:    t=  0.0 s | distance=   0.1 mm | height=+123.3 mm (target 20.0) | force= -0.1 N
descend:    t=  0.2 s | distance=  20.2 mm | height=+111.6 mm (target 20.0) | force=  1.7 N
descend:    t=  0.4 s | distance=  40.3 mm | height= +95.8 mm (target 20.0) | force=  3.1 N
descend:    t=  0.6 s | distance=  60.4 mm | height= +78.9 mm (target 20.0) | force=  2.4 N
descend:    t=  0.8 s | distance=  80.5 mm | height= +61.4 mm (target 20.0) | force=  2.4 N
descend:    t=  1.0 s | distance= 100.6 mm | height= +43.9 mm (target 20.0) | force=  2.7 N
descend:    t=  1.2 s | distance= 120.7 mm | height= +26.3 mm (target 20.0) | force=  3.3 N

Clearance reached: distance=127.8 mm | height=20.0 mm | target=20.0 mm | force=2.0 N
  offset_ee        = [     20.0,      60.0,      20.0] mm
  p_EE_at_contact  = [    501.2,      -1.2,      44.1] mm
  contact_point    = [    516.0,     -62.4,       1.9] mm
  edge_offset      = [     14.8,     -61.2,     -42.2] mm

-- phase: setup --------------------------------------------------------------

-- setup impedance -----------------------------------------------------------
  law                wrench = K_TCP*dx + D_TCP*dv
                     K_TCP  = Ad(r_c)^T * blkdiag(Kp,KR) * Ad(r_c)
  Kp [t1,t2,n]     = [   2000.0,    2000.0,     350.0] N/m
  Dp [t1,t2,n]     = [    236.6,     176.3,     110.0] Ns/m     auto
  KR [t1,t2,n]     = [      5.0,       5.0,      50.0] Nm/rad
  DR [t1,t2,n]     = [      1.3,       2.2,       1.2] Nms/rad  auto
  p_c [EE]         = [     20.0,      -0.0,       0.0] mm       commanded in the tool frame
  r_c [t1,t2,n]    = [    -19.6,       0.0,       4.0] mm       p_TCP - p_c, in the plane
setup:     t=  0.0 s | ee=  0.0 deg | F=  0.2 N | M=  0.0 Nm (limit 150.0) | contact= 19.9 mm
setup:     t=  0.2 s | ee=  0.6 deg | F=  1.8 N | M=  0.3 Nm (limit 150.0) | contact=  7.5 mm
setup:     t=  0.4 s | ee=  1.1 deg | F= 13.0 N | M=  0.7 Nm (limit 150.0) | contact=  2.8 mm
setup:     t=  0.6 s | ee=  1.1 deg | F= 17.0 N | M=  0.7 Nm (limit 150.0) | contact=  2.8 mm
setup:     t=  0.8 s | ee=  1.2 deg | F= 22.7 N | M=  0.8 Nm (limit 150.0) | contact=  2.9 mm
setup:     t=  1.0 s | ee=  1.3 deg | F= 28.3 N | M=  1.0 Nm (limit 150.0) | contact=  3.2 mm
setup:     t=  1.2 s | ee=  1.4 deg | F= 34.0 N | M=  1.2 Nm (limit 150.0) | contact=  3.7 mm
setup:     t=  1.4 s | ee=  1.4 deg | F= 39.9 N | M=  1.4 Nm (limit 150.0) | contact=  4.3 mm
setup:     t=  1.6 s | ee=  1.6 deg | F= 45.0 N | M=  1.4 Nm (limit 150.0) | contact=  5.0 mm
setup:     t=  1.8 s | ee=  1.7 deg | F= 50.5 N | M=  1.2 Nm (limit 150.0) | contact=  5.8 mm
setup:     t=  2.0 s | ee=  2.2 deg | F= 56.3 N | M=  1.2 Nm (limit 150.0) | contact=  6.9 mm
setup:     t=  2.2 s | ee=  2.3 deg | F= 62.0 N | M=  1.1 Nm (limit 150.0) | contact=  7.6 mm
setup:     t=  2.4 s | ee=  2.3 deg | F= 67.5 N | M=  1.1 Nm (limit 150.0) | contact=  8.2 mm
setup:     t=  2.6 s | ee=  2.4 deg | F= 73.3 N | M=  1.2 Nm (limit 150.0) | contact=  9.0 mm
setup:     t=  2.8 s | ee=  2.5 deg | F= 79.3 N | M=  1.3 Nm (limit 150.0) | contact=  9.7 mm
setup:     t=  3.0 s | ee=  2.6 deg | F= 84.3 N | M=  1.3 Nm (limit 150.0) | contact= 10.4 mm
setup:     t=  3.2 s | ee=  2.7 deg | F= 89.7 N | M=  1.4 Nm (limit 150.0) | contact= 11.1 mm
setup:     t=  3.4 s | ee=  2.7 deg | F= 84.3 N | M=  1.3 Nm (limit 150.0) | contact= 11.4 mm
setup:     t=  3.6 s | ee=  2.8 deg | F= 84.2 N | M=  1.3 Nm (limit 150.0) | contact= 11.6 mm
setup:     t=  3.8 s | ee=  2.8 deg | F= 84.2 N | M=  1.3 Nm (limit 150.0) | contact= 11.8 mm
setup:     t=  4.0 s | ee=  2.8 deg | F= 84.2 N | M=  1.3 Nm (limit 150.0) | contact= 12.0 mm
setup:     t=  4.2 s | ee=  2.8 deg | F= 84.1 N | M=  1.3 Nm (limit 150.0) | contact= 12.1 mm
setup:     t=  4.4 s | ee=  2.8 deg | F= 84.1 N | M=  1.3 Nm (limit 150.0) | contact= 12.2 mm
setup:     t=  4.6 s | ee=  2.8 deg | F= 84.0 N | M=  1.3 Nm (limit 150.0) | contact= 12.3 mm
setup:     t=  4.8 s | ee=  2.9 deg | F= 84.0 N | M=  1.3 Nm (limit 150.0) | contact= 12.3 mm

==============================================================================
  SETUP RESULT
==============================================================================
  stop: time | t=5.0 s | ee=2.9 deg | F=84.0 N | M_TCP=1.3 Nm
  contact_from_start = [-10.1, -0.3, -7.1] mm | norm=12.4 mm
  tcp_from_contact  = [-24.9, +59.7, +17.1] mm | norm=66.9 mm
  deviation: before=10.02 deg | after=12.61 deg | gain=-2.59 deg
  t_align: not reached | tolerance=2.00 deg | hold=0.30 s
  t_align_fraction: not reached | fraction=0.50 of the deviation at contact
  deviation_min: 10.02 deg at t=0.00 s
  align_status: not_aligned
  deviation components [t1,t2,n] deg: before=[-0.46,-10.01,+0.00] | after=[-1.54,-12.51,+0.00]

-- setup surface-frame breakdown ---------------------------------------------
  frame              alignment-target [tangent1, tangent2, normal]
  force        [N]      = [   +18.25,     +1.52,    -82.00]
  tcp_disp     [mm]     = [    -9.64,     -0.77,    -25.33]
  contact_disp [mm]     = [   -10.00,     -0.06,     -7.30]
  Kp_eff=F/tcp [N/m]    = [  -1892.8,   -1987.3,    3237.5]
  M_contact    [Nm]     = [    -4.99,     +0.36,     -1.68]
  ee_angle     [deg]    = [    -1.23,     -2.49,     -0.68]
  KR_eff=M/ang [Nm/rad] = [    232.8,      -8.4,     140.6]
  frame              tool face [length, width, tool axis]
  M_contact    [Nm]     = [    -0.36,     +4.50,     +2.73]

-- center of compliance ------------------------------------------------------
  definition         r_c = p_TCP - p_c
  p_TCP [x,y,z]    = [    491.1,      -2.7,      19.0] mm
  p_c [EE]         = [     20.0,       0.0,       0.0] mm
  r_c [t1,t2,n]    = [    -19.4,      -0.3,       4.8] mm
                     p_c resolved at end of setup

-- effective TCP impedance ---------------------------------------------------
  K_TCP translation = [   1999.5,    1998.7,     351.8] N/m
  K_TCP rotation   = [      5.1,       5.2,      50.7] Nm/rad
  commanded KR was = [      5.0,       5.0,      50.0] Nm/rad   including lever contribution
  D_TCP translation = [    236.6,     176.2,     110.1] Ns/m
  D_TCP rotation   = [      1.3,       2.3,       1.3] Nms/rad
  coupling           max |moment per unit translation| = 38.6 Nm/m (K), 3.4 Nms/m (D)
  eigenvalues        K_TCP 5.00 .. 2001 | D_TCP 1.19 .. 237  (both positive: valid springs)

  K_TCP [N/m, Nm/rad | rows fx..mz, cols tx..rz]:
           tx        ty        tz    |    rx        ry        rz
  fx [    2000  -0.7871   -28.44 | -0.008952   -9.808   -0.358 ]
  fy [ -0.7871     1999   -45.62 |    10.35   0.8853    38.61 ]
  fz [  -28.44   -45.62    351.8 |   -0.176   -6.647  -0.8763 ]
     ---------------------------+---------------------------
  mx [-0.008952    10.35   -0.176 |    5.067  0.02491   0.9754 ]
  my [  -9.808   0.8853   -6.647 |  0.02491    5.214    1.263 ]
  mz [  -0.358    38.61  -0.8763 |   0.9754    1.263     50.7 ]

  D_TCP [Ns/m, Nms/rad]:
           tx        ty        tz    |    rx        ry        rz
  fx [   236.6 -0.06038   -2.182 | -0.0006868   -1.183 -0.04172 ]
  fy [-0.06038    176.2   -1.832 |   0.9127  0.03569    3.404 ]
  fz [  -2.182   -1.832    110.1 | 0.009389   -2.116 -0.03501 ]
     ---------------------------+---------------------------
  mx [-0.0006868   0.9127 0.009389 |    1.297 -0.0002255  0.01591 ]
  my [  -1.183  0.03569   -2.116 | -0.0002255    2.262  -0.0274 ]
  mz [-0.04172    3.404 -0.03501 |  0.01591  -0.0274    1.259 ]

[GATE] Set up finished (still pressing). Press Enter to start the grind (e+Enter stops).

Stop requested with e + Enter. Finishing control loop...

-- joint motion [deg] --------------------------------------------------------
  joint       start    final    delta
  q1            0.8     -0.5     -1.3
  q2           12.1     30.4    +18.3
  q3           -0.5      0.2     +0.8
  q4         -130.9   -126.0     +5.0
  q5           -0.2     -1.0     -0.8
  q6          142.9    141.4     -1.5
  q7           44.7     45.0     +0.3

==============================================================================
  FINAL RESULT
==============================================================================
  p_d              = [    496.7,      -8.4,    -215.8] mm
  p_EE             = [    491.1,      -2.7,      19.0] mm
  e_p              = [      5.6,      -5.7,    -234.7] mm
  e_R              = [    -1.24,     -2.51,     -0.59] deg
------------------------------------------------------------------------------
  position error     234.85 mm
  rotation error     2.86 deg
  csv                logs/surface_grinding_controller_log.csv
------------------------------------------------------------------------------
