
==============================================================================
  SURFACE GRINDING CONTROLLER
==============================================================================
  robot              172.16.0.2
  parameters         /home/hm-panda/Desktop/Thesis_Final_Control/surface_grinding_controller/params
------------------------------------------------------------------------------

==============================================================================
  SURFACE GRINDING CONTROLLER - STARTUP MENU
==============================================================================

-- RUN MODES -----------------------------------------------------------------
  s      Run orientation, approach, setup, and grinding
  h      Cartesian pose hold at the initial posture
  t      Cartesian pose hold with the setup impedance
  g      Start manual guidance from the current robot pose

-- ROBOT PREPARATION ---------------------------------------------------------
  i      Move to the configured initial joint posture

-- GRIPPER AND TOOL ----------------------------------------------------------
  o      Open the gripper
  c      Grasp the tool
  r      Recalibrate the gripper with empty fingers
  f      Pick up the tool from the holder
  b      Return the tool to the holder

-- PROGRAM -------------------------------------------------------------------
  e      Exit
------------------------------------------------------------------------------
  During control: e = stop | m = startup menu | g = guidance
------------------------------------------------------------------------------
Selection [s/h/t/g/i/o/c/r/f/b/e]: 
-- SELECTED MODE: PHASE SEQUENCE ---------------------------------------------

-- moving to q_init ----------------------------------------------------------
  case               saved_qinit
  q1..q7 [deg]     = [0.8, 12.1, -0.5, -130.9, -0.2, 142.9, 44.7] deg
  saved_qinit = [0.014777, 0.210911, -0.009320, -2.284835, -0.002725, 2.493410, 0.780694] rad
  q_init reached.

-- start pose ----------------------------------------------------------------
  q_start          = [0.8, 12.1, -0.5, -130.9, -0.1, 142.9, 44.7] deg
  p_start          = [    531.3,       2.5,     156.8] mm

==============================================================================
  RUN
==============================================================================

-- phase: approach_orient ----------------------------------------------------
  Kp [t1,t2,n]     = [    150.0,     150.0,     150.0] N/m
  Dp [t1,t2,n]     = [    133.7,      94.2,     128.3] Ns/m     auto (factor 1.90)
  KR [t1,t2,n]     = [     90.0,      90.0,      90.0] Nm/rad
  DR [t1,t2,n]     = [     10.8,      17.7,       2.0] Nms/rad  auto (factor 1.90)
orient:     t=  0.0 s | axis_err=  3.7 deg | spin_err=  0.7 deg
orient:     t=  0.2 s | axis_err=  2.9 deg | spin_err=  0.3 deg
orient:     t=  0.4 s | axis_err=  1.6 deg | spin_err=  0.1 deg

Orientation reached: axis_err=1.5 deg | spin_err=0.2 deg

-- phase: approach_descend ---------------------------------------------------
  Kp [t1,t2,n]     = [    150.0,     150.0,     150.0] N/m
  Dp [t1,t2,n]     = [    133.7,      94.2,     128.3] Ns/m     auto (factor 1.90)
  KR [t1,t2,n]     = [     90.0,      90.0,      90.0] Nm/rad
  DR [t1,t2,n]     = [     10.8,      17.7,       2.0] Nms/rad  auto (factor 1.90)
  descend to         20 mm clearance at 0.100 m/s
descend:    t=  0.0 s | distance=   0.1 mm | height=+130.4 mm (target 20.0) | force=  0.0 N
descend:    t=  0.2 s | distance=  20.1 mm | height=+118.8 mm (target 20.0) | force=  1.0 N
descend:    t=  0.4 s | distance=  40.1 mm | height=+102.6 mm (target 20.0) | force=  2.1 N
descend:    t=  0.6 s | distance=  60.2 mm | height= +85.1 mm (target 20.0) | force=  1.8 N
descend:    t=  0.8 s | distance=  80.3 mm | height= +66.8 mm (target 20.0) | force=  2.4 N
descend:    t=  1.0 s | distance= 100.4 mm | height= +48.9 mm (target 20.0) | force=  1.2 N
descend:    t=  1.2 s | distance= 120.5 mm | height= +31.0 mm (target 20.0) | force=  2.5 N

Clearance reached: distance=133.3 mm | height=19.9 mm | target=20.0 mm | force=2.4 N
  offset_ee        = [     20.0,      60.0,      20.0] mm
  p_EE_at_contact  = [    520.5,       2.7,      44.1] mm
  contact_point    = [    539.4,     -57.0,       1.3] mm
  edge_offset      = [     19.0,     -59.7,     -42.8] mm

-- phase: setup --------------------------------------------------------------

-- setup impedance -----------------------------------------------------------
  law                wrench = K_TCP*dx + D_TCP*dv
                     K_TCP  = Ad(r_c)^T * blkdiag(Kp,KR) * Ad(r_c)
  Kp [t1,t2,n]     = [   2000.0,    2000.0,     350.0] N/m
  Dp [t1,t2,n]     = [    231.5,     171.9,     112.9] Ns/m     auto
  KR [t1,t2,n]     = [      5.0,       5.0,      50.0] Nm/rad
  DR [t1,t2,n]     = [      1.4,       2.0,       0.9] Nms/rad  auto
  p_c [EE]         = [     -0.0,      60.0,       0.0] mm       commanded in the tool frame
  r_c [t1,t2,n]    = [      0.0,      59.9,       4.0] mm       p_TCP - p_c, in the plane
setup:     t=  0.0 s | tip=  0.0 deg | F=  0.0 N | M=  0.0 Nm (limit 150.0) | contact= 19.8 mm
setup:     t=  0.2 s | tip=  1.0 deg | F=  0.7 N | M=  0.6 Nm (limit 150.0) | contact=  7.3 mm
setup:     t=  0.4 s | tip=  1.5 deg | F= 16.3 N | M=  8.9 Nm (limit 150.0) | contact=  2.6 mm
setup:     t=  0.6 s | tip=  1.6 deg | F= 15.2 N | M=  8.5 Nm (limit 150.0) | contact=  2.7 mm
setup:     t=  0.8 s | tip=  1.6 deg | F= 20.7 N | M= 11.2 Nm (limit 150.0) | contact=  2.8 mm
setup:     t=  1.0 s | tip=  1.6 deg | F= 26.5 N | M= 14.2 Nm (limit 150.0) | contact=  3.0 mm
setup:     t=  1.2 s | tip=  1.6 deg | F= 31.9 N | M= 17.1 Nm (limit 150.0) | contact=  3.1 mm
setup:     t=  1.4 s | tip=  1.6 deg | F= 37.3 N | M= 19.8 Nm (limit 150.0) | contact=  3.3 mm
setup:     t=  1.6 s | tip=  1.6 deg | F= 42.8 N | M= 22.6 Nm (limit 150.0) | contact=  3.4 mm
setup:     t=  1.8 s | tip=  1.6 deg | F= 48.7 N | M= 25.7 Nm (limit 150.0) | contact=  3.6 mm
setup:     t=  2.0 s | tip=  1.6 deg | F= 54.4 N | M= 28.6 Nm (limit 150.0) | contact=  3.8 mm
setup:     t=  2.2 s | tip=  1.7 deg | F= 60.4 N | M= 31.7 Nm (limit 150.0) | contact=  4.0 mm
setup:     t=  2.4 s | tip=  1.7 deg | F= 65.8 N | M= 34.5 Nm (limit 150.0) | contact=  4.1 mm
setup:     t=  2.6 s | tip=  1.7 deg | F= 71.3 N | M= 37.4 Nm (limit 150.0) | contact=  4.3 mm
setup:     t=  2.8 s | tip=  1.7 deg | F= 76.8 N | M= 40.3 Nm (limit 150.0) | contact=  4.5 mm
setup:     t=  3.0 s | tip=  1.7 deg | F= 81.9 N | M= 42.9 Nm (limit 150.0) | contact=  4.6 mm
setup:     t=  3.2 s | tip=  1.7 deg | F= 87.6 N | M= 45.9 Nm (limit 150.0) | contact=  4.8 mm
setup:     t=  3.4 s | tip=  1.7 deg | F= 82.6 N | M= 43.7 Nm (limit 150.0) | contact=  4.7 mm
setup:     t=  3.6 s | tip=  1.7 deg | F= 82.4 N | M= 43.6 Nm (limit 150.0) | contact=  4.7 mm
setup:     t=  3.8 s | tip=  1.7 deg | F= 82.4 N | M= 43.6 Nm (limit 150.0) | contact=  4.7 mm
setup:     t=  4.0 s | tip=  1.7 deg | F= 82.3 N | M= 43.6 Nm (limit 150.0) | contact=  4.7 mm
setup:     t=  4.2 s | tip=  1.7 deg | F= 82.2 N | M= 43.5 Nm (limit 150.0) | contact=  4.7 mm
setup:     t=  4.4 s | tip=  1.7 deg | F= 82.2 N | M= 43.5 Nm (limit 150.0) | contact=  4.7 mm
setup:     t=  4.6 s | tip=  1.7 deg | F= 82.0 N | M= 43.4 Nm (limit 150.0) | contact=  4.7 mm
setup:     t=  4.8 s | tip=  1.7 deg | F= 82.2 N | M= 43.5 Nm (limit 150.0) | contact=  4.7 mm

==============================================================================
  SETUP RESULT
==============================================================================
  stop: time | t=5.0 s | tip=1.7 deg | F=82.1 N | M=43.4 Nm
  contact_from_start = [-2.6, +0.4, -3.9] mm | norm=4.7 mm
  tcp_from_contact  = [-21.6, +59.5, +19.5] mm | norm=66.2 mm
  alignment: before=3.87 deg | after=4.41 deg | gain=-0.54 deg
  alignment components [t1,t2,n] deg: before=[-3.81,-0.66,+0.00] | after=[-3.73,-2.35,+0.00]

-- setup surface-frame breakdown ---------------------------------------------
  frame              alignment-target [tangent1, tangent2, normal]
  force        [N]      = [    +3.94,     -1.32,    -82.02]
  tcp_disp     [mm]     = [    -2.23,     +0.38,    -23.37]
  contact_disp [mm]     = [    -2.49,     +0.49,     -3.95]
  Kp_eff=F/tcp [N/m]    = [  -1769.4,   -3510.1,    3509.2]
  M_contact    [Nm]     = [    -0.85,    +41.77,     -0.67]
  tip_angle    [deg]    = [    +0.07,     -1.66,     -0.44]
  KR_eff=M/ang [Nm/rad] = [   -669.3,   -1437.8,      87.5]
  frame              tool face [length, width, tool axis]
  M_contact    [Nm]     = [   -41.64,     +0.49,     +3.41]

-- center of compliance ------------------------------------------------------
  definition         r_c = p_TCP - p_c
  p_TCP [x,y,z]    = [    517.8,       2.5,      20.8] mm
  p_c [EE]         = [      0.0,      60.0,      -0.0] mm
  r_c [t1,t2,n]    = [     -0.3,      59.9,       3.9] mm
                     p_c resolved at end of setup

-- effective TCP impedance ---------------------------------------------------
  K_TCP translation = [   1999.5,    1998.7,     351.8] N/m
  K_TCP rotation   = [      6.3,       5.0,      57.1] Nm/rad
  commanded KR was = [      5.0,       5.0,      50.0] Nm/rad   including lever contribution
  D_TCP translation = [    231.5,     171.9,     112.9] Ns/m
  D_TCP rotation   = [      1.8,       2.0,       1.7] Nms/rad
  coupling           max |moment per unit translation| = 119.9 Nm/m (K), 13.9 Nms/m (D)
  eigenvalues        K_TCP 4.98 .. 2007 | D_TCP 0.88 .. 232  (both positive: valid springs)

  K_TCP [N/m, Nm/rad | rows fx..mz, cols tx..rz]:
           tx        ty        tz    |    rx        ry        rz
  fx [    2000  -0.7871   -28.44 |    1.703   -4.513    119.9 ]
  fy [ -0.7871     1999   -45.62 |    7.254  0.01291   0.4407 ]
  fz [  -28.44   -45.62    351.8 |   -21.19 -0.02157   -1.716 ]
     ---------------------------+---------------------------
  mx [   1.703    7.254   -21.19 |      6.3  0.02279   0.8795 ]
  my [  -4.513  0.01291 -0.02157 |  0.02279    5.045   0.9736 ]
  mz [   119.9   0.4407   -1.716 |   0.8795   0.9736    57.14 ]

  D_TCP [Ns/m, Nms/rad]:
           tx        ty        tz    |    rx        ry        rz
  fx [   231.5  -0.0566   -2.045 |   0.1225  -0.5228    13.88 ]
  fy [ -0.0566    171.9   -1.633 |   0.4865 0.0005266  0.03856 ]
  fz [  -2.045   -1.633    112.9 |   -6.775 -0.02294   -0.123 ]
     ---------------------------+---------------------------
  mx [  0.1225   0.4865   -6.775 |    1.788  0.00114 -0.001076 ]
  my [ -0.5228 0.0005266 -0.02294 |  0.00114    1.958 -0.06099 ]
  mz [   13.88  0.03856   -0.123 | -0.001076 -0.06099    1.719 ]

[GATE] Set up finished (still pressing). Press Enter to start the grind (e+Enter stops).

Stop requested with e + Enter. Finishing control loop...

-- joint motion [deg] --------------------------------------------------------
  joint       start    final    delta
  q1            0.8      0.7     -0.2
  q2           12.1     29.9    +17.8
  q3           -0.5     -0.4     +0.1
  q4         -130.9   -129.3     +1.6
  q5           -0.1      5.7     +5.9
  q6          142.9    155.8    +12.9
  q7           44.7     39.7     -5.0

==============================================================================
  FINAL RESULT
==============================================================================
  p_d              = [    516.0,      -4.4,    -215.7] mm
  p_EE             = [    517.8,       2.5,      20.8] mm
  e_p              = [     -1.9,      -6.9,    -236.4] mm
  e_R              = [     0.06,     -1.68,     -0.39] deg
------------------------------------------------------------------------------
  position error     236.56 mm
  rotation error     1.72 deg
  csv                logs/surface_grinding_controller_log.csv
------------------------------------------------------------------------------
