
==============================================================================
  SURFACE GRINDING CONTROLLER
==============================================================================
  robot              172.16.0.2
  parameters         /home/hm-panda/Desktop/Thesis_Final_Control/surface_grinding_controller/params
------------------------------------------------------------------------------

==============================================================================
  SURFACE GRINDING CONTROLLER - STARTUP MENU
==============================================================================

-- RUN MODES -----------------------------------------------------------------
  s      Run orientation, approach, contact establishment, and grinding
  h      Cartesian pose hold at the initial posture
  t      Cartesian pose hold with the contact establishment impedance
  g      Start manual guidance from the current robot pose

-- ROBOT PREPARATION ---------------------------------------------------------
  i      Move to the configured initial joint posture

-- GRIPPER AND TOOL ----------------------------------------------------------
  o      Open the gripper
  c      Grasp the tool
  r      Recalibrate the gripper with empty fingers
  f      Pick up the tool from the holder
  b      Return the tool to the holder

-- PROGRAM -------------------------------------------------------------------
  e      Exit
------------------------------------------------------------------------------
  During control: e = stop | m = startup menu | g = guidance
------------------------------------------------------------------------------
Selection [s/h/t/g/i/o/c/r/f/b/e]: 
-- SELECTED MODE: STATE SEQUENCE ---------------------------------------------

-- moving to q_init ----------------------------------------------------------
  case               saved_qinit
  q1..q7 [deg]     = [0.8, 12.1, -0.5, -130.9, -0.2, 142.9, 44.7] deg
  saved_qinit = [0.014777, 0.210911, -0.009320, -2.284835, -0.002725, 2.493410, 0.780694] rad
  q_init reached.

-- start pose ----------------------------------------------------------------
  q_start          = [0.9, 12.1, -0.5, -130.9, -0.2, 142.9, 44.7] deg
  p_start          = [    531.4,       2.7,     156.8] mm

==============================================================================
  RUN
==============================================================================

-- state: tool_orientation ---------------------------------------------------
  Kp [t1,t2,n]     = [    150.0,     150.0,     150.0] N/m
  Dp [t1,t2,n]     = [    133.7,      94.2,     128.3] Ns/m     auto (factor 1.90)
  KR [t1,t2,n]     = [    180.0,     180.0,      90.0] Nm/rad
  DR [t1,t2,n]     = [     15.3,      25.0,       2.0] Nms/rad  auto (factor 1.90)
orient:     t=  0.0 s | axis_err= 12.0 deg | spin_err=  0.9 deg
orient:     t=  0.2 s | axis_err= 10.3 deg | spin_err=  0.9 deg
orient:     t=  0.4 s | axis_err=  6.6 deg | spin_err=  0.6 deg
orient:     t=  0.6 s | axis_err=  2.7 deg | spin_err=  0.3 deg
orient:     t=  0.8 s | axis_err=  1.0 deg | spin_err=  0.2 deg

Orientation reached: axis_err=0.8 deg | spin_err=0.2 deg

-- state: surface_approach ---------------------------------------------------
  Kp [t1,t2,n]     = [    150.0,     150.0,     150.0] N/m
  Dp [t1,t2,n]     = [    133.7,      94.2,     128.3] Ns/m     auto (factor 1.90)
  KR [t1,t2,n]     = [    180.0,     180.0,      90.0] Nm/rad
  DR [t1,t2,n]     = [     15.3,      25.0,       2.0] Nms/rad  auto (factor 1.90)
  descend to         20 mm clearance at 0.100 m/s
descend:    t=  0.0 s | distance=   0.1 mm | height=+120.8 mm (target 20.0) | force= -0.0 N
descend:    t=  0.2 s | distance=  20.2 mm | height=+110.7 mm (target 20.0) | force=  2.0 N
descend:    t=  0.4 s | distance=  40.3 mm | height= +96.0 mm (target 20.0) | force=  2.9 N
descend:    t=  0.6 s | distance=  60.4 mm | height= +79.8 mm (target 20.0) | force=  1.7 N
descend:    t=  0.8 s | distance=  80.5 mm | height= +63.1 mm (target 20.0) | force=  1.6 N
descend:    t=  1.0 s | distance= 100.6 mm | height= +46.1 mm (target 20.0) | force=  2.0 N
descend:    t=  1.2 s | distance= 120.7 mm | height= +29.1 mm (target 20.0) | force=  1.8 N

Clearance reached: distance=131.6 mm | height=20.0 mm | target=20.0 mm | force=2.4 N
  offset_ee        = [     20.0,     -60.0,      20.0] mm
  p_EE_at_contact  = [    514.9,       0.5,      50.8] mm
  contact_point    = [    533.3,      54.7,      -1.7] mm
  edge_offset      = [     18.5,      54.1,     -52.4] mm

-- state: contact_establishment ----------------------------------------------

-- contact establishment impedance -------------------------------------------
  law                wrench = K_TCP*dx + D_TCP*dv
                     K_TCP  = Ad(r_c)^T * blkdiag(Kp,KR) * Ad(r_c)
  Kp [t1,t2,n]     = [   2000.0,    2000.0,     350.0] N/m
  Dp [t1,t2,n]     = [    234.2,     174.7,     111.4] Ns/m     auto
  KR [t1,t2,n]     = [      5.0,       5.0,      50.0] Nm/rad
  DR [t1,t2,n]     = [      1.3,       2.0,       1.3] Nms/rad  auto
  p_c [EE]         = [      0.0,     -90.0,       0.0] mm       commanded in the tool frame
  r_c [t1,t2,n]    = [      0.0,      88.7,     -15.4] mm       p_c - p_TCP, in the plane
contact establishment:     t=  0.0 s | ee=  0.0 deg | F=  0.1 N | M=  0.0 Nm | contact= 19.9 mm
contact establishment:     t=  0.2 s | ee=  1.0 deg | F=  0.2 N | M=  0.3 Nm | contact=  7.2 mm
contact establishment:     t=  0.4 s | ee=  1.4 deg | F= 12.4 N | M=  0.8 Nm | contact=  2.3 mm
contact establishment:     t=  0.6 s | ee=  1.4 deg | F= 15.7 N | M=  0.9 Nm | contact=  2.4 mm
contact establishment:     t=  0.8 s | ee=  1.4 deg | F= 21.3 N | M=  1.2 Nm | contact=  2.4 mm
contact establishment:     t=  1.0 s | ee=  1.4 deg | F= 26.9 N | M=  1.6 Nm | contact=  2.5 mm
contact establishment:     t=  1.2 s | ee=  1.4 deg | F= 32.4 N | M=  2.0 Nm | contact=  2.5 mm
contact establishment:     t=  1.4 s | ee=  1.4 deg | F= 38.2 N | M=  2.3 Nm | contact=  2.6 mm
contact establishment:     t=  1.6 s | ee=  1.5 deg | F= 43.6 N | M=  2.8 Nm | contact=  2.7 mm
contact establishment:     t=  1.8 s | ee=  1.5 deg | F= 48.8 N | M=  3.2 Nm | contact=  2.8 mm
contact establishment:     t=  2.0 s | ee=  1.4 deg | F= 54.5 N | M=  3.4 Nm | contact=  2.8 mm
contact establishment:     t=  2.2 s | ee=  1.4 deg | F= 60.1 N | M=  3.8 Nm | contact=  2.9 mm
contact establishment:     t=  2.4 s | ee=  1.4 deg | F= 65.6 N | M=  4.2 Nm | contact=  3.0 mm
contact establishment:     t=  2.6 s | ee=  1.4 deg | F= 71.7 N | M=  4.6 Nm | contact=  3.1 mm
contact establishment:     t=  2.8 s | ee=  1.4 deg | F= 76.8 N | M=  4.9 Nm | contact=  3.2 mm
contact establishment:     t=  3.0 s | ee=  1.4 deg | F= 82.6 N | M=  5.3 Nm | contact=  3.2 mm
contact establishment:     t=  3.2 s | ee=  1.7 deg | F= 90.1 N | M=  5.6 Nm | contact=  3.2 mm
contact establishment:     t=  3.4 s | ee=  2.3 deg | F= 83.8 N | M=  5.3 Nm | contact=  3.0 mm
contact establishment:     t=  3.6 s | ee=  2.7 deg | F= 83.5 N | M=  5.3 Nm | contact=  3.0 mm
contact establishment:     t=  3.8 s | ee=  2.7 deg | F= 83.7 N | M=  5.3 Nm | contact=  3.0 mm
contact establishment:     t=  4.0 s | ee=  2.7 deg | F= 83.6 N | M=  5.3 Nm | contact=  3.0 mm
contact establishment:     t=  4.2 s | ee=  2.7 deg | F= 83.6 N | M=  5.4 Nm | contact=  3.0 mm
contact establishment:     t=  4.4 s | ee=  2.8 deg | F= 83.6 N | M=  5.4 Nm | contact=  3.0 mm
contact establishment:     t=  4.6 s | ee=  2.8 deg | F= 83.6 N | M=  5.4 Nm | contact=  3.0 mm
contact establishment:     t=  4.8 s | ee=  2.8 deg | F= 83.6 N | M=  5.3 Nm | contact=  3.0 mm

==============================================================================
  CONTACT-ESTABLISHMENT RESULT
==============================================================================
  stop: time | t=5.0 s | ee=2.8 deg | F=83.6 N | M_TCP=5.3 Nm
  contact_from_start = [-2.7, +0.5, -1.3] mm | norm=3.0 mm
  tcp_from_contact  = [-21.2, -52.5, +33.9] mm | norm=66.0 mm
  deviation: before=9.46 deg | after=12.19 deg | gain=-2.73 deg
  t_align: not reached | tolerance=2.00 deg | hold=0.30 s
  t_align_fraction: not reached | fraction=0.50 of the deviation at contact
  deviation_min: 9.42 deg at t=0.05 s
  align_status: not_aligned
  deviation components [t1,t2,n] deg: before=[+9.45,-0.48,+0.00] | after=[+12.15,-1.06,-0.00]

-- contact establishment surface-frame breakdown -----------------------------
  frame              alignment-target [tangent1, tangent2, normal]
  force        [N]      = [    +4.55,     -3.02,    -83.38]
  tcp_disp     [mm]     = [    -2.46,     +2.13,    -18.52]
  contact_disp [mm]     = [    -2.67,     +0.58,     -1.31]
  Kp_eff=F/tcp [N/m]    = [  -1847.1,   -1420.6,    4501.5]
  M_contact    [Nm]     = [    -0.67,     -0.75,     -0.16]
  ee_angle     [deg]    = [    +2.70,     -0.57,     +0.12]
  KR_eff=M/ang [Nm/rad] = [    -14.3,      75.8,     -79.3]
  frame              tool face [length, width, tool axis]
  M_contact    [Nm]     = [    +0.70,     +0.67,     +0.33]

-- center of compliance ------------------------------------------------------
  definition         r_c = p_c - p_TCP
  p_TCP [x,y,z]    = [    512.1,       2.1,      32.2] mm
  p_c [EE]         = [      0.0,     -90.0,       0.0] mm
  r_c [t1,t2,n]    = [      0.1,      87.9,     -19.5] mm
                     p_c resolved at end of contact establishment

-- effective TCP impedance ---------------------------------------------------
  K_TCP translation = [   1999.5,    1998.7,     351.8] N/m
  K_TCP rotation   = [      8.5,       6.0,      65.2] Nm/rad
  commanded KR was = [      5.0,       5.0,      50.0] Nm/rad   including lever contribution
  D_TCP translation = [    234.1,     174.6,     111.5] Ns/m
  D_TCP rotation   = [      2.2,       2.2,       3.1] Nms/rad
  coupling           max |moment per unit translation| = 174.5 Nm/m (K), 20.4 Nms/m (D)
  eigenvalues        K_TCP 4.96 .. 2017 | D_TCP 1.26 .. 236  (both positive: valid springs)

  K_TCP [N/m, Nm/rad | rows fx..mz, cols tx..rz]:
           tx        ty        tz    |    rx        ry        rz
  fx [    2000  -0.7871   -28.44 |   -2.499    -43.9   -174.5 ]
  fy [ -0.7871     1999   -45.62 |    39.89 0.004451  -0.4932 ]
  fz [  -28.44   -45.62    351.8 |     29.7   0.7231    2.495 ]
     ---------------------------+---------------------------
  mx [  -2.499    39.89     29.7 |    8.481  0.08468   0.9825 ]
  my [   -43.9 0.004451   0.7231 |  0.08468    5.998    5.076 ]
  mz [  -174.5  -0.4932    2.495 |   0.9825    5.076    65.18 ]

  D_TCP [Ns/m, Nms/rad]:
           tx        ty        tz    |    rx        ry        rz
  fx [   234.1 -0.05854   -2.115 |  -0.1859   -5.139   -20.43 ]
  fy [-0.05854    174.6   -1.748 |    3.681 0.0007934 -0.04399 ]
  fz [  -2.115   -1.748    111.5 |    9.696  0.07778   0.1851 ]
     ---------------------------+---------------------------
  mx [ -0.1859    3.681    9.696 |    2.198 0.006833  0.01616 ]
  my [  -5.139 0.0007934  0.07778 | 0.006833    2.159   0.4287 ]
  mz [  -20.43 -0.04399   0.1851 |  0.01616   0.4287    3.112 ]

[STATE] Pre-grinding hold active. Press Enter to start grinding (e+Enter stops).

-- state: pre_grinding_hold --------------------------------------------------
  motion             established contact command
  impedance          inherited from contact establishment
  keys               Enter continue | e stop

Stop requested with e + Enter. Finishing control loop...

-- joint motion [deg] --------------------------------------------------------
  joint       start    final    delta
  q1            0.9      0.9     +0.1
  q2           12.1     28.3    +16.2
  q3           -0.5      0.9     +1.4
  q4         -130.9   -128.8     +2.1
  q5           -0.2    -29.5    -29.3
  q6          142.9    149.6     +6.8
  q7           44.7     73.4    +28.7

==============================================================================
  FINAL RESULT
==============================================================================
  p_d              = [    510.4,      -6.7,    -209.1] mm
  p_EE             = [    512.1,       2.1,      32.2] mm
  e_p              = [     -1.7,      -8.8,    -241.3] mm
  e_R              = [     2.70,     -0.56,      0.09] deg
------------------------------------------------------------------------------
  position error     241.48 mm
  rotation error     2.76 deg
  csv                logs/surface_grinding_controller_log.csv
------------------------------------------------------------------------------
