
==============================================================================
  SURFACE GRINDING CONTROLLER
==============================================================================
  robot              172.16.0.2
  parameters         /home/hm-panda/Desktop/Thesis_Final_Control/surface_grinding_controller/params
------------------------------------------------------------------------------

==============================================================================
  SURFACE GRINDING CONTROLLER - STARTUP MENU
==============================================================================

-- RUN MODES -----------------------------------------------------------------
  s      Run orientation, approach, setup, and grinding
  h      Cartesian pose hold at the initial posture
  t      Cartesian pose hold with the setup impedance
  g      Start manual guidance from the current robot pose

-- ROBOT PREPARATION ---------------------------------------------------------
  i      Move to the configured initial joint posture

-- GRIPPER AND TOOL ----------------------------------------------------------
  o      Open the gripper
  c      Grasp the tool
  r      Recalibrate the gripper with empty fingers
  f      Pick up the tool from the holder
  b      Return the tool to the holder

-- PROGRAM -------------------------------------------------------------------
  e      Exit
------------------------------------------------------------------------------
  During control: e = stop | m = startup menu | g = guidance
------------------------------------------------------------------------------
Selection [s/h/t/g/i/o/c/r/f/b/e]: 
-- SELECTED MODE: PHASE SEQUENCE ---------------------------------------------

-- moving to q_init ----------------------------------------------------------
  case               saved_qinit
  q1..q7 [deg]     = [0.8, 12.1, -0.5, -130.9, -0.2, 142.9, 44.7] deg
  saved_qinit = [0.014777, 0.210911, -0.009320, -2.284835, -0.002725, 2.493410, 0.780694] rad
  q_init reached.

-- start pose ----------------------------------------------------------------
  q_start          = [0.8, 12.1, -0.5, -130.9, -0.2, 142.9, 44.7] deg
  p_start          = [    531.4,       2.5,     156.9] mm

==============================================================================
  RUN
==============================================================================

-- phase: approach_orient ----------------------------------------------------
  Kp [t1,t2,n]     = [    150.0,     150.0,     150.0] N/m
  Dp [t1,t2,n]     = [    133.7,      94.2,     128.3] Ns/m     auto (factor 1.90)
  KR [t1,t2,n]     = [    180.0,     180.0,      90.0] Nm/rad
  DR [t1,t2,n]     = [     15.3,      25.0,       2.0] Nms/rad  auto (factor 1.90)
orient:     t=  0.0 s | axis_err=  2.9 deg | spin_err=  0.7 deg
orient:     t=  0.2 s | axis_err=  1.7 deg | spin_err=  0.0 deg
orient:     t=  0.4 s | axis_err=  0.9 deg | spin_err=  0.0 deg
orient:     t=  0.6 s | axis_err=  0.7 deg | spin_err=  0.0 deg
orient:     t=  0.8 s | axis_err=  0.7 deg | spin_err=  0.0 deg

Orientation reached: axis_err=0.6 deg | spin_err=0.0 deg

-- phase: approach_descend ---------------------------------------------------
  Kp [t1,t2,n]     = [    150.0,     150.0,     150.0] N/m
  Dp [t1,t2,n]     = [    133.7,      94.2,     128.3] Ns/m     auto (factor 1.90)
  KR [t1,t2,n]     = [    180.0,     180.0,      90.0] Nm/rad
  DR [t1,t2,n]     = [     15.3,      25.0,       2.0] Nms/rad  auto (factor 1.90)
  descend to         20 mm clearance at 0.100 m/s
descend:    t=  0.0 s | distance=   0.1 mm | height=+129.8 mm (target 20.0) | force= -0.0 N
descend:    t=  0.2 s | distance=  20.2 mm | height=+118.8 mm (target 20.0) | force=  2.1 N
descend:    t=  0.4 s | distance=  40.3 mm | height=+102.6 mm (target 20.0) | force=  1.6 N
descend:    t=  0.6 s | distance=  60.4 mm | height= +85.3 mm (target 20.0) | force=  0.5 N
descend:    t=  0.8 s | distance=  80.5 mm | height= +67.9 mm (target 20.0) | force=  2.2 N
descend:    t=  1.0 s | distance= 100.6 mm | height= +50.3 mm (target 20.0) | force=  1.4 N
descend:    t=  1.2 s | distance= 120.7 mm | height= +32.7 mm (target 20.0) | force=  2.9 N

Clearance reached: distance=135.1 mm | height=19.9 mm | target=20.0 mm | force=2.8 N
  offset_ee        = [     20.0,      60.0,      20.0] mm
  p_EE_at_contact  = [    517.7,      -0.4,      41.1] mm
  contact_point    = [    536.3,     -61.4,       1.5] mm
  edge_offset      = [     18.6,     -61.0,     -39.6] mm

-- phase: setup --------------------------------------------------------------

-- setup impedance -----------------------------------------------------------
  law                wrench = K_TCP*dx + D_TCP*dv
                     K_TCP  = Ad(r_c)^T * blkdiag(Kp,KR) * Ad(r_c)
  Kp [t1,t2,n]     = [   2000.0,    2000.0,     350.0] N/m
  Dp [t1,t2,n]     = [    232.4,     170.6,     112.8] Ns/m     auto
  KR [t1,t2,n]     = [      5.0,       5.0,      50.0] Nm/rad
  DR [t1,t2,n]     = [      1.3,       2.0,       0.8] Nms/rad  auto
  p_c [EE]         = [      0.0,     -60.0,      -0.0] mm       commanded in the tool frame
  r_c [t1,t2,n]    = [     -0.0,     -60.0,      -0.4] mm       p_TCP - p_c, in the plane
setup:     t=  0.0 s | ee=  0.0 deg | F=  0.1 N | M=  0.1 Nm (limit 150.0) | contact= 19.9 mm
setup:     t=  0.2 s | ee=  0.9 deg | F=  1.3 N | M=  0.6 Nm (limit 150.0) | contact=  7.4 mm
setup:     t=  0.4 s | ee=  1.2 deg | F= 13.3 N | M=  7.4 Nm (limit 150.0) | contact=  2.6 mm
setup:     t=  0.6 s | ee=  1.3 deg | F= 15.3 N | M=  8.4 Nm (limit 150.0) | contact=  2.6 mm
setup:     t=  0.8 s | ee=  1.3 deg | F= 20.7 N | M= 11.2 Nm (limit 150.0) | contact=  2.7 mm
setup:     t=  1.0 s | ee=  1.3 deg | F= 25.7 N | M= 13.8 Nm (limit 150.0) | contact=  2.8 mm
setup:     t=  1.2 s | ee=  1.3 deg | F= 31.4 N | M= 16.8 Nm (limit 150.0) | contact=  2.9 mm
setup:     t=  1.4 s | ee=  1.3 deg | F= 37.0 N | M= 19.7 Nm (limit 150.0) | contact=  3.0 mm
setup:     t=  1.6 s | ee=  1.3 deg | F= 42.9 N | M= 22.7 Nm (limit 150.0) | contact=  3.1 mm
setup:     t=  1.8 s | ee=  1.3 deg | F= 48.6 N | M= 25.7 Nm (limit 150.0) | contact=  3.2 mm
setup:     t=  2.0 s | ee=  1.3 deg | F= 54.0 N | M= 28.5 Nm (limit 150.0) | contact=  3.3 mm
setup:     t=  2.2 s | ee=  1.4 deg | F= 59.5 N | M= 31.3 Nm (limit 150.0) | contact=  3.4 mm
setup:     t=  2.4 s | ee=  1.4 deg | F= 64.7 N | M= 34.0 Nm (limit 150.0) | contact=  3.6 mm
setup:     t=  2.6 s | ee=  1.4 deg | F= 70.5 N | M= 37.0 Nm (limit 150.0) | contact=  3.7 mm
setup:     t=  2.8 s | ee=  1.4 deg | F= 76.0 N | M= 39.9 Nm (limit 150.0) | contact=  3.8 mm
setup:     t=  3.0 s | ee=  1.4 deg | F= 81.6 N | M= 42.8 Nm (limit 150.0) | contact=  4.0 mm
setup:     t=  3.2 s | ee=  1.4 deg | F= 87.5 N | M= 45.8 Nm (limit 150.0) | contact=  4.1 mm
setup:     t=  3.4 s | ee=  1.4 deg | F= 83.1 N | M= 43.5 Nm (limit 150.0) | contact=  4.0 mm
setup:     t=  3.6 s | ee=  1.4 deg | F= 83.0 N | M= 43.5 Nm (limit 150.0) | contact=  4.0 mm
setup:     t=  3.8 s | ee=  1.4 deg | F= 82.9 N | M= 43.4 Nm (limit 150.0) | contact=  4.0 mm
setup:     t=  4.0 s | ee=  1.4 deg | F= 82.9 N | M= 43.4 Nm (limit 150.0) | contact=  4.0 mm
setup:     t=  4.2 s | ee=  1.4 deg | F= 82.8 N | M= 43.4 Nm (limit 150.0) | contact=  4.0 mm
setup:     t=  4.4 s | ee=  1.4 deg | F= 82.8 N | M= 43.4 Nm (limit 150.0) | contact=  4.0 mm
setup:     t=  4.6 s | ee=  1.4 deg | F= 82.8 N | M= 43.4 Nm (limit 150.0) | contact=  4.0 mm
setup:     t=  4.8 s | ee=  1.4 deg | F= 82.8 N | M= 43.4 Nm (limit 150.0) | contact=  4.0 mm

==============================================================================
  SETUP RESULT
==============================================================================
  stop: time | t=5.0 s | ee=1.4 deg | F=82.7 N | M=43.3 Nm
  contact_from_start = [-3.2, -0.3, -2.4] mm | norm=4.0 mm
  tcp_from_contact  = [-21.2, +60.3, +17.7] mm | norm=66.3 mm
  deviation: before=0.81 deg | after=1.77 deg | gain=-0.96 deg
  deviation components [t1,t2,n] deg: before=[-0.76,-0.28,+0.00] | after=[-0.76,-1.60,+0.00]

-- setup surface-frame breakdown ---------------------------------------------
  frame              alignment-target [tangent1, tangent2, normal]
  force        [N]      = [    +2.95,     +0.99,    -82.66]
  tcp_disp     [mm]     = [    -2.17,     -0.05,    -21.97]
  contact_disp [mm]     = [    -3.18,     -0.22,     -2.45]
  Kp_eff=F/tcp [N/m]    = [  -1359.2,  -19029.3,    3762.4]
  M_contact    [Nm]     = [    -9.02,    +41.70,     +0.12]
  tip_angle    [deg]    = [    +0.01,     -1.33,     +0.49]
  KR_eff=M/ang [Nm/rad] = [      n/a,   -1803.1,      13.8]
  frame              tool face [length, width, tool axis]
  M_contact    [Nm]     = [   -41.61,     +9.41,     +0.68]

-- center of compliance ------------------------------------------------------
  definition         r_c = p_TCP - p_c
  p_TCP [x,y,z]    = [    515.1,      -1.0,      19.2] mm
  p_c [EE]         = [      0.0,     -60.0,       0.0] mm
  r_c [t1,t2,n]    = [     -0.6,     -60.0,      -0.4] mm
                     p_c resolved at end of setup

-- effective TCP impedance ---------------------------------------------------
  K_TCP translation = [   1999.5,    1998.7,     351.8] N/m
  K_TCP rotation   = [      6.3,       5.0,      57.1] Nm/rad
  commanded KR was = [      5.0,       5.0,      50.0] Nm/rad   including lever contribution
  D_TCP translation = [    232.3,     170.5,     112.9] Ns/m
  D_TCP rotation   = [      1.7,       2.0,       1.6] Nms/rad
  coupling           max |moment per unit translation| = 119.9 Nm/m (K), 13.9 Nms/m (D)
  eigenvalues        K_TCP 4.98 .. 2007 | D_TCP 0.79 .. 233  (both positive: valid springs)

  K_TCP [N/m, Nm/rad | rows fx..mz, cols tx..rz]:
           tx        ty        tz    |    rx        ry        rz
  fx [    2000  -0.7871   -28.44 |   -1.707   -2.572   -119.9 ]
  fy [ -0.7871     1999   -45.62 |  -0.1493  0.02722    1.195 ]
  fz [  -28.44   -45.62    351.8 |    21.04  -0.1652     1.68 ]
     ---------------------------+---------------------------
  mx [  -1.707  -0.1493    21.04 |    6.275  0.01159   0.8779 ]
  my [  -2.572  0.02722  -0.1652 |  0.01159    5.038    1.398 ]
  mz [  -119.9    1.195     1.68 |   0.8779    1.398    57.15 ]

  D_TCP [Ns/m, Nms/rad]:
           tx        ty        tz    |    rx        ry        rz
  fx [   232.3 -0.05704   -2.061 |  -0.1237  -0.2995   -13.93 ]
  fy [-0.05704    170.5   -1.598 |   0.1249 0.0009914   0.1014 ]
  fz [  -2.061   -1.598    112.9 |    6.768 -0.06215   0.1227 ]
     ---------------------------+---------------------------
  mx [ -0.1237   0.1249    6.768 |    1.709 -0.003968 -0.00124 ]
  my [ -0.2995 0.0009914 -0.06215 | -0.003968    2.018  -0.0158 ]
  mz [  -13.93   0.1014   0.1227 | -0.00124  -0.0158    1.634 ]

[GATE] Set up finished (still pressing). Press Enter to start the grind (e+Enter stops).

Stop requested with e + Enter. Finishing control loop...

-- joint motion [deg] --------------------------------------------------------
  joint       start    final    delta
  q1            0.8      0.5     -0.4
  q2           12.1     30.0    +17.9
  q3           -0.5     -0.5     +0.0
  q4         -130.9   -129.3     +1.6
  q5           -0.2     -2.3     -2.1
  q6          142.9    155.2    +12.3
  q7           44.7     47.7     +3.0

==============================================================================
  FINAL RESULT
==============================================================================
  p_d              = [    513.2,      -7.6,    -218.7] mm
  p_EE             = [    515.1,      -1.0,      19.2] mm
  e_p              = [     -1.9,      -6.5,    -237.9] mm
  e_R              = [     0.02,     -1.31,      0.53] deg
------------------------------------------------------------------------------
  position error     237.99 mm
  rotation error     1.41 deg
  csv                logs/surface_grinding_controller_log.csv
------------------------------------------------------------------------------
