
==============================================================================
  SURFACE GRINDING CONTROLLER
==============================================================================
  robot              172.16.0.2
  parameters         /home/hm-panda/Desktop/Thesis_Final_Control/surface_grinding_controller/params
------------------------------------------------------------------------------

==============================================================================
  SURFACE GRINDING CONTROLLER - STARTUP MENU
==============================================================================

-- RUN MODES -----------------------------------------------------------------
  s      Run orientation, approach, setup, and grinding
  h      Cartesian pose hold at the initial posture
  t      Cartesian pose hold with the setup impedance
  g      Start manual guidance from the current robot pose

-- ROBOT PREPARATION ---------------------------------------------------------
  i      Move to the configured initial joint posture

-- GRIPPER AND TOOL ----------------------------------------------------------
  o      Open the gripper
  c      Grasp the tool
  r      Recalibrate the gripper with empty fingers
  f      Pick up the tool from the holder
  b      Return the tool to the holder

-- PROGRAM -------------------------------------------------------------------
  e      Exit
------------------------------------------------------------------------------
  During control: e = stop | m = startup menu | g = guidance
------------------------------------------------------------------------------
Selection [s/h/t/g/i/o/c/r/f/b/e]: 
-- SELECTED MODE: PHASE SEQUENCE ---------------------------------------------

-- moving to q_init ----------------------------------------------------------
  case               saved_qinit
  q1..q7 [deg]     = [0.8, 12.1, -0.5, -130.9, -0.2, 142.9, 44.7] deg
  saved_qinit = [0.014777, 0.210911, -0.009320, -2.284835, -0.002725, 2.493410, 0.780694] rad
  q_init reached.

-- start pose ----------------------------------------------------------------
  q_start          = [0.8, 12.1, -0.5, -130.9, -0.1, 142.9, 44.7] deg
  p_start          = [    531.3,       2.4,     156.8] mm

==============================================================================
  RUN
==============================================================================

-- phase: approach_orient ----------------------------------------------------
  Kp [t1,t2,n]     = [    150.0,     150.0,     150.0] N/m
  Dp [t1,t2,n]     = [    133.7,      94.2,     128.3] Ns/m     auto (factor 1.90)
  KR [t1,t2,n]     = [     90.0,      90.0,      90.0] Nm/rad
  DR [t1,t2,n]     = [     10.8,      17.7,       2.0] Nms/rad  auto (factor 1.90)
orient:     t=  0.0 s | axis_err=  8.6 deg | spin_err=  0.6 deg
orient:     t=  0.2 s | axis_err=  8.0 deg | spin_err=  0.1 deg
orient:     t=  0.4 s | axis_err=  4.7 deg | spin_err=  0.2 deg
orient:     t=  0.6 s | axis_err=  2.0 deg | spin_err=  0.2 deg

Orientation reached: axis_err=2.0 deg | spin_err=0.2 deg

-- phase: approach_descend ---------------------------------------------------
  Kp [t1,t2,n]     = [    150.0,     150.0,     150.0] N/m
  Dp [t1,t2,n]     = [    133.7,      94.2,     128.3] Ns/m     auto (factor 1.90)
  KR [t1,t2,n]     = [     90.0,      90.0,      90.0] Nm/rad
  DR [t1,t2,n]     = [     10.8,      17.7,       2.0] Nms/rad  auto (factor 1.90)
  descend to         20 mm clearance at 0.100 m/s
descend:    t=  0.0 s | distance=   0.1 mm | height=+125.4 mm (target 20.0) | force=  0.0 N
descend:    t=  0.2 s | distance=  20.1 mm | height=+113.6 mm (target 20.0) | force=  1.8 N
descend:    t=  0.4 s | distance=  40.2 mm | height= +97.7 mm (target 20.0) | force=  3.0 N
descend:    t=  0.6 s | distance=  60.3 mm | height= +81.3 mm (target 20.0) | force=  2.7 N
descend:    t=  0.8 s | distance=  80.4 mm | height= +64.2 mm (target 20.0) | force=  2.7 N
descend:    t=  1.0 s | distance= 100.5 mm | height= +46.7 mm (target 20.0) | force=  3.4 N
descend:    t=  1.2 s | distance= 120.6 mm | height= +29.6 mm (target 20.0) | force=  3.6 N

Clearance reached: distance=131.6 mm | height=20.0 mm | target=20.0 mm | force=1.8 N
  offset_ee        = [     20.0,      60.0,      20.0] mm
  p_EE_at_contact  = [    519.4,       1.8,      49.0] mm
  contact_point    = [    538.1,     -55.9,       1.3] mm
  edge_offset      = [     18.7,     -57.7,     -47.7] mm

-- phase: setup --------------------------------------------------------------

-- setup impedance -----------------------------------------------------------
  law                wrench = K_TCP*dx + D_TCP*dv
                     K_TCP  = Ad(r_c)^T * blkdiag(Kp,KR) * Ad(r_c)
  Kp [t1,t2,n]     = [   2000.0,    2000.0,     350.0] N/m
  Dp [t1,t2,n]     = [    230.6,     177.2,     112.3] Ns/m     auto
  KR [t1,t2,n]     = [      5.0,       5.0,      50.0] Nm/rad
  DR [t1,t2,n]     = [      1.5,       1.9,       1.2] Nms/rad  auto
  p_c [EE]         = [     -0.0,      -0.0,     -60.0] mm       commanded in the tool frame
  r_c [t1,t2,n]    = [     -1.0,       8.9,     -59.3] mm       p_TCP - p_c, in the plane
setup:     t=  0.0 s | tip=  0.0 deg | F=  0.1 N | M=  0.0 Nm (limit 150.0) | contact= 19.9 mm
setup:     t=  0.2 s | tip=  1.0 deg | F=  1.5 N | M=  1.2 Nm (limit 150.0) | contact=  7.2 mm
setup:     t=  0.4 s | tip=  1.7 deg | F= 15.3 N | M=  8.7 Nm (limit 150.0) | contact=  4.6 mm
setup:     t=  0.6 s | tip=  1.7 deg | F= 16.3 N | M=  9.2 Nm (limit 150.0) | contact=  4.6 mm
setup:     t=  0.8 s | tip=  1.7 deg | F= 21.9 N | M= 12.0 Nm (limit 150.0) | contact=  4.8 mm
setup:     t=  1.0 s | tip=  1.7 deg | F= 27.1 N | M= 14.7 Nm (limit 150.0) | contact=  4.9 mm
setup:     t=  1.2 s | tip=  1.8 deg | F= 33.0 N | M= 17.8 Nm (limit 150.0) | contact=  5.0 mm
setup:     t=  1.4 s | tip=  1.8 deg | F= 38.6 N | M= 20.7 Nm (limit 150.0) | contact=  5.2 mm
setup:     t=  1.6 s | tip=  1.8 deg | F= 44.6 N | M= 23.9 Nm (limit 150.0) | contact=  5.3 mm
setup:     t=  1.8 s | tip=  1.8 deg | F= 50.2 N | M= 26.7 Nm (limit 150.0) | contact=  5.4 mm
setup:     t=  2.0 s | tip=  1.9 deg | F= 55.8 N | M= 29.6 Nm (limit 150.0) | contact=  5.6 mm
setup:     t=  2.2 s | tip=  1.9 deg | F= 61.2 N | M= 32.5 Nm (limit 150.0) | contact=  5.7 mm
setup:     t=  2.4 s | tip=  1.9 deg | F= 66.3 N | M= 35.1 Nm (limit 150.0) | contact=  5.9 mm
setup:     t=  2.6 s | tip=  2.0 deg | F= 71.7 N | M= 38.0 Nm (limit 150.0) | contact=  6.0 mm
setup:     t=  2.8 s | tip=  2.1 deg | F= 78.2 N | M= 41.4 Nm (limit 150.0) | contact=  6.1 mm
setup:     t=  3.0 s | tip=  2.3 deg | F= 82.1 N | M= 43.3 Nm (limit 150.0) | contact=  6.3 mm
setup:     t=  3.2 s | tip=  2.5 deg | F= 89.1 N | M= 47.0 Nm (limit 150.0) | contact=  6.2 mm
setup:     t=  3.4 s | tip=  2.9 deg | F= 82.9 N | M= 43.7 Nm (limit 150.0) | contact=  6.2 mm
setup:     t=  3.6 s | tip=  3.6 deg | F= 81.4 N | M= 43.1 Nm (limit 150.0) | contact=  6.1 mm
setup:     t=  3.8 s | tip=  4.4 deg | F= 81.0 N | M= 42.8 Nm (limit 150.0) | contact=  6.2 mm
setup:     t=  4.0 s | tip=  5.1 deg | F= 80.9 N | M= 42.7 Nm (limit 150.0) | contact=  6.3 mm
setup:     t=  4.2 s | tip=  5.5 deg | F= 81.1 N | M= 42.9 Nm (limit 150.0) | contact=  6.3 mm
setup:     t=  4.4 s | tip=  5.9 deg | F= 81.4 N | M= 43.0 Nm (limit 150.0) | contact=  6.4 mm
setup:     t=  4.6 s | tip=  5.9 deg | F= 81.7 N | M= 43.2 Nm (limit 150.0) | contact=  6.4 mm
setup:     t=  4.8 s | tip=  5.9 deg | F= 81.6 N | M= 43.1 Nm (limit 150.0) | contact=  6.4 mm

==============================================================================
  SETUP RESULT
==============================================================================
  stop: time | t=5.0 s | tip=5.9 deg | F=81.6 N | M=43.2 Nm
  contact_from_start = [-4.7, +0.6, -4.2] mm | norm=6.4 mm
  tcp_from_contact  = [-22.4, +60.2, +18.9] mm | norm=67.0 mm
  alignment: before=8.55 deg | after=4.80 deg | gain=+3.76 deg
  alignment components [t1,t2,n] deg: before=[-8.50,-0.98,+0.00] | after=[-3.21,-3.57,+0.00]

-- setup surface-frame breakdown ---------------------------------------------
  frame              alignment-target [tangent1, tangent2, normal]
  force        [N]      = [    -0.16,    -17.74,    -79.70]
  tcp_disp     [mm]     = [    -3.14,     +3.31,    -28.75]
  contact_disp [mm]     = [    -4.63,     +0.75,     -4.30]
  Kp_eff=F/tcp [N/m]    = [     51.1,   -5355.0,    2772.0]
  M_contact    [Nm]     = [    -2.63,    +40.75,     -8.62]
  tip_angle    [deg]    = [    +5.31,     -2.63,     +0.26]
  KR_eff=M/ang [Nm/rad] = [    -28.4,    -888.2,   -1898.5]
  frame              tool face [length, width, tool axis]
  M_contact    [Nm]     = [   -40.18,     +2.36,    +11.04]

-- center of compliance ------------------------------------------------------
  definition         r_c = p_TCP - p_c
  p_TCP [x,y,z]    = [    515.7,       4.3,      20.2] mm
  p_c [EE]         = [      0.0,       0.0,     -60.0] mm
  r_c [t1,t2,n]    = [     -3.7,       3.4,     -59.8] mm
                     p_c resolved at end of setup

-- effective TCP impedance ---------------------------------------------------
  K_TCP translation = [   1999.5,    1998.7,     351.8] N/m
  K_TCP rotation   = [     12.1,      12.2,      50.0] Nm/rad
  commanded KR was = [      5.0,       5.0,      50.0] Nm/rad   including lever contribution
  D_TCP translation = [    230.6,     177.2,     112.4] Ns/m
  D_TCP rotation   = [      2.1,       2.7,       1.2] Nms/rad
  coupling           max |moment per unit translation| = 119.7 Nm/m (K), 13.8 Nms/m (D)
  eigenvalues        K_TCP 4.98 .. 2007 | D_TCP 1.18 .. 231  (both positive: valid springs)

  K_TCP [N/m, Nm/rad | rows fx..mz, cols tx..rz]:
           tx        ty        tz    |    rx        ry        rz
  fx [    2000  -0.7871   -28.44 |  0.09547    119.7      3.4 ]
  fy [ -0.7871     1999   -45.62 |   -119.4   0.1701    9.513 ]
  fz [  -28.44   -45.62    351.8 |    2.129   -3.375  -0.2656 ]
     ---------------------------+---------------------------
  mx [ 0.09547   -119.4    2.129 |    12.15  0.01704   0.2073 ]
  my [   119.7   0.1701   -3.375 |  0.01704    12.21    1.449 ]
  mz [     3.4    9.513  -0.2656 |   0.2073    1.449       50 ]

  D_TCP [Ns/m, Nms/rad]:
           tx        ty        tz    |    rx        ry        rz
  fx [   230.6 -0.05643   -2.039 | 0.006844     13.8   0.3922 ]
  fy [-0.05643    177.2   -1.793 |   -10.59 0.005163   0.8433 ]
  fz [  -2.039   -1.793    112.4 | -0.08417  -0.6571 -0.01201 ]
     ---------------------------+---------------------------
  mx [0.006844   -10.59 -0.08417 |    2.124 0.0006606 -0.05579 ]
  my [    13.8 0.005163  -0.6571 | 0.0006606    2.707 0.004102 ]
  mz [  0.3922   0.8433 -0.01201 | -0.05579 0.004102    1.183 ]

[GATE] Set up finished (still pressing). Press Enter to start the grind (e+Enter stops).

Stop requested with e + Enter. Finishing control loop...

-- joint motion [deg] --------------------------------------------------------
  joint       start    final    delta
  q1            0.8      5.1     +4.2
  q2           12.1     30.1    +18.0
  q3           -0.5     -4.1     -3.6
  q4         -130.9   -128.8     +2.1
  q5           -0.1      8.7     +8.8
  q6          142.9    154.0    +11.1
  q7           44.7     39.0     -5.7

==============================================================================
  FINAL RESULT
==============================================================================
  p_d              = [    514.9,      -5.4,    -210.8] mm
  p_EE             = [    515.7,       4.3,      20.2] mm
  e_p              = [     -0.9,      -9.7,    -231.1] mm
  e_R              = [     5.31,     -2.62,      0.24] deg
------------------------------------------------------------------------------
  position error     231.27 mm
  rotation error     5.93 deg
  csv                logs/surface_grinding_controller_log.csv
------------------------------------------------------------------------------
