
==============================================================================
  SURFACE GRINDING CONTROLLER
==============================================================================
  robot              172.16.0.2
  parameters         /home/hm-panda/Desktop/Thesis_Final_Control/surface_grinding_controller/params
------------------------------------------------------------------------------

==============================================================================
  SURFACE GRINDING CONTROLLER - STARTUP MENU
==============================================================================

-- RUN MODES -----------------------------------------------------------------
  s      Run orientation, approach, setup, and grinding
  h      Cartesian pose hold at the initial posture
  t      Cartesian pose hold with the setup impedance
  g      Start manual guidance from the current robot pose

-- ROBOT PREPARATION ---------------------------------------------------------
  i      Move to the configured initial joint posture

-- GRIPPER AND TOOL ----------------------------------------------------------
  o      Open the gripper
  c      Grasp the tool
  r      Recalibrate the gripper with empty fingers
  f      Pick up the tool from the holder
  b      Return the tool to the holder

-- PROGRAM -------------------------------------------------------------------
  e      Exit
------------------------------------------------------------------------------
  During control: e = stop | m = startup menu | g = guidance
------------------------------------------------------------------------------
Selection [s/h/t/g/i/o/c/r/f/b/e]: 
-- SELECTED MODE: PHASE SEQUENCE ---------------------------------------------

-- moving to q_init ----------------------------------------------------------
  case               saved_qinit
  q1..q7 [deg]     = [0.8, 12.1, -0.5, -130.9, -0.2, 142.9, 44.7] deg
  saved_qinit = [0.014777, 0.210911, -0.009320, -2.284835, -0.002725, 2.493410, 0.780694] rad
  q_init reached.

-- start pose ----------------------------------------------------------------
  q_start          = [0.9, 12.1, -0.5, -130.9, -0.1, 142.9, 44.7] deg
  p_start          = [    531.3,       2.5,     156.8] mm

==============================================================================
  RUN
==============================================================================

-- phase: approach_orient ----------------------------------------------------
  Kp [t1,t2,n]     = [    150.0,     150.0,     150.0] N/m
  Dp [t1,t2,n]     = [    133.7,      94.2,     128.3] Ns/m     auto (factor 1.90)
  KR [t1,t2,n]     = [    300.0,     300.0,      90.0] Nm/rad
  DR [t1,t2,n]     = [     19.8,      32.3,       2.0] Nms/rad  auto (factor 1.90)
orient:     t=  0.0 s | axis_err=  8.5 deg | spin_err=  0.5 deg
orient:     t=  0.2 s | axis_err=  6.5 deg | spin_err=  0.2 deg
orient:     t=  0.4 s | axis_err=  2.5 deg | spin_err=  0.2 deg
orient:     t=  0.6 s | axis_err=  0.6 deg | spin_err=  0.1 deg
orient:     t=  0.8 s | axis_err=  0.5 deg | spin_err=  0.2 deg

Orientation reached: axis_err=0.5 deg | spin_err=0.2 deg

-- phase: approach_descend ---------------------------------------------------
  Kp [t1,t2,n]     = [    150.0,     150.0,     150.0] N/m
  Dp [t1,t2,n]     = [    133.7,      94.2,     128.3] Ns/m     auto (factor 1.90)
  KR [t1,t2,n]     = [    300.0,     300.0,      90.0] Nm/rad
  DR [t1,t2,n]     = [     19.8,      32.3,       2.0] Nms/rad  auto (factor 1.90)
  descend to         20 mm clearance at 0.100 m/s
descend:    t=  0.0 s | distance=   0.1 mm | height=+120.3 mm (target 20.0) | force= -0.0 N
descend:    t=  0.2 s | distance=  20.2 mm | height=+110.1 mm (target 20.0) | force=  2.0 N
descend:    t=  0.4 s | distance=  40.3 mm | height= +95.1 mm (target 20.0) | force=  1.8 N
descend:    t=  0.6 s | distance=  60.4 mm | height= +78.9 mm (target 20.0) | force=  1.7 N
descend:    t=  0.8 s | distance=  80.5 mm | height= +61.9 mm (target 20.0) | force=  2.2 N
descend:    t=  1.0 s | distance= 100.6 mm | height= +44.9 mm (target 20.0) | force=  2.5 N
descend:    t=  1.2 s | distance= 120.7 mm | height= +27.7 mm (target 20.0) | force=  2.6 N

Clearance reached: distance=130.0 mm | height=19.9 mm | target=20.0 mm | force=1.4 N
  offset_ee        = [     20.0,      60.0,      20.0] mm
  p_EE_at_contact  = [    519.0,       1.4,      49.9] mm
  contact_point    = [    537.5,     -55.8,       1.3] mm
  edge_offset      = [     18.5,     -57.3,     -48.6] mm

-- phase: setup --------------------------------------------------------------

-- setup impedance -----------------------------------------------------------
  law                wrench = K_TCP*dx + D_TCP*dv
                     K_TCP  = Ad(r_c)^T * blkdiag(Kp,KR) * Ad(r_c)
  Kp [t1,t2,n]     = [   2000.0,    2000.0,     350.0] N/m
  Dp [t1,t2,n]     = [    231.2,     178.3,     111.9] Ns/m     auto
  KR [t1,t2,n]     = [      5.0,       5.0,      50.0] Nm/rad
  DR [t1,t2,n]     = [      1.5,       1.9,       1.2] Nms/rad  auto
  p_c [EE]         = [      0.0,      20.0,      -0.0] mm       commanded in the tool frame
  r_c [t1,t2,n]    = [     -0.0,      19.7,       3.2] mm       p_TCP - p_c, in the plane
setup:     t=  0.0 s | tip=  0.0 deg | F=  0.2 N | M=  0.0 Nm (limit 150.0) | contact= 19.8 mm
setup:     t=  0.2 s | tip=  0.9 deg | F=  1.4 N | M=  1.1 Nm (limit 150.0) | contact=  7.0 mm
setup:     t=  0.4 s | tip=  1.6 deg | F= 20.3 N | M= 10.7 Nm (limit 150.0) | contact=  3.3 mm
setup:     t=  0.6 s | tip=  1.6 deg | F= 16.6 N | M=  9.2 Nm (limit 150.0) | contact=  3.3 mm
setup:     t=  0.8 s | tip=  1.6 deg | F= 21.7 N | M= 11.9 Nm (limit 150.0) | contact=  3.5 mm
setup:     t=  1.0 s | tip=  1.6 deg | F= 27.0 N | M= 14.6 Nm (limit 150.0) | contact=  3.6 mm
setup:     t=  1.2 s | tip=  1.6 deg | F= 32.9 N | M= 17.7 Nm (limit 150.0) | contact=  3.8 mm
setup:     t=  1.4 s | tip=  1.6 deg | F= 38.4 N | M= 20.5 Nm (limit 150.0) | contact=  3.9 mm
setup:     t=  1.6 s | tip=  1.7 deg | F= 43.8 N | M= 23.3 Nm (limit 150.0) | contact=  4.1 mm
setup:     t=  1.8 s | tip=  1.7 deg | F= 50.1 N | M= 26.5 Nm (limit 150.0) | contact=  4.2 mm
setup:     t=  2.0 s | tip=  1.7 deg | F= 55.7 N | M= 29.4 Nm (limit 150.0) | contact=  4.4 mm
setup:     t=  2.2 s | tip=  1.7 deg | F= 61.5 N | M= 32.5 Nm (limit 150.0) | contact=  4.5 mm
setup:     t=  2.4 s | tip=  1.7 deg | F= 66.8 N | M= 35.2 Nm (limit 150.0) | contact=  4.7 mm
setup:     t=  2.6 s | tip=  1.7 deg | F= 71.8 N | M= 37.8 Nm (limit 150.0) | contact=  4.8 mm
setup:     t=  2.8 s | tip=  1.7 deg | F= 77.6 N | M= 40.8 Nm (limit 150.0) | contact=  5.0 mm
setup:     t=  3.0 s | tip=  1.8 deg | F= 83.0 N | M= 43.5 Nm (limit 150.0) | contact=  5.1 mm
setup:     t=  3.2 s | tip=  1.8 deg | F= 88.8 N | M= 46.5 Nm (limit 150.0) | contact=  5.2 mm
setup:     t=  3.4 s | tip=  1.9 deg | F= 81.7 N | M= 42.8 Nm (limit 150.0) | contact=  5.1 mm
setup:     t=  3.6 s | tip=  2.1 deg | F= 84.0 N | M= 44.0 Nm (limit 150.0) | contact=  5.0 mm
setup:     t=  3.8 s | tip=  2.3 deg | F= 81.3 N | M= 42.6 Nm (limit 150.0) | contact=  5.0 mm
setup:     t=  4.0 s | tip=  2.5 deg | F= 83.6 N | M= 43.8 Nm (limit 150.0) | contact=  5.0 mm
setup:     t=  4.2 s | tip=  2.7 deg | F= 82.1 N | M= 43.0 Nm (limit 150.0) | contact=  5.0 mm
setup:     t=  4.4 s | tip=  3.4 deg | F= 80.3 N | M= 42.1 Nm (limit 150.0) | contact=  5.1 mm
setup:     t=  4.6 s | tip=  3.9 deg | F= 80.6 N | M= 42.3 Nm (limit 150.0) | contact=  5.1 mm
setup:     t=  4.8 s | tip=  4.3 deg | F= 80.7 N | M= 42.4 Nm (limit 150.0) | contact=  5.2 mm

==============================================================================
  SETUP RESULT
==============================================================================
  stop: time | t=5.0 s | tip=4.5 deg | F=80.9 N | M=42.6 Nm
  contact_from_start = [-2.6, +1.0, -4.4] mm | norm=5.2 mm
  tcp_from_contact  = [-20.3, +59.7, +20.9] mm | norm=66.4 mm
  alignment: before=9.58 deg | after=5.98 deg | gain=+3.60 deg
  alignment components [t1,t2,n] deg: before=[-9.57,-0.34,-0.00] | after=[-5.55,-2.22,+0.00]

-- setup surface-frame breakdown ---------------------------------------------
  frame              alignment-target [tangent1, tangent2, normal]
  force        [N]      = [    +1.44,     -6.71,    -80.65]
  tcp_disp     [mm]     = [    -1.29,     +3.21,    -27.69]
  contact_disp [mm]     = [    -2.53,     +1.12,     -4.40]
  Kp_eff=F/tcp [N/m]    = [  -1118.7,   -2093.9,    2912.2]
  M_contact    [Nm]     = [    -2.81,    +41.05,     -3.13]
  tip_angle    [deg]    = [    +4.03,     -1.94,     +0.29]
  KR_eff=M/ang [Nm/rad] = [    -39.9,   -1214.9,    -623.2]
  frame              tool face [length, width, tool axis]
  M_contact    [Nm]     = [   -40.53,     +2.88,     +7.19]

-- center of compliance ------------------------------------------------------
  definition         r_c = p_TCP - p_c
  p_TCP [x,y,z]    = [    517.2,       3.9,      22.2] mm
  p_c [EE]         = [     -0.0,      20.0,      -0.0] mm
  r_c [t1,t2,n]    = [      0.2,      19.9,       1.8] mm
                     p_c resolved at end of setup

-- effective TCP impedance ---------------------------------------------------
  K_TCP translation = [   1999.5,    1998.7,     351.8] N/m
  K_TCP rotation   = [      5.2,       5.0,      50.7] Nm/rad
  commanded KR was = [      5.0,       5.0,      50.0] Nm/rad   including lever contribution
  D_TCP translation = [    231.2,     178.2,     112.0] Ns/m
  D_TCP rotation   = [      1.5,       1.9,       1.3] Nms/rad
  coupling           max |moment per unit translation| = 39.9 Nm/m (K), 4.6 Nms/m (D)
  eigenvalues        K_TCP 5.00 .. 2001 | D_TCP 1.22 .. 231  (both positive: valid springs)

  K_TCP [N/m, Nm/rad | rows fx..mz, cols tx..rz]:
           tx        ty        tz    |    rx        ry        rz
  fx [    2000  -0.7871   -28.44 |   0.5667   -2.487    39.91 ]
  fy [ -0.7871     1999   -45.62 |    3.391 -0.007984  -0.4083 ]
  fz [  -28.44   -45.62    351.8 |   -7.078   0.1044  -0.5587 ]
     ---------------------------+---------------------------
  mx [  0.5667    3.391   -7.078 |    5.159  0.01937   0.7862 ]
  my [  -2.487 -0.007984   0.1044 |  0.01937    5.038    1.195 ]
  mz [   39.91  -0.4083  -0.5587 |   0.7862    1.195    50.75 ]

  D_TCP [Ns/m, Nms/rad]:
           tx        ty        tz    |    rx        ry        rz
  fx [   231.2  -0.0569   -2.056 |  0.04096  -0.2873    4.614 ]
  fy [ -0.0569    178.2   -1.834 |   0.2578 -0.0002896 -0.03614 ]
  fz [  -2.056   -1.834      112 |   -2.238  0.02455 -0.04067 ]
     ---------------------------+---------------------------
  mx [ 0.04096   0.2578   -2.238 |    1.541 -0.0006202 -0.003925 ]
  my [ -0.2873 -0.0002896  0.02455 | -0.0006202    1.891 -0.02419 ]
  mz [   4.614 -0.03614 -0.04067 | -0.003925 -0.02419    1.317 ]

[GATE] Set up finished (still pressing). Press Enter to start the grind (e+Enter stops).

Stop requested with e + Enter. Finishing control loop...

-- joint motion [deg] --------------------------------------------------------
  joint       start    final    delta
  q1            0.9      5.0     +4.2
  q2           12.1     30.0    +17.9
  q3           -0.5     -4.3     -3.8
  q4         -130.9   -128.2     +2.7
  q5           -0.1     13.0    +13.1
  q6          142.9    153.0    +10.1
  q7           44.7     34.8     -9.9

==============================================================================
  FINAL RESULT
==============================================================================
  p_d              = [    514.5,      -5.7,    -209.8] mm
  p_EE             = [    517.2,       3.9,      22.2] mm
  e_p              = [     -2.7,      -9.6,    -232.0] mm
  e_R              = [     4.03,     -1.93,      0.27] deg
------------------------------------------------------------------------------
  position error     232.26 mm
  rotation error     4.48 deg
  csv                logs/surface_grinding_controller_log.csv
------------------------------------------------------------------------------
