
==============================================================================
  SURFACE GRINDING CONTROLLER
==============================================================================
  robot              172.16.0.2
  parameters         /home/hm-panda/Desktop/Thesis_Final_Control/surface_grinding_controller/params
------------------------------------------------------------------------------

==============================================================================
  SURFACE GRINDING CONTROLLER - STARTUP MENU
==============================================================================

-- RUN MODES -----------------------------------------------------------------
  s      Run orientation, approach, setup, and grinding
  h      Cartesian pose hold at the initial posture
  t      Cartesian pose hold with the setup impedance
  g      Start manual guidance from the current robot pose

-- ROBOT PREPARATION ---------------------------------------------------------
  i      Move to the configured initial joint posture

-- GRIPPER AND TOOL ----------------------------------------------------------
  o      Open the gripper
  c      Grasp the tool
  r      Recalibrate the gripper with empty fingers
  f      Pick up the tool from the holder
  b      Return the tool to the holder

-- PROGRAM -------------------------------------------------------------------
  e      Exit
------------------------------------------------------------------------------
  During control: e = stop | m = startup menu | g = guidance
------------------------------------------------------------------------------
Selection [s/h/t/g/i/o/c/r/f/b/e]: 
-- SELECTED MODE: PHASE SEQUENCE ---------------------------------------------

-- moving to q_init ----------------------------------------------------------
  case               saved_qinit
  q1..q7 [deg]     = [0.8, 12.1, -0.5, -130.9, -0.2, 142.9, 44.7] deg
  saved_qinit = [0.014777, 0.210911, -0.009320, -2.284835, -0.002725, 2.493410, 0.780694] rad
  q_init reached.

-- start pose ----------------------------------------------------------------
  q_start          = [0.9, 12.1, -0.5, -130.9, -0.1, 142.9, 44.7] deg
  p_start          = [    531.3,       2.5,     156.8] mm

==============================================================================
  RUN
==============================================================================

-- phase: approach_orient ----------------------------------------------------
  Kp [t1,t2,n]     = [    150.0,     150.0,     150.0] N/m
  Dp [t1,t2,n]     = [    133.7,      94.2,     128.3] Ns/m     auto (factor 1.90)
  KR [t1,t2,n]     = [    300.0,     300.0,      90.0] Nm/rad
  DR [t1,t2,n]     = [     19.8,      32.3,       2.0] Nms/rad  auto (factor 1.90)
orient:     t=  0.0 s | axis_err=  8.5 deg | spin_err=  0.5 deg
orient:     t=  0.2 s | axis_err=  6.5 deg | spin_err=  0.2 deg
orient:     t=  0.4 s | axis_err=  2.5 deg | spin_err=  0.2 deg
orient:     t=  0.6 s | axis_err=  0.6 deg | spin_err=  0.1 deg
orient:     t=  0.8 s | axis_err=  0.5 deg | spin_err=  0.2 deg

Orientation reached: axis_err=0.5 deg | spin_err=0.1 deg

-- phase: approach_descend ---------------------------------------------------
  Kp [t1,t2,n]     = [    150.0,     150.0,     150.0] N/m
  Dp [t1,t2,n]     = [    133.7,      94.2,     128.3] Ns/m     auto (factor 1.90)
  KR [t1,t2,n]     = [    300.0,     300.0,      90.0] Nm/rad
  DR [t1,t2,n]     = [     19.8,      32.3,       2.0] Nms/rad  auto (factor 1.90)
  descend to         20 mm clearance at 0.100 m/s
descend:    t=  0.0 s | distance=   0.1 mm | height=+120.4 mm (target 20.0) | force=  0.0 N
descend:    t=  0.2 s | distance=  20.2 mm | height=+110.4 mm (target 20.0) | force=  1.5 N
descend:    t=  0.4 s | distance=  40.3 mm | height= +95.4 mm (target 20.0) | force=  1.6 N
descend:    t=  0.6 s | distance=  60.4 mm | height= +79.0 mm (target 20.0) | force=  1.3 N
descend:    t=  0.8 s | distance=  80.5 mm | height= +62.1 mm (target 20.0) | force=  2.6 N
descend:    t=  1.0 s | distance= 100.6 mm | height= +45.2 mm (target 20.0) | force=  3.2 N
descend:    t=  1.2 s | distance= 120.7 mm | height= +28.1 mm (target 20.0) | force=  2.8 N

Clearance reached: distance=130.4 mm | height=20.0 mm | target=20.0 mm | force=1.3 N
  offset_ee        = [     20.0,      60.0,      20.0] mm
  p_EE_at_contact  = [    518.8,       1.3,      50.0] mm
  contact_point    = [    537.3,     -56.0,       1.3] mm
  edge_offset      = [     18.5,     -57.3,     -48.7] mm

-- phase: setup --------------------------------------------------------------

-- setup impedance -----------------------------------------------------------
  law                wrench = K_TCP*dx + D_TCP*dv
                     K_TCP  = Ad(r_c)^T * blkdiag(Kp,KR) * Ad(r_c)
  Kp [t1,t2,n]     = [   2000.0,    2000.0,     350.0] N/m
  Dp [t1,t2,n]     = [    231.2,     178.3,     111.9] Ns/m     auto
  KR [t1,t2,n]     = [      5.0,       5.0,      50.0] Nm/rad
  DR [t1,t2,n]     = [      1.5,       1.9,       1.2] Nms/rad  auto
  p_c [EE]         = [     -0.0,     -60.0,      -0.0] mm       commanded in the tool frame
  r_c [t1,t2,n]    = [      0.0,     -59.2,      -9.6] mm       p_TCP - p_c, in the plane
setup:     t=  0.0 s | tip=  0.0 deg | F=  0.1 N | M=  0.0 Nm (limit 150.0) | contact= 19.9 mm
setup:     t=  0.2 s | tip=  0.9 deg | F=  1.6 N | M=  1.0 Nm (limit 150.0) | contact=  7.6 mm
setup:     t=  0.4 s | tip=  1.6 deg | F= 16.1 N | M=  8.2 Nm (limit 150.0) | contact=  3.8 mm
setup:     t=  0.6 s | tip=  1.7 deg | F= 16.5 N | M=  8.8 Nm (limit 150.0) | contact=  3.8 mm
setup:     t=  0.8 s | tip=  1.7 deg | F= 21.9 N | M= 11.6 Nm (limit 150.0) | contact=  3.9 mm
setup:     t=  1.0 s | tip=  1.7 deg | F= 27.6 N | M= 14.6 Nm (limit 150.0) | contact=  4.0 mm
setup:     t=  1.2 s | tip=  1.9 deg | F= 32.0 N | M= 16.7 Nm (limit 150.0) | contact=  4.2 mm
setup:     t=  1.4 s | tip=  2.3 deg | F= 37.9 N | M= 19.9 Nm (limit 150.0) | contact=  4.3 mm
setup:     t=  1.6 s | tip=  3.0 deg | F= 41.5 N | M= 21.7 Nm (limit 150.0) | contact=  4.3 mm
setup:     t=  1.8 s | tip=  5.6 deg | F= 43.6 N | M= 23.0 Nm (limit 150.0) | contact=  4.3 mm
setup:     t=  2.0 s | tip=  8.5 deg | F= 49.6 N | M= 26.2 Nm (limit 150.0) | contact=  4.1 mm
setup:     t=  2.2 s | tip=  8.6 deg | F= 55.3 N | M= 29.6 Nm (limit 150.0) | contact=  4.2 mm
setup:     t=  2.4 s | tip=  8.6 deg | F= 60.6 N | M= 32.3 Nm (limit 150.0) | contact=  4.3 mm
setup:     t=  2.6 s | tip=  8.6 deg | F= 65.8 N | M= 34.9 Nm (limit 150.0) | contact=  4.5 mm
setup:     t=  2.8 s | tip=  8.6 deg | F= 71.6 N | M= 37.9 Nm (limit 150.0) | contact=  4.6 mm
setup:     t=  3.0 s | tip=  8.6 deg | F= 77.4 N | M= 40.8 Nm (limit 150.0) | contact=  4.7 mm
setup:     t=  3.2 s | tip=  8.6 deg | F= 83.3 N | M= 43.8 Nm (limit 150.0) | contact=  4.9 mm
setup:     t=  3.4 s | tip=  8.6 deg | F= 78.2 N | M= 41.4 Nm (limit 150.0) | contact=  4.8 mm
setup:     t=  3.6 s | tip=  8.6 deg | F= 77.9 N | M= 41.3 Nm (limit 150.0) | contact=  4.8 mm
setup:     t=  3.8 s | tip=  8.6 deg | F= 77.9 N | M= 41.3 Nm (limit 150.0) | contact=  4.8 mm
setup:     t=  4.0 s | tip=  8.6 deg | F= 77.9 N | M= 41.3 Nm (limit 150.0) | contact=  4.8 mm
setup:     t=  4.2 s | tip=  8.6 deg | F= 77.9 N | M= 41.3 Nm (limit 150.0) | contact=  4.8 mm
setup:     t=  4.4 s | tip=  8.6 deg | F= 77.8 N | M= 41.2 Nm (limit 150.0) | contact=  4.8 mm
setup:     t=  4.6 s | tip=  8.6 deg | F= 77.8 N | M= 41.2 Nm (limit 150.0) | contact=  4.8 mm
setup:     t=  4.8 s | tip=  8.6 deg | F= 77.8 N | M= 41.2 Nm (limit 150.0) | contact=  4.8 mm

==============================================================================
  SETUP RESULT
==============================================================================
  stop: time | t=5.0 s | tip=8.6 deg | F=77.8 N | M=41.2 Nm
  contact_from_start = [-3.2, -0.2, -3.5] mm | norm=4.8 mm
  tcp_from_contact  = [-20.9, +60.2, +17.5] mm | norm=66.1 mm
  alignment: before=9.61 deg | after=2.93 deg | gain=+6.68 deg
  alignment components [t1,t2,n] deg: before=[-9.61,-0.34,+0.00] | after=[-1.32,-2.61,-0.00]

-- setup surface-frame breakdown ---------------------------------------------
  frame              alignment-target [tangent1, tangent2, normal]
  force        [N]      = [    +2.59,     -7.33,    -77.38]
  tcp_disp     [mm]     = [    -1.80,     +3.80,    -31.16]
  contact_disp [mm]     = [    -3.18,     -0.10,     -3.55]
  Kp_eff=F/tcp [N/m]    = [  -1433.9,   -1928.3,    2483.0]
  M_contact    [Nm]     = [    -9.72,    +39.36,     -3.85]
  tip_angle    [deg]    = [    +8.30,     -2.32,     +0.31]
  KR_eff=M/ang [Nm/rad] = [    -67.1,    -971.6,    -701.6]
  frame              tool face [length, width, tool axis]
  M_contact    [Nm]     = [   -39.18,     +9.83,     +5.19]

-- center of compliance ------------------------------------------------------
  definition         r_c = p_TCP - p_c
  p_TCP [x,y,z]    = [    516.5,       4.2,      18.8] mm
  p_c [EE]         = [      0.0,     -60.0,      -0.0] mm
  r_c [t1,t2,n]    = [     -0.5,     -60.0,      -1.0] mm
                     p_c resolved at end of setup

-- effective TCP impedance ---------------------------------------------------
  K_TCP translation = [   1999.5,    1998.7,     351.8] N/m
  K_TCP rotation   = [      6.3,       5.0,      57.1] Nm/rad
  commanded KR was = [      5.0,       5.0,      50.0] Nm/rad   including lever contribution
  D_TCP translation = [    231.1,     178.3,     112.0] Ns/m
  D_TCP rotation   = [      1.9,       1.9,       2.1] Nms/rad
  coupling           max |moment per unit translation| = 120.0 Nm/m (K), 13.9 Nms/m (D)
  eigenvalues        K_TCP 4.98 .. 2007 | D_TCP 1.22 .. 232  (both positive: valid springs)

  K_TCP [N/m, Nm/rad | rows fx..mz, cols tx..rz]:
           tx        ty        tz    |    rx        ry        rz
  fx [    2000  -0.7871   -28.44 |   -1.707     -1.4     -120 ]
  fy [ -0.7871     1999   -45.62 |   -1.322  0.02406    1.077 ]
  fz [  -28.44   -45.62    351.8 |    21.07  -0.1611    1.683 ]
     ---------------------------+---------------------------
  mx [  -1.707   -1.322    21.07 |    6.277  0.01182   0.8773 ]
  my [    -1.4  0.02406  -0.1611 |  0.01182    5.036    1.328 ]
  mz [    -120    1.077    1.683 |   0.8773    1.328    57.15 ]

  D_TCP [Ns/m, Nms/rad]:
           tx        ty        tz    |    rx        ry        rz
  fx [   231.1 -0.05688   -2.055 |  -0.1233  -0.1625   -13.87 ]
  fy [-0.05688    178.3   -1.835 |  0.01606 0.0009859  0.09527 ]
  fz [  -2.055   -1.835      112 |    6.719 -0.05626   0.1223 ]
     ---------------------------+---------------------------
  mx [ -0.1233  0.01606    6.719 |    1.901 -0.003504 0.002731 ]
  my [ -0.1625 0.0009859 -0.05626 | -0.003504     1.89 -0.008609 ]
  mz [  -13.87  0.09527   0.1223 | 0.002731 -0.008609    2.059 ]

[GATE] Set up finished (still pressing). Press Enter to start the grind (e+Enter stops).

Stop requested with e + Enter. Finishing control loop...

-- joint motion [deg] --------------------------------------------------------
  joint       start    final    delta
  q1            0.9      5.9     +5.0
  q2           12.1     30.5    +18.4
  q3           -0.5     -4.7     -4.2
  q4         -130.9   -128.2     +2.7
  q5           -0.1      4.3     +4.4
  q6          142.9    153.5    +10.6
  q7           44.7     43.3     -1.4

==============================================================================
  FINAL RESULT
==============================================================================
  p_d              = [    514.3,      -5.9,    -209.8] mm
  p_EE             = [    516.5,       4.2,      18.8] mm
  e_p              = [     -2.1,     -10.1,    -228.6] mm
  e_R              = [     8.30,     -2.32,      0.24] deg
------------------------------------------------------------------------------
  position error     228.85 mm
  rotation error     8.62 deg
  csv                logs/surface_grinding_controller_log.csv
------------------------------------------------------------------------------
