
==============================================================================
  SURFACE GRINDING CONTROLLER
==============================================================================
  robot              172.16.0.2
  parameters         /home/hm-panda/Desktop/Thesis_Final_Control/surface_grinding_controller/params
------------------------------------------------------------------------------

==============================================================================
  SURFACE GRINDING CONTROLLER - STARTUP MENU
==============================================================================

-- RUN MODES -----------------------------------------------------------------
  s      Run orientation, approach, setup, and grinding
  h      Cartesian pose hold at the initial posture
  t      Cartesian pose hold with the setup impedance
  g      Start manual guidance from the current robot pose

-- ROBOT PREPARATION ---------------------------------------------------------
  i      Move to the configured initial joint posture

-- GRIPPER AND TOOL ----------------------------------------------------------
  o      Open the gripper
  c      Grasp the tool
  r      Recalibrate the gripper with empty fingers
  f      Pick up the tool from the holder
  b      Return the tool to the holder

-- PROGRAM -------------------------------------------------------------------
  e      Exit
------------------------------------------------------------------------------
  During control: e = stop | m = startup menu | g = guidance
------------------------------------------------------------------------------
Selection [s/h/t/g/i/o/c/r/f/b/e]: 
-- SELECTED MODE: PHASE SEQUENCE ---------------------------------------------

-- moving to q_init ----------------------------------------------------------
  case               saved_qinit
  q1..q7 [deg]     = [0.8, 12.1, -0.5, -130.9, -0.2, 142.9, 44.7] deg
  saved_qinit = [0.014777, 0.210911, -0.009320, -2.284835, -0.002725, 2.493410, 0.780694] rad
  q_init reached.

-- start pose ----------------------------------------------------------------
  q_start          = [0.9, 12.1, -0.5, -130.9, -0.1, 142.9, 44.7] deg
  p_start          = [    531.3,       2.5,     156.8] mm

==============================================================================
  RUN
==============================================================================

-- phase: approach_orient ----------------------------------------------------
  Kp [t1,t2,n]     = [    150.0,     150.0,     150.0] N/m
  Dp [t1,t2,n]     = [    133.7,      94.2,     128.3] Ns/m     auto (factor 1.90)
  KR [t1,t2,n]     = [    300.0,     300.0,      90.0] Nm/rad
  DR [t1,t2,n]     = [     19.8,      32.3,       2.0] Nms/rad  auto (factor 1.90)
orient:     t=  0.0 s | axis_err=  8.5 deg | spin_err=  0.5 deg
orient:     t=  0.2 s | axis_err=  6.5 deg | spin_err=  0.2 deg
orient:     t=  0.4 s | axis_err=  2.5 deg | spin_err=  0.2 deg
orient:     t=  0.6 s | axis_err=  0.6 deg | spin_err=  0.1 deg
orient:     t=  0.8 s | axis_err=  0.5 deg | spin_err=  0.1 deg

Orientation reached: axis_err=0.5 deg | spin_err=0.1 deg

-- phase: approach_descend ---------------------------------------------------
  Kp [t1,t2,n]     = [    150.0,     150.0,     150.0] N/m
  Dp [t1,t2,n]     = [    133.7,      94.2,     128.3] Ns/m     auto (factor 1.90)
  KR [t1,t2,n]     = [    300.0,     300.0,      90.0] Nm/rad
  DR [t1,t2,n]     = [     19.8,      32.3,       2.0] Nms/rad  auto (factor 1.90)
  descend to         20 mm clearance at 0.100 m/s
descend:    t=  0.0 s | distance=   0.1 mm | height=+121.2 mm (target 20.0) | force= -0.0 N
descend:    t=  0.2 s | distance=  20.2 mm | height=+110.9 mm (target 20.0) | force=  1.5 N
descend:    t=  0.4 s | distance=  40.3 mm | height= +96.0 mm (target 20.0) | force=  1.6 N
descend:    t=  0.6 s | distance=  60.4 mm | height= +79.7 mm (target 20.0) | force=  1.6 N
descend:    t=  0.8 s | distance=  80.5 mm | height= +62.7 mm (target 20.0) | force=  3.0 N
descend:    t=  1.0 s | distance= 100.6 mm | height= +45.8 mm (target 20.0) | force=  3.1 N
descend:    t=  1.2 s | distance= 120.7 mm | height= +28.2 mm (target 20.0) | force=  2.9 N

Clearance reached: distance=130.3 mm | height=20.0 mm | target=20.0 mm | force=2.2 N
  offset_ee        = [     20.0,      60.0,      20.0] mm
  p_EE_at_contact  = [    519.2,       1.4,      49.9] mm
  contact_point    = [    537.8,     -55.9,       1.3] mm
  edge_offset      = [     18.6,     -57.3,     -48.6] mm

-- phase: setup --------------------------------------------------------------

-- setup impedance -----------------------------------------------------------
  law                wrench = K_TCP*dx + D_TCP*dv
                     K_TCP  = Ad(r_c)^T * blkdiag(Kp,KR) * Ad(r_c)
  Kp [t1,t2,n]     = [   2000.0,    2000.0,     350.0] N/m
  Dp [t1,t2,n]     = [    231.2,     178.2,     111.9] Ns/m     auto
  KR [t1,t2,n]     = [      5.0,       5.0,      50.0] Nm/rad
  DR [t1,t2,n]     = [      1.5,       1.9,       1.2] Nms/rad  auto
  p_c [EE]         = [      0.0,       0.0,      40.0] mm       commanded in the tool frame
  r_c [t1,t2,n]    = [      1.2,      -6.4,      39.5] mm       p_TCP - p_c, in the plane
setup:     t=  0.0 s | tip=  0.0 deg | F=  0.6 N | M=  0.1 Nm (limit 150.0) | contact= 19.8 mm
setup:     t=  0.2 s | tip=  0.9 deg | F=  0.9 N | M=  0.8 Nm (limit 150.0) | contact=  6.9 mm
setup:     t=  0.4 s | tip=  1.6 deg | F= 19.6 N | M= 10.2 Nm (limit 150.0) | contact=  2.8 mm
setup:     t=  0.6 s | tip=  1.6 deg | F= 15.3 N | M=  8.4 Nm (limit 150.0) | contact=  2.8 mm
setup:     t=  0.8 s | tip=  1.6 deg | F= 20.9 N | M= 11.3 Nm (limit 150.0) | contact=  3.0 mm
setup:     t=  1.0 s | tip=  1.6 deg | F= 26.7 N | M= 14.3 Nm (limit 150.0) | contact=  3.1 mm
setup:     t=  1.2 s | tip=  1.6 deg | F= 32.5 N | M= 17.3 Nm (limit 150.0) | contact=  3.3 mm
setup:     t=  1.4 s | tip=  1.6 deg | F= 38.3 N | M= 20.3 Nm (limit 150.0) | contact=  3.4 mm
setup:     t=  1.6 s | tip=  1.7 deg | F= 43.7 N | M= 23.1 Nm (limit 150.0) | contact=  3.6 mm
setup:     t=  1.8 s | tip=  1.7 deg | F= 49.1 N | M= 25.8 Nm (limit 150.0) | contact=  3.7 mm
setup:     t=  2.0 s | tip=  1.9 deg | F= 53.6 N | M= 28.0 Nm (limit 150.0) | contact=  3.8 mm
setup:     t=  2.2 s | tip=  2.2 deg | F= 59.9 N | M= 31.3 Nm (limit 150.0) | contact=  3.9 mm
setup:     t=  2.4 s | tip=  2.7 deg | F= 64.7 N | M= 33.9 Nm (limit 150.0) | contact=  4.0 mm
setup:     t=  2.6 s | tip=  4.5 deg | F= 67.5 N | M= 35.5 Nm (limit 150.0) | contact=  4.2 mm
setup:     t=  2.8 s | tip=  6.8 deg | F= 72.8 N | M= 38.2 Nm (limit 150.0) | contact=  4.5 mm
setup:     t=  3.0 s | tip=  8.1 deg | F= 80.3 N | M= 42.4 Nm (limit 150.0) | contact=  4.4 mm
setup:     t=  3.2 s | tip=  8.0 deg | F= 84.4 N | M= 44.4 Nm (limit 150.0) | contact=  4.6 mm
setup:     t=  3.4 s | tip=  8.0 deg | F= 79.7 N | M= 42.0 Nm (limit 150.0) | contact=  4.6 mm
setup:     t=  3.6 s | tip=  8.0 deg | F= 79.9 N | M= 42.1 Nm (limit 150.0) | contact=  4.6 mm
setup:     t=  3.8 s | tip=  8.0 deg | F= 79.8 N | M= 42.0 Nm (limit 150.0) | contact=  4.6 mm
setup:     t=  4.0 s | tip=  8.0 deg | F= 79.8 N | M= 42.0 Nm (limit 150.0) | contact=  4.6 mm
setup:     t=  4.2 s | tip=  8.0 deg | F= 79.7 N | M= 42.0 Nm (limit 150.0) | contact=  4.6 mm
setup:     t=  4.4 s | tip=  8.0 deg | F= 79.7 N | M= 42.0 Nm (limit 150.0) | contact=  4.6 mm
setup:     t=  4.6 s | tip=  8.0 deg | F= 79.7 N | M= 41.9 Nm (limit 150.0) | contact=  4.6 mm
setup:     t=  4.8 s | tip=  8.0 deg | F= 79.6 N | M= 41.9 Nm (limit 150.0) | contact=  4.6 mm

==============================================================================
  SETUP RESULT
==============================================================================
  stop: time | t=5.0 s | tip=8.0 deg | F=79.6 N | M=41.9 Nm
  contact_from_start = [-1.2, +2.0, -3.9] mm | norm=4.6 mm
  tcp_from_contact  = [-19.1, +62.2, +17.3] mm | norm=67.3 mm
  alignment: before=9.55 deg | after=2.62 deg | gain=+6.93 deg
  alignment components [t1,t2,n] deg: before=[-9.55,-0.27,-0.00] | after=[-1.75,-1.95,+0.00]

-- setup surface-frame breakdown ---------------------------------------------
  frame              alignment-target [tangent1, tangent2, normal]
  force        [N]      = [    +2.70,     -0.26,    -79.58]
  tcp_disp     [mm]     = [    +0.04,     +5.78,    -31.16]
  contact_disp [mm]     = [    -1.11,     +2.09,     -3.90]
  Kp_eff=F/tcp [N/m]    = [      n/a,     -44.6,    2553.6]
  M_contact    [Nm]     = [    -5.53,    +40.52,     +0.10]
  tip_angle    [deg]    = [    +7.80,     -1.72,     +0.35]
  KR_eff=M/ang [Nm/rad] = [    -40.6,   -1345.9,      15.5]
  frame              tool face [length, width, tool axis]
  M_contact    [Nm]     = [   -40.46,     +5.79,     +1.33]

-- center of compliance ------------------------------------------------------
  definition         r_c = p_TCP - p_c
  p_TCP [x,y,z]    = [    518.7,       6.3,      18.6] mm
  p_c [EE]         = [     -0.0,       0.0,      40.0] mm
  r_c [t1,t2,n]    = [      2.4,      -1.0,      39.9] mm
                     p_c resolved at end of setup

-- effective TCP impedance ---------------------------------------------------
  K_TCP translation = [   1999.5,    1998.7,     351.8] N/m
  K_TCP rotation   = [      8.2,       8.2,      50.0] Nm/rad
  commanded KR was = [      5.0,       5.0,      50.0] Nm/rad   including lever contribution
  D_TCP translation = [    231.1,     178.2,     112.0] Ns/m
  D_TCP rotation   = [      1.8,       2.3,       1.2] Nms/rad
  coupling           max |moment per unit translation| = 79.8 Nm/m (K), 9.2 Nms/m (D)
  eigenvalues        K_TCP 4.99 .. 2003 | D_TCP 1.22 .. 232  (both positive: valid springs)

  K_TCP [N/m, Nm/rad | rows fx..mz, cols tx..rz]:
           tx        ty        tz    |    rx        ry        rz
  fx [    2000  -0.7871   -28.44 | -0.02738   -79.83   0.2843 ]
  fy [ -0.7871     1999   -45.62 |    79.71  -0.1104   -6.211 ]
  fz [  -28.44   -45.62    351.8 |   -1.869    2.227   0.1378 ]
     ---------------------------+---------------------------
  mx [-0.02738    79.71   -1.869 |    8.193  0.01675   0.5279 ]
  my [  -79.83  -0.1104    2.227 |  0.01675    8.225    1.233 ]
  mz [  0.2843   -6.211   0.1378 |   0.5279    1.233    49.97 ]

  D_TCP [Ns/m, Nms/rad]:
           tx        ty        tz    |    rx        ry        rz
  fx [   231.1 -0.05687   -2.055 | -0.001978   -9.223  0.03275 ]
  fy [-0.05687    178.2   -1.832 |    7.105 -0.003426  -0.5537 ]
  fz [  -2.055   -1.832      112 | -0.08886     0.43 0.005404 ]
     ---------------------------+---------------------------
  mx [-0.001978    7.105 -0.08886 |     1.78 -0.000328  -0.0268 ]
  my [  -9.223 -0.003426     0.43 | -0.000328    2.259 -0.01976 ]
  mz [ 0.03275  -0.5537 0.005404 |  -0.0268 -0.01976    1.225 ]

[GATE] Set up finished (still pressing). Press Enter to start the grind (e+Enter stops).

Stop requested with e + Enter. Finishing control loop...

-- joint motion [deg] --------------------------------------------------------
  joint       start    final    delta
  q1            0.9      5.6     +4.8
  q2           12.1     30.6    +18.5
  q3           -0.5     -4.3     -3.8
  q4         -130.9   -128.2     +2.7
  q5           -0.1      4.9     +5.1
  q6          142.9    154.2    +11.4
  q7           44.7     42.8     -2.0

==============================================================================
  FINAL RESULT
==============================================================================
  p_d              = [    514.7,      -5.8,    -209.9] mm
  p_EE             = [    518.7,       6.3,      18.6] mm
  e_p              = [     -4.0,     -12.1,    -228.5] mm
  e_R              = [     7.81,     -1.72,      0.27] deg
------------------------------------------------------------------------------
  position error     228.87 mm
  rotation error     8.00 deg
  csv                logs/surface_grinding_controller_log.csv
------------------------------------------------------------------------------
