
==============================================================================
  SURFACE GRINDING CONTROLLER
==============================================================================
  robot              172.16.0.2
  parameters         /home/hm-panda/Desktop/Thesis_Final_Control/surface_grinding_controller/params
------------------------------------------------------------------------------

==============================================================================
  SURFACE GRINDING CONTROLLER - STARTUP MENU
==============================================================================

-- RUN MODES -----------------------------------------------------------------
  s      Run orientation, approach, setup, and grinding
  h      Cartesian pose hold at the initial posture
  t      Cartesian pose hold with the setup impedance
  g      Start manual guidance from the current robot pose

-- ROBOT PREPARATION ---------------------------------------------------------
  i      Move to the configured initial joint posture

-- GRIPPER AND TOOL ----------------------------------------------------------
  o      Open the gripper
  c      Grasp the tool
  r      Recalibrate the gripper with empty fingers
  f      Pick up the tool from the holder
  b      Return the tool to the holder

-- PROGRAM -------------------------------------------------------------------
  e      Exit
------------------------------------------------------------------------------
  During control: e = stop | m = startup menu | g = guidance
------------------------------------------------------------------------------
Selection [s/h/t/g/i/o/c/r/f/b/e]: 
-- SELECTED MODE: PHASE SEQUENCE ---------------------------------------------

-- moving to q_init ----------------------------------------------------------
  case               saved_qinit
  q1..q7 [deg]     = [0.8, 12.1, -0.5, -130.9, -0.2, 142.9, 44.7] deg
  saved_qinit = [0.014777, 0.210911, -0.009320, -2.284835, -0.002725, 2.493410, 0.780694] rad
  q_init reached.

-- start pose ----------------------------------------------------------------
  q_start          = [0.8, 12.1, -0.5, -130.9, -0.2, 142.9, 44.7] deg
  p_start          = [    531.1,       2.5,     156.6] mm

==============================================================================
  RUN
==============================================================================

-- phase: approach_orient ----------------------------------------------------
  Kp [t1,t2,n]     = [    150.0,     150.0,     150.0] N/m
  Dp [t1,t2,n]     = [    133.7,      94.2,     128.3] Ns/m     auto (factor 1.90)
  KR [t1,t2,n]     = [     90.0,      90.0,      90.0] Nm/rad
  DR [t1,t2,n]     = [     10.8,      17.7,       2.0] Nms/rad  auto (factor 1.90)
orient:     t=  0.0 s | axis_err=  8.6 deg | spin_err=  0.5 deg
orient:     t=  0.2 s | axis_err=  8.0 deg | spin_err=  0.1 deg
orient:     t=  0.4 s | axis_err=  4.9 deg | spin_err=  0.2 deg
orient:     t=  0.6 s | axis_err=  2.2 deg | spin_err=  0.2 deg

Orientation reached: axis_err=2.0 deg | spin_err=0.2 deg

-- phase: approach_descend ---------------------------------------------------
  Kp [t1,t2,n]     = [    150.0,     150.0,     150.0] N/m
  Dp [t1,t2,n]     = [    133.7,      94.2,     128.3] Ns/m     auto (factor 1.90)
  KR [t1,t2,n]     = [     90.0,      90.0,      90.0] Nm/rad
  DR [t1,t2,n]     = [     10.8,      17.7,       2.0] Nms/rad  auto (factor 1.90)
  descend to         20 mm clearance at 0.100 m/s
descend:    t=  0.0 s | distance=   0.1 mm | height=+123.5 mm (target 20.0) | force=  0.0 N
descend:    t=  0.2 s | distance=  20.1 mm | height=+111.8 mm (target 20.0) | force=  1.2 N
descend:    t=  0.4 s | distance=  40.2 mm | height= +96.3 mm (target 20.0) | force=  2.8 N
descend:    t=  0.6 s | distance=  60.3 mm | height= +79.7 mm (target 20.0) | force=  2.3 N
descend:    t=  0.8 s | distance=  80.4 mm | height= +62.7 mm (target 20.0) | force=  1.9 N
descend:    t=  1.0 s | distance= 100.5 mm | height= +45.3 mm (target 20.0) | force=  2.9 N
descend:    t=  1.2 s | distance= 120.6 mm | height= +27.7 mm (target 20.0) | force=  1.9 N

Clearance reached: distance=129.9 mm | height=20.0 mm | target=20.0 mm | force=2.8 N
  offset_ee        = [     20.0,      60.0,      20.0] mm
  p_EE_at_contact  = [    514.3,       2.3,      49.3] mm
  contact_point    = [    532.6,     -55.5,       1.4] mm
  edge_offset      = [     18.3,     -57.8,     -47.9] mm

-- phase: setup --------------------------------------------------------------

-- setup impedance -----------------------------------------------------------
  law                wrench = K_TCP*dx + D_TCP*dv
                     K_TCP  = Ad(r_c)^T * blkdiag(Kp,KR) * Ad(r_c)
  Kp [t1,t2,n]     = [   2000.0,    2000.0,     350.0] N/m
  Dp [t1,t2,n]     = [    231.4,     177.3,     112.3] Ns/m     auto
  KR [t1,t2,n]     = [      5.0,       5.0,      50.0] Nm/rad
  DR [t1,t2,n]     = [      1.5,       1.9,       1.2] Nms/rad  auto
  p_c [EE]         = [      0.0,       0.0,       0.0] mm       resolved in the tool frame
  r_c [t1,t2,n]    = [      0.0,       0.0,       0.0] mm       commanded: p_TCP - p_c, in the plane
setup:     t=  0.0 s | tip=  0.0 deg | F=  0.0 N | M=  0.0 Nm (limit 150.0) | contact= 19.9 mm
setup:     t=  0.2 s | tip=  0.7 deg | F=  0.2 N | M=  0.5 Nm (limit 150.0) | contact=  7.4 mm
setup:     t=  0.4 s | tip=  1.3 deg | F= 14.6 N | M=  7.8 Nm (limit 150.0) | contact=  2.7 mm
setup:     t=  0.6 s | tip=  1.3 deg | F= 14.8 N | M=  7.9 Nm (limit 150.0) | contact=  3.0 mm
setup:     t=  0.8 s | tip=  1.4 deg | F= 21.1 N | M= 11.1 Nm (limit 150.0) | contact=  3.5 mm
setup:     t=  1.0 s | tip=  1.4 deg | F= 26.5 N | M= 13.7 Nm (limit 150.0) | contact=  4.2 mm
setup:     t=  1.2 s | tip=  1.5 deg | F= 32.3 N | M= 16.6 Nm (limit 150.0) | contact=  4.8 mm
setup:     t=  1.4 s | tip=  1.5 deg | F= 37.5 N | M= 19.3 Nm (limit 150.0) | contact=  5.2 mm
setup:     t=  1.6 s | tip=  1.6 deg | F= 43.0 N | M= 22.1 Nm (limit 150.0) | contact=  5.4 mm
setup:     t=  1.8 s | tip=  1.6 deg | F= 48.8 N | M= 25.1 Nm (limit 150.0) | contact=  5.6 mm
setup:     t=  2.0 s | tip=  1.7 deg | F= 54.2 N | M= 27.9 Nm (limit 150.0) | contact=  5.7 mm
setup:     t=  2.2 s | tip=  1.7 deg | F= 60.2 N | M= 31.0 Nm (limit 150.0) | contact=  5.9 mm
setup:     t=  2.4 s | tip=  1.8 deg | F= 65.2 N | M= 33.5 Nm (limit 150.0) | contact=  6.0 mm
setup:     t=  2.6 s | tip=  2.0 deg | F= 72.0 N | M= 37.0 Nm (limit 150.0) | contact=  6.1 mm
setup:     t=  2.8 s | tip=  2.5 deg | F= 75.1 N | M= 38.7 Nm (limit 150.0) | contact=  6.2 mm
setup:     t=  3.0 s | tip=  3.7 deg | F= 80.5 N | M= 41.6 Nm (limit 150.0) | contact=  6.3 mm
setup:     t=  3.2 s | tip=  6.2 deg | F= 84.8 N | M= 43.7 Nm (limit 150.0) | contact=  6.0 mm
setup:     t=  3.4 s | tip=  7.2 deg | F= 78.3 N | M= 40.6 Nm (limit 150.0) | contact=  5.8 mm
setup:     t=  3.6 s | tip=  7.2 deg | F= 79.6 N | M= 41.2 Nm (limit 150.0) | contact=  5.8 mm
setup:     t=  3.8 s | tip=  7.2 deg | F= 79.4 N | M= 41.1 Nm (limit 150.0) | contact=  5.8 mm
setup:     t=  4.0 s | tip=  7.2 deg | F= 79.3 N | M= 41.1 Nm (limit 150.0) | contact=  5.8 mm
setup:     t=  4.2 s | tip=  7.2 deg | F= 79.1 N | M= 41.0 Nm (limit 150.0) | contact=  5.8 mm
setup:     t=  4.4 s | tip=  7.2 deg | F= 79.2 N | M= 41.0 Nm (limit 150.0) | contact=  5.8 mm
setup:     t=  4.6 s | tip=  7.2 deg | F= 79.0 N | M= 40.9 Nm (limit 150.0) | contact=  5.8 mm
setup:     t=  4.8 s | tip=  7.2 deg | F= 79.1 N | M= 41.0 Nm (limit 150.0) | contact=  5.8 mm

==============================================================================
  SETUP RESULT
==============================================================================
  stop: time | t=5.0 s | tip=7.2 deg | F=79.1 N | M=40.9 Nm
  contact_from_start = [-4.2, +0.5, -4.0] mm | norm=5.8 mm
  tcp_from_contact  = [-21.6, +60.9, +17.4] mm | norm=66.9 mm
  alignment: before=8.68 deg | after=3.06 deg | gain=+5.63 deg
  alignment components [t1,t2,n] deg: before=[-8.65,-0.73,+0.00] | after=[-1.76,-2.49,-0.00]

-- setup surface-frame breakdown ---------------------------------------------
  frame              alignment-target [tangent1, tangent2, normal]
  force        [N]      = [    +4.15,     -7.11,    -78.64]
  tcp_disp     [mm]     = [    -2.75,     +3.96,    -30.46]
  contact_disp [mm]     = [    -4.14,     +0.64,     -4.08]
  Kp_eff=F/tcp [N/m]    = [  -1509.8,   -1796.5,    2581.8]
  M_contact    [Nm]     = [    -5.14,    +39.50,     -3.43]
  tip_angle    [deg]    = [    +6.91,     -1.83,     +0.55]
  KR_eff=M/ang [Nm/rad] = [    -42.6,   -1237.5,    -354.3]
  frame              tool face [length, width, tool axis]
  M_contact    [Nm]     = [   -39.31,     +5.47,     +4.87]

-- center of compliance ------------------------------------------------------
  definition         r_c = p_TCP - p_c
  p_TCP [x,y,z]    = [    511.0,       5.4,      18.8] mm
  p_c [EE]         = [     -0.0,      -0.0,       0.0] mm
  r_c [t1,t2,n]    = [      0.0,       0.0,       0.0] mm
                     p_c resolved at end of setup

-- effective TCP impedance ---------------------------------------------------
  K_TCP translation = [   1999.5,    1998.7,     351.8] N/m
  K_TCP rotation   = [      5.0,       5.0,      50.0] Nm/rad
  commanded KR was = [      5.0,       5.0,      50.0] Nm/rad   including lever contribution
  D_TCP translation = [    231.3,     177.3,     112.4] Ns/m
  D_TCP rotation   = [      1.5,       1.9,       1.2] Nms/rad
  coupling           max |moment per unit translation| = 0.0 Nm/m (K), 0.0 Nms/m (D)
  eigenvalues        K_TCP 5.00 .. 2000 | D_TCP 1.16 .. 231  (both positive: valid springs)

  K_TCP [N/m, Nm/rad | rows fx..mz, cols tx..rz]:
           tx        ty        tz    |    rx        ry        rz
  fx [    2000  -0.7871   -28.44 |        0        0        0 ]
  fy [ -0.7871     1999   -45.62 |        0        0        0 ]
  fz [  -28.44   -45.62    351.8 |        0        0        0 ]
     ---------------------------+---------------------------
  mx [       0        0        0 |    5.013  0.02147   0.7756 ]
  my [       0        0        0 |  0.02147    5.034    1.244 ]
  mz [       0        0        0 |   0.7756    1.244    49.95 ]

  D_TCP [Ns/m, Nms/rad]:
           tx        ty        tz    |    rx        ry        rz
  fx [   231.3  -0.0568   -2.052 |        0        0        0 ]
  fy [ -0.0568    177.3   -1.798 |        0        0        0 ]
  fz [  -2.052   -1.798    112.4 |        0        0        0 ]
     ---------------------------+---------------------------
  mx [       0        0        0 |     1.47 -0.0001488 -0.005377 ]
  my [       0        0        0 | -0.0001488    1.913 -0.02088 ]
  mz [       0        0        0 | -0.005377 -0.02088    1.159 ]

[GATE] Set up finished (still pressing). Press Enter to start the grind (e+Enter stops).

Stop requested with e + Enter. Finishing control loop...

-- joint motion [deg] --------------------------------------------------------
  joint       start    final    delta
  q1            0.8      4.9     +4.1
  q2           12.1     29.9    +17.8
  q3           -0.5     -3.8     -3.2
  q4         -130.9   -129.4     +1.5
  q5           -0.2      4.2     +4.4
  q6          142.9    154.2    +11.3
  q7           44.7     43.5     -1.2

==============================================================================
  FINAL RESULT
==============================================================================
  p_d              = [    509.8,      -4.9,    -210.6] mm
  p_EE             = [    511.0,       5.4,      18.8] mm
  e_p              = [     -1.2,     -10.3,    -229.3] mm
  e_R              = [     6.91,     -1.82,      0.49] deg
------------------------------------------------------------------------------
  position error     229.55 mm
  rotation error     7.17 deg
  csv                logs/surface_grinding_controller_log.csv
------------------------------------------------------------------------------
