
==============================================================================
  SURFACE GRINDING CONTROLLER
==============================================================================
  robot              172.16.0.2
  parameters         /home/hm-panda/Desktop/Thesis_Final_Control/surface_grinding_controller/params
------------------------------------------------------------------------------

==============================================================================
  SURFACE GRINDING CONTROLLER - STARTUP MENU
==============================================================================

-- RUN MODES -----------------------------------------------------------------
  s      Run orientation, approach, setup, and grinding
  h      Cartesian pose hold at the initial posture
  t      Cartesian pose hold with the setup impedance
  g      Start manual guidance from the current robot pose

-- ROBOT PREPARATION ---------------------------------------------------------
  i      Move to the configured initial joint posture

-- GRIPPER AND TOOL ----------------------------------------------------------
  o      Open the gripper
  c      Grasp the tool
  r      Recalibrate the gripper with empty fingers
  f      Pick up the tool from the holder
  b      Return the tool to the holder

-- PROGRAM -------------------------------------------------------------------
  e      Exit
------------------------------------------------------------------------------
  During control: e = stop | m = startup menu | g = guidance
------------------------------------------------------------------------------
Selection [s/h/t/g/i/o/c/r/f/b/e]: 
-- SELECTED MODE: PHASE SEQUENCE ---------------------------------------------

-- moving to q_init ----------------------------------------------------------
  case               saved_qinit
  q1..q7 [deg]     = [0.8, 12.1, -0.5, -130.9, -0.2, 142.9, 44.7] deg
  saved_qinit = [0.014777, 0.210911, -0.009320, -2.284835, -0.002725, 2.493410, 0.780694] rad
  q_init reached.

-- start pose ----------------------------------------------------------------
  q_start          = [0.9, 12.1, -0.5, -130.9, -0.1, 142.9, 44.7] deg
  p_start          = [    531.4,       2.5,     156.8] mm

==============================================================================
  RUN
==============================================================================

-- phase: approach_orient ----------------------------------------------------
  Kp [t1,t2,n]     = [    150.0,     150.0,     150.0] N/m
  Dp [t1,t2,n]     = [    133.7,      94.2,     128.3] Ns/m     auto (factor 1.90)
  KR [t1,t2,n]     = [    180.0,     180.0,      90.0] Nm/rad
  DR [t1,t2,n]     = [     15.3,      25.0,       2.0] Nms/rad  auto (factor 1.90)
orient:     t=  0.0 s | axis_err=  4.0 deg | spin_err=  0.6 deg
orient:     t=  0.2 s | axis_err=  2.8 deg | spin_err=  0.4 deg
orient:     t=  0.4 s | axis_err=  1.1 deg | spin_err=  0.2 deg
orient:     t=  0.6 s | axis_err=  0.9 deg | spin_err=  0.2 deg
orient:     t=  0.8 s | axis_err=  0.8 deg | spin_err=  0.2 deg

Orientation reached: axis_err=0.8 deg | spin_err=0.2 deg

-- phase: approach_descend ---------------------------------------------------
  Kp [t1,t2,n]     = [    150.0,     150.0,     150.0] N/m
  Dp [t1,t2,n]     = [    133.7,      94.2,     128.3] Ns/m     auto (factor 1.90)
  KR [t1,t2,n]     = [    180.0,     180.0,      90.0] Nm/rad
  DR [t1,t2,n]     = [     15.3,      25.0,       2.0] Nms/rad  auto (factor 1.90)
  descend to         20 mm clearance at 0.100 m/s
descend:    t=  0.0 s | distance=   0.1 mm | height=+126.2 mm (target 20.0) | force= -0.0 N
descend:    t=  0.2 s | distance=  20.2 mm | height=+115.3 mm (target 20.0) | force=  1.9 N
descend:    t=  0.4 s | distance=  40.3 mm | height= +99.5 mm (target 20.0) | force=  2.2 N
descend:    t=  0.6 s | distance=  60.4 mm | height= +82.5 mm (target 20.0) | force=  1.1 N
descend:    t=  0.8 s | distance=  80.5 mm | height= +65.6 mm (target 20.0) | force=  2.2 N
descend:    t=  1.0 s | distance= 100.6 mm | height= +48.8 mm (target 20.0) | force=  2.1 N
descend:    t=  1.2 s | distance= 120.7 mm | height= +31.6 mm (target 20.0) | force=  2.7 N

Clearance reached: distance=133.8 mm | height=20.0 mm | target=20.0 mm | force=2.9 N
  offset_ee        = [     20.0,      60.0,      20.0] mm
  p_EE_at_contact  = [    518.4,       3.2,      44.7] mm
  contact_point    = [    537.0,     -56.4,       1.3] mm
  edge_offset      = [     18.6,     -59.7,     -43.4] mm

-- phase: setup --------------------------------------------------------------

-- setup impedance -----------------------------------------------------------
  law                wrench = K_TCP*dx + D_TCP*dv
                     K_TCP  = Ad(r_c)^T * blkdiag(Kp,KR) * Ad(r_c)
  Kp [t1,t2,n]     = [   2000.0,    2000.0,     350.0] N/m
  Dp [t1,t2,n]     = [    232.2,     172.8,     112.5] Ns/m     auto
  KR [t1,t2,n]     = [      5.0,       5.0,      50.0] Nm/rad
  DR [t1,t2,n]     = [      1.4,       2.0,       0.9] Nms/rad  auto
  p_c [EE]         = [      0.0,       0.0,       0.0] mm       resolved in the tool frame
  r_c [t1,t2,n]    = [      0.0,       0.0,       0.0] mm       commanded: p_TCP - p_c, in the plane
setup:     t=  0.0 s | ee=  0.0 deg | F=  0.2 N | M=  0.0 Nm (limit 150.0) | contact= 19.9 mm
setup:     t=  0.2 s | ee=  0.8 deg | F=  0.3 N | M=  0.4 Nm (limit 150.0) | contact=  7.2 mm
setup:     t=  0.4 s | ee=  1.4 deg | F= 17.8 N | M=  0.9 Nm (limit 150.0) | contact=  2.6 mm
setup:     t=  0.6 s | ee=  1.5 deg | F= 14.8 N | M=  0.7 Nm (limit 150.0) | contact=  2.8 mm
setup:     t=  0.8 s | ee=  1.5 deg | F= 20.7 N | M=  0.8 Nm (limit 150.0) | contact=  2.9 mm
setup:     t=  1.0 s | ee=  1.5 deg | F= 26.0 N | M=  0.9 Nm (limit 150.0) | contact=  3.0 mm
setup:     t=  1.2 s | ee=  1.5 deg | F= 31.8 N | M=  1.0 Nm (limit 150.0) | contact=  3.1 mm
setup:     t=  1.4 s | ee=  1.5 deg | F= 37.3 N | M=  1.1 Nm (limit 150.0) | contact=  3.3 mm
setup:     t=  1.6 s | ee=  1.6 deg | F= 42.7 N | M=  1.2 Nm (limit 150.0) | contact=  3.4 mm
setup:     t=  1.8 s | ee=  1.6 deg | F= 48.3 N | M=  1.4 Nm (limit 150.0) | contact=  3.6 mm
setup:     t=  2.0 s | ee=  1.6 deg | F= 53.2 N | M=  1.4 Nm (limit 150.0) | contact=  3.8 mm
setup:     t=  2.2 s | ee=  2.2 deg | F= 57.6 N | M=  1.1 Nm (limit 150.0) | contact=  4.1 mm
setup:     t=  2.4 s | ee=  3.1 deg | F= 63.8 N | M=  0.9 Nm (limit 150.0) | contact=  4.3 mm
setup:     t=  2.6 s | ee=  3.1 deg | F= 69.4 N | M=  1.1 Nm (limit 150.0) | contact=  4.4 mm
setup:     t=  2.8 s | ee=  3.1 deg | F= 75.0 N | M=  0.9 Nm (limit 150.0) | contact=  4.5 mm
setup:     t=  3.0 s | ee=  3.1 deg | F= 80.8 N | M=  0.9 Nm (limit 150.0) | contact=  4.7 mm
setup:     t=  3.2 s | ee=  3.1 deg | F= 86.4 N | M=  0.9 Nm (limit 150.0) | contact=  4.8 mm
setup:     t=  3.4 s | ee=  3.1 deg | F= 81.8 N | M=  1.0 Nm (limit 150.0) | contact=  4.7 mm
setup:     t=  3.6 s | ee=  3.1 deg | F= 81.8 N | M=  0.9 Nm (limit 150.0) | contact=  4.7 mm
setup:     t=  3.8 s | ee=  3.1 deg | F= 81.6 N | M=  0.9 Nm (limit 150.0) | contact=  4.7 mm
setup:     t=  4.0 s | ee=  3.1 deg | F= 81.5 N | M=  0.9 Nm (limit 150.0) | contact=  4.7 mm
setup:     t=  4.2 s | ee=  3.1 deg | F= 81.5 N | M=  0.9 Nm (limit 150.0) | contact=  4.7 mm
setup:     t=  4.4 s | ee=  3.1 deg | F= 81.4 N | M=  0.9 Nm (limit 150.0) | contact=  4.7 mm
setup:     t=  4.6 s | ee=  3.1 deg | F= 81.4 N | M=  0.9 Nm (limit 150.0) | contact=  4.7 mm
setup:     t=  4.8 s | ee=  3.1 deg | F= 81.4 N | M=  0.9 Nm (limit 150.0) | contact=  4.7 mm

==============================================================================
  SETUP RESULT
==============================================================================
  stop: time | t=5.0 s | ee=3.1 deg | F=81.3 N | M_TCP=0.9 Nm
  contact_from_start = [-2.8, +0.9, -3.7] mm | norm=4.7 mm
  tcp_from_contact  = [-21.0, +61.0, +17.6] mm | norm=66.9 mm
  deviation: before=4.30 deg | after=2.77 deg | gain=+1.53 deg
  t_align: not reached | tolerance=2.00 deg | hold=0.30 s
  deviation components [t1,t2,n] deg: before=[-4.29,-0.36,+0.00] | after=[-1.74,-2.16,-0.00]

-- setup surface-frame breakdown ---------------------------------------------
  frame              alignment-target [tangent1, tangent2, normal]
  force        [N]      = [    +3.49,     -3.59,    -81.17]
  tcp_disp     [mm]     = [    -1.91,     +2.07,    -25.72]
  contact_disp [mm]     = [    -2.75,     +0.99,     -3.71]
  Kp_eff=F/tcp [N/m]    = [  -1830.5,   -1729.6,    3155.5]
  M_contact    [Nm]     = [    -5.50,     -0.91,     -0.02]
  ee_angle     [deg]    = [    +2.55,     -1.80,     +0.10]
  KR_eff=M/ang [Nm/rad] = [   -123.4,      29.1,     -13.5]
  frame              tool face [length, width, tool axis]
  M_contact    [Nm]     = [    +0.93,     +5.49,     +0.20]

-- center of compliance ------------------------------------------------------
  definition         r_c = p_TCP - p_c
  p_TCP [x,y,z]    = [    516.0,       4.6,      18.9] mm
  p_c [EE]         = [     -0.0,      -0.0,       0.0] mm
  r_c [t1,t2,n]    = [      0.0,       0.0,       0.0] mm
                     p_c resolved at end of setup

-- effective TCP impedance ---------------------------------------------------
  K_TCP translation = [   1999.5,    1998.7,     351.8] N/m
  K_TCP rotation   = [      5.0,       5.0,      50.0] Nm/rad
  commanded KR was = [      5.0,       5.0,      50.0] Nm/rad   including lever contribution
  D_TCP translation = [    232.2,     172.8,     112.6] Ns/m
  D_TCP rotation   = [      1.4,       2.0,       0.9] Nms/rad
  coupling           max |moment per unit translation| = 0.0 Nm/m (K), 0.0 Nms/m (D)
  eigenvalues        K_TCP 5.00 .. 2000 | D_TCP 0.90 .. 232  (both positive: valid springs)

  K_TCP [N/m, Nm/rad | rows fx..mz, cols tx..rz]:
           tx        ty        tz    |    rx        ry        rz
  fx [    2000  -0.7871   -28.44 |        0        0        0 ]
  fy [ -0.7871     1999   -45.62 |        0        0        0 ]
  fz [  -28.44   -45.62    351.8 |        0        0        0 ]
     ---------------------------+---------------------------
  mx [       0        0        0 |    5.013  0.02147   0.7756 ]
  my [       0        0        0 |  0.02147    5.034    1.244 ]
  mz [       0        0        0 |   0.7756    1.244    49.95 ]

  D_TCP [Ns/m, Nms/rad]:
           tx        ty        tz    |    rx        ry        rz
  fx [   232.2 -0.05713   -2.064 |        0        0        0 ]
  fy [-0.05713    172.8   -1.668 |        0        0        0 ]
  fz [  -2.064   -1.668    112.6 |        0        0        0 ]
     ---------------------------+---------------------------
  mx [       0        0        0 |    1.368 -0.0002245 -0.008112 ]
  my [       0        0        0 | -0.0002245    1.979 -0.02994 ]
  mz [       0        0        0 | -0.008112 -0.02994    0.898 ]

[GATE] Set up finished (still pressing). Press Enter to start the grind (e+Enter stops).

Stop requested with e + Enter. Finishing control loop...

-- joint motion [deg] --------------------------------------------------------
  joint       start    final    delta
  q1            0.9      1.9     +1.1
  q2           12.1     30.2    +18.1
  q3           -0.5     -1.3     -0.7
  q4         -130.9   -128.7     +2.2
  q5           -0.1      1.1     +1.2
  q6          142.9    154.3    +11.4
  q7           44.7     45.0     +0.3

==============================================================================
  FINAL RESULT
==============================================================================
  p_d              = [    513.9,      -3.9,    -215.2] mm
  p_EE             = [    516.1,       4.6,      18.9] mm
  e_p              = [     -2.1,      -8.6,    -234.1] mm
  e_R              = [     2.55,     -1.80,      0.10] deg
------------------------------------------------------------------------------
  position error     234.27 mm
  rotation error     3.13 deg
  csv                logs/surface_grinding_controller_log.csv
------------------------------------------------------------------------------
