
==============================================================================
  SURFACE GRINDING CONTROLLER
==============================================================================
  robot              172.16.0.2
  parameters         /home/hm-panda/Desktop/Thesis_Final_Control/surface_grinding_controller/params
------------------------------------------------------------------------------

==============================================================================
  SURFACE GRINDING CONTROLLER - STARTUP MENU
==============================================================================

-- RUN MODES -----------------------------------------------------------------
  s      Run orientation, approach, contact establishment, and grinding
  h      Cartesian pose hold at the initial posture
  t      Cartesian pose hold with the contact establishment impedance
  g      Start manual guidance from the current robot pose

-- ROBOT PREPARATION ---------------------------------------------------------
  i      Move to the configured initial joint posture

-- GRIPPER AND TOOL ----------------------------------------------------------
  o      Open the gripper
  c      Grasp the tool
  r      Recalibrate the gripper with empty fingers
  f      Pick up the tool from the holder
  b      Return the tool to the holder

-- PROGRAM -------------------------------------------------------------------
  e      Exit
------------------------------------------------------------------------------
  During control: e = stop | m = startup menu | g = guidance
------------------------------------------------------------------------------
Selection [s/h/t/g/i/o/c/r/f/b/e]: 
-- SELECTED MODE: STATE SEQUENCE ---------------------------------------------

-- moving to q_init ----------------------------------------------------------
  case               saved_qinit
  q1..q7 [deg]     = [0.8, 12.1, -0.5, -130.9, -0.2, 142.9, 44.7] deg
  saved_qinit = [0.014777, 0.210911, -0.009320, -2.284835, -0.002725, 2.493410, 0.780694] rad
  q_init reached.

-- start pose ----------------------------------------------------------------
  q_start          = [0.8, 12.1, -0.5, -130.9, -0.1, 142.9, 44.7] deg
  p_start          = [    531.4,       2.4,     156.8] mm

==============================================================================
  RUN
==============================================================================

-- state: tool_orientation ---------------------------------------------------
  Kp [t1,t2,n]     = [    150.0,     150.0,     150.0] N/m
  Dp [t1,t2,n]     = [    133.7,      94.2,     128.3] Ns/m     auto (factor 1.90)
  KR [t1,t2,n]     = [    180.0,     180.0,      90.0] Nm/rad
  DR [t1,t2,n]     = [     15.3,      25.0,       2.0] Nms/rad  auto (factor 1.90)
orient:     t=  0.0 s | axis_err= 12.0 deg | spin_err=  0.9 deg
orient:     t=  0.2 s | axis_err= 10.6 deg | spin_err=  0.9 deg
orient:     t=  0.4 s | axis_err=  6.7 deg | spin_err=  0.6 deg
orient:     t=  0.6 s | axis_err=  2.8 deg | spin_err=  0.3 deg
orient:     t=  0.8 s | axis_err=  1.0 deg | spin_err=  0.2 deg

Orientation reached: axis_err=0.9 deg | spin_err=0.2 deg

-- state: surface_approach ---------------------------------------------------
  Kp [t1,t2,n]     = [    150.0,     150.0,     150.0] N/m
  Dp [t1,t2,n]     = [    133.7,      94.2,     128.3] Ns/m     auto (factor 1.90)
  KR [t1,t2,n]     = [    180.0,     180.0,      90.0] Nm/rad
  DR [t1,t2,n]     = [     15.3,      25.0,       2.0] Nms/rad  auto (factor 1.90)
  descend to         20 mm clearance at 0.100 m/s
descend:    t=  0.0 s | distance=   0.1 mm | height=+121.0 mm (target 20.0) | force=  0.0 N
descend:    t=  0.2 s | distance=  20.2 mm | height=+111.0 mm (target 20.0) | force=  1.8 N
descend:    t=  0.4 s | distance=  40.3 mm | height= +96.1 mm (target 20.0) | force=  2.4 N
descend:    t=  0.6 s | distance=  60.4 mm | height= +80.2 mm (target 20.0) | force=  2.5 N
descend:    t=  0.8 s | distance=  80.5 mm | height= +63.6 mm (target 20.0) | force=  1.8 N
descend:    t=  1.0 s | distance= 100.6 mm | height= +46.8 mm (target 20.0) | force=  2.2 N
descend:    t=  1.2 s | distance= 120.7 mm | height= +29.8 mm (target 20.0) | force=  1.7 N

Clearance reached: distance=132.5 mm | height=20.0 mm | target=20.0 mm | force=2.4 N
  offset_ee        = [     20.0,     -60.0,      20.0] mm
  p_EE_at_contact  = [    514.9,      -0.9,      50.7] mm
  contact_point    = [    533.3,      53.3,      -1.6] mm
  edge_offset      = [     18.4,      54.2,     -52.3] mm

-- state: contact_establishment ----------------------------------------------

-- contact establishment impedance -------------------------------------------
  law                wrench = K_TCP*dx + D_TCP*dv
                     K_TCP  = Ad(r_c)^T * blkdiag(Kp,KR) * Ad(r_c)
  Kp [t1,t2,n]     = [   2000.0,    2000.0,     350.0] N/m
  Dp [t1,t2,n]     = [    234.2,     174.5,     111.5] Ns/m     auto
  KR [t1,t2,n]     = [      5.0,       5.0,      50.0] Nm/rad
  DR [t1,t2,n]     = [      1.3,       2.0,       1.3] Nms/rad  auto
  p_c [EE]         = [      0.0,      90.0,       0.0] mm       commanded in the tool frame
  r_c [t1,t2,n]    = [      0.0,     -88.7,      15.2] mm       p_c - p_TCP, in the plane
contact establishment:     t=  0.0 s | ee=  0.0 deg | F=  0.1 N | M=  0.0 Nm | contact= 19.9 mm
contact establishment:     t=  0.2 s | ee=  0.8 deg | F=  0.3 N | M=  0.7 Nm | contact=  7.5 mm
contact establishment:     t=  0.4 s | ee=  1.2 deg | F= 12.9 N | M=  0.6 Nm | contact=  2.8 mm
contact establishment:     t=  0.6 s | ee=  1.2 deg | F= 15.8 N | M=  0.6 Nm | contact=  2.8 mm
contact establishment:     t=  0.8 s | ee=  1.3 deg | F= 21.4 N | M=  0.6 Nm | contact=  2.7 mm
contact establishment:     t=  1.0 s | ee=  1.4 deg | F= 26.3 N | M=  0.7 Nm | contact=  2.7 mm
contact establishment:     t=  1.2 s | ee=  1.8 deg | F= 31.3 N | M=  0.8 Nm | contact=  2.6 mm
contact establishment:     t=  1.4 s | ee=  2.8 deg | F= 37.0 N | M=  0.6 Nm | contact=  2.3 mm
contact establishment:     t=  1.6 s | ee=  4.0 deg | F= 41.7 N | M=  0.7 Nm | contact=  2.1 mm
contact establishment:     t=  1.8 s | ee=  6.9 deg | F= 41.3 N | M=  0.6 Nm | contact=  2.3 mm
contact establishment:     t=  2.0 s | ee= 10.4 deg | F= 43.8 N | M=  0.8 Nm | contact=  2.2 mm
contact establishment:     t=  2.2 s | ee= 11.8 deg | F= 51.3 N | M=  4.8 Nm | contact=  2.7 mm
contact establishment:     t=  2.4 s | ee= 11.8 deg | F= 57.0 N | M=  5.0 Nm | contact=  2.7 mm
contact establishment:     t=  2.6 s | ee= 11.8 deg | F= 62.3 N | M=  5.4 Nm | contact=  2.7 mm
contact establishment:     t=  2.8 s | ee= 11.8 deg | F= 68.0 N | M=  5.7 Nm | contact=  2.7 mm
contact establishment:     t=  3.0 s | ee= 11.8 deg | F= 73.7 N | M=  6.1 Nm | contact=  2.7 mm
contact establishment:     t=  3.2 s | ee= 11.8 deg | F= 79.6 N | M=  6.5 Nm | contact=  2.7 mm
contact establishment:     t=  3.4 s | ee= 11.8 deg | F= 74.2 N | M=  6.2 Nm | contact=  2.7 mm
contact establishment:     t=  3.6 s | ee= 11.8 deg | F= 74.1 N | M=  6.2 Nm | contact=  2.7 mm
contact establishment:     t=  3.8 s | ee= 11.8 deg | F= 74.0 N | M=  6.2 Nm | contact=  2.7 mm
contact establishment:     t=  4.0 s | ee= 11.8 deg | F= 74.0 N | M=  6.2 Nm | contact=  2.7 mm
contact establishment:     t=  4.2 s | ee= 11.8 deg | F= 74.0 N | M=  6.2 Nm | contact=  2.7 mm
contact establishment:     t=  4.4 s | ee= 11.8 deg | F= 73.9 N | M=  6.2 Nm | contact=  2.7 mm
contact establishment:     t=  4.6 s | ee= 11.8 deg | F= 73.9 N | M=  6.2 Nm | contact=  2.7 mm
contact establishment:     t=  4.8 s | ee= 11.8 deg | F= 73.9 N | M=  6.2 Nm | contact=  2.7 mm

==============================================================================
  CONTACT-ESTABLISHMENT RESULT
==============================================================================
  stop: time | t=5.0 s | ee=11.8 deg | F=73.9 N | M_TCP=6.2 Nm
  contact_from_start = [-2.3, +1.3, +0.6] mm | norm=2.7 mm
  tcp_from_contact  = [-21.0, -59.0, +21.1] mm | norm=66.1 mm
  deviation: before=9.35 deg | after=2.55 deg | gain=+6.81 deg
  t_align: not reached | tolerance=2.00 deg | hold=0.30 s
  t_align_fraction: 1.68 s | fraction=0.50 of the deviation at contact
  deviation_min: 0.30 deg at t=1.95 s
  align_status: not_aligned
  deviation components [t1,t2,n] deg: before=[+9.34,-0.52,+0.00] | after=[-2.48,-0.57,+0.00]

-- contact establishment surface-frame breakdown -----------------------------
  frame              alignment-target [tangent1, tangent2, normal]
  force        [N]      = [    +3.43,     +6.73,    -73.48]
  tcp_disp     [mm]     = [    -2.08,     -3.90,    -31.41]
  contact_disp [mm]     = [    -2.30,     +1.24,     +0.59]
  Kp_eff=F/tcp [N/m]    = [  -1648.9,   -1724.6,    2339.4]
  M_contact    [Nm]     = [   +10.46,     -0.65,     +0.08]
  ee_angle     [deg]    = [   -11.82,     -0.06,     -0.19]
  KR_eff=M/ang [Nm/rad] = [    -50.7,     610.9,     -24.0]
  frame              tool face [length, width, tool axis]
  M_contact    [Nm]     = [    +0.67,    -10.46,     -0.21]

-- center of compliance ------------------------------------------------------
  definition         r_c = p_c - p_TCP
  p_TCP [x,y,z]    = [    512.2,      -5.7,      19.4] mm
  p_c [EE]         = [      0.0,      90.0,       0.0] mm
  r_c [t1,t2,n]    = [      0.3,     -89.9,      -3.3] mm
                     p_c resolved at end of contact establishment

-- effective TCP impedance ---------------------------------------------------
  K_TCP translation = [   1999.5,    1998.7,     351.8] N/m
  K_TCP rotation   = [      7.9,       5.0,      66.1] Nm/rad
  commanded KR was = [      5.0,       5.0,      50.0] Nm/rad   including lever contribution
  D_TCP translation = [    234.2,     174.5,     111.6] Ns/m
  D_TCP rotation   = [      2.2,       2.0,       3.2] Nms/rad
  coupling           max |moment per unit translation| = 179.9 Nm/m (K), 21.1 Nms/m (D)
  eigenvalues        K_TCP 4.96 .. 2017 | D_TCP 1.26 .. 236  (both positive: valid springs)

  K_TCP [N/m, Nm/rad | rows fx..mz, cols tx..rz]:
           tx        ty        tz    |    rx        ry        rz
  fx [    2000  -0.7871   -28.44 |    2.559   -1.617    179.9 ]
  fy [ -0.7871     1999   -45.62 |    5.729  0.01093     0.38 ]
  fz [  -28.44   -45.62    351.8 |   -31.69 -0.05625    -2.57 ]
     ---------------------------+---------------------------
  mx [   2.559    5.729   -31.69 |     7.87  0.02654    1.007 ]
  my [  -1.617  0.01093 -0.05625 |  0.02654    5.036    1.099 ]
  mz [   179.9     0.38    -2.57 |    1.007    1.099    66.15 ]

  D_TCP [Ns/m, Nms/rad]:
           tx        ty        tz    |    rx        ry        rz
  fx [   234.2 -0.05855   -2.116 |   0.1903  -0.1897    21.07 ]
  fy [-0.05855    174.5   -1.743 |   0.2986 0.0004407  0.03409 ]
  fz [  -2.116   -1.743    111.6 |   -10.04 -0.02345  -0.1908 ]
     ---------------------------+---------------------------
  mx [  0.1903   0.2986   -10.04 |    2.173 0.002134  0.01807 ]
  my [ -0.1897 0.0004407 -0.02345 | 0.002134    2.048 -0.03723 ]
  mz [   21.07  0.03409  -0.1908 |  0.01807 -0.03723    3.216 ]

[STATE] Pre-grinding hold active. Press Enter to start grinding (e+Enter stops).

-- state: pre_grinding_hold --------------------------------------------------
  motion             established contact command
  impedance          inherited from contact establishment
  keys               Enter continue | e stop

Stop requested with e + Enter. Finishing control loop...

-- joint motion [deg] --------------------------------------------------------
  joint       start    final    delta
  q1            0.8     -8.3     -9.2
  q2           12.1     29.8    +17.6
  q3           -0.5      6.6     +7.1
  q4         -130.9   -130.5     +0.4
  q5           -0.1     -7.4     -7.2
  q6          142.9    156.8    +14.0
  q7           44.7     49.2     +4.5

==============================================================================
  FINAL RESULT
==============================================================================
  p_d              = [    510.4,      -8.1,    -209.1] mm
  p_EE             = [    512.2,      -5.7,      19.5] mm
  e_p              = [     -1.9,      -2.4,    -228.6] mm
  e_R              = [   -11.82,     -0.06,      0.01] deg
------------------------------------------------------------------------------
  position error     228.60 mm
  rotation error     11.82 deg
  csv                logs/surface_grinding_controller_log.csv
------------------------------------------------------------------------------
