
==============================================================================
  SURFACE GRINDING CONTROLLER
==============================================================================
  robot              172.16.0.2
  parameters         /home/hm-panda/Desktop/Thesis_Final_Control/surface_grinding_controller/params
------------------------------------------------------------------------------

==============================================================================
  SURFACE GRINDING CONTROLLER - STARTUP MENU
==============================================================================

-- RUN MODES -----------------------------------------------------------------
  s      Run orientation, approach, setup, and grinding
  h      Cartesian pose hold at the initial posture
  t      Cartesian pose hold with the setup impedance
  g      Start manual guidance from the current robot pose

-- ROBOT PREPARATION ---------------------------------------------------------
  i      Move to the configured initial joint posture

-- GRIPPER AND TOOL ----------------------------------------------------------
  o      Open the gripper
  c      Grasp the tool
  r      Recalibrate the gripper with empty fingers
  f      Pick up the tool from the holder
  b      Return the tool to the holder

-- PROGRAM -------------------------------------------------------------------
  e      Exit
------------------------------------------------------------------------------
  During control: e = stop | m = startup menu | g = guidance
------------------------------------------------------------------------------
Selection [s/h/t/g/i/o/c/r/f/b/e]: 
-- SELECTED MODE: PHASE SEQUENCE ---------------------------------------------

-- moving to q_init ----------------------------------------------------------
  case               saved_qinit
  q1..q7 [deg]     = [0.8, 12.1, -0.5, -130.9, -0.2, 142.9, 44.7] deg
  saved_qinit = [0.014777, 0.210911, -0.009320, -2.284835, -0.002725, 2.493410, 0.780694] rad
  q_init reached.

-- start pose ----------------------------------------------------------------
  q_start          = [0.8, 12.1, -0.5, -130.9, -0.2, 142.9, 44.7] deg
  p_start          = [    531.3,       2.4,     156.8] mm

==============================================================================
  RUN
==============================================================================

-- phase: approach_orient ----------------------------------------------------
  Kp [t1,t2,n]     = [    150.0,     150.0,     150.0] N/m
  Dp [t1,t2,n]     = [    133.7,      94.2,     128.3] Ns/m     auto (factor 1.90)
  KR [t1,t2,n]     = [    300.0,     300.0,      90.0] Nm/rad
  DR [t1,t2,n]     = [     19.8,      32.3,       2.0] Nms/rad  auto (factor 1.90)
orient:     t=  0.0 s | axis_err=  7.6 deg | spin_err=  0.7 deg
orient:     t=  0.2 s | axis_err=  5.7 deg | spin_err=  0.4 deg
orient:     t=  0.4 s | axis_err=  2.2 deg | spin_err=  0.0 deg
orient:     t=  0.6 s | axis_err=  0.7 deg | spin_err=  0.0 deg
orient:     t=  0.8 s | axis_err=  0.5 deg | spin_err=  0.0 deg

Orientation reached: axis_err=0.4 deg | spin_err=0.0 deg

-- phase: approach_descend ---------------------------------------------------
  Kp [t1,t2,n]     = [    150.0,     150.0,     150.0] N/m
  Dp [t1,t2,n]     = [    133.7,      94.2,     128.3] Ns/m     auto (factor 1.90)
  KR [t1,t2,n]     = [    300.0,     300.0,      90.0] Nm/rad
  DR [t1,t2,n]     = [     19.8,      32.3,       2.0] Nms/rad  auto (factor 1.90)
  descend to         20 mm clearance at 0.100 m/s
descend:    t=  0.0 s | distance=   0.1 mm | height=+127.1 mm (target 20.0) | force= -0.0 N
descend:    t=  0.2 s | distance=  20.2 mm | height=+116.7 mm (target 20.0) | force=  3.0 N
descend:    t=  0.4 s | distance=  40.3 mm | height=+100.1 mm (target 20.0) | force=  0.6 N
descend:    t=  0.6 s | distance=  60.4 mm | height= +83.0 mm (target 20.0) | force=  2.1 N
descend:    t=  0.8 s | distance=  80.5 mm | height= +65.2 mm (target 20.0) | force=  0.7 N
descend:    t=  1.0 s | distance= 100.6 mm | height= +47.2 mm (target 20.0) | force=  2.0 N
descend:    t=  1.2 s | distance= 120.7 mm | height= +29.1 mm (target 20.0) | force=  2.6 N

Clearance reached: distance=131.0 mm | height=19.9 mm | target=20.0 mm | force=1.5 N
  offset_ee        = [     20.0,       0.0,      20.0] mm
  p_EE_at_contact  = [    513.7,      -0.4,      42.4] mm
  contact_point    = [    530.5,      -1.6,      -0.1] mm
  edge_offset      = [     16.8,      -1.2,     -42.5] mm

-- phase: setup --------------------------------------------------------------

-- setup impedance -----------------------------------------------------------
  law                wrench = K_TCP*dx + D_TCP*dv
                     K_TCP  = Ad(r_c)^T * blkdiag(Kp,KR) * Ad(r_c)
  Kp [t1,t2,n]     = [   2000.0,    2000.0,     350.0] N/m
  Dp [t1,t2,n]     = [    235.0,     173.9,     111.0] Ns/m     auto
  KR [t1,t2,n]     = [      5.0,       5.0,      50.0] Nm/rad
  DR [t1,t2,n]     = [      1.3,       2.1,       1.0] Nms/rad  auto
  p_c [EE]         = [      0.0,       0.0,       0.0] mm       resolved in the tool frame
  r_c [t1,t2,n]    = [      0.0,       0.0,       0.0] mm       commanded: p_TCP - p_c, in the plane
setup:     t=  0.0 s | tip=  0.0 deg | F=  0.5 N | M=  0.0 Nm (limit 150.0) | contact= 19.9 mm
setup:     t=  0.2 s | tip=  0.4 deg | F=  1.8 N | M=  0.6 Nm (limit 150.0) | contact=  6.8 mm
setup:     t=  0.4 s | tip=  0.9 deg | F= 14.4 N | M=  7.9 Nm (limit 150.0) | contact=  2.1 mm
setup:     t=  0.6 s | tip=  0.9 deg | F= 15.1 N | M=  8.0 Nm (limit 150.0) | contact=  2.1 mm
setup:     t=  0.8 s | tip=  0.9 deg | F= 21.3 N | M= 11.3 Nm (limit 150.0) | contact=  2.3 mm
setup:     t=  1.0 s | tip=  0.9 deg | F= 27.1 N | M= 14.3 Nm (limit 150.0) | contact=  2.5 mm
setup:     t=  1.2 s | tip=  0.9 deg | F= 32.8 N | M= 17.3 Nm (limit 150.0) | contact=  2.8 mm
setup:     t=  1.4 s | tip=  1.0 deg | F= 38.3 N | M= 20.1 Nm (limit 150.0) | contact=  3.2 mm
setup:     t=  1.6 s | tip=  1.2 deg | F= 42.7 N | M= 22.2 Nm (limit 150.0) | contact=  3.6 mm
setup:     t=  1.8 s | tip=  1.6 deg | F= 50.0 N | M= 25.9 Nm (limit 150.0) | contact=  4.1 mm
setup:     t=  2.0 s | tip=  1.6 deg | F= 55.6 N | M= 28.6 Nm (limit 150.0) | contact=  4.2 mm
setup:     t=  2.2 s | tip=  1.6 deg | F= 61.2 N | M= 31.5 Nm (limit 150.0) | contact=  4.4 mm
setup:     t=  2.4 s | tip=  1.7 deg | F= 66.6 N | M= 34.2 Nm (limit 150.0) | contact=  4.5 mm
setup:     t=  2.6 s | tip=  1.7 deg | F= 71.9 N | M= 36.9 Nm (limit 150.0) | contact=  4.7 mm
setup:     t=  2.8 s | tip=  1.7 deg | F= 77.2 N | M= 39.6 Nm (limit 150.0) | contact=  4.8 mm
setup:     t=  3.0 s | tip=  1.7 deg | F= 82.9 N | M= 42.5 Nm (limit 150.0) | contact=  5.0 mm
setup:     t=  3.2 s | tip=  1.7 deg | F= 88.3 N | M= 45.3 Nm (limit 150.0) | contact=  5.1 mm
setup:     t=  3.4 s | tip=  1.7 deg | F= 83.5 N | M= 42.9 Nm (limit 150.0) | contact=  5.0 mm
setup:     t=  3.6 s | tip=  1.7 deg | F= 83.3 N | M= 42.9 Nm (limit 150.0) | contact=  5.0 mm
setup:     t=  3.8 s | tip=  1.7 deg | F= 83.3 N | M= 42.9 Nm (limit 150.0) | contact=  5.0 mm
setup:     t=  4.0 s | tip=  1.7 deg | F= 83.2 N | M= 42.8 Nm (limit 150.0) | contact=  5.0 mm
setup:     t=  4.2 s | tip=  1.7 deg | F= 83.2 N | M= 42.8 Nm (limit 150.0) | contact=  5.0 mm
setup:     t=  4.4 s | tip=  1.7 deg | F= 83.2 N | M= 42.8 Nm (limit 150.0) | contact=  5.0 mm
setup:     t=  4.6 s | tip=  1.7 deg | F= 83.2 N | M= 42.8 Nm (limit 150.0) | contact=  5.0 mm
setup:     t=  4.8 s | tip=  1.7 deg | F= 83.1 N | M= 42.8 Nm (limit 150.0) | contact=  5.0 mm

==============================================================================
  SETUP RESULT
==============================================================================
  stop: time | t=5.0 s | tip=1.7 deg | F=83.1 N | M=42.7 Nm
  contact_from_start = [-2.7, -0.2, -4.2] mm | norm=5.0 mm
  tcp_from_contact  = [-19.4, -0.1, +18.6] mm | norm=26.9 mm
  alignment: before=5.20 deg | after=6.46 deg | gain=-1.26 deg
  alignment components [t1,t2,n] deg: before=[-0.42,-5.18,+0.00] | after=[-1.67,-6.24,+0.00]

-- setup surface-frame breakdown ---------------------------------------------
  frame              alignment-target [tangent1, tangent2, normal]
  force        [N]      = [    +2.84,     +1.31,    -83.04]
  tcp_disp     [mm]     = [    -2.18,     -0.63,    -23.96]
  contact_disp [mm]     = [    -2.60,     -0.04,     -4.29]
  Kp_eff=F/tcp [N/m]    = [  -1299.4,   -2083.6,    3466.3]
  M_contact    [Nm]     = [    +0.76,    +41.38,     +0.39]
  tip_angle    [deg]    = [    -1.28,     -1.05,     -0.29]
  KR_eff=M/ang [Nm/rad] = [    -34.0,   -2248.1,     -78.0]
  frame              tool face [length, width, tool axis]
  M_contact    [Nm]     = [   -41.37,     -0.94,     +0.73]

-- center of compliance ------------------------------------------------------
  definition         r_c = p_TCP - p_c
  p_TCP [x,y,z]    = [    511.1,      -1.7,      18.5] mm
  p_c [EE]         = [     -0.0,      -0.0,       0.0] mm
  r_c [t1,t2,n]    = [      0.0,       0.0,       0.0] mm
                     p_c resolved at end of setup

-- effective TCP impedance ---------------------------------------------------
  K_TCP translation = [   1999.5,    1998.7,     351.8] N/m
  K_TCP rotation   = [      5.0,       5.0,      50.0] Nm/rad
  commanded KR was = [      5.0,       5.0,      50.0] Nm/rad   including lever contribution
  D_TCP translation = [    234.9,     173.9,     111.0] Ns/m
  D_TCP rotation   = [      1.3,       2.1,       1.0] Nms/rad
  coupling           max |moment per unit translation| = 0.0 Nm/m (K), 0.0 Nms/m (D)
  eigenvalues        K_TCP 5.00 .. 2000 | D_TCP 0.95 .. 235  (both positive: valid springs)

  K_TCP [N/m, Nm/rad | rows fx..mz, cols tx..rz]:
           tx        ty        tz    |    rx        ry        rz
  fx [    2000  -0.7871   -28.44 |        0        0        0 ]
  fy [ -0.7871     1999   -45.62 |        0        0        0 ]
  fz [  -28.44   -45.62    351.8 |        0        0        0 ]
     ---------------------------+---------------------------
  mx [       0        0        0 |    5.013  0.02147   0.7756 ]
  my [       0        0        0 |  0.02147    5.034    1.244 ]
  mz [       0        0        0 |   0.7756    1.244    49.95 ]

  D_TCP [Ns/m, Nms/rad]:
           tx        ty        tz    |    rx        ry        rz
  fx [   234.9 -0.05917   -2.138 |        0        0        0 ]
  fy [-0.05917    173.9    -1.74 |        0        0        0 ]
  fz [  -2.138    -1.74      111 |        0        0        0 ]
     ---------------------------+---------------------------
  mx [       0        0        0 |    1.285 -0.0001594 -0.005757 ]
  my [       0        0        0 | -0.0001594    2.112 -0.03215 ]
  mz [       0        0        0 | -0.005757 -0.03215   0.9517 ]

[GATE] Set up finished (still pressing). Press Enter to start the grind (e+Enter stops).

Stop requested with e + Enter. Finishing control loop...

-- joint motion [deg] --------------------------------------------------------
  joint       start    final    delta
  q1            0.8     -0.6     -1.5
  q2           12.1     30.7    +18.6
  q3           -0.5      0.4     +1.0
  q4         -130.9   -126.7     +4.2
  q5           -0.2     -1.1     -0.9
  q6          142.9    148.6     +5.8
  q7           44.7     45.6     +0.8

==============================================================================
  FINAL RESULT
==============================================================================
  p_d              = [    509.2,      -7.6,    -217.5] mm
  p_EE             = [    511.1,      -1.7,      18.5] mm
  e_p              = [     -1.9,      -5.9,    -236.0] mm
  e_R              = [    -1.28,     -1.06,     -0.24] deg
------------------------------------------------------------------------------
  position error     236.03 mm
  rotation error     1.68 deg
  csv                logs/surface_grinding_controller_log.csv
------------------------------------------------------------------------------
