
==============================================================================
  SURFACE GRINDING CONTROLLER
==============================================================================
  robot              172.16.0.2
  parameters         /home/hm-panda/Desktop/Thesis_Final_Control/surface_grinding_controller/params
------------------------------------------------------------------------------

==============================================================================
  SURFACE GRINDING CONTROLLER - STARTUP MENU
==============================================================================

-- RUN MODES -----------------------------------------------------------------
  s      Run orientation, approach, setup, and grinding
  h      Cartesian pose hold at the initial posture
  t      Cartesian pose hold with the setup impedance
  g      Start manual guidance from the current robot pose

-- ROBOT PREPARATION ---------------------------------------------------------
  i      Move to the configured initial joint posture

-- GRIPPER AND TOOL ----------------------------------------------------------
  o      Open the gripper
  c      Grasp the tool
  r      Recalibrate the gripper with empty fingers
  f      Pick up the tool from the holder
  b      Return the tool to the holder

-- PROGRAM -------------------------------------------------------------------
  e      Exit
------------------------------------------------------------------------------
  During control: e = stop | m = startup menu | g = guidance
------------------------------------------------------------------------------
Selection [s/h/t/g/i/o/c/r/f/b/e]: 
-- SELECTED MODE: PHASE SEQUENCE ---------------------------------------------

-- moving to q_init ----------------------------------------------------------
  case               saved_qinit
  q1..q7 [deg]     = [0.8, 12.1, -0.5, -130.9, -0.2, 142.9, 44.7] deg
  saved_qinit = [0.014777, 0.210911, -0.009320, -2.284835, -0.002725, 2.493410, 0.780694] rad
  q_init reached.

-- start pose ----------------------------------------------------------------
  q_start          = [0.9, 12.1, -0.5, -130.9, -0.1, 142.9, 44.7] deg
  p_start          = [    531.2,       2.9,     157.0] mm

==============================================================================
  RUN
==============================================================================

-- phase: approach_orient ----------------------------------------------------
  Kp [t1,t2,n]     = [    150.0,     150.0,     150.0] N/m
  Dp [t1,t2,n]     = [    133.7,      94.2,     128.3] Ns/m     auto (factor 1.90)
  KR [t1,t2,n]     = [    180.0,     180.0,      90.0] Nm/rad
  DR [t1,t2,n]     = [     15.3,      25.0,       2.0] Nms/rad  auto (factor 1.90)
orient:     t=  0.0 s | axis_err=  8.5 deg | spin_err=  0.5 deg
orient:     t=  0.2 s | axis_err=  7.3 deg | spin_err=  0.3 deg
orient:     t=  0.4 s | axis_err=  3.4 deg | spin_err=  0.3 deg
orient:     t=  0.6 s | axis_err=  1.1 deg | spin_err=  0.2 deg
orient:     t=  0.8 s | axis_err=  0.9 deg | spin_err=  0.3 deg

Orientation reached: axis_err=0.8 deg | spin_err=0.3 deg

-- phase: approach_descend ---------------------------------------------------
  Kp [t1,t2,n]     = [    150.0,     150.0,     150.0] N/m
  Dp [t1,t2,n]     = [    133.7,      94.2,     128.3] Ns/m     auto (factor 1.90)
  KR [t1,t2,n]     = [    180.0,     180.0,      90.0] Nm/rad
  DR [t1,t2,n]     = [     15.3,      25.0,       2.0] Nms/rad  auto (factor 1.90)
  descend to         20 mm clearance at 0.100 m/s
descend:    t=  0.0 s | distance=   0.1 mm | height=+122.9 mm (target 20.0) | force= -0.0 N
descend:    t=  0.2 s | distance=  20.2 mm | height=+112.2 mm (target 20.0) | force=  1.7 N
descend:    t=  0.4 s | distance=  40.3 mm | height= +97.0 mm (target 20.0) | force=  2.0 N
descend:    t=  0.6 s | distance=  60.4 mm | height= +80.9 mm (target 20.0) | force=  3.2 N
descend:    t=  0.8 s | distance=  80.5 mm | height= +63.9 mm (target 20.0) | force=  1.0 N
descend:    t=  1.0 s | distance= 100.6 mm | height= +46.9 mm (target 20.0) | force=  1.9 N
descend:    t=  1.2 s | distance= 120.7 mm | height= +29.5 mm (target 20.0) | force=  1.3 N

Clearance reached: distance=131.8 mm | height=19.9 mm | target=20.0 mm | force=2.6 N
  offset_ee        = [     20.0,      60.0,      20.0] mm
  p_EE_at_contact  = [    515.8,       2.8,      49.7] mm
  contact_point    = [    534.2,     -54.7,       1.3] mm
  edge_offset      = [     18.4,     -57.4,     -48.4] mm

-- phase: setup --------------------------------------------------------------

-- setup impedance -----------------------------------------------------------
  law                wrench = K_TCP*dx + D_TCP*dv
                     K_TCP  = Ad(r_c)^T * blkdiag(Kp,KR) * Ad(r_c)
  Kp [t1,t2,n]     = [   2000.0,    2000.0,     350.0] N/m
  Dp [t1,t2,n]     = [    231.1,     178.0,     112.2] Ns/m     auto
  KR [t1,t2,n]     = [      5.0,       5.0,      50.0] Nm/rad
  DR [t1,t2,n]     = [      1.5,       1.9,       1.2] Nms/rad  auto
  p_c [EE]         = [     -0.0,      40.0,       0.0] mm       commanded in the tool frame
  r_c [t1,t2,n]    = [      0.0,      39.5,       6.2] mm       p_TCP - p_c, in the plane
setup:     t=  0.0 s | ee=  0.0 deg | F=  0.1 N | M=  0.0 Nm (limit 150.0) | contact= 19.8 mm
setup:     t=  0.2 s | ee=  0.7 deg | F=  0.8 N | M=  0.8 Nm (limit 150.0) | contact=  7.2 mm
setup:     t=  0.4 s | ee=  1.2 deg | F= 14.8 N | M=  0.6 Nm (limit 150.0) | contact=  2.4 mm
setup:     t=  0.6 s | ee=  1.2 deg | F= 15.2 N | M=  0.3 Nm (limit 150.0) | contact=  2.7 mm
setup:     t=  0.8 s | ee=  1.3 deg | F= 20.4 N | M=  0.4 Nm (limit 150.0) | contact=  3.1 mm
setup:     t=  1.0 s | ee=  1.3 deg | F= 26.1 N | M=  0.5 Nm (limit 150.0) | contact=  3.6 mm
setup:     t=  1.2 s | ee=  1.3 deg | F= 32.0 N | M=  0.7 Nm (limit 150.0) | contact=  3.9 mm
setup:     t=  1.4 s | ee=  1.4 deg | F= 37.7 N | M=  0.9 Nm (limit 150.0) | contact=  4.2 mm
setup:     t=  1.6 s | ee=  1.4 deg | F= 43.6 N | M=  1.1 Nm (limit 150.0) | contact=  4.5 mm
setup:     t=  1.8 s | ee=  1.4 deg | F= 48.7 N | M=  1.4 Nm (limit 150.0) | contact=  4.6 mm
setup:     t=  2.0 s | ee=  1.4 deg | F= 54.3 N | M=  1.6 Nm (limit 150.0) | contact=  4.8 mm
setup:     t=  2.2 s | ee=  1.4 deg | F= 59.7 N | M=  1.9 Nm (limit 150.0) | contact=  4.9 mm
setup:     t=  2.4 s | ee=  1.5 deg | F= 65.1 N | M=  2.1 Nm (limit 150.0) | contact=  5.1 mm
setup:     t=  2.6 s | ee=  1.5 deg | F= 70.7 N | M=  2.4 Nm (limit 150.0) | contact=  5.2 mm
setup:     t=  2.8 s | ee=  1.5 deg | F= 76.2 N | M=  2.6 Nm (limit 150.0) | contact=  5.4 mm
setup:     t=  3.0 s | ee=  1.5 deg | F= 82.0 N | M=  2.8 Nm (limit 150.0) | contact=  5.5 mm
setup:     t=  3.2 s | ee=  1.5 deg | F= 87.3 N | M=  3.0 Nm (limit 150.0) | contact=  5.7 mm
setup:     t=  3.4 s | ee=  1.5 deg | F= 82.9 N | M=  2.9 Nm (limit 150.0) | contact=  5.5 mm
setup:     t=  3.6 s | ee=  1.5 deg | F= 82.7 N | M=  2.9 Nm (limit 150.0) | contact=  5.5 mm
setup:     t=  3.8 s | ee=  1.5 deg | F= 82.7 N | M=  2.8 Nm (limit 150.0) | contact=  5.5 mm
setup:     t=  4.0 s | ee=  1.5 deg | F= 82.7 N | M=  2.8 Nm (limit 150.0) | contact=  5.5 mm
setup:     t=  4.2 s | ee=  1.5 deg | F= 82.6 N | M=  2.8 Nm (limit 150.0) | contact=  5.5 mm
setup:     t=  4.4 s | ee=  1.5 deg | F= 82.5 N | M=  2.8 Nm (limit 150.0) | contact=  5.6 mm
setup:     t=  4.6 s | ee=  1.5 deg | F= 82.5 N | M=  2.8 Nm (limit 150.0) | contact=  5.6 mm
setup:     t=  4.8 s | ee=  1.5 deg | F= 82.4 N | M=  2.8 Nm (limit 150.0) | contact=  5.6 mm

==============================================================================
  SETUP RESULT
==============================================================================
  stop: time | t=5.0 s | ee=1.5 deg | F=82.4 N | M_TCP=2.8 Nm
  contact_from_start = [-4.2, +0.6, -3.6] mm | norm=5.6 mm
  tcp_from_contact  = [-22.5, +57.5, +25.1] mm | norm=66.7 mm
  deviation: before=9.33 deg | after=9.26 deg | gain=+0.07 deg
  t_align: not reached | tolerance=2.00 deg | hold=0.30 s
  t_align_fraction: not reached | fraction=0.50 of the deviation at contact
  deviation_min: 9.16 deg at t=0.19 s
  align_status: not_aligned
  deviation components [t1,t2,n] deg: before=[-9.32,-0.41,-0.00] | after=[-9.06,-1.89,+0.00]

-- setup surface-frame breakdown ---------------------------------------------
  frame              alignment-target [tangent1, tangent2, normal]
  force        [N]      = [    +6.47,     -1.76,    -82.10]
  tcp_disp     [mm]     = [    -3.68,     +0.75,    -23.35]
  contact_disp [mm]     = [    -4.12,     +0.72,     -3.65]
  Kp_eff=F/tcp [N/m]    = [  -1759.6,   -2347.2,    3515.5]
  M_contact    [Nm]     = [    -1.79,     -0.92,     -0.01]
  ee_angle     [deg]    = [    +0.25,     -1.45,     -0.31]
  KR_eff=M/ang [Nm/rad] = [   -406.3,      36.6,       1.5]
  frame              tool face [length, width, tool axis]
  M_contact    [Nm]     = [    +0.91,     +1.79,     -0.08]

-- center of compliance ------------------------------------------------------
  definition         r_c = p_TCP - p_c
  p_TCP [x,y,z]    = [    511.7,       2.9,      26.4] mm
  p_c [EE]         = [     -0.0,      40.0,       0.0] mm
  r_c [t1,t2,n]    = [     -0.0,      39.5,       6.0] mm
                     p_c resolved at end of setup

-- effective TCP impedance ---------------------------------------------------
  K_TCP translation = [   1999.5,    1998.7,     351.8] N/m
  K_TCP rotation   = [      5.6,       5.1,      53.1] Nm/rad
  commanded KR was = [      5.0,       5.0,      50.0] Nm/rad   including lever contribution
  D_TCP translation = [    231.0,     177.9,     112.3] Ns/m
  D_TCP rotation   = [      1.7,       1.9,       1.6] Nms/rad
  coupling           max |moment per unit translation| = 79.4 Nm/m (K), 9.2 Nms/m (D)
  eigenvalues        K_TCP 4.99 .. 2003 | D_TCP 1.20 .. 231  (both positive: valid springs)

  K_TCP [N/m, Nm/rad | rows fx..mz, cols tx..rz]:
           tx        ty        tz    |    rx        ry        rz
  fx [    2000  -0.7871   -28.44 |    1.125   -9.887    79.37 ]
  fy [ -0.7871     1999   -45.62 |    11.69 0.001344  -0.1429 ]
  fz [  -28.44   -45.62    351.8 |   -14.19   0.1602   -1.126 ]
     ---------------------------+---------------------------
  mx [   1.125    11.69   -14.19 |    5.634  0.01511   0.8196 ]
  my [  -9.887 0.001344   0.1602 |  0.01511    5.083   0.8518 ]
  mz [   79.37  -0.1429   -1.126 |   0.8196   0.8518     53.1 ]

  D_TCP [Ns/m, Nms/rad]:
           tx        ty        tz    |    rx        ry        rz
  fx [     231 -0.05669   -2.048 |  0.08102   -1.142     9.17 ]
  fy [-0.05669    177.9   -1.818 |   0.9519 0.0001787 -0.01219 ]
  fz [  -2.048   -1.818    112.3 |   -4.467   0.0164  -0.0812 ]
     ---------------------------+---------------------------
  mx [ 0.08102   0.9519   -4.467 |    1.673 -0.0007863 -0.001761 ]
  my [  -1.142 0.0001787   0.0164 | -0.0007863    1.899  -0.0644 ]
  mz [    9.17 -0.01219  -0.0812 | -0.001761  -0.0644     1.57 ]

[GATE] Set up finished (still pressing). Press Enter to start the grind (e+Enter stops).

Stop requested with e + Enter. Finishing control loop...

-- joint motion [deg] --------------------------------------------------------
  joint       start    final    delta
  q1            0.9      1.0     +0.1
  q2           12.1     28.8    +16.7
  q3           -0.5     -1.0     -0.5
  q4         -130.9   -129.5     +1.5
  q5           -0.1     16.8    +17.0
  q6          142.9    152.9    +10.0
  q7           44.7     29.5    -15.3

==============================================================================
  FINAL RESULT
==============================================================================
  p_d              = [    511.3,      -4.4,    -210.1] mm
  p_EE             = [    511.7,       2.9,      26.4] mm
  e_p              = [     -0.4,      -7.3,    -236.5] mm
  e_R              = [     0.25,     -1.46,     -0.28] deg
------------------------------------------------------------------------------
  position error     236.61 mm
  rotation error     1.50 deg
  csv                logs/surface_grinding_controller_log.csv
------------------------------------------------------------------------------
