
==============================================================================
  SURFACE GRINDING CONTROLLER
==============================================================================
  robot              172.16.0.2
  parameters         /home/hm-panda/Desktop/Thesis_Final_Control/surface_grinding_controller/params
------------------------------------------------------------------------------

==============================================================================
  SURFACE GRINDING CONTROLLER - STARTUP MENU
==============================================================================

-- RUN MODES -----------------------------------------------------------------
  s      Run orientation, approach, setup, and grinding
  h      Cartesian pose hold at the initial posture
  t      Cartesian pose hold with the setup impedance
  g      Start manual guidance from the current robot pose

-- ROBOT PREPARATION ---------------------------------------------------------
  i      Move to the configured initial joint posture

-- GRIPPER AND TOOL ----------------------------------------------------------
  o      Open the gripper
  c      Grasp the tool
  r      Recalibrate the gripper with empty fingers
  f      Pick up the tool from the holder
  b      Return the tool to the holder

-- PROGRAM -------------------------------------------------------------------
  e      Exit
------------------------------------------------------------------------------
  During control: e = stop | m = startup menu | g = guidance
------------------------------------------------------------------------------
Selection [s/h/t/g/i/o/c/r/f/b/e]: 
-- SELECTED MODE: PHASE SEQUENCE ---------------------------------------------

-- moving to q_init ----------------------------------------------------------
  case               saved_qinit
  q1..q7 [deg]     = [0.8, 12.1, -0.5, -130.9, -0.2, 142.9, 44.7] deg
  saved_qinit = [0.014777, 0.210911, -0.009320, -2.284835, -0.002725, 2.493410, 0.780694] rad
  q_init reached.

-- start pose ----------------------------------------------------------------
  q_start          = [0.9, 12.1, -0.6, -130.9, -0.1, 142.9, 44.7] deg
  p_start          = [    531.3,       2.5,     156.8] mm

==============================================================================
  RUN
==============================================================================

-- phase: approach_orient ----------------------------------------------------
  Kp [t1,t2,n]     = [    150.0,     150.0,     150.0] N/m
  Dp [t1,t2,n]     = [    133.7,      94.2,     128.3] Ns/m     auto (factor 1.90)
  KR [t1,t2,n]     = [     90.0,      90.0,      90.0] Nm/rad
  DR [t1,t2,n]     = [     10.8,      17.7,       2.0] Nms/rad  auto (factor 1.90)
orient:     t=  0.0 s | axis_err=  8.6 deg | spin_err=  0.6 deg
orient:     t=  0.2 s | axis_err=  8.0 deg | spin_err=  0.1 deg
orient:     t=  0.4 s | axis_err=  4.9 deg | spin_err=  0.2 deg
orient:     t=  0.6 s | axis_err=  2.0 deg | spin_err=  0.2 deg
orient:     t=  0.8 s | axis_err=  1.6 deg | spin_err=  0.3 deg
orient:     t=  1.0 s | axis_err=  1.5 deg | spin_err=  0.3 deg
orient:     t=  1.2 s | axis_err=  1.5 deg | spin_err=  0.3 deg
orient:     t=  1.4 s | axis_err=  1.5 deg | spin_err=  0.3 deg
orient:     t=  1.6 s | axis_err=  1.5 deg | spin_err=  0.3 deg
orient:     t=  1.8 s | axis_err=  1.5 deg | spin_err=  0.3 deg
orient:     t=  2.0 s | axis_err=  1.5 deg | spin_err=  0.2 deg
orient:     t=  2.2 s | axis_err=  1.5 deg | spin_err=  0.3 deg
orient:     t=  2.4 s | axis_err=  1.5 deg | spin_err=  0.3 deg
orient:     t=  2.6 s | axis_err=  1.4 deg | spin_err=  0.3 deg
orient:     t=  2.8 s | axis_err=  1.4 deg | spin_err=  0.2 deg
orient:     t=  3.0 s | axis_err=  1.4 deg | spin_err=  0.2 deg
orient:     t=  3.2 s | axis_err=  1.4 deg | spin_err=  0.2 deg
orient:     t=  3.4 s | axis_err=  1.4 deg | spin_err=  0.2 deg
orient:     t=  3.6 s | axis_err=  1.4 deg | spin_err=  0.2 deg
orient:     t=  3.8 s | axis_err=  1.4 deg | spin_err=  0.2 deg
orient:     t=  4.0 s | axis_err=  1.4 deg | spin_err=  0.2 deg
orient:     t=  4.2 s | axis_err=  1.4 deg | spin_err=  0.2 deg
orient:     t=  4.4 s | axis_err=  1.4 deg | spin_err=  0.2 deg
orient:     t=  4.6 s | axis_err=  1.4 deg | spin_err=  0.2 deg
orient:     t=  4.8 s | axis_err=  1.4 deg | spin_err=  0.2 deg

Orientation settled short of the 0.5 deg gate after 5.0 s: axis_err=1.4 deg | spin_err=0.2 deg

-- phase: approach_descend ---------------------------------------------------
  Kp [t1,t2,n]     = [    150.0,     150.0,     150.0] N/m
  Dp [t1,t2,n]     = [    133.7,      94.2,     128.3] Ns/m     auto (factor 1.90)
  KR [t1,t2,n]     = [     90.0,      90.0,      90.0] Nm/rad
  DR [t1,t2,n]     = [     10.8,      17.7,       2.0] Nms/rad  auto (factor 1.90)
  descend to         20 mm clearance at 0.100 m/s
descend:    t=  0.0 s | distance=   0.1 mm | height=+122.2 mm (target 20.0) | force=  0.0 N
descend:    t=  0.2 s | distance=  20.1 mm | height=+111.7 mm (target 20.0) | force=  1.8 N
descend:    t=  0.4 s | distance=  40.1 mm | height= +96.4 mm (target 20.0) | force=  1.4 N
descend:    t=  0.6 s | distance=  60.1 mm | height= +80.3 mm (target 20.0) | force=  2.2 N
descend:    t=  0.8 s | distance=  80.1 mm | height= +63.1 mm (target 20.0) | force=  2.2 N
descend:    t=  1.0 s | distance= 100.1 mm | height= +46.2 mm (target 20.0) | force=  3.0 N
descend:    t=  1.2 s | distance= 120.1 mm | height= +29.3 mm (target 20.0) | force=  3.1 N

Clearance reached: distance=131.0 mm | height=19.9 mm | target=20.0 mm | force=1.4 N
  offset_ee        = [     20.0,      60.0,      20.0] mm
  p_EE_at_contact  = [    519.1,       1.2,      49.2] mm
  contact_point    = [    537.9,     -56.3,       1.3] mm
  edge_offset      = [     18.8,     -57.6,     -47.8] mm

-- phase: setup --------------------------------------------------------------

-- setup impedance -----------------------------------------------------------
  law                wrench = K_TCP*dx + D_TCP*dv
                     K_TCP  = Ad(r_c)^T * blkdiag(Kp,KR) * Ad(r_c)
  Kp [t1,t2,n]     = [   2000.0,    2000.0,     350.0] N/m
  Dp [t1,t2,n]     = [    230.5,     177.5,     112.4] Ns/m     auto
  KR [t1,t2,n]     = [      5.0,       5.0,      50.0] Nm/rad
  DR [t1,t2,n]     = [      1.5,       1.9,       1.2] Nms/rad  auto
  p_c [EE]         = [      0.0,       0.0,       0.0] mm       resolved in the tool frame
  r_c [t1,t2,n]    = [      0.0,       0.0,       0.0] mm       commanded: p_TCP - p_c, in the plane
setup:     t=  0.0 s | tip=  0.0 deg | F=  0.1 N | M=  0.0 Nm (limit 150.0) | contact= 19.8 mm
setup:     t=  0.2 s | tip=  0.9 deg | F=  1.6 N | M=  1.1 Nm (limit 150.0) | contact=  7.5 mm
setup:     t=  0.4 s | tip=  1.5 deg | F= 18.4 N | M= 10.0 Nm (limit 150.0) | contact=  2.7 mm
setup:     t=  0.6 s | tip=  1.5 deg | F= 16.3 N | M=  9.1 Nm (limit 150.0) | contact=  2.9 mm
setup:     t=  0.8 s | tip=  1.6 deg | F= 21.8 N | M= 11.9 Nm (limit 150.0) | contact=  3.2 mm
setup:     t=  1.0 s | tip=  1.6 deg | F= 27.7 N | M= 14.9 Nm (limit 150.0) | contact=  3.4 mm
setup:     t=  1.2 s | tip=  1.6 deg | F= 33.0 N | M= 17.8 Nm (limit 150.0) | contact=  3.6 mm
setup:     t=  1.4 s | tip=  1.6 deg | F= 38.7 N | M= 20.7 Nm (limit 150.0) | contact=  3.7 mm
setup:     t=  1.6 s | tip=  1.7 deg | F= 44.4 N | M= 23.7 Nm (limit 150.0) | contact=  3.9 mm
setup:     t=  1.8 s | tip=  1.7 deg | F= 49.9 N | M= 26.6 Nm (limit 150.0) | contact=  4.1 mm
setup:     t=  2.0 s | tip=  1.7 deg | F= 54.9 N | M= 29.2 Nm (limit 150.0) | contact=  4.2 mm
setup:     t=  2.2 s | tip=  1.8 deg | F= 60.6 N | M= 32.1 Nm (limit 150.0) | contact=  4.4 mm
setup:     t=  2.4 s | tip=  2.0 deg | F= 66.6 N | M= 35.2 Nm (limit 150.0) | contact=  4.5 mm
setup:     t=  2.6 s | tip=  2.3 deg | F= 70.5 N | M= 37.1 Nm (limit 150.0) | contact=  4.5 mm
setup:     t=  2.8 s | tip=  2.7 deg | F= 79.0 N | M= 41.5 Nm (limit 150.0) | contact=  4.4 mm
setup:     t=  3.0 s | tip=  4.5 deg | F= 81.4 N | M= 42.8 Nm (limit 150.0) | contact=  4.5 mm
setup:     t=  3.2 s | tip=  6.8 deg | F= 84.3 N | M= 44.3 Nm (limit 150.0) | contact=  4.8 mm
setup:     t=  3.4 s | tip=  7.7 deg | F= 80.4 N | M= 42.8 Nm (limit 150.0) | contact=  4.5 mm
setup:     t=  3.6 s | tip=  7.6 deg | F= 80.1 N | M= 42.5 Nm (limit 150.0) | contact=  4.5 mm
setup:     t=  3.8 s | tip=  7.6 deg | F= 80.0 N | M= 42.5 Nm (limit 150.0) | contact=  4.5 mm
setup:     t=  4.0 s | tip=  7.6 deg | F= 80.0 N | M= 42.5 Nm (limit 150.0) | contact=  4.5 mm
setup:     t=  4.2 s | tip=  7.6 deg | F= 79.9 N | M= 42.4 Nm (limit 150.0) | contact=  4.5 mm
setup:     t=  4.4 s | tip=  7.6 deg | F= 79.9 N | M= 42.5 Nm (limit 150.0) | contact=  4.5 mm
setup:     t=  4.6 s | tip=  7.6 deg | F= 79.9 N | M= 42.4 Nm (limit 150.0) | contact=  4.5 mm
setup:     t=  4.8 s | tip=  7.6 deg | F= 79.8 N | M= 42.4 Nm (limit 150.0) | contact=  4.5 mm

==============================================================================
  SETUP RESULT
==============================================================================
  stop: time | t=5.0 s | tip=7.6 deg | F=79.8 N | M=42.4 Nm
  contact_from_start = [-2.6, +0.7, -3.7] mm | norm=4.5 mm
  tcp_from_contact  = [-20.6, +61.0, +17.3] mm | norm=66.7 mm
  alignment: before=8.74 deg | after=3.09 deg | gain=+5.65 deg
  alignment components [t1,t2,n] deg: before=[-8.69,-0.94,-0.00] | after=[-1.32,-2.80,+0.00]

-- setup surface-frame breakdown ---------------------------------------------
  frame              alignment-target [tangent1, tangent2, normal]
  force        [N]      = [    +2.83,     -7.54,    -79.41]
  tcp_disp     [mm]     = [    -1.25,     +4.24,    -30.47]
  contact_disp [mm]     = [    -2.54,     +0.78,     -3.69]
  Kp_eff=F/tcp [N/m]    = [  -2257.6,   -1777.0,    2606.0]
  M_contact    [Nm]     = [    -5.54,    +40.83,     -3.76]
  tip_angle    [deg]    = [    +7.39,     -1.90,     +0.42]
  KR_eff=M/ang [Nm/rad] = [    -42.9,   -1229.9,    -507.1]
  frame              tool face [length, width, tool axis]
  M_contact    [Nm]     = [   -40.68,     +5.73,     +4.96]

-- center of compliance ------------------------------------------------------
  definition         r_c = p_TCP - p_c
  p_TCP [x,y,z]    = [    517.3,       4.6,      18.6] mm
  p_c [EE]         = [     -0.0,      -0.0,       0.0] mm
  r_c [t1,t2,n]    = [      0.0,       0.0,       0.0] mm
                     p_c resolved at end of setup

-- effective TCP impedance ---------------------------------------------------
  K_TCP translation = [   1999.5,    1998.7,     351.8] N/m
  K_TCP rotation   = [      5.0,       5.0,      50.0] Nm/rad
  commanded KR was = [      5.0,       5.0,      50.0] Nm/rad   including lever contribution
  D_TCP translation = [    230.5,     177.5,     112.5] Ns/m
  D_TCP rotation   = [      1.5,       1.9,       1.2] Nms/rad
  coupling           max |moment per unit translation| = 0.0 Nm/m (K), 0.0 Nms/m (D)
  eigenvalues        K_TCP 5.00 .. 2000 | D_TCP 1.19 .. 230  (both positive: valid springs)

  K_TCP [N/m, Nm/rad | rows fx..mz, cols tx..rz]:
           tx        ty        tz    |    rx        ry        rz
  fx [    2000  -0.7871   -28.44 |        0        0        0 ]
  fy [ -0.7871     1999   -45.62 |        0        0        0 ]
  fz [  -28.44   -45.62    351.8 |        0        0        0 ]
     ---------------------------+---------------------------
  mx [       0        0        0 |    5.013  0.02147   0.7756 ]
  my [       0        0        0 |  0.02147    5.034    1.244 ]
  mz [       0        0        0 |   0.7756    1.244    49.95 ]

  D_TCP [Ns/m, Nms/rad]:
           tx        ty        tz    |    rx        ry        rz
  fx [   230.5 -0.05635   -2.036 |        0        0        0 ]
  fy [-0.05635    177.5   -1.801 |        0        0        0 ]
  fz [  -2.036   -1.801    112.5 |        0        0        0 ]
     ---------------------------+---------------------------
  mx [       0        0        0 |    1.499 -0.0001467 -0.005302 ]
  my [       0        0        0 | -0.0001467    1.873 -0.01887 ]
  mz [       0        0        0 | -0.005302 -0.01887    1.192 ]

[GATE] Set up finished (still pressing). Press Enter to start the grind (e+Enter stops).

Stop requested with e + Enter. Finishing control loop...

-- joint motion [deg] --------------------------------------------------------
  joint       start    final    delta
  q1            0.9      5.9     +5.0
  q2           12.1     30.4    +18.3
  q3           -0.6     -4.6     -4.1
  q4         -130.9   -129.0     +1.9
  q5           -0.1      5.3     +5.4
  q6          142.9    155.4    +12.5
  q7           44.7     42.5     -2.2

==============================================================================
  FINAL RESULT
==============================================================================
  p_d              = [    514.6,      -5.9,    -210.6] mm
  p_EE             = [    517.3,       4.6,      18.6] mm
  e_p              = [     -2.7,     -10.6,    -229.2] mm
  e_R              = [     7.40,     -1.89,      0.35] deg
------------------------------------------------------------------------------
  position error     229.50 mm
  rotation error     7.64 deg
  csv                logs/surface_grinding_controller_log.csv
------------------------------------------------------------------------------
