
==============================================================================
  SURFACE GRINDING CONTROLLER
==============================================================================
  robot              172.16.0.2
  parameters         /home/hm-panda/Desktop/Thesis_Final_Control/surface_grinding_controller/params
------------------------------------------------------------------------------

==============================================================================
  SURFACE GRINDING CONTROLLER - STARTUP MENU
==============================================================================

-- RUN MODES -----------------------------------------------------------------
  s      Run orientation, approach, setup, and grinding
  h      Cartesian pose hold at the initial posture
  t      Cartesian pose hold with the setup impedance
  g      Start manual guidance from the current robot pose

-- ROBOT PREPARATION ---------------------------------------------------------
  i      Move to the configured initial joint posture

-- GRIPPER AND TOOL ----------------------------------------------------------
  o      Open the gripper
  c      Grasp the tool
  r      Recalibrate the gripper with empty fingers
  f      Pick up the tool from the holder
  b      Return the tool to the holder

-- PROGRAM -------------------------------------------------------------------
  e      Exit
------------------------------------------------------------------------------
  During control: e = stop | m = startup menu | g = guidance
------------------------------------------------------------------------------
Selection [s/h/t/g/i/o/c/r/f/b/e]: 
-- SELECTED MODE: PHASE SEQUENCE ---------------------------------------------

-- moving to q_init ----------------------------------------------------------
  case               saved_qinit
  q1..q7 [deg]     = [0.8, 12.1, -0.5, -130.9, -0.2, 142.9, 44.7] deg
  saved_qinit = [0.014777, 0.210911, -0.009320, -2.284835, -0.002725, 2.493410, 0.780694] rad
  q_init reached.

-- start pose ----------------------------------------------------------------
  q_start          = [0.9, 12.1, -0.5, -130.9, -0.1, 142.9, 44.7] deg
  p_start          = [    531.3,       2.5,     156.8] mm

==============================================================================
  RUN
==============================================================================

-- phase: approach_orient ----------------------------------------------------
  Kp [t1,t2,n]     = [    150.0,     150.0,     150.0] N/m
  Dp [t1,t2,n]     = [    133.7,      94.2,     128.3] Ns/m     auto (factor 1.90)
  KR [t1,t2,n]     = [    180.0,     180.0,      90.0] Nm/rad
  DR [t1,t2,n]     = [     15.3,      25.0,       2.0] Nms/rad  auto (factor 1.90)
orient:     t=  0.0 s | axis_err=  8.5 deg | spin_err=  0.5 deg
orient:     t=  0.2 s | axis_err=  7.3 deg | spin_err=  0.3 deg
orient:     t=  0.4 s | axis_err=  3.3 deg | spin_err=  0.2 deg
orient:     t=  0.6 s | axis_err=  1.0 deg | spin_err=  0.3 deg
orient:     t=  0.8 s | axis_err=  0.9 deg | spin_err=  0.3 deg

Orientation reached: axis_err=0.8 deg | spin_err=0.2 deg

-- phase: approach_descend ---------------------------------------------------
  Kp [t1,t2,n]     = [    150.0,     150.0,     150.0] N/m
  Dp [t1,t2,n]     = [    133.7,      94.2,     128.3] Ns/m     auto (factor 1.90)
  KR [t1,t2,n]     = [    180.0,     180.0,      90.0] Nm/rad
  DR [t1,t2,n]     = [     15.3,      25.0,       2.0] Nms/rad  auto (factor 1.90)
  descend to         20 mm clearance at 0.100 m/s
descend:    t=  0.0 s | distance=   0.1 mm | height=+121.5 mm (target 20.0) | force= -0.0 N
descend:    t=  0.2 s | distance=  20.2 mm | height=+110.7 mm (target 20.0) | force=  2.2 N
descend:    t=  0.4 s | distance=  40.3 mm | height= +95.7 mm (target 20.0) | force=  2.8 N
descend:    t=  0.6 s | distance=  60.4 mm | height= +79.4 mm (target 20.0) | force=  2.8 N
descend:    t=  0.8 s | distance=  80.5 mm | height= +62.3 mm (target 20.0) | force=  3.8 N
descend:    t=  1.0 s | distance= 100.6 mm | height= +45.4 mm (target 20.0) | force=  3.3 N
descend:    t=  1.2 s | distance= 120.7 mm | height= +28.3 mm (target 20.0) | force=  3.5 N

Clearance reached: distance=130.6 mm | height=20.0 mm | target=20.0 mm | force=2.3 N
  offset_ee        = [     20.0,      60.0,      20.0] mm
  p_EE_at_contact  = [    517.2,       1.4,      49.8] mm
  contact_point    = [    535.6,     -56.0,       1.3] mm
  edge_offset      = [     18.4,     -57.4,     -48.5] mm

-- phase: setup --------------------------------------------------------------

-- setup impedance -----------------------------------------------------------
  law                wrench = K_TCP*dx + D_TCP*dv
                     K_TCP  = Ad(r_c)^T * blkdiag(Kp,KR) * Ad(r_c)
  Kp [t1,t2,n]     = [   2000.0,    2000.0,     350.0] N/m
  Dp [t1,t2,n]     = [    231.2,     178.0,     112.0] Ns/m     auto
  KR [t1,t2,n]     = [      5.0,       5.0,      50.0] Nm/rad
  DR [t1,t2,n]     = [      1.5,       1.9,       1.2] Nms/rad  auto
  p_c [EE]         = [      0.0,      -0.0,     -60.0] mm       commanded in the tool frame
  r_c [t1,t2,n]    = [     -2.1,       9.3,     -59.2] mm       p_TCP - p_c, in the plane
setup:     t=  0.0 s | tip=  0.0 deg | F=  0.0 N | M=  0.0 Nm (limit 150.0) | contact= 19.9 mm
setup:     t=  0.2 s | tip=  1.0 deg | F=  1.6 N | M=  1.2 Nm (limit 150.0) | contact=  7.2 mm
setup:     t=  0.4 s | tip=  1.8 deg | F= 18.9 N | M= 10.1 Nm (limit 150.0) | contact=  5.1 mm
setup:     t=  0.6 s | tip=  1.8 deg | F= 16.3 N | M=  9.1 Nm (limit 150.0) | contact=  5.2 mm
setup:     t=  0.8 s | tip=  1.8 deg | F= 21.7 N | M= 11.9 Nm (limit 150.0) | contact=  5.3 mm
setup:     t=  1.0 s | tip=  1.8 deg | F= 27.0 N | M= 14.7 Nm (limit 150.0) | contact=  5.4 mm
setup:     t=  1.2 s | tip=  1.8 deg | F= 32.8 N | M= 17.7 Nm (limit 150.0) | contact=  5.5 mm
setup:     t=  1.4 s | tip=  1.8 deg | F= 38.3 N | M= 20.5 Nm (limit 150.0) | contact=  5.7 mm
setup:     t=  1.6 s | tip=  1.9 deg | F= 43.9 N | M= 23.4 Nm (limit 150.0) | contact=  5.8 mm
setup:     t=  1.8 s | tip=  1.9 deg | F= 49.2 N | M= 26.1 Nm (limit 150.0) | contact=  5.9 mm
setup:     t=  2.0 s | tip=  1.9 deg | F= 55.2 N | M= 29.3 Nm (limit 150.0) | contact=  6.1 mm
setup:     t=  2.2 s | tip=  1.9 deg | F= 60.8 N | M= 32.1 Nm (limit 150.0) | contact=  6.3 mm
setup:     t=  2.4 s | tip=  1.9 deg | F= 66.3 N | M= 34.9 Nm (limit 150.0) | contact=  6.4 mm
setup:     t=  2.6 s | tip=  2.0 deg | F= 71.9 N | M= 37.8 Nm (limit 150.0) | contact=  6.5 mm
setup:     t=  2.8 s | tip=  2.1 deg | F= 76.2 N | M= 39.9 Nm (limit 150.0) | contact=  6.7 mm
setup:     t=  3.0 s | tip=  2.3 deg | F= 82.9 N | M= 43.4 Nm (limit 150.0) | contact=  6.7 mm
setup:     t=  3.2 s | tip=  2.6 deg | F= 90.0 N | M= 47.0 Nm (limit 150.0) | contact=  6.8 mm
setup:     t=  3.4 s | tip=  3.2 deg | F= 80.3 N | M= 42.0 Nm (limit 150.0) | contact=  6.7 mm
setup:     t=  3.6 s | tip=  4.0 deg | F= 80.9 N | M= 42.4 Nm (limit 150.0) | contact=  6.7 mm
setup:     t=  3.8 s | tip=  4.5 deg | F= 81.2 N | M= 42.6 Nm (limit 150.0) | contact=  6.7 mm
setup:     t=  4.0 s | tip=  5.0 deg | F= 81.1 N | M= 42.5 Nm (limit 150.0) | contact=  6.8 mm
setup:     t=  4.2 s | tip=  5.3 deg | F= 81.1 N | M= 42.6 Nm (limit 150.0) | contact=  6.8 mm
setup:     t=  4.4 s | tip=  5.4 deg | F= 81.1 N | M= 42.5 Nm (limit 150.0) | contact=  6.8 mm
setup:     t=  4.6 s | tip=  5.6 deg | F= 81.2 N | M= 42.6 Nm (limit 150.0) | contact=  6.8 mm
setup:     t=  4.8 s | tip=  5.6 deg | F= 81.3 N | M= 42.7 Nm (limit 150.0) | contact=  6.8 mm

==============================================================================
  SETUP RESULT
==============================================================================
  stop: time | t=5.0 s | tip=5.7 deg | F=81.2 N | M=42.6 Nm
  contact_from_start = [-5.0, +0.4, -4.6] mm | norm=6.8 mm
  tcp_from_contact  = [-22.3, +59.7, +19.7] mm | norm=66.7 mm
  alignment: before=9.32 deg | after=5.25 deg | gain=+4.07 deg
  alignment components [t1,t2,n] deg: before=[-9.31,-0.48,+0.00] | after=[-4.29,-3.02,+0.00]

-- setup surface-frame breakdown ---------------------------------------------
  frame              alignment-target [tangent1, tangent2, normal]
  force        [N]      = [    -0.01,    -16.79,    -79.43]
  tcp_disp     [mm]     = [    -3.38,     +3.08,    -28.83]
  contact_disp [mm]     = [    -4.93,     +0.56,     -4.64]
  Kp_eff=F/tcp [N/m]    = [      2.2,   -5446.6,    2755.5]
  M_contact    [Nm]     = [    -2.66,    +40.37,     -8.12]
  tip_angle    [deg]    = [    +5.03,     -2.59,     +0.29]
  KR_eff=M/ang [Nm/rad] = [    -30.3,    -893.1,   -1585.9]
  frame              tool face [length, width, tool axis]
  M_contact    [Nm]     = [   -39.62,     +2.49,    +11.25]

-- center of compliance ------------------------------------------------------
  definition         r_c = p_TCP - p_c
  p_TCP [x,y,z]    = [    513.3,       3.7,      21.0] mm
  p_c [EE]         = [     -0.0,      -0.0,     -60.0] mm
  r_c [t1,t2,n]    = [     -4.7,       4.1,     -59.7] mm
                     p_c resolved at end of setup

-- effective TCP impedance ---------------------------------------------------
  K_TCP translation = [   1999.5,    1998.7,     351.8] N/m
  K_TCP rotation   = [     12.1,      12.2,      50.0] Nm/rad
  commanded KR was = [      5.0,       5.0,      50.0] Nm/rad   including lever contribution
  D_TCP translation = [    231.2,     178.0,     112.1] Ns/m
  D_TCP rotation   = [      2.1,       2.7,       1.2] Nms/rad
  coupling           max |moment per unit translation| = 119.5 Nm/m (K), 13.8 Nms/m (D)
  eigenvalues        K_TCP 4.98 .. 2007 | D_TCP 1.20 .. 232  (both positive: valid springs)

  K_TCP [N/m, Nm/rad | rows fx..mz, cols tx..rz]:
           tx        ty        tz    |    rx        ry        rz
  fx [    2000  -0.7871   -28.44 |   0.1166    119.5    4.893 ]
  fy [ -0.7871     1999   -45.62 |   -119.2   0.2161    11.52 ]
  fz [  -28.44   -45.62    351.8 |    1.861   -3.725  -0.3327 ]
     ---------------------------+---------------------------
  mx [  0.1166   -119.2    1.861 |    12.12   0.0177  0.08888 ]
  my [   119.5   0.2161   -3.725 |   0.0177    12.19    1.538 ]
  mz [   4.893    11.52  -0.3327 |  0.08888    1.538    50.03 ]

  D_TCP [Ns/m, Nms/rad]:
           tx        ty        tz    |    rx        ry        rz
  fx [   231.2 -0.05685   -2.054 | 0.008424    13.81   0.5659 ]
  fy [-0.05685      178   -1.824 |   -10.62 0.007124    1.026 ]
  fz [  -2.054   -1.824    112.1 |  -0.1658  -0.7691 -0.01555 ]
     ---------------------------+---------------------------
  mx [0.008424   -10.62  -0.1658 |    2.123 0.001322  -0.0661 ]
  my [   13.81 0.007124  -0.7691 | 0.001322    2.725  0.01469 ]
  mz [  0.5659    1.026 -0.01555 |  -0.0661  0.01469    1.212 ]

[GATE] Set up finished (still pressing). Press Enter to start the grind (e+Enter stops).

Stop requested with e + Enter. Finishing control loop...

-- joint motion [deg] --------------------------------------------------------
  joint       start    final    delta
  q1            0.9      4.8     +4.0
  q2           12.1     30.0    +17.8
  q3           -0.5     -4.1     -3.5
  q4         -130.9   -128.6     +2.4
  q5           -0.1      9.8     +9.9
  q6          142.9    152.6     +9.7
  q7           44.7     37.8     -6.9

==============================================================================
  FINAL RESULT
==============================================================================
  p_d              = [    512.7,      -5.8,    -210.0] mm
  p_EE             = [    513.3,       3.7,      21.0] mm
  e_p              = [     -0.6,      -9.5,    -231.0] mm
  e_R              = [     5.03,     -2.58,      0.28] deg
------------------------------------------------------------------------------
  position error     231.21 mm
  rotation error     5.66 deg
  csv                logs/surface_grinding_controller_log.csv
------------------------------------------------------------------------------
