
==============================================================================
  SURFACE GRINDING CONTROLLER
==============================================================================
  robot              172.16.0.2
  parameters         /home/hm-panda/Desktop/Thesis_Final_Control/surface_grinding_controller/params
------------------------------------------------------------------------------

==============================================================================
  SURFACE GRINDING CONTROLLER - STARTUP MENU
==============================================================================

-- RUN MODES -----------------------------------------------------------------
  s      Run orientation, approach, setup, and grinding
  h      Cartesian pose hold at the initial posture
  t      Cartesian pose hold with the setup impedance
  g      Start manual guidance from the current robot pose

-- ROBOT PREPARATION ---------------------------------------------------------
  i      Move to the configured initial joint posture

-- GRIPPER AND TOOL ----------------------------------------------------------
  o      Open the gripper
  c      Grasp the tool
  r      Recalibrate the gripper with empty fingers
  f      Pick up the tool from the holder
  b      Return the tool to the holder

-- PROGRAM -------------------------------------------------------------------
  e      Exit
------------------------------------------------------------------------------
  During control: e = stop | m = startup menu | g = guidance
------------------------------------------------------------------------------
Selection [s/h/t/g/i/o/c/r/f/b/e]: 
-- SELECTED MODE: PHASE SEQUENCE ---------------------------------------------

-- moving to q_init ----------------------------------------------------------
  case               saved_qinit
  q1..q7 [deg]     = [0.8, 12.1, -0.5, -130.9, -0.2, 142.9, 44.7] deg
  saved_qinit = [0.014777, 0.210911, -0.009320, -2.284835, -0.002725, 2.493410, 0.780694] rad
  q_init reached.

-- start pose ----------------------------------------------------------------
  q_start          = [0.8, 12.1, -0.5, -130.9, -0.2, 142.9, 44.7] deg
  p_start          = [    531.0,       2.4,     156.6] mm

==============================================================================
  RUN
==============================================================================

-- phase: approach_orient ----------------------------------------------------
  Kp [t1,t2,n]     = [    150.0,     150.0,     150.0] N/m
  Dp [t1,t2,n]     = [    133.6,      94.2,     128.4] Ns/m     auto (factor 1.90)
  KR [t1,t2,n]     = [    180.0,     180.0,      90.0] Nm/rad
  DR [t1,t2,n]     = [     15.3,      25.0,       2.0] Nms/rad  auto (factor 1.90)
orient:     t=  0.0 s | axis_err=  7.9 deg | spin_err=  0.9 deg
orient:     t=  0.2 s | axis_err=  6.4 deg | spin_err=  0.7 deg
orient:     t=  0.4 s | axis_err=  3.2 deg | spin_err=  0.3 deg
orient:     t=  0.6 s | axis_err=  1.3 deg | spin_err=  0.2 deg
orient:     t=  0.8 s | axis_err=  1.0 deg | spin_err=  0.2 deg

Orientation reached: axis_err=0.9 deg | spin_err=0.2 deg

-- phase: approach_descend ---------------------------------------------------
  Kp [t1,t2,n]     = [    150.0,     150.0,     150.0] N/m
  Dp [t1,t2,n]     = [    133.6,      94.2,     128.4] Ns/m     auto (factor 1.90)
  KR [t1,t2,n]     = [    180.0,     180.0,      90.0] Nm/rad
  DR [t1,t2,n]     = [     15.3,      25.0,       2.0] Nms/rad  auto (factor 1.90)
  descend to         20 mm clearance at 0.100 m/s
descend:    t=  0.0 s | distance=   0.1 mm | height=+135.5 mm (target 20.0) | force= -0.0 N
descend:    t=  0.2 s | distance=  20.2 mm | height=+124.6 mm (target 20.0) | force=  0.8 N
descend:    t=  0.4 s | distance=  40.3 mm | height=+107.7 mm (target 20.0) | force=  0.7 N
descend:    t=  0.6 s | distance=  60.4 mm | height= +90.0 mm (target 20.0) | force=  0.2 N
descend:    t=  0.8 s | distance=  80.5 mm | height= +71.8 mm (target 20.0) | force=  1.4 N
descend:    t=  1.0 s | distance= 100.6 mm | height= +53.3 mm (target 20.0) | force=  0.9 N
descend:    t=  1.2 s | distance= 120.7 mm | height= +34.5 mm (target 20.0) | force= -0.3 N

Clearance reached: distance=136.5 mm | height=19.9 mm | target=20.0 mm | force=0.3 N
  offset_ee        = [    -20.0,      60.0,      20.0] mm
  p_EE_at_contact  = [    533.6,      -4.5,      42.9] mm
  contact_point    = [    516.0,     -65.6,       1.9] mm
  edge_offset      = [    -17.6,     -61.0,     -41.0] mm

-- phase: setup --------------------------------------------------------------

-- setup impedance -----------------------------------------------------------
  law                wrench = K_TCP*dx + D_TCP*dv
                     K_TCP  = Ad(r_c)^T * blkdiag(Kp,KR) * Ad(r_c)
  Kp [t1,t2,n]     = [   2000.0,    2000.0,     350.0] N/m
  Dp [t1,t2,n]     = [    227.7,     160.1,     115.7] Ns/m     auto
  KR [t1,t2,n]     = [      5.0,       5.0,      50.0] Nm/rad
  DR [t1,t2,n]     = [      1.6,       1.9,       1.0] Nms/rad  auto
  p_c [EE]         = [    -20.0,       0.0,       0.0] mm       commanded in the tool frame
  r_c [t1,t2,n]    = [     19.8,       0.0,       2.8] mm       p_TCP - p_c, in the plane
setup:     t=  0.0 s | ee=  0.0 deg | F=  0.2 N | M=  0.0 Nm (limit 150.0) | contact= 19.8 mm
setup:     t=  0.2 s | ee=  0.8 deg | F=  0.6 N | M=  0.7 Nm (limit 150.0) | contact=  6.6 mm
setup:     t=  0.4 s | ee=  1.2 deg | F= 13.9 N | M=  0.3 Nm (limit 150.0) | contact=  1.5 mm
setup:     t=  0.6 s | ee=  1.2 deg | F= 15.8 N | M=  0.1 Nm (limit 150.0) | contact=  1.7 mm
setup:     t=  0.8 s | ee=  1.2 deg | F= 21.4 N | M=  0.2 Nm (limit 150.0) | contact=  1.9 mm
setup:     t=  1.0 s | ee=  1.2 deg | F= 26.6 N | M=  0.4 Nm (limit 150.0) | contact=  2.1 mm
setup:     t=  1.2 s | ee=  1.3 deg | F= 32.5 N | M=  0.6 Nm (limit 150.0) | contact=  2.3 mm
setup:     t=  1.4 s | ee=  1.3 deg | F= 38.1 N | M=  0.7 Nm (limit 150.0) | contact=  2.5 mm
setup:     t=  1.6 s | ee=  1.3 deg | F= 43.5 N | M=  1.0 Nm (limit 150.0) | contact=  2.7 mm
setup:     t=  1.8 s | ee=  1.3 deg | F= 49.5 N | M=  1.1 Nm (limit 150.0) | contact=  3.0 mm
setup:     t=  2.0 s | ee=  1.3 deg | F= 55.0 N | M=  1.3 Nm (limit 150.0) | contact=  3.2 mm
setup:     t=  2.2 s | ee=  1.4 deg | F= 60.1 N | M=  1.5 Nm (limit 150.0) | contact=  3.4 mm
setup:     t=  2.4 s | ee=  1.4 deg | F= 65.5 N | M=  1.6 Nm (limit 150.0) | contact=  3.6 mm
setup:     t=  2.6 s | ee=  1.4 deg | F= 71.0 N | M=  1.6 Nm (limit 150.0) | contact=  3.8 mm
setup:     t=  2.8 s | ee=  1.4 deg | F= 77.0 N | M=  1.5 Nm (limit 150.0) | contact=  3.9 mm
setup:     t=  3.0 s | ee=  1.4 deg | F= 82.5 N | M=  1.5 Nm (limit 150.0) | contact=  4.1 mm
setup:     t=  3.2 s | ee=  1.4 deg | F= 88.2 N | M=  1.6 Nm (limit 150.0) | contact=  4.3 mm
setup:     t=  3.4 s | ee=  1.4 deg | F= 83.3 N | M=  1.6 Nm (limit 150.0) | contact=  4.2 mm
setup:     t=  3.6 s | ee=  1.4 deg | F= 83.1 N | M=  1.6 Nm (limit 150.0) | contact=  4.2 mm
setup:     t=  3.8 s | ee=  1.4 deg | F= 83.1 N | M=  1.6 Nm (limit 150.0) | contact=  4.2 mm
setup:     t=  4.0 s | ee=  1.4 deg | F= 83.0 N | M=  1.5 Nm (limit 150.0) | contact=  4.2 mm
setup:     t=  4.2 s | ee=  1.4 deg | F= 82.9 N | M=  1.5 Nm (limit 150.0) | contact=  4.2 mm
setup:     t=  4.4 s | ee=  1.4 deg | F= 82.9 N | M=  1.5 Nm (limit 150.0) | contact=  4.2 mm
setup:     t=  4.6 s | ee=  1.4 deg | F= 82.9 N | M=  1.5 Nm (limit 150.0) | contact=  4.2 mm
setup:     t=  4.8 s | ee=  1.4 deg | F= 82.8 N | M=  1.5 Nm (limit 150.0) | contact=  4.2 mm

==============================================================================
  SETUP RESULT
==============================================================================
  stop: time | t=5.0 s | ee=1.4 deg | F=82.8 N | M_TCP=1.5 Nm
  contact_from_start = [-2.5, -0.4, -3.3] mm | norm=4.2 mm
  tcp_from_contact  = [+15.3, +60.0, +17.8] mm | norm=64.4 mm
  deviation: before=9.62 deg | after=8.34 deg | gain=+1.28 deg
  t_align: not reached | tolerance=2.00 deg | hold=0.30 s
  t_align_fraction: not reached | fraction=0.50 of the deviation at contact
  deviation_min: 8.31 deg at t=3.21 s
  align_status: not_aligned
  deviation components [t1,t2,n] deg: before=[-0.82,+9.58,+0.00] | after=[-1.18,+8.26,+0.00]

-- setup surface-frame breakdown ---------------------------------------------
  frame              alignment-target [tangent1, tangent2, normal]
  force        [N]      = [    +4.43,     +1.85,    -82.65]
  tcp_disp     [mm]     = [    -1.89,     -0.43,    -23.26]
  contact_disp [mm]     = [    -2.47,     -0.27,     -3.36]
  Kp_eff=F/tcp [N/m]    = [  -2339.0,   -4263.1,    3553.0]
  M_contact    [Nm]     = [    -6.24,     +0.82,     -0.47]
  ee_angle     [deg]    = [    -0.37,     -1.33,     +0.04]
  KR_eff=M/ang [Nm/rad] = [    959.4,     -35.5,    -609.9]
  frame              tool face [length, width, tool axis]
  M_contact    [Nm]     = [    -0.83,     +6.24,     -0.41]

-- center of compliance ------------------------------------------------------
  definition         r_c = p_TCP - p_c
  p_TCP [x,y,z]    = [    531.3,      -5.6,      19.7] mm
  p_c [EE]         = [    -20.0,       0.0,      -0.0] mm
  r_c [t1,t2,n]    = [     19.9,       0.0,       2.3] mm
                     p_c resolved at end of setup

-- effective TCP impedance ---------------------------------------------------
  K_TCP translation = [   1999.5,    1998.7,     351.8] N/m
  K_TCP rotation   = [      5.0,       5.2,      50.7] Nm/rad
  commanded KR was = [      5.0,       5.0,      50.0] Nm/rad   including lever contribution
  D_TCP translation = [    227.6,     160.1,     115.8] Ns/m
  D_TCP rotation   = [      1.6,       2.0,       1.1] Nms/rad
  coupling           max |moment per unit translation| = 39.8 Nm/m (K), 3.2 Nms/m (D)
  eigenvalues        K_TCP 5.00 .. 2001 | D_TCP 1.02 .. 228  (both positive: valid springs)

  K_TCP [N/m, Nm/rad | rows fx..mz, cols tx..rz]:
           tx        ty        tz    |    rx        ry        rz
  fx [    2000  -0.7871   -28.44 | 0.0001536   -4.576   0.1375 ]
  fy [ -0.7871     1999   -45.62 |    4.011  -0.9062   -39.77 ]
  fz [  -28.44   -45.62    351.8 |  -0.1129    7.057   0.9061 ]
     ---------------------------+---------------------------
  mx [0.0001536    4.011  -0.1129 |    5.021  0.01922   0.6958 ]
  my [  -4.576  -0.9062    7.057 |  0.01922    5.184    1.262 ]
  mz [  0.1375   -39.77   0.9061 |   0.6958    1.262    50.74 ]

  D_TCP [Ns/m, Nms/rad]:
           tx        ty        tz    |    rx        ry        rz
  fx [   227.6  -0.0534   -1.929 | 1.042e-05  -0.4949  0.01493 ]
  fy [ -0.0534    160.1   -1.227 |   0.3211 -0.02431   -3.185 ]
  fz [  -1.929   -1.227    115.8 | -0.009513    2.308   0.0243 ]
     ---------------------------+---------------------------
  mx [1.042e-05   0.3211 -0.009513 |    1.637 -0.0004855 -0.01709 ]
  my [ -0.4949 -0.02431    2.308 | -0.0004855    1.986  -0.0251 ]
  mz [ 0.01493   -3.185   0.0243 | -0.01709  -0.0251     1.08 ]

[GATE] Set up finished (still pressing). Press Enter to start the grind (e+Enter stops).

Stop requested with e + Enter. Finishing control loop...

-- joint motion [deg] --------------------------------------------------------
  joint       start    final    delta
  q1            0.8      0.6     -0.2
  q2           12.1     30.5    +18.4
  q3           -0.5     -1.1     -0.6
  q4         -130.9   -132.5     -1.5
  q5           -0.2     -0.9     -0.7
  q6          142.9    168.8    +25.9
  q7           44.7     45.5     +0.7

==============================================================================
  FINAL RESULT
==============================================================================
  p_d              = [    529.1,     -11.7,    -216.9] mm
  p_EE             = [    531.3,      -5.6,      19.7] mm
  e_p              = [     -2.2,      -6.1,    -236.6] mm
  e_R              = [    -0.37,     -1.32,      0.09] deg
------------------------------------------------------------------------------
  position error     236.64 mm
  rotation error     1.38 deg
  csv                logs/surface_grinding_controller_log.csv
------------------------------------------------------------------------------
