
==============================================================================
  SURFACE GRINDING CONTROLLER
==============================================================================
  robot              172.16.0.2
  parameters         /home/hm-panda/Desktop/Thesis_Final_Control/surface_grinding_controller/params
------------------------------------------------------------------------------

==============================================================================
  SURFACE GRINDING CONTROLLER - STARTUP MENU
==============================================================================

-- RUN MODES -----------------------------------------------------------------
  s      Run orientation, approach, setup, and grinding
  h      Cartesian pose hold at the initial posture
  t      Cartesian pose hold with the setup impedance
  g      Start manual guidance from the current robot pose

-- ROBOT PREPARATION ---------------------------------------------------------
  i      Move to the configured initial joint posture

-- GRIPPER AND TOOL ----------------------------------------------------------
  o      Open the gripper
  c      Grasp the tool
  r      Recalibrate the gripper with empty fingers
  f      Pick up the tool from the holder
  b      Return the tool to the holder

-- PROGRAM -------------------------------------------------------------------
  e      Exit
------------------------------------------------------------------------------
  During control: e = stop | m = startup menu | g = guidance
------------------------------------------------------------------------------
Selection [s/h/t/g/i/o/c/r/f/b/e]: 
-- SELECTED MODE: PHASE SEQUENCE ---------------------------------------------

-- moving to q_init ----------------------------------------------------------
  case               saved_qinit
  q1..q7 [deg]     = [0.8, 12.1, -0.5, -130.9, -0.2, 142.9, 44.7] deg
  saved_qinit = [0.014777, 0.210911, -0.009320, -2.284835, -0.002725, 2.493410, 0.780694] rad
  q_init reached.

-- start pose ----------------------------------------------------------------
  q_start          = [0.9, 12.1, -0.5, -130.9, -0.1, 142.9, 44.7] deg
  p_start          = [    531.3,       2.5,     156.8] mm

==============================================================================
  RUN
==============================================================================

-- phase: approach_orient ----------------------------------------------------
  Kp [t1,t2,n]     = [    150.0,     150.0,     150.0] N/m
  Dp [t1,t2,n]     = [    133.7,      94.2,     128.3] Ns/m     auto (factor 1.90)
  KR [t1,t2,n]     = [    180.0,     180.0,      90.0] Nm/rad
  DR [t1,t2,n]     = [     15.3,      25.0,       2.0] Nms/rad  auto (factor 1.90)
orient:     t=  0.0 s | axis_err=  8.5 deg | spin_err=  0.5 deg
orient:     t=  0.2 s | axis_err=  7.2 deg | spin_err=  0.2 deg
orient:     t=  0.4 s | axis_err=  3.2 deg | spin_err=  0.2 deg
orient:     t=  0.6 s | axis_err=  1.0 deg | spin_err=  0.2 deg
orient:     t=  0.8 s | axis_err=  0.8 deg | spin_err=  0.2 deg

Orientation reached: axis_err=0.8 deg | spin_err=0.2 deg

-- phase: approach_descend ---------------------------------------------------
  Kp [t1,t2,n]     = [    150.0,     150.0,     150.0] N/m
  Dp [t1,t2,n]     = [    133.7,      94.2,     128.3] Ns/m     auto (factor 1.90)
  KR [t1,t2,n]     = [    180.0,     180.0,      90.0] Nm/rad
  DR [t1,t2,n]     = [     15.3,      25.0,       2.0] Nms/rad  auto (factor 1.90)
  descend to         20 mm clearance at 0.100 m/s
descend:    t=  0.0 s | distance=   0.1 mm | height=+121.6 mm (target 20.0) | force= -0.0 N
descend:    t=  0.2 s | distance=  20.2 mm | height=+110.7 mm (target 20.0) | force=  1.8 N
descend:    t=  0.4 s | distance=  40.3 mm | height= +95.7 mm (target 20.0) | force=  2.3 N
descend:    t=  0.6 s | distance=  60.4 mm | height= +79.3 mm (target 20.0) | force=  1.9 N
descend:    t=  0.8 s | distance=  80.5 mm | height= +62.2 mm (target 20.0) | force=  2.9 N
descend:    t=  1.0 s | distance= 100.6 mm | height= +45.2 mm (target 20.0) | force=  3.4 N
descend:    t=  1.2 s | distance= 120.7 mm | height= +28.0 mm (target 20.0) | force=  3.4 N

Clearance reached: distance=130.4 mm | height=20.0 mm | target=20.0 mm | force=2.7 N
  offset_ee        = [     20.0,      60.0,      20.0] mm
  p_EE_at_contact  = [    516.4,       1.0,      49.8] mm
  contact_point    = [    534.9,     -56.4,       1.4] mm
  edge_offset      = [     18.5,     -57.4,     -48.5] mm

-- phase: setup --------------------------------------------------------------

-- setup impedance -----------------------------------------------------------
  law                wrench = K_TCP*dx + D_TCP*dv
                     K_TCP  = Ad(r_c)^T * blkdiag(Kp,KR) * Ad(r_c)
  Kp [t1,t2,n]     = [   2000.0,    2000.0,     350.0] N/m
  Dp [t1,t2,n]     = [    231.1,     178.1,     112.1] Ns/m     auto
  KR [t1,t2,n]     = [     15.0,       5.0,      50.0] Nm/rad
  DR [t1,t2,n]     = [      2.6,       1.9,       1.2] Nms/rad  auto
  p_c [EE]         = [      0.0,       0.0,       0.0] mm       resolved in the tool frame
  r_c [t1,t2,n]    = [      0.0,       0.0,       0.0] mm       commanded: p_TCP - p_c, in the plane
setup:     t=  0.0 s | ee=  0.0 deg | F=  0.1 N | M=  0.0 Nm (limit 150.0) | contact= 19.9 mm
setup:     t=  0.2 s | ee=  0.8 deg | F=  0.7 N | M=  0.6 Nm (limit 150.0) | contact=  7.4 mm
setup:     t=  0.4 s | ee=  1.5 deg | F= 20.6 N | M=  0.8 Nm (limit 150.0) | contact=  3.1 mm
setup:     t=  0.6 s | ee=  1.5 deg | F= 14.6 N | M=  0.6 Nm (limit 150.0) | contact=  3.2 mm
setup:     t=  0.8 s | ee=  1.5 deg | F= 20.2 N | M=  0.6 Nm (limit 150.0) | contact=  3.3 mm
setup:     t=  1.0 s | ee=  1.5 deg | F= 26.1 N | M=  0.7 Nm (limit 150.0) | contact=  3.5 mm
setup:     t=  1.2 s | ee=  1.5 deg | F= 32.1 N | M=  0.7 Nm (limit 150.0) | contact=  3.6 mm
setup:     t=  1.4 s | ee=  1.6 deg | F= 37.8 N | M=  0.9 Nm (limit 150.0) | contact=  3.8 mm
setup:     t=  1.6 s | ee=  1.6 deg | F= 43.4 N | M=  1.0 Nm (limit 150.0) | contact=  3.9 mm
setup:     t=  1.8 s | ee=  1.6 deg | F= 48.8 N | M=  1.2 Nm (limit 150.0) | contact=  4.1 mm
setup:     t=  2.0 s | ee=  1.6 deg | F= 54.7 N | M=  1.3 Nm (limit 150.0) | contact=  4.3 mm
setup:     t=  2.2 s | ee=  1.7 deg | F= 60.1 N | M=  1.5 Nm (limit 150.0) | contact=  4.4 mm
setup:     t=  2.4 s | ee=  1.9 deg | F= 65.7 N | M=  1.2 Nm (limit 150.0) | contact=  4.5 mm
setup:     t=  2.6 s | ee=  2.2 deg | F= 71.2 N | M=  1.9 Nm (limit 150.0) | contact=  4.7 mm
setup:     t=  2.8 s | ee=  2.6 deg | F= 76.1 N | M=  1.6 Nm (limit 150.0) | contact=  4.8 mm
setup:     t=  3.0 s | ee=  3.9 deg | F= 78.9 N | M=  1.7 Nm (limit 150.0) | contact=  4.9 mm
setup:     t=  3.2 s | ee=  5.5 deg | F= 83.7 N | M=  2.0 Nm (limit 150.0) | contact=  5.2 mm
setup:     t=  3.4 s | ee=  6.7 deg | F= 77.9 N | M=  1.8 Nm (limit 150.0) | contact=  5.0 mm
setup:     t=  3.6 s | ee=  7.3 deg | F= 77.8 N | M=  1.7 Nm (limit 150.0) | contact=  5.1 mm
setup:     t=  3.8 s | ee=  7.6 deg | F= 78.0 N | M=  1.8 Nm (limit 150.0) | contact=  5.1 mm
setup:     t=  4.0 s | ee=  7.6 deg | F= 78.0 N | M=  1.7 Nm (limit 150.0) | contact=  5.1 mm
setup:     t=  4.2 s | ee=  7.6 deg | F= 78.2 N | M=  1.7 Nm (limit 150.0) | contact=  5.1 mm
setup:     t=  4.4 s | ee=  7.6 deg | F= 78.2 N | M=  1.7 Nm (limit 150.0) | contact=  5.1 mm
setup:     t=  4.6 s | ee=  7.6 deg | F= 78.1 N | M=  1.7 Nm (limit 150.0) | contact=  5.1 mm
setup:     t=  4.8 s | ee=  7.6 deg | F= 78.1 N | M=  1.7 Nm (limit 150.0) | contact=  5.1 mm

==============================================================================
  SETUP RESULT
==============================================================================
  stop: time | t=5.0 s | ee=7.6 deg | F=78.1 N | M_TCP=1.7 Nm
  contact_from_start = [-2.8, +1.6, -3.9] mm | norm=5.1 mm
  tcp_from_contact  = [-20.5, +61.7, +17.8] mm | norm=67.4 mm
  deviation: before=9.34 deg | after=3.32 deg | gain=+6.02 deg
  t_align: not reached | tolerance=2.00 deg | hold=0.30 s
  t_align_fraction: 3.24 s | fraction=0.50 of the deviation at contact
  deviation_min: 3.32 deg at t=4.98 s
  align_status: not_aligned
  deviation components [t1,t2,n] deg: before=[-9.33,-0.45,+0.00] | after=[-2.05,-2.62,-0.00]

-- setup surface-frame breakdown ---------------------------------------------
  frame              alignment-target [tangent1, tangent2, normal]
  force        [N]      = [    +1.09,    -10.70,    -77.38]
  tcp_disp     [mm]     = [    -1.50,     +5.16,    -30.56]
  contact_disp [mm]     = [    -2.74,     +1.72,     -3.94]
  Kp_eff=F/tcp [N/m]    = [   -726.3,   -2074.6,    2532.3]
  M_contact    [Nm]     = [    -2.92,     -0.51,     +0.47]
  ee_angle     [deg]    = [    +7.29,     -2.20,     +0.22]
  KR_eff=M/ang [Nm/rad] = [    -23.0,      13.2,     119.5]
  frame              tool face [length, width, tool axis]
  M_contact    [Nm]     = [    +0.51,     +2.94,     -0.35]

-- center of compliance ------------------------------------------------------
  definition         r_c = p_TCP - p_c
  p_TCP [x,y,z]    = [    514.4,       5.3,      19.2] mm
  p_c [EE]         = [     -0.0,       0.0,      -0.0] mm
  r_c [t1,t2,n]    = [      0.0,       0.0,       0.0] mm
                     p_c resolved at end of setup

-- effective TCP impedance ---------------------------------------------------
  K_TCP translation = [   1999.5,    1998.7,     351.8] N/m
  K_TCP rotation   = [     15.0,       5.0,      50.0] Nm/rad
  commanded KR was = [     15.0,       5.0,      50.0] Nm/rad   including lever contribution
  D_TCP translation = [    231.1,     178.0,     112.2] Ns/m
  D_TCP rotation   = [      2.6,       1.9,       1.2] Nms/rad
  coupling           max |moment per unit translation| = 0.0 Nm/m (K), 0.0 Nms/m (D)
  eigenvalues        K_TCP 5.00 .. 2000 | D_TCP 1.21 .. 231  (both positive: valid springs)

  K_TCP [N/m, Nm/rad | rows fx..mz, cols tx..rz]:
           tx        ty        tz    |    rx        ry        rz
  fx [    2000  -0.7871   -28.44 |        0        0        0 ]
  fy [ -0.7871     1999   -45.62 |        0        0        0 ]
  fz [  -28.44   -45.62    351.8 |        0        0        0 ]
     ---------------------------+---------------------------
  mx [       0        0        0 |    15.01   0.0167   0.6032 ]
  my [       0        0        0 |   0.0167    5.034    1.244 ]
  mz [       0        0        0 |   0.6032    1.244    49.96 ]

  D_TCP [Ns/m, Nms/rad]:
           tx        ty        tz    |    rx        ry        rz
  fx [   231.1 -0.05676   -2.051 |        0        0        0 ]
  fy [-0.05676      178   -1.823 |        0        0        0 ]
  fz [  -2.051   -1.823    112.2 |        0        0        0 ]
     ---------------------------+---------------------------
  mx [       0        0        0 |    2.584 -0.0006578 -0.02377 ]
  my [       0        0        0 | -0.0006578    1.894 -0.01906 ]
  mz [       0        0        0 | -0.02377 -0.01906    1.206 ]

[GATE] Set up finished (still pressing). Press Enter to start the grind (e+Enter stops).

Stop requested with e + Enter. Finishing control loop...

-- joint motion [deg] --------------------------------------------------------
  joint       start    final    delta
  q1            0.9      5.5     +4.6
  q2           12.1     30.2    +18.1
  q3           -0.5     -4.3     -3.8
  q4         -130.9   -128.7     +2.2
  q5           -0.1      5.4     +5.6
  q6          142.9    153.6    +10.7
  q7           44.7     42.1     -2.6

==============================================================================
  FINAL RESULT
==============================================================================
  p_d              = [    511.9,      -6.2,    -210.0] mm
  p_EE             = [    514.4,       5.3,      19.2] mm
  e_p              = [     -2.5,     -11.5,    -229.2] mm
  e_R              = [     7.29,     -2.20,      0.16] deg
------------------------------------------------------------------------------
  position error     229.48 mm
  rotation error     7.62 deg
  csv                logs/surface_grinding_controller_log.csv
------------------------------------------------------------------------------
