
==============================================================================
  SURFACE GRINDING CONTROLLER
==============================================================================
  robot              172.16.0.2
  parameters         /home/hm-panda/Desktop/Thesis_Final_Control/surface_grinding_controller/params
------------------------------------------------------------------------------

==============================================================================
  SURFACE GRINDING CONTROLLER - STARTUP MENU
==============================================================================

-- RUN MODES -----------------------------------------------------------------
  s      Run orientation, approach, setup, and grinding
  h      Cartesian pose hold at the initial posture
  t      Cartesian pose hold with the setup impedance
  g      Start manual guidance from the current robot pose

-- ROBOT PREPARATION ---------------------------------------------------------
  i      Move to the configured initial joint posture

-- GRIPPER AND TOOL ----------------------------------------------------------
  o      Open the gripper
  c      Grasp the tool
  r      Recalibrate the gripper with empty fingers
  f      Pick up the tool from the holder
  b      Return the tool to the holder

-- PROGRAM -------------------------------------------------------------------
  e      Exit
------------------------------------------------------------------------------
  During control: e = stop | m = startup menu | g = guidance
------------------------------------------------------------------------------
Selection [s/h/t/g/i/o/c/r/f/b/e]: 
-- SELECTED MODE: PHASE SEQUENCE ---------------------------------------------

-- moving to q_init ----------------------------------------------------------
  case               saved_qinit
  q1..q7 [deg]     = [0.8, 12.1, -0.5, -130.9, -0.2, 142.9, 44.7] deg
  saved_qinit = [0.014777, 0.210911, -0.009320, -2.284835, -0.002725, 2.493410, 0.780694] rad
  q_init reached.

-- start pose ----------------------------------------------------------------
  q_start          = [0.8, 12.1, -0.5, -130.9, -0.1, 142.9, 44.7] deg
  p_start          = [    531.3,       2.4,     156.8] mm

==============================================================================
  RUN
==============================================================================

-- phase: approach_orient ----------------------------------------------------
  Kp [t1,t2,n]     = [    150.0,     150.0,     150.0] N/m
  Dp [t1,t2,n]     = [    133.7,      94.2,     128.3] Ns/m     auto (factor 1.90)
  KR [t1,t2,n]     = [    180.0,     180.0,      90.0] Nm/rad
  DR [t1,t2,n]     = [     15.3,      25.0,       2.0] Nms/rad  auto (factor 1.90)
orient:     t=  0.0 s | axis_err=  8.5 deg | spin_err=  0.5 deg
orient:     t=  0.2 s | axis_err=  7.2 deg | spin_err=  0.2 deg
orient:     t=  0.4 s | axis_err=  3.3 deg | spin_err=  0.2 deg
orient:     t=  0.6 s | axis_err=  1.1 deg | spin_err=  0.2 deg
orient:     t=  0.8 s | axis_err=  0.9 deg | spin_err=  0.3 deg

Orientation reached: axis_err=0.8 deg | spin_err=0.2 deg

-- phase: approach_descend ---------------------------------------------------
  Kp [t1,t2,n]     = [    150.0,     150.0,     150.0] N/m
  Dp [t1,t2,n]     = [    133.7,      94.2,     128.3] Ns/m     auto (factor 1.90)
  KR [t1,t2,n]     = [    180.0,     180.0,      90.0] Nm/rad
  DR [t1,t2,n]     = [     15.3,      25.0,       2.0] Nms/rad  auto (factor 1.90)
  descend to         20 mm clearance at 0.100 m/s
descend:    t=  0.0 s | distance=   0.1 mm | height=+122.0 mm (target 20.0) | force= -0.0 N
descend:    t=  0.2 s | distance=  20.2 mm | height=+111.2 mm (target 20.0) | force=  1.2 N
descend:    t=  0.4 s | distance=  40.3 mm | height= +96.1 mm (target 20.0) | force=  2.6 N
descend:    t=  0.6 s | distance=  60.4 mm | height= +80.2 mm (target 20.0) | force=  3.0 N
descend:    t=  0.8 s | distance=  80.5 mm | height= +63.4 mm (target 20.0) | force=  2.5 N
descend:    t=  1.0 s | distance= 100.6 mm | height= +46.9 mm (target 20.0) | force=  3.1 N
descend:    t=  1.2 s | distance= 120.7 mm | height= +29.9 mm (target 20.0) | force=  1.9 N

Clearance reached: distance=132.6 mm | height=20.0 mm | target=20.0 mm | force=1.7 N
  offset_ee        = [     20.0,      60.0,      20.0] mm
  p_EE_at_contact  = [    517.0,       1.2,      49.8] mm
  contact_point    = [    535.4,     -56.2,       1.4] mm
  edge_offset      = [     18.4,     -57.4,     -48.5] mm

-- phase: setup --------------------------------------------------------------

-- setup impedance -----------------------------------------------------------
  law                wrench = K_TCP*dx + D_TCP*dv
                     K_TCP  = Ad(r_c)^T * blkdiag(Kp,KR) * Ad(r_c)
  Kp [t1,t2,n]     = [   2000.0,    2000.0,     350.0] N/m
  Dp [t1,t2,n]     = [    231.3,     178.0,     112.0] Ns/m     auto
  KR [t1,t2,n]     = [      5.0,       5.0,      50.0] Nm/rad
  DR [t1,t2,n]     = [      1.5,       1.9,       1.2] Nms/rad  auto
  p_c [EE]         = [      0.0,       0.0,       0.0] mm       resolved in the tool frame
  r_c [t1,t2,n]    = [      0.0,       0.0,       0.0] mm       commanded: p_TCP - p_c, in the plane
setup:     t=  0.0 s | ee=  0.0 deg | F=  0.0 N | M=  0.0 Nm (limit 150.0) | contact= 19.9 mm
setup:     t=  0.2 s | ee=  0.9 deg | F=  1.4 N | M=  0.7 Nm (limit 150.0) | contact=  7.2 mm
setup:     t=  0.4 s | ee=  1.5 deg | F= 20.0 N | M=  1.0 Nm (limit 150.0) | contact=  2.9 mm
setup:     t=  0.6 s | ee=  1.6 deg | F= 16.1 N | M=  0.8 Nm (limit 150.0) | contact=  3.0 mm
setup:     t=  0.8 s | ee=  1.6 deg | F= 22.0 N | M=  0.8 Nm (limit 150.0) | contact=  3.1 mm
setup:     t=  1.0 s | ee=  1.6 deg | F= 27.4 N | M=  0.9 Nm (limit 150.0) | contact=  3.2 mm
setup:     t=  1.2 s | ee=  1.6 deg | F= 32.7 N | M=  1.0 Nm (limit 150.0) | contact=  3.4 mm
setup:     t=  1.4 s | ee=  1.6 deg | F= 38.6 N | M=  1.1 Nm (limit 150.0) | contact=  3.6 mm
setup:     t=  1.6 s | ee=  1.6 deg | F= 44.6 N | M=  1.1 Nm (limit 150.0) | contact=  3.7 mm
setup:     t=  1.8 s | ee=  1.7 deg | F= 50.2 N | M=  1.2 Nm (limit 150.0) | contact=  3.9 mm
setup:     t=  2.0 s | ee=  1.7 deg | F= 55.5 N | M=  1.4 Nm (limit 150.0) | contact=  4.1 mm
setup:     t=  2.2 s | ee=  1.7 deg | F= 60.1 N | M=  1.3 Nm (limit 150.0) | contact=  4.3 mm
setup:     t=  2.4 s | ee=  1.8 deg | F= 66.2 N | M=  1.3 Nm (limit 150.0) | contact=  4.4 mm
setup:     t=  2.6 s | ee=  2.0 deg | F= 72.4 N | M=  1.6 Nm (limit 150.0) | contact=  4.5 mm
setup:     t=  2.8 s | ee=  2.2 deg | F= 76.6 N | M=  1.3 Nm (limit 150.0) | contact=  4.6 mm
setup:     t=  3.0 s | ee=  2.6 deg | F= 84.1 N | M=  1.8 Nm (limit 150.0) | contact=  4.7 mm
setup:     t=  3.2 s | ee=  3.8 deg | F= 86.1 N | M=  1.7 Nm (limit 150.0) | contact=  4.9 mm
setup:     t=  3.4 s | ee=  6.1 deg | F= 78.3 N | M=  1.7 Nm (limit 150.0) | contact=  4.9 mm
setup:     t=  3.6 s | ee=  7.9 deg | F= 79.6 N | M=  1.4 Nm (limit 150.0) | contact=  4.9 mm
setup:     t=  3.8 s | ee=  7.9 deg | F= 79.6 N | M=  1.2 Nm (limit 150.0) | contact=  4.9 mm
setup:     t=  4.0 s | ee=  7.9 deg | F= 79.7 N | M=  1.2 Nm (limit 150.0) | contact=  4.9 mm
setup:     t=  4.2 s | ee=  7.9 deg | F= 79.7 N | M=  1.3 Nm (limit 150.0) | contact=  4.9 mm
setup:     t=  4.4 s | ee=  7.9 deg | F= 79.7 N | M=  1.3 Nm (limit 150.0) | contact=  4.9 mm
setup:     t=  4.6 s | ee=  7.9 deg | F= 79.7 N | M=  1.3 Nm (limit 150.0) | contact=  4.9 mm
setup:     t=  4.8 s | ee=  7.9 deg | F= 79.6 N | M=  1.3 Nm (limit 150.0) | contact=  4.9 mm

==============================================================================
  SETUP RESULT
==============================================================================
  stop: time | t=5.0 s | ee=7.9 deg | F=79.6 N | M_TCP=1.3 Nm
  contact_from_start = [-2.5, +1.7, -3.9] mm | norm=4.9 mm
  tcp_from_contact  = [-20.1, +61.9, +17.6] mm | norm=67.4 mm
  deviation: before=9.31 deg | after=3.34 deg | gain=+5.97 deg
  t_align: not reached | tolerance=2.00 deg | hold=0.30 s
  deviation components [t1,t2,n] deg: before=[-9.30,-0.53,+0.00] | after=[-1.75,-2.84,+0.00]

-- setup surface-frame breakdown ---------------------------------------------
  frame              alignment-target [tangent1, tangent2, normal]
  force        [N]      = [    +2.96,    -10.20,    -78.92]
  tcp_disp     [mm]     = [    -1.20,     +5.29,    -30.75]
  contact_disp [mm]     = [    -2.46,     +1.76,     -3.89]
  Kp_eff=F/tcp [N/m]    = [  -2470.4,   -1927.5,    2566.4]
  M_contact    [Nm]     = [    -4.79,     -0.13,     +0.17]
  ee_angle     [deg]    = [    +7.56,     -2.34,     +0.18]
  KR_eff=M/ang [Nm/rad] = [    -36.3,       3.2,      53.6]
  frame              tool face [length, width, tool axis]
  M_contact    [Nm]     = [    +0.16,     +4.79,     +0.07]

-- center of compliance ------------------------------------------------------
  definition         r_c = p_TCP - p_c
  p_TCP [x,y,z]    = [    515.3,       5.6,      19.0] mm
  p_c [EE]         = [     -0.0,      -0.0,       0.0] mm
  r_c [t1,t2,n]    = [      0.0,       0.0,       0.0] mm
                     p_c resolved at end of setup

-- effective TCP impedance ---------------------------------------------------
  K_TCP translation = [   1999.5,    1998.7,     351.8] N/m
  K_TCP rotation   = [      5.0,       5.0,      50.0] Nm/rad
  commanded KR was = [      5.0,       5.0,      50.0] Nm/rad   including lever contribution
  D_TCP translation = [    231.2,     178.0,     112.1] Ns/m
  D_TCP rotation   = [      1.5,       1.9,       1.2] Nms/rad
  coupling           max |moment per unit translation| = 0.0 Nm/m (K), 0.0 Nms/m (D)
  eigenvalues        K_TCP 5.00 .. 2000 | D_TCP 1.20 .. 231  (both positive: valid springs)

  K_TCP [N/m, Nm/rad | rows fx..mz, cols tx..rz]:
           tx        ty        tz    |    rx        ry        rz
  fx [    2000  -0.7871   -28.44 |        0        0        0 ]
  fy [ -0.7871     1999   -45.62 |        0        0        0 ]
  fz [  -28.44   -45.62    351.8 |        0        0        0 ]
     ---------------------------+---------------------------
  mx [       0        0        0 |    5.013  0.02147   0.7756 ]
  my [       0        0        0 |  0.02147    5.034    1.244 ]
  mz [       0        0        0 |   0.7756    1.244    49.95 ]

  D_TCP [Ns/m, Nms/rad]:
           tx        ty        tz    |    rx        ry        rz
  fx [   231.2 -0.05687   -2.055 |        0        0        0 ]
  fy [-0.05687      178   -1.824 |        0        0        0 ]
  fz [  -2.055   -1.824    112.1 |        0        0        0 ]
     ---------------------------+---------------------------
  mx [       0        0        0 |    1.489 -0.0001359 -0.004912 ]
  my [       0        0        0 | -0.0001359    1.899 -0.01923 ]
  mz [       0        0        0 | -0.004912 -0.01923    1.204 ]

[GATE] Set up finished (still pressing). Press Enter to start the grind (e+Enter stops).

Stop requested with e + Enter. Finishing control loop...

-- joint motion [deg] --------------------------------------------------------
  joint       start    final    delta
  q1            0.8      5.3     +4.5
  q2           12.1     30.4    +18.3
  q3           -0.5     -4.1     -3.6
  q4         -130.9   -128.3     +2.6
  q5           -0.1      4.5     +4.7
  q6          142.9    153.2    +10.3
  q7           44.7     42.9     -1.8

==============================================================================
  FINAL RESULT
==============================================================================
  p_d              = [    512.6,      -6.0,    -210.0] mm
  p_EE             = [    515.3,       5.7,      19.0] mm
  e_p              = [     -2.8,     -11.6,    -229.0] mm
  e_R              = [     7.56,     -2.34,      0.11] deg
------------------------------------------------------------------------------
  position error     229.29 mm
  rotation error     7.92 deg
  csv                logs/surface_grinding_controller_log.csv
------------------------------------------------------------------------------
