
==============================================================================
  SURFACE GRINDING CONTROLLER
==============================================================================
  robot              172.16.0.2
  parameters         /home/hm-panda/Desktop/Thesis_Final_Control/surface_grinding_controller/params
------------------------------------------------------------------------------

==============================================================================
  SURFACE GRINDING CONTROLLER - STARTUP MENU
==============================================================================

-- RUN MODES -----------------------------------------------------------------
  s      Run orientation, approach, setup, and grinding
  h      Cartesian pose hold at the initial posture
  t      Cartesian pose hold with the setup impedance
  g      Start manual guidance from the current robot pose

-- ROBOT PREPARATION ---------------------------------------------------------
  i      Move to the configured initial joint posture

-- GRIPPER AND TOOL ----------------------------------------------------------
  o      Open the gripper
  c      Grasp the tool
  r      Recalibrate the gripper with empty fingers
  f      Pick up the tool from the holder
  b      Return the tool to the holder

-- PROGRAM -------------------------------------------------------------------
  e      Exit
------------------------------------------------------------------------------
  During control: e = stop | m = startup menu | g = guidance
------------------------------------------------------------------------------
Selection [s/h/t/g/i/o/c/r/f/b/e]: 
-- SELECTED MODE: PHASE SEQUENCE ---------------------------------------------

-- moving to q_init ----------------------------------------------------------
  case               saved_qinit
  q1..q7 [deg]     = [0.8, 12.1, -0.5, -130.9, -0.2, 142.9, 44.7] deg
  saved_qinit = [0.014777, 0.210911, -0.009320, -2.284835, -0.002725, 2.493410, 0.780694] rad
  q_init reached.

-- start pose ----------------------------------------------------------------
  q_start          = [0.9, 12.1, -0.6, -130.9, -0.1, 142.9, 44.7] deg
  p_start          = [    531.4,       2.5,     156.8] mm

==============================================================================
  RUN
==============================================================================

-- phase: approach_orient ----------------------------------------------------
  Kp [t1,t2,n]     = [    150.0,     150.0,     150.0] N/m
  Dp [t1,t2,n]     = [    133.7,      94.2,     128.3] Ns/m     auto (factor 1.90)
  KR [t1,t2,n]     = [    180.0,     180.0,      90.0] Nm/rad
  DR [t1,t2,n]     = [     15.3,      25.0,       2.0] Nms/rad  auto (factor 1.90)
orient:     t=  0.0 s | axis_err=  8.5 deg | spin_err=  0.5 deg
orient:     t=  0.2 s | axis_err=  7.2 deg | spin_err=  0.2 deg
orient:     t=  0.4 s | axis_err=  3.3 deg | spin_err=  0.2 deg
orient:     t=  0.6 s | axis_err=  1.1 deg | spin_err=  0.3 deg
orient:     t=  0.8 s | axis_err=  0.9 deg | spin_err=  0.3 deg

Orientation reached: axis_err=0.8 deg | spin_err=0.3 deg

-- phase: approach_descend ---------------------------------------------------
  Kp [t1,t2,n]     = [    150.0,     150.0,     150.0] N/m
  Dp [t1,t2,n]     = [    133.7,      94.2,     128.3] Ns/m     auto (factor 1.90)
  KR [t1,t2,n]     = [    180.0,     180.0,      90.0] Nm/rad
  DR [t1,t2,n]     = [     15.3,      25.0,       2.0] Nms/rad  auto (factor 1.90)
  descend to         20 mm clearance at 0.100 m/s
descend:    t=  0.0 s | distance=   0.1 mm | height=+121.5 mm (target 20.0) | force=  0.0 N
descend:    t=  0.2 s | distance=  20.2 mm | height=+110.7 mm (target 20.0) | force=  2.1 N
descend:    t=  0.4 s | distance=  40.3 mm | height= +95.6 mm (target 20.0) | force=  2.1 N
descend:    t=  0.6 s | distance=  60.4 mm | height= +79.6 mm (target 20.0) | force=  2.4 N
descend:    t=  0.8 s | distance=  80.5 mm | height= +62.6 mm (target 20.0) | force=  3.4 N
descend:    t=  1.0 s | distance= 100.6 mm | height= +46.0 mm (target 20.0) | force=  3.3 N
descend:    t=  1.2 s | distance= 120.7 mm | height= +29.2 mm (target 20.0) | force=  2.3 N

Clearance reached: distance=132.0 mm | height=20.0 mm | target=20.0 mm | force=2.3 N
  offset_ee        = [     20.0,      60.0,      20.0] mm
  p_EE_at_contact  = [    516.8,       1.7,      49.8] mm
  contact_point    = [    535.2,     -55.8,       1.3] mm
  edge_offset      = [     18.4,     -57.4,     -48.5] mm

-- phase: setup --------------------------------------------------------------

-- setup impedance -----------------------------------------------------------
  law                wrench = K_TCP*dx + D_TCP*dv
                     K_TCP  = Ad(r_c)^T * blkdiag(Kp,KR) * Ad(r_c)
  Kp [t1,t2,n]     = [   2000.0,    2000.0,     350.0] N/m
  Dp [t1,t2,n]     = [    231.2,     178.0,     112.1] Ns/m     auto
  KR [t1,t2,n]     = [      5.0,       5.0,      50.0] Nm/rad
  DR [t1,t2,n]     = [      1.5,       1.9,       1.2] Nms/rad  auto
  p_c [EE]         = [      0.0,       0.0,      10.0] mm       commanded in the tool frame
  r_c [t1,t2,n]    = [      0.4,      -1.5,       9.9] mm       p_TCP - p_c, in the plane
setup:     t=  0.0 s | ee=  0.0 deg | F=  0.1 N | M=  0.0 Nm (limit 150.0) | contact= 19.9 mm
setup:     t=  0.2 s | ee=  0.9 deg | F=  1.4 N | M=  0.8 Nm (limit 150.0) | contact=  7.3 mm
setup:     t=  0.4 s | ee=  1.6 deg | F= 21.1 N | M=  1.0 Nm (limit 150.0) | contact=  2.8 mm
setup:     t=  0.6 s | ee=  1.6 deg | F= 16.1 N | M=  1.1 Nm (limit 150.0) | contact=  2.9 mm
setup:     t=  0.8 s | ee=  1.6 deg | F= 21.7 N | M=  1.1 Nm (limit 150.0) | contact=  3.0 mm
setup:     t=  1.0 s | ee=  1.6 deg | F= 27.4 N | M=  1.1 Nm (limit 150.0) | contact=  3.2 mm
setup:     t=  1.2 s | ee=  1.6 deg | F= 32.7 N | M=  1.1 Nm (limit 150.0) | contact=  3.3 mm
setup:     t=  1.4 s | ee=  1.6 deg | F= 38.4 N | M=  1.1 Nm (limit 150.0) | contact=  3.5 mm
setup:     t=  1.6 s | ee=  1.7 deg | F= 44.2 N | M=  1.2 Nm (limit 150.0) | contact=  3.7 mm
setup:     t=  1.8 s | ee=  1.7 deg | F= 49.9 N | M=  1.2 Nm (limit 150.0) | contact=  3.8 mm
setup:     t=  2.0 s | ee=  1.8 deg | F= 54.5 N | M=  1.2 Nm (limit 150.0) | contact=  4.0 mm
setup:     t=  2.2 s | ee=  1.9 deg | F= 60.2 N | M=  1.1 Nm (limit 150.0) | contact=  4.1 mm
setup:     t=  2.4 s | ee=  2.2 deg | F= 67.0 N | M=  1.4 Nm (limit 150.0) | contact=  4.2 mm
setup:     t=  2.6 s | ee=  2.6 deg | F= 70.3 N | M=  1.4 Nm (limit 150.0) | contact=  4.3 mm
setup:     t=  2.8 s | ee=  3.7 deg | F= 75.1 N | M=  1.5 Nm (limit 150.0) | contact=  4.5 mm
setup:     t=  3.0 s | ee=  5.8 deg | F= 78.9 N | M=  1.8 Nm (limit 150.0) | contact=  4.8 mm
setup:     t=  3.2 s | ee=  8.0 deg | F= 86.2 N | M=  1.3 Nm (limit 150.0) | contact=  4.9 mm
setup:     t=  3.4 s | ee=  8.0 deg | F= 80.5 N | M=  1.5 Nm (limit 150.0) | contact=  4.9 mm
setup:     t=  3.6 s | ee=  8.0 deg | F= 80.2 N | M=  1.4 Nm (limit 150.0) | contact=  4.9 mm
setup:     t=  3.8 s | ee=  8.0 deg | F= 80.2 N | M=  1.4 Nm (limit 150.0) | contact=  4.9 mm
setup:     t=  4.0 s | ee=  8.0 deg | F= 80.2 N | M=  1.4 Nm (limit 150.0) | contact=  4.9 mm
setup:     t=  4.2 s | ee=  8.0 deg | F= 80.2 N | M=  1.4 Nm (limit 150.0) | contact=  4.9 mm
setup:     t=  4.4 s | ee=  8.0 deg | F= 80.1 N | M=  1.4 Nm (limit 150.0) | contact=  4.9 mm
setup:     t=  4.6 s | ee=  8.0 deg | F= 80.1 N | M=  1.4 Nm (limit 150.0) | contact=  4.9 mm
setup:     t=  4.8 s | ee=  8.0 deg | F= 80.1 N | M=  1.4 Nm (limit 150.0) | contact=  4.9 mm

==============================================================================
  SETUP RESULT
==============================================================================
  stop: time | t=5.0 s | ee=8.0 deg | F=80.0 N | M_TCP=1.4 Nm
  contact_from_start = [-2.4, +1.7, -3.9] mm | norm=4.9 mm
  tcp_from_contact  = [-19.9, +62.0, +17.6] mm | norm=67.4 mm
  deviation: before=9.30 deg | after=3.38 deg | gain=+5.93 deg
  t_align: not reached | tolerance=2.00 deg | hold=0.30 s
  deviation components [t1,t2,n] deg: before=[-9.29,-0.52,+0.00] | after=[-1.72,-2.90,-0.00]

-- setup surface-frame breakdown ---------------------------------------------
  frame              alignment-target [tangent1, tangent2, normal]
  force        [N]      = [    +4.09,     -7.41,    -79.60]
  tcp_disp     [mm]     = [    -0.99,     +5.37,    -30.81]
  contact_disp [mm]     = [    -2.36,     +1.80,     -3.93]
  Kp_eff=F/tcp [N/m]    = [  -4126.7,   -1381.0,    2583.5]
  M_contact    [Nm]     = [    -5.18,     -0.08,     +0.03]
  ee_angle     [deg]    = [    +7.58,     -2.42,     +0.25]
  KR_eff=M/ang [Nm/rad] = [    -39.2,       2.0,       6.0]
  frame              tool face [length, width, tool axis]
  M_contact    [Nm]     = [    +0.13,     +5.18,     +0.23]

-- center of compliance ------------------------------------------------------
  definition         r_c = p_TCP - p_c
  p_TCP [x,y,z]    = [    515.3,       6.2,      18.9] mm
  p_c [EE]         = [      0.0,      -0.0,      10.0] mm
  r_c [t1,t2,n]    = [      0.8,      -0.2,      10.0] mm
                     p_c resolved at end of setup

-- effective TCP impedance ---------------------------------------------------
  K_TCP translation = [   1999.5,    1998.7,     351.8] N/m
  K_TCP rotation   = [      5.2,       5.2,      50.0] Nm/rad
  commanded KR was = [      5.0,       5.0,      50.0] Nm/rad   including lever contribution
  D_TCP translation = [    231.2,     178.0,     112.2] Ns/m
  D_TCP rotation   = [      1.5,       1.9,       1.2] Nms/rad
  coupling           max |moment per unit translation| = 19.9 Nm/m (K), 2.3 Nms/m (D)
  eigenvalues        K_TCP 5.00 .. 2000 | D_TCP 1.20 .. 231  (both positive: valid springs)

  K_TCP [N/m, Nm/rad | rows fx..mz, cols tx..rz]:
           tx        ty        tz    |    rx        ry        rz
  fx [    2000  -0.7871   -28.44 | -0.006704   -19.93  0.08034 ]
  fy [ -0.7871     1999   -45.62 |     19.9 -0.03514   -1.883 ]
  fz [  -28.44   -45.62    351.8 |  -0.4682   0.6145  0.04185 ]
     ---------------------------+---------------------------
  mx [-0.006704     19.9  -0.4682 |    5.212  0.02109   0.7568 ]
  my [  -19.93 -0.03514   0.6145 |  0.02109    5.233    1.243 ]
  mz [ 0.08034   -1.883  0.04185 |   0.7568    1.243    49.95 ]

  D_TCP [Ns/m, Nms/rad]:
           tx        ty        tz    |    rx        ry        rz
  fx [   231.2 -0.05685   -2.054 | -0.0004842   -2.304 0.009258 ]
  fy [-0.05685      178   -1.823 |    1.772 -0.001151  -0.1677 ]
  fz [  -2.054   -1.823    112.2 | -0.02261   0.1261 0.001636 ]
     ---------------------------+---------------------------
  mx [-0.0004842    1.772 -0.02261 |    1.506 -0.0001526 -0.006587 ]
  my [  -2.304 -0.001151   0.1261 | -0.0001526    1.922 -0.01934 ]
  mz [0.009258  -0.1677 0.001636 | -0.006587 -0.01934    1.204 ]

[GATE] Set up finished (still pressing). Press Enter to start the grind (e+Enter stops).

Stop requested with e + Enter. Finishing control loop...

-- joint motion [deg] --------------------------------------------------------
  joint       start    final    delta
  q1            0.9      5.5     +4.6
  q2           12.1     30.4    +18.3
  q3           -0.6     -4.2     -3.7
  q4         -130.9   -128.3     +2.6
  q5           -0.1      4.6     +4.7
  q6          142.9    153.1    +10.2
  q7           44.7     43.1     -1.6

==============================================================================
  FINAL RESULT
==============================================================================
  p_d              = [    512.3,      -5.5,    -210.0] mm
  p_EE             = [    515.3,       6.2,      18.9] mm
  e_p              = [     -3.0,     -11.7,    -228.9] mm
  e_R              = [     7.58,     -2.41,      0.19] deg
------------------------------------------------------------------------------
  position error     229.25 mm
  rotation error     7.96 deg
  csv                logs/surface_grinding_controller_log.csv
------------------------------------------------------------------------------
