
==============================================================================
  SURFACE GRINDING CONTROLLER
==============================================================================
  robot              172.16.0.2
  parameters         /home/hm-panda/Desktop/Thesis_Final_Control/surface_grinding_controller/params
------------------------------------------------------------------------------

==============================================================================
  SURFACE GRINDING CONTROLLER - STARTUP MENU
==============================================================================

-- RUN MODES -----------------------------------------------------------------
  s      Run orientation, approach, setup, and grinding
  h      Cartesian pose hold at the initial posture
  t      Cartesian pose hold with the setup impedance
  g      Start manual guidance from the current robot pose

-- ROBOT PREPARATION ---------------------------------------------------------
  i      Move to the configured initial joint posture

-- GRIPPER AND TOOL ----------------------------------------------------------
  o      Open the gripper
  c      Grasp the tool
  r      Recalibrate the gripper with empty fingers
  f      Pick up the tool from the holder
  b      Return the tool to the holder

-- PROGRAM -------------------------------------------------------------------
  e      Exit
------------------------------------------------------------------------------
  During control: e = stop | m = startup menu | g = guidance
------------------------------------------------------------------------------
Selection [s/h/t/g/i/o/c/r/f/b/e]: 
-- SELECTED MODE: PHASE SEQUENCE ---------------------------------------------

-- moving to q_init ----------------------------------------------------------
  case               saved_qinit
  q1..q7 [deg]     = [0.8, 12.1, -0.5, -130.9, -0.2, 142.9, 44.7] deg
  saved_qinit = [0.014777, 0.210911, -0.009320, -2.284835, -0.002725, 2.493410, 0.780694] rad
  q_init reached.

-- start pose ----------------------------------------------------------------
  q_start          = [0.9, 12.1, -0.5, -130.9, -0.1, 142.9, 44.7] deg
  p_start          = [    531.3,       2.5,     156.8] mm

==============================================================================
  RUN
==============================================================================

-- phase: approach_orient ----------------------------------------------------
  Kp [t1,t2,n]     = [    150.0,     150.0,     150.0] N/m
  Dp [t1,t2,n]     = [    133.7,      94.2,     128.3] Ns/m     auto (factor 1.90)
  KR [t1,t2,n]     = [     90.0,      90.0,      90.0] Nm/rad
  DR [t1,t2,n]     = [     10.8,      17.7,       2.0] Nms/rad  auto (factor 1.90)
orient:     t=  0.0 s | axis_err=  8.6 deg | spin_err=  0.6 deg
orient:     t=  0.2 s | axis_err=  8.0 deg | spin_err=  0.1 deg
orient:     t=  0.4 s | axis_err=  4.8 deg | spin_err=  0.2 deg

Orientation reached: axis_err=2.0 deg | spin_err=0.2 deg

-- phase: approach_descend ---------------------------------------------------
  Kp [t1,t2,n]     = [    150.0,     150.0,     150.0] N/m
  Dp [t1,t2,n]     = [    133.7,      94.2,     128.3] Ns/m     auto (factor 1.90)
  KR [t1,t2,n]     = [     90.0,      90.0,      90.0] Nm/rad
  DR [t1,t2,n]     = [     10.8,      17.7,       2.0] Nms/rad  auto (factor 1.90)
  descend to         20 mm clearance at 0.100 m/s
descend:    t=  0.0 s | distance=   0.1 mm | height=+125.4 mm (target 20.0) | force=  0.0 N
descend:    t=  0.2 s | distance=  20.1 mm | height=+113.3 mm (target 20.0) | force=  1.7 N
descend:    t=  0.4 s | distance=  40.1 mm | height= +97.7 mm (target 20.0) | force=  2.7 N
descend:    t=  0.6 s | distance=  60.2 mm | height= +81.3 mm (target 20.0) | force=  2.7 N
descend:    t=  0.8 s | distance=  80.3 mm | height= +63.6 mm (target 20.0) | force=  2.9 N
descend:    t=  1.0 s | distance= 100.4 mm | height= +46.2 mm (target 20.0) | force=  2.7 N
descend:    t=  1.2 s | distance= 120.5 mm | height= +28.9 mm (target 20.0) | force=  3.3 N

Clearance reached: distance=130.8 mm | height=20.0 mm | target=20.0 mm | force=1.6 N
  offset_ee        = [     20.0,      60.0,      20.0] mm
  p_EE_at_contact  = [    519.3,       0.8,      49.2] mm
  contact_point    = [    538.1,     -56.8,       1.3] mm
  edge_offset      = [     18.8,     -57.6,     -47.8] mm

-- phase: setup --------------------------------------------------------------

-- setup impedance -----------------------------------------------------------
  law                wrench = K_TCP*dx + D_TCP*dv
                     K_TCP  = Ad(r_c)^T * blkdiag(Kp,KR) * Ad(r_c)
  Kp [t1,t2,n]     = [   2000.0,    2000.0,     350.0] N/m
  Dp [t1,t2,n]     = [    230.5,     177.5,     112.4] Ns/m     auto
  KR [t1,t2,n]     = [      5.0,       5.0,      50.0] Nm/rad
  DR [t1,t2,n]     = [      1.5,       1.9,       1.2] Nms/rad  auto
  p_c [EE]         = [     -0.0,       0.0,     120.0] mm       commanded in the tool frame
  r_c [t1,t2,n]    = [      1.9,     -18.1,     118.6] mm       p_TCP - p_c, in the plane
setup:     t=  0.0 s | tip=  0.0 deg | F=  0.1 N | M=  0.0 Nm (limit 150.0) | contact= 19.9 mm
setup:     t=  0.2 s | tip=  0.5 deg | F=  1.9 N | M=  1.2 Nm (limit 150.0) | contact=  7.8 mm
setup:     t=  0.4 s | tip=  1.1 deg | F= 18.7 N | M=  9.6 Nm (limit 150.0) | contact=  2.2 mm
setup:     t=  0.6 s | tip=  1.1 deg | F= 17.3 N | M=  9.4 Nm (limit 150.0) | contact=  2.2 mm
setup:     t=  0.8 s | tip=  1.1 deg | F= 21.9 N | M= 11.8 Nm (limit 150.0) | contact=  2.4 mm
setup:     t=  1.0 s | tip=  1.1 deg | F= 27.1 N | M= 14.4 Nm (limit 150.0) | contact=  2.5 mm
setup:     t=  1.2 s | tip=  1.1 deg | F= 33.3 N | M= 17.6 Nm (limit 150.0) | contact=  2.7 mm
setup:     t=  1.4 s | tip=  1.2 deg | F= 38.9 N | M= 20.5 Nm (limit 150.0) | contact=  2.8 mm
setup:     t=  1.6 s | tip=  1.2 deg | F= 45.1 N | M= 23.7 Nm (limit 150.0) | contact=  3.0 mm
setup:     t=  1.8 s | tip=  1.3 deg | F= 50.1 N | M= 26.1 Nm (limit 150.0) | contact=  3.1 mm
setup:     t=  2.0 s | tip=  1.6 deg | F= 55.6 N | M= 29.1 Nm (limit 150.0) | contact=  3.3 mm
setup:     t=  2.2 s | tip=  2.2 deg | F= 61.3 N | M= 32.3 Nm (limit 150.0) | contact=  3.3 mm
setup:     t=  2.4 s | tip=  3.2 deg | F= 64.4 N | M= 34.2 Nm (limit 150.0) | contact=  3.7 mm
setup:     t=  2.6 s | tip=  4.9 deg | F= 69.2 N | M= 36.8 Nm (limit 150.0) | contact=  4.5 mm
setup:     t=  2.8 s | tip=  6.4 deg | F= 76.4 N | M= 40.6 Nm (limit 150.0) | contact=  5.2 mm
setup:     t=  3.0 s | tip=  7.2 deg | F= 79.9 N | M= 43.0 Nm (limit 150.0) | contact=  6.2 mm
setup:     t=  3.2 s | tip=  7.3 deg | F= 90.2 N | M= 47.7 Nm (limit 150.0) | contact=  6.7 mm
setup:     t=  3.4 s | tip=  7.3 deg | F= 84.0 N | M= 44.6 Nm (limit 150.0) | contact=  7.8 mm
setup:     t=  3.6 s | tip=  7.3 deg | F= 82.5 N | M= 43.7 Nm (limit 150.0) | contact=  8.0 mm
setup:     t=  3.8 s | tip=  7.3 deg | F= 81.6 N | M= 43.4 Nm (limit 150.0) | contact=  8.0 mm
setup:     t=  4.0 s | tip=  7.3 deg | F= 81.0 N | M= 43.1 Nm (limit 150.0) | contact=  8.1 mm
setup:     t=  4.2 s | tip=  7.2 deg | F= 82.7 N | M= 43.9 Nm (limit 150.0) | contact=  8.1 mm
setup:     t=  4.4 s | tip=  7.3 deg | F= 80.6 N | M= 43.0 Nm (limit 150.0) | contact=  8.1 mm
setup:     t=  4.6 s | tip=  7.2 deg | F= 81.3 N | M= 43.3 Nm (limit 150.0) | contact=  8.1 mm
setup:     t=  4.8 s | tip=  7.2 deg | F= 82.0 N | M= 43.7 Nm (limit 150.0) | contact=  8.1 mm

==============================================================================
  SETUP RESULT
==============================================================================
  stop: time | t=5.0 s | tip=7.2 deg | F=81.2 N | M=43.2 Nm
  contact_from_start = [+1.2, +7.2, -3.5] mm | norm=8.1 mm
  tcp_from_contact  = [-17.5, +67.4, +17.1] mm | norm=71.7 mm
  alignment: before=8.70 deg | after=1.99 deg | gain=+6.71 deg
  alignment components [t1,t2,n] deg: before=[-8.66,-0.90,+0.00] | after=[-1.44,-1.38,-0.00]

-- setup surface-frame breakdown ---------------------------------------------
  frame              alignment-target [tangent1, tangent2, normal]
  force        [N]      = [    -0.38,     +9.04,    -80.65]
  tcp_disp     [mm]     = [    +1.82,    +10.61,    -30.38]
  contact_disp [mm]     = [    +1.27,     +7.28,     -3.27]
  Kp_eff=F/tcp [N/m]    = [   -209.8,     852.3,    2654.9]
  M_contact    [Nm]     = [    -5.37,    +41.38,     +4.92]
  tip_angle    [deg]    = [    +7.22,     -0.51,     +0.32]
  KR_eff=M/ang [Nm/rad] = [    -42.6,   -4673.8,     868.8]
  frame              tool face [length, width, tool axis]
  M_contact    [Nm]     = [   -41.45,     +5.74,     -3.75]

-- center of compliance ------------------------------------------------------
  definition         r_c = p_TCP - p_c
  p_TCP [x,y,z]    = [    520.6,      10.6,      18.5] mm
  p_c [EE]         = [     -0.0,       0.0,     120.0] mm
  r_c [t1,t2,n]    = [      2.9,      -3.0,     119.9] mm
                     p_c resolved at end of setup

-- effective TCP impedance ---------------------------------------------------
  K_TCP translation = [   1999.5,    1998.7,     351.8] N/m
  K_TCP rotation   = [     33.7,      33.8,      50.0] Nm/rad
  commanded KR was = [      5.0,       5.0,      50.0] Nm/rad   including lever contribution
  D_TCP translation = [    230.4,     177.4,     112.5] Ns/m
  D_TCP rotation   = [      4.0,       5.2,       1.2] Nms/rad
  coupling           max |moment per unit translation| = 239.9 Nm/m (K), 27.6 Nms/m (D)
  eigenvalues        K_TCP 4.93 .. 2029 | D_TCP 1.19 .. 234  (both positive: valid springs)

  K_TCP [N/m, Nm/rad | rows fx..mz, cols tx..rz]:
           tx        ty        tz    |    rx        ry        rz
  fx [    2000  -0.7871   -28.44 | -0.08589   -239.9   0.6006 ]
  fy [ -0.7871     1999   -45.62 |    239.7  -0.1315   -9.898 ]
  fz [  -28.44   -45.62    351.8 |   -5.575    5.152   0.2174 ]
     ---------------------------+---------------------------
  mx [-0.08589    239.7   -5.575 |    33.75 0.004158  -0.4112 ]
  my [  -239.9  -0.1315    5.152 | 0.004158    33.82    1.173 ]
  mz [  0.6006   -9.898   0.2174 |  -0.4112    1.173       50 ]

  D_TCP [Ns/m, Nms/rad]:
           tx        ty        tz    |    rx        ry        rz
  fx [   230.4 -0.05634   -2.036 | -0.006148   -27.64  0.06905 ]
  fy [-0.05634    177.4     -1.8 |    21.28 -0.00216  -0.8788 ]
  fz [  -2.036     -1.8    112.5 |  -0.2494    0.801 0.008307 ]
     ---------------------------+---------------------------
  mx [-0.006148    21.28  -0.2494 |     4.05 -0.0006457  -0.1107 ]
  my [  -27.64 -0.00216    0.801 | -0.0006457     5.19 -0.02715 ]
  mz [ 0.06905  -0.8788 0.008307 |  -0.1107 -0.02715    1.194 ]

[GATE] Set up finished (still pressing). Press Enter to start the grind (e+Enter stops).

Stop requested with e + Enter. Finishing control loop...

-- joint motion [deg] --------------------------------------------------------
  joint       start    final    delta
  q1            0.9      5.4     +4.5
  q2           12.1     30.4    +18.3
  q3           -0.5     -3.6     -3.0
  q4         -130.9   -129.3     +1.6
  q5           -0.1      4.6     +4.7
  q6          142.9    157.3    +14.4
  q7           44.7     43.4     -1.3

==============================================================================
  FINAL RESULT
==============================================================================
  p_d              = [    514.8,      -6.4,    -210.7] mm
  p_EE             = [    520.6,      10.6,      18.5] mm
  e_p              = [     -5.8,     -17.0,    -229.1] mm
  e_R              = [     7.23,     -0.50,      0.21] deg
------------------------------------------------------------------------------
  position error     229.84 mm
  rotation error     7.25 deg
  csv                logs/surface_grinding_controller_log.csv
------------------------------------------------------------------------------
