
==============================================================================
  SURFACE GRINDING CONTROLLER
==============================================================================
  robot              172.16.0.2
  parameters         /home/hm-panda/Desktop/Thesis_Final_Control/surface_grinding_controller/params
------------------------------------------------------------------------------

==============================================================================
  SURFACE GRINDING CONTROLLER - STARTUP MENU
==============================================================================

-- RUN MODES -----------------------------------------------------------------
  s      Run orientation, approach, setup, and grinding
  h      Cartesian pose hold at the initial posture
  t      Cartesian pose hold with the setup impedance
  g      Start manual guidance from the current robot pose

-- ROBOT PREPARATION ---------------------------------------------------------
  i      Move to the configured initial joint posture

-- GRIPPER AND TOOL ----------------------------------------------------------
  o      Open the gripper
  c      Grasp the tool
  r      Recalibrate the gripper with empty fingers
  f      Pick up the tool from the holder
  b      Return the tool to the holder

-- PROGRAM -------------------------------------------------------------------
  e      Exit
------------------------------------------------------------------------------
  During control: e = stop | m = startup menu | g = guidance
------------------------------------------------------------------------------
Selection [s/h/t/g/i/o/c/r/f/b/e]: 
-- SELECTED MODE: PHASE SEQUENCE ---------------------------------------------

-- moving to q_init ----------------------------------------------------------
  case               saved_qinit
  q1..q7 [deg]     = [0.8, 12.1, -0.5, -130.9, -0.2, 142.9, 44.7] deg
  saved_qinit = [0.014777, 0.210911, -0.009320, -2.284835, -0.002725, 2.493410, 0.780694] rad
  q_init reached.

-- start pose ----------------------------------------------------------------
  q_start          = [0.8, 12.1, -0.5, -130.9, -0.2, 142.9, 44.7] deg
  p_start          = [    531.4,       2.4,     156.8] mm

==============================================================================
  RUN
==============================================================================

-- phase: approach_orient ----------------------------------------------------
  Kp [t1,t2,n]     = [    150.0,     150.0,     150.0] N/m
  Dp [t1,t2,n]     = [    133.7,      94.2,     128.3] Ns/m     auto (factor 1.90)
  KR [t1,t2,n]     = [    180.0,     180.0,      90.0] Nm/rad
  DR [t1,t2,n]     = [     15.3,      25.0,       2.0] Nms/rad  auto (factor 1.90)
orient:     t=  0.0 s | axis_err= 12.0 deg | spin_err=  0.9 deg
orient:     t=  0.2 s | axis_err= 10.4 deg | spin_err=  0.9 deg
orient:     t=  0.4 s | axis_err=  6.6 deg | spin_err=  0.6 deg
orient:     t=  0.6 s | axis_err=  2.7 deg | spin_err=  0.3 deg
orient:     t=  0.8 s | axis_err=  1.0 deg | spin_err=  0.2 deg

Orientation reached: axis_err=0.9 deg | spin_err=0.2 deg

-- phase: approach_descend ---------------------------------------------------
  Kp [t1,t2,n]     = [    150.0,     150.0,     150.0] N/m
  Dp [t1,t2,n]     = [    133.7,      94.2,     128.3] Ns/m     auto (factor 1.90)
  KR [t1,t2,n]     = [    180.0,     180.0,      90.0] Nm/rad
  DR [t1,t2,n]     = [     15.3,      25.0,       2.0] Nms/rad  auto (factor 1.90)
  descend to         20 mm clearance at 0.100 m/s
descend:    t=  0.0 s | distance=   0.1 mm | height=+121.1 mm (target 20.0) | force=  0.0 N
descend:    t=  0.2 s | distance=  20.2 mm | height=+111.0 mm (target 20.0) | force=  1.8 N
descend:    t=  0.4 s | distance=  40.3 mm | height= +96.6 mm (target 20.0) | force=  3.1 N
descend:    t=  0.6 s | distance=  60.4 mm | height= +80.7 mm (target 20.0) | force=  2.7 N
descend:    t=  0.8 s | distance=  80.5 mm | height= +64.1 mm (target 20.0) | force=  1.4 N
descend:    t=  1.0 s | distance= 100.6 mm | height= +47.6 mm (target 20.0) | force=  3.1 N
descend:    t=  1.2 s | distance= 120.7 mm | height= +31.2 mm (target 20.0) | force=  2.8 N

Clearance reached: distance=134.7 mm | height=20.0 mm | target=20.0 mm | force=3.3 N
  offset_ee        = [     20.0,     -60.0,      20.0] mm
  p_EE_at_contact  = [    514.8,      -0.9,      50.8] mm
  contact_point    = [    533.2,      53.2,      -1.6] mm
  edge_offset      = [     18.4,      54.2,     -52.4] mm

-- phase: setup --------------------------------------------------------------

-- setup impedance -----------------------------------------------------------
  law                wrench = K_TCP*dx + D_TCP*dv
                     K_TCP  = Ad(r_c)^T * blkdiag(Kp,KR) * Ad(r_c)
  Kp [t1,t2,n]     = [   2000.0,    2000.0,     350.0] N/m
  Dp [t1,t2,n]     = [    234.2,     174.6,     111.4] Ns/m     auto
  KR [t1,t2,n]     = [      5.0,       5.0,      50.0] Nm/rad
  DR [t1,t2,n]     = [      1.3,       2.0,       1.3] Nms/rad  auto
  p_c [EE]         = [      0.0,      40.0,       0.0] mm       commanded in the tool frame
  r_c [t1,t2,n]    = [      0.0,      39.4,      -6.8] mm       p_TCP - p_c, in the plane
setup:     t=  0.0 s | ee=  0.0 deg | F=  0.1 N | M=  0.0 Nm (limit 150.0) | contact= 19.9 mm
setup:     t=  0.2 s | ee=  0.9 deg | F=  0.8 N | M=  0.8 Nm (limit 150.0) | contact=  7.7 mm
setup:     t=  0.4 s | ee=  1.3 deg | F= 12.2 N | M=  0.8 Nm (limit 150.0) | contact=  2.2 mm
setup:     t=  0.6 s | ee=  1.3 deg | F= 14.9 N | M=  0.6 Nm (limit 150.0) | contact=  2.2 mm
setup:     t=  0.8 s | ee=  1.4 deg | F= 20.6 N | M=  0.6 Nm (limit 150.0) | contact=  2.2 mm
setup:     t=  1.0 s | ee=  1.4 deg | F= 26.5 N | M=  0.6 Nm (limit 150.0) | contact=  2.2 mm
setup:     t=  1.2 s | ee=  1.5 deg | F= 31.9 N | M=  0.5 Nm (limit 150.0) | contact=  2.2 mm
setup:     t=  1.4 s | ee=  1.7 deg | F= 37.3 N | M=  0.5 Nm (limit 150.0) | contact=  2.2 mm
setup:     t=  1.6 s | ee=  2.1 deg | F= 42.1 N | M=  0.6 Nm (limit 150.0) | contact=  2.4 mm
setup:     t=  1.8 s | ee=  2.8 deg | F= 48.6 N | M=  0.9 Nm (limit 150.0) | contact=  2.4 mm
setup:     t=  2.0 s | ee=  3.7 deg | F= 53.0 N | M=  0.8 Nm (limit 150.0) | contact=  2.5 mm
setup:     t=  2.2 s | ee=  5.4 deg | F= 57.2 N | M=  0.9 Nm (limit 150.0) | contact=  2.4 mm
setup:     t=  2.4 s | ee=  9.1 deg | F= 57.7 N | M=  1.0 Nm (limit 150.0) | contact=  2.6 mm
setup:     t=  2.6 s | ee= 11.6 deg | F= 65.3 N | M=  4.3 Nm (limit 150.0) | contact=  2.8 mm
setup:     t=  2.8 s | ee= 11.5 deg | F= 70.7 N | M=  3.8 Nm (limit 150.0) | contact=  3.0 mm
setup:     t=  3.0 s | ee= 11.5 deg | F= 75.8 N | M=  3.8 Nm (limit 150.0) | contact=  3.0 mm
setup:     t=  3.2 s | ee= 11.5 deg | F= 81.8 N | M=  3.9 Nm (limit 150.0) | contact=  3.1 mm
setup:     t=  3.4 s | ee= 11.5 deg | F= 76.6 N | M=  3.9 Nm (limit 150.0) | contact=  3.1 mm
setup:     t=  3.6 s | ee= 11.5 deg | F= 76.4 N | M=  3.8 Nm (limit 150.0) | contact=  3.0 mm
setup:     t=  3.8 s | ee= 11.5 deg | F= 76.4 N | M=  3.8 Nm (limit 150.0) | contact=  3.0 mm
setup:     t=  4.0 s | ee= 11.5 deg | F= 76.4 N | M=  3.8 Nm (limit 150.0) | contact=  3.1 mm
setup:     t=  4.2 s | ee= 11.5 deg | F= 76.5 N | M=  3.8 Nm (limit 150.0) | contact=  3.0 mm
setup:     t=  4.4 s | ee= 11.5 deg | F= 76.4 N | M=  3.8 Nm (limit 150.0) | contact=  3.1 mm
setup:     t=  4.6 s | ee= 11.5 deg | F= 76.3 N | M=  3.8 Nm (limit 150.0) | contact=  3.1 mm
setup:     t=  4.8 s | ee= 11.5 deg | F= 76.3 N | M=  3.8 Nm (limit 150.0) | contact=  3.1 mm

==============================================================================
  SETUP RESULT
==============================================================================
  stop: time | t=5.0 s | ee=11.5 deg | F=76.3 N | M_TCP=3.8 Nm
  contact_from_start = [-2.9, -0.0, -0.9] mm | norm=3.1 mm
  tcp_from_contact  = [-20.8, -60.1, +20.7] mm | norm=66.9 mm
  deviation: before=9.40 deg | after=3.18 deg | gain=+6.23 deg
  t_align: not reached | tolerance=2.00 deg | hold=0.30 s
  deviation components [t1,t2,n] deg: before=[+9.39,-0.58,-0.00] | after=[-1.98,-2.48,-0.00]

-- setup surface-frame breakdown ---------------------------------------------
  frame              alignment-target [tangent1, tangent2, normal]
  force        [N]      = [    +3.72,     +9.57,    -75.61]
  tcp_disp     [mm]     = [    -1.81,     -5.08,    -31.85]
  contact_disp [mm]     = [    -2.91,     +0.00,     -0.94]
  Kp_eff=F/tcp [N/m]    = [  -2053.1,   -1883.0,    2374.3]
  M_contact    [Nm]     = [    +8.05,     -0.30,     -0.03]
  ee_angle     [deg]    = [   -11.38,     -1.93,     -0.24]
  KR_eff=M/ang [Nm/rad] = [    -40.5,       9.1,       8.2]
  frame              tool face [length, width, tool axis]
  M_contact    [Nm]     = [    +0.35,     -8.04,     -0.32]

-- center of compliance ------------------------------------------------------
  definition         r_c = p_TCP - p_c
  p_TCP [x,y,z]    = [    512.4,      -6.9,      19.1] mm
  p_c [EE]         = [      0.0,      40.0,       0.0] mm
  r_c [t1,t2,n]    = [     -0.3,      40.0,       1.1] mm
                     p_c resolved at end of setup

-- effective TCP impedance ---------------------------------------------------
  K_TCP translation = [   1999.5,    1998.7,     351.8] N/m
  K_TCP rotation   = [      5.6,       5.0,      53.2] Nm/rad
  commanded KR was = [      5.0,       5.0,      50.0] Nm/rad   including lever contribution
  D_TCP translation = [    234.2,     174.6,     111.5] Ns/m
  D_TCP rotation   = [      1.4,       2.0,       1.7] Nms/rad
  coupling           max |moment per unit translation| = 80.0 Nm/m (K), 9.4 Nms/m (D)
  eigenvalues        K_TCP 4.99 .. 2003 | D_TCP 1.27 .. 235  (both positive: valid springs)

  K_TCP [N/m, Nm/rad | rows fx..mz, cols tx..rz]:
           tx        ty        tz    |    rx        ry        rz
  fx [    2000  -0.7871   -28.44 |    1.137 -0.04614    79.98 ]
  fy [ -0.7871     1999   -45.62 |    1.877  0.01055   0.4297 ]
  fz [  -28.44   -45.62    351.8 |   -14.07 -0.08041   -1.148 ]
     ---------------------------+---------------------------
  mx [   1.137    1.877   -14.07 |    5.576  0.02468   0.8215 ]
  my [-0.04614  0.01055 -0.08041 |  0.02468    5.034    1.242 ]
  mz [   79.98   0.4297   -1.148 |   0.8215    1.242    53.15 ]

  D_TCP [Ns/m, Nms/rad]:
           tx        ty        tz    |    rx        ry        rz
  fx [   234.2 -0.05857   -2.116 |  0.08465 -0.005684    9.368 ]
  fy [-0.05857    174.6   -1.746 |  0.07442 0.0004043  0.03793 ]
  fz [  -2.116   -1.746    111.5 |   -4.461 -0.02568 -0.08505 ]
     ---------------------------+---------------------------
  mx [ 0.08465  0.07442   -4.461 |    1.448 0.001053 0.004341 ]
  my [-0.005684 0.0004043 -0.02568 | 0.001053    2.048 -0.02027 ]
  mz [   9.368  0.03793 -0.08505 | 0.004341 -0.02027    1.699 ]

[GATE] Set up finished (still pressing). Press Enter to start the grind (e+Enter stops).

Stop requested with e + Enter. Finishing control loop...

-- joint motion [deg] --------------------------------------------------------
  joint       start    final    delta
  q1            0.8     -9.2    -10.0
  q2           12.1     30.2    +18.1
  q3           -0.5      7.4     +7.9
  q4         -130.9   -129.1     +1.8
  q5           -0.2     -8.9     -8.7
  q6          142.9    153.8    +10.9
  q7           44.7     50.2     +5.5

==============================================================================
  FINAL RESULT
==============================================================================
  p_d              = [    510.3,      -8.1,    -209.1] mm
  p_EE             = [    512.4,      -6.9,      19.1] mm
  e_p              = [     -2.1,      -1.2,    -228.2] mm
  e_R              = [   -11.38,     -1.93,      0.01] deg
------------------------------------------------------------------------------
  position error     228.18 mm
  rotation error     11.54 deg
  csv                logs/surface_grinding_controller_log.csv
------------------------------------------------------------------------------
