
==============================================================================
  SURFACE GRINDING CONTROLLER
==============================================================================
  robot              172.16.0.2
  parameters         /home/hm-panda/Desktop/Thesis_Final_Control/surface_grinding_controller/params
------------------------------------------------------------------------------

==============================================================================
  SURFACE GRINDING CONTROLLER - STARTUP MENU
==============================================================================

-- RUN MODES -----------------------------------------------------------------
  s      Run orientation, approach, contact establishment, and grinding
  h      Cartesian pose hold at the initial posture
  t      Cartesian pose hold with the contact establishment impedance
  g      Start manual guidance from the current robot pose

-- ROBOT PREPARATION ---------------------------------------------------------
  i      Move to the configured initial joint posture

-- GRIPPER AND TOOL ----------------------------------------------------------
  o      Open the gripper
  c      Grasp the tool
  r      Recalibrate the gripper with empty fingers
  f      Pick up the tool from the holder
  b      Return the tool to the holder

-- PROGRAM -------------------------------------------------------------------
  e      Exit
------------------------------------------------------------------------------
  During control: e = stop | m = startup menu | g = guidance
------------------------------------------------------------------------------
Selection [s/h/t/g/i/o/c/r/f/b/e]: 
-- SELECTED MODE: STATE SEQUENCE ---------------------------------------------

-- moving to q_init ----------------------------------------------------------
  case               saved_qinit
  q1..q7 [deg]     = [0.8, 12.1, -0.5, -130.9, -0.2, 142.9, 44.7] deg
  saved_qinit = [0.014777, 0.210911, -0.009320, -2.284835, -0.002725, 2.493410, 0.780694] rad
  q_init reached.

-- start pose ----------------------------------------------------------------
  q_start          = [0.8, 12.1, -0.5, -130.9, -0.1, 142.8, 44.7] deg
  p_start          = [    531.2,       2.3,     156.8] mm

==============================================================================
  RUN
==============================================================================

-- state: tool_orientation ---------------------------------------------------
  Kp [t1,t2,n]     = [    150.0,     150.0,     150.0] N/m
  Dp [t1,t2,n]     = [    133.7,      94.2,     128.3] Ns/m     auto (factor 1.90)
  KR [t1,t2,n]     = [    180.0,     180.0,      90.0] Nm/rad
  DR [t1,t2,n]     = [     15.3,      25.0,       2.0] Nms/rad  auto (factor 1.90)
orient:     t=  0.0 s | axis_err= 12.0 deg | spin_err=  0.9 deg
orient:     t=  0.2 s | axis_err= 10.5 deg | spin_err=  0.9 deg
orient:     t=  0.4 s | axis_err=  6.7 deg | spin_err=  0.5 deg
orient:     t=  0.6 s | axis_err=  2.7 deg | spin_err=  0.3 deg
orient:     t=  0.8 s | axis_err=  1.0 deg | spin_err=  0.2 deg

Orientation reached: axis_err=0.9 deg | spin_err=0.2 deg

-- state: surface_approach ---------------------------------------------------
  Kp [t1,t2,n]     = [    150.0,     150.0,     150.0] N/m
  Dp [t1,t2,n]     = [    133.7,      94.2,     128.3] Ns/m     auto (factor 1.90)
  KR [t1,t2,n]     = [    180.0,     180.0,      90.0] Nm/rad
  DR [t1,t2,n]     = [     15.3,      25.0,       2.0] Nms/rad  auto (factor 1.90)
  descend to         20 mm clearance at 0.100 m/s
descend:    t=  0.0 s | distance=   0.1 mm | height=+121.9 mm (target 20.0) | force=  0.0 N
descend:    t=  0.2 s | distance=  20.2 mm | height=+111.1 mm (target 20.0) | force=  0.7 N
descend:    t=  0.4 s | distance=  40.3 mm | height= +95.9 mm (target 20.0) | force=  2.5 N
descend:    t=  0.6 s | distance=  60.4 mm | height= +79.8 mm (target 20.0) | force=  2.0 N
descend:    t=  0.8 s | distance=  80.5 mm | height= +63.3 mm (target 20.0) | force=  1.1 N
descend:    t=  1.0 s | distance= 100.6 mm | height= +46.5 mm (target 20.0) | force=  1.8 N
descend:    t=  1.2 s | distance= 120.7 mm | height= +29.6 mm (target 20.0) | force=  1.3 N

Clearance reached: distance=132.1 mm | height=20.0 mm | target=20.0 mm | force=1.8 N
  offset_ee        = [     20.0,     -60.0,      20.0] mm
  p_EE_at_contact  = [    515.2,      -0.9,      50.8] mm
  contact_point    = [    533.6,      53.2,      -1.6] mm
  edge_offset      = [     18.4,      54.2,     -52.4] mm

-- state: contact_establishment ----------------------------------------------

-- contact establishment impedance -------------------------------------------
  law                wrench = K_TCP*dx + D_TCP*dv
                     K_TCP  = Ad(r_c)^T * blkdiag(Kp,KR) * Ad(r_c)
  Kp [t1,t2,n]     = [   2000.0,    2000.0,     350.0] N/m
  Dp [t1,t2,n]     = [    234.2,     174.6,     111.4] Ns/m     auto
  KR [t1,t2,n]     = [      5.0,       5.0,      50.0] Nm/rad
  DR [t1,t2,n]     = [      1.3,       2.0,       1.3] Nms/rad  auto
  p_c [EE]         = [      0.0,     100.0,       0.0] mm       commanded in the tool frame
  r_c [t1,t2,n]    = [     -0.1,     -98.5,      17.0] mm       p_c - p_TCP, in the plane
contact establishment:     t=  0.0 s | ee=  0.0 deg | F=  0.1 N | M=  0.0 Nm | contact= 19.9 mm
contact establishment:     t=  0.2 s | ee=  0.9 deg | F=  0.8 N | M=  0.7 Nm | contact=  7.1 mm
contact establishment:     t=  0.4 s | ee=  1.3 deg | F= 12.4 N | M=  0.5 Nm | contact=  2.6 mm
contact establishment:     t=  0.6 s | ee=  1.3 deg | F= 16.3 N | M=  0.5 Nm | contact=  2.6 mm
contact establishment:     t=  0.8 s | ee=  1.4 deg | F= 21.7 N | M=  0.6 Nm | contact=  2.6 mm
contact establishment:     t=  1.0 s | ee=  1.6 deg | F= 25.9 N | M=  0.5 Nm | contact=  2.7 mm
contact establishment:     t=  1.2 s | ee=  2.3 deg | F= 31.4 N | M=  0.6 Nm | contact=  2.4 mm
contact establishment:     t=  1.4 s | ee=  3.5 deg | F= 35.5 N | M=  0.6 Nm | contact=  2.3 mm
contact establishment:     t=  1.6 s | ee=  5.0 deg | F= 40.3 N | M=  0.8 Nm | contact=  2.2 mm
contact establishment:     t=  1.8 s | ee=  8.7 deg | F= 38.2 N | M=  0.4 Nm | contact=  2.5 mm
contact establishment:     t=  2.0 s | ee= 12.0 deg | F= 47.4 N | M=  3.9 Nm | contact=  2.9 mm
contact establishment:     t=  2.2 s | ee= 12.1 deg | F= 50.6 N | M=  4.7 Nm | contact=  3.0 mm
contact establishment:     t=  2.4 s | ee= 12.1 deg | F= 55.9 N | M=  5.1 Nm | contact=  3.0 mm
contact establishment:     t=  2.6 s | ee= 12.1 deg | F= 61.4 N | M=  5.5 Nm | contact=  3.0 mm
contact establishment:     t=  2.8 s | ee= 12.1 deg | F= 67.3 N | M=  5.9 Nm | contact=  3.0 mm
contact establishment:     t=  3.0 s | ee= 12.2 deg | F= 73.2 N | M=  6.2 Nm | contact=  3.0 mm
contact establishment:     t=  3.2 s | ee= 12.3 deg | F= 79.2 N | M=  6.5 Nm | contact=  3.1 mm
contact establishment:     t=  3.4 s | ee= 12.3 deg | F= 73.6 N | M=  6.2 Nm | contact=  3.1 mm
contact establishment:     t=  3.6 s | ee= 12.3 deg | F= 73.5 N | M=  6.1 Nm | contact=  3.1 mm
contact establishment:     t=  3.8 s | ee= 12.3 deg | F= 73.5 N | M=  6.1 Nm | contact=  3.1 mm
contact establishment:     t=  4.0 s | ee= 12.3 deg | F= 73.4 N | M=  6.2 Nm | contact=  3.1 mm
contact establishment:     t=  4.2 s | ee= 12.3 deg | F= 73.4 N | M=  6.1 Nm | contact=  3.1 mm
contact establishment:     t=  4.4 s | ee= 12.3 deg | F= 73.3 N | M=  6.1 Nm | contact=  3.1 mm
contact establishment:     t=  4.6 s | ee= 12.3 deg | F= 73.3 N | M=  6.1 Nm | contact=  3.1 mm
contact establishment:     t=  4.8 s | ee= 12.3 deg | F= 73.2 N | M=  6.1 Nm | contact=  3.1 mm

==============================================================================
  CONTACT-ESTABLISHMENT RESULT
==============================================================================
  stop: time | t=5.0 s | ee=12.3 deg | F=73.2 N | M_TCP=6.1 Nm
  contact_from_start = [-2.1, +1.9, +1.1] mm | norm=3.1 mm
  tcp_from_contact  = [-20.7, -58.4, +21.4] mm | norm=65.6 mm
  deviation: before=9.44 deg | after=3.17 deg | gain=+6.27 deg
  t_align: not reached | tolerance=2.00 deg | hold=0.30 s
  t_align_fraction: 1.58 s | fraction=0.50 of the deviation at contact
  deviation_min: 0.83 deg at t=1.85 s
  align_status: not_aligned
  deviation components [t1,t2,n] deg: before=[+9.43,-0.52,-0.00] | after=[-2.89,-1.30,+0.00]

-- contact establishment surface-frame breakdown -----------------------------
  frame              alignment-target [tangent1, tangent2, normal]
  force        [N]      = [    +3.92,     +5.98,    -72.88]
  tcp_disp     [mm]     = [    -1.72,     -3.40,    -31.21]
  contact_disp [mm]     = [    -2.15,     +1.91,     +1.08]
  Kp_eff=F/tcp [N/m]    = [  -2276.9,   -1757.8,    2335.2]
  M_contact    [Nm]     = [   +10.35,     -0.43,     +0.17]
  ee_angle     [deg]    = [   -12.32,     -0.79,     -0.09]
  KR_eff=M/ang [Nm/rad] = [    -48.1,      31.2,    -109.5]
  frame              tool face [length, width, tool axis]
  M_contact    [Nm]     = [    +0.44,    -10.35,     -0.42]

-- center of compliance ------------------------------------------------------
  definition         r_c = p_c - p_TCP
  p_TCP [x,y,z]    = [    512.9,      -5.2,      19.7] mm
  p_c [EE]         = [      0.0,     100.0,       0.0] mm
  r_c [t1,t2,n]    = [      0.2,     -99.9,      -4.4] mm
                     p_c resolved at end of contact establishment

-- effective TCP impedance ---------------------------------------------------
  K_TCP translation = [   1999.5,    1998.7,     351.8] N/m
  K_TCP rotation   = [      8.5,       5.0,      69.9] Nm/rad
  commanded KR was = [      5.0,       5.0,      50.0] Nm/rad   including lever contribution
  D_TCP translation = [    234.2,     174.6,     111.5] Ns/m
  D_TCP rotation   = [      2.4,       2.0,       3.7] Nms/rad
  coupling           max |moment per unit translation| = 199.9 Nm/m (K), 23.4 Nms/m (D)
  eigenvalues        K_TCP 4.95 .. 2021 | D_TCP 1.26 .. 237  (both positive: valid springs)

  K_TCP [N/m, Nm/rad | rows fx..mz, cols tx..rz]:
           tx        ty        tz    |    rx        ry        rz
  fx [    2000  -0.7871   -28.44 |    2.842   -3.236    199.9 ]
  fy [ -0.7871     1999   -45.62 |    7.798 0.005585   0.1101 ]
  fz [  -28.44   -45.62    351.8 |   -35.24  0.01282   -2.848 ]
     ---------------------------+---------------------------
  mx [   2.842    7.798   -35.24 |     8.55  0.02019    1.061 ]
  my [  -3.236 0.005585  0.01282 |  0.02019     5.04   0.9207 ]
  mz [   199.9   0.1101   -2.848 |    1.061   0.9207    69.94 ]

  D_TCP [Ns/m, Nms/rad]:
           tx        ty        tz    |    rx        ry        rz
  fx [   234.2 -0.05859   -2.117 |   0.2116  -0.3791    23.42 ]
  fy [-0.05859    174.6   -1.746 |   0.4573 0.0002599  0.01063 ]
  fz [  -2.117   -1.746    111.5 |   -11.15 -0.007107  -0.2118 ]
     ---------------------------+---------------------------
  mx [  0.2116   0.4573   -11.15 |    2.386 0.0007383  0.02218 ]
  my [ -0.3791 0.0002599 -0.007107 | 0.0007383    2.048 -0.05784 ]
  mz [   23.42  0.01063  -0.2118 |  0.02218 -0.05784    3.669 ]

[STATE] Pre-grinding hold active. Press Enter to start grinding (e+Enter stops).

-- state: pre_grinding_hold --------------------------------------------------
  motion             established contact command
  impedance          inherited from contact establishment
  keys               Enter continue | e stop

Stop requested with e + Enter. Finishing control loop...

-- joint motion [deg] --------------------------------------------------------
  joint       start    final    delta
  q1            0.8     -9.8    -10.7
  q2           12.1     30.0    +17.9
  q3           -0.5      8.0     +8.5
  q4         -130.9   -129.9     +1.0
  q5           -0.1     -7.9     -7.7
  q6          142.8    155.6    +12.7
  q7           44.7     49.4     +4.7

==============================================================================
  FINAL RESULT
==============================================================================
  p_d              = [    510.7,      -8.1,    -209.0] mm
  p_EE             = [    512.9,      -5.2,      19.7] mm
  e_p              = [     -2.2,      -2.9,    -228.8] mm
  e_R              = [   -12.32,     -0.79,      0.15] deg
------------------------------------------------------------------------------
  position error     228.81 mm
  rotation error     12.35 deg
  csv                logs/surface_grinding_controller_log.csv
------------------------------------------------------------------------------
