
==============================================================================
  SURFACE GRINDING CONTROLLER
==============================================================================
  robot              172.16.0.2
  parameters         /home/hm-panda/Desktop/Thesis_Final_Control/surface_grinding_controller/params
------------------------------------------------------------------------------

==============================================================================
  SURFACE GRINDING CONTROLLER - STARTUP MENU
==============================================================================

-- RUN MODES -----------------------------------------------------------------
  s      Run orientation, approach, setup, and grinding
  h      Cartesian pose hold at the initial posture
  t      Cartesian pose hold with the setup impedance
  g      Start manual guidance from the current robot pose

-- ROBOT PREPARATION ---------------------------------------------------------
  i      Move to the configured initial joint posture

-- GRIPPER AND TOOL ----------------------------------------------------------
  o      Open the gripper
  c      Grasp the tool
  r      Recalibrate the gripper with empty fingers
  f      Pick up the tool from the holder
  b      Return the tool to the holder

-- PROGRAM -------------------------------------------------------------------
  e      Exit
------------------------------------------------------------------------------
  During control: e = stop | m = startup menu | g = guidance
------------------------------------------------------------------------------
Selection [s/h/t/g/i/o/c/r/f/b/e]: 
-- SELECTED MODE: PHASE SEQUENCE ---------------------------------------------

-- moving to q_init ----------------------------------------------------------
  case               saved_qinit
  q1..q7 [deg]     = [0.8, 12.1, -0.5, -130.9, -0.2, 142.9, 44.7] deg
  saved_qinit = [0.014777, 0.210911, -0.009320, -2.284835, -0.002725, 2.493410, 0.780694] rad
  q_init reached.

-- start pose ----------------------------------------------------------------
  q_start          = [0.8, 12.1, -0.5, -130.9, -0.2, 142.8, 44.7] deg
  p_start          = [    531.2,       2.4,     156.8] mm

==============================================================================
  RUN
==============================================================================

-- phase: approach_orient ----------------------------------------------------
  Kp [t1,t2,n]     = [    150.0,     150.0,     150.0] N/m
  Dp [t1,t2,n]     = [    133.7,      94.2,     128.3] Ns/m     auto (factor 1.90)
  KR [t1,t2,n]     = [    180.0,     180.0,      90.0] Nm/rad
  DR [t1,t2,n]     = [     15.3,      25.0,       2.0] Nms/rad  auto (factor 1.90)
orient:     t=  0.0 s | axis_err=  7.9 deg | spin_err=  0.9 deg
orient:     t=  0.2 s | axis_err=  6.6 deg | spin_err=  0.7 deg
orient:     t=  0.4 s | axis_err=  3.3 deg | spin_err=  0.4 deg
orient:     t=  0.6 s | axis_err=  1.5 deg | spin_err=  0.2 deg
orient:     t=  0.8 s | axis_err=  1.1 deg | spin_err=  0.2 deg
orient:     t=  1.0 s | axis_err=  1.1 deg | spin_err=  0.2 deg
orient:     t=  1.2 s | axis_err=  1.0 deg | spin_err=  0.2 deg
orient:     t=  1.4 s | axis_err=  1.0 deg | spin_err=  0.2 deg
orient:     t=  1.6 s | axis_err=  1.0 deg | spin_err=  0.2 deg
orient:     t=  1.8 s | axis_err=  1.0 deg | spin_err=  0.2 deg
orient:     t=  2.0 s | axis_err=  1.0 deg | spin_err=  0.2 deg
orient:     t=  2.2 s | axis_err=  1.0 deg | spin_err=  0.2 deg
orient:     t=  2.4 s | axis_err=  1.0 deg | spin_err=  0.2 deg
orient:     t=  2.6 s | axis_err=  1.0 deg | spin_err=  0.2 deg
orient:     t=  2.8 s | axis_err=  1.0 deg | spin_err=  0.2 deg
orient:     t=  3.0 s | axis_err=  1.0 deg | spin_err=  0.2 deg
orient:     t=  3.2 s | axis_err=  1.0 deg | spin_err=  0.2 deg
orient:     t=  3.4 s | axis_err=  1.0 deg | spin_err=  0.2 deg
orient:     t=  3.6 s | axis_err=  1.0 deg | spin_err=  0.2 deg
orient:     t=  3.8 s | axis_err=  1.0 deg | spin_err=  0.2 deg
orient:     t=  4.0 s | axis_err=  1.0 deg | spin_err=  0.2 deg
orient:     t=  4.2 s | axis_err=  1.0 deg | spin_err=  0.2 deg
orient:     t=  4.4 s | axis_err=  1.0 deg | spin_err=  0.2 deg
orient:     t=  4.6 s | axis_err=  1.0 deg | spin_err=  0.2 deg
orient:     t=  4.8 s | axis_err=  1.0 deg | spin_err=  0.2 deg
orient:     t=  5.0 s | axis_err=  1.0 deg | spin_err=  0.2 deg
orient:     t=  5.2 s | axis_err=  1.0 deg | spin_err=  0.2 deg
orient:     t=  5.4 s | axis_err=  1.0 deg | spin_err=  0.2 deg
orient:     t=  5.6 s | axis_err=  1.0 deg | spin_err=  0.2 deg
orient:     t=  5.8 s | axis_err=  1.0 deg | spin_err=  0.2 deg
orient:     t=  6.0 s | axis_err=  1.0 deg | spin_err=  0.2 deg
orient:     t=  6.2 s | axis_err=  1.0 deg | spin_err=  0.2 deg
orient:     t=  6.4 s | axis_err=  1.0 deg | spin_err=  0.2 deg
orient:     t=  6.6 s | axis_err=  1.0 deg | spin_err=  0.2 deg
orient:     t=  6.8 s | axis_err=  1.0 deg | spin_err=  0.2 deg
orient:     t=  7.0 s | axis_err=  1.0 deg | spin_err=  0.2 deg
orient:     t=  7.2 s | axis_err=  1.0 deg | spin_err=  0.2 deg
orient:     t=  7.4 s | axis_err=  1.0 deg | spin_err=  0.2 deg
orient:     t=  7.6 s | axis_err=  1.0 deg | spin_err=  0.2 deg
orient:     t=  7.8 s | axis_err=  1.0 deg | spin_err=  0.2 deg

Orientation settled short of the 0.9 deg gate after 8.0 s: axis_err=1.0 deg | spin_err=0.2 deg

-- phase: approach_descend ---------------------------------------------------
  Kp [t1,t2,n]     = [    150.0,     150.0,     150.0] N/m
  Dp [t1,t2,n]     = [    133.7,      94.2,     128.3] Ns/m     auto (factor 1.90)
  KR [t1,t2,n]     = [    180.0,     180.0,      90.0] Nm/rad
  DR [t1,t2,n]     = [     15.3,      25.0,       2.0] Nms/rad  auto (factor 1.90)
  descend to         20 mm clearance at 0.100 m/s
descend:    t=  0.0 s | distance=   0.1 mm | height=+138.5 mm (target 20.0) | force=  0.0 N
descend:    t=  0.2 s | distance=  20.2 mm | height=+127.7 mm (target 20.0) | force=  0.5 N
descend:    t=  0.4 s | distance=  40.3 mm | height=+110.6 mm (target 20.0) | force= -0.2 N
descend:    t=  0.6 s | distance=  60.4 mm | height= +92.8 mm (target 20.0) | force=  0.2 N
descend:    t=  0.8 s | distance=  80.5 mm | height= +74.0 mm (target 20.0) | force=  0.4 N
descend:    t=  1.0 s | distance= 100.6 mm | height= +55.2 mm (target 20.0) | force= -0.6 N
descend:    t=  1.2 s | distance= 120.7 mm | height= +36.1 mm (target 20.0) | force=  0.5 N

Clearance reached: distance=137.6 mm | height=20.0 mm | target=20.0 mm | force=-1.1 N
  offset_ee        = [    -20.0,      60.0,      20.0] mm
  p_EE_at_contact  = [    536.3,      -4.3,      43.0] mm
  contact_point    = [    518.8,     -65.3,       1.9] mm
  edge_offset      = [    -17.5,     -61.0,     -41.1] mm

-- phase: setup --------------------------------------------------------------

-- setup impedance -----------------------------------------------------------
  law                wrench = K_TCP*dx + D_TCP*dv
                     K_TCP  = Ad(r_c)^T * blkdiag(Kp,KR) * Ad(r_c)
  Kp [t1,t2,n]     = [   2000.0,    2000.0,     350.0] N/m
  Dp [t1,t2,n]     = [    227.9,     160.5,     115.4] Ns/m     auto
  KR [t1,t2,n]     = [      5.0,       5.0,      50.0] Nm/rad
  DR [t1,t2,n]     = [      1.6,       1.9,       1.0] Nms/rad  auto
  p_c [EE]         = [     80.0,      -0.0,       0.0] mm       commanded in the tool frame
  r_c [t1,t2,n]    = [    -79.2,      -0.2,     -11.1] mm       p_TCP - p_c, in the plane
setup:     t=  0.0 s | ee=  0.0 deg | F=  0.1 N | M=  0.0 Nm (limit 150.0) | contact= 19.9 mm
setup:     t=  0.2 s | ee=  0.7 deg | F=  2.0 N | M=  0.7 Nm (limit 150.0) | contact=  7.1 mm
setup:     t=  0.4 s | ee=  1.0 deg | F= 11.5 N | M=  1.3 Nm (limit 150.0) | contact=  3.6 mm
setup:     t=  0.6 s | ee=  1.1 deg | F= 16.5 N | M=  1.4 Nm (limit 150.0) | contact=  3.1 mm
setup:     t=  0.8 s | ee=  1.1 deg | F= 21.9 N | M=  1.6 Nm (limit 150.0) | contact=  2.2 mm
setup:     t=  1.0 s | ee=  1.3 deg | F= 27.6 N | M=  1.8 Nm (limit 150.0) | contact=  1.0 mm
setup:     t=  1.2 s | ee=  2.0 deg | F= 33.4 N | M=  1.8 Nm (limit 150.0) | contact=  0.6 mm
setup:     t=  1.4 s | ee=  4.5 deg | F= 35.7 N | M=  1.7 Nm (limit 150.0) | contact=  1.7 mm
setup:     t=  1.6 s | ee=  6.9 deg | F= 39.1 N | M=  2.2 Nm (limit 150.0) | contact=  2.8 mm
setup:     t=  1.8 s | ee=  8.7 deg | F= 44.3 N | M=  2.4 Nm (limit 150.0) | contact=  3.6 mm
setup:     t=  2.0 s | ee= 10.5 deg | F= 49.9 N | M=  2.5 Nm (limit 150.0) | contact=  4.3 mm
setup:     t=  2.2 s | ee= 12.5 deg | F= 53.8 N | M=  2.7 Nm (limit 150.0) | contact=  4.5 mm
setup:     t=  2.4 s | ee= 14.9 deg | F= 55.7 N | M=  2.7 Nm (limit 150.0) | contact=  4.7 mm
setup:     t=  2.6 s | ee= 17.6 deg | F= 61.9 N | M=  3.1 Nm (limit 150.0) | contact=  4.7 mm
setup:     t=  2.8 s | ee= 20.2 deg | F= 65.6 N | M=  3.1 Nm (limit 150.0) | contact=  5.6 mm
setup:     t=  3.0 s | ee= 22.3 deg | F= 72.3 N | M=  3.0 Nm (limit 150.0) | contact=  5.6 mm
setup:     t=  3.2 s | ee= 24.2 deg | F= 79.1 N | M=  3.6 Nm (limit 150.0) | contact=  6.3 mm
setup:     t=  3.4 s | ee= 25.8 deg | F= 70.0 N | M=  2.6 Nm (limit 150.0) | contact=  6.7 mm
setup:     t=  3.6 s | ee= 26.6 deg | F= 73.0 N | M=  3.1 Nm (limit 150.0) | contact=  6.8 mm
setup:     t=  3.8 s | ee= 27.0 deg | F= 73.1 N | M=  3.0 Nm (limit 150.0) | contact=  7.0 mm
setup:     t=  4.0 s | ee= 27.1 deg | F= 72.0 N | M=  2.7 Nm (limit 150.0) | contact=  7.0 mm
setup:     t=  4.2 s | ee= 27.1 deg | F= 72.2 N | M=  2.8 Nm (limit 150.0) | contact=  7.0 mm
setup:     t=  4.4 s | ee= 27.1 deg | F= 72.2 N | M=  2.8 Nm (limit 150.0) | contact=  7.0 mm
setup:     t=  4.6 s | ee= 27.1 deg | F= 72.3 N | M=  2.8 Nm (limit 150.0) | contact=  7.0 mm
setup:     t=  4.8 s | ee= 27.1 deg | F= 72.2 N | M=  2.8 Nm (limit 150.0) | contact=  7.0 mm

==============================================================================
  SETUP RESULT
==============================================================================
  stop: time | t=5.0 s | ee=27.1 deg | F=72.2 N | M_TCP=2.8 Nm
  contact_from_start = [-4.4, -1.5, +5.3] mm | norm=7.0 mm
  tcp_from_contact  = [+21.3, +58.6, +17.1] mm | norm=64.6 mm
  deviation: before=9.55 deg | after=17.63 deg | gain=-8.09 deg
  t_align: 1.72 s | tolerance=2.00 deg | hold=0.30 s
  deviation components [t1,t2,n] deg: before=[-0.92,+9.50,+0.00] | after=[-1.81,-17.54,+0.00]

-- setup surface-frame breakdown ---------------------------------------------
  frame              alignment-target [tangent1, tangent2, normal]
  force        [N]      = [   +15.55,     +1.62,    -70.49]
  tcp_disp     [mm]     = [    +4.14,     -1.79,    -24.03]
  contact_disp [mm]     = [    -4.44,     -1.60,     +5.16]
  Kp_eff=F/tcp [N/m]    = [   3752.2,    -907.6,    2933.2]
  M_contact    [Nm]     = [    -3.65,     +4.73,     -1.04]
  ee_angle     [deg]    = [    -0.90,    -27.04,     -0.30]
  KR_eff=M/ang [Nm/rad] = [    232.7,     -10.0,     196.1]
  frame              tool face [length, width, tool axis]
  M_contact    [Nm]     = [    -4.69,     +3.13,     +2.24]

-- center of compliance ------------------------------------------------------
  definition         r_c = p_TCP - p_c
  p_TCP [x,y,z]    = [    540.1,      -6.8,      19.0] mm
  p_c [EE]         = [     80.0,       0.0,      -0.0] mm
  r_c [t1,t2,n]    = [    -75.6,      -0.7,      26.1] mm
                     p_c resolved at end of setup

-- effective TCP impedance ---------------------------------------------------
  K_TCP translation = [   1999.5,    1998.7,     351.8] N/m
  K_TCP rotation   = [      6.5,       8.4,      61.2] Nm/rad
  commanded KR was = [      5.0,       5.0,      50.0] Nm/rad   including lever contribution
  D_TCP translation = [    227.9,     160.5,     115.4] Ns/m
  D_TCP rotation   = [      1.7,       2.8,       1.9] Nms/rad
  coupling           max |moment per unit translation| = 150.2 Nm/m (K), 12.1 Nms/m (D)
  eigenvalues        K_TCP 4.97 .. 2013 | D_TCP 1.00 .. 228  (both positive: valid springs)

  K_TCP [N/m, Nm/rad | rows fx..mz, cols tx..rz]:
           tx        ty        tz    |    rx        ry        rz
  fx [    2000  -0.7871   -28.44 | -0.02067   -52.67  0.00466 ]
  fy [ -0.7871     1999   -45.62 |    54.79     3.45    150.2 ]
  fz [  -28.44   -45.62    351.8 |   -1.262   -25.66    -3.43 ]
     ---------------------------+---------------------------
  mx [-0.02067    54.79   -1.262 |    6.515   0.1169    4.893 ]
  my [  -52.67     3.45   -25.66 |   0.1169    8.406    1.502 ]
  mz [ 0.00466    150.2    -3.43 |    4.893    1.502    61.24 ]

  D_TCP [Ns/m, Nms/rad]:
           tx        ty        tz    |    rx        ry        rz
  fx [   227.9  -0.0537    -1.94 | -0.00141     -6.1 0.003238 ]
  fy [ -0.0537    160.5   -1.248 |    4.398  0.09524    12.06 ]
  fz [   -1.94   -1.248    115.4 | -0.03788   -8.622 -0.09383 ]
     ---------------------------+---------------------------
  mx [-0.00141    4.398 -0.03788 |    1.736 0.002596   0.3201 ]
  my [    -6.1  0.09524   -8.622 | 0.002596    2.752 -0.01876 ]
  mz [0.003238    12.06 -0.09383 |   0.3201 -0.01876    1.915 ]

[GATE] Set up finished (still pressing). Press Enter to start the grind (e+Enter stops).

Stop requested with e + Enter. Finishing control loop...

-- joint motion [deg] --------------------------------------------------------
  joint       start    final    delta
  q1            0.8     -0.7     -1.5
  q2           12.1     37.9    +25.8
  q3           -0.5      0.1     +0.6
  q4         -130.9   -110.7    +20.2
  q5           -0.2     -0.5     -0.3
  q6          142.8    128.6    -14.2
  q7           44.7     44.7     -0.0

==============================================================================
  FINAL RESULT
==============================================================================
  p_d              = [    531.8,     -11.5,    -216.8] mm
  p_EE             = [    540.1,      -6.8,      19.0] mm
  e_p              = [     -8.2,      -4.7,    -235.8] mm
  e_R              = [    -0.90,    -27.04,      0.46] deg
------------------------------------------------------------------------------
  position error     236.01 mm
  rotation error     27.06 deg
  csv                logs/surface_grinding_controller_log.csv
------------------------------------------------------------------------------
