
==============================================================================
  SURFACE GRINDING CONTROLLER
==============================================================================
  robot              172.16.0.2
  parameters         /home/hm-panda/Desktop/Thesis_Final_Control/surface_grinding_controller/params
------------------------------------------------------------------------------

==============================================================================
  SURFACE GRINDING CONTROLLER - STARTUP MENU
==============================================================================

-- RUN MODES -----------------------------------------------------------------
  s      Run orientation, approach, setup, and grinding
  h      Cartesian pose hold at the initial posture
  t      Cartesian pose hold with the setup impedance
  g      Start manual guidance from the current robot pose

-- ROBOT PREPARATION ---------------------------------------------------------
  i      Move to the configured initial joint posture

-- GRIPPER AND TOOL ----------------------------------------------------------
  o      Open the gripper
  c      Grasp the tool
  r      Recalibrate the gripper with empty fingers
  f      Pick up the tool from the holder
  b      Return the tool to the holder

-- PROGRAM -------------------------------------------------------------------
  e      Exit
------------------------------------------------------------------------------
  During control: e = stop | m = startup menu | g = guidance
------------------------------------------------------------------------------
Selection [s/h/t/g/i/o/c/r/f/b/e]: 
-- SELECTED MODE: PHASE SEQUENCE ---------------------------------------------

-- moving to q_init ----------------------------------------------------------
  case               saved_qinit
  q1..q7 [deg]     = [0.8, 12.1, -0.5, -130.9, -0.2, 142.9, 44.7] deg
  saved_qinit = [0.014777, 0.210911, -0.009320, -2.284835, -0.002725, 2.493410, 0.780694] rad
  q_init reached.

-- start pose ----------------------------------------------------------------
  q_start          = [0.9, 12.1, -0.5, -130.9, -0.1, 142.9, 44.7] deg
  p_start          = [    531.3,       2.5,     156.8] mm

==============================================================================
  RUN
==============================================================================

-- phase: approach_orient ----------------------------------------------------
  Kp [t1,t2,n]     = [    150.0,     150.0,     150.0] N/m
  Dp [t1,t2,n]     = [    133.7,      94.2,     128.3] Ns/m     auto (factor 1.90)
  KR [t1,t2,n]     = [    300.0,     300.0,      90.0] Nm/rad
  DR [t1,t2,n]     = [     19.8,      32.3,       2.0] Nms/rad  auto (factor 1.90)
orient:     t=  0.0 s | axis_err=  7.6 deg | spin_err=  0.6 deg
orient:     t=  0.2 s | axis_err=  5.7 deg | spin_err=  0.5 deg
orient:     t=  0.4 s | axis_err=  2.2 deg | spin_err=  0.1 deg
orient:     t=  0.6 s | axis_err=  0.7 deg | spin_err=  0.0 deg
orient:     t=  0.8 s | axis_err=  0.5 deg | spin_err=  0.0 deg

Orientation reached: axis_err=0.4 deg | spin_err=0.0 deg

-- phase: approach_descend ---------------------------------------------------
  Kp [t1,t2,n]     = [    150.0,     150.0,     150.0] N/m
  Dp [t1,t2,n]     = [    133.7,      94.2,     128.3] Ns/m     auto (factor 1.90)
  KR [t1,t2,n]     = [    300.0,     300.0,      90.0] Nm/rad
  DR [t1,t2,n]     = [     19.8,      32.3,       2.0] Nms/rad  auto (factor 1.90)
  descend to         20 mm clearance at 0.100 m/s
descend:    t=  0.0 s | distance=   0.1 mm | height=+126.6 mm (target 20.0) | force=  0.0 N
descend:    t=  0.2 s | distance=  20.2 mm | height=+116.4 mm (target 20.0) | force=  2.6 N
descend:    t=  0.4 s | distance=  40.3 mm | height=+100.5 mm (target 20.0) | force=  1.9 N
descend:    t=  0.6 s | distance=  60.4 mm | height= +83.4 mm (target 20.0) | force=  2.2 N
descend:    t=  0.8 s | distance=  80.5 mm | height= +65.5 mm (target 20.0) | force=  2.4 N
descend:    t=  1.0 s | distance= 100.6 mm | height= +47.3 mm (target 20.0) | force=  1.8 N
descend:    t=  1.2 s | distance= 120.7 mm | height= +29.4 mm (target 20.0) | force=  2.4 N

Clearance reached: distance=131.6 mm | height=20.0 mm | target=20.0 mm | force=2.5 N
  offset_ee        = [     20.0,       0.0,      20.0] mm
  p_EE_at_contact  = [    513.1,      -0.3,      42.4] mm
  contact_point    = [    529.9,      -1.4,      -0.1] mm
  edge_offset      = [     16.8,      -1.2,     -42.4] mm

-- phase: setup --------------------------------------------------------------

-- setup impedance -----------------------------------------------------------
  law                wrench = K_TCP*dx + D_TCP*dv
                     K_TCP  = Ad(r_c)^T * blkdiag(Kp,KR) * Ad(r_c)
  Kp [t1,t2,n]     = [   2000.0,    2000.0,     350.0] N/m
  Dp [t1,t2,n]     = [    234.9,     173.9,     111.0] Ns/m     auto
  KR [t1,t2,n]     = [      5.0,       5.0,      50.0] Nm/rad
  DR [t1,t2,n]     = [      1.3,       2.1,       0.9] Nms/rad  auto
  p_c [EE]         = [    -30.0,       0.0,       0.0] mm       commanded in the tool frame
  r_c [t1,t2,n]    = [     29.8,      -0.0,      -3.5] mm       p_TCP - p_c, in the plane
setup:     t=  0.0 s | tip=  0.0 deg | F=  0.2 N | M=  0.0 Nm (limit 150.0) | contact= 19.9 mm
setup:     t=  0.2 s | tip=  0.5 deg | F=  2.7 N | M=  1.2 Nm (limit 150.0) | contact=  7.2 mm
setup:     t=  0.4 s | tip=  0.9 deg | F= 13.9 N | M=  7.6 Nm (limit 150.0) | contact=  2.1 mm
setup:     t=  0.6 s | tip=  0.9 deg | F= 14.9 N | M=  7.9 Nm (limit 150.0) | contact=  2.1 mm
setup:     t=  0.8 s | tip=  0.9 deg | F= 21.3 N | M= 11.2 Nm (limit 150.0) | contact=  2.2 mm
setup:     t=  1.0 s | tip=  0.9 deg | F= 27.0 N | M= 14.1 Nm (limit 150.0) | contact=  2.5 mm
setup:     t=  1.2 s | tip=  1.0 deg | F= 32.7 N | M= 16.9 Nm (limit 150.0) | contact=  2.8 mm
setup:     t=  1.4 s | tip=  1.0 deg | F= 38.0 N | M= 19.5 Nm (limit 150.0) | contact=  3.1 mm
setup:     t=  1.6 s | tip=  1.0 deg | F= 43.4 N | M= 22.2 Nm (limit 150.0) | contact=  3.4 mm
setup:     t=  1.8 s | tip=  1.0 deg | F= 49.3 N | M= 25.2 Nm (limit 150.0) | contact=  3.8 mm
setup:     t=  2.0 s | tip=  1.0 deg | F= 55.3 N | M= 28.0 Nm (limit 150.0) | contact=  4.3 mm
setup:     t=  2.2 s | tip=  1.4 deg | F= 61.7 N | M= 30.9 Nm (limit 150.0) | contact=  4.1 mm
setup:     t=  2.4 s | tip=  1.4 deg | F= 66.1 N | M= 33.1 Nm (limit 150.0) | contact=  4.2 mm
setup:     t=  2.6 s | tip=  1.4 deg | F= 71.8 N | M= 35.9 Nm (limit 150.0) | contact=  4.4 mm
setup:     t=  2.8 s | tip=  1.4 deg | F= 77.6 N | M= 38.7 Nm (limit 150.0) | contact=  4.5 mm
setup:     t=  3.0 s | tip=  1.4 deg | F= 82.9 N | M= 41.5 Nm (limit 150.0) | contact=  4.5 mm
setup:     t=  3.2 s | tip=  1.4 deg | F= 88.1 N | M= 44.0 Nm (limit 150.0) | contact=  4.6 mm
setup:     t=  3.4 s | tip=  1.4 deg | F= 82.6 N | M= 41.4 Nm (limit 150.0) | contact=  4.5 mm
setup:     t=  3.6 s | tip=  1.4 deg | F= 82.5 N | M= 41.4 Nm (limit 150.0) | contact=  4.5 mm
setup:     t=  3.8 s | tip=  1.4 deg | F= 82.5 N | M= 41.4 Nm (limit 150.0) | contact=  4.5 mm
setup:     t=  4.0 s | tip=  1.4 deg | F= 82.5 N | M= 41.4 Nm (limit 150.0) | contact=  4.5 mm
setup:     t=  4.2 s | tip=  1.4 deg | F= 82.4 N | M= 41.4 Nm (limit 150.0) | contact=  4.5 mm
setup:     t=  4.4 s | tip=  1.4 deg | F= 82.4 N | M= 41.4 Nm (limit 150.0) | contact=  4.5 mm
setup:     t=  4.6 s | tip=  1.5 deg | F= 82.4 N | M= 41.4 Nm (limit 150.0) | contact=  4.5 mm
setup:     t=  4.8 s | tip=  1.5 deg | F= 82.3 N | M= 41.4 Nm (limit 150.0) | contact=  4.5 mm

==============================================================================
  SETUP RESULT
==============================================================================
  stop: time | t=5.0 s | tip=1.5 deg | F=82.3 N | M=41.3 Nm
  contact_from_start = [-2.6, -0.2, -3.7] mm | norm=4.5 mm
  tcp_from_contact  = [-19.9, -0.2, +18.7] mm | norm=27.3 mm
  alignment: before=5.13 deg | after=5.05 deg | gain=+0.09 deg
  alignment components [t1,t2,n] deg: before=[-0.40,-5.12,+0.00] | after=[-1.68,-4.76,-0.00]

-- setup surface-frame breakdown ---------------------------------------------
  frame              alignment-target [tangent1, tangent2, normal]
  force        [N]      = [    +8.37,     +2.00,    -81.87]
  tcp_disp     [mm]     = [    -2.65,     -0.71,    -23.84]
  contact_disp [mm]     = [    -2.51,     -0.05,     -3.75]
  Kp_eff=F/tcp [N/m]    = [  -3157.1,   -2828.2,    3434.6]
  M_contact    [Nm]     = [    +1.15,    +40.06,     +0.55]
  tip_angle    [deg]    = [    -1.32,     +0.37,     -0.47]
  KR_eff=M/ang [Nm/rad] = [    -50.0,    6255.3,     -67.1]
  frame              tool face [length, width, tool axis]
  M_contact    [Nm]     = [   -40.05,     -1.46,     +0.53]

-- center of compliance ------------------------------------------------------
  definition         r_c = p_TCP - p_c
  p_TCP [x,y,z]    = [    510.0,      -1.6,      18.6] mm
  p_c [EE]         = [    -30.0,      -0.0,       0.0] mm
  r_c [t1,t2,n]    = [     29.8,       0.3,      -3.3] mm
                     p_c resolved at end of setup

-- effective TCP impedance ---------------------------------------------------
  K_TCP translation = [   1999.5,    1998.7,     351.8] N/m
  K_TCP rotation   = [      5.0,       5.4,      51.7] Nm/rad
  commanded KR was = [      5.0,       5.0,      50.0] Nm/rad   including lever contribution
  D_TCP translation = [    234.9,     173.8,     111.1] Ns/m
  D_TCP rotation   = [      1.3,       2.2,       1.1] Nms/rad
  coupling           max |moment per unit translation| = 59.5 Nm/m (K), 5.2 Nms/m (D)
  eigenvalues        K_TCP 5.00 .. 2002 | D_TCP 0.95 .. 235  (both positive: valid springs)

  K_TCP [N/m, Nm/rad | rows fx..mz, cols tx..rz]:
           tx        ty        tz    |    rx        ry        rz
  fx [    2000  -0.7871   -28.44 | 0.008002    6.733   0.3763 ]
  fy [ -0.7871     1999   -45.62 |   -7.569   -1.361   -59.48 ]
  fz [  -28.44   -45.62    351.8 |   0.1109    10.36    1.353 ]
     ---------------------------+---------------------------
  mx [0.008002   -7.569   0.1109 |    5.042   0.0248    1.001 ]
  my [   6.733   -1.361    10.36 |   0.0248    5.368    1.286 ]
  mz [  0.3763   -59.48    1.353 |    1.001    1.286    51.72 ]

  D_TCP [Ns/m, Nms/rad]:
           tx        ty        tz    |    rx        ry        rz
  fx [   234.9 -0.05908   -2.135 | 0.0006007   0.8268   0.0432 ]
  fy [-0.05908    173.8   -1.737 |  -0.6587 -0.05191   -5.173 ]
  fz [  -2.135   -1.737    111.1 | -0.01303    3.299  0.05131 ]
     ---------------------------+---------------------------
  mx [0.0006007  -0.6587 -0.01303 |    1.287 -0.0005458   0.0138 ]
  my [  0.8268 -0.05191    3.299 | -0.0005458    2.212 -0.03047 ]
  mz [  0.0432   -5.173  0.05131 |   0.0138 -0.03047    1.103 ]

[GATE] Set up finished (still pressing). Press Enter to start the grind (e+Enter stops).

Stop requested with e + Enter. Finishing control loop...

-- joint motion [deg] --------------------------------------------------------
  joint       start    final    delta
  q1            0.9     -0.6     -1.5
  q2           12.1     30.2    +18.1
  q3           -0.5      0.4     +1.0
  q4         -130.9   -128.0     +2.9
  q5           -0.1     -1.1     -1.0
  q6          142.9    151.0     +8.1
  q7           44.7     45.4     +0.7

==============================================================================
  FINAL RESULT
==============================================================================
  p_d              = [    508.6,      -7.4,    -217.5] mm
  p_EE             = [    510.0,      -1.6,      18.6] mm
  e_p              = [     -1.4,      -5.8,    -236.1] mm
  e_R              = [    -1.33,      0.35,     -0.46] deg
------------------------------------------------------------------------------
  position error     236.15 mm
  rotation error     1.45 deg
  csv                logs/surface_grinding_controller_log.csv
------------------------------------------------------------------------------
