
==============================================================================
  SURFACE GRINDING CONTROLLER
==============================================================================
  robot              172.16.0.2
  parameters         /home/hm-panda/Desktop/Thesis_Final_Control/surface_grinding_controller/params
------------------------------------------------------------------------------

==============================================================================
  SURFACE GRINDING CONTROLLER - STARTUP MENU
==============================================================================

-- RUN MODES -----------------------------------------------------------------
  s      Run orientation, approach, setup, and grinding
  h      Cartesian pose hold at the initial posture
  t      Cartesian pose hold with the setup impedance
  g      Start manual guidance from the current robot pose

-- ROBOT PREPARATION ---------------------------------------------------------
  i      Move to the configured initial joint posture

-- GRIPPER AND TOOL ----------------------------------------------------------
  o      Open the gripper
  c      Grasp the tool
  r      Recalibrate the gripper with empty fingers
  f      Pick up the tool from the holder
  b      Return the tool to the holder

-- PROGRAM -------------------------------------------------------------------
  e      Exit
------------------------------------------------------------------------------
  During control: e = stop | m = startup menu | g = guidance
------------------------------------------------------------------------------
Selection [s/h/t/g/i/o/c/r/f/b/e]: 
-- SELECTED MODE: PHASE SEQUENCE ---------------------------------------------

-- moving to q_init ----------------------------------------------------------
  case               saved_qinit
  q1..q7 [deg]     = [0.8, 12.1, -0.5, -130.9, -0.2, 142.9, 44.7] deg
  saved_qinit = [0.014777, 0.210911, -0.009320, -2.284835, -0.002725, 2.493410, 0.780694] rad
  q_init reached.

-- start pose ----------------------------------------------------------------
  q_start          = [0.9, 12.1, -0.5, -130.9, -0.1, 142.9, 44.7] deg
  p_start          = [    531.3,       2.5,     156.8] mm

==============================================================================
  RUN
==============================================================================

-- phase: approach_orient ----------------------------------------------------
  Kp [t1,t2,n]     = [    150.0,     150.0,     150.0] N/m
  Dp [t1,t2,n]     = [    133.7,      94.2,     128.3] Ns/m     auto (factor 1.90)
  KR [t1,t2,n]     = [    180.0,     180.0,      90.0] Nm/rad
  DR [t1,t2,n]     = [     15.3,      25.0,       2.0] Nms/rad  auto (factor 1.90)
orient:     t=  0.0 s | axis_err=  8.5 deg | spin_err=  0.5 deg
orient:     t=  0.2 s | axis_err=  7.3 deg | spin_err=  0.2 deg
orient:     t=  0.4 s | axis_err=  3.3 deg | spin_err=  0.2 deg
orient:     t=  0.6 s | axis_err=  1.0 deg | spin_err=  0.3 deg
orient:     t=  0.8 s | axis_err=  0.8 deg | spin_err=  0.3 deg

Orientation reached: axis_err=0.8 deg | spin_err=0.3 deg

-- phase: approach_descend ---------------------------------------------------
  Kp [t1,t2,n]     = [    150.0,     150.0,     150.0] N/m
  Dp [t1,t2,n]     = [    133.7,      94.2,     128.3] Ns/m     auto (factor 1.90)
  KR [t1,t2,n]     = [    180.0,     180.0,      90.0] Nm/rad
  DR [t1,t2,n]     = [     15.3,      25.0,       2.0] Nms/rad  auto (factor 1.90)
  descend to         20 mm clearance at 0.100 m/s
descend:    t=  0.0 s | distance=   0.1 mm | height=+122.1 mm (target 20.0) | force= -0.0 N
descend:    t=  0.2 s | distance=  20.2 mm | height=+111.6 mm (target 20.0) | force=  1.2 N
descend:    t=  0.4 s | distance=  40.3 mm | height= +96.8 mm (target 20.0) | force=  2.2 N
descend:    t=  0.6 s | distance=  60.4 mm | height= +80.7 mm (target 20.0) | force=  2.1 N
descend:    t=  0.8 s | distance=  80.5 mm | height= +63.8 mm (target 20.0) | force=  2.0 N
descend:    t=  1.0 s | distance= 100.6 mm | height= +47.5 mm (target 20.0) | force=  3.1 N
descend:    t=  1.2 s | distance= 120.7 mm | height= +31.0 mm (target 20.0) | force=  2.0 N

Clearance reached: distance=134.2 mm | height=20.0 mm | target=20.0 mm | force=3.1 N
  offset_ee        = [     20.0,      60.0,      20.0] mm
  p_EE_at_contact  = [    516.3,       1.5,      49.8] mm
  contact_point    = [    534.7,     -55.9,       1.4] mm
  edge_offset      = [     18.4,     -57.4,     -48.5] mm

-- phase: setup --------------------------------------------------------------

-- setup impedance -----------------------------------------------------------
  law                wrench = K_TCP*dx + D_TCP*dv
                     K_TCP  = Ad(r_c)^T * blkdiag(Kp,KR) * Ad(r_c)
  Kp [t1,t2,n]     = [   2000.0,    2000.0,     350.0] N/m
  Dp [t1,t2,n]     = [    231.2,     178.0,     112.1] Ns/m     auto
  KR [t1,t2,n]     = [      5.0,       5.0,      50.0] Nm/rad
  DR [t1,t2,n]     = [      1.5,       1.9,       1.2] Nms/rad  auto
  p_c [EE]         = [      0.0,       0.0,     -20.0] mm       commanded in the tool frame
  r_c [t1,t2,n]    = [     -0.7,       3.1,     -19.7] mm       p_TCP - p_c, in the plane
setup:     t=  0.0 s | ee=  0.0 deg | F=  0.1 N | M=  0.0 Nm (limit 150.0) | contact= 19.9 mm
setup:     t=  0.2 s | ee=  0.9 deg | F=  0.7 N | M=  0.7 Nm (limit 150.0) | contact=  7.9 mm
setup:     t=  0.4 s | ee=  1.7 deg | F= 15.9 N | M=  0.4 Nm (limit 150.0) | contact=  3.9 mm
setup:     t=  0.6 s | ee=  1.7 deg | F= 14.8 N | M=  1.0 Nm (limit 150.0) | contact=  4.0 mm
setup:     t=  0.8 s | ee=  1.7 deg | F= 20.1 N | M=  1.0 Nm (limit 150.0) | contact=  4.1 mm
setup:     t=  1.0 s | ee=  1.7 deg | F= 25.6 N | M=  1.1 Nm (limit 150.0) | contact=  4.2 mm
setup:     t=  1.2 s | ee=  1.7 deg | F= 31.3 N | M=  1.2 Nm (limit 150.0) | contact=  4.4 mm
setup:     t=  1.4 s | ee=  1.8 deg | F= 37.2 N | M=  1.1 Nm (limit 150.0) | contact=  4.5 mm
setup:     t=  1.6 s | ee=  1.8 deg | F= 42.7 N | M=  1.2 Nm (limit 150.0) | contact=  4.6 mm
setup:     t=  1.8 s | ee=  1.8 deg | F= 48.4 N | M=  1.3 Nm (limit 150.0) | contact=  4.8 mm
setup:     t=  2.0 s | ee=  1.8 deg | F= 53.5 N | M=  1.4 Nm (limit 150.0) | contact=  4.9 mm
setup:     t=  2.2 s | ee=  1.9 deg | F= 58.9 N | M=  1.3 Nm (limit 150.0) | contact=  5.1 mm
setup:     t=  2.4 s | ee=  2.0 deg | F= 65.2 N | M=  1.3 Nm (limit 150.0) | contact=  5.2 mm
setup:     t=  2.6 s | ee=  2.2 deg | F= 70.3 N | M=  1.6 Nm (limit 150.0) | contact=  5.3 mm
setup:     t=  2.8 s | ee=  2.5 deg | F= 75.5 N | M=  1.6 Nm (limit 150.0) | contact=  5.4 mm
setup:     t=  3.0 s | ee=  2.9 deg | F= 81.6 N | M=  1.9 Nm (limit 150.0) | contact=  5.6 mm
setup:     t=  3.2 s | ee=  4.5 deg | F= 85.4 N | M=  1.8 Nm (limit 150.0) | contact=  5.7 mm
setup:     t=  3.4 s | ee=  6.2 deg | F= 77.7 N | M=  1.5 Nm (limit 150.0) | contact=  5.6 mm
setup:     t=  3.6 s | ee=  7.4 deg | F= 78.2 N | M=  1.5 Nm (limit 150.0) | contact=  5.7 mm
setup:     t=  3.8 s | ee=  7.9 deg | F= 78.8 N | M=  1.2 Nm (limit 150.0) | contact=  5.7 mm
setup:     t=  4.0 s | ee=  7.9 deg | F= 78.9 N | M=  1.2 Nm (limit 150.0) | contact=  5.7 mm
setup:     t=  4.2 s | ee=  7.9 deg | F= 78.8 N | M=  1.2 Nm (limit 150.0) | contact=  5.7 mm
setup:     t=  4.4 s | ee=  7.9 deg | F= 78.9 N | M=  1.2 Nm (limit 150.0) | contact=  5.7 mm
setup:     t=  4.6 s | ee=  7.9 deg | F= 78.9 N | M=  1.2 Nm (limit 150.0) | contact=  5.7 mm
setup:     t=  4.8 s | ee=  7.9 deg | F= 78.9 N | M=  1.2 Nm (limit 150.0) | contact=  5.7 mm

==============================================================================
  SETUP RESULT
==============================================================================
  stop: time | t=5.0 s | ee=7.9 deg | F=78.9 N | M_TCP=1.2 Nm
  contact_from_start = [-3.8, +1.4, -4.0] mm | norm=5.7 mm
  tcp_from_contact  = [-21.3, +61.6, +17.7] mm | norm=67.5 mm
  deviation: before=9.31 deg | after=3.57 deg | gain=+5.74 deg
  t_align: not reached | tolerance=2.00 deg | hold=0.30 s
  deviation components [t1,t2,n] deg: before=[-9.29,-0.51,-0.00] | after=[-1.83,-3.07,+0.00]

-- setup surface-frame breakdown ---------------------------------------------
  frame              alignment-target [tangent1, tangent2, normal]
  force        [N]      = [    +1.85,    -15.23,    -77.37]
  tcp_disp     [mm]     = [    -2.37,     +5.00,    -30.71]
  contact_disp [mm]     = [    -3.71,     +1.51,     -4.02]
  Kp_eff=F/tcp [N/m]    = [   -782.7,   -3044.7,    2519.5]
  M_contact    [Nm]     = [    -4.20,     -0.15,     +0.31]
  ee_angle     [deg]    = [    +7.48,     -2.59,     +0.15]
  KR_eff=M/ang [Nm/rad] = [    -32.1,       3.4,     121.5]
  frame              tool face [length, width, tool axis]
  M_contact    [Nm]     = [    +0.17,     +4.21,     -0.09]

-- center of compliance ------------------------------------------------------
  definition         r_c = p_TCP - p_c
  p_TCP [x,y,z]    = [    513.4,       5.7,      19.0] mm
  p_c [EE]         = [      0.0,      -0.0,     -20.0] mm
  r_c [t1,t2,n]    = [     -1.6,       0.5,     -19.9] mm
                     p_c resolved at end of setup

-- effective TCP impedance ---------------------------------------------------
  K_TCP translation = [   1999.5,    1998.7,     351.8] N/m
  K_TCP rotation   = [      5.8,       5.8,      50.0] Nm/rad
  commanded KR was = [      5.0,       5.0,      50.0] Nm/rad   including lever contribution
  D_TCP translation = [    231.2,     178.0,     112.2] Ns/m
  D_TCP rotation   = [      1.6,       2.0,       1.2] Nms/rad
  coupling           max |moment per unit translation| = 39.9 Nm/m (K), 4.6 Nms/m (D)
  eigenvalues        K_TCP 5.00 .. 2001 | D_TCP 1.20 .. 231  (both positive: valid springs)

  K_TCP [N/m, Nm/rad | rows fx..mz, cols tx..rz]:
           tx        ty        tz    |    rx        ry        rz
  fx [    2000  -0.7871   -28.44 |   0.0144    39.86 -0.09101 ]
  fy [ -0.7871     1999   -45.62 |   -39.79   0.0729     3.88 ]
  fz [  -28.44   -45.62    351.8 |   0.9238   -1.249 -0.08729 ]
     ---------------------------+---------------------------
  mx [  0.0144   -39.79   0.9238 |    5.805  0.01996   0.6984 ]
  my [   39.86   0.0729   -1.249 |  0.01996     5.83    1.243 ]
  mz [-0.09101     3.88 -0.08729 |   0.6984    1.243    49.96 ]

  D_TCP [Ns/m, Nms/rad]:
           tx        ty        tz    |    rx        ry        rz
  fx [   231.2  -0.0568   -2.052 | 0.001039    4.605 -0.01045 ]
  fy [ -0.0568      178   -1.822 |   -3.543 0.002407   0.3455 ]
  fz [  -2.052   -1.822    112.2 |  0.04129  -0.2587 -0.003445 ]
     ---------------------------+---------------------------
  mx [0.001039   -3.543  0.04129 |     1.56 -0.0001961 -0.01181 ]
  my [   4.605 0.002407  -0.2587 | -0.0001961    1.989 -0.01941 ]
  mz [-0.01045   0.3455 -0.003445 | -0.01181 -0.01941    1.204 ]

[GATE] Set up finished (still pressing). Press Enter to start the grind (e+Enter stops).

Stop requested with e + Enter. Finishing control loop...

-- joint motion [deg] --------------------------------------------------------
  joint       start    final    delta
  q1            0.9      5.6     +4.7
  q2           12.1     30.2    +18.1
  q3           -0.5     -4.4     -3.8
  q4         -130.9   -128.5     +2.4
  q5           -0.1      4.9     +5.1
  q6          142.9    153.0    +10.2
  q7           44.7     42.6     -2.1

==============================================================================
  FINAL RESULT
==============================================================================
  p_d              = [    511.8,      -5.7,    -210.0] mm
  p_EE             = [    513.4,       5.7,      19.0] mm
  e_p              = [     -1.6,     -11.3,    -229.0] mm
  e_R              = [     7.48,     -2.58,      0.09] deg
------------------------------------------------------------------------------
  position error     229.33 mm
  rotation error     7.91 deg
  csv                logs/surface_grinding_controller_log.csv
------------------------------------------------------------------------------
