
==============================================================================
  SURFACE GRINDING CONTROLLER
==============================================================================
  robot              172.16.0.2
  parameters         /home/hm-panda/Desktop/Thesis_Final_Control/surface_grinding_controller/params
------------------------------------------------------------------------------

==============================================================================
  SURFACE GRINDING CONTROLLER - STARTUP MENU
==============================================================================

-- RUN MODES -----------------------------------------------------------------
  s      Run orientation, approach, setup, and grinding
  h      Cartesian pose hold at the initial posture
  t      Cartesian pose hold with the setup impedance
  g      Start manual guidance from the current robot pose

-- ROBOT PREPARATION ---------------------------------------------------------
  i      Move to the configured initial joint posture

-- GRIPPER AND TOOL ----------------------------------------------------------
  o      Open the gripper
  c      Grasp the tool
  r      Recalibrate the gripper with empty fingers
  f      Pick up the tool from the holder
  b      Return the tool to the holder

-- PROGRAM -------------------------------------------------------------------
  e      Exit
------------------------------------------------------------------------------
  During control: e = stop | m = startup menu | g = guidance
------------------------------------------------------------------------------
Selection [s/h/t/g/i/o/c/r/f/b/e]: 
-- SELECTED MODE: PHASE SEQUENCE ---------------------------------------------

-- moving to q_init ----------------------------------------------------------
  case               saved_qinit
  q1..q7 [deg]     = [0.8, 12.1, -0.5, -130.9, -0.2, 142.9, 44.7] deg
  saved_qinit = [0.014777, 0.210911, -0.009320, -2.284835, -0.002725, 2.493410, 0.780694] rad
  q_init reached.

-- start pose ----------------------------------------------------------------
  q_start          = [0.8, 12.1, -0.5, -130.9, -0.2, 142.8, 44.7] deg
  p_start          = [    531.1,       2.4,     156.7] mm

==============================================================================
  RUN
==============================================================================

-- phase: approach_orient ----------------------------------------------------
  Kp [t1,t2,n]     = [    150.0,     150.0,     150.0] N/m
  Dp [t1,t2,n]     = [    133.7,      94.2,     128.3] Ns/m     auto (factor 1.90)
  KR [t1,t2,n]     = [    180.0,     180.0,      90.0] Nm/rad
  DR [t1,t2,n]     = [     15.3,      25.0,       2.0] Nms/rad  auto (factor 1.90)
orient:     t=  0.0 s | axis_err= 12.4 deg | spin_err=  0.6 deg
orient:     t=  0.2 s | axis_err= 11.0 deg | spin_err=  0.4 deg
orient:     t=  0.4 s | axis_err=  7.7 deg | spin_err=  0.2 deg
orient:     t=  0.6 s | axis_err=  4.0 deg | spin_err=  0.1 deg
orient:     t=  0.8 s | axis_err=  1.5 deg | spin_err=  0.0 deg
orient:     t=  1.0 s | axis_err=  1.0 deg | spin_err=  0.0 deg

Orientation reached: axis_err=0.9 deg | spin_err=0.0 deg

-- phase: approach_descend ---------------------------------------------------
  Kp [t1,t2,n]     = [    150.0,     150.0,     150.0] N/m
  Dp [t1,t2,n]     = [    133.7,      94.2,     128.3] Ns/m     auto (factor 1.90)
  KR [t1,t2,n]     = [    180.0,     180.0,      90.0] Nm/rad
  DR [t1,t2,n]     = [     15.3,      25.0,       2.0] Nms/rad  auto (factor 1.90)
  descend to         20 mm clearance at 0.100 m/s
descend:    t=  0.0 s | distance=   0.1 mm | height=+126.0 mm (target 20.0) | force=  0.0 N
descend:    t=  0.2 s | distance=  20.2 mm | height=+114.2 mm (target 20.0) | force=  0.9 N
descend:    t=  0.4 s | distance=  40.3 mm | height= +97.9 mm (target 20.0) | force=  2.1 N
descend:    t=  0.6 s | distance=  60.4 mm | height= +80.7 mm (target 20.0) | force=  1.5 N
descend:    t=  0.8 s | distance=  80.5 mm | height= +63.3 mm (target 20.0) | force=  3.0 N
descend:    t=  1.0 s | distance= 100.6 mm | height= +46.0 mm (target 20.0) | force=  2.3 N
descend:    t=  1.2 s | distance= 120.7 mm | height= +28.3 mm (target 20.0) | force=  2.6 N

Clearance reached: distance=130.0 mm | height=20.0 mm | target=20.0 mm | force=1.5 N
  offset_ee        = [     20.0,      60.0,      20.0] mm
  p_EE_at_contact  = [    503.2,      -0.5,      44.1] mm
  contact_point    = [    517.9,     -61.6,       1.8] mm
  edge_offset      = [     14.8,     -61.2,     -42.3] mm

-- phase: setup --------------------------------------------------------------

-- setup impedance -----------------------------------------------------------
  law                wrench = K_TCP*dx + D_TCP*dv
                     K_TCP  = Ad(r_c)^T * blkdiag(Kp,KR) * Ad(r_c)
  Kp [t1,t2,n]     = [   2000.0,    2000.0,     350.0] N/m
  Dp [t1,t2,n]     = [    236.8,     176.3,     109.8] Ns/m     auto
  KR [t1,t2,n]     = [      5.0,       5.0,      50.0] Nm/rad
  DR [t1,t2,n]     = [      1.3,       2.2,       1.2] Nms/rad  auto
  p_c [EE]         = [    -10.0,       0.0,      -0.0] mm       commanded in the tool frame
  r_c [t1,t2,n]    = [      9.8,      -0.0,      -2.0] mm       p_TCP - p_c, in the plane
setup:     t=  0.0 s | ee=  0.0 deg | F=  0.1 N | M=  0.0 Nm (limit 150.0) | contact= 19.9 mm
setup:     t=  0.2 s | ee=  0.4 deg | F=  0.9 N | M=  0.4 Nm (limit 150.0) | contact=  7.2 mm
setup:     t=  0.4 s | ee=  1.0 deg | F= 20.3 N | M=  0.6 Nm (limit 150.0) | contact=  2.8 mm
setup:     t=  0.6 s | ee=  1.0 deg | F= 16.2 N | M=  0.6 Nm (limit 150.0) | contact=  2.8 mm
setup:     t=  0.8 s | ee=  1.0 deg | F= 20.8 N | M=  0.7 Nm (limit 150.0) | contact=  3.0 mm
setup:     t=  1.0 s | ee=  1.0 deg | F= 26.6 N | M=  0.9 Nm (limit 150.0) | contact=  3.2 mm
setup:     t=  1.2 s | ee=  1.0 deg | F= 32.3 N | M=  1.2 Nm (limit 150.0) | contact=  3.5 mm
setup:     t=  1.4 s | ee=  1.1 deg | F= 37.4 N | M=  1.1 Nm (limit 150.0) | contact=  4.0 mm
setup:     t=  1.6 s | ee=  1.2 deg | F= 43.3 N | M=  1.0 Nm (limit 150.0) | contact=  4.7 mm
setup:     t=  1.8 s | ee=  1.7 deg | F= 48.9 N | M=  1.1 Nm (limit 150.0) | contact=  6.1 mm
setup:     t=  2.0 s | ee=  1.7 deg | F= 54.2 N | M=  1.1 Nm (limit 150.0) | contact=  6.5 mm
setup:     t=  2.2 s | ee=  1.7 deg | F= 59.7 N | M=  1.0 Nm (limit 150.0) | contact=  6.9 mm
setup:     t=  2.4 s | ee=  1.8 deg | F= 65.6 N | M=  1.0 Nm (limit 150.0) | contact=  7.3 mm
setup:     t=  2.6 s | ee=  1.8 deg | F= 70.8 N | M=  1.0 Nm (limit 150.0) | contact=  7.5 mm
setup:     t=  2.8 s | ee=  1.8 deg | F= 76.2 N | M=  0.9 Nm (limit 150.0) | contact=  7.7 mm
setup:     t=  3.0 s | ee=  1.8 deg | F= 81.9 N | M=  0.9 Nm (limit 150.0) | contact=  7.8 mm
setup:     t=  3.2 s | ee=  1.8 deg | F= 87.2 N | M=  0.8 Nm (limit 150.0) | contact=  7.9 mm
setup:     t=  3.4 s | ee=  1.8 deg | F= 82.3 N | M=  0.9 Nm (limit 150.0) | contact=  7.8 mm
setup:     t=  3.6 s | ee=  1.8 deg | F= 82.2 N | M=  0.9 Nm (limit 150.0) | contact=  7.8 mm
setup:     t=  3.8 s | ee=  1.8 deg | F= 82.1 N | M=  0.9 Nm (limit 150.0) | contact=  7.8 mm
setup:     t=  4.0 s | ee=  1.8 deg | F= 81.9 N | M=  0.9 Nm (limit 150.0) | contact=  7.8 mm
setup:     t=  4.2 s | ee=  1.8 deg | F= 82.0 N | M=  0.9 Nm (limit 150.0) | contact=  7.8 mm
setup:     t=  4.4 s | ee=  1.8 deg | F= 82.0 N | M=  0.9 Nm (limit 150.0) | contact=  7.8 mm
setup:     t=  4.6 s | ee=  1.8 deg | F= 82.0 N | M=  0.9 Nm (limit 150.0) | contact=  7.8 mm
setup:     t=  4.8 s | ee=  1.8 deg | F= 81.9 N | M=  0.9 Nm (limit 150.0) | contact=  7.8 mm

==============================================================================
  SETUP RESULT
==============================================================================
  stop: time | t=5.0 s | ee=1.8 deg | F=81.9 N | M_TCP=0.9 Nm
  contact_from_start = [-3.6, -0.3, -7.0] mm | norm=7.8 mm
  tcp_from_contact  = [-18.6, +59.8, +17.0] mm | norm=64.8 mm
  deviation: before=10.06 deg | after=11.37 deg | gain=-1.30 deg
  t_align: not reached | tolerance=2.00 deg | hold=0.30 s
  t_align_fraction: not reached | fraction=0.50 of the deviation at contact
  deviation_min: 10.05 deg at t=0.01 s
  align_status: not_aligned
  deviation components [t1,t2,n] deg: before=[-0.51,-10.05,-0.00] | after=[-1.65,-11.24,+0.00]

-- setup surface-frame breakdown ---------------------------------------------
  frame              alignment-target [tangent1, tangent2, normal]
  force        [N]      = [    +6.81,     +1.73,    -81.57]
  tcp_disp     [mm]     = [    -3.39,     -0.71,    -25.40]
  contact_disp [mm]     = [    -3.46,     -0.06,     -7.04]
  Kp_eff=F/tcp [N/m]    = [  -2006.4,   -2450.1,    3211.3]
  M_contact    [Nm]     = [    -4.12,     -1.06,     -0.83]
  ee_angle     [deg]    = [    -1.24,     -1.19,     -0.43]
  KR_eff=M/ang [Nm/rad] = [    190.9,      51.2,     111.7]
  frame              tool face [length, width, tool axis]
  M_contact    [Nm]     = [    +1.06,     +3.89,     +1.59]

-- center of compliance ------------------------------------------------------
  definition         r_c = p_TCP - p_c
  p_TCP [x,y,z]    = [    499.3,      -1.9,      18.8] mm
  p_c [EE]         = [    -10.0,      -0.0,      -0.0] mm
  r_c [t1,t2,n]    = [      9.8,       0.1,      -2.2] mm
                     p_c resolved at end of setup

-- effective TCP impedance ---------------------------------------------------
  K_TCP translation = [   1999.5,    1998.7,     351.8] N/m
  K_TCP rotation   = [      5.0,       5.1,      50.1] Nm/rad
  commanded KR was = [      5.0,       5.0,      50.0] Nm/rad   including lever contribution
  D_TCP translation = [    236.7,     176.2,     109.9] Ns/m
  D_TCP rotation   = [      1.3,       2.2,       1.2] Nms/rad
  coupling           max |moment per unit translation| = 19.4 Nm/m (K), 1.7 Nms/m (D)
  eigenvalues        K_TCP 5.00 .. 2000 | D_TCP 1.19 .. 237  (both positive: valid springs)

  K_TCP [N/m, Nm/rad | rows fx..mz, cols tx..rz]:
           tx        ty        tz    |    rx        ry        rz
  fx [    2000  -0.7871   -28.44 | 0.003183    4.474      0.1 ]
  fy [ -0.7871     1999   -45.62 |   -4.746   -0.445   -19.41 ]
  fz [  -28.44   -45.62    351.8 |  0.09212    3.349   0.4418 ]
     ---------------------------+---------------------------
  mx [0.003183   -4.746  0.09212 |    5.025  0.02237   0.8217 ]
  my [   4.474   -0.445    3.349 |  0.02237    5.078    1.249 ]
  mz [     0.1   -19.41   0.4418 |   0.8217    1.249    50.14 ]

  D_TCP [Ns/m, Nms/rad]:
           tx        ty        tz    |    rx        ry        rz
  fx [   236.7 -0.06055   -2.188 | 0.0002449   0.5411  0.01152 ]
  fy [-0.06055    176.2   -1.837 |  -0.4186 -0.01799   -1.712 ]
  fz [  -2.188   -1.837    109.9 | -0.0007143    1.063  0.01774 ]
     ---------------------------+---------------------------
  mx [0.0002449  -0.4186 -0.0007143 |    1.294 -5.347e-05 0.002364 ]
  my [  0.5411 -0.01799    1.063 | -5.347e-05     2.23 -0.02813 ]
  mz [ 0.01152   -1.712  0.01774 | 0.002364 -0.02813    1.212 ]

[GATE] Set up finished (still pressing). Press Enter to start the grind (e+Enter stops).

Stop requested with e + Enter. Finishing control loop...

-- joint motion [deg] --------------------------------------------------------
  joint       start    final    delta
  q1            0.8     -0.4     -1.2
  q2           12.1     30.9    +18.8
  q3           -0.5      0.2     +0.7
  q4         -130.9   -125.2     +5.7
  q5           -0.2     -0.7     -0.6
  q6          142.8    142.4     -0.4
  q7           44.7     45.2     +0.4

==============================================================================
  FINAL RESULT
==============================================================================
  p_d              = [    498.7,      -7.7,    -215.8] mm
  p_EE             = [    499.3,      -1.9,      18.8] mm
  e_p              = [     -0.7,      -5.8,    -234.5] mm
  e_R              = [    -1.24,     -1.20,     -0.37] deg
------------------------------------------------------------------------------
  position error     234.59 mm
  rotation error     1.77 deg
  csv                logs/surface_grinding_controller_log.csv
------------------------------------------------------------------------------
