
==============================================================================
  SURFACE GRINDING CONTROLLER
==============================================================================
  robot              172.16.0.2
  parameters         /home/hm-panda/Desktop/Thesis_Final_Control/surface_grinding_controller/params
------------------------------------------------------------------------------

==============================================================================
  SURFACE GRINDING CONTROLLER - STARTUP MENU
==============================================================================

-- RUN MODES -----------------------------------------------------------------
  s      Run orientation, approach, setup, and grinding
  h      Cartesian pose hold at the initial posture
  t      Cartesian pose hold with the setup impedance
  g      Start manual guidance from the current robot pose

-- ROBOT PREPARATION ---------------------------------------------------------
  i      Move to the configured initial joint posture

-- GRIPPER AND TOOL ----------------------------------------------------------
  o      Open the gripper
  c      Grasp the tool
  r      Recalibrate the gripper with empty fingers
  f      Pick up the tool from the holder
  b      Return the tool to the holder

-- PROGRAM -------------------------------------------------------------------
  e      Exit
------------------------------------------------------------------------------
  During control: e = stop | m = startup menu | g = guidance
------------------------------------------------------------------------------
Selection [s/h/t/g/i/o/c/r/f/b/e]: 
-- SELECTED MODE: PHASE SEQUENCE ---------------------------------------------

-- moving to q_init ----------------------------------------------------------
  case               saved_qinit
  q1..q7 [deg]     = [0.8, 12.1, -0.5, -130.9, -0.2, 142.9, 44.7] deg
  saved_qinit = [0.014777, 0.210911, -0.009320, -2.284835, -0.002725, 2.493410, 0.780694] rad
  q_init reached.

-- start pose ----------------------------------------------------------------
  q_start          = [0.8, 12.1, -0.5, -130.9, -0.2, 142.9, 44.7] deg
  p_start          = [    531.3,       2.4,     156.7] mm

==============================================================================
  RUN
==============================================================================

-- phase: approach_orient ----------------------------------------------------
  Kp [t1,t2,n]     = [    150.0,     150.0,     150.0] N/m
  Dp [t1,t2,n]     = [    133.7,      94.2,     128.3] Ns/m     auto (factor 1.90)
  KR [t1,t2,n]     = [    300.0,     300.0,      90.0] Nm/rad
  DR [t1,t2,n]     = [     19.8,      32.3,       2.0] Nms/rad  auto (factor 1.90)
orient:     t=  0.0 s | axis_err=  2.9 deg | spin_err=  0.7 deg
orient:     t=  0.2 s | axis_err=  1.2 deg | spin_err=  0.0 deg
orient:     t=  0.4 s | axis_err=  0.5 deg | spin_err=  0.0 deg
orient:     t=  0.6 s | axis_err=  0.4 deg | spin_err=  0.0 deg
orient:     t=  0.8 s | axis_err=  0.4 deg | spin_err=  0.0 deg

Orientation reached: axis_err=0.4 deg | spin_err=0.0 deg

-- phase: approach_descend ---------------------------------------------------
  Kp [t1,t2,n]     = [    150.0,     150.0,     150.0] N/m
  Dp [t1,t2,n]     = [    133.7,      94.2,     128.3] Ns/m     auto (factor 1.90)
  KR [t1,t2,n]     = [    300.0,     300.0,      90.0] Nm/rad
  DR [t1,t2,n]     = [     19.8,      32.3,       2.0] Nms/rad  auto (factor 1.90)
  descend to         20 mm clearance at 0.100 m/s
descend:    t=  0.0 s | distance=   0.1 mm | height=+131.8 mm (target 20.0) | force= -0.0 N
descend:    t=  0.2 s | distance=  20.2 mm | height=+120.7 mm (target 20.0) | force= -0.2 N
descend:    t=  0.4 s | distance=  40.3 mm | height=+104.5 mm (target 20.0) | force=  1.0 N
descend:    t=  0.6 s | distance=  60.4 mm | height= +87.3 mm (target 20.0) | force=  0.8 N
descend:    t=  0.8 s | distance=  80.5 mm | height= +70.2 mm (target 20.0) | force=  1.6 N
descend:    t=  1.0 s | distance= 100.6 mm | height= +52.7 mm (target 20.0) | force=  1.2 N
descend:    t=  1.2 s | distance= 120.7 mm | height= +34.8 mm (target 20.0) | force=  1.5 N

Clearance reached: distance=137.4 mm | height=19.9 mm | target=20.0 mm | force=1.9 N
  offset_ee        = [     20.0,     -60.0,      20.0] mm
  p_EE_at_contact  = [    519.0,      -0.0,      40.7] mm
  contact_point    = [    537.7,      58.8,      -1.9] mm
  edge_offset      = [     18.8,      58.8,     -42.6] mm

-- phase: setup --------------------------------------------------------------

-- setup impedance -----------------------------------------------------------
  law                wrench = K_TCP*dx + D_TCP*dv
                     K_TCP  = Ad(r_c)^T * blkdiag(Kp,KR) * Ad(r_c)
  Kp [t1,t2,n]     = [   2000.0,    2000.0,     350.0] N/m
  Dp [t1,t2,n]     = [    232.4,     170.3,     112.7] Ns/m     auto
  KR [t1,t2,n]     = [      5.0,       5.0,      50.0] Nm/rad
  DR [t1,t2,n]     = [      1.3,       2.0,       0.8] Nms/rad  auto
  p_c [EE]         = [      0.0,      60.0,       0.1] mm       resolved in the tool frame
  r_c [t1,t2,n]    = [      0.0,      60.0,       0.0] mm       commanded: p_TCP - p_c, in the plane
setup:     t=  0.0 s | tip=  0.0 deg | F=  0.1 N | M=  0.0 Nm (limit 150.0) | contact= 19.8 mm
setup:     t=  0.2 s | tip=  0.6 deg | F=  0.3 N | M=  0.4 Nm (limit 150.0) | contact=  7.4 mm
setup:     t=  0.4 s | tip=  1.0 deg | F= 10.3 N | M=  5.8 Nm (limit 150.0) | contact=  2.3 mm
setup:     t=  0.6 s | tip=  1.0 deg | F= 14.1 N | M=  7.5 Nm (limit 150.0) | contact=  1.3 mm
setup:     t=  0.8 s | tip=  1.1 deg | F= 20.1 N | M= 10.8 Nm (limit 150.0) | contact=  1.0 mm
setup:     t=  1.0 s | tip=  1.3 deg | F= 24.9 N | M= 13.3 Nm (limit 150.0) | contact=  0.9 mm
setup:     t=  1.2 s | tip=  1.9 deg | F= 31.0 N | M= 16.4 Nm (limit 150.0) | contact=  1.4 mm
setup:     t=  1.4 s | tip=  1.9 deg | F= 37.3 N | M= 19.9 Nm (limit 150.0) | contact=  1.4 mm
setup:     t=  1.6 s | tip=  1.9 deg | F= 42.9 N | M= 22.7 Nm (limit 150.0) | contact=  1.5 mm
setup:     t=  1.8 s | tip=  1.9 deg | F= 48.6 N | M= 25.6 Nm (limit 150.0) | contact=  1.5 mm
setup:     t=  2.0 s | tip=  2.0 deg | F= 54.1 N | M= 28.4 Nm (limit 150.0) | contact=  1.6 mm
setup:     t=  2.2 s | tip=  2.0 deg | F= 59.4 N | M= 31.2 Nm (limit 150.0) | contact=  1.6 mm
setup:     t=  2.4 s | tip=  2.0 deg | F= 64.9 N | M= 34.0 Nm (limit 150.0) | contact=  1.7 mm
setup:     t=  2.6 s | tip=  2.0 deg | F= 70.5 N | M= 37.0 Nm (limit 150.0) | contact=  1.8 mm
setup:     t=  2.8 s | tip=  2.0 deg | F= 76.2 N | M= 39.9 Nm (limit 150.0) | contact=  1.9 mm
setup:     t=  3.0 s | tip=  2.0 deg | F= 81.9 N | M= 42.9 Nm (limit 150.0) | contact=  1.9 mm
setup:     t=  3.2 s | tip=  2.0 deg | F= 87.7 N | M= 45.8 Nm (limit 150.0) | contact=  2.1 mm
setup:     t=  3.4 s | tip=  2.0 deg | F= 82.2 N | M= 43.2 Nm (limit 150.0) | contact=  2.0 mm
setup:     t=  3.6 s | tip=  2.0 deg | F= 82.1 N | M= 43.1 Nm (limit 150.0) | contact=  2.0 mm
setup:     t=  3.8 s | tip=  2.0 deg | F= 82.1 N | M= 43.1 Nm (limit 150.0) | contact=  2.0 mm
setup:     t=  4.0 s | tip=  2.0 deg | F= 82.1 N | M= 43.1 Nm (limit 150.0) | contact=  2.0 mm
setup:     t=  4.2 s | tip=  2.0 deg | F= 82.0 N | M= 43.1 Nm (limit 150.0) | contact=  2.0 mm
setup:     t=  4.4 s | tip=  2.0 deg | F= 82.0 N | M= 43.0 Nm (limit 150.0) | contact=  2.0 mm
setup:     t=  4.6 s | tip=  2.0 deg | F= 82.0 N | M= 43.0 Nm (limit 150.0) | contact=  2.0 mm
setup:     t=  4.8 s | tip=  2.0 deg | F= 81.9 N | M= 43.0 Nm (limit 150.0) | contact=  2.0 mm

==============================================================================
  SETUP RESULT
==============================================================================
  stop: time | t=5.0 s | tip=2.0 deg | F=81.9 N | M=43.0 Nm
  contact_from_start = [-1.7, +0.4, -0.9] mm | norm=2.0 mm
  tcp_from_contact  = [-20.4, -59.5, +20.5] mm | norm=66.2 mm
  alignment: before=0.35 deg | after=2.38 deg | gain=-2.03 deg
  alignment components [t1,t2,n] deg: before=[-0.32,-0.14,+0.00] | after=[-1.91,-1.42,+0.00]

-- setup surface-frame breakdown ---------------------------------------------
  frame              alignment-target [tangent1, tangent2, normal]
  force        [N]      = [    +1.61,     +0.67,    -81.84]
  tcp_disp     [mm]     = [    -1.28,     -0.12,    -22.10]
  contact_disp [mm]     = [    -1.70,     +0.43,     -0.92]
  Kp_eff=F/tcp [N/m]    = [  -1258.0,   -5748.2,    3702.9]
  M_contact    [Nm]     = [    +9.84,    +41.17,     +0.46]
  tip_angle    [deg]    = [    -1.59,     -1.28,     +0.02]
  KR_eff=M/ang [Nm/rad] = [   -354.6,   -1845.8,       n/a]
  frame              tool face [length, width, tool axis]
  M_contact    [Nm]     = [   -41.18,     -9.79,     +0.67]

-- center of compliance ------------------------------------------------------
  definition         r_c = p_TCP - p_c
  p_TCP [x,y,z]    = [    517.3,      -0.7,      18.6] mm
  p_c [EE]         = [      0.0,      60.0,      -1.6] mm
  r_c [t1,t2,n]    = [      0.0,      60.0,       0.0] mm
                     p_c resolved at end of setup

-- effective TCP impedance ---------------------------------------------------
  K_TCP translation = [   1999.5,    1998.7,     351.8] N/m
  K_TCP rotation   = [      6.3,       5.0,      57.1] Nm/rad
  commanded KR was = [      5.0,       5.0,      50.0] Nm/rad   including lever contribution
  D_TCP translation = [    232.4,     170.3,     112.8] Ns/m
  D_TCP rotation   = [      1.7,       2.0,       1.6] Nms/rad
  coupling           max |moment per unit translation| = 119.9 Nm/m (K), 13.9 Nms/m (D)
  eigenvalues        K_TCP 4.98 .. 2007 | D_TCP 0.79 .. 233  (both positive: valid springs)

  K_TCP [N/m, Nm/rad | rows fx..mz, cols tx..rz]:
           tx        ty        tz    |    rx        ry        rz
  fx [    2000  -0.7871   -28.44 |    1.707    3.319    119.9 ]
  fy [ -0.7871     1999   -45.62 |  -0.5818 -0.001307 -0.04721 ]
  fz [  -28.44   -45.62    351.8 |   -21.02 -0.04721   -1.706 ]
     ---------------------------+---------------------------
  mx [   1.707  -0.5818   -21.02 |    6.275   0.0243    0.878 ]
  my [   3.319 -0.001307 -0.04721 |   0.0243     5.04    1.443 ]
  mz [   119.9 -0.04721   -1.706 |    0.878    1.443    57.14 ]

  D_TCP [Ns/m, Nms/rad]:
           tx        ty        tz    |    rx        ry        rz
  fx [   232.4 -0.05709   -2.063 |   0.1238   0.3857    13.94 ]
  fy [-0.05709    170.3   -1.592 |  -0.1872 -9.477e-05 -0.003424 ]
  fz [  -2.063   -1.592    112.8 |   -6.763 -0.003424  -0.1237 ]
     ---------------------------+---------------------------
  mx [  0.1238  -0.1872   -6.763 |    1.702 -3.447e-05 -0.001245 ]
  my [  0.3857 -9.477e-05 -0.003424 | -3.447e-05    2.021 -0.01084 ]
  mz [   13.94 -0.003424  -0.1237 | -0.001245 -0.01084     1.63 ]

[GATE] Set up finished (still pressing). Press Enter to start the grind (e+Enter stops).

Stop requested with e + Enter. Finishing control loop...

-- joint motion [deg] --------------------------------------------------------
  joint       start    final    delta
  q1            0.8     -1.0     -1.8
  q2           12.1     30.3    +18.1
  q3           -0.5      0.8     +1.3
  q4         -130.9   -129.0     +2.0
  q5           -0.2     -1.1     -1.0
  q6          142.9    155.3    +12.4
  q7           44.7     45.9     +1.1

==============================================================================
  FINAL RESULT
==============================================================================
  p_d              = [    514.5,      -7.2,    -219.1] mm
  p_EE             = [    517.3,      -0.7,      18.6] mm
  e_p              = [     -2.8,      -6.5,    -237.7] mm
  e_R              = [    -1.59,     -1.28,      0.09] deg
------------------------------------------------------------------------------
  position error     237.85 mm
  rotation error     2.04 deg
  csv                logs/surface_grinding_controller_log.csv
------------------------------------------------------------------------------
