
==============================================================================
  SURFACE GRINDING CONTROLLER
==============================================================================
  robot              172.16.0.2
  parameters         /home/hm-panda/Desktop/Thesis_Final_Control/surface_grinding_controller/params
------------------------------------------------------------------------------

==============================================================================
  SURFACE GRINDING CONTROLLER - STARTUP MENU
==============================================================================

-- RUN MODES -----------------------------------------------------------------
  s      Run orientation, approach, setup, and grinding
  h      Cartesian pose hold at the initial posture
  t      Cartesian pose hold with the setup impedance
  g      Start manual guidance from the current robot pose

-- ROBOT PREPARATION ---------------------------------------------------------
  i      Move to the configured initial joint posture

-- GRIPPER AND TOOL ----------------------------------------------------------
  o      Open the gripper
  c      Grasp the tool
  r      Recalibrate the gripper with empty fingers
  f      Pick up the tool from the holder
  b      Return the tool to the holder

-- PROGRAM -------------------------------------------------------------------
  e      Exit
------------------------------------------------------------------------------
  During control: e = stop | m = startup menu | g = guidance
------------------------------------------------------------------------------
Selection [s/h/t/g/i/o/c/r/f/b/e]: 
-- SELECTED MODE: PHASE SEQUENCE ---------------------------------------------

-- moving to q_init ----------------------------------------------------------
  case               saved_qinit
  q1..q7 [deg]     = [0.8, 12.1, -0.5, -130.9, -0.2, 142.9, 44.7] deg
  saved_qinit = [0.014777, 0.210911, -0.009320, -2.284835, -0.002725, 2.493410, 0.780694] rad
  q_init reached.

-- start pose ----------------------------------------------------------------
  q_start          = [0.8, 12.1, -0.5, -130.9, -0.2, 142.9, 44.7] deg
  p_start          = [    531.0,       2.4,     156.5] mm

==============================================================================
  RUN
==============================================================================

-- phase: approach_orient ----------------------------------------------------
  Kp [t1,t2,n]     = [    150.0,     150.0,     150.0] N/m
  Dp [t1,t2,n]     = [    133.6,      94.2,     128.4] Ns/m     auto (factor 1.90)
  KR [t1,t2,n]     = [    180.0,     180.0,      90.0] Nm/rad
  DR [t1,t2,n]     = [     15.3,      25.0,       2.0] Nms/rad  auto (factor 1.90)
orient:     t=  0.0 s | axis_err=  7.9 deg | spin_err=  0.9 deg
orient:     t=  0.2 s | axis_err=  6.4 deg | spin_err=  0.7 deg
orient:     t=  0.4 s | axis_err=  3.2 deg | spin_err=  0.3 deg
orient:     t=  0.6 s | axis_err=  1.4 deg | spin_err=  0.2 deg
orient:     t=  0.8 s | axis_err=  1.0 deg | spin_err=  0.2 deg
orient:     t=  1.0 s | axis_err=  0.9 deg | spin_err=  0.2 deg
orient:     t=  1.2 s | axis_err=  0.9 deg | spin_err=  0.2 deg

Orientation reached: axis_err=0.9 deg | spin_err=0.2 deg

-- phase: approach_descend ---------------------------------------------------
  Kp [t1,t2,n]     = [    150.0,     150.0,     150.0] N/m
  Dp [t1,t2,n]     = [    133.6,      94.2,     128.4] Ns/m     auto (factor 1.90)
  KR [t1,t2,n]     = [    180.0,     180.0,      90.0] Nm/rad
  DR [t1,t2,n]     = [     15.3,      25.0,       2.0] Nms/rad  auto (factor 1.90)
  descend to         20 mm clearance at 0.100 m/s
descend:    t=  0.0 s | distance=   0.1 mm | height=+136.4 mm (target 20.0) | force=  0.0 N
descend:    t=  0.2 s | distance=  20.2 mm | height=+125.4 mm (target 20.0) | force=  0.2 N
descend:    t=  0.4 s | distance=  40.3 mm | height=+108.3 mm (target 20.0) | force=  0.1 N
descend:    t=  0.6 s | distance=  60.4 mm | height= +90.5 mm (target 20.0) | force=  0.8 N
descend:    t=  0.8 s | distance=  80.5 mm | height= +72.1 mm (target 20.0) | force=  0.7 N
descend:    t=  1.0 s | distance= 100.6 mm | height= +53.4 mm (target 20.0) | force= -0.6 N
descend:    t=  1.2 s | distance= 120.7 mm | height= +34.5 mm (target 20.0) | force=  0.8 N

Clearance reached: distance=136.3 mm | height=19.9 mm | target=20.0 mm | force=-1.5 N
  offset_ee        = [    -20.0,      60.0,      20.0] mm
  p_EE_at_contact  = [    534.5,      -4.4,      42.9] mm
  contact_point    = [    517.0,     -65.5,       1.9] mm
  edge_offset      = [    -17.6,     -61.0,     -41.0] mm

-- phase: setup --------------------------------------------------------------

-- setup impedance -----------------------------------------------------------
  law                wrench = K_TCP*dx + D_TCP*dv
                     K_TCP  = Ad(r_c)^T * blkdiag(Kp,KR) * Ad(r_c)
  Kp [t1,t2,n]     = [   2000.0,    2000.0,     350.0] N/m
  Dp [t1,t2,n]     = [    227.7,     160.2,     115.6] Ns/m     auto
  KR [t1,t2,n]     = [      5.0,       5.0,      50.0] Nm/rad
  DR [t1,t2,n]     = [      1.6,       1.9,       1.0] Nms/rad  auto
  p_c [EE]         = [    -10.0,       0.0,       0.0] mm       commanded in the tool frame
  r_c [t1,t2,n]    = [      9.9,       0.0,       1.4] mm       p_TCP - p_c, in the plane
setup:     t=  0.0 s | ee=  0.0 deg | F=  0.1 N | M=  0.0 Nm (limit 150.0) | contact= 19.8 mm
setup:     t=  0.2 s | ee=  0.6 deg | F=  1.8 N | M=  0.7 Nm (limit 150.0) | contact=  6.7 mm
setup:     t=  0.4 s | ee=  1.1 deg | F= 14.9 N | M=  0.5 Nm (limit 150.0) | contact=  1.6 mm
setup:     t=  0.6 s | ee=  1.1 deg | F= 17.6 N | M=  0.4 Nm (limit 150.0) | contact=  1.7 mm
setup:     t=  0.8 s | ee=  1.1 deg | F= 23.4 N | M=  0.4 Nm (limit 150.0) | contact=  1.9 mm
setup:     t=  1.0 s | ee=  1.1 deg | F= 28.9 N | M=  0.5 Nm (limit 150.0) | contact=  2.1 mm
setup:     t=  1.2 s | ee=  1.2 deg | F= 34.8 N | M=  0.7 Nm (limit 150.0) | contact=  2.3 mm
setup:     t=  1.4 s | ee=  1.2 deg | F= 40.6 N | M=  0.8 Nm (limit 150.0) | contact=  2.5 mm
setup:     t=  1.6 s | ee=  1.2 deg | F= 45.7 N | M=  1.0 Nm (limit 150.0) | contact=  2.7 mm
setup:     t=  1.8 s | ee=  1.2 deg | F= 51.0 N | M=  1.1 Nm (limit 150.0) | contact=  2.9 mm
setup:     t=  2.0 s | ee=  1.2 deg | F= 57.0 N | M=  1.2 Nm (limit 150.0) | contact=  3.1 mm
setup:     t=  2.2 s | ee=  1.3 deg | F= 62.3 N | M=  1.3 Nm (limit 150.0) | contact=  3.4 mm
setup:     t=  2.4 s | ee=  1.3 deg | F= 68.0 N | M=  1.3 Nm (limit 150.0) | contact=  3.6 mm
setup:     t=  2.6 s | ee=  1.3 deg | F= 73.4 N | M=  1.4 Nm (limit 150.0) | contact=  3.8 mm
setup:     t=  2.8 s | ee=  1.3 deg | F= 79.1 N | M=  1.6 Nm (limit 150.0) | contact=  4.0 mm
setup:     t=  3.0 s | ee=  1.3 deg | F= 84.3 N | M=  1.6 Nm (limit 150.0) | contact=  4.2 mm
setup:     t=  3.2 s | ee=  1.3 deg | F= 89.5 N | M=  1.6 Nm (limit 150.0) | contact=  4.3 mm
setup:     t=  3.4 s | ee=  1.3 deg | F= 84.9 N | M=  1.6 Nm (limit 150.0) | contact=  4.2 mm
setup:     t=  3.6 s | ee=  1.3 deg | F= 84.8 N | M=  1.5 Nm (limit 150.0) | contact=  4.2 mm
setup:     t=  3.8 s | ee=  1.3 deg | F= 84.6 N | M=  1.5 Nm (limit 150.0) | contact=  4.2 mm
setup:     t=  4.0 s | ee=  1.3 deg | F= 84.7 N | M=  1.5 Nm (limit 150.0) | contact=  4.2 mm
setup:     t=  4.2 s | ee=  1.3 deg | F= 84.6 N | M=  1.5 Nm (limit 150.0) | contact=  4.2 mm
setup:     t=  4.4 s | ee=  1.3 deg | F= 84.5 N | M=  1.5 Nm (limit 150.0) | contact=  4.2 mm
setup:     t=  4.6 s | ee=  1.3 deg | F= 84.5 N | M=  1.5 Nm (limit 150.0) | contact=  4.2 mm
setup:     t=  4.8 s | ee=  1.3 deg | F= 84.5 N | M=  1.5 Nm (limit 150.0) | contact=  4.2 mm

==============================================================================
  SETUP RESULT
==============================================================================
  stop: time | t=5.0 s | ee=1.3 deg | F=84.4 N | M_TCP=1.4 Nm
  contact_from_start = [-2.6, -0.4, -3.3] mm | norm=4.2 mm
  tcp_from_contact  = [+15.2, +60.0, +17.8] mm | norm=64.4 mm
  deviation: before=9.59 deg | after=8.35 deg | gain=+1.25 deg
  t_align: not reached | tolerance=2.00 deg | hold=0.30 s
  t_align_fraction: not reached | fraction=0.50 of the deviation at contact
  deviation_min: 8.33 deg at t=3.26 s
  align_status: not_aligned
  deviation components [t1,t2,n] deg: before=[-0.84,+9.56,+0.00] | after=[-1.17,+8.26,+0.00]

-- setup surface-frame breakdown ---------------------------------------------
  frame              alignment-target [tangent1, tangent2, normal]
  force        [N]      = [    +5.18,     +2.03,    -84.22]
  tcp_disp     [mm]     = [    -1.99,     -0.41,    -23.32]
  contact_disp [mm]     = [    -2.56,     -0.26,     -3.37]
  Kp_eff=F/tcp [N/m]    = [  -2596.9,   -4899.2,    3611.2]
  M_contact    [Nm]     = [    -6.49,     +1.48,     -0.57]
  ee_angle     [deg]    = [    -0.35,     -1.30,     +0.05]
  KR_eff=M/ang [Nm/rad] = [   1073.0,     -65.6,    -707.6]
  frame              tool face [length, width, tool axis]
  M_contact    [Nm]     = [    -1.49,     +6.50,     -0.34]

-- center of compliance ------------------------------------------------------
  definition         r_c = p_TCP - p_c
  p_TCP [x,y,z]    = [    532.1,      -5.5,      19.7] mm
  p_c [EE]         = [    -10.0,      -0.0,       0.0] mm
  r_c [t1,t2,n]    = [      9.9,       0.0,       1.2] mm
                     p_c resolved at end of setup

-- effective TCP impedance ---------------------------------------------------
  K_TCP translation = [   1999.5,    1998.7,     351.8] N/m
  K_TCP rotation   = [      5.0,       5.1,      50.2] Nm/rad
  commanded KR was = [      5.0,       5.0,      50.0] Nm/rad   including lever contribution
  D_TCP translation = [    227.7,     160.2,     115.7] Ns/m
  D_TCP rotation   = [      1.6,       2.0,       1.0] Nms/rad
  coupling           max |moment per unit translation| = 19.9 Nm/m (K), 1.6 Nms/m (D)
  eigenvalues        K_TCP 5.00 .. 2000 | D_TCP 1.01 .. 228  (both positive: valid springs)

  K_TCP [N/m, Nm/rad | rows fx..mz, cols tx..rz]:
           tx        ty        tz    |    rx        ry        rz
  fx [    2000  -0.7871   -28.44 | 0.0001006    -2.29  0.07045 ]
  fy [ -0.7871     1999   -45.62 |    2.008  -0.4531   -19.89 ]
  fz [  -28.44   -45.62    351.8 | -0.05681    3.528    0.453 ]
     ---------------------------+---------------------------
  mx [0.0001006    2.008 -0.05681 |    5.015   0.0209   0.7556 ]
  my [   -2.29  -0.4531    3.528 |   0.0209    5.072    1.249 ]
  mz [ 0.07045   -19.89    0.453 |   0.7556    1.249    50.15 ]

  D_TCP [Ns/m, Nms/rad]:
           tx        ty        tz    |    rx        ry        rz
  fx [   227.7  -0.0535   -1.933 | 6.837e-06  -0.2478 0.007664 ]
  fy [ -0.0535    160.2   -1.234 |   0.1608 -0.01222   -1.594 ]
  fz [  -1.933   -1.234    115.7 | -0.004861    1.153  0.01221 ]
     ---------------------------+---------------------------
  mx [6.837e-06   0.1608 -0.004861 |    1.629 -0.0003426 -0.01223 ]
  my [ -0.2478 -0.01222    1.153 | -0.0003426     1.95 -0.02551 ]
  mz [0.007664   -1.594  0.01221 | -0.01223 -0.02551    1.029 ]

[GATE] Set up finished (still pressing). Press Enter to start the grind (e+Enter stops).

Stop requested with e + Enter. Finishing control loop...

-- joint motion [deg] --------------------------------------------------------
  joint       start    final    delta
  q1            0.8      0.6     -0.2
  q2           12.1     30.6    +18.5
  q3           -0.5     -1.1     -0.6
  q4         -130.9   -132.3     -1.4
  q5           -0.2     -1.0     -0.8
  q6          142.9    168.7    +25.8
  q7           44.7     45.5     +0.8

==============================================================================
  FINAL RESULT
==============================================================================
  p_d              = [    530.1,     -11.6,    -216.9] mm
  p_EE             = [    532.1,      -5.5,      19.7] mm
  e_p              = [     -2.1,      -6.1,    -236.5] mm
  e_R              = [    -0.35,     -1.30,      0.09] deg
------------------------------------------------------------------------------
  position error     236.61 mm
  rotation error     1.34 deg
  csv                logs/surface_grinding_controller_log.csv
------------------------------------------------------------------------------
