
==============================================================================
  SURFACE GRINDING CONTROLLER
==============================================================================
  robot              172.16.0.2
  parameters         /home/hm-panda/Desktop/Thesis_Final_Control/surface_grinding_controller/params
------------------------------------------------------------------------------

==============================================================================
  SURFACE GRINDING CONTROLLER - STARTUP MENU
==============================================================================

-- RUN MODES -----------------------------------------------------------------
  s      Run orientation, approach, setup, and grinding
  h      Cartesian pose hold at the initial posture
  t      Cartesian pose hold with the setup impedance
  g      Start manual guidance from the current robot pose

-- ROBOT PREPARATION ---------------------------------------------------------
  i      Move to the configured initial joint posture

-- GRIPPER AND TOOL ----------------------------------------------------------
  o      Open the gripper
  c      Grasp the tool
  r      Recalibrate the gripper with empty fingers
  f      Pick up the tool from the holder
  b      Return the tool to the holder

-- PROGRAM -------------------------------------------------------------------
  e      Exit
------------------------------------------------------------------------------
  During control: e = stop | m = startup menu | g = guidance
------------------------------------------------------------------------------
Selection [s/h/t/g/i/o/c/r/f/b/e]: 
-- SELECTED MODE: PHASE SEQUENCE ---------------------------------------------

-- moving to q_init ----------------------------------------------------------
  case               saved_qinit
  q1..q7 [deg]     = [0.8, 12.1, -0.5, -130.9, -0.2, 142.9, 44.7] deg
  saved_qinit = [0.014777, 0.210911, -0.009320, -2.284835, -0.002725, 2.493410, 0.780694] rad
  q_init reached.

-- start pose ----------------------------------------------------------------
  q_start          = [0.9, 12.1, -0.5, -130.9, -0.1, 142.9, 44.7] deg
  p_start          = [    531.3,       2.5,     156.8] mm

==============================================================================
  RUN
==============================================================================

-- phase: approach_orient ----------------------------------------------------
  Kp [t1,t2,n]     = [    150.0,     150.0,     150.0] N/m
  Dp [t1,t2,n]     = [    133.7,      94.2,     128.3] Ns/m     auto (factor 1.90)
  KR [t1,t2,n]     = [     90.0,      90.0,      90.0] Nm/rad
  DR [t1,t2,n]     = [     10.8,      17.7,       2.0] Nms/rad  auto (factor 1.90)
orient:     t=  0.0 s | axis_err=  3.7 deg | spin_err=  0.7 deg
orient:     t=  0.2 s | axis_err=  3.0 deg | spin_err=  0.3 deg
orient:     t=  0.4 s | axis_err=  1.8 deg | spin_err=  0.2 deg

Orientation reached: axis_err=1.5 deg | spin_err=0.1 deg

-- phase: approach_descend ---------------------------------------------------
  Kp [t1,t2,n]     = [    150.0,     150.0,     150.0] N/m
  Dp [t1,t2,n]     = [    133.7,      94.2,     128.3] Ns/m     auto (factor 1.90)
  KR [t1,t2,n]     = [     90.0,      90.0,      90.0] Nm/rad
  DR [t1,t2,n]     = [     10.8,      17.7,       2.0] Nms/rad  auto (factor 1.90)
  descend to         20 mm clearance at 0.100 m/s
descend:    t=  0.0 s | distance=   0.1 mm | height=+130.4 mm (target 20.0) | force=  0.0 N
descend:    t=  0.2 s | distance=  20.1 mm | height=+118.8 mm (target 20.0) | force=  0.8 N
descend:    t=  0.4 s | distance=  40.1 mm | height=+102.8 mm (target 20.0) | force=  2.1 N
descend:    t=  0.6 s | distance=  60.2 mm | height= +85.5 mm (target 20.0) | force=  2.2 N
descend:    t=  0.8 s | distance=  80.3 mm | height= +67.3 mm (target 20.0) | force=  2.2 N
descend:    t=  1.0 s | distance= 100.4 mm | height= +49.5 mm (target 20.0) | force=  2.2 N
descend:    t=  1.2 s | distance= 120.5 mm | height= +31.5 mm (target 20.0) | force=  2.2 N

Clearance reached: distance=133.5 mm | height=20.0 mm | target=20.0 mm | force=2.1 N
  offset_ee        = [     20.0,      60.0,      20.0] mm
  p_EE_at_contact  = [    520.0,       2.9,      44.1] mm
  contact_point    = [    539.0,     -56.8,       1.3] mm
  edge_offset      = [     19.0,     -59.7,     -42.8] mm

-- phase: setup --------------------------------------------------------------

-- setup impedance -----------------------------------------------------------
  law                wrench = K_TCP*dx + D_TCP*dv
                     K_TCP  = Ad(r_c)^T * blkdiag(Kp,KR) * Ad(r_c)
  Kp [t1,t2,n]     = [   2000.0,    2000.0,     350.0] N/m
  Dp [t1,t2,n]     = [    231.5,     171.9,     112.9] Ns/m     auto
  KR [t1,t2,n]     = [      5.0,       5.0,      50.0] Nm/rad
  DR [t1,t2,n]     = [      1.4,       2.0,       0.9] Nms/rad  auto
  p_c [EE]         = [     -0.0,     -60.0,       0.0] mm       commanded in the tool frame
  r_c [t1,t2,n]    = [     -0.0,     -59.9,      -4.0] mm       p_TCP - p_c, in the plane
setup:     t=  0.0 s | tip=  0.0 deg | F=  0.1 N | M=  0.0 Nm (limit 150.0) | contact= 19.9 mm
setup:     t=  0.2 s | tip=  0.7 deg | F=  1.3 N | M=  0.8 Nm (limit 150.0) | contact=  7.5 mm
setup:     t=  0.4 s | tip=  1.4 deg | F= 18.9 N | M=  9.9 Nm (limit 150.0) | contact=  2.8 mm
setup:     t=  0.6 s | tip=  1.4 deg | F= 15.2 N | M=  8.3 Nm (limit 150.0) | contact=  2.9 mm
setup:     t=  0.8 s | tip=  1.5 deg | F= 20.3 N | M= 10.9 Nm (limit 150.0) | contact=  3.0 mm
setup:     t=  1.0 s | tip=  1.6 deg | F= 25.6 N | M= 13.6 Nm (limit 150.0) | contact=  3.1 mm
setup:     t=  1.2 s | tip=  2.6 deg | F= 27.8 N | M= 14.9 Nm (limit 150.0) | contact=  3.3 mm
setup:     t=  1.4 s | tip=  3.1 deg | F= 35.6 N | M= 19.3 Nm (limit 150.0) | contact=  3.4 mm
setup:     t=  1.6 s | tip=  3.1 deg | F= 41.4 N | M= 22.2 Nm (limit 150.0) | contact=  3.6 mm
setup:     t=  1.8 s | tip=  3.1 deg | F= 47.3 N | M= 25.2 Nm (limit 150.0) | contact=  3.7 mm
setup:     t=  2.0 s | tip=  3.1 deg | F= 53.0 N | M= 28.1 Nm (limit 150.0) | contact=  3.8 mm
setup:     t=  2.2 s | tip=  3.1 deg | F= 58.5 N | M= 31.0 Nm (limit 150.0) | contact=  4.0 mm
setup:     t=  2.4 s | tip=  3.2 deg | F= 63.9 N | M= 33.8 Nm (limit 150.0) | contact=  4.1 mm
setup:     t=  2.6 s | tip=  3.2 deg | F= 69.3 N | M= 36.6 Nm (limit 150.0) | contact=  4.2 mm
setup:     t=  2.8 s | tip=  3.2 deg | F= 74.8 N | M= 39.5 Nm (limit 150.0) | contact=  4.3 mm
setup:     t=  3.0 s | tip=  3.2 deg | F= 80.4 N | M= 42.4 Nm (limit 150.0) | contact=  4.4 mm
setup:     t=  3.2 s | tip=  3.3 deg | F= 86.1 N | M= 45.4 Nm (limit 150.0) | contact=  4.5 mm
setup:     t=  3.4 s | tip=  3.3 deg | F= 80.9 N | M= 42.8 Nm (limit 150.0) | contact=  4.4 mm
setup:     t=  3.6 s | tip=  3.3 deg | F= 80.8 N | M= 42.8 Nm (limit 150.0) | contact=  4.4 mm
setup:     t=  3.8 s | tip=  3.3 deg | F= 80.8 N | M= 42.8 Nm (limit 150.0) | contact=  4.4 mm
setup:     t=  4.0 s | tip=  3.3 deg | F= 80.7 N | M= 42.7 Nm (limit 150.0) | contact=  4.4 mm
setup:     t=  4.2 s | tip=  3.3 deg | F= 80.7 N | M= 42.7 Nm (limit 150.0) | contact=  4.4 mm
setup:     t=  4.4 s | tip=  3.3 deg | F= 80.7 N | M= 42.7 Nm (limit 150.0) | contact=  4.4 mm
setup:     t=  4.6 s | tip=  3.3 deg | F= 80.7 N | M= 42.7 Nm (limit 150.0) | contact=  4.4 mm
setup:     t=  4.8 s | tip=  3.3 deg | F= 80.6 N | M= 42.7 Nm (limit 150.0) | contact=  4.4 mm

==============================================================================
  SETUP RESULT
==============================================================================
  stop: time | t=5.0 s | tip=3.3 deg | F=80.6 N | M=42.7 Nm
  contact_from_start = [-3.1, +0.1, -3.2] mm | norm=4.4 mm
  tcp_from_contact  = [-21.4, +60.5, +17.3] mm | norm=66.4 mm
  alignment: before=3.84 deg | after=2.56 deg | gain=+1.28 deg
  alignment components [t1,t2,n] deg: before=[-3.79,-0.60,+0.00] | after=[-1.06,-2.33,+0.00]

-- setup surface-frame breakdown ---------------------------------------------
  frame              alignment-target [tangent1, tangent2, normal]
  force        [N]      = [    +3.51,     -2.55,    -80.51]
  tcp_disp     [mm]     = [    -2.00,     +1.41,    -25.51]
  contact_disp [mm]     = [    -3.00,     +0.21,     -3.27]
  Kp_eff=F/tcp [N/m]    = [  -1758.0,   -1811.5,    3156.2]
  M_contact    [Nm]     = [   -10.08,    +40.91,     -1.46]
  tip_angle    [deg]    = [    +2.74,     -1.74,     +0.29]
  KR_eff=M/ang [Nm/rad] = [   -210.9,   -1346.6,    -286.1]
  frame              tool face [length, width, tool axis]
  M_contact    [Nm]     = [   -40.80,    +10.26,     +2.62]

-- center of compliance ------------------------------------------------------
  definition         r_c = p_TCP - p_c
  p_TCP [x,y,z]    = [    517.6,       3.6,      18.6] mm
  p_c [EE]         = [      0.0,     -60.0,      -0.0] mm
  r_c [t1,t2,n]    = [     -0.4,     -60.0,      -1.1] mm
                     p_c resolved at end of setup

-- effective TCP impedance ---------------------------------------------------
  K_TCP translation = [   1999.5,    1998.7,     351.8] N/m
  K_TCP rotation   = [      6.3,       5.0,      57.1] Nm/rad
  commanded KR was = [      5.0,       5.0,      50.0] Nm/rad   including lever contribution
  D_TCP translation = [    231.4,     171.8,     113.0] Ns/m
  D_TCP rotation   = [      1.8,       2.0,       1.7] Nms/rad
  coupling           max |moment per unit translation| = 120.0 Nm/m (K), 13.9 Nms/m (D)
  eigenvalues        K_TCP 4.98 .. 2007 | D_TCP 0.88 .. 232  (both positive: valid springs)

  K_TCP [N/m, Nm/rad | rows fx..mz, cols tx..rz]:
           tx        ty        tz    |    rx        ry        rz
  fx [    2000  -0.7871   -28.44 |   -1.707   -1.134     -120 ]
  fy [ -0.7871     1999   -45.62 |   -1.591  0.02011   0.9084 ]
  fz [  -28.44   -45.62    351.8 |    21.08  -0.1353    1.687 ]
     ---------------------------+---------------------------
  mx [  -1.707   -1.591    21.08 |    6.277  0.01336   0.8773 ]
  my [  -1.134  0.02011  -0.1353 |  0.01336    5.035    1.312 ]
  mz [    -120   0.9084    1.687 |   0.8773    1.312    57.15 ]

  D_TCP [Ns/m, Nms/rad]:
           tx        ty        tz    |    rx        ry        rz
  fx [   231.4 -0.05655   -2.043 |  -0.1226  -0.1318   -13.88 ]
  fy [-0.05655    171.8    -1.63 | 0.0007136 0.0007346  0.07743 ]
  fz [  -2.043    -1.63      113 |    6.778 -0.04752   0.1219 ]
     ---------------------------+---------------------------
  mx [ -0.1226 0.0007136    6.778 |    1.788 -0.003088 -0.001216 ]
  my [ -0.1318 0.0007346 -0.04752 | -0.003088    1.956 -0.02174 ]
  mz [  -13.88  0.07743   0.1219 | -0.001216 -0.02174    1.719 ]

[GATE] Set up finished (still pressing). Press Enter to start the grind (e+Enter stops).

Stop requested with e + Enter. Finishing control loop...

-- joint motion [deg] --------------------------------------------------------
  joint       start    final    delta
  q1            0.9      1.9     +1.1
  q2           12.1     30.2    +18.1
  q3           -0.5     -1.3     -0.7
  q4         -130.9   -129.3     +1.6
  q5           -0.1      0.4     +0.6
  q6          142.9    156.2    +13.3
  q7           44.7     45.8     +1.1

==============================================================================
  FINAL RESULT
==============================================================================
  p_d              = [    515.5,      -4.3,    -215.7] mm
  p_EE             = [    517.6,       3.6,      18.6] mm
  e_p              = [     -2.0,      -7.9,    -234.4] mm
  e_R              = [     2.74,     -1.73,      0.29] deg
------------------------------------------------------------------------------
  position error     234.50 mm
  rotation error     3.26 deg
  csv                logs/surface_grinding_controller_log.csv
------------------------------------------------------------------------------
