
==============================================================================
  SURFACE GRINDING CONTROLLER
==============================================================================
  robot              172.16.0.2
  parameters         /home/hm-panda/Desktop/Thesis_Final_Control/surface_grinding_controller/params
------------------------------------------------------------------------------

==============================================================================
  SURFACE GRINDING CONTROLLER - STARTUP MENU
==============================================================================

-- RUN MODES -----------------------------------------------------------------
  s      Run orientation, approach, setup, and grinding
  h      Cartesian pose hold at the initial posture
  t      Cartesian pose hold with the setup impedance
  g      Start manual guidance from the current robot pose

-- ROBOT PREPARATION ---------------------------------------------------------
  i      Move to the configured initial joint posture

-- GRIPPER AND TOOL ----------------------------------------------------------
  o      Open the gripper
  c      Grasp the tool
  r      Recalibrate the gripper with empty fingers
  f      Pick up the tool from the holder
  b      Return the tool to the holder

-- PROGRAM -------------------------------------------------------------------
  e      Exit
------------------------------------------------------------------------------
  During control: e = stop | m = startup menu | g = guidance
------------------------------------------------------------------------------
Selection [s/h/t/g/i/o/c/r/f/b/e]: 
-- SELECTED MODE: PHASE SEQUENCE ---------------------------------------------

-- moving to q_init ----------------------------------------------------------
  case               saved_qinit
  q1..q7 [deg]     = [0.8, 12.1, -0.5, -130.9, -0.2, 142.9, 44.7] deg
  saved_qinit = [0.014777, 0.210911, -0.009320, -2.284835, -0.002725, 2.493410, 0.780694] rad
  q_init reached.

-- start pose ----------------------------------------------------------------
  q_start          = [0.9, 12.1, -0.5, -130.9, -0.1, 142.9, 44.7] deg
  p_start          = [    531.3,       2.5,     156.8] mm

==============================================================================
  RUN
==============================================================================

-- phase: approach_orient ----------------------------------------------------
  Kp [t1,t2,n]     = [    150.0,     150.0,     150.0] N/m
  Dp [t1,t2,n]     = [    133.7,      94.2,     128.3] Ns/m     auto (factor 1.90)
  KR [t1,t2,n]     = [    300.0,     300.0,      90.0] Nm/rad
  DR [t1,t2,n]     = [     19.8,      32.3,       2.0] Nms/rad  auto (factor 1.90)
orient:     t=  0.0 s | axis_err=  8.5 deg | spin_err=  0.5 deg
orient:     t=  0.2 s | axis_err=  6.6 deg | spin_err=  0.2 deg
orient:     t=  0.4 s | axis_err=  2.5 deg | spin_err=  0.2 deg
orient:     t=  0.6 s | axis_err=  0.6 deg | spin_err=  0.1 deg
orient:     t=  0.8 s | axis_err=  0.5 deg | spin_err=  0.1 deg

Orientation reached: axis_err=0.5 deg | spin_err=0.1 deg

-- phase: approach_descend ---------------------------------------------------
  Kp [t1,t2,n]     = [    150.0,     150.0,     150.0] N/m
  Dp [t1,t2,n]     = [    133.7,      94.2,     128.3] Ns/m     auto (factor 1.90)
  KR [t1,t2,n]     = [    300.0,     300.0,      90.0] Nm/rad
  DR [t1,t2,n]     = [     19.8,      32.3,       2.0] Nms/rad  auto (factor 1.90)
  descend to         20 mm clearance at 0.100 m/s
descend:    t=  0.0 s | distance=   0.1 mm | height=+120.9 mm (target 20.0) | force= -0.0 N
descend:    t=  0.2 s | distance=  20.2 mm | height=+110.6 mm (target 20.0) | force=  1.7 N
descend:    t=  0.4 s | distance=  40.3 mm | height= +95.8 mm (target 20.0) | force=  1.3 N
descend:    t=  0.6 s | distance=  60.4 mm | height= +79.5 mm (target 20.0) | force=  2.4 N
descend:    t=  0.8 s | distance=  80.5 mm | height= +62.6 mm (target 20.0) | force=  2.8 N
descend:    t=  1.0 s | distance= 100.6 mm | height= +45.6 mm (target 20.0) | force=  2.8 N
descend:    t=  1.2 s | distance= 120.7 mm | height= +28.6 mm (target 20.0) | force=  3.5 N

Clearance reached: distance=130.6 mm | height=19.9 mm | target=20.0 mm | force=1.1 N
  offset_ee        = [     20.0,      60.0,      20.0] mm
  p_EE_at_contact  = [    518.8,       1.5,      49.9] mm
  contact_point    = [    537.3,     -55.8,       1.3] mm
  edge_offset      = [     18.6,     -57.3,     -48.6] mm

-- phase: setup --------------------------------------------------------------

-- setup impedance -----------------------------------------------------------
  law                wrench = K_TCP*dx + D_TCP*dv
                     K_TCP  = Ad(r_c)^T * blkdiag(Kp,KR) * Ad(r_c)
  Kp [t1,t2,n]     = [   2000.0,    2000.0,     350.0] N/m
  Dp [t1,t2,n]     = [    231.2,     178.2,     111.9] Ns/m     auto
  KR [t1,t2,n]     = [      5.0,       5.0,      50.0] Nm/rad
  DR [t1,t2,n]     = [      1.5,       1.9,       1.2] Nms/rad  auto
  p_c [EE]         = [      0.0,       0.0,       0.0] mm       commanded in the tool frame
  r_c [t1,t2,n]    = [      0.0,      -0.0,       0.0] mm       p_TCP - p_c, in the plane
setup:     t=  0.0 s | tip=  0.0 deg | F=  0.2 N | M=  0.1 Nm (limit 150.0) | contact= 19.8 mm
setup:     t=  0.2 s | tip=  0.9 deg | F=  1.4 N | M=  1.1 Nm (limit 150.0) | contact=  7.1 mm
setup:     t=  0.4 s | tip=  1.6 deg | F= 19.5 N | M= 10.1 Nm (limit 150.0) | contact=  3.4 mm
setup:     t=  0.6 s | tip=  1.6 deg | F= 16.5 N | M=  9.0 Nm (limit 150.0) | contact=  3.5 mm
setup:     t=  0.8 s | tip=  1.6 deg | F= 22.2 N | M= 12.0 Nm (limit 150.0) | contact=  3.6 mm
setup:     t=  1.0 s | tip=  1.6 deg | F= 27.6 N | M= 14.8 Nm (limit 150.0) | contact=  3.8 mm
setup:     t=  1.2 s | tip=  1.7 deg | F= 33.2 N | M= 17.7 Nm (limit 150.0) | contact=  3.9 mm
setup:     t=  1.4 s | tip=  1.7 deg | F= 38.8 N | M= 20.5 Nm (limit 150.0) | contact=  4.0 mm
setup:     t=  1.6 s | tip=  1.7 deg | F= 44.6 N | M= 23.5 Nm (limit 150.0) | contact=  4.2 mm
setup:     t=  1.8 s | tip=  1.7 deg | F= 50.3 N | M= 26.5 Nm (limit 150.0) | contact=  4.4 mm
setup:     t=  2.0 s | tip=  1.8 deg | F= 56.3 N | M= 29.6 Nm (limit 150.0) | contact=  4.5 mm
setup:     t=  2.2 s | tip=  1.9 deg | F= 60.5 N | M= 31.7 Nm (limit 150.0) | contact=  4.6 mm
setup:     t=  2.4 s | tip=  2.1 deg | F= 67.2 N | M= 35.1 Nm (limit 150.0) | contact=  4.6 mm
setup:     t=  2.6 s | tip=  2.5 deg | F= 71.4 N | M= 37.1 Nm (limit 150.0) | contact=  4.8 mm
setup:     t=  2.8 s | tip=  3.5 deg | F= 76.8 N | M= 40.1 Nm (limit 150.0) | contact=  4.9 mm
setup:     t=  3.0 s | tip=  5.6 deg | F= 80.0 N | M= 41.9 Nm (limit 150.0) | contact=  5.0 mm
setup:     t=  3.2 s | tip=  7.8 deg | F= 85.0 N | M= 44.4 Nm (limit 150.0) | contact=  5.1 mm
setup:     t=  3.4 s | tip=  8.1 deg | F= 82.1 N | M= 43.1 Nm (limit 150.0) | contact=  4.9 mm
setup:     t=  3.6 s | tip=  8.1 deg | F= 81.9 N | M= 42.9 Nm (limit 150.0) | contact=  4.9 mm
setup:     t=  3.8 s | tip=  8.1 deg | F= 81.9 N | M= 42.9 Nm (limit 150.0) | contact=  4.9 mm
setup:     t=  4.0 s | tip=  8.1 deg | F= 81.9 N | M= 43.0 Nm (limit 150.0) | contact=  4.9 mm
setup:     t=  4.2 s | tip=  8.1 deg | F= 81.6 N | M= 42.8 Nm (limit 150.0) | contact=  4.9 mm
setup:     t=  4.4 s | tip=  8.1 deg | F= 81.9 N | M= 43.0 Nm (limit 150.0) | contact=  4.9 mm
setup:     t=  4.6 s | tip=  8.1 deg | F= 81.8 N | M= 42.9 Nm (limit 150.0) | contact=  4.9 mm
setup:     t=  4.8 s | tip=  8.1 deg | F= 81.7 N | M= 42.9 Nm (limit 150.0) | contact=  4.9 mm

==============================================================================
  SETUP RESULT
==============================================================================
  stop: time | t=5.0 s | tip=8.1 deg | F=81.7 N | M=42.9 Nm
  contact_from_start = [-2.6, +1.2, -4.0] mm | norm=4.9 mm
  tcp_from_contact  = [-20.3, +61.4, +17.3] mm | norm=67.0 mm
  alignment: before=9.56 deg | after=2.91 deg | gain=+6.65 deg
  alignment components [t1,t2,n] deg: before=[-9.55,-0.35,+0.00] | after=[-1.72,-2.35,+0.00]

-- setup surface-frame breakdown ---------------------------------------------
  frame              alignment-target [tangent1, tangent2, normal]
  force        [N]      = [    +2.12,     -9.36,    -81.15]
  tcp_disp     [mm]     = [    -1.18,     +5.00,    -31.23]
  contact_disp [mm]     = [    -2.52,     +1.27,     -4.04]
  Kp_eff=F/tcp [N/m]    = [  -1795.8,   -1870.7,    2598.3]
  M_contact    [Nm]     = [    -5.61,    +41.19,     -4.52]
  tip_angle    [deg]    = [    +7.84,     -2.05,     +0.40]
  KR_eff=M/ang [Nm/rad] = [    -41.0,   -1150.5,    -655.2]
  frame              tool face [length, width, tool axis]
  M_contact    [Nm]     = [   -40.99,     +5.73,     +5.98]

-- center of compliance ------------------------------------------------------
  definition         r_c = p_TCP - p_c
  p_TCP [x,y,z]    = [    517.0,       5.6,      18.6] mm
  p_c [EE]         = [     -0.0,      -0.0,      -0.0] mm
  r_c [t1,t2,n]    = [      0.0,       0.0,       0.0] mm
                     p_c resolved at end of setup

-- effective TCP impedance ---------------------------------------------------
  K_TCP translation = [   1999.5,    1998.7,     351.8] N/m
  K_TCP rotation   = [      5.0,       5.0,      50.0] Nm/rad
  commanded KR was = [      5.0,       5.0,      50.0] Nm/rad   including lever contribution
  D_TCP translation = [    231.1,     178.2,     112.0] Ns/m
  D_TCP rotation   = [      1.5,       1.9,       1.2] Nms/rad
  coupling           max |moment per unit translation| = 0.0 Nm/m (K), 0.0 Nms/m (D)
  eigenvalues        K_TCP 5.00 .. 2000 | D_TCP 1.22 .. 231  (both positive: valid springs)

  K_TCP [N/m, Nm/rad | rows fx..mz, cols tx..rz]:
           tx        ty        tz    |    rx        ry        rz
  fx [    2000  -0.7871   -28.44 |        0        0        0 ]
  fy [ -0.7871     1999   -45.62 |        0        0        0 ]
  fz [  -28.44   -45.62    351.8 |        0        0        0 ]
     ---------------------------+---------------------------
  mx [       0        0        0 |    5.013  0.02147   0.7756 ]
  my [       0        0        0 |  0.02147    5.034    1.244 ]
  mz [       0        0        0 |   0.7756    1.244    49.95 ]

  D_TCP [Ns/m, Nms/rad]:
           tx        ty        tz    |    rx        ry        rz
  fx [   231.1 -0.05689   -2.055 |        0        0        0 ]
  fy [-0.05689    178.2   -1.833 |        0        0        0 ]
  fz [  -2.055   -1.833      112 |        0        0        0 ]
     ---------------------------+---------------------------
  mx [       0        0        0 |    1.496 -0.0001304 -0.004712 ]
  my [       0        0        0 | -0.0001304    1.891 -0.01851 ]
  mz [       0        0        0 | -0.004712 -0.01851    1.223 ]

[GATE] Set up finished (still pressing). Press Enter to start the grind (e+Enter stops).

Stop requested with e + Enter. Finishing control loop...

-- joint motion [deg] --------------------------------------------------------
  joint       start    final    delta
  q1            0.9      5.7     +4.8
  q2           12.1     30.5    +18.4
  q3           -0.5     -4.4     -3.9
  q4         -130.9   -128.3     +2.6
  q5           -0.1      4.9     +5.0
  q6          142.9    153.8    +10.9
  q7           44.7     42.8     -1.9

==============================================================================
  FINAL RESULT
==============================================================================
  p_d              = [    514.3,      -5.7,    -209.9] mm
  p_EE             = [    517.0,       5.6,      18.6] mm
  e_p              = [     -2.8,     -11.3,    -228.5] mm
  e_R              = [     7.85,     -2.04,      0.32] deg
------------------------------------------------------------------------------
  position error     228.77 mm
  rotation error     8.12 deg
  csv                logs/surface_grinding_controller_log.csv
------------------------------------------------------------------------------
