
==============================================================================
  SURFACE GRINDING CONTROLLER
==============================================================================
  robot              172.16.0.2
  parameters         /home/hm-panda/Desktop/Thesis_Final_Control/surface_grinding_controller/params
------------------------------------------------------------------------------

==============================================================================
  SURFACE GRINDING CONTROLLER - STARTUP MENU
==============================================================================

-- RUN MODES -----------------------------------------------------------------
  s      Run orientation, approach, setup, and grinding
  h      Cartesian pose hold at the initial posture
  t      Cartesian pose hold with the setup impedance
  g      Start manual guidance from the current robot pose

-- ROBOT PREPARATION ---------------------------------------------------------
  i      Move to the configured initial joint posture

-- GRIPPER AND TOOL ----------------------------------------------------------
  o      Open the gripper
  c      Grasp the tool
  r      Recalibrate the gripper with empty fingers
  f      Pick up the tool from the holder
  b      Return the tool to the holder

-- PROGRAM -------------------------------------------------------------------
  e      Exit
------------------------------------------------------------------------------
  During control: e = stop | m = startup menu | g = guidance
------------------------------------------------------------------------------
Selection [s/h/t/g/i/o/c/r/f/b/e]: 
-- SELECTED MODE: PHASE SEQUENCE ---------------------------------------------

-- moving to q_init ----------------------------------------------------------
  case               saved_qinit
  q1..q7 [deg]     = [0.8, 12.1, -0.5, -130.9, -0.2, 142.9, 44.7] deg
  saved_qinit = [0.014777, 0.210911, -0.009320, -2.284835, -0.002725, 2.493410, 0.780694] rad
  q_init reached.

-- start pose ----------------------------------------------------------------
  q_start          = [0.8, 12.1, -0.5, -130.9, -0.1, 142.8, 44.7] deg
  p_start          = [    531.2,       2.4,     156.8] mm

==============================================================================
  RUN
==============================================================================

-- phase: approach_orient ----------------------------------------------------
  Kp [t1,t2,n]     = [    150.0,     150.0,     150.0] N/m
  Dp [t1,t2,n]     = [    133.7,      94.2,     128.3] Ns/m     auto (factor 1.90)
  KR [t1,t2,n]     = [     90.0,      90.0,      90.0] Nm/rad
  DR [t1,t2,n]     = [     10.8,      17.7,       2.0] Nms/rad  auto (factor 1.90)
orient:     t=  0.0 s | axis_err=  6.0 deg | spin_err=  0.6 deg
orient:     t=  0.2 s | axis_err=  5.1 deg | spin_err=  0.3 deg
orient:     t=  0.4 s | axis_err=  3.0 deg | spin_err=  0.0 deg

Orientation reached: axis_err=2.0 deg | spin_err=0.0 deg

-- phase: approach_descend ---------------------------------------------------
  Kp [t1,t2,n]     = [    150.0,     150.0,     150.0] N/m
  Dp [t1,t2,n]     = [    133.7,      94.2,     128.3] Ns/m     auto (factor 1.90)
  KR [t1,t2,n]     = [     90.0,      90.0,      90.0] Nm/rad
  DR [t1,t2,n]     = [     10.8,      17.7,       2.0] Nms/rad  auto (factor 1.90)
  descend to         20 mm clearance at 0.100 m/s
descend:    t=  0.0 s | distance=   0.1 mm | height=+129.3 mm (target 20.0) | force= -0.0 N
descend:    t=  0.2 s | distance=  20.1 mm | height=+116.8 mm (target 20.0) | force=  0.8 N
descend:    t=  0.4 s | distance=  40.1 mm | height=+100.3 mm (target 20.0) | force=  1.9 N
descend:    t=  0.6 s | distance=  60.2 mm | height= +83.3 mm (target 20.0) | force=  2.3 N
descend:    t=  0.8 s | distance=  80.3 mm | height= +66.1 mm (target 20.0) | force=  2.1 N
descend:    t=  1.0 s | distance= 100.4 mm | height= +48.8 mm (target 20.0) | force=  2.8 N
descend:    t=  1.2 s | distance= 120.5 mm | height= +31.1 mm (target 20.0) | force=  2.6 N

Clearance reached: distance=133.1 mm | height=19.9 mm | target=20.0 mm | force=2.2 N
  offset_ee        = [     20.0,      60.0,      20.0] mm
  p_EE_at_contact  = [    507.3,       0.5,      42.9] mm
  contact_point    = [    524.6,     -60.3,       1.6] mm
  edge_offset      = [     17.3,     -60.8,     -41.3] mm

-- phase: setup --------------------------------------------------------------

-- setup impedance -----------------------------------------------------------
  law                wrench = K_TCP*dx + D_TCP*dv
                     K_TCP  = Ad(r_c)^T * blkdiag(Kp,KR) * Ad(r_c)
  Kp [t1,t2,n]     = [   2000.0,    2000.0,     350.0] N/m
  Dp [t1,t2,n]     = [    233.7,     173.3,     112.2] Ns/m     auto
  KR [t1,t2,n]     = [      5.0,       5.0,      50.0] Nm/rad
  DR [t1,t2,n]     = [      1.3,       2.1,       0.9] Nms/rad  auto
  p_c [EE]         = [    -60.0,       0.0,       0.0] mm       commanded in the tool frame
  r_c [t1,t2,n]    = [     59.8,       0.0,      -5.4] mm       p_TCP - p_c, in the plane
setup:     t=  0.0 s | tip=  0.0 deg | F=  0.1 N | M=  0.0 Nm (limit 150.0) | contact= 19.8 mm
setup:     t=  0.2 s | tip=  0.7 deg | F=  0.8 N | M=  0.5 Nm (limit 150.0) | contact=  6.9 mm
setup:     t=  0.4 s | tip=  1.1 deg | F= 11.2 N | M=  5.8 Nm (limit 150.0) | contact=  1.4 mm
setup:     t=  0.6 s | tip=  0.9 deg | F= 13.9 N | M=  6.6 Nm (limit 150.0) | contact=  1.5 mm
setup:     t=  0.8 s | tip=  0.5 deg | F= 20.7 N | M=  9.8 Nm (limit 150.0) | contact=  2.6 mm
setup:     t=  1.0 s | tip=  0.4 deg | F= 26.4 N | M= 12.7 Nm (limit 150.0) | contact=  2.8 mm
setup:     t=  1.2 s | tip=  0.2 deg | F= 33.4 N | M= 16.3 Nm (limit 150.0) | contact=  2.9 mm
setup:     t=  1.4 s | tip=  0.3 deg | F= 38.7 N | M= 18.9 Nm (limit 150.0) | contact=  3.1 mm
setup:     t=  1.6 s | tip=  0.9 deg | F= 44.6 N | M= 21.8 Nm (limit 150.0) | contact=  3.2 mm
setup:     t=  1.8 s | tip=  2.2 deg | F= 49.4 N | M= 24.2 Nm (limit 150.0) | contact=  3.2 mm
setup:     t=  2.0 s | tip=  4.1 deg | F= 54.2 N | M= 26.4 Nm (limit 150.0) | contact=  3.2 mm
setup:     t=  2.2 s | tip=  6.5 deg | F= 57.7 N | M= 28.2 Nm (limit 150.0) | contact=  3.4 mm
setup:     t=  2.4 s | tip=  9.3 deg | F= 62.4 N | M= 30.5 Nm (limit 150.0) | contact=  3.8 mm
setup:     t=  2.6 s | tip= 12.0 deg | F= 66.9 N | M= 32.6 Nm (limit 150.0) | contact=  4.8 mm
setup:     t=  2.8 s | tip= 14.6 deg | F= 72.0 N | M= 35.0 Nm (limit 150.0) | contact=  5.9 mm
setup:     t=  3.0 s | tip= 16.9 deg | F= 76.0 N | M= 36.9 Nm (limit 150.0) | contact=  6.8 mm
setup:     t=  3.2 s | tip= 19.1 deg | F= 80.7 N | M= 39.0 Nm (limit 150.0) | contact=  7.7 mm
setup:     t=  3.4 s | tip= 20.5 deg | F= 75.7 N | M= 36.5 Nm (limit 150.0) | contact=  8.4 mm
setup:     t=  3.6 s | tip= 20.7 deg | F= 75.4 N | M= 36.5 Nm (limit 150.0) | contact=  8.6 mm
setup:     t=  3.8 s | tip= 20.7 deg | F= 75.1 N | M= 36.5 Nm (limit 150.0) | contact=  8.6 mm
setup:     t=  4.0 s | tip= 20.7 deg | F= 75.1 N | M= 36.4 Nm (limit 150.0) | contact=  8.6 mm
setup:     t=  4.2 s | tip= 20.7 deg | F= 75.0 N | M= 36.4 Nm (limit 150.0) | contact=  8.6 mm
setup:     t=  4.4 s | tip= 20.7 deg | F= 74.9 N | M= 36.4 Nm (limit 150.0) | contact=  8.6 mm
setup:     t=  4.6 s | tip= 20.7 deg | F= 74.8 N | M= 36.3 Nm (limit 150.0) | contact=  8.6 mm
setup:     t=  4.8 s | tip= 20.7 deg | F= 74.9 N | M= 36.4 Nm (limit 150.0) | contact=  8.6 mm

==============================================================================
  SETUP RESULT
==============================================================================
  stop: time | t=5.0 s | tip=20.7 deg | F=74.9 N | M=36.3 Nm
  contact_from_start = [+6.4, +1.5, +5.5] mm | norm=8.6 mm
  tcp_from_contact  = [-19.1, +61.1, +19.4] mm | norm=66.9 mm
  alignment: before=5.27 deg | after=15.59 deg | gain=-10.32 deg
  alignment components [t1,t2,n] deg: before=[-0.94,-5.18,-0.00] | after=[-1.37,+15.53,+0.00]

-- setup surface-frame breakdown ---------------------------------------------
  frame              alignment-target [tangent1, tangent2, normal]
  force        [N]      = [    -7.47,     -2.28,    -74.45]
  tcp_disp     [mm]     = [    -1.38,     +0.93,    -21.87]
  contact_disp [mm]     = [    +6.28,     +1.32,     +5.69]
  Kp_eff=F/tcp [N/m]    = [   5414.8,   -2450.4,    3403.7]
  M_contact    [Nm]     = [    -2.35,    +34.24,     -0.89]
  tip_angle    [deg]    = [    -0.35,    +20.73,     -0.71]
  KR_eff=M/ang [Nm/rad] = [    380.4,      94.6,      71.2]
  frame              tool face [length, width, tool axis]
  M_contact    [Nm]     = [   -34.25,     +2.08,     +1.03]

-- center of compliance ------------------------------------------------------
  definition         r_c = p_TCP - p_c
  p_TCP [x,y,z]    = [    505.6,       0.9,      21.1] mm
  p_c [EE]         = [    -60.0,       0.0,       0.0] mm
  r_c [t1,t2,n]    = [     57.8,       0.7,      16.1] mm
                     p_c resolved at end of setup

-- effective TCP impedance ---------------------------------------------------
  K_TCP translation = [   1999.5,    1998.7,     351.8] N/m
  K_TCP rotation   = [      5.5,       6.7,      56.7] Nm/rad
  commanded KR was = [      5.0,       5.0,      50.0] Nm/rad   including lever contribution
  D_TCP translation = [    233.6,     173.2,     112.3] Ns/m
  D_TCP rotation   = [      1.3,       2.5,       1.5] Nms/rad
  coupling           max |moment per unit translation| = 116.1 Nm/m (K), 10.1 Nms/m (D)
  eigenvalues        K_TCP 4.98 .. 2007 | D_TCP 0.89 .. 234  (both positive: valid springs)

  K_TCP [N/m, Nm/rad | rows fx..mz, cols tx..rz]:
           tx        ty        tz    |    rx        ry        rz
  fx [    2000  -0.7871   -28.44 |  0.02112   -31.76    2.364 ]
  fy [ -0.7871     1999   -45.62 |    30.15   -2.637   -116.1 ]
  fz [  -28.44   -45.62    351.8 |   -1.095    20.85    2.616 ]
     ---------------------------+---------------------------
  mx [ 0.02112    30.15   -1.095 |    5.469 -0.04243  -0.9751 ]
  my [  -31.76   -2.637    20.85 | -0.04243    6.724     1.36 ]
  mz [   2.364   -116.1    2.616 |  -0.9751     1.36    56.69 ]

  D_TCP [Ns/m, Nms/rad]:
           tx        ty        tz    |    rx        ry        rz
  fx [   233.6 -0.05796   -2.094 | 0.001556    -3.64   0.2743 ]
  fy [-0.05796    173.2   -1.688 |     2.61 -0.09716   -10.06 ]
  fz [  -2.094   -1.688    112.3 |  -0.1556     6.55   0.0956 ]
     ---------------------------+---------------------------
  mx [0.001556     2.61  -0.1556 |    1.335 -0.009251  -0.1585 ]
  my [   -3.64 -0.09716     6.55 | -0.009251    2.504 -0.03113 ]
  mz [  0.2743   -10.06   0.0956 |  -0.1585 -0.03113    1.478 ]

[GATE] Set up finished (still pressing). Press Enter to start the grind (e+Enter stops).

Stop requested with e + Enter. Finishing control loop...

-- joint motion [deg] --------------------------------------------------------
  joint       start    final    delta
  q1            0.8      0.7     -0.2
  q2           12.1     29.1    +17.0
  q3           -0.5     -0.6     -0.1
  q4         -130.9   -141.9    -11.0
  q5           -0.1     -0.7     -0.5
  q6          142.8    185.5    +42.7
  q7           44.7     44.7     +0.0

==============================================================================
  FINAL RESULT
==============================================================================
  p_d              = [    502.8,      -6.7,    -216.9] mm
  p_EE             = [    505.6,       0.9,      21.1] mm
  e_p              = [     -2.7,      -7.5,    -237.9] mm
  e_R              = [    -0.37,     20.70,     -1.28] deg
------------------------------------------------------------------------------
  position error     238.06 mm
  rotation error     20.75 deg
  csv                logs/surface_grinding_controller_log.csv
------------------------------------------------------------------------------
