
==============================================================================
  SURFACE GRINDING CONTROLLER
==============================================================================
  robot              172.16.0.2
  parameters         /home/hm-panda/Desktop/Thesis_Final_Control/surface_grinding_controller/params
------------------------------------------------------------------------------

==============================================================================
  SURFACE GRINDING CONTROLLER - STARTUP MENU
==============================================================================

-- RUN MODES -----------------------------------------------------------------
  s      Run orientation, approach, setup, and grinding
  h      Cartesian pose hold at the initial posture
  t      Cartesian pose hold with the setup impedance
  g      Start manual guidance from the current robot pose

-- ROBOT PREPARATION ---------------------------------------------------------
  i      Move to the configured initial joint posture

-- GRIPPER AND TOOL ----------------------------------------------------------
  o      Open the gripper
  c      Grasp the tool
  r      Recalibrate the gripper with empty fingers
  f      Pick up the tool from the holder
  b      Return the tool to the holder

-- PROGRAM -------------------------------------------------------------------
  e      Exit
------------------------------------------------------------------------------
  During control: e = stop | m = startup menu | g = guidance
------------------------------------------------------------------------------
Selection [s/h/t/g/i/o/c/r/f/b/e]: 
-- SELECTED MODE: PHASE SEQUENCE ---------------------------------------------

-- moving to q_init ----------------------------------------------------------
  case               saved_qinit
  q1..q7 [deg]     = [0.8, 12.1, -0.5, -130.9, -0.2, 142.9, 44.7] deg
  saved_qinit = [0.014777, 0.210911, -0.009320, -2.284835, -0.002725, 2.493410, 0.780694] rad
  q_init reached.

-- start pose ----------------------------------------------------------------
  q_start          = [0.8, 12.1, -0.5, -130.9, -0.2, 142.9, 44.7] deg
  p_start          = [    531.3,       2.5,     156.8] mm

==============================================================================
  RUN
==============================================================================

-- phase: approach_orient ----------------------------------------------------
  Kp [t1,t2,n]     = [    150.0,     150.0,     150.0] N/m
  Dp [t1,t2,n]     = [    133.7,      94.2,     128.3] Ns/m     auto (factor 1.90)
  KR [t1,t2,n]     = [     90.0,      90.0,      90.0] Nm/rad
  DR [t1,t2,n]     = [     10.8,      17.7,       2.0] Nms/rad  auto (factor 1.90)
orient:     t=  0.0 s | axis_err=  3.7 deg | spin_err=  0.7 deg
orient:     t=  0.2 s | axis_err=  3.1 deg | spin_err=  0.2 deg
orient:     t=  0.4 s | axis_err=  1.7 deg | spin_err=  0.1 deg

Orientation reached: axis_err=1.5 deg | spin_err=0.2 deg

-- phase: approach_descend ---------------------------------------------------
  Kp [t1,t2,n]     = [    150.0,     150.0,     150.0] N/m
  Dp [t1,t2,n]     = [    133.7,      94.2,     128.3] Ns/m     auto (factor 1.90)
  KR [t1,t2,n]     = [     90.0,      90.0,      90.0] Nm/rad
  DR [t1,t2,n]     = [     10.8,      17.7,       2.0] Nms/rad  auto (factor 1.90)
  descend to         20 mm clearance at 0.100 m/s
descend:    t=  0.0 s | distance=   0.1 mm | height=+130.5 mm (target 20.0) | force= -0.0 N
descend:    t=  0.2 s | distance=  20.1 mm | height=+119.2 mm (target 20.0) | force=  1.4 N
descend:    t=  0.4 s | distance=  40.1 mm | height=+102.9 mm (target 20.0) | force=  2.5 N
descend:    t=  0.6 s | distance=  60.2 mm | height= +85.5 mm (target 20.0) | force=  2.2 N
descend:    t=  0.8 s | distance=  80.3 mm | height= +67.3 mm (target 20.0) | force=  3.0 N
descend:    t=  1.0 s | distance= 100.4 mm | height= +49.4 mm (target 20.0) | force=  2.3 N
descend:    t=  1.2 s | distance= 120.5 mm | height= +31.5 mm (target 20.0) | force=  2.8 N

Clearance reached: distance=133.6 mm | height=20.0 mm | target=20.0 mm | force=2.6 N
  offset_ee        = [     20.0,      60.0,      20.0] mm
  p_EE_at_contact  = [    520.3,       3.0,      44.1] mm
  contact_point    = [    539.3,     -56.8,       1.3] mm
  edge_offset      = [     19.0,     -59.7,     -42.8] mm

-- phase: setup --------------------------------------------------------------

-- setup impedance -----------------------------------------------------------
  law                wrench = K_TCP*dx + D_TCP*dv
                     K_TCP  = Ad(r_c)^T * blkdiag(Kp,KR) * Ad(r_c)
  Kp [t1,t2,n]     = [   2000.0,    2000.0,     350.0] N/m
  Dp [t1,t2,n]     = [    231.5,     171.9,     112.9] Ns/m     auto
  KR [t1,t2,n]     = [      5.0,       5.0,      50.0] Nm/rad
  DR [t1,t2,n]     = [      1.4,       2.0,       0.9] Nms/rad  auto
  p_c [EE]         = [      0.0,      -0.0,      60.0] mm       commanded in the tool frame
  r_c [t1,t2,n]    = [      0.7,      -4.0,      59.9] mm       p_TCP - p_c, in the plane
setup:     t=  0.0 s | tip=  0.0 deg | F=  0.0 N | M=  0.0 Nm (limit 150.0) | contact= 19.9 mm
setup:     t=  0.2 s | tip=  0.6 deg | F=  0.8 N | M=  0.5 Nm (limit 150.0) | contact=  7.5 mm
setup:     t=  0.4 s | tip=  1.2 deg | F= 19.2 N | M= 10.1 Nm (limit 150.0) | contact=  1.7 mm
setup:     t=  0.6 s | tip=  1.2 deg | F= 16.0 N | M=  8.8 Nm (limit 150.0) | contact=  1.8 mm
setup:     t=  0.8 s | tip=  1.2 deg | F= 20.7 N | M= 11.2 Nm (limit 150.0) | contact=  2.0 mm
setup:     t=  1.0 s | tip=  1.2 deg | F= 26.4 N | M= 14.2 Nm (limit 150.0) | contact=  2.1 mm
setup:     t=  1.2 s | tip=  1.3 deg | F= 31.1 N | M= 16.6 Nm (limit 150.0) | contact=  2.3 mm
setup:     t=  1.4 s | tip=  1.3 deg | F= 37.3 N | M= 19.8 Nm (limit 150.0) | contact=  2.5 mm
setup:     t=  1.6 s | tip=  1.4 deg | F= 43.0 N | M= 22.6 Nm (limit 150.0) | contact=  2.8 mm
setup:     t=  1.8 s | tip=  2.0 deg | F= 46.6 N | M= 24.6 Nm (limit 150.0) | contact=  3.0 mm
setup:     t=  2.0 s | tip=  2.8 deg | F= 53.0 N | M= 28.0 Nm (limit 150.0) | contact=  3.1 mm
setup:     t=  2.2 s | tip=  2.8 deg | F= 58.6 N | M= 30.9 Nm (limit 150.0) | contact=  3.2 mm
setup:     t=  2.4 s | tip=  2.8 deg | F= 64.2 N | M= 33.8 Nm (limit 150.0) | contact=  3.4 mm
setup:     t=  2.6 s | tip=  2.8 deg | F= 70.1 N | M= 36.9 Nm (limit 150.0) | contact=  3.5 mm
setup:     t=  2.8 s | tip=  2.8 deg | F= 75.7 N | M= 39.7 Nm (limit 150.0) | contact=  3.7 mm
setup:     t=  3.0 s | tip=  2.8 deg | F= 81.2 N | M= 42.6 Nm (limit 150.0) | contact=  3.8 mm
setup:     t=  3.2 s | tip=  2.9 deg | F= 86.7 N | M= 45.5 Nm (limit 150.0) | contact=  3.9 mm
setup:     t=  3.4 s | tip=  2.8 deg | F= 81.4 N | M= 42.8 Nm (limit 150.0) | contact=  3.9 mm
setup:     t=  3.6 s | tip=  2.8 deg | F= 81.4 N | M= 42.8 Nm (limit 150.0) | contact=  3.9 mm
setup:     t=  3.8 s | tip=  2.8 deg | F= 81.4 N | M= 42.7 Nm (limit 150.0) | contact=  3.9 mm
setup:     t=  4.0 s | tip=  2.8 deg | F= 81.3 N | M= 42.7 Nm (limit 150.0) | contact=  3.9 mm
setup:     t=  4.2 s | tip=  2.8 deg | F= 81.3 N | M= 42.7 Nm (limit 150.0) | contact=  3.9 mm
setup:     t=  4.4 s | tip=  2.8 deg | F= 81.3 N | M= 42.7 Nm (limit 150.0) | contact=  3.9 mm
setup:     t=  4.6 s | tip=  2.8 deg | F= 81.3 N | M= 42.7 Nm (limit 150.0) | contact=  3.9 mm
setup:     t=  4.8 s | tip=  2.9 deg | F= 81.2 N | M= 42.7 Nm (limit 150.0) | contact=  3.9 mm

==============================================================================
  SETUP RESULT
==============================================================================
  stop: time | t=5.0 s | tip=2.9 deg | F=81.2 N | M=42.6 Nm
  contact_from_start = [-1.3, +1.0, -3.5] mm | norm=3.9 mm
  tcp_from_contact  = [-19.9, +61.2, +17.3] mm | norm=66.6 mm
  alignment: before=3.88 deg | after=2.45 deg | gain=+1.43 deg
  alignment components [t1,t2,n] deg: before=[-3.83,-0.63,+0.00] | after=[-1.36,-2.03,-0.00]

-- setup surface-frame breakdown ---------------------------------------------
  frame              alignment-target [tangent1, tangent2, normal]
  force        [N]      = [    +4.29,     +1.06,    -81.11]
  tcp_disp     [mm]     = [    -0.44,     +2.18,    -25.53]
  contact_disp [mm]     = [    -1.19,     +1.12,     -3.50]
  Kp_eff=F/tcp [N/m]    = [  -9734.9,     485.8,    3177.2]
  M_contact    [Nm]     = [    -5.63,    +41.19,     +0.46]
  tip_angle    [deg]    = [    +2.47,     -1.41,     +0.18]
  KR_eff=M/ang [Nm/rad] = [   -130.6,   -1670.1,     151.0]
  frame              tool face [length, width, tool axis]
  M_contact    [Nm]     = [   -41.16,     +5.79,     +0.72]

-- center of compliance ------------------------------------------------------
  definition         r_c = p_TCP - p_c
  p_TCP [x,y,z]    = [    519.5,       4.4,      18.6] mm
  p_c [EE]         = [     -0.0,       0.0,      60.0] mm
  r_c [t1,t2,n]    = [      2.1,      -1.4,      59.9] mm
                     p_c resolved at end of setup

-- effective TCP impedance ---------------------------------------------------
  K_TCP translation = [   1999.5,    1998.7,     351.8] N/m
  K_TCP rotation   = [     12.2,      12.2,      50.0] Nm/rad
  commanded KR was = [      5.0,       5.0,      50.0] Nm/rad   including lever contribution
  D_TCP translation = [    231.5,     171.9,     113.0] Ns/m
  D_TCP rotation   = [      2.0,       2.8,       0.9] Nms/rad
  coupling           max |moment per unit translation| = 119.9 Nm/m (K), 13.9 Nms/m (D)
  eigenvalues        K_TCP 4.98 .. 2007 | D_TCP 0.89 .. 232  (both positive: valid springs)

  K_TCP [N/m, Nm/rad | rows fx..mz, cols tx..rz]:
           tx        ty        tz    |    rx        ry        rz
  fx [    2000  -0.7871   -28.44 | -0.04062   -119.9   0.4622 ]
  fy [ -0.7871     1999   -45.62 |    119.8 -0.09714   -6.322 ]
  fz [  -28.44   -45.62    351.8 |   -2.814    2.817   0.1378 ]
     ---------------------------+---------------------------
  mx [-0.04062    119.8   -2.814 |    12.19    0.015   0.3968 ]
  my [  -119.9 -0.09714    2.817 |    0.015    12.23    1.217 ]
  mz [  0.4622   -6.322   0.1378 |   0.3968    1.217    49.97 ]

  D_TCP [Ns/m, Nms/rad]:
           tx        ty        tz    |    rx        ry        rz
  fx [   231.5 -0.05659   -2.044 | -0.00292   -13.87   0.0534 ]
  fy [-0.05659    171.9   -1.632 |     10.3 -0.001771  -0.5436 ]
  fz [  -2.044   -1.632      113 |  -0.1237   0.4798 0.004691 ]
     ---------------------------+---------------------------
  mx [-0.00292     10.3  -0.1237 |    1.998 -0.0004524  -0.0411 ]
  my [  -13.87 -0.001771   0.4798 | -0.0004524    2.789  -0.0328 ]
  mz [  0.0534  -0.5436 0.004691 |  -0.0411  -0.0328   0.8893 ]

[GATE] Set up finished (still pressing). Press Enter to start the grind (e+Enter stops).

Stop requested with e + Enter. Finishing control loop...

-- joint motion [deg] --------------------------------------------------------
  joint       start    final    delta
  q1            0.8      1.9     +1.1
  q2           12.1     30.4    +18.2
  q3           -0.5     -1.2     -0.7
  q4         -130.9   -129.1     +1.8
  q5           -0.2      1.1     +1.3
  q6          142.9    156.5    +13.6
  q7           44.7     45.1     +0.4

==============================================================================
  FINAL RESULT
==============================================================================
  p_d              = [    515.9,      -4.2,    -215.7] mm
  p_EE             = [    519.5,       4.4,      18.6] mm
  e_p              = [     -3.6,      -8.7,    -234.3] mm
  e_R              = [     2.47,     -1.41,      0.17] deg
------------------------------------------------------------------------------
  position error     234.44 mm
  rotation error     2.85 deg
  csv                logs/surface_grinding_controller_log.csv
------------------------------------------------------------------------------
