
==============================================================================
  SURFACE GRINDING CONTROLLER
==============================================================================
  robot              172.16.0.2
  parameters         /home/hm-panda/Desktop/Thesis_Final_Control/surface_grinding_controller/params
------------------------------------------------------------------------------

==============================================================================
  SURFACE GRINDING CONTROLLER - STARTUP MENU
==============================================================================

-- RUN MODES -----------------------------------------------------------------
  s      Run orientation, approach, setup, and grinding
  h      Cartesian pose hold at the initial posture
  t      Cartesian pose hold with the setup impedance
  g      Start manual guidance from the current robot pose

-- ROBOT PREPARATION ---------------------------------------------------------
  i      Move to the configured initial joint posture

-- GRIPPER AND TOOL ----------------------------------------------------------
  o      Open the gripper
  c      Grasp the tool
  r      Recalibrate the gripper with empty fingers
  f      Pick up the tool from the holder
  b      Return the tool to the holder

-- PROGRAM -------------------------------------------------------------------
  e      Exit
------------------------------------------------------------------------------
  During control: e = stop | m = startup menu | g = guidance
------------------------------------------------------------------------------
Selection [s/h/t/g/i/o/c/r/f/b/e]: 
-- SELECTED MODE: PHASE SEQUENCE ---------------------------------------------

-- moving to q_init ----------------------------------------------------------
  case               saved_qinit
  q1..q7 [deg]     = [0.8, 12.1, -0.5, -130.9, -0.2, 142.9, 44.7] deg
  saved_qinit = [0.014777, 0.210911, -0.009320, -2.284835, -0.002725, 2.493410, 0.780694] rad
  q_init reached.

-- start pose ----------------------------------------------------------------
  q_start          = [0.8, 12.1, -0.5, -130.9, -0.2, 142.9, 44.7] deg
  p_start          = [    531.2,       2.4,     156.7] mm

==============================================================================
  RUN
==============================================================================

-- phase: approach_orient ----------------------------------------------------
  Kp [t1,t2,n]     = [    150.0,     150.0,     150.0] N/m
  Dp [t1,t2,n]     = [    133.7,      94.2,     128.3] Ns/m     auto (factor 1.90)
  KR [t1,t2,n]     = [     90.0,      90.0,      90.0] Nm/rad
  DR [t1,t2,n]     = [     10.8,      17.7,       2.0] Nms/rad  auto (factor 1.90)
orient:     t=  0.0 s | axis_err= 10.9 deg | spin_err=  0.6 deg
orient:     t=  0.2 s | axis_err= 10.0 deg | spin_err=  0.4 deg
orient:     t=  0.4 s | axis_err=  7.5 deg | spin_err=  0.2 deg
orient:     t=  0.6 s | axis_err=  4.2 deg | spin_err=  0.1 deg
orient:     t=  0.8 s | axis_err=  2.5 deg | spin_err=  0.1 deg

Orientation reached: axis_err=2.0 deg | spin_err=0.0 deg

-- phase: approach_descend ---------------------------------------------------
  Kp [t1,t2,n]     = [    150.0,     150.0,     150.0] N/m
  Dp [t1,t2,n]     = [    133.7,      94.2,     128.3] Ns/m     auto (factor 1.90)
  KR [t1,t2,n]     = [     90.0,      90.0,      90.0] Nm/rad
  DR [t1,t2,n]     = [     10.8,      17.7,       2.0] Nms/rad  auto (factor 1.90)
  descend to         20 mm clearance at 0.100 m/s
descend:    t=  0.0 s | distance=   0.1 mm | height=+126.9 mm (target 20.0) | force=  0.0 N
descend:    t=  0.2 s | distance=  20.2 mm | height=+114.6 mm (target 20.0) | force=  1.1 N
descend:    t=  0.4 s | distance=  40.3 mm | height= +98.0 mm (target 20.0) | force=  1.4 N
descend:    t=  0.6 s | distance=  60.4 mm | height= +80.6 mm (target 20.0) | force=  2.1 N
descend:    t=  0.8 s | distance=  80.5 mm | height= +62.9 mm (target 20.0) | force=  1.7 N
descend:    t=  1.0 s | distance= 100.6 mm | height= +45.3 mm (target 20.0) | force=  3.1 N
descend:    t=  1.2 s | distance= 120.7 mm | height= +27.7 mm (target 20.0) | force=  2.3 N

Clearance reached: distance=129.6 mm | height=19.9 mm | target=20.0 mm | force=2.7 N
  offset_ee        = [     20.0,      60.0,      20.0] mm
  p_EE_at_contact  = [    501.1,       0.5,      44.3] mm
  contact_point    = [    516.5,     -60.4,       1.8] mm
  edge_offset      = [     15.4,     -60.9,     -42.5] mm

-- phase: setup --------------------------------------------------------------

-- setup impedance -----------------------------------------------------------
  law                wrench = K_TCP*dx + D_TCP*dv
                     K_TCP  = Ad(r_c)^T * blkdiag(Kp,KR) * Ad(r_c)
  Kp [t1,t2,n]     = [   2000.0,    2000.0,     350.0] N/m
  Dp [t1,t2,n]     = [    235.9,     175.8,     110.6] Ns/m     auto
  KR [t1,t2,n]     = [      5.0,       5.0,      50.0] Nm/rad
  DR [t1,t2,n]     = [      1.3,       2.2,       1.1] Nms/rad  auto
  p_c [EE]         = [      0.0,       0.0,       0.0] mm       resolved in the tool frame
  r_c [t1,t2,n]    = [      0.0,       0.0,       0.0] mm       commanded: p_TCP - p_c, in the plane
setup:     t=  0.0 s | tip=  0.0 deg | F=  0.1 N | M=  0.0 Nm (limit 150.0) | contact= 19.9 mm
setup:     t=  0.2 s | tip=  0.6 deg | F=  0.3 N | M=  0.2 Nm (limit 150.0) | contact=  7.6 mm
setup:     t=  0.4 s | tip=  1.3 deg | F=  7.1 N | M=  3.5 Nm (limit 150.0) | contact=  3.9 mm
setup:     t=  0.6 s | tip=  1.4 deg | F= 13.7 N | M=  7.1 Nm (limit 150.0) | contact=  3.8 mm
setup:     t=  0.8 s | tip=  1.4 deg | F= 19.1 N | M=  9.9 Nm (limit 150.0) | contact=  4.0 mm
setup:     t=  1.0 s | tip=  1.4 deg | F= 24.5 N | M= 12.7 Nm (limit 150.0) | contact=  4.3 mm
setup:     t=  1.2 s | tip=  1.4 deg | F= 29.9 N | M= 15.3 Nm (limit 150.0) | contact=  4.7 mm
setup:     t=  1.4 s | tip=  1.5 deg | F= 35.7 N | M= 18.3 Nm (limit 150.0) | contact=  5.4 mm
setup:     t=  1.6 s | tip=  1.7 deg | F= 41.5 N | M= 21.2 Nm (limit 150.0) | contact=  6.2 mm
setup:     t=  1.8 s | tip=  1.7 deg | F= 47.2 N | M= 23.9 Nm (limit 150.0) | contact=  6.7 mm
setup:     t=  2.0 s | tip=  1.8 deg | F= 52.4 N | M= 26.5 Nm (limit 150.0) | contact=  7.3 mm
setup:     t=  2.2 s | tip=  1.8 deg | F= 58.3 N | M= 29.4 Nm (limit 150.0) | contact=  7.8 mm
setup:     t=  2.4 s | tip=  1.8 deg | F= 64.3 N | M= 32.4 Nm (limit 150.0) | contact=  8.1 mm
setup:     t=  2.6 s | tip=  1.8 deg | F= 69.4 N | M= 34.9 Nm (limit 150.0) | contact=  8.2 mm
setup:     t=  2.8 s | tip=  1.9 deg | F= 75.3 N | M= 37.8 Nm (limit 150.0) | contact=  8.4 mm
setup:     t=  3.0 s | tip=  1.9 deg | F= 80.4 N | M= 40.4 Nm (limit 150.0) | contact=  8.5 mm
setup:     t=  3.2 s | tip=  1.9 deg | F= 85.4 N | M= 42.9 Nm (limit 150.0) | contact=  8.6 mm
setup:     t=  3.4 s | tip=  1.9 deg | F= 81.2 N | M= 40.8 Nm (limit 150.0) | contact=  8.5 mm
setup:     t=  3.6 s | tip=  1.9 deg | F= 81.1 N | M= 40.7 Nm (limit 150.0) | contact=  8.5 mm
setup:     t=  3.8 s | tip=  1.9 deg | F= 81.1 N | M= 40.7 Nm (limit 150.0) | contact=  8.5 mm
setup:     t=  4.0 s | tip=  1.9 deg | F= 81.0 N | M= 40.6 Nm (limit 150.0) | contact=  8.5 mm
setup:     t=  4.2 s | tip=  1.9 deg | F= 81.1 N | M= 40.7 Nm (limit 150.0) | contact=  8.5 mm
setup:     t=  4.4 s | tip=  1.9 deg | F= 80.9 N | M= 40.6 Nm (limit 150.0) | contact=  8.5 mm
setup:     t=  4.6 s | tip=  1.9 deg | F= 80.9 N | M= 40.6 Nm (limit 150.0) | contact=  8.5 mm
setup:     t=  4.8 s | tip=  1.9 deg | F= 80.8 N | M= 40.5 Nm (limit 150.0) | contact=  8.5 mm

==============================================================================
  SETUP RESULT
==============================================================================
  stop: time | t=5.0 s | tip=1.9 deg | F=80.9 N | M=40.6 Nm
  contact_from_start = [-4.7, -0.2, -7.1] mm | norm=8.5 mm
  tcp_from_contact  = [-19.9, +59.9, +16.6] mm | norm=65.3 mm
  alignment: before=10.03 deg | after=11.83 deg | gain=-1.80 deg
  alignment components [t1,t2,n] deg: before=[-0.79,-10.00,-0.00] | after=[-1.38,-11.75,-0.00]

-- setup surface-frame breakdown ---------------------------------------------
  frame              alignment-target [tangent1, tangent2, normal]
  force        [N]      = [    +7.11,     +0.90,    -80.58]
  tcp_disp     [mm]     = [    -4.11,     -0.32,    -25.99]
  contact_disp [mm]     = [    -4.61,     +0.02,     -7.19]
  Kp_eff=F/tcp [N/m]    = [  -1729.1,   -2836.2,    3099.8]
  M_contact    [Nm]     = [    -3.81,    +39.50,     -0.37]
  tip_angle    [deg]    = [    -0.63,     -1.74,     -0.24]
  KR_eff=M/ang [Nm/rad] = [    344.4,   -1297.8,      89.1]
  frame              tool face [length, width, tool axis]
  M_contact    [Nm]     = [   -39.49,     +3.37,     +2.08]

-- center of compliance ------------------------------------------------------
  definition         r_c = p_TCP - p_c
  p_TCP [x,y,z]    = [    496.5,      -0.5,      18.4] mm
  p_c [EE]         = [     -0.0,      -0.0,       0.0] mm
  r_c [t1,t2,n]    = [      0.0,       0.0,       0.0] mm
                     p_c resolved at end of setup

-- effective TCP impedance ---------------------------------------------------
  K_TCP translation = [   1999.5,    1998.7,     351.8] N/m
  K_TCP rotation   = [      5.0,       5.0,      50.0] Nm/rad
  commanded KR was = [      5.0,       5.0,      50.0] Nm/rad   including lever contribution
  D_TCP translation = [    235.8,     175.8,     110.7] Ns/m
  D_TCP rotation   = [      1.3,       2.2,       1.1] Nms/rad
  coupling           max |moment per unit translation| = 0.0 Nm/m (K), 0.0 Nms/m (D)
  eigenvalues        K_TCP 5.00 .. 2000 | D_TCP 1.11 .. 236  (both positive: valid springs)

  K_TCP [N/m, Nm/rad | rows fx..mz, cols tx..rz]:
           tx        ty        tz    |    rx        ry        rz
  fx [    2000  -0.7871   -28.44 |        0        0        0 ]
  fy [ -0.7871     1999   -45.62 |        0        0        0 ]
  fz [  -28.44   -45.62    351.8 |        0        0        0 ]
     ---------------------------+---------------------------
  mx [       0        0        0 |    5.013  0.02147   0.7756 ]
  my [       0        0        0 |  0.02147    5.034    1.244 ]
  mz [       0        0        0 |   0.7756    1.244    49.95 ]

  D_TCP [Ns/m, Nms/rad]:
           tx        ty        tz    |    rx        ry        rz
  fx [   235.8 -0.05975   -2.159 |        0        0        0 ]
  fy [-0.05975    175.8   -1.802 |        0        0        0 ]
  fz [  -2.159   -1.802    110.7 |        0        0        0 ]
     ---------------------------+---------------------------
  mx [       0        0        0 |    1.295 -9.017e-05 -0.003258 ]
  my [       0        0        0 | -9.017e-05    2.175 -0.02959 ]
  mz [       0        0        0 | -0.003258 -0.02959    1.107 ]

[GATE] Set up finished (still pressing). Press Enter to start the grind (e+Enter stops).

Stop requested with e + Enter. Finishing control loop...

-- joint motion [deg] --------------------------------------------------------
  joint       start    final    delta
  q1            0.8     -0.1     -0.9
  q2           12.1     30.3    +18.2
  q3           -0.5      0.1     +0.6
  q4         -130.9   -126.6     +4.3
  q5           -0.2     -0.4     -0.2
  q6          142.9    144.2     +1.3
  q7           44.7     45.2     +0.5

==============================================================================
  FINAL RESULT
==============================================================================
  p_d              = [    496.6,      -6.7,    -215.5] mm
  p_EE             = [    496.5,      -0.5,      18.4] mm
  e_p              = [      0.1,      -6.2,    -233.9] mm
  e_R              = [    -0.64,     -1.75,     -0.18] deg
------------------------------------------------------------------------------
  position error     233.99 mm
  rotation error     1.87 deg
  csv                logs/surface_grinding_controller_log.csv
------------------------------------------------------------------------------
