
==============================================================================
  SURFACE GRINDING CONTROLLER
==============================================================================
  robot              172.16.0.2
  parameters         /home/hm-panda/Desktop/Thesis_Final_Control/surface_grinding_controller/params
------------------------------------------------------------------------------

==============================================================================
  SURFACE GRINDING CONTROLLER - STARTUP MENU
==============================================================================

-- RUN MODES -----------------------------------------------------------------
  s      Run orientation, approach, contact establishment, and grinding
  h      Cartesian pose hold at the initial posture
  t      Cartesian pose hold with the contact establishment impedance
  g      Start manual guidance from the current robot pose

-- ROBOT PREPARATION ---------------------------------------------------------
  i      Move to the configured initial joint posture

-- GRIPPER AND TOOL ----------------------------------------------------------
  o      Open the gripper
  c      Grasp the tool
  r      Recalibrate the gripper with empty fingers
  f      Pick up the tool from the holder
  b      Return the tool to the holder

-- PROGRAM -------------------------------------------------------------------
  e      Exit
------------------------------------------------------------------------------
  During control: e = stop | m = startup menu | g = guidance
------------------------------------------------------------------------------
Selection [s/h/t/g/i/o/c/r/f/b/e]: 
-- SELECTED MODE: STATE SEQUENCE ---------------------------------------------

-- moving to q_init ----------------------------------------------------------
  case               saved_qinit
  q1..q7 [deg]     = [0.8, 12.1, -0.5, -130.9, -0.2, 142.9, 44.7] deg
  saved_qinit = [0.014777, 0.210911, -0.009320, -2.284835, -0.002725, 2.493410, 0.780694] rad
  q_init reached.

-- start pose ----------------------------------------------------------------
  q_start          = [0.8, 12.1, -0.5, -130.9, -0.1, 142.8, 44.7] deg
  p_start          = [    531.2,       2.3,     156.8] mm

==============================================================================
  RUN
==============================================================================

-- state: tool_orientation ---------------------------------------------------
  Kp [t1,t2,n]     = [    150.0,     150.0,     150.0] N/m
  Dp [t1,t2,n]     = [    133.7,      94.2,     128.3] Ns/m     auto (factor 1.90)
  KR [t1,t2,n]     = [    180.0,     180.0,      90.0] Nm/rad
  DR [t1,t2,n]     = [     15.3,      25.0,       2.0] Nms/rad  auto (factor 1.90)
orient:     t=  0.0 s | axis_err=  8.5 deg | spin_err=  0.5 deg
orient:     t=  0.2 s | axis_err=  7.1 deg | spin_err=  0.2 deg
orient:     t=  0.4 s | axis_err=  3.2 deg | spin_err=  0.2 deg
orient:     t=  0.6 s | axis_err=  1.0 deg | spin_err=  0.2 deg
orient:     t=  0.8 s | axis_err=  0.8 deg | spin_err=  0.2 deg

Orientation reached: axis_err=0.7 deg | spin_err=0.2 deg

-- state: surface_approach ---------------------------------------------------
  Kp [t1,t2,n]     = [    150.0,     150.0,     150.0] N/m
  Dp [t1,t2,n]     = [    133.7,      94.2,     128.3] Ns/m     auto (factor 1.90)
  KR [t1,t2,n]     = [    180.0,     180.0,      90.0] Nm/rad
  DR [t1,t2,n]     = [     15.3,      25.0,       2.0] Nms/rad  auto (factor 1.90)
  descend to         20 mm clearance at 0.100 m/s
descend:    t=  0.0 s | distance=   0.1 mm | height=+122.0 mm (target 20.0) | force=  0.0 N
descend:    t=  0.2 s | distance=  20.2 mm | height=+111.2 mm (target 20.0) | force=  1.2 N
descend:    t=  0.4 s | distance=  40.3 mm | height= +95.7 mm (target 20.0) | force=  2.1 N
descend:    t=  0.6 s | distance=  60.4 mm | height= +79.4 mm (target 20.0) | force=  2.6 N
descend:    t=  0.8 s | distance=  80.5 mm | height= +62.4 mm (target 20.0) | force=  2.5 N
descend:    t=  1.0 s | distance= 100.6 mm | height= +45.5 mm (target 20.0) | force=  3.2 N
descend:    t=  1.2 s | distance= 120.7 mm | height= +28.1 mm (target 20.0) | force=  2.6 N

Clearance reached: distance=130.3 mm | height=19.9 mm | target=20.0 mm | force=1.3 N
  offset_ee        = [     20.0,      60.0,      20.0] mm
  p_EE_at_contact  = [    516.9,       0.8,      49.9] mm
  contact_point    = [    535.4,     -56.6,       1.4] mm
  edge_offset      = [     18.5,     -57.4,     -48.5] mm

-- state: contact_establishment ----------------------------------------------

-- contact establishment impedance -------------------------------------------
  law                wrench = K_TCP*dx + D_TCP*dv
                     K_TCP  = Ad(r_c)^T * blkdiag(Kp,KR) * Ad(r_c)
  Kp [t1,t2,n]     = [   2000.0,    2000.0,     350.0] N/m
  Dp [t1,t2,n]     = [    231.2,     178.1,     112.1] Ns/m     auto
  KR [t1,t2,n]     = [      5.0,       5.0,      50.0] Nm/rad
  DR [t1,t2,n]     = [      1.5,       1.9,       1.2] Nms/rad  auto
  p_c [EE]         = [      0.0,     100.0,       0.0] mm       commanded in the tool frame
  r_c [t1,t2,n]    = [      0.1,     -98.8,     -15.6] mm       p_c - p_TCP, in the plane
contact establishment:     t=  0.0 s | ee=  0.0 deg | F=  0.2 N | M=  0.0 Nm | contact= 19.9 mm
contact establishment:     t=  0.2 s | ee=  1.0 deg | F=  1.6 N | M=  0.5 Nm | contact=  7.0 mm
contact establishment:     t=  0.4 s | ee=  1.6 deg | F= 20.3 N | M=  0.9 Nm | contact=  3.5 mm
contact establishment:     t=  0.6 s | ee=  1.6 deg | F= 15.9 N | M=  0.8 Nm | contact=  3.7 mm
contact establishment:     t=  0.8 s | ee=  1.6 deg | F= 21.6 N | M=  1.0 Nm | contact=  3.8 mm
contact establishment:     t=  1.0 s | ee=  1.7 deg | F= 27.0 N | M=  1.3 Nm | contact=  4.0 mm
contact establishment:     t=  1.2 s | ee=  1.7 deg | F= 32.7 N | M=  1.6 Nm | contact=  4.1 mm
contact establishment:     t=  1.4 s | ee=  1.7 deg | F= 38.3 N | M=  2.0 Nm | contact=  4.3 mm
contact establishment:     t=  1.6 s | ee=  1.7 deg | F= 43.8 N | M=  2.3 Nm | contact=  4.5 mm
contact establishment:     t=  1.8 s | ee=  1.7 deg | F= 49.5 N | M=  2.7 Nm | contact=  4.6 mm
contact establishment:     t=  2.0 s | ee=  1.7 deg | F= 55.0 N | M=  3.1 Nm | contact=  4.8 mm
contact establishment:     t=  2.2 s | ee=  1.7 deg | F= 60.6 N | M=  3.4 Nm | contact=  5.0 mm
contact establishment:     t=  2.4 s | ee=  1.7 deg | F= 67.4 N | M=  3.6 Nm | contact=  5.1 mm
contact establishment:     t=  2.6 s | ee=  2.0 deg | F= 73.2 N | M=  4.1 Nm | contact=  5.3 mm
contact establishment:     t=  2.8 s | ee=  2.8 deg | F= 78.2 N | M=  4.4 Nm | contact=  5.6 mm
contact establishment:     t=  3.0 s | ee=  4.2 deg | F= 83.0 N | M=  4.7 Nm | contact=  6.0 mm
contact establishment:     t=  3.2 s | ee=  6.3 deg | F= 86.4 N | M=  4.8 Nm | contact=  6.3 mm
contact establishment:     t=  3.4 s | ee=  8.8 deg | F= 78.9 N | M=  3.8 Nm | contact=  6.7 mm
contact establishment:     t=  3.6 s | ee= 11.3 deg | F= 78.4 N | M=  4.2 Nm | contact=  7.2 mm
contact establishment:     t=  3.8 s | ee= 14.0 deg | F= 74.4 N | M=  3.2 Nm | contact=  8.3 mm
contact establishment:     t=  4.0 s | ee= 16.2 deg | F= 75.7 N | M=  3.1 Nm | contact=  8.4 mm
contact establishment:     t=  4.2 s | ee= 18.2 deg | F= 77.9 N | M=  3.3 Nm | contact=  8.5 mm
contact establishment:     t=  4.4 s | ee= 19.9 deg | F= 78.5 N | M=  3.3 Nm | contact=  8.8 mm
contact establishment:     t=  4.6 s | ee= 21.0 deg | F= 77.6 N | M=  3.1 Nm | contact=  9.3 mm
contact establishment:     t=  4.8 s | ee= 22.2 deg | F= 77.2 N | M=  2.8 Nm | contact=  9.5 mm

==============================================================================
  CONTACT-ESTABLISHMENT RESULT
==============================================================================
  stop: time | t=5.0 s | ee=22.9 deg | F=77.4 N | M_TCP=2.6 Nm
  contact_from_start = [-5.2, -3.5, -7.4] mm | norm=9.7 mm
  tcp_from_contact  = [-23.4, +37.6, +41.3] mm | norm=60.6 mm
  deviation: before=9.38 deg | after=32.24 deg | gain=-22.86 deg
  t_align: not reached | tolerance=2.00 deg | hold=0.30 s
  t_align_fraction: not reached | fraction=0.50 of the deviation at contact
  deviation_min: 9.34 deg at t=0.05 s
  align_status: not_aligned
  deviation components [t1,t2,n] deg: before=[-9.37,-0.46,+0.00] | after=[-32.17,-2.13,-0.00]

-- contact establishment surface-frame breakdown -----------------------------
  frame              alignment-target [tangent1, tangent2, normal]
  force        [N]      = [    +9.51,     -2.69,    -76.75]
  tcp_disp     [mm]     = [    -4.81,    -19.55,     -7.78]
  contact_disp [mm]     = [    -5.05,     -3.24,     -7.62]
  Kp_eff=F/tcp [N/m]    = [  -1979.7,     137.5,    9866.7]
  M_contact    [Nm]     = [    -0.38,     -0.39,     +0.03]
  ee_angle     [deg]    = [   -22.82,     -1.36,     -0.84]
  KR_eff=M/ang [Nm/rad] = [      1.0,      16.4,      -1.8]
  frame              tool face [length, width, tool axis]
  M_contact    [Nm]     = [    +0.31,     +0.39,     -0.22]

-- center of compliance ------------------------------------------------------
  definition         r_c = p_c - p_TCP
  p_TCP [x,y,z]    = [    511.9,     -18.9,      42.7] mm
  p_c [EE]         = [      0.0,     100.0,       0.0] mm
  r_c [t1,t2,n]    = [      0.6,     -85.0,     -52.7] mm
                     p_c resolved at end of contact establishment

-- effective TCP impedance ---------------------------------------------------
  K_TCP translation = [   1999.5,    1998.7,     351.8] N/m
  K_TCP rotation   = [     13.1,      10.1,      64.9] Nm/rad
  commanded KR was = [      5.0,       5.0,      50.0] Nm/rad   including lever contribution
  D_TCP translation = [    231.1,     178.1,     112.2] Ns/m
  D_TCP rotation   = [      2.8,       2.5,       2.9] Nms/rad
  coupling           max |moment per unit translation| = 172.8 Nm/m (K), 20.0 Nms/m (D)
  eigenvalues        K_TCP 4.95 .. 2020 | D_TCP 1.20 .. 233  (both positive: valid springs)

  K_TCP [N/m, Nm/rad | rows fx..mz, cols tx..rz]:
           tx        ty        tz    |    rx        ry        rz
  fx [    2000  -0.7871   -28.44 |    2.418   -100.7    172.8 ]
  fy [ -0.7871     1999   -45.62 |    104.6  0.02548  -0.6878 ]
  fz [  -28.44   -45.62    351.8 |   -32.69    1.541   -2.443 ]
     ---------------------------+---------------------------
  mx [   2.418    104.6   -32.69 |     13.1  -0.1104   0.9521 ]
  my [  -100.7  0.02548    1.541 |  -0.1104     10.1   -7.454 ]
  mz [   172.8  -0.6878   -2.443 |   0.9521   -7.454    64.88 ]

  D_TCP [Ns/m, Nms/rad]:
           tx        ty        tz    |    rx        ry        rz
  fx [   231.1  -0.0568   -2.052 |   0.1745   -11.64    19.97 ]
  fy [ -0.0568    178.1   -1.826 |    9.123 0.002293 -0.06012 ]
  fz [  -2.052   -1.826    112.2 |   -9.783   0.1381  -0.1767 ]
     ---------------------------+---------------------------
  mx [  0.1745    9.123   -9.783 |    2.797 -0.01195 0.007345 ]
  my [  -11.64 0.002293   0.1381 | -0.01195     2.48   -1.024 ]
  mz [   19.97 -0.06012  -0.1767 | 0.007345   -1.024    2.934 ]

[STATE] Pre-grinding hold active. Press Enter to start grinding (e+Enter stops).

-- state: pre_grinding_hold --------------------------------------------------
  motion             established contact command
  impedance          inherited from contact establishment
  keys               Enter continue | e stop

Stop requested with e + Enter. Finishing control loop...

-- joint motion [deg] --------------------------------------------------------
  joint       start    final    delta
  q1            0.8     -4.2     -5.1
  q2           12.1     29.7    +17.6
  q3           -0.5     -4.6     -4.1
  q4         -130.9   -123.7     +7.2
  q5           -0.1     45.6    +45.7
  q6          142.8    133.3     -9.5
  q7           44.7     -2.3    -47.0

==============================================================================
  FINAL RESULT
==============================================================================
  p_d              = [    512.4,      -6.4,    -210.0] mm
  p_EE             = [    511.9,     -18.9,      42.7] mm
  e_p              = [      0.5,      12.6,    -252.6] mm
  e_R              = [   -22.84,     -1.37,     -0.41] deg
------------------------------------------------------------------------------
  position error     252.96 mm
  rotation error     22.88 deg
  csv                logs/surface_grinding_controller_log.csv
------------------------------------------------------------------------------
