
==============================================================================
  SURFACE GRINDING CONTROLLER
==============================================================================
  robot              172.16.0.2
  parameters         /home/hm-panda/Desktop/Thesis_Final_Control/surface_grinding_controller/params
------------------------------------------------------------------------------

==============================================================================
  SURFACE GRINDING CONTROLLER - STARTUP MENU
==============================================================================

-- RUN MODES -----------------------------------------------------------------
  s      Run orientation, approach, setup, and grinding
  h      Cartesian pose hold at the initial posture
  t      Cartesian pose hold with the setup impedance
  g      Start manual guidance from the current robot pose

-- ROBOT PREPARATION ---------------------------------------------------------
  i      Move to the configured initial joint posture

-- GRIPPER AND TOOL ----------------------------------------------------------
  o      Open the gripper
  c      Grasp the tool
  r      Recalibrate the gripper with empty fingers
  f      Pick up the tool from the holder
  b      Return the tool to the holder

-- PROGRAM -------------------------------------------------------------------
  e      Exit
------------------------------------------------------------------------------
  During control: e = stop | m = startup menu | g = guidance
------------------------------------------------------------------------------
Selection [s/h/t/g/i/o/c/r/f/b/e]: 
-- SELECTED MODE: PHASE SEQUENCE ---------------------------------------------

-- moving to q_init ----------------------------------------------------------
  case               saved_qinit
  q1..q7 [deg]     = [0.8, 12.1, -0.5, -130.9, -0.2, 142.9, 44.7] deg
  saved_qinit = [0.014777, 0.210911, -0.009320, -2.284835, -0.002725, 2.493410, 0.780694] rad
  q_init reached.

-- start pose ----------------------------------------------------------------
  q_start          = [0.9, 12.1, -0.5, -130.9, -0.1, 142.9, 44.7] deg
  p_start          = [    531.3,       2.5,     156.8] mm

==============================================================================
  RUN
==============================================================================

-- phase: approach_orient ----------------------------------------------------
  Kp [t1,t2,n]     = [    150.0,     150.0,     150.0] N/m
  Dp [t1,t2,n]     = [    133.7,      94.2,     128.3] Ns/m     auto (factor 1.90)
  KR [t1,t2,n]     = [     90.0,      90.0,      90.0] Nm/rad
  DR [t1,t2,n]     = [     10.8,      17.7,       2.0] Nms/rad  auto (factor 1.90)
orient:     t=  0.0 s | axis_err=  3.7 deg | spin_err=  0.7 deg
orient:     t=  0.2 s | axis_err=  2.9 deg | spin_err=  0.4 deg
orient:     t=  0.4 s | axis_err=  1.7 deg | spin_err=  0.2 deg

Orientation reached: axis_err=1.5 deg | spin_err=0.1 deg

-- phase: approach_descend ---------------------------------------------------
  Kp [t1,t2,n]     = [    150.0,     150.0,     150.0] N/m
  Dp [t1,t2,n]     = [    133.7,      94.2,     128.3] Ns/m     auto (factor 1.90)
  KR [t1,t2,n]     = [     90.0,      90.0,      90.0] Nm/rad
  DR [t1,t2,n]     = [     10.8,      17.7,       2.0] Nms/rad  auto (factor 1.90)
  descend to         20 mm clearance at 0.100 m/s
descend:    t=  0.0 s | distance=   0.1 mm | height=+130.6 mm (target 20.0) | force=  0.0 N
descend:    t=  0.2 s | distance=  20.1 mm | height=+119.2 mm (target 20.0) | force=  1.1 N
descend:    t=  0.4 s | distance=  40.1 mm | height=+102.7 mm (target 20.0) | force=  2.4 N
descend:    t=  0.6 s | distance=  60.2 mm | height= +85.2 mm (target 20.0) | force=  1.9 N
descend:    t=  0.8 s | distance=  80.3 mm | height= +66.9 mm (target 20.0) | force=  2.5 N
descend:    t=  1.0 s | distance= 100.4 mm | height= +48.8 mm (target 20.0) | force=  1.6 N
descend:    t=  1.2 s | distance= 120.5 mm | height= +30.9 mm (target 20.0) | force=  2.5 N

Clearance reached: distance=133.2 mm | height=20.0 mm | target=20.0 mm | force=2.6 N
  offset_ee        = [     20.0,      60.0,      20.0] mm
  p_EE_at_contact  = [    520.3,       2.7,      44.1] mm
  contact_point    = [    539.3,     -57.0,       1.3] mm
  edge_offset      = [     19.0,     -59.8,     -42.8] mm

-- phase: setup --------------------------------------------------------------

-- setup impedance -----------------------------------------------------------
  law                wrench = K_TCP*dx + D_TCP*dv
                     K_TCP  = Ad(r_c)^T * blkdiag(Kp,KR) * Ad(r_c)
  Kp [t1,t2,n]     = [   2000.0,    2000.0,     350.0] N/m
  Dp [t1,t2,n]     = [    231.5,     171.9,     112.9] Ns/m     auto
  KR [t1,t2,n]     = [      5.0,       5.0,      50.0] Nm/rad
  DR [t1,t2,n]     = [      1.4,       2.0,       0.9] Nms/rad  auto
  p_c [EE]         = [      0.0,       0.0,      60.0] mm       commanded in the tool frame
  r_c [t1,t2,n]    = [      0.6,      -4.0,      59.9] mm       p_TCP - p_c, in the plane
setup:     t=  0.0 s | tip=  0.0 deg | F=  0.0 N | M=  0.0 Nm (limit 150.0) | contact= 19.9 mm
setup:     t=  0.2 s | tip=  0.5 deg | F=  1.2 N | M=  0.7 Nm (limit 150.0) | contact=  7.6 mm
setup:     t=  0.4 s | tip=  1.1 deg | F= 19.5 N | M= 10.1 Nm (limit 150.0) | contact=  1.7 mm
setup:     t=  0.6 s | tip=  1.1 deg | F= 15.8 N | M=  8.6 Nm (limit 150.0) | contact=  1.8 mm
setup:     t=  0.8 s | tip=  1.1 deg | F= 20.8 N | M= 11.2 Nm (limit 150.0) | contact=  1.9 mm
setup:     t=  1.0 s | tip=  1.2 deg | F= 26.1 N | M= 14.0 Nm (limit 150.0) | contact=  2.0 mm
setup:     t=  1.2 s | tip=  1.2 deg | F= 31.2 N | M= 16.6 Nm (limit 150.0) | contact=  2.3 mm
setup:     t=  1.4 s | tip=  1.3 deg | F= 36.8 N | M= 19.5 Nm (limit 150.0) | contact=  2.5 mm
setup:     t=  1.6 s | tip=  1.3 deg | F= 43.8 N | M= 23.0 Nm (limit 150.0) | contact=  2.6 mm
setup:     t=  1.8 s | tip=  2.1 deg | F= 46.8 N | M= 24.7 Nm (limit 150.0) | contact=  3.0 mm
setup:     t=  2.0 s | tip=  2.8 deg | F= 52.7 N | M= 27.9 Nm (limit 150.0) | contact=  3.1 mm
setup:     t=  2.2 s | tip=  2.8 deg | F= 58.4 N | M= 30.8 Nm (limit 150.0) | contact=  3.2 mm
setup:     t=  2.4 s | tip=  2.8 deg | F= 64.4 N | M= 33.9 Nm (limit 150.0) | contact=  3.4 mm
setup:     t=  2.6 s | tip=  2.8 deg | F= 70.1 N | M= 36.8 Nm (limit 150.0) | contact=  3.5 mm
setup:     t=  2.8 s | tip=  2.8 deg | F= 75.7 N | M= 39.7 Nm (limit 150.0) | contact=  3.7 mm
setup:     t=  3.0 s | tip=  2.8 deg | F= 81.1 N | M= 42.5 Nm (limit 150.0) | contact=  3.8 mm
setup:     t=  3.2 s | tip=  2.8 deg | F= 86.5 N | M= 45.3 Nm (limit 150.0) | contact=  3.9 mm
setup:     t=  3.4 s | tip=  2.8 deg | F= 81.5 N | M= 42.8 Nm (limit 150.0) | contact=  3.8 mm
setup:     t=  3.6 s | tip=  2.8 deg | F= 81.4 N | M= 42.8 Nm (limit 150.0) | contact=  3.8 mm
setup:     t=  3.8 s | tip=  2.8 deg | F= 81.4 N | M= 42.7 Nm (limit 150.0) | contact=  3.8 mm
setup:     t=  4.0 s | tip=  2.8 deg | F= 81.3 N | M= 42.7 Nm (limit 150.0) | contact=  3.9 mm
setup:     t=  4.2 s | tip=  2.8 deg | F= 81.4 N | M= 42.7 Nm (limit 150.0) | contact=  3.8 mm
setup:     t=  4.4 s | tip=  2.8 deg | F= 81.3 N | M= 42.7 Nm (limit 150.0) | contact=  3.9 mm
setup:     t=  4.6 s | tip=  2.8 deg | F= 81.3 N | M= 42.7 Nm (limit 150.0) | contact=  3.8 mm
setup:     t=  4.8 s | tip=  2.8 deg | F= 81.2 N | M= 42.7 Nm (limit 150.0) | contact=  3.9 mm

==============================================================================
  SETUP RESULT
==============================================================================
  stop: time | t=5.0 s | tip=2.8 deg | F=81.2 N | M=42.7 Nm
  contact_from_start = [-1.2, +1.1, -3.5] mm | norm=3.9 mm
  tcp_from_contact  = [-19.9, +61.3, +17.3] mm | norm=66.7 mm
  alignment: before=3.83 deg | after=2.37 deg | gain=+1.45 deg
  alignment components [t1,t2,n] deg: before=[-3.78,-0.59,-0.00] | after=[-1.36,-1.95,-0.00]

-- setup surface-frame breakdown ---------------------------------------------
  frame              alignment-target [tangent1, tangent2, normal]
  force        [N]      = [    +4.21,     +1.07,    -81.11]
  tcp_disp     [mm]     = [    -0.48,     +2.23,    -25.46]
  contact_disp [mm]     = [    -1.19,     +1.20,     -3.46]
  Kp_eff=F/tcp [N/m]    = [  -8786.1,     477.7,    3186.3]
  M_contact    [Nm]     = [    -5.78,    +41.19,     +0.43]
  tip_angle    [deg]    = [    +2.43,     -1.37,     +0.15]
  KR_eff=M/ang [Nm/rad] = [   -136.5,   -1725.8,     158.7]
  frame              tool face [length, width, tool axis]
  M_contact    [Nm]     = [   -41.16,     +5.93,     +0.75]

-- center of compliance ------------------------------------------------------
  definition         r_c = p_TCP - p_c
  p_TCP [x,y,z]    = [    519.4,       4.3,      18.6] mm
  p_c [EE]         = [     -0.0,       0.0,      60.0] mm
  r_c [t1,t2,n]    = [      2.0,      -1.4,      59.9] mm
                     p_c resolved at end of setup

-- effective TCP impedance ---------------------------------------------------
  K_TCP translation = [   1999.5,    1998.7,     351.8] N/m
  K_TCP rotation   = [     12.2,      12.2,      50.0] Nm/rad
  commanded KR was = [      5.0,       5.0,      50.0] Nm/rad   including lever contribution
  D_TCP translation = [    231.4,     171.8,     113.0] Ns/m
  D_TCP rotation   = [      2.0,       2.8,       0.9] Nms/rad
  coupling           max |moment per unit translation| = 119.9 Nm/m (K), 13.9 Nms/m (D)
  eigenvalues        K_TCP 4.98 .. 2007 | D_TCP 0.88 .. 232  (both positive: valid springs)

  K_TCP [N/m, Nm/rad | rows fx..mz, cols tx..rz]:
           tx        ty        tz    |    rx        ry        rz
  fx [    2000  -0.7871   -28.44 | -0.04048   -119.9   0.4727 ]
  fy [ -0.7871     1999   -45.62 |    119.8 -0.09298    -6.14 ]
  fz [  -28.44   -45.62    351.8 |   -2.816    2.785   0.1335 ]
     ---------------------------+---------------------------
  mx [-0.04048    119.8   -2.816 |    12.19  0.01524   0.4076 ]
  my [  -119.9 -0.09298    2.785 |  0.01524    12.23    1.216 ]
  mz [  0.4727    -6.14   0.1335 |   0.4076    1.216    49.97 ]

  D_TCP [Ns/m, Nms/rad]:
           tx        ty        tz    |    rx        ry        rz
  fx [   231.4 -0.05655   -2.043 | -0.002908   -13.87   0.0546 ]
  fy [-0.05655    171.8    -1.63 |     10.3 -0.001618  -0.5278 ]
  fz [  -2.043    -1.63      113 |  -0.1242   0.4695 0.004526 ]
     ---------------------------+---------------------------
  mx [-0.002908     10.3  -0.1242 |    1.999 -0.0004449 -0.04021 ]
  my [  -13.87 -0.001618   0.4695 | -0.0004449    2.788 -0.03291 ]
  mz [  0.0546  -0.5278 0.004526 | -0.04021 -0.03291   0.8868 ]

[GATE] Set up finished (still pressing). Press Enter to start the grind (e+Enter stops).

Stop requested with e + Enter. Finishing control loop...

-- joint motion [deg] --------------------------------------------------------
  joint       start    final    delta
  q1            0.9      1.9     +1.0
  q2           12.1     30.3    +18.2
  q3           -0.5     -1.2     -0.7
  q4         -130.9   -129.2     +1.7
  q5           -0.1      1.1     +1.2
  q6          142.9    156.6    +13.7
  q7           44.7     45.1     +0.3

==============================================================================
  FINAL RESULT
==============================================================================
  p_d              = [    515.8,      -4.4,    -215.7] mm
  p_EE             = [    519.4,       4.3,      18.6] mm
  e_p              = [     -3.6,      -8.7,    -234.3] mm
  e_R              = [     2.43,     -1.36,      0.15] deg
------------------------------------------------------------------------------
  position error     234.51 mm
  rotation error     2.79 deg
  csv                logs/surface_grinding_controller_log.csv
------------------------------------------------------------------------------
