
==============================================================================
  SURFACE GRINDING CONTROLLER
==============================================================================
  robot              172.16.0.2
  parameters         /home/hm-panda/Desktop/Thesis_Final_Control/surface_grinding_controller/params
------------------------------------------------------------------------------

==============================================================================
  SURFACE GRINDING CONTROLLER - STARTUP MENU
==============================================================================

-- RUN MODES -----------------------------------------------------------------
  s      Run orientation, approach, contact establishment, and grinding
  h      Cartesian pose hold at the initial posture
  t      Cartesian pose hold with the contact establishment impedance
  g      Start manual guidance from the current robot pose

-- ROBOT PREPARATION ---------------------------------------------------------
  i      Move to the configured initial joint posture

-- GRIPPER AND TOOL ----------------------------------------------------------
  o      Open the gripper
  c      Grasp the tool
  r      Recalibrate the gripper with empty fingers
  f      Pick up the tool from the holder
  b      Return the tool to the holder

-- PROGRAM -------------------------------------------------------------------
  e      Exit
------------------------------------------------------------------------------
  During control: e = stop | m = startup menu | g = guidance
------------------------------------------------------------------------------
Selection [s/h/t/g/i/o/c/r/f/b/e]: 
-- SELECTED MODE: STATE SEQUENCE ---------------------------------------------

-- moving to q_init ----------------------------------------------------------
  case               saved_qinit
  q1..q7 [deg]     = [0.8, 12.1, -0.5, -130.9, -0.2, 142.9, 44.7] deg
  saved_qinit = [0.014777, 0.210911, -0.009320, -2.284835, -0.002725, 2.493410, 0.780694] rad
  q_init reached.

-- start pose ----------------------------------------------------------------
  q_start          = [0.9, 12.1, -0.5, -130.9, -0.2, 142.9, 44.7] deg
  p_start          = [    531.3,       2.7,     156.8] mm

==============================================================================
  RUN
==============================================================================

-- state: tool_orientation ---------------------------------------------------
  Kp [t1,t2,n]     = [    150.0,     150.0,     150.0] N/m
  Dp [t1,t2,n]     = [    133.7,      94.2,     128.3] Ns/m     auto (factor 1.90)
  KR [t1,t2,n]     = [    180.0,     180.0,      90.0] Nm/rad
  DR [t1,t2,n]     = [     15.3,      25.0,       2.0] Nms/rad  auto (factor 1.90)
orient:     t=  0.0 s | axis_err= 12.0 deg | spin_err=  0.9 deg
orient:     t=  0.2 s | axis_err= 10.3 deg | spin_err=  0.9 deg
orient:     t=  0.4 s | axis_err=  6.6 deg | spin_err=  0.6 deg
orient:     t=  0.6 s | axis_err=  2.7 deg | spin_err=  0.3 deg
orient:     t=  0.8 s | axis_err=  1.0 deg | spin_err=  0.2 deg

Orientation reached: axis_err=0.8 deg | spin_err=0.2 deg

-- state: surface_approach ---------------------------------------------------
  Kp [t1,t2,n]     = [    150.0,     150.0,     150.0] N/m
  Dp [t1,t2,n]     = [    133.7,      94.2,     128.3] Ns/m     auto (factor 1.90)
  KR [t1,t2,n]     = [    180.0,     180.0,      90.0] Nm/rad
  DR [t1,t2,n]     = [     15.3,      25.0,       2.0] Nms/rad  auto (factor 1.90)
  descend to         20 mm clearance at 0.100 m/s
descend:    t=  0.0 s | distance=   0.1 mm | height=+120.9 mm (target 20.0) | force=  0.0 N
descend:    t=  0.2 s | distance=  20.2 mm | height=+110.7 mm (target 20.0) | force=  1.6 N
descend:    t=  0.4 s | distance=  40.3 mm | height= +96.0 mm (target 20.0) | force=  2.9 N
descend:    t=  0.6 s | distance=  60.4 mm | height= +80.0 mm (target 20.0) | force=  2.6 N
descend:    t=  0.8 s | distance=  80.5 mm | height= +63.3 mm (target 20.0) | force=  1.4 N
descend:    t=  1.0 s | distance= 100.6 mm | height= +46.4 mm (target 20.0) | force=  2.9 N
descend:    t=  1.2 s | distance= 120.7 mm | height= +29.5 mm (target 20.0) | force=  2.0 N

Clearance reached: distance=132.2 mm | height=19.9 mm | target=20.0 mm | force=2.8 N
  offset_ee        = [     20.0,     -60.0,      20.0] mm
  p_EE_at_contact  = [    514.5,       0.8,      50.7] mm
  contact_point    = [    532.9,      54.9,      -1.7] mm
  edge_offset      = [     18.5,      54.1,     -52.4] mm

-- state: contact_establishment ----------------------------------------------

-- contact establishment impedance -------------------------------------------
  law                wrench = K_TCP*dx + D_TCP*dv
                     K_TCP  = Ad(r_c)^T * blkdiag(Kp,KR) * Ad(r_c)
  Kp [t1,t2,n]     = [   2000.0,    2000.0,     350.0] N/m
  Dp [t1,t2,n]     = [    234.1,     174.7,     111.5] Ns/m     auto
  KR [t1,t2,n]     = [      5.0,       5.0,      50.0] Nm/rad
  DR [t1,t2,n]     = [      1.3,       2.0,       1.3] Nms/rad  auto
  p_c [EE]         = [      0.0,     -90.0,       0.0] mm       commanded in the tool frame
  r_c [t1,t2,n]    = [      0.1,      88.7,     -15.4] mm       p_c - p_TCP, in the plane
contact establishment:     t=  0.0 s | ee=  0.0 deg | F=  0.1 N | M=  0.0 Nm | contact= 19.8 mm
contact establishment:     t=  0.2 s | ee=  1.0 deg | F=  0.7 N | M=  0.4 Nm | contact=  7.3 mm
contact establishment:     t=  0.4 s | ee=  1.4 deg | F= 12.6 N | M=  0.9 Nm | contact=  2.3 mm
contact establishment:     t=  0.6 s | ee=  1.4 deg | F= 15.2 N | M=  0.9 Nm | contact=  2.3 mm
contact establishment:     t=  0.8 s | ee=  1.4 deg | F= 20.8 N | M=  1.2 Nm | contact=  2.4 mm
contact establishment:     t=  1.0 s | ee=  1.5 deg | F= 26.1 N | M=  1.6 Nm | contact=  2.4 mm
contact establishment:     t=  1.2 s | ee=  1.5 deg | F= 31.8 N | M=  2.0 Nm | contact=  2.5 mm
contact establishment:     t=  1.4 s | ee=  1.5 deg | F= 37.3 N | M=  2.3 Nm | contact=  2.5 mm
contact establishment:     t=  1.6 s | ee=  1.5 deg | F= 42.9 N | M=  2.8 Nm | contact=  2.6 mm
contact establishment:     t=  1.8 s | ee=  1.5 deg | F= 48.5 N | M=  3.2 Nm | contact=  2.7 mm
contact establishment:     t=  2.0 s | ee=  1.5 deg | F= 54.0 N | M=  3.4 Nm | contact=  2.8 mm
contact establishment:     t=  2.2 s | ee=  1.5 deg | F= 59.6 N | M=  3.8 Nm | contact=  2.9 mm
contact establishment:     t=  2.4 s | ee=  1.4 deg | F= 65.2 N | M=  4.2 Nm | contact=  2.9 mm
contact establishment:     t=  2.6 s | ee=  1.4 deg | F= 70.7 N | M=  4.5 Nm | contact=  3.0 mm
contact establishment:     t=  2.8 s | ee=  1.4 deg | F= 76.3 N | M=  4.9 Nm | contact=  3.1 mm
contact establishment:     t=  3.0 s | ee=  1.5 deg | F= 83.2 N | M=  5.3 Nm | contact=  3.1 mm
contact establishment:     t=  3.2 s | ee=  1.9 deg | F= 89.2 N | M=  5.6 Nm | contact=  3.1 mm
contact establishment:     t=  3.4 s | ee=  2.6 deg | F= 83.5 N | M=  5.5 Nm | contact=  2.9 mm
contact establishment:     t=  3.6 s | ee=  2.8 deg | F= 82.6 N | M=  5.3 Nm | contact=  3.0 mm
contact establishment:     t=  3.8 s | ee=  2.9 deg | F= 82.6 N | M=  5.3 Nm | contact=  3.0 mm
contact establishment:     t=  4.0 s | ee=  2.9 deg | F= 82.7 N | M=  5.4 Nm | contact=  3.0 mm
contact establishment:     t=  4.2 s | ee=  2.9 deg | F= 82.7 N | M=  5.4 Nm | contact=  3.0 mm
contact establishment:     t=  4.4 s | ee=  2.9 deg | F= 82.7 N | M=  5.4 Nm | contact=  3.0 mm
contact establishment:     t=  4.6 s | ee=  2.9 deg | F= 82.7 N | M=  5.3 Nm | contact=  3.0 mm
contact establishment:     t=  4.8 s | ee=  2.9 deg | F= 82.7 N | M=  5.4 Nm | contact=  3.0 mm

==============================================================================
  CONTACT-ESTABLISHMENT RESULT
==============================================================================
  stop: time | t=5.0 s | ee=2.9 deg | F=82.7 N | M_TCP=5.4 Nm
  contact_from_start = [-2.6, +0.4, -1.3] mm | norm=3.0 mm
  tcp_from_contact  = [-21.1, -52.5, +34.1] mm | norm=66.1 mm
  deviation: before=9.49 deg | after=12.36 deg | gain=-2.88 deg
  t_align: not reached | tolerance=2.00 deg | hold=0.30 s
  t_align_fraction: not reached | fraction=0.50 of the deviation at contact
  deviation_min: 9.45 deg at t=0.05 s
  align_status: not_aligned
  deviation components [t1,t2,n] deg: before=[+9.47,-0.50,-0.00] | after=[+12.31,-1.16,+0.00]

-- contact establishment surface-frame breakdown -----------------------------
  frame              alignment-target [tangent1, tangent2, normal]
  force        [N]      = [    +4.37,     -2.75,    -82.59]
  tcp_disp     [mm]     = [    -2.36,     +2.11,    -18.36]
  contact_disp [mm]     = [    -2.61,     +0.48,     -1.36]
  Kp_eff=F/tcp [N/m]    = [  -1847.0,   -1306.9,    4498.0]
  M_contact    [Nm]     = [    -0.77,     -0.71,     -0.21]
  ee_angle     [deg]    = [    +2.84,     -0.64,     +0.12]
  KR_eff=M/ang [Nm/rad] = [    -15.5,      63.6,    -100.5]
  frame              tool face [length, width, tool axis]
  M_contact    [Nm]     = [    +0.65,     +0.76,     +0.37]

-- center of compliance ------------------------------------------------------
  definition         r_c = p_c - p_TCP
  p_TCP [x,y,z]    = [    511.8,       2.3,      32.4] mm
  p_c [EE]         = [      0.0,     -90.0,       0.0] mm
  r_c [t1,t2,n]    = [      0.1,      87.8,     -19.8] mm
                     p_c resolved at end of contact establishment

-- effective TCP impedance ---------------------------------------------------
  K_TCP translation = [   1999.5,    1998.7,     351.8] N/m
  K_TCP rotation   = [      8.5,       6.0,      65.2] Nm/rad
  commanded KR was = [      5.0,       5.0,      50.0] Nm/rad   including lever contribution
  D_TCP translation = [    234.1,     174.7,     111.6] Ns/m
  D_TCP rotation   = [      2.2,       2.2,       3.1] Nms/rad
  coupling           max |moment per unit translation| = 174.4 Nm/m (K), 20.4 Nms/m (D)
  eigenvalues        K_TCP 4.96 .. 2017 | D_TCP 1.26 .. 236  (both positive: valid springs)

  K_TCP [N/m, Nm/rad | rows fx..mz, cols tx..rz]:
           tx        ty        tz    |    rx        ry        rz
  fx [    2000  -0.7871   -28.44 |   -2.498   -44.38   -174.4 ]
  fy [ -0.7871     1999   -45.62 |    40.38 0.004742  -0.4889 ]
  fz [  -28.44   -45.62    351.8 |    29.67   0.7292    2.493 ]
     ---------------------------+---------------------------
  mx [  -2.498    40.38    29.67 |    8.497  0.08518   0.9822 ]
  my [  -44.38 0.004742   0.7292 |  0.08518     6.02    5.115 ]
  mz [  -174.4  -0.4889    2.493 |   0.9822    5.115    65.16 ]

  D_TCP [Ns/m, Nms/rad]:
           tx        ty        tz    |    rx        ry        rz
  fx [   234.1 -0.05851   -2.114 |  -0.1857   -5.196   -20.42 ]
  fy [-0.05851    174.7   -1.748 |    3.724 0.0008109 -0.04362 ]
  fz [  -2.114   -1.748    111.6 |    9.691  0.07804   0.1849 ]
     ---------------------------+---------------------------
  mx [ -0.1857    3.724    9.691 |      2.2 0.006852  0.01616 ]
  my [  -5.196 0.0008109  0.07804 | 0.006852    2.161   0.4333 ]
  mz [  -20.42 -0.04362   0.1849 |  0.01616   0.4333    3.111 ]

[STATE] Pre-grinding hold active. Press Enter to start grinding (e+Enter stops).

-- state: pre_grinding_hold --------------------------------------------------
  motion             established contact command
  impedance          inherited from contact establishment
  keys               Enter continue | e stop

Stop requested with e + Enter. Finishing control loop...

-- joint motion [deg] --------------------------------------------------------
  joint       start    final    delta
  q1            0.9      1.0     +0.1
  q2           12.1     28.3    +16.1
  q3           -0.5      0.9     +1.4
  q4         -130.9   -128.7     +2.2
  q5           -0.2    -29.6    -29.4
  q6          142.9    149.4     +6.5
  q7           44.7     73.6    +28.9

==============================================================================
  FINAL RESULT
==============================================================================
  p_d              = [    510.0,      -6.4,    -209.0] mm
  p_EE             = [    511.8,       2.4,      32.4] mm
  e_p              = [     -1.8,      -8.8,    -241.4] mm
  e_R              = [     2.84,     -0.64,      0.09] deg
------------------------------------------------------------------------------
  position error     241.59 mm
  rotation error     2.91 deg
  csv                logs/surface_grinding_controller_log.csv
------------------------------------------------------------------------------
