
==============================================================================
  SURFACE GRINDING CONTROLLER
==============================================================================
  robot              172.16.0.2
  parameters         /home/hm-panda/Desktop/Thesis_Final_Control/surface_grinding_controller/params
------------------------------------------------------------------------------

==============================================================================
  SURFACE GRINDING CONTROLLER - STARTUP MENU
==============================================================================

-- RUN MODES -----------------------------------------------------------------
  s      Run orientation, approach, setup, and grinding
  h      Cartesian pose hold at the initial posture
  t      Cartesian pose hold with the setup impedance
  g      Start manual guidance from the current robot pose

-- ROBOT PREPARATION ---------------------------------------------------------
  i      Move to the configured initial joint posture

-- GRIPPER AND TOOL ----------------------------------------------------------
  o      Open the gripper
  c      Grasp the tool
  r      Recalibrate the gripper with empty fingers
  f      Pick up the tool from the holder
  b      Return the tool to the holder

-- PROGRAM -------------------------------------------------------------------
  e      Exit
------------------------------------------------------------------------------
  During control: e = stop | m = startup menu | g = guidance
------------------------------------------------------------------------------
Selection [s/h/t/g/i/o/c/r/f/b/e]: 
-- SELECTED MODE: PHASE SEQUENCE ---------------------------------------------

-- moving to q_init ----------------------------------------------------------
  case               saved_qinit
  q1..q7 [deg]     = [0.8, 12.1, -0.5, -130.9, -0.2, 142.9, 44.7] deg
  saved_qinit = [0.014777, 0.210911, -0.009320, -2.284835, -0.002725, 2.493410, 0.780694] rad
  q_init reached.

-- start pose ----------------------------------------------------------------
  q_start          = [0.8, 12.1, -0.5, -130.9, -0.2, 142.9, 44.7] deg
  p_start          = [    531.4,       2.4,     156.9] mm

==============================================================================
  RUN
==============================================================================

-- phase: approach_orient ----------------------------------------------------
  Kp [t1,t2,n]     = [    150.0,     150.0,     150.0] N/m
  Dp [t1,t2,n]     = [    133.7,      94.2,     128.3] Ns/m     auto (factor 1.90)
  KR [t1,t2,n]     = [    180.0,     180.0,      90.0] Nm/rad
  DR [t1,t2,n]     = [     15.3,      25.0,       2.0] Nms/rad  auto (factor 1.90)
orient:     t=  0.0 s | axis_err= 10.9 deg | spin_err=  0.0 deg
orient:     t=  0.2 s | axis_err=  9.7 deg | spin_err=  0.3 deg
orient:     t=  0.4 s | axis_err=  6.2 deg | spin_err=  0.2 deg
orient:     t=  0.6 s | axis_err=  2.5 deg | spin_err=  0.1 deg
orient:     t=  0.8 s | axis_err=  1.3 deg | spin_err=  0.1 deg
orient:     t=  1.0 s | axis_err=  1.0 deg | spin_err=  0.1 deg
orient:     t=  1.2 s | axis_err=  0.9 deg | spin_err=  0.1 deg

Orientation reached: axis_err=0.9 deg | spin_err=0.1 deg

-- phase: approach_descend ---------------------------------------------------
  Kp [t1,t2,n]     = [    150.0,     150.0,     150.0] N/m
  Dp [t1,t2,n]     = [    133.7,      94.2,     128.3] Ns/m     auto (factor 1.90)
  KR [t1,t2,n]     = [    180.0,     180.0,      90.0] Nm/rad
  DR [t1,t2,n]     = [     15.3,      25.0,       2.0] Nms/rad  auto (factor 1.90)
  descend to         20 mm clearance at 0.100 m/s
descend:    t=  0.0 s | distance=   0.1 mm | height=+120.1 mm (target 20.0) | force= -0.0 N
descend:    t=  0.2 s | distance=  20.2 mm | height=+109.4 mm (target 20.0) | force=  2.7 N
descend:    t=  0.4 s | distance=  40.3 mm | height= +93.2 mm (target 20.0) | force=  1.9 N
descend:    t=  0.6 s | distance=  60.4 mm | height= +76.1 mm (target 20.0) | force=  2.4 N
descend:    t=  0.8 s | distance=  80.6 mm | height= +58.6 mm (target 20.0) | force=  2.4 N
descend:    t=  1.0 s | distance= 100.7 mm | height= +40.8 mm (target 20.0) | force=  2.8 N
descend:    t=  1.2 s | distance= 120.8 mm | height= +23.3 mm (target 20.0) | force=  2.5 N

Clearance reached: distance=124.5 mm | height=20.0 mm | target=20.0 mm | force=3.2 N
  offset_ee        = [     20.0,      60.0,      20.0] mm
  p_EE_at_contact  = [    505.0,       3.3,      49.3] mm
  contact_point    = [    521.1,     -55.2,       1.6] mm
  edge_offset      = [     16.1,     -58.5,     -47.7] mm

-- phase: setup --------------------------------------------------------------

-- setup impedance -----------------------------------------------------------
  law                wrench = K_TCP*dx + D_TCP*dv
                     K_TCP  = Ad(r_c)^T * blkdiag(Kp,KR) * Ad(r_c)
  Kp [t1,t2,n]     = [   2000.0,    2000.0,     350.0] N/m
  Dp [t1,t2,n]     = [    235.5,     177.6,     110.5] Ns/m     auto
  KR [t1,t2,n]     = [      5.0,       5.0,      50.0] Nm/rad
  DR [t1,t2,n]     = [      1.4,       2.1,       1.2] Nms/rad  auto
  p_c [EE]         = [    -28.3,     -28.3,       0.0] mm       commanded in the tool frame
  r_c [t1,t2,n]    = [     28.1,     -27.5,      -7.3] mm       p_TCP - p_c, in the plane
setup:     t=  0.0 s | ee=  0.0 deg | F=  0.1 N | M=  0.0 Nm (limit 150.0) | contact= 19.9 mm
setup:     t=  0.2 s | ee=  0.8 deg | F=  0.3 N | M=  0.6 Nm (limit 150.0) | contact=  7.4 mm
setup:     t=  0.4 s | ee=  1.4 deg | F= 20.2 N | M=  0.7 Nm (limit 150.0) | contact=  3.2 mm
setup:     t=  0.6 s | ee=  1.4 deg | F= 15.2 N | M=  0.4 Nm (limit 150.0) | contact=  3.4 mm
setup:     t=  0.8 s | ee=  1.5 deg | F= 20.1 N | M=  0.4 Nm (limit 150.0) | contact=  3.6 mm
setup:     t=  1.0 s | ee=  1.5 deg | F= 25.9 N | M=  0.3 Nm (limit 150.0) | contact=  4.0 mm
setup:     t=  1.2 s | ee=  1.6 deg | F= 31.9 N | M=  0.4 Nm (limit 150.0) | contact=  4.6 mm
setup:     t=  1.4 s | ee=  1.9 deg | F= 36.2 N | M=  0.6 Nm (limit 150.0) | contact=  5.3 mm
setup:     t=  1.6 s | ee=  3.3 deg | F= 40.3 N | M=  0.8 Nm (limit 150.0) | contact=  5.9 mm
setup:     t=  1.8 s | ee=  5.2 deg | F= 46.5 N | M=  1.7 Nm (limit 150.0) | contact=  6.3 mm
setup:     t=  2.0 s | ee=  5.1 deg | F= 51.9 N | M=  2.9 Nm (limit 150.0) | contact=  6.8 mm
setup:     t=  2.2 s | ee=  5.0 deg | F= 58.9 N | M=  2.9 Nm (limit 150.0) | contact=  7.6 mm
setup:     t=  2.4 s | ee=  5.0 deg | F= 63.5 N | M=  2.9 Nm (limit 150.0) | contact=  8.2 mm
setup:     t=  2.6 s | ee=  5.0 deg | F= 68.3 N | M=  3.1 Nm (limit 150.0) | contact=  8.4 mm
setup:     t=  2.8 s | ee=  5.0 deg | F= 73.7 N | M=  3.3 Nm (limit 150.0) | contact=  8.5 mm
setup:     t=  3.0 s | ee=  5.0 deg | F= 79.6 N | M=  3.3 Nm (limit 150.0) | contact=  8.5 mm
setup:     t=  3.2 s | ee=  4.9 deg | F= 86.0 N | M=  3.4 Nm (limit 150.0) | contact=  8.5 mm
setup:     t=  3.4 s | ee=  4.9 deg | F= 80.6 N | M=  3.4 Nm (limit 150.0) | contact=  8.3 mm
setup:     t=  3.6 s | ee=  4.9 deg | F= 80.6 N | M=  3.4 Nm (limit 150.0) | contact=  8.3 mm
setup:     t=  3.8 s | ee=  4.9 deg | F= 80.6 N | M=  3.4 Nm (limit 150.0) | contact=  8.3 mm
setup:     t=  4.0 s | ee=  4.9 deg | F= 80.6 N | M=  3.4 Nm (limit 150.0) | contact=  8.3 mm
setup:     t=  4.2 s | ee=  4.9 deg | F= 80.5 N | M=  3.4 Nm (limit 150.0) | contact=  8.3 mm
setup:     t=  4.4 s | ee=  4.9 deg | F= 80.5 N | M=  3.4 Nm (limit 150.0) | contact=  8.3 mm
setup:     t=  4.6 s | ee=  4.9 deg | F= 80.4 N | M=  3.4 Nm (limit 150.0) | contact=  8.3 mm
setup:     t=  4.8 s | ee=  4.9 deg | F= 80.4 N | M=  3.3 Nm (limit 150.0) | contact=  8.3 mm

==============================================================================
  SETUP RESULT
==============================================================================
  stop: time | t=5.0 s | ee=4.9 deg | F=80.4 N | M_TCP=3.4 Nm
  contact_from_start = [-6.2, +0.5, -5.5] mm | norm=8.3 mm
  tcp_from_contact  = [-22.1, +60.7, +17.4] mm | norm=66.9 mm
  deviation: before=9.69 deg | after=8.16 deg | gain=+1.53 deg
  t_align: not reached | tolerance=2.00 deg | hold=0.30 s
  t_align_fraction: not reached | fraction=0.50 of the deviation at contact
  deviation_min: 8.16 deg at t=4.99 s
  align_status: not_aligned
  deviation components [t1,t2,n] deg: before=[-6.41,-7.27,-0.00] | after=[-1.62,-8.00,-0.00]

-- setup surface-frame breakdown ---------------------------------------------
  frame              alignment-target [tangent1, tangent2, normal]
  force        [N]      = [   +11.93,     -6.24,    -79.28]
  tcp_disp     [mm]     = [    -5.48,     +2.99,    -30.32]
  contact_disp [mm]     = [    -6.08,     +0.66,     -5.63]
  Kp_eff=F/tcp [N/m]    = [  -2177.3,   -2085.2,    2614.5]
  M_contact    [Nm]     = [    -7.79,     -1.96,     -0.50]
  ee_angle     [deg]    = [    +4.85,     -0.76,     +0.24]
  KR_eff=M/ang [Nm/rad] = [    -92.1,     148.3,    -116.9]
  frame              tool face [length, width, tool axis]
  M_contact    [Nm]     = [    +1.99,     +7.65,     +1.52]

-- center of compliance ------------------------------------------------------
  definition         r_c = p_TCP - p_c
  p_TCP [x,y,z]    = [    499.0,       5.4,      19.0] mm
  p_c [EE]         = [    -28.3,     -28.3,       0.0] mm
  r_c [t1,t2,n]    = [     27.9,     -28.2,      -5.3] mm
                     p_c resolved at end of setup

-- effective TCP impedance ---------------------------------------------------
  K_TCP translation = [   1999.5,    1998.7,     351.8] N/m
  K_TCP rotation   = [      5.4,       5.3,      53.1] Nm/rad
  commanded KR was = [      5.0,       5.0,      50.0] Nm/rad   including lever contribution
  D_TCP translation = [    235.5,     177.6,     110.6] Ns/m
  D_TCP rotation   = [      1.5,       2.2,       1.5] Nms/rad
  coupling           max |moment per unit translation| = 56.6 Nm/m (K), 6.7 Nms/m (D)
  eigenvalues        K_TCP 4.99 .. 2003 | D_TCP 1.17 .. 236  (both positive: valid springs)

  K_TCP [N/m, Nm/rad | rows fx..mz, cols tx..rz]:
           tx        ty        tz    |    rx        ry        rz
  fx [    2000  -0.7871   -28.44 |   -0.802    9.176   -56.64 ]
  fy [ -0.7871     1999   -45.62 |   -11.25   -1.271   -55.51 ]
  fz [  -28.44   -45.62    351.8 |     10.2    9.631    2.073 ]
     ---------------------------+---------------------------
  mx [  -0.802   -11.25     10.2 |    5.358   0.3008    1.111 ]
  my [   9.176   -1.271    9.631 |   0.3008    5.348    1.019 ]
  mz [  -56.64   -55.51    2.073 |    1.111    1.019     53.1 ]

  D_TCP [Ns/m, Nms/rad]:
           tx        ty        tz    |    rx        ry        rz
  fx [   235.5 -0.05965   -2.155 | -0.06078    1.114   -6.672 ]
  fy [-0.05965    177.6   -1.856 |  -0.9377 -0.05187   -4.932 ]
  fz [  -2.155   -1.856    110.6 |    3.143    3.061   0.1126 ]
     ---------------------------+---------------------------
  mx [-0.06078  -0.9377    3.143 |    1.469  0.08692  0.02428 ]
  my [   1.114 -0.05187    3.061 |  0.08692    2.205 -0.05616 ]
  mz [  -6.672   -4.932   0.1126 |  0.02428 -0.05616      1.5 ]

[GATE] Set up finished (still pressing). Press Enter to start the grind (e+Enter stops).

Stop requested with e + Enter. Finishing control loop...

-- joint motion [deg] --------------------------------------------------------
  joint       start    final    delta
  q1            0.8      1.6     +0.8
  q2           12.1     29.9    +17.7
  q3           -0.5     -0.9     -0.3
  q4         -130.9   -127.9     +3.1
  q5           -0.2      0.5     +0.7
  q6          142.9    147.2     +4.3
  q7           44.7     45.5     +0.7

==============================================================================
  FINAL RESULT
==============================================================================
  p_d              = [    500.5,      -3.9,    -210.6] mm
  p_EE             = [    499.0,       5.4,      19.0] mm
  e_p              = [      1.5,      -9.3,    -229.5] mm
  e_R              = [     4.85,     -0.75,      0.18] deg
------------------------------------------------------------------------------
  position error     229.74 mm
  rotation error     4.91 deg
  csv                logs/surface_grinding_controller_log.csv
------------------------------------------------------------------------------
