
==============================================================================
  SURFACE GRINDING CONTROLLER
==============================================================================
  robot              172.16.0.2
  parameters         /home/hm-panda/Desktop/Thesis_Final_Control/surface_grinding_controller/params
------------------------------------------------------------------------------

==============================================================================
  SURFACE GRINDING CONTROLLER - STARTUP MENU
==============================================================================

-- RUN MODES -----------------------------------------------------------------
  s      Run orientation, approach, setup, and grinding
  h      Cartesian pose hold at the initial posture
  t      Cartesian pose hold with the setup impedance
  g      Start manual guidance from the current robot pose

-- ROBOT PREPARATION ---------------------------------------------------------
  i      Move to the configured initial joint posture

-- GRIPPER AND TOOL ----------------------------------------------------------
  o      Open the gripper
  c      Grasp the tool
  r      Recalibrate the gripper with empty fingers
  f      Pick up the tool from the holder
  b      Return the tool to the holder

-- PROGRAM -------------------------------------------------------------------
  e      Exit
------------------------------------------------------------------------------
  During control: e = stop | m = startup menu | g = guidance
------------------------------------------------------------------------------
Selection [s/h/t/g/i/o/c/r/f/b/e]: 
-- SELECTED MODE: PHASE SEQUENCE ---------------------------------------------

-- moving to q_init ----------------------------------------------------------
  case               saved_qinit
  q1..q7 [deg]     = [0.8, 12.1, -0.5, -130.9, -0.2, 142.9, 44.7] deg
  saved_qinit = [0.014777, 0.210911, -0.009320, -2.284835, -0.002725, 2.493410, 0.780694] rad
  q_init reached.

-- start pose ----------------------------------------------------------------
  q_start          = [0.8, 12.1, -0.5, -130.9, -0.2, 142.9, 44.7] deg
  p_start          = [    531.4,       2.4,     156.9] mm

==============================================================================
  RUN
==============================================================================

-- phase: approach_orient ----------------------------------------------------
  Kp [t1,t2,n]     = [    150.0,     150.0,     150.0] N/m
  Dp [t1,t2,n]     = [    133.7,      94.2,     128.3] Ns/m     auto (factor 1.90)
  KR [t1,t2,n]     = [    180.0,     180.0,      90.0] Nm/rad
  DR [t1,t2,n]     = [     15.3,      25.0,       2.0] Nms/rad  auto (factor 1.90)
orient:     t=  0.0 s | axis_err= 12.0 deg | spin_err=  0.9 deg
orient:     t=  0.2 s | axis_err= 10.4 deg | spin_err=  0.9 deg
orient:     t=  0.4 s | axis_err=  6.6 deg | spin_err=  0.6 deg
orient:     t=  0.6 s | axis_err=  2.7 deg | spin_err=  0.3 deg
orient:     t=  0.8 s | axis_err=  1.0 deg | spin_err=  0.2 deg

Orientation reached: axis_err=0.8 deg | spin_err=0.2 deg

-- phase: approach_descend ---------------------------------------------------
  Kp [t1,t2,n]     = [    150.0,     150.0,     150.0] N/m
  Dp [t1,t2,n]     = [    133.7,      94.2,     128.3] Ns/m     auto (factor 1.90)
  KR [t1,t2,n]     = [    180.0,     180.0,      90.0] Nm/rad
  DR [t1,t2,n]     = [     15.3,      25.0,       2.0] Nms/rad  auto (factor 1.90)
  descend to         20 mm clearance at 0.100 m/s
descend:    t=  0.0 s | distance=   0.1 mm | height=+120.9 mm (target 20.0) | force=  0.0 N
descend:    t=  0.2 s | distance=  20.2 mm | height=+110.5 mm (target 20.0) | force=  1.8 N
descend:    t=  0.4 s | distance=  40.3 mm | height= +95.5 mm (target 20.0) | force=  2.7 N
descend:    t=  0.6 s | distance=  60.4 mm | height= +79.6 mm (target 20.0) | force=  3.2 N
descend:    t=  0.8 s | distance=  80.5 mm | height= +63.0 mm (target 20.0) | force=  2.1 N
descend:    t=  1.0 s | distance= 100.6 mm | height= +46.4 mm (target 20.0) | force=  2.8 N
descend:    t=  1.2 s | distance= 120.7 mm | height= +29.4 mm (target 20.0) | force=  1.4 N

Clearance reached: distance=132.1 mm | height=20.0 mm | target=20.0 mm | force=1.8 N
  offset_ee        = [     20.0,     -60.0,      20.0] mm
  p_EE_at_contact  = [    515.6,      -0.7,      50.8] mm
  contact_point    = [    534.0,      53.4,      -1.7] mm
  edge_offset      = [     18.4,      54.1,     -52.4] mm

-- phase: setup --------------------------------------------------------------

-- setup impedance -----------------------------------------------------------
  law                wrench = K_TCP*dx + D_TCP*dv
                     K_TCP  = Ad(r_c)^T * blkdiag(Kp,KR) * Ad(r_c)
  Kp [t1,t2,n]     = [   2000.0,    2000.0,     350.0] N/m
  Dp [t1,t2,n]     = [    234.3,     174.6,     111.4] Ns/m     auto
  KR [t1,t2,n]     = [      5.0,       5.0,      50.0] Nm/rad
  DR [t1,t2,n]     = [      1.3,       2.0,       1.3] Nms/rad  auto
  p_c [EE]         = [      0.0,       0.0,       0.0] mm       resolved in the tool frame
  r_c [t1,t2,n]    = [      0.0,       0.0,       0.0] mm       commanded: p_TCP - p_c, in the plane
setup:     t=  0.0 s | ee=  0.0 deg | F=  0.1 N | M=  0.0 Nm (limit 150.0) | contact= 19.9 mm
setup:     t=  0.2 s | ee=  0.9 deg | F=  1.2 N | M=  0.6 Nm (limit 150.0) | contact=  7.0 mm
setup:     t=  0.4 s | ee=  1.3 deg | F= 12.8 N | M=  0.9 Nm (limit 150.0) | contact=  2.0 mm
setup:     t=  0.6 s | ee=  1.3 deg | F= 16.3 N | M=  0.8 Nm (limit 150.0) | contact=  1.9 mm
setup:     t=  0.8 s | ee=  1.3 deg | F= 22.1 N | M=  0.9 Nm (limit 150.0) | contact=  1.9 mm
setup:     t=  1.0 s | ee=  1.3 deg | F= 27.7 N | M=  1.0 Nm (limit 150.0) | contact=  1.9 mm
setup:     t=  1.2 s | ee=  1.3 deg | F= 33.6 N | M=  1.0 Nm (limit 150.0) | contact=  2.0 mm
setup:     t=  1.4 s | ee=  1.3 deg | F= 39.4 N | M=  1.2 Nm (limit 150.0) | contact=  2.0 mm
setup:     t=  1.6 s | ee=  1.4 deg | F= 45.2 N | M=  1.3 Nm (limit 150.0) | contact=  2.0 mm
setup:     t=  1.8 s | ee=  1.5 deg | F= 51.2 N | M=  1.4 Nm (limit 150.0) | contact=  2.1 mm
setup:     t=  2.0 s | ee=  1.6 deg | F= 56.0 N | M=  1.6 Nm (limit 150.0) | contact=  2.3 mm
setup:     t=  2.2 s | ee=  1.9 deg | F= 60.9 N | M=  1.8 Nm (limit 150.0) | contact=  2.4 mm
setup:     t=  2.4 s | ee=  2.3 deg | F= 66.3 N | M=  1.9 Nm (limit 150.0) | contact=  2.5 mm
setup:     t=  2.6 s | ee=  2.8 deg | F= 72.8 N | M=  2.3 Nm (limit 150.0) | contact=  2.5 mm
setup:     t=  2.8 s | ee=  3.5 deg | F= 79.3 N | M=  2.6 Nm (limit 150.0) | contact=  2.4 mm
setup:     t=  3.0 s | ee=  4.4 deg | F= 85.9 N | M=  2.8 Nm (limit 150.0) | contact=  2.3 mm
setup:     t=  3.2 s | ee=  6.4 deg | F= 87.4 N | M=  2.8 Nm (limit 150.0) | contact=  2.6 mm
setup:     t=  3.4 s | ee=  8.8 deg | F= 79.9 N | M=  2.2 Nm (limit 150.0) | contact=  2.6 mm
setup:     t=  3.6 s | ee= 10.4 deg | F= 80.1 N | M=  2.0 Nm (limit 150.0) | contact=  3.0 mm
setup:     t=  3.8 s | ee= 10.9 deg | F= 79.5 N | M=  1.0 Nm (limit 150.0) | contact=  3.1 mm
setup:     t=  4.0 s | ee= 10.9 deg | F= 79.5 N | M=  0.9 Nm (limit 150.0) | contact=  3.1 mm
setup:     t=  4.2 s | ee= 10.9 deg | F= 79.6 N | M=  1.0 Nm (limit 150.0) | contact=  3.1 mm
setup:     t=  4.4 s | ee= 10.9 deg | F= 79.5 N | M=  1.0 Nm (limit 150.0) | contact=  3.1 mm
setup:     t=  4.6 s | ee= 10.9 deg | F= 79.7 N | M=  1.0 Nm (limit 150.0) | contact=  3.1 mm
setup:     t=  4.8 s | ee= 10.9 deg | F= 79.6 N | M=  1.0 Nm (limit 150.0) | contact=  3.1 mm

==============================================================================
  SETUP RESULT
==============================================================================
  stop: time | t=5.0 s | ee=10.9 deg | F=79.6 N | M_TCP=1.0 Nm
  contact_from_start = [-2.7, -1.2, -1.1] mm | norm=3.1 mm
  tcp_from_contact  = [-20.9, -61.0, +20.9] mm | norm=67.8 mm
  deviation: before=9.45 deg | after=2.29 deg | gain=+7.16 deg
  t_align: not reached | tolerance=2.00 deg | hold=0.30 s
  deviation components [t1,t2,n] deg: before=[+9.44,-0.55,+0.00] | after=[-1.43,-1.79,+0.00]

-- setup surface-frame breakdown ---------------------------------------------
  frame              alignment-target [tangent1, tangent2, normal]
  force        [N]      = [    +3.39,    +12.48,    -78.59]
  tcp_disp     [mm]     = [    -1.98,     -6.01,    -31.75]
  contact_disp [mm]     = [    -2.68,     -1.14,     -1.16]
  Kp_eff=F/tcp [N/m]    = [  -1713.7,   -2076.6,    2475.5]
  M_contact    [Nm]     = [    +4.12,     -0.52,     -0.29]
  ee_angle     [deg]    = [   -10.87,     -1.26,     -0.14]
  KR_eff=M/ang [Nm/rad] = [    -21.7,      23.7,     118.3]
  frame              tool face [length, width, tool axis]
  M_contact    [Nm]     = [    +0.54,     -4.13,     +0.15]

-- center of compliance ------------------------------------------------------
  definition         r_c = p_TCP - p_c
  p_TCP [x,y,z]    = [    513.1,      -7.6,      19.3] mm
  p_c [EE]         = [     -0.0,      -0.0,       0.0] mm
  r_c [t1,t2,n]    = [      0.0,       0.0,       0.0] mm
                     p_c resolved at end of setup

-- effective TCP impedance ---------------------------------------------------
  K_TCP translation = [   1999.5,    1998.7,     351.8] N/m
  K_TCP rotation   = [      5.0,       5.0,      50.0] Nm/rad
  commanded KR was = [      5.0,       5.0,      50.0] Nm/rad   including lever contribution
  D_TCP translation = [    234.2,     174.6,     111.4] Ns/m
  D_TCP rotation   = [      1.3,       2.0,       1.3] Nms/rad
  coupling           max |moment per unit translation| = 0.0 Nm/m (K), 0.0 Nms/m (D)
  eigenvalues        K_TCP 5.00 .. 2000 | D_TCP 1.27 .. 234  (both positive: valid springs)

  K_TCP [N/m, Nm/rad | rows fx..mz, cols tx..rz]:
           tx        ty        tz    |    rx        ry        rz
  fx [    2000  -0.7871   -28.44 |        0        0        0 ]
  fy [ -0.7871     1999   -45.62 |        0        0        0 ]
  fz [  -28.44   -45.62    351.8 |        0        0        0 ]
     ---------------------------+---------------------------
  mx [       0        0        0 |    5.013  0.02147   0.7756 ]
  my [       0        0        0 |  0.02147    5.034    1.244 ]
  mz [       0        0        0 |   0.7756    1.244    49.95 ]

  D_TCP [Ns/m, Nms/rad]:
           tx        ty        tz    |    rx        ry        rz
  fx [   234.2 -0.05863   -2.118 |        0        0        0 ]
  fy [-0.05863    174.6   -1.749 |        0        0        0 ]
  fz [  -2.118   -1.749    111.4 |        0        0        0 ]
     ---------------------------+---------------------------
  mx [       0        0        0 |     1.27 2.756e-05 0.0009957 ]
  my [       0        0        0 | 2.756e-05    2.048 -0.01992 ]
  mz [       0        0        0 | 0.0009957 -0.01992    1.329 ]

[GATE] Set up finished (still pressing). Press Enter to start the grind (e+Enter stops).

Stop requested with e + Enter. Finishing control loop...

-- joint motion [deg] --------------------------------------------------------
  joint       start    final    delta
  q1            0.8     -9.4    -10.2
  q2           12.1     30.2    +18.0
  q3           -0.5      7.4     +8.0
  q4         -130.9   -129.4     +1.5
  q5           -0.2    -10.5    -10.3
  q6          142.9    154.7    +11.8
  q7           44.7     51.7     +7.0

==============================================================================
  FINAL RESULT
==============================================================================
  p_d              = [    511.1,      -7.9,    -209.0] mm
  p_EE             = [    513.1,      -7.6,      19.3] mm
  e_p              = [     -2.0,      -0.3,    -228.3] mm
  e_R              = [   -10.87,     -1.26,      0.08] deg
------------------------------------------------------------------------------
  position error     228.31 mm
  rotation error     10.94 deg
  csv                logs/surface_grinding_controller_log.csv
------------------------------------------------------------------------------
