
==============================================================================
  SURFACE GRINDING CONTROLLER
==============================================================================
  robot              172.16.0.2
  parameters         /home/hm-panda/Desktop/Thesis_Final_Control/surface_grinding_controller/params
------------------------------------------------------------------------------

==============================================================================
  SURFACE GRINDING CONTROLLER - STARTUP MENU
==============================================================================

-- RUN MODES -----------------------------------------------------------------
  s      Run orientation, approach, setup, and grinding
  h      Cartesian pose hold at the initial posture
  t      Cartesian pose hold with the setup impedance
  g      Start manual guidance from the current robot pose

-- ROBOT PREPARATION ---------------------------------------------------------
  i      Move to the configured initial joint posture

-- GRIPPER AND TOOL ----------------------------------------------------------
  o      Open the gripper
  c      Grasp the tool
  r      Recalibrate the gripper with empty fingers
  f      Pick up the tool from the holder
  b      Return the tool to the holder

-- PROGRAM -------------------------------------------------------------------
  e      Exit
------------------------------------------------------------------------------
  During control: e = stop | m = startup menu | g = guidance
------------------------------------------------------------------------------
Selection [s/h/t/g/i/o/c/r/f/b/e]: 
-- SELECTED MODE: PHASE SEQUENCE ---------------------------------------------

-- moving to q_init ----------------------------------------------------------
  case               saved_qinit
  q1..q7 [deg]     = [0.8, 12.1, -0.5, -130.9, -0.2, 142.9, 44.7] deg
  saved_qinit = [0.014777, 0.210911, -0.009320, -2.284835, -0.002725, 2.493410, 0.780694] rad
  q_init reached.

-- start pose ----------------------------------------------------------------
  q_start          = [0.8, 12.1, -0.5, -130.9, -0.2, 142.9, 44.7] deg
  p_start          = [    531.4,       2.5,     156.9] mm

==============================================================================
  RUN
==============================================================================

-- phase: approach_orient ----------------------------------------------------
  Kp [t1,t2,n]     = [    150.0,     150.0,     150.0] N/m
  Dp [t1,t2,n]     = [    133.7,      94.2,     128.3] Ns/m     auto (factor 1.90)
  KR [t1,t2,n]     = [    180.0,     180.0,      90.0] Nm/rad
  DR [t1,t2,n]     = [     15.3,      25.0,       2.0] Nms/rad  auto (factor 1.90)
orient:     t=  0.0 s | axis_err=  2.9 deg | spin_err=  0.7 deg
orient:     t=  0.2 s | axis_err=  1.7 deg | spin_err=  0.0 deg
orient:     t=  0.4 s | axis_err=  0.9 deg | spin_err=  0.1 deg
orient:     t=  0.6 s | axis_err=  0.7 deg | spin_err=  0.1 deg
orient:     t=  0.8 s | axis_err=  0.7 deg | spin_err=  0.1 deg

Orientation reached: axis_err=0.7 deg | spin_err=0.1 deg

-- phase: approach_descend ---------------------------------------------------
  Kp [t1,t2,n]     = [    150.0,     150.0,     150.0] N/m
  Dp [t1,t2,n]     = [    133.7,      94.2,     128.3] Ns/m     auto (factor 1.90)
  KR [t1,t2,n]     = [    180.0,     180.0,      90.0] Nm/rad
  DR [t1,t2,n]     = [     15.3,      25.0,       2.0] Nms/rad  auto (factor 1.90)
  descend to         20 mm clearance at 0.100 m/s
descend:    t=  0.0 s | distance=   0.1 mm | height=+129.8 mm (target 20.0) | force= -0.0 N
descend:    t=  0.2 s | distance=  20.2 mm | height=+118.8 mm (target 20.0) | force=  2.2 N
descend:    t=  0.4 s | distance=  40.3 mm | height=+102.8 mm (target 20.0) | force=  2.2 N
descend:    t=  0.6 s | distance=  60.4 mm | height= +85.7 mm (target 20.0) | force=  1.1 N
descend:    t=  0.8 s | distance=  80.5 mm | height= +68.4 mm (target 20.0) | force=  1.7 N
descend:    t=  1.0 s | distance= 100.6 mm | height= +50.8 mm (target 20.0) | force=  0.7 N
descend:    t=  1.2 s | distance= 120.7 mm | height= +33.2 mm (target 20.0) | force=  3.1 N

Clearance reached: distance=135.8 mm | height=19.9 mm | target=20.0 mm | force=3.2 N
  offset_ee        = [     20.0,      60.0,      20.0] mm
  p_EE_at_contact  = [    517.8,      -0.4,      41.1] mm
  contact_point    = [    536.5,     -61.4,       1.5] mm
  edge_offset      = [     18.6,     -61.0,     -39.6] mm

-- phase: setup --------------------------------------------------------------

-- setup impedance -----------------------------------------------------------
  law                wrench = K_TCP*dx + D_TCP*dv
                     K_TCP  = Ad(r_c)^T * blkdiag(Kp,KR) * Ad(r_c)
  Kp [t1,t2,n]     = [   2000.0,    2000.0,     350.0] N/m
  Dp [t1,t2,n]     = [    232.4,     170.6,     112.8] Ns/m     auto
  KR [t1,t2,n]     = [      5.0,       5.0,      50.0] Nm/rad
  DR [t1,t2,n]     = [      1.3,       2.0,       0.8] Nms/rad  auto
  p_c [EE]         = [      0.0,      40.0,      -0.3] mm       resolved in the tool frame
  r_c [t1,t2,n]    = [     -0.0,      40.0,       0.0] mm       commanded: p_TCP - p_c, in the plane
setup:     t=  0.0 s | ee=  0.0 deg | F=  0.1 N | M=  0.0 Nm (limit 150.0) | contact= 19.8 mm
setup:     t=  0.2 s | ee=  0.7 deg | F=  1.8 N | M=  0.5 Nm (limit 150.0) | contact=  7.0 mm
setup:     t=  0.4 s | ee=  1.1 deg | F= 11.9 N | M=  0.7 Nm (limit 150.0) | contact=  1.7 mm
setup:     t=  0.6 s | ee=  1.1 deg | F= 15.4 N | M=  0.6 Nm (limit 150.0) | contact=  1.7 mm
setup:     t=  0.8 s | ee=  1.1 deg | F= 20.5 N | M=  0.7 Nm (limit 150.0) | contact=  1.8 mm
setup:     t=  1.0 s | ee=  1.2 deg | F= 25.3 N | M=  0.8 Nm (limit 150.0) | contact=  2.1 mm
setup:     t=  1.2 s | ee=  1.4 deg | F= 30.6 N | M=  0.5 Nm (limit 150.0) | contact=  2.7 mm
setup:     t=  1.4 s | ee=  1.6 deg | F= 37.1 N | M=  2.7 Nm (limit 150.0) | contact=  3.1 mm
setup:     t=  1.6 s | ee=  1.6 deg | F= 43.1 N | M=  2.7 Nm (limit 150.0) | contact=  3.2 mm
setup:     t=  1.8 s | ee=  1.6 deg | F= 48.0 N | M=  2.7 Nm (limit 150.0) | contact=  3.4 mm
setup:     t=  2.0 s | ee=  1.6 deg | F= 53.9 N | M=  2.8 Nm (limit 150.0) | contact=  3.6 mm
setup:     t=  2.2 s | ee=  1.6 deg | F= 59.4 N | M=  3.0 Nm (limit 150.0) | contact=  3.8 mm
setup:     t=  2.4 s | ee=  1.6 deg | F= 65.1 N | M=  3.1 Nm (limit 150.0) | contact=  3.9 mm
setup:     t=  2.6 s | ee=  1.7 deg | F= 70.7 N | M=  3.2 Nm (limit 150.0) | contact=  4.1 mm
setup:     t=  2.8 s | ee=  1.7 deg | F= 76.7 N | M=  3.4 Nm (limit 150.0) | contact=  4.3 mm
setup:     t=  3.0 s | ee=  1.7 deg | F= 81.7 N | M=  3.5 Nm (limit 150.0) | contact=  4.4 mm
setup:     t=  3.2 s | ee=  1.7 deg | F= 87.2 N | M=  3.6 Nm (limit 150.0) | contact=  4.6 mm
setup:     t=  3.4 s | ee=  1.7 deg | F= 82.4 N | M=  3.6 Nm (limit 150.0) | contact=  4.5 mm
setup:     t=  3.6 s | ee=  1.7 deg | F= 82.3 N | M=  3.6 Nm (limit 150.0) | contact=  4.5 mm
setup:     t=  3.8 s | ee=  1.7 deg | F= 82.3 N | M=  3.6 Nm (limit 150.0) | contact=  4.5 mm
setup:     t=  4.0 s | ee=  1.7 deg | F= 82.1 N | M=  3.6 Nm (limit 150.0) | contact=  4.5 mm
setup:     t=  4.2 s | ee=  1.7 deg | F= 82.1 N | M=  3.6 Nm (limit 150.0) | contact=  4.5 mm
setup:     t=  4.4 s | ee=  1.7 deg | F= 82.1 N | M=  3.6 Nm (limit 150.0) | contact=  4.5 mm
setup:     t=  4.6 s | ee=  1.7 deg | F= 82.0 N | M=  3.6 Nm (limit 150.0) | contact=  4.5 mm
setup:     t=  4.8 s | ee=  1.7 deg | F= 82.0 N | M=  3.6 Nm (limit 150.0) | contact=  4.5 mm

==============================================================================
  SETUP RESULT
==============================================================================
  stop: time | t=5.0 s | ee=1.7 deg | F=81.9 N | M_TCP=3.6 Nm
  contact_from_start = [-2.5, +0.3, -3.7] mm | norm=4.5 mm
  tcp_from_contact  = [-20.9, +60.4, +17.5] mm | norm=66.2 mm
  deviation: before=0.82 deg | after=2.43 deg | gain=-1.61 deg
  t_align: 0.00 s | tolerance=2.00 deg | hold=0.30 s
  deviation components [t1,t2,n] deg: before=[-0.77,-0.27,+0.00] | after=[-1.80,-1.62,+0.00]

-- setup surface-frame breakdown ---------------------------------------------
  frame              alignment-target [tangent1, tangent2, normal]
  force        [N]      = [    +3.67,     +0.30,    -81.85]
  tcp_disp     [mm]     = [    -1.93,     -0.02,    -22.18]
  contact_disp [mm]     = [    -2.46,     +0.36,     -3.77]
  Kp_eff=F/tcp [N/m]    = [  -1903.9,       n/a,    3690.1]
  M_contact    [Nm]     = [    -1.30,     -0.89,     -0.12]
  ee_angle     [deg]    = [    -1.03,     -1.35,     +0.02]
  KR_eff=M/ang [Nm/rad] = [     72.1,      37.9,       n/a]
  frame              tool face [length, width, tool axis]
  M_contact    [Nm]     = [    +0.90,     +1.29,     +0.13]

-- center of compliance ------------------------------------------------------
  definition         r_c = p_TCP - p_c
  p_TCP [x,y,z]    = [    515.5,      -1.0,      18.9] mm
  p_c [EE]         = [     -0.0,      40.0,      -1.0] mm
  r_c [t1,t2,n]    = [     -0.0,      40.0,       0.0] mm
                     p_c resolved at end of setup

-- effective TCP impedance ---------------------------------------------------
  K_TCP translation = [   1999.5,    1998.7,     351.8] N/m
  K_TCP rotation   = [      5.6,       5.0,      53.1] Nm/rad
  commanded KR was = [      5.0,       5.0,      50.0] Nm/rad   including lever contribution
  D_TCP translation = [    232.3,     170.5,     112.8] Ns/m
  D_TCP rotation   = [      1.5,       2.0,       1.2] Nms/rad
  coupling           max |moment per unit translation| = 79.9 Nm/m (K), 9.3 Nms/m (D)
  eigenvalues        K_TCP 4.99 .. 2003 | D_TCP 0.80 .. 233  (both positive: valid springs)

  K_TCP [N/m, Nm/rad | rows fx..mz, cols tx..rz]:
           tx        ty        tz    |    rx        ry        rz
  fx [    2000  -0.7871   -28.44 |    1.138    2.213    79.95 ]
  fy [ -0.7871     1999   -45.62 |  -0.3879 -0.0008711 -0.03147 ]
  fz [  -28.44   -45.62    351.8 |   -14.01 -0.03147   -1.137 ]
     ---------------------------+---------------------------
  mx [   1.138  -0.3879   -14.01 |    5.574  0.02273   0.8211 ]
  my [   2.213 -0.0008711 -0.03147 |  0.02273    5.037    1.333 ]
  mz [   79.95 -0.03147   -1.137 |   0.8211    1.333    53.15 ]

  D_TCP [Ns/m, Nms/rad]:
           tx        ty        tz    |    rx        ry        rz
  fx [   232.3 -0.05705   -2.061 |  0.08248   0.2571    9.289 ]
  fy [-0.05705    170.5   -1.598 |  -0.1248 -6.313e-05 -0.002281 ]
  fz [  -2.061   -1.598    112.8 |    -4.51 -0.002281 -0.08241 ]
     ---------------------------+---------------------------
  mx [ 0.08248  -0.1248    -4.51 |    1.484 -0.0001505 -0.005439 ]
  my [  0.2571 -6.313e-05 -0.002281 | -0.0001505    2.017 -0.02349 ]
  mz [   9.289 -0.002281 -0.08241 | -0.005439 -0.02349    1.169 ]

[GATE] Set up finished (still pressing). Press Enter to start the grind (e+Enter stops).

Stop requested with e + Enter. Finishing control loop...

-- joint motion [deg] --------------------------------------------------------
  joint       start    final    delta
  q1            0.8     -0.7     -1.5
  q2           12.1     30.1    +18.0
  q3           -0.5      0.5     +1.0
  q4         -130.9   -129.2     +1.7
  q5           -0.2     -1.0     -0.8
  q6          142.9    155.1    +12.3
  q7           44.7     45.8     +1.1

==============================================================================
  FINAL RESULT
==============================================================================
  p_d              = [    513.4,      -7.6,    -218.7] mm
  p_EE             = [    515.5,      -1.0,      18.9] mm
  e_p              = [     -2.2,      -6.6,    -237.7] mm
  e_R              = [    -1.03,     -1.35,      0.07] deg
------------------------------------------------------------------------------
  position error     237.76 mm
  rotation error     1.70 deg
  csv                logs/surface_grinding_controller_log.csv
------------------------------------------------------------------------------
