
==============================================================================
  SURFACE GRINDING CONTROLLER
==============================================================================
  robot              172.16.0.2
  parameters         /home/hm-panda/Desktop/Thesis_Final_Control/surface_grinding_controller/params
------------------------------------------------------------------------------

==============================================================================
  SURFACE GRINDING CONTROLLER - STARTUP MENU
==============================================================================

-- RUN MODES -----------------------------------------------------------------
  s      Run orientation, approach, setup, and grinding
  h      Cartesian pose hold at the initial posture
  t      Cartesian pose hold with the setup impedance
  g      Start manual guidance from the current robot pose

-- ROBOT PREPARATION ---------------------------------------------------------
  i      Move to the configured initial joint posture

-- GRIPPER AND TOOL ----------------------------------------------------------
  o      Open the gripper
  c      Grasp the tool
  r      Recalibrate the gripper with empty fingers
  f      Pick up the tool from the holder
  b      Return the tool to the holder

-- PROGRAM -------------------------------------------------------------------
  e      Exit
------------------------------------------------------------------------------
  During control: e = stop | m = startup menu | g = guidance
------------------------------------------------------------------------------
Selection [s/h/t/g/i/o/c/r/f/b/e]: 
-- SELECTED MODE: PHASE SEQUENCE ---------------------------------------------

-- moving to q_init ----------------------------------------------------------
  case               saved_qinit
  q1..q7 [deg]     = [0.8, 12.1, -0.5, -130.9, -0.2, 142.9, 44.7] deg
  saved_qinit = [0.014777, 0.210911, -0.009320, -2.284835, -0.002725, 2.493410, 0.780694] rad
  q_init reached.

-- start pose ----------------------------------------------------------------
  q_start          = [0.9, 12.1, -0.5, -130.9, -0.1, 142.9, 44.7] deg
  p_start          = [    531.3,       2.5,     156.8] mm

==============================================================================
  RUN
==============================================================================

-- phase: approach_orient ----------------------------------------------------
  Kp [t1,t2,n]     = [    150.0,     150.0,     150.0] N/m
  Dp [t1,t2,n]     = [    133.7,      94.2,     128.3] Ns/m     auto (factor 1.90)
  KR [t1,t2,n]     = [     90.0,      90.0,      90.0] Nm/rad
  DR [t1,t2,n]     = [     10.8,      17.7,       2.0] Nms/rad  auto (factor 1.90)
orient:     t=  0.0 s | axis_err=  6.0 deg | spin_err=  0.6 deg
orient:     t=  0.2 s | axis_err=  5.2 deg | spin_err=  0.3 deg
orient:     t=  0.4 s | axis_err=  3.2 deg | spin_err=  0.0 deg
orient:     t=  0.6 s | axis_err=  2.3 deg | spin_err=  0.0 deg

Orientation reached: axis_err=2.0 deg | spin_err=0.0 deg

-- phase: approach_descend ---------------------------------------------------
  Kp [t1,t2,n]     = [    150.0,     150.0,     150.0] N/m
  Dp [t1,t2,n]     = [    133.7,      94.2,     128.3] Ns/m     auto (factor 1.90)
  KR [t1,t2,n]     = [     90.0,      90.0,      90.0] Nm/rad
  DR [t1,t2,n]     = [     10.8,      17.7,       2.0] Nms/rad  auto (factor 1.90)
  descend to         20 mm clearance at 0.100 m/s
descend:    t=  0.0 s | distance=   0.1 mm | height=+127.1 mm (target 20.0) | force=  0.0 N
descend:    t=  0.2 s | distance=  20.1 mm | height=+115.1 mm (target 20.0) | force=  1.9 N
descend:    t=  0.4 s | distance=  40.2 mm | height= +99.0 mm (target 20.0) | force=  2.5 N
descend:    t=  0.6 s | distance=  60.3 mm | height= +82.0 mm (target 20.0) | force=  2.7 N
descend:    t=  0.8 s | distance=  80.4 mm | height= +64.6 mm (target 20.0) | force=  2.7 N
descend:    t=  1.0 s | distance= 100.5 mm | height= +47.0 mm (target 20.0) | force=  2.8 N
descend:    t=  1.2 s | distance= 120.6 mm | height= +29.5 mm (target 20.0) | force=  3.8 N

Clearance reached: distance=131.6 mm | height=19.9 mm | target=20.0 mm | force=3.1 N
  offset_ee        = [     20.0,      60.0,      20.0] mm
  p_EE_at_contact  = [    507.0,       0.3,      43.2] mm
  contact_point    = [    524.2,     -60.4,       1.7] mm
  edge_offset      = [     17.2,     -60.7,     -41.5] mm

-- phase: setup --------------------------------------------------------------

-- setup impedance -----------------------------------------------------------
  law                wrench = K_TCP*dx + D_TCP*dv
                     K_TCP  = Ad(r_c)^T * blkdiag(Kp,KR) * Ad(r_c)
  Kp [t1,t2,n]     = [   2000.0,    2000.0,     350.0] N/m
  Dp [t1,t2,n]     = [    233.6,     173.4,     112.2] Ns/m     auto
  KR [t1,t2,n]     = [      5.0,       5.0,      50.0] Nm/rad
  DR [t1,t2,n]     = [      1.3,       2.1,       0.9] Nms/rad  auto
  p_c [EE]         = [      0.0,       0.0,       0.0] mm       resolved in the tool frame
  r_c [t1,t2,n]    = [      0.0,       0.0,       0.0] mm       commanded: p_TCP - p_c, in the plane
setup:     t=  0.0 s | tip=  0.0 deg | F=  0.1 N | M=  0.0 Nm (limit 150.0) | contact= 19.8 mm
setup:     t=  0.2 s | tip=  0.7 deg | F=  0.6 N | M=  0.6 Nm (limit 150.0) | contact=  7.6 mm
setup:     t=  0.4 s | tip=  1.4 deg | F= 18.1 N | M=  9.1 Nm (limit 150.0) | contact=  3.6 mm
setup:     t=  0.6 s | tip=  1.4 deg | F= 15.2 N | M=  8.2 Nm (limit 150.0) | contact=  3.6 mm
setup:     t=  0.8 s | tip=  1.5 deg | F= 21.0 N | M= 11.2 Nm (limit 150.0) | contact=  3.8 mm
setup:     t=  1.0 s | tip=  1.5 deg | F= 26.6 N | M= 14.0 Nm (limit 150.0) | contact=  4.2 mm
setup:     t=  1.2 s | tip=  1.5 deg | F= 32.3 N | M= 16.9 Nm (limit 150.0) | contact=  4.7 mm
setup:     t=  1.4 s | tip=  1.6 deg | F= 37.5 N | M= 19.4 Nm (limit 150.0) | contact=  5.2 mm
setup:     t=  1.6 s | tip=  1.6 deg | F= 43.2 N | M= 22.4 Nm (limit 150.0) | contact=  5.7 mm
setup:     t=  1.8 s | tip=  1.7 deg | F= 48.8 N | M= 25.2 Nm (limit 150.0) | contact=  6.1 mm
setup:     t=  2.0 s | tip=  1.7 deg | F= 54.1 N | M= 27.9 Nm (limit 150.0) | contact=  6.3 mm
setup:     t=  2.2 s | tip=  1.7 deg | F= 59.5 N | M= 30.6 Nm (limit 150.0) | contact=  6.4 mm
setup:     t=  2.4 s | tip=  1.7 deg | F= 65.2 N | M= 33.5 Nm (limit 150.0) | contact=  6.5 mm
setup:     t=  2.6 s | tip=  1.7 deg | F= 70.4 N | M= 36.1 Nm (limit 150.0) | contact=  6.7 mm
setup:     t=  2.8 s | tip=  1.7 deg | F= 76.2 N | M= 39.0 Nm (limit 150.0) | contact=  6.8 mm
setup:     t=  3.0 s | tip=  1.7 deg | F= 81.3 N | M= 41.6 Nm (limit 150.0) | contact=  7.0 mm
setup:     t=  3.2 s | tip=  1.8 deg | F= 87.0 N | M= 44.5 Nm (limit 150.0) | contact=  7.1 mm
setup:     t=  3.4 s | tip=  1.7 deg | F= 82.3 N | M= 42.0 Nm (limit 150.0) | contact=  7.0 mm
setup:     t=  3.6 s | tip=  1.7 deg | F= 82.1 N | M= 41.9 Nm (limit 150.0) | contact=  7.0 mm
setup:     t=  3.8 s | tip=  1.7 deg | F= 82.0 N | M= 41.9 Nm (limit 150.0) | contact=  7.0 mm
setup:     t=  4.0 s | tip=  1.7 deg | F= 82.0 N | M= 41.8 Nm (limit 150.0) | contact=  7.0 mm
setup:     t=  4.2 s | tip=  1.7 deg | F= 81.9 N | M= 41.8 Nm (limit 150.0) | contact=  7.0 mm
setup:     t=  4.4 s | tip=  1.7 deg | F= 81.9 N | M= 41.8 Nm (limit 150.0) | contact=  7.0 mm
setup:     t=  4.6 s | tip=  1.7 deg | F= 81.9 N | M= 41.8 Nm (limit 150.0) | contact=  7.0 mm
setup:     t=  4.8 s | tip=  1.7 deg | F= 81.8 N | M= 41.7 Nm (limit 150.0) | contact=  7.0 mm

==============================================================================
  SETUP RESULT
==============================================================================
  stop: time | t=5.0 s | tip=1.7 deg | F=81.8 N | M=41.8 Nm
  contact_from_start = [-4.7, -0.0, -5.2] mm | norm=7.0 mm
  tcp_from_contact  = [-21.3, +60.2, +17.0] mm | norm=66.1 mm
  alignment: before=5.30 deg | after=7.01 deg | gain=-1.71 deg
  alignment components [t1,t2,n] deg: before=[-1.22,-5.16,-0.00] | after=[-1.32,-6.88,+0.00]

-- setup surface-frame breakdown ---------------------------------------------
  frame              alignment-target [tangent1, tangent2, normal]
  force        [N]      = [    +7.67,     +1.18,    -81.47]
  tcp_disp     [mm]     = [    -3.65,     +0.17,    -24.63]
  contact_disp [mm]     = [    -4.58,     +0.13,     -5.33]
  Kp_eff=F/tcp [N/m]    = [  -2103.3,    7001.1,    3307.6]
  M_contact    [Nm]     = [    -5.79,    +40.54,     -0.12]
  tip_angle    [deg]    = [    -0.08,     -1.73,     +0.23]
  KR_eff=M/ang [Nm/rad] = [   4127.5,   -1343.9,     -29.9]
  frame              tool face [length, width, tool axis]
  M_contact    [Nm]     = [   -40.48,     +5.91,     +1.74]

-- center of compliance ------------------------------------------------------
  definition         r_c = p_TCP - p_c
  p_TCP [x,y,z]    = [    502.9,      -0.2,      18.6] mm
  p_c [EE]         = [     -0.0,      -0.0,       0.0] mm
  r_c [t1,t2,n]    = [      0.0,       0.0,       0.0] mm
                     p_c resolved at end of setup

-- effective TCP impedance ---------------------------------------------------
  K_TCP translation = [   1999.5,    1998.7,     351.8] N/m
  K_TCP rotation   = [      5.0,       5.0,      50.0] Nm/rad
  commanded KR was = [      5.0,       5.0,      50.0] Nm/rad   including lever contribution
  D_TCP translation = [    233.6,     173.3,     112.3] Ns/m
  D_TCP rotation   = [      1.3,       2.1,       0.9] Nms/rad
  coupling           max |moment per unit translation| = 0.0 Nm/m (K), 0.0 Nms/m (D)
  eigenvalues        K_TCP 5.00 .. 2000 | D_TCP 0.89 .. 234  (both positive: valid springs)

  K_TCP [N/m, Nm/rad | rows fx..mz, cols tx..rz]:
           tx        ty        tz    |    rx        ry        rz
  fx [    2000  -0.7871   -28.44 |        0        0        0 ]
  fy [ -0.7871     1999   -45.62 |        0        0        0 ]
  fz [  -28.44   -45.62    351.8 |        0        0        0 ]
     ---------------------------+---------------------------
  mx [       0        0        0 |    5.013  0.02147   0.7756 ]
  my [       0        0        0 |  0.02147    5.034    1.244 ]
  mz [       0        0        0 |   0.7756    1.244    49.95 ]

  D_TCP [Ns/m, Nms/rad]:
           tx        ty        tz    |    rx        ry        rz
  fx [   233.6 -0.05792   -2.093 |        0        0        0 ]
  fy [-0.05792    173.3    -1.69 |        0        0        0 ]
  fz [  -2.093    -1.69    112.3 |        0        0        0 ]
     ---------------------------+---------------------------
  mx [       0        0        0 |    1.301 -0.0001944 -0.007023 ]
  my [       0        0        0 | -0.0001944    2.065 -0.03241 ]
  mz [       0        0        0 | -0.007023 -0.03241   0.8951 ]

[GATE] Set up finished (still pressing). Press Enter to start the grind (e+Enter stops).

Stop requested with e + Enter. Finishing control loop...

-- joint motion [deg] --------------------------------------------------------
  joint       start    final    delta
  q1            0.9      0.3     -0.5
  q2           12.1     29.7    +17.5
  q3           -0.5     -0.3     +0.3
  q4         -130.9   -129.0     +1.9
  q5           -0.1     -0.2     -0.1
  q6          142.9    150.8     +7.9
  q7           44.7     45.7     +1.0

==============================================================================
  FINAL RESULT
==============================================================================
  p_d              = [    502.5,      -6.9,    -216.6] mm
  p_EE             = [    502.9,      -0.2,      18.6] mm
  e_p              = [     -0.4,      -6.7,    -235.2] mm
  e_R              = [    -0.08,     -1.72,      0.28] deg
------------------------------------------------------------------------------
  position error     235.31 mm
  rotation error     1.74 deg
  csv                logs/surface_grinding_controller_log.csv
------------------------------------------------------------------------------
