
==============================================================================
  SURFACE GRINDING CONTROLLER
==============================================================================
  robot              172.16.0.2
  parameters         /home/hm-panda/Desktop/Thesis_Final_Control/surface_grinding_controller/params
------------------------------------------------------------------------------

==============================================================================
  SURFACE GRINDING CONTROLLER - STARTUP MENU
==============================================================================

-- RUN MODES -----------------------------------------------------------------
  s      Run orientation, approach, setup, and grinding
  h      Cartesian pose hold at the initial posture
  t      Cartesian pose hold with the setup impedance
  g      Start manual guidance from the current robot pose

-- ROBOT PREPARATION ---------------------------------------------------------
  i      Move to the configured initial joint posture

-- GRIPPER AND TOOL ----------------------------------------------------------
  o      Open the gripper
  c      Grasp the tool
  r      Recalibrate the gripper with empty fingers
  f      Pick up the tool from the holder
  b      Return the tool to the holder

-- PROGRAM -------------------------------------------------------------------
  e      Exit
------------------------------------------------------------------------------
  During control: e = stop | m = startup menu | g = guidance
------------------------------------------------------------------------------
Selection [s/h/t/g/i/o/c/r/f/b/e]: 
-- SELECTED MODE: PHASE SEQUENCE ---------------------------------------------

-- moving to q_init ----------------------------------------------------------
  case               saved_qinit
  q1..q7 [deg]     = [0.8, 12.1, -0.5, -130.9, -0.2, 142.9, 44.7] deg
  saved_qinit = [0.014777, 0.210911, -0.009320, -2.284835, -0.002725, 2.493410, 0.780694] rad
  q_init reached.

-- start pose ----------------------------------------------------------------
  q_start          = [0.9, 12.1, -0.5, -130.9, -0.1, 142.9, 44.7] deg
  p_start          = [    531.3,       2.5,     156.8] mm

==============================================================================
  RUN
==============================================================================

-- phase: approach_orient ----------------------------------------------------
  Kp [t1,t2,n]     = [    150.0,     150.0,     150.0] N/m
  Dp [t1,t2,n]     = [    133.7,      94.2,     128.3] Ns/m     auto (factor 1.90)
  KR [t1,t2,n]     = [    300.0,     300.0,      90.0] Nm/rad
  DR [t1,t2,n]     = [     19.8,      32.3,       2.0] Nms/rad  auto (factor 1.90)
orient:     t=  0.0 s | axis_err=  8.5 deg | spin_err=  0.5 deg
orient:     t=  0.2 s | axis_err=  6.5 deg | spin_err=  0.1 deg
orient:     t=  0.4 s | axis_err=  2.5 deg | spin_err=  0.3 deg
orient:     t=  0.6 s | axis_err=  0.6 deg | spin_err=  0.2 deg
orient:     t=  0.8 s | axis_err=  0.5 deg | spin_err=  0.2 deg

Orientation reached: axis_err=0.5 deg | spin_err=0.2 deg

-- phase: approach_descend ---------------------------------------------------
  Kp [t1,t2,n]     = [    150.0,     150.0,     150.0] N/m
  Dp [t1,t2,n]     = [    133.7,      94.2,     128.3] Ns/m     auto (factor 1.90)
  KR [t1,t2,n]     = [    300.0,     300.0,      90.0] Nm/rad
  DR [t1,t2,n]     = [     19.8,      32.3,       2.0] Nms/rad  auto (factor 1.90)
  descend to         20 mm clearance at 0.100 m/s
descend:    t=  0.0 s | distance=   0.1 mm | height=+120.9 mm (target 20.0) | force= -0.0 N
descend:    t=  0.2 s | distance=  20.2 mm | height=+110.8 mm (target 20.0) | force=  1.9 N
descend:    t=  0.4 s | distance=  40.3 mm | height= +96.2 mm (target 20.0) | force=  2.5 N
descend:    t=  0.6 s | distance=  60.4 mm | height= +79.8 mm (target 20.0) | force=  2.1 N
descend:    t=  0.8 s | distance=  80.5 mm | height= +62.9 mm (target 20.0) | force=  3.1 N
descend:    t=  1.0 s | distance= 100.6 mm | height= +46.0 mm (target 20.0) | force=  3.1 N
descend:    t=  1.2 s | distance= 120.7 mm | height= +28.8 mm (target 20.0) | force=  3.1 N

Clearance reached: distance=131.6 mm | height=20.0 mm | target=20.0 mm | force=2.4 N
  offset_ee        = [     20.0,      60.0,      20.0] mm
  p_EE_at_contact  = [    518.7,       1.4,      49.9] mm
  contact_point    = [    537.3,     -55.9,       1.3] mm
  edge_offset      = [     18.6,     -57.3,     -48.6] mm

-- phase: setup --------------------------------------------------------------

-- setup impedance -----------------------------------------------------------
  law                wrench = K_TCP*dx + D_TCP*dv
                     K_TCP  = Ad(r_c)^T * blkdiag(Kp,KR) * Ad(r_c)
  Kp [t1,t2,n]     = [   2000.0,    2000.0,     350.0] N/m
  Dp [t1,t2,n]     = [    231.1,     178.2,     112.0] Ns/m     auto
  KR [t1,t2,n]     = [      5.0,       5.0,      50.0] Nm/rad
  DR [t1,t2,n]     = [      1.5,       1.9,       1.2] Nms/rad  auto
  p_c [EE]         = [      0.0,     -60.0,       0.0] mm       commanded in the tool frame
  r_c [t1,t2,n]    = [      0.1,     -59.2,      -9.6] mm       p_TCP - p_c, in the plane
setup:     t=  0.0 s | tip=  0.0 deg | F=  0.3 N | M=  0.1 Nm (limit 150.0) | contact= 19.9 mm
setup:     t=  0.2 s | tip=  1.0 deg | F=  2.5 N | M=  1.1 Nm (limit 150.0) | contact=  7.4 mm
setup:     t=  0.4 s | tip=  1.7 deg | F= 16.7 N | M=  8.8 Nm (limit 150.0) | contact=  3.8 mm
setup:     t=  0.6 s | tip=  1.7 deg | F= 15.8 N | M=  8.8 Nm (limit 150.0) | contact=  3.8 mm
setup:     t=  0.8 s | tip=  1.7 deg | F= 21.1 N | M= 11.6 Nm (limit 150.0) | contact=  3.9 mm
setup:     t=  1.0 s | tip=  1.8 deg | F= 26.3 N | M= 14.3 Nm (limit 150.0) | contact=  4.0 mm
setup:     t=  1.2 s | tip=  1.9 deg | F= 31.4 N | M= 16.9 Nm (limit 150.0) | contact=  4.2 mm
setup:     t=  1.4 s | tip=  2.3 deg | F= 36.8 N | M= 19.7 Nm (limit 150.0) | contact=  4.3 mm
setup:     t=  1.6 s | tip=  2.9 deg | F= 41.8 N | M= 22.2 Nm (limit 150.0) | contact=  4.2 mm
setup:     t=  1.8 s | tip=  5.2 deg | F= 43.3 N | M= 23.2 Nm (limit 150.0) | contact=  4.2 mm
setup:     t=  2.0 s | tip=  8.2 deg | F= 46.0 N | M= 24.7 Nm (limit 150.0) | contact=  4.3 mm
setup:     t=  2.2 s | tip=  8.6 deg | F= 54.3 N | M= 29.6 Nm (limit 150.0) | contact=  4.2 mm
setup:     t=  2.4 s | tip=  8.6 deg | F= 59.5 N | M= 32.2 Nm (limit 150.0) | contact=  4.3 mm
setup:     t=  2.6 s | tip=  8.6 deg | F= 65.1 N | M= 35.0 Nm (limit 150.0) | contact=  4.4 mm
setup:     t=  2.8 s | tip=  8.6 deg | F= 70.5 N | M= 37.8 Nm (limit 150.0) | contact=  4.6 mm
setup:     t=  3.0 s | tip=  8.6 deg | F= 76.2 N | M= 40.7 Nm (limit 150.0) | contact=  4.7 mm
setup:     t=  3.2 s | tip=  8.6 deg | F= 82.1 N | M= 43.7 Nm (limit 150.0) | contact=  4.9 mm
setup:     t=  3.4 s | tip=  8.6 deg | F= 77.0 N | M= 41.4 Nm (limit 150.0) | contact=  4.8 mm
setup:     t=  3.6 s | tip=  8.6 deg | F= 76.9 N | M= 41.3 Nm (limit 150.0) | contact=  4.8 mm
setup:     t=  3.8 s | tip=  8.6 deg | F= 76.9 N | M= 41.3 Nm (limit 150.0) | contact=  4.8 mm
setup:     t=  4.0 s | tip=  8.6 deg | F= 76.9 N | M= 41.3 Nm (limit 150.0) | contact=  4.8 mm
setup:     t=  4.2 s | tip=  8.6 deg | F= 76.8 N | M= 41.2 Nm (limit 150.0) | contact=  4.8 mm
setup:     t=  4.4 s | tip=  8.6 deg | F= 76.8 N | M= 41.2 Nm (limit 150.0) | contact=  4.8 mm
setup:     t=  4.6 s | tip=  8.6 deg | F= 76.7 N | M= 41.2 Nm (limit 150.0) | contact=  4.8 mm
setup:     t=  4.8 s | tip=  8.6 deg | F= 76.7 N | M= 41.2 Nm (limit 150.0) | contact=  4.8 mm

==============================================================================
  SETUP RESULT
==============================================================================
  stop: time | t=5.0 s | tip=8.6 deg | F=76.7 N | M=41.2 Nm
  contact_from_start = [-3.3, -0.1, -3.5] mm | norm=4.8 mm
  tcp_from_contact  = [-20.9, +60.3, +17.5] mm | norm=66.2 mm
  alignment: before=9.57 deg | after=2.92 deg | gain=+6.65 deg
  alignment components [t1,t2,n] deg: before=[-9.57,-0.27,-0.00] | after=[-1.31,-2.61,+0.00]

-- setup surface-frame breakdown ---------------------------------------------
  frame              alignment-target [tangent1, tangent2, normal]
  force        [N]      = [    +4.79,     -6.50,    -76.25]
  tcp_disp     [mm]     = [    -1.81,     +3.84,    -31.07]
  contact_disp [mm]     = [    -3.22,     -0.04,     -3.53]
  Kp_eff=F/tcp [N/m]    = [  -2641.1,   -1694.7,    2453.8]
  M_contact    [Nm]     = [   -10.08,    +39.37,     -3.54]
  tip_angle    [deg]    = [    +8.27,     -2.38,     +0.31]
  KR_eff=M/ang [Nm/rad] = [    -69.8,    -946.6,    -647.5]
  frame              tool face [length, width, tool axis]
  M_contact    [Nm]     = [   -39.19,    +10.19,     +4.89]

-- center of compliance ------------------------------------------------------
  definition         r_c = p_TCP - p_c
  p_TCP [x,y,z]    = [    516.4,       4.4,      18.8] mm
  p_c [EE]         = [     -0.0,     -60.0,      -0.0] mm
  r_c [t1,t2,n]    = [     -0.5,     -60.0,      -0.9] mm
                     p_c resolved at end of setup

-- effective TCP impedance ---------------------------------------------------
  K_TCP translation = [   1999.5,    1998.7,     351.8] N/m
  K_TCP rotation   = [      6.3,       5.0,      57.1] Nm/rad
  commanded KR was = [      5.0,       5.0,      50.0] Nm/rad   including lever contribution
  D_TCP translation = [    231.1,     178.2,     112.1] Ns/m
  D_TCP rotation   = [      1.9,       1.9,       2.1] Nms/rad
  coupling           max |moment per unit translation| = 120.0 Nm/m (K), 13.9 Nms/m (D)
  eigenvalues        K_TCP 4.98 .. 2007 | D_TCP 1.22 .. 232  (both positive: valid springs)

  K_TCP [N/m, Nm/rad | rows fx..mz, cols tx..rz]:
           tx        ty        tz    |    rx        ry        rz
  fx [    2000  -0.7871   -28.44 |   -1.707   -1.429     -120 ]
  fy [ -0.7871     1999   -45.62 |   -1.294  0.02297    1.029 ]
  fz [  -28.44   -45.62    351.8 |    21.07  -0.1522    1.684 ]
     ---------------------------+---------------------------
  mx [  -1.707   -1.294    21.07 |    6.276  0.01235   0.8774 ]
  my [  -1.429  0.02297  -0.1522 |  0.01235    5.036     1.33 ]
  mz [    -120    1.029    1.684 |   0.8774     1.33    57.15 ]

  D_TCP [Ns/m, Nms/rad]:
           tx        ty        tz    |    rx        ry        rz
  fx [   231.1 -0.05683   -2.053 |  -0.1232  -0.1658   -13.86 ]
  fy [-0.05683    178.2   -1.832 |   0.0187 0.0009408  0.09093 ]
  fz [  -2.053   -1.832    112.1 |    6.721 -0.05355   0.1223 ]
     ---------------------------+---------------------------
  mx [ -0.1232   0.0187    6.721 |    1.901 -0.003343 0.002684 ]
  my [ -0.1658 0.0009408 -0.05355 | -0.003343    1.889 -0.008452 ]
  mz [  -13.86  0.09093   0.1223 | 0.002684 -0.008452    2.056 ]

[GATE] Set up finished (still pressing). Press Enter to start the grind (e+Enter stops).

Stop requested with e + Enter. Finishing control loop...

-- joint motion [deg] --------------------------------------------------------
  joint       start    final    delta
  q1            0.9      5.9     +5.0
  q2           12.1     30.5    +18.4
  q3           -0.5     -4.7     -4.2
  q4         -130.9   -128.3     +2.6
  q5           -0.1      4.2     +4.4
  q6          142.9    153.5    +10.6
  q7           44.7     43.3     -1.4

==============================================================================
  FINAL RESULT
==============================================================================
  p_d              = [    514.2,      -5.8,    -209.9] mm
  p_EE             = [    516.4,       4.4,      18.8] mm
  e_p              = [     -2.1,     -10.2,    -228.7] mm
  e_R              = [     8.28,     -2.38,      0.24] deg
------------------------------------------------------------------------------
  position error     228.92 mm
  rotation error     8.61 deg
  csv                logs/surface_grinding_controller_log.csv
------------------------------------------------------------------------------
