
==============================================================================
  SURFACE GRINDING CONTROLLER
==============================================================================
  robot              172.16.0.2
  parameters         /home/hm-panda/Desktop/Thesis_Final_Control/surface_grinding_controller/params
------------------------------------------------------------------------------

==============================================================================
  SURFACE GRINDING CONTROLLER - STARTUP MENU
==============================================================================

-- RUN MODES -----------------------------------------------------------------
  s      Run orientation, approach, setup, and grinding
  h      Cartesian pose hold at the initial posture
  t      Cartesian pose hold with the setup impedance
  g      Start manual guidance from the current robot pose

-- ROBOT PREPARATION ---------------------------------------------------------
  i      Move to the configured initial joint posture

-- GRIPPER AND TOOL ----------------------------------------------------------
  o      Open the gripper
  c      Grasp the tool
  r      Recalibrate the gripper with empty fingers
  f      Pick up the tool from the holder
  b      Return the tool to the holder

-- PROGRAM -------------------------------------------------------------------
  e      Exit
------------------------------------------------------------------------------
  During control: e = stop | m = startup menu | g = guidance
------------------------------------------------------------------------------
Selection [s/h/t/g/i/o/c/r/f/b/e]: 
-- SELECTED MODE: PHASE SEQUENCE ---------------------------------------------

-- moving to q_init ----------------------------------------------------------
  case               saved_qinit
  q1..q7 [deg]     = [0.8, 12.1, -0.5, -130.9, -0.2, 142.9, 44.7] deg
  saved_qinit = [0.014777, 0.210911, -0.009320, -2.284835, -0.002725, 2.493410, 0.780694] rad
  q_init reached.

-- start pose ----------------------------------------------------------------
  q_start          = [0.9, 12.1, -0.5, -130.9, -0.1, 142.9, 44.7] deg
  p_start          = [    531.4,       2.5,     156.9] mm

==============================================================================
  RUN
==============================================================================

-- phase: approach_orient ----------------------------------------------------
  Kp [t1,t2,n]     = [    150.0,     150.0,     150.0] N/m
  Dp [t1,t2,n]     = [    133.7,      94.2,     128.3] Ns/m     auto (factor 1.90)
  KR [t1,t2,n]     = [    180.0,     180.0,      90.0] Nm/rad
  DR [t1,t2,n]     = [     15.3,      25.0,       2.0] Nms/rad  auto (factor 1.90)
orient:     t=  0.0 s | axis_err=  8.5 deg | spin_err=  0.5 deg
orient:     t=  0.2 s | axis_err=  7.3 deg | spin_err=  0.2 deg
orient:     t=  0.4 s | axis_err=  3.3 deg | spin_err=  0.2 deg
orient:     t=  0.6 s | axis_err=  1.1 deg | spin_err=  0.3 deg
orient:     t=  0.8 s | axis_err=  0.9 deg | spin_err=  0.3 deg

Orientation reached: axis_err=0.8 deg | spin_err=0.3 deg

-- phase: approach_descend ---------------------------------------------------
  Kp [t1,t2,n]     = [    150.0,     150.0,     150.0] N/m
  Dp [t1,t2,n]     = [    133.7,      94.2,     128.3] Ns/m     auto (factor 1.90)
  KR [t1,t2,n]     = [    180.0,     180.0,      90.0] Nm/rad
  DR [t1,t2,n]     = [     15.3,      25.0,       2.0] Nms/rad  auto (factor 1.90)
  descend to         20 mm clearance at 0.100 m/s
descend:    t=  0.0 s | distance=   0.1 mm | height=+121.7 mm (target 20.0) | force= -0.0 N
descend:    t=  0.2 s | distance=  20.2 mm | height=+110.9 mm (target 20.0) | force=  1.6 N
descend:    t=  0.4 s | distance=  40.3 mm | height= +95.8 mm (target 20.0) | force=  2.5 N
descend:    t=  0.6 s | distance=  60.4 mm | height= +79.5 mm (target 20.0) | force=  2.7 N
descend:    t=  0.8 s | distance=  80.5 mm | height= +62.4 mm (target 20.0) | force=  3.0 N
descend:    t=  1.0 s | distance= 100.6 mm | height= +45.4 mm (target 20.0) | force=  3.0 N
descend:    t=  1.2 s | distance= 120.7 mm | height= +28.2 mm (target 20.0) | force=  2.8 N

Clearance reached: distance=130.6 mm | height=19.9 mm | target=20.0 mm | force=2.5 N
  offset_ee        = [     20.0,      60.0,      20.0] mm
  p_EE_at_contact  = [    516.8,       1.7,      49.7] mm
  contact_point    = [    535.2,     -55.8,       1.3] mm
  edge_offset      = [     18.4,     -57.4,     -48.4] mm

-- phase: setup --------------------------------------------------------------

-- setup impedance -----------------------------------------------------------
  law                wrench = K_TCP*dx + D_TCP*dv
                     K_TCP  = Ad(r_c)^T * blkdiag(Kp,KR) * Ad(r_c)
  Kp [t1,t2,n]     = [   2000.0,    2000.0,     350.0] N/m
  Dp [t1,t2,n]     = [    231.2,     178.0,     112.1] Ns/m     auto
  KR [t1,t2,n]     = [      5.0,       5.0,      50.0] Nm/rad
  DR [t1,t2,n]     = [      1.5,       1.9,       1.2] Nms/rad  auto
  p_c [EE]         = [     -0.0,      -0.0,      40.0] mm       commanded in the tool frame
  r_c [t1,t2,n]    = [      1.4,      -6.2,      39.5] mm       p_TCP - p_c, in the plane
setup:     t=  0.0 s | ee=  0.0 deg | F=  0.1 N | M=  0.1 Nm (limit 150.0) | contact= 19.8 mm
setup:     t=  0.2 s | ee=  0.7 deg | F=  0.9 N | M=  0.8 Nm (limit 150.0) | contact=  7.3 mm
setup:     t=  0.4 s | ee=  1.4 deg | F= 17.5 N | M=  9.1 Nm (limit 150.0) | contact=  2.8 mm
setup:     t=  0.6 s | ee=  1.4 deg | F= 15.1 N | M=  8.2 Nm (limit 150.0) | contact=  2.8 mm
setup:     t=  0.8 s | ee=  1.4 deg | F= 20.6 N | M= 10.9 Nm (limit 150.0) | contact=  3.0 mm
setup:     t=  1.0 s | ee=  1.4 deg | F= 26.0 N | M= 13.8 Nm (limit 150.0) | contact=  3.1 mm
setup:     t=  1.2 s | ee=  1.4 deg | F= 32.2 N | M= 16.9 Nm (limit 150.0) | contact=  3.3 mm
setup:     t=  1.4 s | ee=  1.4 deg | F= 38.2 N | M= 20.0 Nm (limit 150.0) | contact=  3.5 mm
setup:     t=  1.6 s | ee=  1.5 deg | F= 43.7 N | M= 22.8 Nm (limit 150.0) | contact=  3.6 mm
setup:     t=  1.8 s | ee=  1.5 deg | F= 49.5 N | M= 25.8 Nm (limit 150.0) | contact=  3.8 mm
setup:     t=  2.0 s | ee=  1.6 deg | F= 54.2 N | M= 28.2 Nm (limit 150.0) | contact=  4.0 mm
setup:     t=  2.2 s | ee=  1.8 deg | F= 60.6 N | M= 31.6 Nm (limit 150.0) | contact=  4.0 mm
setup:     t=  2.4 s | ee=  2.3 deg | F= 63.4 N | M= 33.0 Nm (limit 150.0) | contact=  4.1 mm
setup:     t=  2.6 s | ee=  3.0 deg | F= 68.8 N | M= 35.9 Nm (limit 150.0) | contact=  4.2 mm
setup:     t=  2.8 s | ee=  5.2 deg | F= 72.6 N | M= 37.8 Nm (limit 150.0) | contact=  4.2 mm
setup:     t=  3.0 s | ee=  7.6 deg | F= 79.1 N | M= 41.3 Nm (limit 150.0) | contact=  4.4 mm
setup:     t=  3.2 s | ee=  7.7 deg | F= 84.0 N | M= 43.9 Nm (limit 150.0) | contact=  4.7 mm
setup:     t=  3.4 s | ee=  7.7 deg | F= 79.9 N | M= 41.9 Nm (limit 150.0) | contact=  4.5 mm
setup:     t=  3.6 s | ee=  7.7 deg | F= 79.6 N | M= 41.7 Nm (limit 150.0) | contact=  4.5 mm
setup:     t=  3.8 s | ee=  7.7 deg | F= 79.6 N | M= 41.7 Nm (limit 150.0) | contact=  4.5 mm
setup:     t=  4.0 s | ee=  7.7 deg | F= 79.5 N | M= 41.7 Nm (limit 150.0) | contact=  4.5 mm
setup:     t=  4.2 s | ee=  7.7 deg | F= 79.5 N | M= 41.7 Nm (limit 150.0) | contact=  4.5 mm
setup:     t=  4.4 s | ee=  7.7 deg | F= 79.5 N | M= 41.7 Nm (limit 150.0) | contact=  4.5 mm
setup:     t=  4.6 s | ee=  7.7 deg | F= 79.4 N | M= 41.6 Nm (limit 150.0) | contact=  4.5 mm
setup:     t=  4.8 s | ee=  7.7 deg | F= 79.4 N | M= 41.6 Nm (limit 150.0) | contact=  4.5 mm

==============================================================================
  SETUP RESULT
==============================================================================
  stop: time | t=5.0 s | ee=7.7 deg | F=79.4 N | M=41.6 Nm
  contact_from_start = [-1.1, +1.9, -3.9] mm | norm=4.5 mm
  tcp_from_contact  = [-19.1, +62.1, +17.2] mm | norm=67.2 mm
  deviation: before=9.30 deg | after=2.39 deg | gain=+6.91 deg
  deviation components [t1,t2,n] deg: before=[-9.29,-0.44,+0.00] | after=[-1.74,-1.64,+0.00]

-- setup surface-frame breakdown ---------------------------------------------
  frame              alignment-target [tangent1, tangent2, normal]
  force        [N]      = [    +1.99,     -0.33,    -79.35]
  tcp_disp     [mm]     = [    -0.16,     +5.55,    -31.05]
  contact_disp [mm]     = [    -1.07,     +1.99,     -3.90]
  Kp_eff=F/tcp [N/m]    = [ -12772.6,     -58.9,    2555.3]
  M_contact    [Nm]     = [    -5.57,    +40.19,     +0.06]
  tip_angle    [deg]    = [    +7.55,     -1.24,     +0.35]
  KR_eff=M/ang [Nm/rad] = [    -42.3,   -1856.2,       9.7]
  frame              tool face [length, width, tool axis]
  M_contact    [Nm]     = [   -40.12,     +5.89,     +1.32]

-- center of compliance ------------------------------------------------------
  definition         r_c = p_TCP - p_c
  p_TCP [x,y,z]    = [    516.1,       6.4,      18.5] mm
  p_c [EE]         = [      0.0,      -0.0,      40.0] mm
  r_c [t1,t2,n]    = [      2.2,      -1.0,      39.9] mm
                     p_c resolved at end of setup

-- effective TCP impedance ---------------------------------------------------
  K_TCP translation = [   1999.5,    1998.7,     351.8] N/m
  K_TCP rotation   = [      8.2,       8.2,      50.0] Nm/rad
  commanded KR was = [      5.0,       5.0,      50.0] Nm/rad   including lever contribution
  D_TCP translation = [    231.1,     178.0,     112.2] Ns/m
  D_TCP rotation   = [      1.8,       2.3,       1.2] Nms/rad
  coupling           max |moment per unit translation| = 79.9 Nm/m (K), 9.2 Nms/m (D)
  eigenvalues        K_TCP 4.99 .. 2003 | D_TCP 1.20 .. 232  (both positive: valid springs)

  K_TCP [N/m, Nm/rad | rows fx..mz, cols tx..rz]:
           tx        ty        tz    |    rx        ry        rz
  fx [    2000  -0.7871   -28.44 | -0.02721   -79.85   0.2968 ]
  fy [ -0.7871     1999   -45.62 |    79.75  -0.1003    -5.77 ]
  fz [  -28.44   -45.62    351.8 |   -1.872     2.15   0.1275 ]
     ---------------------------+---------------------------
  mx [-0.02721    79.75   -1.872 |    8.195  0.01715   0.5454 ]
  my [  -79.85  -0.1003     2.15 |  0.01715    8.226    1.233 ]
  mz [  0.2968    -5.77   0.1275 |   0.5454    1.233    49.97 ]

  D_TCP [Ns/m, Nms/rad]:
           tx        ty        tz    |    rx        ry        rz
  fx [   231.1 -0.05678   -2.052 | -0.001963   -9.226  0.03421 ]
  fy [-0.05678      178   -1.821 |      7.1 -0.002991  -0.5137 ]
  fz [  -2.052   -1.821    112.2 | -0.08918   0.4057 0.004954 ]
     ---------------------------+---------------------------
  mx [-0.001963      7.1 -0.08918 |    1.773 -0.000316 -0.02544 ]
  my [  -9.226 -0.002991   0.4057 | -0.000316    2.265 -0.02052 ]
  mz [ 0.03421  -0.5137 0.004954 | -0.02544 -0.02052    1.205 ]

[GATE] Set up finished (still pressing). Press Enter to start the grind (e+Enter stops).

Stop requested with e + Enter. Finishing control loop...

-- joint motion [deg] --------------------------------------------------------
  joint       start    final    delta
  q1            0.9      5.7     +4.9
  q2           12.1     30.3    +18.2
  q3           -0.5     -4.4     -3.8
  q4         -130.9   -129.0     +1.9
  q5           -0.1      5.0     +5.1
  q6          142.9    155.0    +12.1
  q7           44.7     42.8     -2.0

==============================================================================
  FINAL RESULT
==============================================================================
  p_d              = [    512.3,      -5.5,    -210.1] mm
  p_EE             = [    516.1,       6.4,      18.5] mm
  e_p              = [     -3.8,     -11.9,    -228.6] mm
  e_R              = [     7.56,     -1.23,      0.25] deg
------------------------------------------------------------------------------
  position error     228.94 mm
  rotation error     7.66 deg
  csv                logs/surface_grinding_controller_log.csv
------------------------------------------------------------------------------
