
==============================================================================
  SURFACE GRINDING CONTROLLER
==============================================================================
  robot              172.16.0.2
  parameters         /home/hm-panda/Desktop/Thesis_Final_Control/surface_grinding_controller/params
------------------------------------------------------------------------------

==============================================================================
  SURFACE GRINDING CONTROLLER - STARTUP MENU
==============================================================================

-- RUN MODES -----------------------------------------------------------------
  s      Run orientation, approach, setup, and grinding
  h      Cartesian pose hold at the initial posture
  t      Cartesian pose hold with the setup impedance
  g      Start manual guidance from the current robot pose

-- ROBOT PREPARATION ---------------------------------------------------------
  i      Move to the configured initial joint posture

-- GRIPPER AND TOOL ----------------------------------------------------------
  o      Open the gripper
  c      Grasp the tool
  r      Recalibrate the gripper with empty fingers
  f      Pick up the tool from the holder
  b      Return the tool to the holder

-- PROGRAM -------------------------------------------------------------------
  e      Exit
------------------------------------------------------------------------------
  During control: e = stop | m = startup menu | g = guidance
------------------------------------------------------------------------------
Selection [s/h/t/g/i/o/c/r/f/b/e]: 
-- SELECTED MODE: PHASE SEQUENCE ---------------------------------------------

-- moving to q_init ----------------------------------------------------------
  case               saved_qinit
  q1..q7 [deg]     = [0.8, 12.1, -0.5, -130.9, -0.2, 142.9, 44.7] deg
  saved_qinit = [0.014777, 0.210911, -0.009320, -2.284835, -0.002725, 2.493410, 0.780694] rad
  q_init reached.

-- start pose ----------------------------------------------------------------
  q_start          = [0.8, 12.1, -0.5, -130.9, -0.2, 142.9, 44.7] deg
  p_start          = [    531.1,       2.4,     156.6] mm

==============================================================================
  RUN
==============================================================================

-- phase: approach_orient ----------------------------------------------------
  Kp [t1,t2,n]     = [    150.0,     150.0,     150.0] N/m
  Dp [t1,t2,n]     = [    133.6,      94.2,     128.4] Ns/m     auto (factor 1.90)
  KR [t1,t2,n]     = [    180.0,     180.0,      90.0] Nm/rad
  DR [t1,t2,n]     = [     15.3,      25.0,       2.0] Nms/rad  auto (factor 1.90)
orient:     t=  0.0 s | axis_err=  7.9 deg | spin_err=  0.9 deg
orient:     t=  0.2 s | axis_err=  6.5 deg | spin_err=  0.7 deg
orient:     t=  0.4 s | axis_err=  3.2 deg | spin_err=  0.4 deg
orient:     t=  0.6 s | axis_err=  1.3 deg | spin_err=  0.2 deg
orient:     t=  0.8 s | axis_err=  1.0 deg | spin_err=  0.2 deg

Orientation reached: axis_err=0.9 deg | spin_err=0.2 deg

-- phase: approach_descend ---------------------------------------------------
  Kp [t1,t2,n]     = [    150.0,     150.0,     150.0] N/m
  Dp [t1,t2,n]     = [    133.6,      94.2,     128.4] Ns/m     auto (factor 1.90)
  KR [t1,t2,n]     = [    180.0,     180.0,      90.0] Nm/rad
  DR [t1,t2,n]     = [     15.3,      25.0,       2.0] Nms/rad  auto (factor 1.90)
  descend to         20 mm clearance at 0.100 m/s
descend:    t=  0.0 s | distance=   0.1 mm | height=+135.9 mm (target 20.0) | force=  0.0 N
descend:    t=  0.2 s | distance=  20.2 mm | height=+125.0 mm (target 20.0) | force=  0.6 N
descend:    t=  0.4 s | distance=  40.3 mm | height=+107.9 mm (target 20.0) | force=  0.7 N
descend:    t=  0.6 s | distance=  60.4 mm | height= +90.2 mm (target 20.0) | force=  2.0 N
descend:    t=  0.8 s | distance=  80.5 mm | height= +71.9 mm (target 20.0) | force=  1.2 N
descend:    t=  1.0 s | distance= 100.6 mm | height= +53.4 mm (target 20.0) | force= -0.5 N
descend:    t=  1.2 s | distance= 120.7 mm | height= +34.8 mm (target 20.0) | force=  0.8 N

Clearance reached: distance=136.7 mm | height=20.0 mm | target=20.0 mm | force=-0.9 N
  offset_ee        = [    -20.0,      60.0,      20.0] mm
  p_EE_at_contact  = [    534.6,      -4.5,      42.9] mm
  contact_point    = [    517.0,     -65.6,       1.9] mm
  edge_offset      = [    -17.5,     -61.1,     -41.0] mm

-- phase: setup --------------------------------------------------------------

-- setup impedance -----------------------------------------------------------
  law                wrench = K_TCP*dx + D_TCP*dv
                     K_TCP  = Ad(r_c)^T * blkdiag(Kp,KR) * Ad(r_c)
  Kp [t1,t2,n]     = [   2000.0,    2000.0,     350.0] N/m
  Dp [t1,t2,n]     = [    227.8,     160.2,     115.6] Ns/m     auto
  KR [t1,t2,n]     = [      5.0,       5.0,      50.0] Nm/rad
  DR [t1,t2,n]     = [      1.6,       1.9,       1.0] Nms/rad  auto
  p_c [EE]         = [    -40.0,      -0.0,      -0.0] mm       commanded in the tool frame
  r_c [t1,t2,n]    = [     39.6,       0.1,       5.6] mm       p_TCP - p_c, in the plane
setup:     t=  0.0 s | ee=  0.0 deg | F=  0.1 N | M=  0.0 Nm (limit 150.0) | contact= 19.9 mm
setup:     t=  0.2 s | ee=  0.6 deg | F=  2.1 N | M=  0.7 Nm (limit 150.0) | contact=  7.0 mm
setup:     t=  0.4 s | ee=  1.0 deg | F= 14.7 N | M=  0.5 Nm (limit 150.0) | contact=  1.7 mm
setup:     t=  0.6 s | ee=  1.1 deg | F= 17.1 N | M=  0.3 Nm (limit 150.0) | contact=  2.0 mm
setup:     t=  0.8 s | ee=  1.1 deg | F= 22.9 N | M=  0.3 Nm (limit 150.0) | contact=  2.4 mm
setup:     t=  1.0 s | ee=  1.1 deg | F= 28.2 N | M=  0.5 Nm (limit 150.0) | contact=  2.5 mm
setup:     t=  1.2 s | ee=  1.1 deg | F= 33.7 N | M=  0.7 Nm (limit 150.0) | contact=  2.6 mm
setup:     t=  1.4 s | ee=  1.1 deg | F= 39.4 N | M=  0.9 Nm (limit 150.0) | contact=  2.7 mm
setup:     t=  1.6 s | ee=  1.1 deg | F= 45.4 N | M=  1.2 Nm (limit 150.0) | contact=  2.9 mm
setup:     t=  1.8 s | ee=  1.1 deg | F= 50.9 N | M=  1.4 Nm (limit 150.0) | contact=  3.1 mm
setup:     t=  2.0 s | ee=  1.2 deg | F= 56.2 N | M=  1.4 Nm (limit 150.0) | contact=  3.5 mm
setup:     t=  2.2 s | ee=  1.1 deg | F= 61.6 N | M=  1.3 Nm (limit 150.0) | contact=  3.6 mm
setup:     t=  2.4 s | ee=  0.7 deg | F= 67.4 N | M=  1.5 Nm (limit 150.0) | contact=  3.6 mm
setup:     t=  2.6 s | ee=  0.8 deg | F= 72.4 N | M=  1.7 Nm (limit 150.0) | contact=  3.8 mm
setup:     t=  2.8 s | ee=  2.1 deg | F= 78.1 N | M=  1.8 Nm (limit 150.0) | contact=  3.9 mm
setup:     t=  3.0 s | ee=  3.2 deg | F= 83.8 N | M=  1.8 Nm (limit 150.0) | contact=  4.2 mm
setup:     t=  3.2 s | ee=  4.1 deg | F= 88.8 N | M=  1.8 Nm (limit 150.0) | contact=  4.3 mm
setup:     t=  3.4 s | ee=  4.7 deg | F= 82.7 N | M=  1.5 Nm (limit 150.0) | contact=  4.3 mm
setup:     t=  3.6 s | ee=  4.7 deg | F= 82.4 N | M=  1.4 Nm (limit 150.0) | contact=  4.3 mm
setup:     t=  3.8 s | ee=  4.7 deg | F= 82.4 N | M=  1.3 Nm (limit 150.0) | contact=  4.3 mm
setup:     t=  4.0 s | ee=  4.7 deg | F= 82.3 N | M=  1.3 Nm (limit 150.0) | contact=  4.3 mm
setup:     t=  4.2 s | ee=  4.7 deg | F= 82.3 N | M=  1.3 Nm (limit 150.0) | contact=  4.3 mm
setup:     t=  4.4 s | ee=  4.7 deg | F= 82.2 N | M=  1.3 Nm (limit 150.0) | contact=  4.3 mm
setup:     t=  4.6 s | ee=  4.7 deg | F= 82.2 N | M=  1.3 Nm (limit 150.0) | contact=  4.3 mm
setup:     t=  4.8 s | ee=  4.7 deg | F= 82.1 N | M=  1.3 Nm (limit 150.0) | contact=  4.3 mm

==============================================================================
  SETUP RESULT
==============================================================================
  stop: time | t=5.0 s | ee=4.7 deg | F=82.1 N | M_TCP=1.3 Nm
  contact_from_start = [-0.7, -0.2, -4.2] mm | norm=4.3 mm
  tcp_from_contact  = [+14.3, +60.2, +18.6] mm | norm=64.6 mm
  deviation: before=9.59 deg | after=14.26 deg | gain=-4.68 deg
  t_align: not reached | tolerance=2.00 deg | hold=0.30 s
  t_align_fraction: not reached | fraction=0.50 of the deviation at contact
  deviation_min: 8.48 deg at t=1.20 s
  align_status: not_aligned
  deviation components [t1,t2,n] deg: before=[-0.76,+9.56,+0.00] | after=[-1.29,+14.20,+0.00]

-- setup surface-frame breakdown ---------------------------------------------
  frame              alignment-target [tangent1, tangent2, normal]
  force        [N]      = [    +6.95,     +1.38,    -81.78]
  tcp_disp     [mm]     = [    -2.84,     -0.22,    -22.45]
  contact_disp [mm]     = [    -0.65,     -0.09,     -4.24]
  Kp_eff=F/tcp [N/m]    = [  -2451.2,   -6195.7,    3642.4]
  M_contact    [Nm]     = [    -5.40,     +0.23,     -0.81]
  ee_angle     [deg]    = [    -0.48,     +4.65,     -0.24]
  KR_eff=M/ang [Nm/rad] = [    647.4,       2.9,     193.5]
  frame              tool face [length, width, tool axis]
  M_contact    [Nm]     = [    -0.27,     +5.44,     -0.54]

-- center of compliance ------------------------------------------------------
  definition         r_c = p_TCP - p_c
  p_TCP [x,y,z]    = [    531.3,      -5.4,      20.5] mm
  p_c [EE]         = [    -40.0,      -0.0,      -0.0] mm
  r_c [t1,t2,n]    = [     39.0,       0.2,       8.8] mm
                     p_c resolved at end of setup

-- effective TCP impedance ---------------------------------------------------
  K_TCP translation = [   1999.5,    1998.7,     351.8] N/m
  K_TCP rotation   = [      5.1,       5.7,      53.0] Nm/rad
  commanded KR was = [      5.0,       5.0,      50.0] Nm/rad   including lever contribution
  D_TCP translation = [    227.8,     160.1,     115.7] Ns/m
  D_TCP rotation   = [      1.6,       2.1,       1.3] Nms/rad
  coupling           max |moment per unit translation| = 78.3 Nm/m (K), 6.3 Nms/m (D)
  eigenvalues        K_TCP 4.99 .. 2003 | D_TCP 1.01 .. 228  (both positive: valid springs)

  K_TCP [N/m, Nm/rad | rows fx..mz, cols tx..rz]:
           tx        ty        tz    |    rx        ry        rz
  fx [    2000  -0.7871   -28.44 | 0.005771   -17.33   0.8855 ]
  fy [ -0.7871     1999   -45.62 |    16.23    -1.78   -78.28 ]
  fz [  -28.44   -45.62    351.8 |  -0.5204    14.01    1.775 ]
     ---------------------------+---------------------------
  mx [0.005771    16.23  -0.5204 |    5.145 0.001039   0.1399 ]
  my [  -17.33    -1.78    14.01 | 0.001039    5.724    1.307 ]
  mz [  0.8855   -78.28    1.775 |   0.1399    1.307    53.02 ]

  D_TCP [Ns/m, Nms/rad]:
           tx        ty        tz    |    rx        ry        rz
  fx [   227.8 -0.05353   -1.934 | 0.0003925   -1.923  0.09945 ]
  fy [-0.05353    160.1   -1.232 |    1.299 -0.04781   -6.271 ]
  fz [  -1.934   -1.232    115.7 | -0.05943    4.545  0.04742 ]
     ---------------------------+---------------------------
  mx [0.0003925    1.299 -0.05943 |    1.636 -0.002625 -0.06153 ]
  my [  -1.923 -0.04781    4.545 | -0.002625    2.135 -0.02475 ]
  mz [ 0.09945   -6.271  0.04742 | -0.06153 -0.02475    1.255 ]

[GATE] Set up finished (still pressing). Press Enter to start the grind (e+Enter stops).

Stop requested with e + Enter. Finishing control loop...

-- joint motion [deg] --------------------------------------------------------
  joint       start    final    delta
  q1            0.8      0.6     -0.2
  q2           12.1     30.7    +18.6
  q3           -0.5     -1.2     -0.6
  q4         -130.9   -135.7     -4.8
  q5           -0.2     -0.7     -0.6
  q6          142.9    178.1    +35.3
  q7           44.7     44.9     +0.2

==============================================================================
  FINAL RESULT
==============================================================================
  p_d              = [    530.1,     -11.7,    -216.9] mm
  p_EE             = [    531.3,      -5.4,      20.5] mm
  e_p              = [     -1.3,      -6.3,    -237.5] mm
  e_R              = [    -0.48,      4.64,     -0.36] deg
------------------------------------------------------------------------------
  position error     237.56 mm
  rotation error     4.68 deg
  csv                logs/surface_grinding_controller_log.csv
------------------------------------------------------------------------------
