
==============================================================================
  SURFACE GRINDING CONTROLLER
==============================================================================
  robot              172.16.0.2
  parameters         /home/hm-panda/Desktop/Thesis_Final_Control/surface_grinding_controller/params
------------------------------------------------------------------------------

==============================================================================
  SURFACE GRINDING CONTROLLER - STARTUP MENU
==============================================================================

-- RUN MODES -----------------------------------------------------------------
  s      Run orientation, approach, setup, and grinding
  h      Cartesian pose hold at the initial posture
  t      Cartesian pose hold with the setup impedance
  g      Start manual guidance from the current robot pose

-- ROBOT PREPARATION ---------------------------------------------------------
  i      Move to the configured initial joint posture

-- GRIPPER AND TOOL ----------------------------------------------------------
  o      Open the gripper
  c      Grasp the tool
  r      Recalibrate the gripper with empty fingers
  f      Pick up the tool from the holder
  b      Return the tool to the holder

-- PROGRAM -------------------------------------------------------------------
  e      Exit
------------------------------------------------------------------------------
  During control: e = stop | m = startup menu | g = guidance
------------------------------------------------------------------------------
Selection [s/h/t/g/i/o/c/r/f/b/e]: 
-- SELECTED MODE: PHASE SEQUENCE ---------------------------------------------

-- moving to q_init ----------------------------------------------------------
  case               saved_qinit
  q1..q7 [deg]     = [0.8, 12.1, -0.5, -130.9, -0.2, 142.9, 44.7] deg
  saved_qinit = [0.014777, 0.210911, -0.009320, -2.284835, -0.002725, 2.493410, 0.780694] rad
  q_init reached.

-- start pose ----------------------------------------------------------------
  q_start          = [0.9, 12.1, -0.5, -130.9, -0.1, 142.9, 44.7] deg
  p_start          = [    531.4,       2.5,     156.9] mm

==============================================================================
  RUN
==============================================================================

-- phase: approach_orient ----------------------------------------------------
  Kp [t1,t2,n]     = [    150.0,     150.0,     150.0] N/m
  Dp [t1,t2,n]     = [    133.7,      94.2,     128.3] Ns/m     auto (factor 1.90)
  KR [t1,t2,n]     = [    180.0,     180.0,      90.0] Nm/rad
  DR [t1,t2,n]     = [     15.3,      25.0,       2.0] Nms/rad  auto (factor 1.90)
orient:     t=  0.0 s | axis_err=  8.5 deg | spin_err=  0.5 deg
orient:     t=  0.2 s | axis_err=  7.3 deg | spin_err=  0.3 deg
orient:     t=  0.4 s | axis_err=  3.3 deg | spin_err=  0.2 deg
orient:     t=  0.6 s | axis_err=  1.1 deg | spin_err=  0.3 deg
orient:     t=  0.8 s | axis_err=  0.9 deg | spin_err=  0.3 deg

Orientation reached: axis_err=0.8 deg | spin_err=0.3 deg

-- phase: approach_descend ---------------------------------------------------
  Kp [t1,t2,n]     = [    150.0,     150.0,     150.0] N/m
  Dp [t1,t2,n]     = [    133.7,      94.2,     128.3] Ns/m     auto (factor 1.90)
  KR [t1,t2,n]     = [    180.0,     180.0,      90.0] Nm/rad
  DR [t1,t2,n]     = [     15.3,      25.0,       2.0] Nms/rad  auto (factor 1.90)
  descend to         20 mm clearance at 0.100 m/s
descend:    t=  0.0 s | distance=   0.1 mm | height=+121.2 mm (target 20.0) | force=  0.0 N
descend:    t=  0.2 s | distance=  20.2 mm | height=+110.4 mm (target 20.0) | force=  2.5 N
descend:    t=  0.4 s | distance=  40.3 mm | height= +95.6 mm (target 20.0) | force=  2.4 N
descend:    t=  0.6 s | distance=  60.4 mm | height= +79.5 mm (target 20.0) | force=  2.5 N
descend:    t=  0.8 s | distance=  80.5 mm | height= +62.5 mm (target 20.0) | force=  3.4 N
descend:    t=  1.0 s | distance= 100.6 mm | height= +45.7 mm (target 20.0) | force=  3.5 N
descend:    t=  1.2 s | distance= 120.7 mm | height= +28.8 mm (target 20.0) | force=  3.1 N

Clearance reached: distance=131.5 mm | height=19.9 mm | target=20.0 mm | force=2.6 N
  offset_ee        = [     20.0,      60.0,      20.0] mm
  p_EE_at_contact  = [    516.6,       1.7,      49.8] mm
  contact_point    = [    535.0,     -55.7,       1.3] mm
  edge_offset      = [     18.4,     -57.4,     -48.5] mm

-- phase: setup --------------------------------------------------------------

-- setup impedance -----------------------------------------------------------
  law                wrench = K_TCP*dx + D_TCP*dv
                     K_TCP  = Ad(r_c)^T * blkdiag(Kp,KR) * Ad(r_c)
  Kp [t1,t2,n]     = [   2000.0,    2000.0,     350.0] N/m
  Dp [t1,t2,n]     = [    231.2,     178.1,     112.1] Ns/m     auto
  KR [t1,t2,n]     = [      5.0,       5.0,      50.0] Nm/rad
  DR [t1,t2,n]     = [      1.5,       1.9,       1.2] Nms/rad  auto
  p_c [EE]         = [     -0.0,       0.0,      90.0] mm       commanded in the tool frame
  r_c [t1,t2,n]    = [      3.2,     -14.0,      88.8] mm       p_TCP - p_c, in the plane
setup:     t=  0.0 s | tip=  0.0 deg | F=  0.1 N | M=  0.1 Nm (limit 150.0) | contact= 19.9 mm
setup:     t=  0.2 s | tip=  0.7 deg | F=  1.1 N | M=  0.9 Nm (limit 150.0) | contact=  7.6 mm
setup:     t=  0.4 s | tip=  1.3 deg | F= 14.9 N | M=  8.0 Nm (limit 150.0) | contact=  2.7 mm
setup:     t=  0.6 s | tip=  1.3 deg | F= 15.2 N | M=  8.5 Nm (limit 150.0) | contact=  2.6 mm
setup:     t=  0.8 s | tip=  1.3 deg | F= 21.0 N | M= 11.6 Nm (limit 150.0) | contact=  2.8 mm
setup:     t=  1.0 s | tip=  1.4 deg | F= 26.6 N | M= 14.4 Nm (limit 150.0) | contact=  3.0 mm
setup:     t=  1.2 s | tip=  1.4 deg | F= 32.1 N | M= 17.2 Nm (limit 150.0) | contact=  3.1 mm
setup:     t=  1.4 s | tip=  1.4 deg | F= 37.8 N | M= 20.1 Nm (limit 150.0) | contact=  3.3 mm
setup:     t=  1.6 s | tip=  1.4 deg | F= 44.1 N | M= 23.3 Nm (limit 150.0) | contact=  3.4 mm
setup:     t=  1.8 s | tip=  1.5 deg | F= 49.7 N | M= 26.1 Nm (limit 150.0) | contact=  3.6 mm
setup:     t=  2.0 s | tip=  1.7 deg | F= 55.4 N | M= 29.1 Nm (limit 150.0) | contact=  3.7 mm
setup:     t=  2.2 s | tip=  2.1 deg | F= 59.4 N | M= 31.2 Nm (limit 150.0) | contact=  3.7 mm
setup:     t=  2.4 s | tip=  2.8 deg | F= 63.3 N | M= 33.2 Nm (limit 150.0) | contact=  3.9 mm
setup:     t=  2.6 s | tip=  4.6 deg | F= 70.2 N | M= 37.0 Nm (limit 150.0) | contact=  4.3 mm
setup:     t=  2.8 s | tip=  6.7 deg | F= 74.8 N | M= 39.5 Nm (limit 150.0) | contact=  4.9 mm
setup:     t=  3.0 s | tip=  7.6 deg | F= 80.7 N | M= 43.0 Nm (limit 150.0) | contact=  5.7 mm
setup:     t=  3.2 s | tip=  7.6 deg | F= 85.4 N | M= 45.4 Nm (limit 150.0) | contact=  5.8 mm
setup:     t=  3.4 s | tip=  7.6 deg | F= 79.5 N | M= 42.4 Nm (limit 150.0) | contact=  5.7 mm
setup:     t=  3.6 s | tip=  7.6 deg | F= 79.3 N | M= 42.2 Nm (limit 150.0) | contact=  5.7 mm
setup:     t=  3.8 s | tip=  7.6 deg | F= 79.3 N | M= 42.2 Nm (limit 150.0) | contact=  5.7 mm
setup:     t=  4.0 s | tip=  7.6 deg | F= 79.2 N | M= 42.2 Nm (limit 150.0) | contact=  5.7 mm
setup:     t=  4.2 s | tip=  7.6 deg | F= 79.2 N | M= 42.2 Nm (limit 150.0) | contact=  5.7 mm
setup:     t=  4.4 s | tip=  7.6 deg | F= 79.2 N | M= 42.2 Nm (limit 150.0) | contact=  5.7 mm
setup:     t=  4.6 s | tip=  7.6 deg | F= 79.2 N | M= 42.2 Nm (limit 150.0) | contact=  5.7 mm
setup:     t=  4.8 s | tip=  7.6 deg | F= 79.2 N | M= 42.2 Nm (limit 150.0) | contact=  5.7 mm

==============================================================================
  SETUP RESULT
==============================================================================
  stop: time | t=5.0 s | tip=7.6 deg | F=79.1 N | M=42.2 Nm
  contact_from_start = [+0.7, +4.0, -3.9] mm | norm=5.7 mm
  tcp_from_contact  = [-17.5, +64.2, +17.1] mm | norm=68.7 mm
  alignment: before=9.35 deg | after=2.18 deg | gain=+7.17 deg
  alignment components [t1,t2,n] deg: before=[-9.34,-0.51,+0.00] | after=[-1.81,-1.22,+0.00]

-- setup surface-frame breakdown ---------------------------------------------
  frame              alignment-target [tangent1, tangent2, normal]
  force        [N]      = [    +0.28,     +8.62,    -78.68]
  tcp_disp     [mm]     = [    +1.43,     +7.67,    -31.12]
  contact_disp [mm]     = [    +0.78,     +4.14,     -3.81]
  Kp_eff=F/tcp [N/m]    = [    193.5,    1123.0,    2527.8]
  M_contact    [Nm]     = [    -5.25,    +40.43,     +4.55]
  tip_angle    [deg]    = [    +7.53,     -0.74,     +0.30]
  KR_eff=M/ang [Nm/rad] = [    -39.9,   -3137.6,     858.4]
  frame              tool face [length, width, tool axis]
  M_contact    [Nm]     = [   -40.52,     +5.58,     -3.16]

-- center of compliance ------------------------------------------------------
  definition         r_c = p_TCP - p_c
  p_TCP [x,y,z]    = [    517.5,       8.5,      18.5] mm
  p_c [EE]         = [     -0.0,       0.0,      90.0] mm
  r_c [t1,t2,n]    = [      4.3,      -2.3,      89.9] mm
                     p_c resolved at end of setup

-- effective TCP impedance ---------------------------------------------------
  K_TCP translation = [   1999.5,    1998.7,     351.8] N/m
  K_TCP rotation   = [     21.1,      21.2,      50.0] Nm/rad
  commanded KR was = [      5.0,       5.0,      50.0] Nm/rad   including lever contribution
  D_TCP translation = [    231.2,     178.0,     112.2] Ns/m
  D_TCP rotation   = [      2.9,       3.8,       1.2] Nms/rad
  coupling           max |moment per unit translation| = 179.7 Nm/m (K), 20.8 Nms/m (D)
  eigenvalues        K_TCP 4.96 .. 2016 | D_TCP 1.21 .. 233  (both positive: valid springs)

  K_TCP [N/m, Nm/rad | rows fx..mz, cols tx..rz]:
           tx        ty        tz    |    rx        ry        rz
  fx [    2000  -0.7871   -28.44 | -0.06409   -179.7   0.4691 ]
  fy [ -0.7871     1999   -45.62 |    179.5  -0.1956   -11.67 ]
  fz [  -28.44   -45.62    351.8 |   -4.179    4.608   0.2597 ]
     ---------------------------+---------------------------
  mx [-0.06409    179.5   -4.179 |    21.14 0.002826  -0.2724 ]
  my [  -179.7  -0.1956    4.608 | 0.002826     21.2    1.204 ]
  mz [  0.4691   -11.67   0.2597 |  -0.2724    1.204    50.02 ]

  D_TCP [Ns/m, Nms/rad]:
           tx        ty        tz    |    rx        ry        rz
  fx [   231.2 -0.05681   -2.053 | -0.004626   -20.77  0.05403 ]
  fy [-0.05681      178   -1.824 |    15.99 -0.005545   -1.039 ]
  fz [  -2.053   -1.824    112.2 |  -0.1899   0.8393  0.01017 ]
     ---------------------------+---------------------------
  mx [-0.004626    15.99  -0.1899 |    2.926 -0.0008285 -0.09824 ]
  my [  -20.77 -0.005545   0.8393 | -0.0008285    3.767 -0.02391 ]
  mz [ 0.05403   -1.039  0.01017 | -0.09824 -0.02391    1.213 ]

[GATE] Set up finished (still pressing). Press Enter to start the grind (e+Enter stops).

Stop requested with e + Enter. Finishing control loop...

-- joint motion [deg] --------------------------------------------------------
  joint       start    final    delta
  q1            0.9      6.0     +5.1
  q2           12.1     30.4    +18.3
  q3           -0.5     -4.4     -3.8
  q4         -130.9   -129.0     +1.9
  q5           -0.1      5.3     +5.5
  q6          142.9    155.5    +12.6
  q7           44.7     42.6     -2.1

==============================================================================
  FINAL RESULT
==============================================================================
  p_d              = [    512.1,      -5.5,    -210.0] mm
  p_EE             = [    517.5,       8.5,      18.5] mm
  e_p              = [     -5.4,     -14.0,    -228.5] mm
  e_R              = [     7.54,     -0.73,      0.19] deg
------------------------------------------------------------------------------
  position error     228.95 mm
  rotation error     7.58 deg
  csv                logs/surface_grinding_controller_log.csv
------------------------------------------------------------------------------
