
==============================================================================
  SURFACE GRINDING CONTROLLER
==============================================================================
  robot              172.16.0.2
  parameters         /home/hm-panda/Desktop/Thesis_Final_Control/surface_grinding_controller/params
------------------------------------------------------------------------------

==============================================================================
  SURFACE GRINDING CONTROLLER - STARTUP MENU
==============================================================================

-- RUN MODES -----------------------------------------------------------------
  s      Run orientation, approach, setup, and grinding
  h      Cartesian pose hold at the initial posture
  t      Cartesian pose hold with the setup impedance
  g      Start manual guidance from the current robot pose

-- ROBOT PREPARATION ---------------------------------------------------------
  i      Move to the configured initial joint posture

-- GRIPPER AND TOOL ----------------------------------------------------------
  o      Open the gripper
  c      Grasp the tool
  r      Recalibrate the gripper with empty fingers
  f      Pick up the tool from the holder
  b      Return the tool to the holder

-- PROGRAM -------------------------------------------------------------------
  e      Exit
------------------------------------------------------------------------------
  During control: e = stop | m = startup menu | g = guidance
------------------------------------------------------------------------------
Selection [s/h/t/g/i/o/c/r/f/b/e]: 
-- SELECTED MODE: PHASE SEQUENCE ---------------------------------------------

-- moving to q_init ----------------------------------------------------------
  case               saved_qinit
  q1..q7 [deg]     = [0.8, 12.1, -0.5, -130.9, -0.2, 142.9, 44.7] deg
  saved_qinit = [0.014777, 0.210911, -0.009320, -2.284835, -0.002725, 2.493410, 0.780694] rad
  q_init reached.

-- start pose ----------------------------------------------------------------
  q_start          = [0.8, 12.1, -0.5, -130.9, -0.2, 142.9, 44.7] deg
  p_start          = [    531.2,       2.5,     156.8] mm

==============================================================================
  RUN
==============================================================================

-- phase: approach_orient ----------------------------------------------------
  Kp [t1,t2,n]     = [    150.0,     150.0,     150.0] N/m
  Dp [t1,t2,n]     = [    133.7,      94.2,     128.3] Ns/m     auto (factor 1.90)
  KR [t1,t2,n]     = [     90.0,      90.0,      90.0] Nm/rad
  DR [t1,t2,n]     = [     10.8,      17.7,       2.0] Nms/rad  auto (factor 1.90)
orient:     t=  0.0 s | axis_err=  1.6 deg | spin_err=  0.7 deg
orient:     t=  0.2 s | axis_err=  1.2 deg | spin_err=  0.0 deg
orient:     t=  0.4 s | axis_err=  1.0 deg | spin_err=  0.0 deg

Orientation reached: axis_err=1.0 deg | spin_err=0.0 deg

-- phase: approach_descend ---------------------------------------------------
  Kp [t1,t2,n]     = [    150.0,     150.0,     150.0] N/m
  Dp [t1,t2,n]     = [    133.7,      94.2,     128.3] Ns/m     auto (factor 1.90)
  KR [t1,t2,n]     = [     90.0,      90.0,      90.0] Nm/rad
  DR [t1,t2,n]     = [     10.8,      17.7,       2.0] Nms/rad  auto (factor 1.90)
  descend to         20 mm clearance at 0.100 m/s
descend:    t=  0.0 s | distance=   0.1 mm | height=+132.7 mm (target 20.0) | force= -0.0 N
descend:    t=  0.2 s | distance=  20.1 mm | height=+120.8 mm (target 20.0) | force=  0.8 N
descend:    t=  0.4 s | distance=  40.1 mm | height=+103.9 mm (target 20.0) | force=  1.0 N
descend:    t=  0.6 s | distance=  60.2 mm | height= +86.0 mm (target 20.0) | force=  0.2 N
descend:    t=  0.8 s | distance=  80.3 mm | height= +67.9 mm (target 20.0) | force=  1.3 N
descend:    t=  1.0 s | distance= 100.4 mm | height= +49.8 mm (target 20.0) | force=  1.3 N
descend:    t=  1.2 s | distance= 120.5 mm | height= +31.9 mm (target 20.0) | force=  2.2 N

Clearance reached: distance=133.8 mm | height=19.9 mm | target=20.0 mm | force=2.5 N
  offset_ee        = [     20.0,      60.0,      20.0] mm
  p_EE_at_contact  = [    520.1,       0.5,      41.1] mm
  contact_point    = [    539.2,     -60.3,       1.4] mm
  edge_offset      = [     19.1,     -60.8,     -39.7] mm

-- phase: setup --------------------------------------------------------------

-- setup impedance -----------------------------------------------------------
  law                wrench = K_TCP*dx + D_TCP*dv
                     K_TCP  = Ad(r_c)^T * blkdiag(Kp,KR) * Ad(r_c)
  Kp [t1,t2,n]     = [   2000.0,    2000.0,     350.0] N/m
  Dp [t1,t2,n]     = [    231.7,     169.7,     113.1] Ns/m     auto
  KR [t1,t2,n]     = [      5.0,       5.0,      50.0] Nm/rad
  DR [t1,t2,n]     = [      1.3,       2.0,       0.8] Nms/rad  auto
  p_c [EE]         = [      0.0,       0.0,       0.0] mm       resolved in the tool frame
  r_c [t1,t2,n]    = [      0.0,       0.0,       0.0] mm       commanded: p_TCP - p_c, in the plane
setup:     t=  0.0 s | tip=  0.0 deg | F=  0.0 N | M=  0.0 Nm (limit 150.0) | contact= 19.8 mm
setup:     t=  0.2 s | tip=  0.6 deg | F=  1.1 N | M=  0.5 Nm (limit 150.0) | contact=  6.6 mm
setup:     t=  0.4 s | tip=  1.1 deg | F= 13.0 N | M=  7.2 Nm (limit 150.0) | contact=  2.0 mm
setup:     t=  0.6 s | tip=  1.1 deg | F= 15.3 N | M=  8.3 Nm (limit 150.0) | contact=  2.1 mm
setup:     t=  0.8 s | tip=  1.1 deg | F= 20.6 N | M= 11.1 Nm (limit 150.0) | contact=  2.2 mm
setup:     t=  1.0 s | tip=  1.1 deg | F= 25.9 N | M= 13.9 Nm (limit 150.0) | contact=  2.4 mm
setup:     t=  1.2 s | tip=  1.1 deg | F= 32.0 N | M= 17.0 Nm (limit 150.0) | contact=  2.6 mm
setup:     t=  1.4 s | tip=  1.2 deg | F= 37.6 N | M= 19.9 Nm (limit 150.0) | contact=  2.8 mm
setup:     t=  1.6 s | tip=  1.2 deg | F= 42.7 N | M= 22.5 Nm (limit 150.0) | contact=  3.1 mm
setup:     t=  1.8 s | tip=  1.2 deg | F= 48.6 N | M= 25.5 Nm (limit 150.0) | contact=  3.4 mm
setup:     t=  2.0 s | tip=  1.3 deg | F= 54.4 N | M= 28.4 Nm (limit 150.0) | contact=  3.5 mm
setup:     t=  2.2 s | tip=  1.3 deg | F= 59.7 N | M= 31.1 Nm (limit 150.0) | contact=  3.7 mm
setup:     t=  2.4 s | tip=  1.3 deg | F= 65.9 N | M= 34.3 Nm (limit 150.0) | contact=  3.9 mm
setup:     t=  2.6 s | tip=  1.3 deg | F= 71.4 N | M= 37.2 Nm (limit 150.0) | contact=  4.0 mm
setup:     t=  2.8 s | tip=  1.3 deg | F= 77.4 N | M= 40.2 Nm (limit 150.0) | contact=  4.2 mm
setup:     t=  3.0 s | tip=  1.3 deg | F= 82.7 N | M= 42.9 Nm (limit 150.0) | contact=  4.3 mm
setup:     t=  3.2 s | tip=  1.3 deg | F= 87.9 N | M= 45.6 Nm (limit 150.0) | contact=  4.5 mm
setup:     t=  3.4 s | tip=  1.3 deg | F= 82.7 N | M= 43.3 Nm (limit 150.0) | contact=  4.4 mm
setup:     t=  3.6 s | tip=  1.3 deg | F= 82.7 N | M= 43.2 Nm (limit 150.0) | contact=  4.4 mm
setup:     t=  3.8 s | tip=  1.3 deg | F= 82.7 N | M= 43.2 Nm (limit 150.0) | contact=  4.4 mm
setup:     t=  4.0 s | tip=  1.3 deg | F= 82.5 N | M= 43.2 Nm (limit 150.0) | contact=  4.4 mm
setup:     t=  4.2 s | tip=  1.3 deg | F= 82.5 N | M= 43.1 Nm (limit 150.0) | contact=  4.4 mm
setup:     t=  4.4 s | tip=  1.3 deg | F= 82.4 N | M= 43.1 Nm (limit 150.0) | contact=  4.4 mm
setup:     t=  4.6 s | tip=  1.3 deg | F= 82.4 N | M= 43.1 Nm (limit 150.0) | contact=  4.4 mm
setup:     t=  4.8 s | tip=  1.3 deg | F= 82.4 N | M= 43.1 Nm (limit 150.0) | contact=  4.4 mm

==============================================================================
  SETUP RESULT
==============================================================================
  stop: time | t=5.0 s | tip=1.3 deg | F=82.4 N | M=43.1 Nm
  contact_from_start = [-2.8, +0.1, -3.4] mm | norm=4.4 mm
  tcp_from_contact  = [-21.6, +60.2, +17.2] mm | norm=66.3 mm
  alignment: before=1.05 deg | after=2.18 deg | gain=-1.13 deg
  alignment components [t1,t2,n] deg: before=[-0.94,-0.47,-0.00] | after=[-1.32,-1.74,+0.00]

-- setup surface-frame breakdown ---------------------------------------------
  frame              alignment-target [tangent1, tangent2, normal]
  force        [N]      = [    +4.20,     -0.13,    -82.25]
  tcp_disp     [mm]     = [    -2.10,     +0.05,    -22.55]
  contact_disp [mm]     = [    -2.70,     +0.15,     -3.45]
  Kp_eff=F/tcp [N/m]    = [  -2000.5,   -2501.8,    3648.3]
  M_contact    [Nm]     = [    -4.31,    +41.56,     -0.21]
  tip_angle    [deg]    = [    -0.37,     -1.27,     +0.11]
  KR_eff=M/ang [Nm/rad] = [    658.7,   -1870.5,    -103.3]
  frame              tool face [length, width, tool axis]
  M_contact    [Nm]     = [   -41.53,     +4.38,     +1.29]

-- center of compliance ------------------------------------------------------
  definition         r_c = p_TCP - p_c
  p_TCP [x,y,z]    = [    517.6,      -0.1,      18.6] mm
  p_c [EE]         = [     -0.0,      -0.0,       0.0] mm
  r_c [t1,t2,n]    = [      0.0,       0.0,       0.0] mm
                     p_c resolved at end of setup

-- effective TCP impedance ---------------------------------------------------
  K_TCP translation = [   1999.5,    1998.7,     351.8] N/m
  K_TCP rotation   = [      5.0,       5.0,      50.0] Nm/rad
  commanded KR was = [      5.0,       5.0,      50.0] Nm/rad   including lever contribution
  D_TCP translation = [    231.6,     169.7,     113.2] Ns/m
  D_TCP rotation   = [      1.3,       2.0,       0.8] Nms/rad
  coupling           max |moment per unit translation| = 0.0 Nm/m (K), 0.0 Nms/m (D)
  eigenvalues        K_TCP 5.00 .. 2000 | D_TCP 0.78 .. 232  (both positive: valid springs)

  K_TCP [N/m, Nm/rad | rows fx..mz, cols tx..rz]:
           tx        ty        tz    |    rx        ry        rz
  fx [    2000  -0.7871   -28.44 |        0        0        0 ]
  fy [ -0.7871     1999   -45.62 |        0        0        0 ]
  fz [  -28.44   -45.62    351.8 |        0        0        0 ]
     ---------------------------+---------------------------
  mx [       0        0        0 |    5.013  0.02147   0.7756 ]
  my [       0        0        0 |  0.02147    5.034    1.244 ]
  mz [       0        0        0 |   0.7756    1.244    49.95 ]

  D_TCP [Ns/m, Nms/rad]