
==============================================================================
  SURFACE GRINDING CONTROLLER
==============================================================================
  robot              172.16.0.2
  parameters         /home/hm-panda/Desktop/Thesis_Final_Control/surface_grinding_controller/params
------------------------------------------------------------------------------

==============================================================================
  SURFACE GRINDING CONTROLLER - STARTUP MENU
==============================================================================

-- RUN MODES -----------------------------------------------------------------
  s      Run orientation, approach, setup, and grinding
  h      Cartesian pose hold at the initial posture
  t      Cartesian pose hold with the setup impedance
  g      Start manual guidance from the current robot pose

-- ROBOT PREPARATION ---------------------------------------------------------
  i      Move to the configured initial joint posture

-- GRIPPER AND TOOL ----------------------------------------------------------
  o      Open the gripper
  c      Grasp the tool
  r      Recalibrate the gripper with empty fingers
  f      Pick up the tool from the holder
  b      Return the tool to the holder

-- PROGRAM -------------------------------------------------------------------
  e      Exit
------------------------------------------------------------------------------
  During control: e = stop | m = startup menu | g = guidance
------------------------------------------------------------------------------
Selection [s/h/t/g/i/o/c/r/f/b/e]: 
-- SELECTED MODE: PHASE SEQUENCE ---------------------------------------------

-- moving to q_init ----------------------------------------------------------
  case               saved_qinit
  q1..q7 [deg]     = [0.8, 12.1, -0.5, -130.9, -0.2, 142.9, 44.7] deg
  saved_qinit = [0.014777, 0.210911, -0.009320, -2.284835, -0.002725, 2.493410, 0.780694] rad
  q_init reached.

-- start pose ----------------------------------------------------------------
  q_start          = [0.9, 12.1, -0.5, -130.9, -0.1, 142.9, 44.7] deg
  p_start          = [    531.3,       2.5,     156.8] mm

==============================================================================
  RUN
==============================================================================

-- phase: approach_orient ----------------------------------------------------
  Kp [t1,t2,n]     = [    150.0,     150.0,     150.0] N/m
  Dp [t1,t2,n]     = [    133.7,      94.2,     128.3] Ns/m     auto (factor 1.90)
  KR [t1,t2,n]     = [    300.0,     300.0,      90.0] Nm/rad
  DR [t1,t2,n]     = [     19.8,      32.3,       2.0] Nms/rad  auto (factor 1.90)
orient:     t=  0.0 s | axis_err=  8.5 deg | spin_err=  0.5 deg
orient:     t=  0.2 s | axis_err=  6.5 deg | spin_err=  0.2 deg
orient:     t=  0.4 s | axis_err=  2.5 deg | spin_err=  0.2 deg
orient:     t=  0.6 s | axis_err=  0.6 deg | spin_err=  0.1 deg
orient:     t=  0.8 s | axis_err=  0.5 deg | spin_err=  0.2 deg

Orientation reached: axis_err=0.5 deg | spin_err=0.1 deg

-- phase: approach_descend ---------------------------------------------------
  Kp [t1,t2,n]     = [    150.0,     150.0,     150.0] N/m
  Dp [t1,t2,n]     = [    133.7,      94.2,     128.3] Ns/m     auto (factor 1.90)
  KR [t1,t2,n]     = [    300.0,     300.0,      90.0] Nm/rad
  DR [t1,t2,n]     = [     19.8,      32.3,       2.0] Nms/rad  auto (factor 1.90)
  descend to         20 mm clearance at 0.100 m/s
descend:    t=  0.0 s | distance=   0.1 mm | height=+120.2 mm (target 20.0) | force=  0.0 N
descend:    t=  0.2 s | distance=  20.2 mm | height=+110.0 mm (target 20.0) | force=  2.1 N
descend:    t=  0.4 s | distance=  40.3 mm | height= +95.0 mm (target 20.0) | force=  1.2 N
descend:    t=  0.6 s | distance=  60.4 mm | height= +78.7 mm (target 20.0) | force=  2.0 N
descend:    t=  0.8 s | distance=  80.5 mm | height= +61.7 mm (target 20.0) | force=  2.5 N
descend:    t=  1.0 s | distance= 100.6 mm | height= +44.5 mm (target 20.0) | force=  2.1 N
descend:    t=  1.2 s | distance= 120.7 mm | height= +27.5 mm (target 20.0) | force=  3.1 N

Clearance reached: distance=129.8 mm | height=19.9 mm | target=20.0 mm | force=1.8 N
  offset_ee        = [     20.0,      60.0,      20.0] mm
  p_EE_at_contact  = [    518.9,       1.3,      49.9] mm
  contact_point    = [    537.4,     -56.0,       1.3] mm
  edge_offset      = [     18.6,     -57.3,     -48.6] mm

-- phase: setup --------------------------------------------------------------

-- setup impedance -----------------------------------------------------------
  law                wrench = K_TCP*dx + D_TCP*dv
                     K_TCP  = Ad(r_c)^T * blkdiag(Kp,KR) * Ad(r_c)
  Kp [t1,t2,n]     = [   2000.0,    2000.0,     350.0] N/m
  Dp [t1,t2,n]     = [    231.2,     178.3,     111.9] Ns/m     auto
  KR [t1,t2,n]     = [      5.0,       5.0,      50.0] Nm/rad
  DR [t1,t2,n]     = [      1.5,       1.9,       1.2] Nms/rad  auto
  p_c [EE]         = [      0.0,      -0.0,      40.0] mm       commanded in the tool frame
  r_c [t1,t2,n]    = [      1.3,      -6.4,      39.5] mm       p_TCP - p_c, in the plane
setup:     t=  0.0 s | tip=  0.0 deg | F=  0.1 N | M=  0.0 Nm (limit 150.0) | contact= 19.8 mm
setup:     t=  0.2 s | tip=  0.8 deg | F=  1.4 N | M=  1.1 Nm (limit 150.0) | contact=  7.3 mm
setup:     t=  0.4 s | tip=  1.5 deg | F= 19.4 N | M= 10.1 Nm (limit 150.0) | contact=  2.7 mm
setup:     t=  0.6 s | tip=  1.5 deg | F= 16.1 N | M=  8.8 Nm (limit 150.0) | contact=  2.8 mm
setup:     t=  0.8 s | tip=  1.5 deg | F= 21.6 N | M= 11.6 Nm (limit 150.0) | contact=  2.9 mm
setup:     t=  1.0 s | tip=  1.5 deg | F= 26.9 N | M= 14.4 Nm (limit 150.0) | contact=  3.1 mm
setup:     t=  1.2 s | tip=  1.5 deg | F= 33.0 N | M= 17.5 Nm (limit 150.0) | contact=  3.3 mm
setup:     t=  1.4 s | tip=  1.6 deg | F= 38.9 N | M= 20.5 Nm (limit 150.0) | contact=  3.4 mm
setup:     t=  1.6 s | tip=  1.6 deg | F= 44.3 N | M= 23.4 Nm (limit 150.0) | contact=  3.6 mm
setup:     t=  1.8 s | tip=  1.7 deg | F= 50.2 N | M= 26.3 Nm (limit 150.0) | contact=  3.7 mm
setup:     t=  2.0 s | tip=  1.9 deg | F= 55.0 N | M= 28.7 Nm (limit 150.0) | contact=  3.8 mm
setup:     t=  2.2 s | tip=  2.2 deg | F= 61.1 N | M= 31.8 Nm (limit 150.0) | contact=  3.8 mm
setup:     t=  2.4 s | tip=  2.8 deg | F= 64.3 N | M= 33.5 Nm (limit 150.0) | contact=  4.0 mm
setup:     t=  2.6 s | tip=  4.6 deg | F= 69.1 N | M= 36.3 Nm (limit 150.0) | contact=  4.3 mm
setup:     t=  2.8 s | tip=  7.0 deg | F= 73.6 N | M= 38.7 Nm (limit 150.0) | contact=  4.3 mm
setup:     t=  3.0 s | tip=  8.1 deg | F= 79.5 N | M= 41.9 Nm (limit 150.0) | contact=  4.4 mm
setup:     t=  3.2 s | tip=  8.0 deg | F= 85.9 N | M= 45.1 Nm (limit 150.0) | contact=  4.6 mm
setup:     t=  3.4 s | tip=  8.0 deg | F= 81.2 N | M= 42.7 Nm (limit 150.0) | contact=  4.5 mm
setup:     t=  3.6 s | tip=  8.0 deg | F= 81.0 N | M= 42.6 Nm (limit 150.0) | contact=  4.5 mm
setup:     t=  3.8 s | tip=  8.0 deg | F= 81.0 N | M= 42.6 Nm (limit 150.0) | contact=  4.5 mm
setup:     t=  4.0 s | tip=  8.0 deg | F= 81.0 N | M= 42.6 Nm (limit 150.0) | contact=  4.5 mm
setup:     t=  4.2 s | tip=  8.0 deg | F= 80.9 N | M= 42.6 Nm (limit 150.0) | contact=  4.5 mm
setup:     t=  4.4 s | tip=  8.0 deg | F= 80.9 N | M= 42.5 Nm (limit 150.0) | contact=  4.5 mm
setup:     t=  4.6 s | tip=  8.0 deg | F= 80.9 N | M= 42.5 Nm (limit 150.0) | contact=  4.5 mm
setup:     t=  4.8 s | tip=  8.0 deg | F= 80.8 N | M= 42.5 Nm (limit 150.0) | contact=  4.5 mm

==============================================================================
  SETUP RESULT
==============================================================================
  stop: time | t=5.0 s | tip=8.0 deg | F=80.8 N | M=42.5 Nm
  contact_from_start = [-1.1, +2.0, -3.9] mm | norm=4.5 mm
  tcp_from_contact  = [-19.0, +62.2, +17.3] mm | norm=67.3 mm
  alignment: before=9.58 deg | after=2.61 deg | gain=+6.97 deg
  alignment components [t1,t2,n] deg: before=[-9.57,-0.34,+0.00] | after=[-1.74,-1.95,+0.00]

-- setup surface-frame breakdown ---------------------------------------------
  frame              alignment-target [tangent1, tangent2, normal]
  force        [N]      = [    +2.32,     -0.87,    -80.75]
  tcp_disp     [mm]     = [    +0.11,     +5.82,    -31.19]
  contact_disp [mm]     = [    -1.01,     +2.10,     -3.89]
  Kp_eff=F/tcp [N/m]    = [  20818.4,    -149.6,    2588.9]
  M_contact    [Nm]     = [    -5.60,    +41.04,     -0.20]
  tip_angle    [deg]    = [    +7.84,     -1.65,     +0.36]
  KR_eff=M/ang [Nm/rad] = [    -40.9,   -1426.7,     -32.0]
  frame              tool face [length, width, tool axis]
  M_contact    [Nm]     = [   -40.97,     +5.87,     +1.63]

-- center of compliance ------------------------------------------------------
  definition         r_c = p_TCP - p_c
  p_TCP [x,y,z]    = [    518.5,       6.2,      18.6] mm
  p_c [EE]         = [     -0.0,       0.0,      40.0] mm
  r_c [t1,t2,n]    = [      2.4,      -1.0,      39.9] mm
                     p_c resolved at end of setup

-- effective TCP impedance ---------------------------------------------------
  K_TCP translation = [   1999.5,    1998.7,     351.8] N/m
  K_TCP rotation   = [      8.2,       8.2,      50.0] Nm/rad
  commanded KR was = [      5.0,       5.0,      50.0] Nm/rad   including lever contribution
  D_TCP translation = [    231.1,     178.2,     112.0] Ns/m
  D_TCP rotation   = [      1.8,       2.3,       1.2] Nms/rad
  coupling           max |moment per unit translation| = 79.8 Nm/m (K), 9.2 Nms/m (D)
  eigenvalues        K_TCP 4.99 .. 2003 | D_TCP 1.22 .. 232  (both positive: valid springs)

  K_TCP [N/m, Nm/rad | rows fx..mz, cols tx..rz]:
           tx        ty        tz    |    rx        ry        rz
  fx [    2000  -0.7871   -28.44 | -0.02705   -79.83   0.3077 ]
  fy [ -0.7871     1999   -45.62 |    79.72  -0.1101     -6.2 ]
  fz [  -28.44   -45.62    351.8 |   -1.873    2.225   0.1372 ]
     ---------------------------+---------------------------
  mx [-0.02705    79.72   -1.873 |    8.193  0.01674   0.5283 ]
  my [  -79.83  -0.1101    2.225 |  0.01674    8.225    1.232 ]
  mz [  0.3077     -6.2   0.1372 |   0.5283    1.232    49.97 ]

  D_TCP [Ns/m, Nms/rad]:
           tx        ty        tz    |    rx        ry        rz
  fx [   231.1 -0.05689   -2.055 | -0.001955   -9.224  0.03547 ]
  fy [-0.05689    178.2   -1.834 |    7.107 -0.00342  -0.5528 ]
  fz [  -2.055   -1.834      112 | -0.09024   0.4294 0.005375 ]
     ---------------------------+---------------------------
  mx [-0.001955    7.107 -0.09024 |     1.78 -0.000332 -0.02675 ]
  my [  -9.224 -0.00342   0.4294 | -0.000332     2.26 -0.01985 ]
  mz [ 0.03547  -0.5528 0.005375 | -0.02675 -0.01985    1.226 ]

[GATE] Set up finished (still pressing). Press Enter to start the grind (e+Enter stops).

Stop requested with e + Enter. Finishing control loop...

-- joint motion [deg] --------------------------------------------------------
  joint       start    final    delta
  q1            0.9      5.7     +4.9
  q2           12.1     30.6    +18.5
  q3           -0.5     -4.4     -3.9
  q4         -130.9   -128.3     +2.6
  q5           -0.1      5.0     +5.1
  q6          142.9    154.3    +11.4
  q7           44.7     42.7     -2.0

==============================================================================
  FINAL RESULT
==============================================================================
  p_d              = [    514.4,      -5.9,    -209.8] mm
  p_EE             = [    518.5,       6.2,      18.6] mm
  e_p              = [     -4.1,     -12.1,    -228.4] mm
  e_R              = [     7.85,     -1.64,      0.27] deg
------------------------------------------------------------------------------
  position error     228.81 mm
  rotation error     8.02 deg
  csv                logs/surface_grinding_controller_log.csv
------------------------------------------------------------------------------
