
==============================================================================
  SURFACE GRINDING CONTROLLER
==============================================================================
  robot              172.16.0.2
  parameters         /home/hm-panda/Desktop/Thesis_Final_Control/surface_grinding_controller/params
------------------------------------------------------------------------------

==============================================================================
  SURFACE GRINDING CONTROLLER - STARTUP MENU
==============================================================================

-- RUN MODES -----------------------------------------------------------------
  s      Run orientation, approach, setup, and grinding
  h      Cartesian pose hold at the initial posture
  t      Cartesian pose hold with the setup impedance
  g      Start manual guidance from the current robot pose

-- ROBOT PREPARATION ---------------------------------------------------------
  i      Move to the configured initial joint posture

-- GRIPPER AND TOOL ----------------------------------------------------------
  o      Open the gripper
  c      Grasp the tool
  r      Recalibrate the gripper with empty fingers
  f      Pick up the tool from the holder
  b      Return the tool to the holder

-- PROGRAM -------------------------------------------------------------------
  e      Exit
------------------------------------------------------------------------------
  During control: e = stop | m = startup menu | g = guidance
------------------------------------------------------------------------------
Selection [s/h/t/g/i/o/c/r/f/b/e]: 
-- SELECTED MODE: PHASE SEQUENCE ---------------------------------------------

-- moving to q_init ----------------------------------------------------------
  case               saved_qinit
  q1..q7 [deg]     = [0.8, 12.1, -0.5, -130.9, -0.2, 142.9, 44.7] deg
  saved_qinit = [0.014777, 0.210911, -0.009320, -2.284835, -0.002725, 2.493410, 0.780694] rad
  q_init reached.

-- start pose ----------------------------------------------------------------
  q_start          = [0.8, 12.1, -0.5, -130.9, -0.2, 142.9, 44.7] deg
  p_start          = [    531.4,       2.5,     156.9] mm

==============================================================================
  RUN
==============================================================================

-- phase: approach_orient ----------------------------------------------------
  Kp [t1,t2,n]     = [    150.0,     150.0,     150.0] N/m
  Dp [t1,t2,n]     = [    133.7,      94.2,     128.3] Ns/m     auto (factor 1.90)
  KR [t1,t2,n]     = [    300.0,     300.0,      90.0] Nm/rad
  DR [t1,t2,n]     = [     19.8,      32.3,       2.0] Nms/rad  auto (factor 1.90)
orient:     t=  0.0 s | axis_err=  4.0 deg | spin_err=  0.6 deg
orient:     t=  0.2 s | axis_err=  2.1 deg | spin_err=  0.2 deg
orient:     t=  0.4 s | axis_err=  0.5 deg | spin_err=  0.1 deg
orient:     t=  0.6 s | axis_err=  0.4 deg | spin_err=  0.1 deg
orient:     t=  0.8 s | axis_err=  0.4 deg | spin_err=  0.1 deg

Orientation reached: axis_err=0.3 deg | spin_err=0.1 deg

-- phase: approach_descend ---------------------------------------------------
  Kp [t1,t2,n]     = [    150.0,     150.0,     150.0] N/m
  Dp [t1,t2,n]     = [    133.7,      94.2,     128.3] Ns/m     auto (factor 1.90)
  KR [t1,t2,n]     = [    300.0,     300.0,      90.0] Nm/rad
  DR [t1,t2,n]     = [     19.8,      32.3,       2.0] Nms/rad  auto (factor 1.90)
  descend to         20 mm clearance at 0.100 m/s
descend:    t=  0.0 s | distance=   0.1 mm | height=+125.8 mm (target 20.0) | force=  0.0 N
descend:    t=  0.2 s | distance=  20.2 mm | height=+114.9 mm (target 20.0) | force=  1.6 N
descend:    t=  0.4 s | distance=  40.3 mm | height= +99.0 mm (target 20.0) | force=  1.8 N
descend:    t=  0.6 s | distance=  60.4 mm | height= +81.9 mm (target 20.0) | force=  1.9 N
descend:    t=  0.8 s | distance=  80.5 mm | height= +63.9 mm (target 20.0) | force=  2.5 N
descend:    t=  1.0 s | distance= 100.6 mm | height= +45.9 mm (target 20.0) | force=  1.3 N
descend:    t=  1.2 s | distance= 120.7 mm | height= +28.2 mm (target 20.0) | force=  3.9 N

Clearance reached: distance=129.4 mm | height=20.0 mm | target=20.0 mm | force=1.3 N
  offset_ee        = [     20.0,      60.0,      20.0] mm
  p_EE_at_contact  = [    519.6,       2.0,      45.1] mm
  contact_point    = [    538.2,     -57.5,       1.3] mm
  edge_offset      = [     18.6,     -59.5,     -43.8] mm

-- phase: setup --------------------------------------------------------------

-- setup impedance -----------------------------------------------------------
  law                wrench = K_TCP*dx + D_TCP*dv
                     K_TCP  = Ad(r_c)^T * blkdiag(Kp,KR) * Ad(r_c)
  Kp [t1,t2,n]     = [   2000.0,    2000.0,     350.0] N/m
  Dp [t1,t2,n]     = [    232.1,     173.2,     112.4] Ns/m     auto
  KR [t1,t2,n]     = [      5.0,       5.0,      50.0] Nm/rad
  DR [t1,t2,n]     = [      1.4,       2.0,       0.9] Nms/rad  auto
  p_c [EE]         = [      0.0,       0.0,       0.0] mm       resolved in the tool frame
  r_c [t1,t2,n]    = [      0.0,       0.0,       0.0] mm       commanded: p_TCP - p_c, in the plane
setup:     t=  0.0 s | tip=  0.0 deg | F=  0.4 N | M=  0.0 Nm (limit 150.0) | contact= 19.9 mm
setup:     t=  0.2 s | tip=  0.8 deg | F=  1.3 N | M=  0.6 Nm (limit 150.0) | contact=  6.5 mm
setup:     t=  0.4 s | tip=  1.4 deg | F= 15.7 N | M=  8.4 Nm (limit 150.0) | contact=  2.8 mm
setup:     t=  0.6 s | tip=  1.4 deg | F= 16.4 N | M=  8.7 Nm (limit 150.0) | contact=  2.9 mm
setup:     t=  0.8 s | tip=  1.4 deg | F= 22.0 N | M= 11.5 Nm (limit 150.0) | contact=  3.0 mm
setup:     t=  1.0 s | tip=  1.4 deg | F= 27.6 N | M= 14.4 Nm (limit 150.0) | contact=  3.1 mm
setup:     t=  1.2 s | tip=  1.4 deg | F= 33.0 N | M= 17.2 Nm (limit 150.0) | contact=  3.3 mm
setup:     t=  1.4 s | tip=  1.5 deg | F= 38.3 N | M= 19.9 Nm (limit 150.0) | contact=  3.5 mm
setup:     t=  1.6 s | tip=  1.5 deg | F= 44.1 N | M= 22.9 Nm (limit 150.0) | contact=  3.7 mm
setup:     t=  1.8 s | tip=  1.5 deg | F= 49.7 N | M= 25.8 Nm (limit 150.0) | contact=  3.8 mm
setup:     t=  2.0 s | tip=  1.6 deg | F= 55.5 N | M= 28.8 Nm (limit 150.0) | contact=  4.0 mm
setup:     t=  2.2 s | tip=  1.8 deg | F= 58.8 N | M= 30.5 Nm (limit 150.0) | contact=  4.2 mm
setup:     t=  2.4 s | tip=  3.0 deg | F= 64.1 N | M= 33.3 Nm (limit 150.0) | contact=  4.4 mm
setup:     t=  2.6 s | tip=  3.5 deg | F= 70.9 N | M= 37.0 Nm (limit 150.0) | contact=  4.4 mm
setup:     t=  2.8 s | tip=  3.5 deg | F= 76.5 N | M= 39.8 Nm (limit 150.0) | contact=  4.5 mm
setup:     t=  3.0 s | tip=  3.5 deg | F= 82.2 N | M= 42.7 Nm (limit 150.0) | contact=  4.7 mm
setup:     t=  3.2 s | tip=  3.5 deg | F= 87.7 N | M= 45.5 Nm (limit 150.0) | contact=  4.8 mm
setup:     t=  3.4 s | tip=  3.5 deg | F= 82.7 N | M= 43.1 Nm (limit 150.0) | contact=  4.7 mm
setup:     t=  3.6 s | tip=  3.5 deg | F= 82.6 N | M= 43.0 Nm (limit 150.0) | contact=  4.7 mm
setup:     t=  3.8 s | tip=  3.5 deg | F= 82.6 N | M= 43.0 Nm (limit 150.0) | contact=  4.7 mm
setup:     t=  4.0 s | tip=  3.5 deg | F= 82.5 N | M= 43.0 Nm (limit 150.0) | contact=  4.7 mm
setup:     t=  4.2 s | tip=  3.5 deg | F= 82.4 N | M= 42.9 Nm (limit 150.0) | contact=  4.7 mm
setup:     t=  4.4 s | tip=  3.5 deg | F= 82.5 N | M= 43.0 Nm (limit 150.0) | contact=  4.7 mm
setup:     t=  4.6 s | tip=  3.5 deg | F= 82.4 N | M= 42.9 Nm (limit 150.0) | contact=  4.7 mm
setup:     t=  4.8 s | tip=  3.5 deg | F= 82.4 N | M= 42.9 Nm (limit 150.0) | contact=  4.7 mm

==============================================================================
  SETUP RESULT
==============================================================================
  stop: time | t=5.0 s | tip=3.5 deg | F=82.4 N | M=42.9 Nm
  contact_from_start = [-2.5, +0.8, -3.9] mm | norm=4.7 mm
  tcp_from_contact  = [-20.6, +61.0, +17.3] mm | norm=66.7 mm
  alignment: before=4.73 deg | after=2.59 deg | gain=+2.14 deg
  alignment components [t1,t2,n] deg: before=[-4.73,-0.24,-0.00] | after=[-1.71,-1.95,-0.00]

-- setup surface-frame breakdown ---------------------------------------------
  frame              alignment-target [tangent1, tangent2, normal]
  force        [N]      = [    +2.28,     -4.15,    -82.27]
  tcp_disp     [mm]     = [    -1.62,     +2.24,    -26.40]
  contact_disp [mm]     = [    -2.48,     +0.94,     -3.89]
  Kp_eff=F/tcp [N/m]    = [  -1405.9,   -1854.9,    3116.5]
  M_contact    [Nm]     = [    -5.62,    +41.40,     -2.19]
  tip_angle    [deg]    = [    +3.02,     -1.71,     +0.13]
  KR_eff=M/ang [Nm/rad] = [   -106.7,   -1384.2,    -935.1]
  frame              tool face [length, width, tool axis]
  M_contact    [Nm]     = [   -41.29,     +5.69,     +3.62]

-- center of compliance ------------------------------------------------------
  definition         r_c = p_TCP - p_c
  p_TCP [x,y,z]    = [    517.5,       3.6,      18.7] mm
  p_c [EE]         = [     -0.0,      -0.0,       0.0] mm
  r_c [t1,t2,n]    = [      0.0,       0.0,       0.0] mm
                     p_c resolved at end of setup

-- effective TCP impedance ---------------------------------------------------
  K_TCP translation = [   1999.5,    1998.7,     351.8] N/m
  K_TCP rotation   = [      5.0,       5.0,      50.0] Nm/rad
  commanded KR was = [      5.0,       5.0,      50.0] Nm/rad   including lever contribution
  D_TCP translation = [    232.1,     173.2,     112.5] Ns/m
  D_TCP rotation   = [      1.4,       2.0,       0.9] Nms/rad
  coupling           max |moment per unit translation| = 0.0 Nm/m (K), 0.0 Nms/m (D)
  eigenvalues        K_TCP 5.00 .. 2000 | D_TCP 0.92 .. 232  (both positive: valid springs)

  K_TCP [N/m, Nm/rad | rows fx..mz, cols tx..rz]:
           tx        ty        tz    |    rx        ry        rz
  fx [    2000  -0.7871   -28.44 |        0        0        0 ]
  fy [ -0.7871     1999   -45.62 |        0        0        0 ]
  fz [  -28.44   -45.62    351.8 |        0        0        0 ]
     ---------------------------+---------------------------
  mx [       0        0        0 |    5.013  0.02147   0.7756 ]
  my [       0        0        0 |  0.02147    5.034    1.244 ]
  mz [       0        0        0 |   0.7756    1.244    49.95 ]

  D_TCP [Ns/m, Nms/rad]:
           tx        ty        tz    |    rx        ry        rz
  fx [   232.1 -0.05713   -2.064 |        0        0        0 ]
  fy [-0.05713    173.2   -1.681 |        0        0        0 ]
  fz [  -2.064   -1.681    112.5 |        0        0        0 ]
     ---------------------------+---------------------------
  mx [       0        0        0 |     1.38 -0.0002206 -0.007971 ]
  my [       0        0        0 | -0.0002206     1.97 -0.02913 ]
  mz [       0        0        0 | -0.007971 -0.02913   0.9185 ]

[GATE] Set up finished (still pressing). Press Enter to start the grind (e+Enter stops).

Stop requested with e + Enter. Finishing control loop...

-- joint motion [deg] --------------------------------------------------------
  joint       start    final    delta
  q1            0.8      2.0     +1.2
  q2           12.1     30.4    +18.3
  q3           -0.5     -1.4     -0.9
  q4         -130.9   -128.5     +2.4
  q5           -0.2      1.2     +1.4
  q6          142.9    154.5    +11.6
  q7           44.7     44.9     +0.2

==============================================================================
  FINAL RESULT
==============================================================================
  p_d              = [    515.1,      -5.1,    -214.7] mm
  p_EE             = [    517.5,       3.6,      18.7] mm
  e_p              = [     -2.4,      -8.7,    -233.4] mm
  e_R              = [     3.02,     -1.71,      0.13] deg
------------------------------------------------------------------------------
  position error     233.59 mm
  rotation error     3.47 deg
  csv                logs/surface_grinding_controller_log.csv
------------------------------------------------------------------------------
