
==============================================================================
  SURFACE GRINDING CONTROLLER
==============================================================================
  robot              172.16.0.2
  parameters         /home/hm-panda/Desktop/Thesis_Final_Control/surface_grinding_controller/params
------------------------------------------------------------------------------

==============================================================================
  SURFACE GRINDING CONTROLLER - STARTUP MENU
==============================================================================

-- RUN MODES -----------------------------------------------------------------
  s      Run orientation, approach, contact establishment, and grinding
  h      Cartesian pose hold at the initial posture
  t      Cartesian pose hold with the contact establishment impedance
  g      Start manual guidance from the current robot pose

-- ROBOT PREPARATION ---------------------------------------------------------
  i      Move to the configured initial joint posture

-- GRIPPER AND TOOL ----------------------------------------------------------
  o      Open the gripper
  c      Grasp the tool
  r      Recalibrate the gripper with empty fingers
  f      Pick up the tool from the holder
  b      Return the tool to the holder

-- PROGRAM -------------------------------------------------------------------
  e      Exit
------------------------------------------------------------------------------
  During control: e = stop | m = startup menu | g = guidance
------------------------------------------------------------------------------
Selection [s/h/t/g/i/o/c/r/f/b/e]: 
-- SELECTED MODE: STATE SEQUENCE ---------------------------------------------

-- moving to q_init ----------------------------------------------------------
  case               saved_qinit
  q1..q7 [deg]     = [0.8, 12.1, -0.5, -130.9, -0.2, 142.9, 44.7] deg
  saved_qinit = [0.014777, 0.210911, -0.009320, -2.284835, -0.002725, 2.493410, 0.780694] rad
  q_init reached.

-- start pose ----------------------------------------------------------------
  q_start          = [0.8, 12.1, -0.5, -130.9, -0.1, 142.9, 44.7] deg
  p_start          = [    531.4,       2.4,     156.8] mm

==============================================================================
  RUN
==============================================================================

-- state: tool_orientation ---------------------------------------------------
  Kp [t1,t2,n]     = [    150.0,     150.0,     150.0] N/m
  Dp [t1,t2,n]     = [    133.7,      94.2,     128.3] Ns/m     auto (factor 1.90)
  KR [t1,t2,n]     = [    180.0,     180.0,      90.0] Nm/rad
  DR [t1,t2,n]     = [     15.3,      25.0,       2.0] Nms/rad  auto (factor 1.90)
orient:     t=  0.0 s | axis_err=  8.5 deg | spin_err=  0.5 deg
orient:     t=  0.2 s | axis_err=  7.2 deg | spin_err=  0.2 deg
orient:     t=  0.4 s | axis_err=  3.2 deg | spin_err=  0.2 deg
orient:     t=  0.6 s | axis_err=  1.0 deg | spin_err=  0.2 deg
orient:     t=  0.8 s | axis_err=  0.8 deg | spin_err=  0.2 deg

Orientation reached: axis_err=0.8 deg | spin_err=0.2 deg

-- state: surface_approach ---------------------------------------------------
  Kp [t1,t2,n]     = [    150.0,     150.0,     150.0] N/m
  Dp [t1,t2,n]     = [    133.7,      94.2,     128.3] Ns/m     auto (factor 1.90)
  KR [t1,t2,n]     = [    180.0,     180.0,      90.0] Nm/rad
  DR [t1,t2,n]     = [     15.3,      25.0,       2.0] Nms/rad  auto (factor 1.90)
  descend to         20 mm clearance at 0.100 m/s
descend:    t=  0.0 s | distance=   0.1 mm | height=+121.8 mm (target 20.0) | force= -0.0 N
descend:    t=  0.2 s | distance=  20.2 mm | height=+111.2 mm (target 20.0) | force=  1.4 N
descend:    t=  0.4 s | distance=  40.3 mm | height= +96.2 mm (target 20.0) | force=  2.6 N
descend:    t=  0.6 s | distance=  60.4 mm | height= +79.9 mm (target 20.0) | force=  2.0 N
descend:    t=  0.8 s | distance=  80.5 mm | height= +62.8 mm (target 20.0) | force=  2.4 N
descend:    t=  1.0 s | distance= 100.6 mm | height= +46.0 mm (target 20.0) | force=  3.1 N
descend:    t=  1.2 s | distance= 120.7 mm | height= +28.8 mm (target 20.0) | force=  2.3 N

Clearance reached: distance=131.2 mm | height=19.9 mm | target=20.0 mm | force=2.0 N
  offset_ee        = [     20.0,      60.0,      20.0] mm
  p_EE_at_contact  = [    516.8,       1.1,      49.7] mm
  contact_point    = [    535.3,     -56.4,       1.4] mm
  edge_offset      = [     18.5,     -57.4,     -48.4] mm

-- state: contact_establishment ----------------------------------------------

-- contact establishment impedance -------------------------------------------
  law                wrench = K_TCP*dx + D_TCP*dv
                     K_TCP  = Ad(r_c)^T * blkdiag(Kp,KR) * Ad(r_c)
  Kp [t1,t2,n]     = [   2000.0,    2000.0,     350.0] N/m
  Dp [t1,t2,n]     = [    231.1,     178.0,     112.1] Ns/m     auto
  KR [t1,t2,n]     = [      5.0,       5.0,      50.0] Nm/rad
  DR [t1,t2,n]     = [      1.5,       1.9,       1.2] Nms/rad  auto
  p_c [EE]         = [      0.0,      90.0,       0.0] mm       commanded in the tool frame
  r_c [t1,t2,n]    = [      0.0,     -88.9,     -13.9] mm       p_c - p_TCP, in the plane
contact establishment:     t=  0.0 s | ee=  0.0 deg | F=  0.1 N | M=  0.0 Nm | contact= 19.8 mm
contact establishment:     t=  0.2 s | ee=  0.9 deg | F=  1.3 N | M=  0.5 Nm | contact=  7.3 mm
contact establishment:     t=  0.4 s | ee=  1.6 deg | F= 17.9 N | M=  0.5 Nm | contact=  3.8 mm
contact establishment:     t=  0.6 s | ee=  1.6 deg | F= 15.3 N | M=  0.7 Nm | contact=  3.7 mm
contact establishment:     t=  0.8 s | ee=  1.6 deg | F= 21.2 N | M=  0.9 Nm | contact=  3.9 mm
contact establishment:     t=  1.0 s | ee=  1.6 deg | F= 26.5 N | M=  1.1 Nm | contact=  4.0 mm
contact establishment:     t=  1.2 s | ee=  1.6 deg | F= 32.0 N | M=  1.4 Nm | contact=  4.2 mm
contact establishment:     t=  1.4 s | ee=  1.7 deg | F= 37.6 N | M=  1.8 Nm | contact=  4.3 mm
contact establishment:     t=  1.6 s | ee=  1.7 deg | F= 43.4 N | M=  2.1 Nm | contact=  4.5 mm
contact establishment:     t=  1.8 s | ee=  1.7 deg | F= 48.8 N | M=  2.4 Nm | contact=  4.6 mm
contact establishment:     t=  2.0 s | ee=  1.7 deg | F= 54.9 N | M=  2.8 Nm | contact=  4.8 mm
contact establishment:     t=  2.2 s | ee=  1.7 deg | F= 60.0 N | M=  3.2 Nm | contact=  4.9 mm
contact establishment:     t=  2.4 s | ee=  1.7 deg | F= 65.7 N | M=  3.6 Nm | contact=  5.1 mm
contact establishment:     t=  2.6 s | ee=  1.7 deg | F= 70.7 N | M=  3.9 Nm | contact=  5.2 mm
contact establishment:     t=  2.8 s | ee=  1.7 deg | F= 76.2 N | M=  4.2 Nm | contact=  5.4 mm
contact establishment:     t=  3.0 s | ee=  1.7 deg | F= 81.5 N | M=  4.6 Nm | contact=  5.5 mm
contact establishment:     t=  3.2 s | ee=  1.7 deg | F= 87.0 N | M=  4.9 Nm | contact=  5.7 mm
contact establishment:     t=  3.4 s | ee=  1.7 deg | F= 82.8 N | M=  4.6 Nm | contact=  5.6 mm
contact establishment:     t=  3.6 s | ee=  1.7 deg | F= 83.3 N | M=  4.5 Nm | contact=  5.6 mm
contact establishment:     t=  3.8 s | ee=  1.8 deg | F= 83.4 N | M=  4.6 Nm | contact=  5.6 mm
contact establishment:     t=  4.0 s | ee=  1.8 deg | F= 83.4 N | M=  4.7 Nm | contact=  5.6 mm
contact establishment:     t=  4.2 s | ee=  1.8 deg | F= 83.3 N | M=  4.7 Nm | contact=  5.6 mm
contact establishment:     t=  4.4 s | ee=  1.8 deg | F= 83.3 N | M=  4.7 Nm | contact=  5.6 mm
contact establishment:     t=  4.6 s | ee=  1.8 deg | F= 83.3 N | M=  4.7 Nm | contact=  5.6 mm
contact establishment:     t=  4.8 s | ee=  1.8 deg | F= 83.3 N | M=  4.7 Nm | contact=  5.6 mm

==============================================================================
  CONTACT-ESTABLISHMENT RESULT
==============================================================================
  stop: time | t=5.0 s | ee=1.8 deg | F=83.2 N | M_TCP=4.7 Nm
  contact_from_start = [-3.1, +0.3, -4.7] mm | norm=5.6 mm
  tcp_from_contact  = [-21.4, +56.7, +25.1] mm | norm=65.6 mm
  deviation: before=9.29 deg | after=10.34 deg | gain=-1.05 deg
  t_align: not reached | tolerance=2.00 deg | hold=0.30 s
  t_align_fraction: not reached | fraction=0.50 of the deviation at contact
  deviation_min: 9.24 deg at t=0.10 s
  align_status: not_aligned
  deviation components [t1,t2,n] deg: before=[-9.28,-0.43,-0.00] | after=[-10.15,-1.99,-0.00]

-- contact establishment surface-frame breakdown -----------------------------
  frame              alignment-target [tangent1, tangent2, normal]
  force        [N]      = [    +5.15,     +1.48,    -83.07]
  tcp_disp     [mm]     = [    -2.51,     -0.12,    -23.28]
  contact_disp [mm]     = [    -3.05,     +0.44,     -4.72]
  Kp_eff=F/tcp [N/m]    = [  -2053.5,  -12441.8,    3568.9]
  M_contact    [Nm]     = [    -0.02,     -0.82,     -0.04]
  ee_angle     [deg]    = [    -0.87,     -1.52,     -0.28]
  KR_eff=M/ang [Nm/rad] = [      1.5,      30.7,       8.3]
  frame              tool face [length, width, tool axis]
  M_contact    [Nm]     = [    +0.81,     +0.03,     -0.10]

-- center of compliance ------------------------------------------------------
  definition         r_c = p_c - p_TCP
  p_TCP [x,y,z]    = [    513.9,       0.3,      26.5] mm
  p_c [EE]         = [      0.0,      90.0,       0.0] mm
  r_c [t1,t2,n]    = [      0.1,     -88.7,     -15.3] mm
                     p_c resolved at end of contact establishment

-- effective TCP impedance ---------------------------------------------------
  K_TCP translation = [   1999.5,    1998.7,     351.8] N/m
  K_TCP rotation   = [      8.2,       5.4,      65.8] Nm/rad
  commanded KR was = [      5.0,       5.0,      50.0] Nm/rad   including lever contribution
  D_TCP translation = [    231.1,     178.0,     112.2] Ns/m
  D_TCP rotation   = [      2.4,       1.9,       3.0] Nms/rad
  coupling           max |moment per unit translation| = 178.1 Nm/m (K), 20.6 Nms/m (D)
  eigenvalues        K_TCP 4.96 .. 2017 | D_TCP 1.19 .. 233  (both positive: valid springs)

  K_TCP [N/m, Nm/rad | rows fx..mz, cols tx..rz]:
           tx        ty        tz    |    rx        ry        rz
  fx [    2000  -0.7871   -28.44 |    2.523   -25.63    178.1 ]
  fy [ -0.7871     1999   -45.62 |    29.68 0.0007943  -0.4772 ]
  fz [  -28.44   -45.62    351.8 |   -31.92    0.436   -2.524 ]
     ---------------------------+---------------------------
  mx [   2.523    29.68   -31.92 |    8.237 -0.01737   0.9943 ]
  my [  -25.63 0.0007943    0.436 | -0.01737    5.363   -1.039 ]
  mz [   178.1  -0.4772   -2.524 |   0.9943   -1.039    65.82 ]

  D_TCP [Ns/m, Nms/rad]:
           tx        ty        tz    |    rx        ry        rz
  fx [   231.1 -0.05678   -2.051 |    0.182   -2.962    20.59 ]
  fy [-0.05678      178   -1.822 |    2.443 0.0003566  -0.0413 ]
  fz [  -2.051   -1.822    112.2 |   -10.02  0.04914  -0.1824 ]
     ---------------------------+---------------------------
  mx [   0.182    2.443   -10.02 |    2.414 -0.00451  0.01075 ]
  my [  -2.962 0.0003566  0.04914 | -0.00451    1.933   -0.283 ]
  mz [   20.59  -0.0413  -0.1824 |  0.01075   -0.283    3.037 ]

[STATE] Pre-grinding hold active. Press Enter to start grinding (e+Enter stops).

-- state: pre_grinding_hold --------------------------------------------------
  motion             established contact command
  impedance          inherited from contact establishment
  keys               Enter continue | e stop

Stop requested with e + Enter. Finishing control loop...

-- joint motion [deg] --------------------------------------------------------
  joint       start    final    delta
  q1            0.8      0.5     -0.3
  q2           12.1     29.1    +17.0
  q3           -0.5     -1.1     -0.5
  q4         -130.9   -128.8     +2.1
  q5           -0.1     18.7    +18.8
  q6          142.9    152.0     +9.1
  q7           44.7     27.4    -17.3

==============================================================================
  FINAL RESULT
==============================================================================
  p_d              = [    512.3,      -6.1,    -210.1] mm
  p_EE             = [    513.9,       0.3,      26.5] mm
  e_p              = [     -1.6,      -6.4,    -236.6] mm
  e_R              = [    -0.88,     -1.53,     -0.22] deg
------------------------------------------------------------------------------
  position error     236.65 mm
  rotation error     1.78 deg
  csv                logs/surface_grinding_controller_log.csv
------------------------------------------------------------------------------
