
==============================================================================
  SURFACE GRINDING CONTROLLER
==============================================================================
  robot              172.16.0.2
  parameters         /home/hm-panda/Desktop/Thesis_Final_Control/surface_grinding_controller/params
------------------------------------------------------------------------------

==============================================================================
  SURFACE GRINDING CONTROLLER - STARTUP MENU
==============================================================================

-- RUN MODES -----------------------------------------------------------------
  s      Run orientation, approach, setup, and grinding
  h      Cartesian pose hold at the initial posture
  t      Cartesian pose hold with the setup impedance
  g      Start manual guidance from the current robot pose

-- ROBOT PREPARATION ---------------------------------------------------------
  i      Move to the configured initial joint posture

-- GRIPPER AND TOOL ----------------------------------------------------------
  o      Open the gripper
  c      Grasp the tool
  r      Recalibrate the gripper with empty fingers
  f      Pick up the tool from the holder
  b      Return the tool to the holder

-- PROGRAM -------------------------------------------------------------------
  e      Exit
------------------------------------------------------------------------------
  During control: e = stop | m = startup menu | g = guidance
------------------------------------------------------------------------------
Selection [s/h/t/g/i/o/c/r/f/b/e]: 
-- SELECTED MODE: PHASE SEQUENCE ---------------------------------------------

-- moving to q_init ----------------------------------------------------------
  case               saved_qinit
  q1..q7 [deg]     = [0.8, 12.1, -0.5, -130.9, -0.2, 142.9, 44.7] deg
  saved_qinit = [0.014777, 0.210911, -0.009320, -2.284835, -0.002725, 2.493410, 0.780694] rad
  q_init reached.

-- start pose ----------------------------------------------------------------
  q_start          = [0.9, 12.1, -0.5, -130.9, -0.1, 142.9, 44.7] deg
  p_start          = [    531.3,       2.5,     156.8] mm

==============================================================================
  RUN
==============================================================================

-- phase: approach_orient ----------------------------------------------------
  Kp [t1,t2,n]     = [    150.0,     150.0,     150.0] N/m
  Dp [t1,t2,n]     = [    133.7,      94.2,     128.3] Ns/m     auto (factor 1.90)
  KR [t1,t2,n]     = [     90.0,      90.0,      90.0] Nm/rad
  DR [t1,t2,n]     = [     10.8,      17.7,       2.0] Nms/rad  auto (factor 1.90)
orient:     t=  0.0 s | axis_err=  3.7 deg | spin_err=  0.7 deg
orient:     t=  0.2 s | axis_err=  2.9 deg | spin_err=  0.4 deg
orient:     t=  0.4 s | axis_err=  1.8 deg | spin_err=  0.2 deg

Orientation reached: axis_err=1.5 deg | spin_err=0.1 deg

-- phase: approach_descend ---------------------------------------------------
  Kp [t1,t2,n]     = [    150.0,     150.0,     150.0] N/m
  Dp [t1,t2,n]     = [    133.7,      94.2,     128.3] Ns/m     auto (factor 1.90)
  KR [t1,t2,n]     = [     90.0,      90.0,      90.0] Nm/rad
  DR [t1,t2,n]     = [     10.8,      17.7,       2.0] Nms/rad  auto (factor 1.90)
  descend to         20 mm clearance at 0.100 m/s
descend:    t=  0.0 s | distance=   0.1 mm | height=+130.6 mm (target 20.0) | force=  0.0 N
descend:    t=  0.2 s | distance=  20.1 mm | height=+119.1 mm (target 20.0) | force=  1.1 N
descend:    t=  0.4 s | distance=  40.1 mm | height=+102.9 mm (target 20.0) | force=  2.0 N
descend:    t=  0.6 s | distance=  60.2 mm | height= +85.4 mm (target 20.0) | force=  1.8 N
descend:    t=  0.8 s | distance=  80.3 mm | height= +67.2 mm (target 20.0) | force=  2.6 N
descend:    t=  1.0 s | distance= 100.4 mm | height= +49.3 mm (target 20.0) | force=  2.2 N
descend:    t=  1.2 s | distance= 120.5 mm | height= +31.5 mm (target 20.0) | force=  2.9 N

Clearance reached: distance=133.8 mm | height=19.9 mm | target=20.0 mm | force=2.2 N
  offset_ee        = [     20.0,      60.0,      20.0] mm
  p_EE_at_contact  = [    520.0,       2.8,      44.1] mm
  contact_point    = [    539.0,     -56.9,       1.3] mm
  edge_offset      = [     19.0,     -59.7,     -42.8] mm

-- phase: setup --------------------------------------------------------------

-- setup impedance -----------------------------------------------------------
  law                wrench = K_TCP*dx + D_TCP*dv
                     K_TCP  = Ad(r_c)^T * blkdiag(Kp,KR) * Ad(r_c)
  Kp [t1,t2,n]     = [   2000.0,    2000.0,     350.0] N/m
  Dp [t1,t2,n]     = [    231.5,     171.9,     112.9] Ns/m     auto
  KR [t1,t2,n]     = [      5.0,       5.0,      50.0] Nm/rad
  DR [t1,t2,n]     = [      1.4,       2.0,       0.9] Nms/rad  auto
  p_c [EE]         = [      0.0,       0.0,      60.0] mm       commanded in the tool frame
  r_c [t1,t2,n]    = [      0.7,      -4.0,      59.9] mm       p_TCP - p_c, in the plane
setup:     t=  0.0 s | tip=  0.0 deg | F=  0.1 N | M=  0.1 Nm (limit 150.0) | contact= 19.8 mm
setup:     t=  0.2 s | tip=  0.6 deg | F=  0.9 N | M=  0.6 Nm (limit 150.0) | contact=  7.5 mm
setup:     t=  0.4 s | tip=  1.2 deg | F= 19.1 N | M=  9.9 Nm (limit 150.0) | contact=  1.8 mm
setup:     t=  0.6 s | tip=  1.2 deg | F= 16.1 N | M=  8.7 Nm (limit 150.0) | contact=  1.8 mm
setup:     t=  0.8 s | tip=  1.2 deg | F= 21.0 N | M= 11.3 Nm (limit 150.0) | contact=  2.0 mm
setup:     t=  1.0 s | tip=  1.2 deg | F= 26.3 N | M= 14.1 Nm (limit 150.0) | contact=  2.1 mm
setup:     t=  1.2 s | tip=  1.3 deg | F= 31.7 N | M= 16.9 Nm (limit 150.0) | contact=  2.3 mm
setup:     t=  1.4 s | tip=  1.3 deg | F= 37.7 N | M= 19.9 Nm (limit 150.0) | contact=  2.5 mm
setup:     t=  1.6 s | tip=  1.4 deg | F= 42.7 N | M= 22.4 Nm (limit 150.0) | contact=  2.8 mm
setup:     t=  1.8 s | tip=  2.0 deg | F= 46.8 N | M= 24.7 Nm (limit 150.0) | contact=  3.0 mm
setup:     t=  2.0 s | tip=  2.8 deg | F= 53.1 N | M= 28.1 Nm (limit 150.0) | contact=  3.1 mm
setup:     t=  2.2 s | tip=  2.8 deg | F= 58.6 N | M= 30.9 Nm (limit 150.0) | contact=  3.3 mm
setup:     t=  2.4 s | tip=  2.8 deg | F= 64.3 N | M= 33.8 Nm (limit 150.0) | contact=  3.4 mm
setup:     t=  2.6 s | tip=  2.8 deg | F= 69.9 N | M= 36.7 Nm (limit 150.0) | contact=  3.5 mm
setup:     t=  2.8 s | tip=  2.8 deg | F= 75.8 N | M= 39.8 Nm (limit 150.0) | contact=  3.7 mm
setup:     t=  3.0 s | tip=  2.8 deg | F= 81.1 N | M= 42.4 Nm (limit 150.0) | contact=  3.8 mm
setup:     t=  3.2 s | tip=  2.8 deg | F= 86.7 N | M= 45.4 Nm (limit 150.0) | contact=  4.0 mm
setup:     t=  3.4 s | tip=  2.8 deg | F= 81.7 N | M= 42.8 Nm (limit 150.0) | contact=  3.9 mm
setup:     t=  3.6 s | tip=  2.8 deg | F= 81.6 N | M= 42.8 Nm (limit 150.0) | contact=  3.9 mm
setup:     t=  3.8 s | tip=  2.8 deg | F= 81.6 N | M= 42.8 Nm (limit 150.0) | contact=  3.9 mm
setup:     t=  4.0 s | tip=  2.8 deg | F= 81.6 N | M= 42.8 Nm (limit 150.0) | contact=  3.9 mm
setup:     t=  4.2 s | tip=  2.8 deg | F= 81.5 N | M= 42.8 Nm (limit 150.0) | contact=  3.9 mm
setup:     t=  4.4 s | tip=  2.8 deg | F= 81.4 N | M= 42.7 Nm (limit 150.0) | contact=  3.9 mm
setup:     t=  4.6 s | tip=  2.8 deg | F= 81.5 N | M= 42.7 Nm (limit 150.0) | contact=  3.9 mm
setup:     t=  4.8 s | tip=  2.8 deg | F= 81.4 N | M= 42.7 Nm (limit 150.0) | contact=  3.9 mm

==============================================================================
  SETUP RESULT
==============================================================================
  stop: time | t=5.0 s | tip=2.8 deg | F=81.4 N | M=42.7 Nm
  contact_from_start = [-1.3, +1.1, -3.5] mm | norm=3.9 mm
  tcp_from_contact  = [-19.9, +61.3, +17.3] mm | norm=66.7 mm
  alignment: before=3.84 deg | after=2.46 deg | gain=+1.38 deg
  alignment components [t1,t2,n] deg: before=[-3.79,-0.63,-0.00] | after=[-1.36,-2.05,+0.00]

-- setup surface-frame breakdown ---------------------------------------------
  frame              alignment-target [tangent1, tangent2, normal]
  force        [N]      = [    +4.47,     +1.01,    -81.28]
  tcp_disp     [mm]     = [    -0.48,     +2.21,    -25.46]
  contact_disp [mm]     = [    -1.22,     +1.17,     -3.50]
  Kp_eff=F/tcp [N/m]    = [  -9366.5,     457.4,    3192.6]
  M_contact    [Nm]     = [    -5.79,    +41.23,     +0.38]
  tip_angle    [deg]    = [    +2.43,     -1.43,     +0.17]
  KR_eff=M/ang [Nm/rad] = [   -136.7,   -1654.7,     133.4]
  frame              tool face [length, width, tool axis]
  M_contact    [Nm]     = [   -41.21,     +5.95,     +0.80]

-- center of compliance ------------------------------------------------------
  definition         r_c = p_TCP - p_c
  p_TCP [x,y,z]    = [    519.1,       4.3,      18.6] mm
  p_c [EE]         = [     -0.0,      -0.0,      60.0] mm
  r_c [t1,t2,n]    = [      2.1,      -1.4,      59.9] mm
                     p_c resolved at end of setup

-- effective TCP impedance ---------------------------------------------------
  K_TCP translation = [   1999.5,    1998.7,     351.8] N/m
  K_TCP rotation   = [     12.2,      12.2,      50.0] Nm/rad
  commanded KR was = [      5.0,       5.0,      50.0] Nm/rad   including lever contribution
  D_TCP translation = [    231.4,     171.8,     113.0] Ns/m
  D_TCP rotation   = [      2.0,       2.8,       0.9] Nms/rad
  coupling           max |moment per unit translation| = 119.9 Nm/m (K), 13.9 Nms/m (D)
  eigenvalues        K_TCP 4.98 .. 2007 | D_TCP 0.88 .. 232  (both positive: valid springs)

  K_TCP [N/m, Nm/rad | rows fx..mz, cols tx..rz]:
           tx        ty        tz    |    rx        ry        rz
  fx [    2000  -0.7871   -28.44 | -0.04058   -119.9   0.4649 ]
  fy [ -0.7871     1999   -45.62 |    119.8 -0.09768   -6.346 ]
  fz [  -28.44   -45.62    351.8 |   -2.815    2.821   0.1383 ]
     ---------------------------+---------------------------
  mx [-0.04058    119.8   -2.815 |    12.19  0.01496   0.3953 ]
  my [  -119.9 -0.09768    2.821 |  0.01496    12.23    1.217 ]
  mz [  0.4649   -6.346   0.1383 |   0.3953    1.217    49.97 ]

  D_TCP [Ns/m, Nms/rad]:
           tx        ty        tz    |    rx        ry        rz
  fx [   231.4 -0.05655   -2.043 | -0.002916   -13.87   0.0537 ]
  fy [-0.05655    171.8    -1.63 |     10.3 -0.001788  -0.5456 ]
  fz [  -2.043    -1.63      113 |  -0.1238   0.4812 0.004703 ]
     ---------------------------+---------------------------
  mx [-0.002916     10.3  -0.1238 |    1.998 -0.0004556 -0.04126 ]
  my [  -13.87 -0.001788   0.4812 | -0.0004556    2.789 -0.03286 ]
  mz [  0.0537  -0.5456 0.004703 | -0.04126 -0.03286   0.8871 ]

[GATE] Set up finished (still pressing). Press Enter to start the grind (e+Enter stops).

Stop requested with e + Enter. Finishing control loop...

-- joint motion [deg] --------------------------------------------------------
  joint       start    final    delta
  q1            0.9      1.9     +1.0
  q2           12.1     30.3    +18.2
  q3           -0.5     -1.2     -0.7
  q4         -130.9   -129.2     +1.7
  q5           -0.1      1.1     +1.2
  q6          142.9    156.5    +13.6
  q7           44.7     45.1     +0.4

==============================================================================
  FINAL RESULT
==============================================================================
  p_d              = [    515.6,      -4.3,    -215.7] mm
  p_EE             = [    519.1,       4.3,      18.6] mm
  e_p              = [     -3.6,      -8.7,    -234.3] mm
  e_R              = [     2.43,     -1.42,      0.16] deg
------------------------------------------------------------------------------
  position error     234.49 mm
  rotation error     2.82 deg
  csv                logs/surface_grinding_controller_log.csv
------------------------------------------------------------------------------
