
==============================================================================
  SURFACE GRINDING CONTROLLER
==============================================================================
  robot              172.16.0.2
  parameters         /home/hm-panda/Desktop/Thesis_Final_Control/surface_grinding_controller/params
------------------------------------------------------------------------------

==============================================================================
  SURFACE GRINDING CONTROLLER - STARTUP MENU
==============================================================================

-- RUN MODES -----------------------------------------------------------------
  s      Run orientation, approach, setup, and grinding
  h      Cartesian pose hold at the initial posture
  t      Cartesian pose hold with the setup impedance
  g      Start manual guidance from the current robot pose

-- ROBOT PREPARATION ---------------------------------------------------------
  i      Move to the configured initial joint posture

-- GRIPPER AND TOOL ----------------------------------------------------------
  o      Open the gripper
  c      Grasp the tool
  r      Recalibrate the gripper with empty fingers
  f      Pick up the tool from the holder
  b      Return the tool to the holder

-- PROGRAM -------------------------------------------------------------------
  e      Exit
------------------------------------------------------------------------------
  During control: e = stop | m = startup menu | g = guidance
------------------------------------------------------------------------------
Selection [s/h/t/g/i/o/c/r/f/b/e]: 
-- SELECTED MODE: PHASE SEQUENCE ---------------------------------------------

-- moving to q_init ----------------------------------------------------------
  case               saved_qinit
  q1..q7 [deg]     = [0.8, 12.1, -0.5, -130.9, -0.2, 142.9, 44.7] deg
  saved_qinit = [0.014777, 0.210911, -0.009320, -2.284835, -0.002725, 2.493410, 0.780694] rad
  q_init reached.

-- start pose ----------------------------------------------------------------
  q_start          = [0.8, 12.1, -0.5, -130.9, -0.2, 142.9, 44.7] deg
  p_start          = [    531.3,       2.5,     156.8] mm

==============================================================================
  RUN
==============================================================================

-- phase: approach_orient ----------------------------------------------------
  Kp [t1,t2,n]     = [    150.0,     150.0,     150.0] N/m
  Dp [t1,t2,n]     = [    133.7,      94.2,     128.3] Ns/m     auto (factor 1.90)
  KR [t1,t2,n]     = [    300.0,     300.0,      90.0] Nm/rad
  DR [t1,t2,n]     = [     19.8,      32.3,       2.0] Nms/rad  auto (factor 1.90)
orient:     t=  0.0 s | axis_err=  2.9 deg | spin_err=  0.7 deg
orient:     t=  0.2 s | axis_err=  1.2 deg | spin_err=  0.0 deg
orient:     t=  0.4 s | axis_err=  0.5 deg | spin_err=  0.0 deg
orient:     t=  0.6 s | axis_err=  0.4 deg | spin_err=  0.0 deg
orient:     t=  0.8 s | axis_err=  0.4 deg | spin_err=  0.0 deg

Orientation reached: axis_err=0.4 deg | spin_err=0.0 deg

-- phase: approach_descend ---------------------------------------------------
  Kp [t1,t2,n]     = [    150.0,     150.0,     150.0] N/m
  Dp [t1,t2,n]     = [    133.7,      94.2,     128.3] Ns/m     auto (factor 1.90)
  KR [t1,t2,n]     = [    300.0,     300.0,      90.0] Nm/rad
  DR [t1,t2,n]     = [     19.8,      32.3,       2.0] Nms/rad  auto (factor 1.90)
  descend to         20 mm clearance at 0.100 m/s
descend:    t=  0.0 s | distance=   0.1 mm | height=+130.7 mm (target 20.0) | force=  0.0 N
descend:    t=  0.2 s | distance=  20.2 mm | height=+119.8 mm (target 20.0) | force=  2.0 N
descend:    t=  0.4 s | distance=  40.3 mm | height=+103.6 mm (target 20.0) | force=  1.5 N
descend:    t=  0.6 s | distance=  60.4 mm | height= +86.5 mm (target 20.0) | force=  0.7 N
descend:    t=  0.8 s | distance=  80.5 mm | height= +69.2 mm (target 20.0) | force=  2.2 N
descend:    t=  1.0 s | distance= 100.6 mm | height= +51.8 mm (target 20.0) | force=  1.2 N
descend:    t=  1.2 s | distance= 120.7 mm | height= +34.1 mm (target 20.0) | force=  2.5 N

Clearance reached: distance=136.7 mm | height=20.0 mm | target=20.0 mm | force=2.1 N
  offset_ee        = [     20.0,     -60.0,      20.0] mm
  p_EE_at_contact  = [    519.0,       0.1,      40.7] mm
  contact_point    = [    537.7,      58.9,      -1.9] mm
  edge_offset      = [     18.7,      58.8,     -42.6] mm

-- phase: setup --------------------------------------------------------------

-- setup impedance -----------------------------------------------------------
  law                wrench = K_TCP*dx + D_TCP*dv
                     K_TCP  = Ad(r_c)^T * blkdiag(Kp,KR) * Ad(r_c)
  Kp [t1,t2,n]     = [   2000.0,    2000.0,     350.0] N/m
  Dp [t1,t2,n]     = [    232.4,     170.4,     112.7] Ns/m     auto
  KR [t1,t2,n]     = [      5.0,       5.0,      50.0] Nm/rad
  DR [t1,t2,n]     = [      1.3,       2.0,       0.8] Nms/rad  auto
  p_c [EE]         = [      0.0,     -60.0,      -0.0] mm       commanded in the tool frame
  r_c [t1,t2,n]    = [     -0.0,     -60.0,       0.1] mm       p_TCP - p_c, in the plane
setup:     t=  0.0 s | tip=  0.0 deg | F=  0.1 N | M=  0.0 Nm (limit 150.0) | contact= 19.9 mm
setup:     t=  0.2 s | tip=  0.8 deg | F=  0.1 N | M=  0.3 Nm (limit 150.0) | contact=  7.2 mm
setup:     t=  0.4 s | tip=  1.2 deg | F= 13.4 N | M=  7.5 Nm (limit 150.0) | contact=  1.9 mm
setup:     t=  0.6 s | tip=  1.2 deg | F= 16.0 N | M=  8.8 Nm (limit 150.0) | contact=  1.9 mm
setup:     t=  0.8 s | tip=  1.2 deg | F= 21.1 N | M= 11.5 Nm (limit 150.0) | contact=  1.8 mm
setup:     t=  1.0 s | tip=  1.2 deg | F= 26.8 N | M= 14.5 Nm (limit 150.0) | contact=  1.8 mm
setup:     t=  1.2 s | tip=  1.2 deg | F= 32.2 N | M= 17.2 Nm (limit 150.0) | contact=  1.9 mm
setup:     t=  1.4 s | tip=  1.2 deg | F= 38.3 N | M= 20.4 Nm (limit 150.0) | contact=  1.9 mm
setup:     t=  1.6 s | tip=  1.2 deg | F= 43.9 N | M= 23.3 Nm (limit 150.0) | contact=  2.0 mm
setup:     t=  1.8 s | tip=  1.2 deg | F= 49.3 N | M= 26.1 Nm (limit 150.0) | contact=  2.0 mm
setup:     t=  2.0 s | tip=  1.3 deg | F= 54.7 N | M= 28.9 Nm (limit 150.0) | contact=  2.1 mm
setup:     t=  2.2 s | tip=  1.3 deg | F= 60.3 N | M= 31.8 Nm (limit 150.0) | contact=  2.2 mm
setup:     t=  2.4 s | tip=  1.3 deg | F= 65.6 N | M= 34.5 Nm (limit 150.0) | contact=  2.3 mm
setup:     t=  2.6 s | tip=  1.3 deg | F= 70.9 N | M= 37.3 Nm (limit 150.0) | contact=  2.5 mm
setup:     t=  2.8 s | tip=  1.3 deg | F= 77.3 N | M= 40.6 Nm (limit 150.0) | contact=  2.6 mm
setup:     t=  3.0 s | tip=  1.3 deg | F= 82.6 N | M= 43.4 Nm (limit 150.0) | contact=  2.7 mm
setup:     t=  3.2 s | tip=  1.3 deg | F= 88.1 N | M= 46.2 Nm (limit 150.0) | contact=  2.9 mm
setup:     t=  3.4 s | tip=  1.3 deg | F= 84.1 N | M= 44.1 Nm (limit 150.0) | contact=  2.7 mm
setup:     t=  3.6 s | tip=  1.3 deg | F= 84.0 N | M= 44.1 Nm (limit 150.0) | contact=  2.7 mm
setup:     t=  3.8 s | tip=  1.3 deg | F= 83.9 N | M= 44.1 Nm (limit 150.0) | contact=  2.7 mm
setup:     t=  4.0 s | tip=  1.3 deg | F= 83.9 N | M= 44.1 Nm (limit 150.0) | contact=  2.7 mm
setup:     t=  4.2 s | tip=  1.3 deg | F= 83.9 N | M= 44.0 Nm (limit 150.0) | contact=  2.7 mm
setup:     t=  4.4 s | tip=  1.3 deg | F= 83.8 N | M= 44.0 Nm (limit 150.0) | contact=  2.7 mm
setup:     t=  4.6 s | tip=  1.3 deg | F= 83.8 N | M= 44.0 Nm (limit 150.0) | contact=  2.8 mm
setup:     t=  4.8 s | tip=  1.3 deg | F= 83.7 N | M= 44.0 Nm (limit 150.0) | contact=  2.8 mm

==============================================================================
  SETUP RESULT
==============================================================================
  stop: time | t=5.0 s | tip=1.3 deg | F=83.7 N | M=44.0 Nm
  contact_from_start = [-2.3, -0.2, -1.6] mm | norm=2.8 mm
  tcp_from_contact  = [-21.3, -59.4, +21.5] mm | norm=66.7 mm
  alignment: before=0.37 deg | after=1.49 deg | gain=-1.13 deg
  alignment components [t1,t2,n] deg: before=[-0.31,-0.20,+0.00] | after=[-0.32,-1.46,-0.00]

-- setup surface-frame breakdown ---------------------------------------------
  frame              alignment-target [tangent1, tangent2, normal]
  force        [N]      = [    +3.30,     +0.86,    -83.63]
  tcp_disp     [mm]     = [    -2.19,     -0.06,    -21.16]
  contact_disp [mm]     = [    -2.23,     -0.20,     -1.60]
  Kp_eff=F/tcp [N/m]    = [  -1503.4,  -14762.2,    3952.8]
  M_contact    [Nm]     = [    +0.56,    +42.18,     +0.42]
  tip_angle    [deg]    = [    -0.00,     -1.26,     +0.41]
  KR_eff=M/ang [Nm/rad] = [      n/a,   -1911.1,      59.5]
  frame              tool face [length, width, tool axis]
  M_contact    [Nm]     = [   -42.19,     -0.22,     -0.20]

-- center of compliance ------------------------------------------------------
  definition         r_c = p_TCP - p_c
  p_TCP [x,y,z]    = [    516.4,      -0.6,      19.6] mm
  p_c [EE]         = [     -0.0,     -60.0,       0.0] mm
  r_c [t1,t2,n]    = [     -0.5,     -60.0,       0.1] mm
                     p_c resolved at end of setup

-- effective TCP impedance ---------------------------------------------------
  K_TCP translation = [   1999.5,    1998.7,     351.8] N/m
  K_TCP rotation   = [      6.3,       5.0,      57.1] Nm/rad
  commanded KR was = [      5.0,       5.0,      50.0] Nm/rad   including lever contribution
  D_TCP translation = [    232.4,     170.3,     112.8] Ns/m
  D_TCP rotation   = [      1.7,       2.0,       1.6] Nms/rad
  coupling           max |moment per unit translation| = 119.9 Nm/m (K), 13.9 Nms/m (D)
  eigenvalues        K_TCP 4.98 .. 2007 | D_TCP 0.79 .. 233  (both positive: valid springs)

  K_TCP [N/m, Nm/rad | rows fx..mz, cols tx..rz]:
           tx        ty        tz    |    rx        ry        rz
  fx [    2000  -0.7871   -28.44 |   -1.707   -3.477   -119.9 ]
  fy [ -0.7871     1999   -45.62 |   0.7526  0.02255   0.9751 ]
  fz [  -28.44   -45.62    351.8 |    21.02  -0.1137    1.684 ]
     ---------------------------+---------------------------
  mx [  -1.707   0.7526    21.02 |    6.275  0.01469   0.8783 ]
  my [  -3.477  0.02255  -0.1137 |  0.01469    5.041    1.453 ]
  mz [  -119.9   0.9751    1.684 |   0.8783    1.453    57.14 ]

  D_TCP [Ns/m, Nms/rad]:
           tx        ty        tz    |    rx        ry        rz
  fx [   232.4 -0.05713   -2.064 |  -0.1239  -0.4047   -13.94 ]
  fy [-0.05713    170.3   -1.594 |   0.2017 0.0008398   0.0825 ]
  fz [  -2.064   -1.594    112.8 |     6.76 -0.04875    0.123 ]
     ---------------------------+---------------------------
  mx [ -0.1239   0.2017     6.76 |    1.701 -0.003161 -0.001115 ]
  my [ -0.4047 0.0008398 -0.04875 | -0.003161    2.022 -0.009704 ]
  mz [  -13.94   0.0825    0.123 | -0.001115 -0.009704    1.631 ]

[GATE] Set up finished (still pressing). Press Enter to start the grind (e+Enter stops).

Stop requested with e + Enter. Finishing control loop...

-- joint motion [deg] --------------------------------------------------------
  joint       start    final    delta
  q1            0.8      0.5     -0.4
  q2           12.1     30.1    +17.9
  q3           -0.5     -0.4     +0.1
  q4         -130.9   -129.1     +1.8
  q5           -0.2     -3.4     -3.2
  q6          142.9    155.2    +12.3
  q7           44.7     48.7     +4.0

==============================================================================
  FINAL RESULT
==============================================================================
  p_d              = [    514.5,      -7.1,    -219.1] mm
  p_EE             = [    516.4,      -0.6,      19.6] mm
  e_p              = [     -1.9,      -6.6,    -238.7] mm
  e_R              = [     0.00,     -1.25,      0.44] deg
------------------------------------------------------------------------------
  position error     238.83 mm
  rotation error     1.33 deg
  csv                logs/surface_grinding_controller_log.csv
------------------------------------------------------------------------------
