
==============================================================================
  SURFACE GRINDING CONTROLLER
==============================================================================
  robot              172.16.0.2
  parameters         /home/hm-panda/Desktop/Thesis_Final_Control/surface_grinding_controller/params
------------------------------------------------------------------------------

==============================================================================
  SURFACE GRINDING CONTROLLER - STARTUP MENU
==============================================================================

-- RUN MODES -----------------------------------------------------------------
  s      Run orientation, approach, contact establishment, and grinding
  h      Cartesian pose hold at the initial posture
  t      Cartesian pose hold with the contact establishment impedance
  g      Start manual guidance from the current robot pose

-- ROBOT PREPARATION ---------------------------------------------------------
  i      Move to the configured initial joint posture

-- GRIPPER AND TOOL ----------------------------------------------------------
  o      Open the gripper
  c      Grasp the tool
  r      Recalibrate the gripper with empty fingers
  f      Pick up the tool from the holder
  b      Return the tool to the holder

-- PROGRAM -------------------------------------------------------------------
  e      Exit
------------------------------------------------------------------------------
  During control: e = stop | m = startup menu | g = guidance
------------------------------------------------------------------------------
Selection [s/h/t/g/i/o/c/r/f/b/e]: 
-- SELECTED MODE: STATE SEQUENCE ---------------------------------------------

-- moving to q_init ----------------------------------------------------------
  case               saved_qinit
  q1..q7 [deg]     = [0.8, 12.1, -0.5, -130.9, -0.2, 142.9, 44.7] deg
  saved_qinit = [0.014777, 0.210911, -0.009320, -2.284835, -0.002725, 2.493410, 0.780694] rad
  q_init reached.

-- start pose ----------------------------------------------------------------
  q_start          = [0.8, 12.1, -0.5, -130.9, -0.2, 142.9, 44.7] deg
  p_start          = [    531.3,       2.4,     156.8] mm

==============================================================================
  RUN
==============================================================================

-- state: tool_orientation ---------------------------------------------------
  Kp [t1,t2,n]     = [    150.0,     150.0,     150.0] N/m
  Dp [t1,t2,n]     = [    133.7,      94.2,     128.3] Ns/m     auto (factor 1.90)
  KR [t1,t2,n]     = [    180.0,     180.0,      90.0] Nm/rad
  DR [t1,t2,n]     = [     15.3,      25.0,       2.0] Nms/rad  auto (factor 1.90)
orient:     t=  0.0 s | axis_err= 12.0 deg | spin_err=  0.9 deg
orient:     t=  0.2 s | axis_err= 10.3 deg | spin_err=  0.9 deg
orient:     t=  0.4 s | axis_err=  6.6 deg | spin_err=  0.6 deg
orient:     t=  0.6 s | axis_err=  2.7 deg | spin_err=  0.3 deg
orient:     t=  0.8 s | axis_err=  1.0 deg | spin_err=  0.2 deg

Orientation reached: axis_err=0.8 deg | spin_err=0.2 deg

-- state: surface_approach ---------------------------------------------------
  Kp [t1,t2,n]     = [    150.0,     150.0,     150.0] N/m
  Dp [t1,t2,n]     = [    133.7,      94.2,     128.3] Ns/m     auto (factor 1.90)
  KR [t1,t2,n]     = [    180.0,     180.0,      90.0] Nm/rad
  DR [t1,t2,n]     = [     15.3,      25.0,       2.0] Nms/rad  auto (factor 1.90)
  descend to         20 mm clearance at 0.100 m/s
descend:    t=  0.0 s | distance=   0.1 mm | height=+121.1 mm (target 20.0) | force= -0.0 N
descend:    t=  0.2 s | distance=  20.2 mm | height=+110.8 mm (target 20.0) | force=  1.5 N
descend:    t=  0.4 s | distance=  40.3 mm | height= +95.8 mm (target 20.0) | force=  1.9 N
descend:    t=  0.6 s | distance=  60.4 mm | height= +79.6 mm (target 20.0) | force=  2.2 N
descend:    t=  0.8 s | distance=  80.5 mm | height= +62.9 mm (target 20.0) | force=  1.3 N
descend:    t=  1.0 s | distance= 100.6 mm | height= +46.0 mm (target 20.0) | force=  2.5 N
descend:    t=  1.2 s | distance= 120.7 mm | height= +29.3 mm (target 20.0) | force=  1.5 N

Clearance reached: distance=131.7 mm | height=20.0 mm | target=20.0 mm | force=2.5 N
  offset_ee        = [     20.0,     -60.0,      20.0] mm
  p_EE_at_contact  = [    514.2,       0.0,      50.8] mm
  contact_point    = [    532.7,      54.2,      -1.7] mm
  edge_offset      = [     18.5,      54.1,     -52.5] mm

-- state: contact_establishment ----------------------------------------------

-- contact establishment impedance -------------------------------------------
  law                wrench = K_TCP*dx + D_TCP*dv
                     K_TCP  = Ad(r_c)^T * blkdiag(Kp,KR) * Ad(r_c)
  Kp [t1,t2,n]     = [   2000.0,    2000.0,     350.0] N/m
  Dp [t1,t2,n]     = [    234.1,     174.7,     111.5] Ns/m     auto
  KR [t1,t2,n]     = [      5.0,       5.0,      50.0] Nm/rad
  DR [t1,t2,n]     = [      1.3,       2.0,       1.3] Nms/rad  auto
  p_c [EE]         = [      0.0,      90.0,       0.0] mm       commanded in the tool frame
  r_c [t1,t2,n]    = [     -0.1,     -88.7,      15.4] mm       p_c - p_TCP, in the plane
contact establishment:     t=  0.0 s | ee=  0.0 deg | F=  0.1 N | M=  0.0 Nm | contact= 19.9 mm
contact establishment:     t=  0.2 s | ee=  0.9 deg | F=  0.7 N | M=  0.5 Nm | contact=  7.6 mm
contact establishment:     t=  0.4 s | ee=  1.3 deg | F= 12.6 N | M=  0.6 Nm | contact=  2.9 mm
contact establishment:     t=  0.6 s | ee=  1.3 deg | F= 16.3 N | M=  0.5 Nm | contact=  2.8 mm
contact establishment:     t=  0.8 s | ee=  1.3 deg | F= 21.1 N | M=  0.6 Nm | contact=  2.8 mm
contact establishment:     t=  1.0 s | ee=  1.5 deg | F= 25.7 N | M=  0.7 Nm | contact=  2.9 mm
contact establishment:     t=  1.2 s | ee=  2.0 deg | F= 31.1 N | M=  0.7 Nm | contact=  2.6 mm
contact establishment:     t=  1.4 s | ee=  3.3 deg | F= 35.2 N | M=  0.5 Nm | contact=  2.5 mm
contact establishment:     t=  1.6 s | ee=  4.7 deg | F= 39.8 N | M=  0.5 Nm | contact=  2.4 mm
contact establishment:     t=  1.8 s | ee=  8.1 deg | F= 39.4 N | M=  0.5 Nm | contact=  2.5 mm
contact establishment:     t=  2.0 s | ee= 11.3 deg | F= 44.0 N | M=  0.8 Nm | contact=  2.4 mm
contact establishment:     t=  2.2 s | ee= 11.9 deg | F= 51.2 N | M=  4.6 Nm | contact=  2.7 mm
contact establishment:     t=  2.4 s | ee= 11.9 deg | F= 56.5 N | M=  4.9 Nm | contact=  2.7 mm
contact establishment:     t=  2.6 s | ee= 11.9 deg | F= 62.0 N | M=  5.3 Nm | contact=  2.7 mm
contact establishment:     t=  2.8 s | ee= 11.9 deg | F= 67.6 N | M=  5.6 Nm | contact=  2.7 mm
contact establishment:     t=  3.0 s | ee= 11.9 deg | F= 73.5 N | M=  5.9 Nm | contact=  2.7 mm
contact establishment:     t=  3.2 s | ee= 11.9 deg | F= 79.2 N | M=  6.3 Nm | contact=  2.7 mm
contact establishment:     t=  3.4 s | ee= 11.9 deg | F= 73.7 N | M=  6.0 Nm | contact=  2.7 mm
contact establishment:     t=  3.6 s | ee= 11.9 deg | F= 73.6 N | M=  6.0 Nm | contact=  2.7 mm
contact establishment:     t=  3.8 s | ee= 11.9 deg | F= 73.5 N | M=  6.0 Nm | contact=  2.7 mm
contact establishment:     t=  4.0 s | ee= 11.9 deg | F= 73.5 N | M=  6.0 Nm | contact=  2.7 mm
contact establishment:     t=  4.2 s | ee= 11.9 deg | F= 73.5 N | M=  6.0 Nm | contact=  2.7 mm
contact establishment:     t=  4.4 s | ee= 11.9 deg | F= 73.4 N | M=  6.0 Nm | contact=  2.7 mm
contact establishment:     t=  4.6 s | ee= 11.9 deg | F= 73.3 N | M=  5.9 Nm | contact=  2.7 mm
contact establishment:     t=  4.8 s | ee= 11.9 deg | F= 73.3 N | M=  5.9 Nm | contact=  2.7 mm

==============================================================================
  CONTACT-ESTABLISHMENT RESULT
==============================================================================
  stop: time | t=5.0 s | ee=11.9 deg | F=73.4 N | M_TCP=5.9 Nm
  contact_from_start = [-2.4, +1.1, +0.5] mm | norm=2.7 mm
  tcp_from_contact  = [-21.1, -59.1, +21.1] mm | norm=66.2 mm
  deviation: before=9.48 deg | after=2.57 deg | gain=+6.91 deg
  t_align: not reached | tolerance=2.00 deg | hold=0.30 s
  t_align_fraction: 1.61 s | fraction=0.50 of the deviation at contact
  deviation_min: 0.53 deg at t=1.90 s
  align_status: not_aligned
  deviation components [t1,t2,n] deg: before=[+9.47,-0.49,+0.00] | after=[-2.45,-0.76,+0.00]

-- contact establishment surface-frame breakdown -----------------------------
  frame              alignment-target [tangent1, tangent2, normal]
  force        [N]      = [    +2.74,     +7.12,    -73.05]
  tcp_disp     [mm]     = [    -2.09,     -4.11,    -31.55]
  contact_disp [mm]     = [    -2.43,     +1.11,     +0.50]
  Kp_eff=F/tcp [N/m]    = [  -1313.4,   -1734.1,    2315.1]
  M_contact    [Nm]     = [   +10.22,     -0.81,     +0.06]
  ee_angle     [deg]    = [   -11.92,     -0.28,     -0.22]
  KR_eff=M/ang [Nm/rad] = [    -49.1,     162.3,     -15.7]
  frame              tool face [length, width, tool axis]
  M_contact    [Nm]     = [    +0.84,    -10.22,     -0.23]

-- center of compliance ------------------------------------------------------
  definition         r_c = p_c - p_TCP
  p_TCP [x,y,z]    = [    511.6,      -4.9,      19.4] mm
  p_c [EE]         = [      0.0,      90.0,       0.0] mm
  r_c [t1,t2,n]    = [      0.3,     -89.9,      -3.3] mm
                     p_c resolved at end of contact establishment

-- effective TCP impedance ---------------------------------------------------
  K_TCP translation = [   1999.5,    1998.7,     351.8] N/m
  K_TCP rotation   = [      7.9,       5.0,      66.1] Nm/rad
  commanded KR was = [      5.0,       5.0,      50.0] Nm/rad   including lever contribution
  D_TCP translation = [    234.1,     174.7,     111.6] Ns/m
  D_TCP rotation   = [      2.2,       2.0,       3.2] Nms/rad
  coupling           max |moment per unit translation| = 179.9 Nm/m (K), 21.1 Nms/m (D)
  eigenvalues        K_TCP 4.96 .. 2017 | D_TCP 1.26 .. 236  (both positive: valid springs)

  K_TCP [N/m, Nm/rad | rows fx..mz, cols tx..rz]:
           tx        ty        tz    |    rx        ry        rz
  fx [    2000  -0.7871   -28.44 |    2.559   -1.528    179.9 ]
  fy [ -0.7871     1999   -45.62 |     5.64  0.01179    0.419 ]
  fz [  -28.44   -45.62    351.8 |   -31.69 -0.06437   -2.571 ]
     ---------------------------+---------------------------
  mx [   2.559     5.64   -31.69 |     7.87  0.02727    1.007 ]
  my [  -1.528  0.01179 -0.06437 |  0.02727    5.036    1.107 ]
  mz [   179.9    0.419   -2.571 |    1.007    1.107    66.15 ]

  D_TCP [Ns/m, Nms/rad]:
           tx        ty        tz    |    rx        ry        rz
  fx [   234.1  -0.0585   -2.114 |   0.1902  -0.1792    21.07 ]
  fy [ -0.0585    174.7   -1.747 |   0.2914 0.0004732  0.03754 ]
  fz [  -2.114   -1.747    111.6 |   -10.04 -0.02572  -0.1906 ]
     ---------------------------+---------------------------
  mx [  0.1902   0.2914   -10.04 |    2.175 0.002343  0.01819 ]
  my [ -0.1792 0.0004732 -0.02572 | 0.002343    2.046 -0.03596 ]
  mz [   21.07  0.03754  -0.1906 |  0.01819 -0.03596    3.226 ]

[STATE] Pre-grinding hold active. Press Enter to start grinding (e+Enter stops).

-- state: pre_grinding_hold --------------------------------------------------
  motion             established contact command
  impedance          inherited from contact establishment
  keys               Enter continue | e stop

Stop requested with e + Enter. Finishing control loop...

-- joint motion [deg] --------------------------------------------------------
  joint       start    final    delta
  q1            0.8     -8.4     -9.2
  q2           12.1     29.7    +17.6
  q3           -0.5      6.7     +7.2
  q4         -130.9   -130.5     +0.4
  q5           -0.2     -7.5     -7.3
  q6          142.9    156.6    +13.7
  q7           44.7     49.4     +4.6

==============================================================================
  FINAL RESULT
==============================================================================
  p_d              = [    509.8,      -7.2,    -209.0] mm
  p_EE             = [    511.6,      -4.9,      19.4] mm
  e_p              = [     -1.9,      -2.2,    -228.5] mm
  e_R              = [   -11.93,     -0.29,     -0.00] deg
------------------------------------------------------------------------------
  position error     228.49 mm
  rotation error     11.93 deg
  csv                logs/surface_grinding_controller_log.csv
------------------------------------------------------------------------------
