
==============================================================================
  SURFACE GRINDING CONTROLLER
==============================================================================
  robot              172.16.0.2
  parameters         /home/hm-panda/Desktop/Thesis_Final_Control/surface_grinding_controller/params
------------------------------------------------------------------------------

==============================================================================
  SURFACE GRINDING CONTROLLER - STARTUP MENU
==============================================================================

-- RUN MODES -----------------------------------------------------------------
  s      Run orientation, approach, setup, and grinding
  h      Cartesian pose hold at the initial posture
  t      Cartesian pose hold with the setup impedance
  g      Start manual guidance from the current robot pose

-- ROBOT PREPARATION ---------------------------------------------------------
  i      Move to the configured initial joint posture

-- GRIPPER AND TOOL ----------------------------------------------------------
  o      Open the gripper
  c      Grasp the tool
  r      Recalibrate the gripper with empty fingers
  f      Pick up the tool from the holder
  b      Return the tool to the holder

-- PROGRAM -------------------------------------------------------------------
  e      Exit
------------------------------------------------------------------------------
  During control: e = stop | m = startup menu | g = guidance
------------------------------------------------------------------------------
Selection [s/h/t/g/i/o/c/r/f/b/e]: 
-- SELECTED MODE: PHASE SEQUENCE ---------------------------------------------

-- moving to q_init ----------------------------------------------------------
  case               saved_qinit
  q1..q7 [deg]     = [0.8, 12.1, -0.5, -130.9, -0.2, 142.9, 44.7] deg
  saved_qinit = [0.014777, 0.210911, -0.009320, -2.284835, -0.002725, 2.493410, 0.780694] rad
  q_init reached.

-- start pose ----------------------------------------------------------------
  q_start          = [0.9, 12.1, -0.5, -130.9, -0.1, 142.9, 44.7] deg
  p_start          = [    531.3,       2.5,     156.8] mm

==============================================================================
  RUN
==============================================================================

-- phase: approach_orient ----------------------------------------------------
  Kp [t1,t2,n]     = [    150.0,     150.0,     150.0] N/m
  Dp [t1,t2,n]     = [    133.7,      94.2,     128.3] Ns/m     auto (factor 1.90)
  KR [t1,t2,n]     = [     90.0,      90.0,      90.0] Nm/rad
  DR [t1,t2,n]     = [     10.8,      17.7,       2.0] Nms/rad  auto (factor 1.90)
orient:     t=  0.0 s | axis_err=  8.6 deg | spin_err=  0.6 deg
orient:     t=  0.2 s | axis_err=  8.0 deg | spin_err=  0.1 deg
orient:     t=  0.4 s | axis_err=  4.8 deg | spin_err=  0.2 deg

Orientation reached: axis_err=2.0 deg | spin_err=0.2 deg

-- phase: approach_descend ---------------------------------------------------
  Kp [t1,t2,n]     = [    150.0,     150.0,     150.0] N/m
  Dp [t1,t2,n]     = [    133.7,      94.2,     128.3] Ns/m     auto (factor 1.90)
  KR [t1,t2,n]     = [     90.0,      90.0,      90.0] Nm/rad
  DR [t1,t2,n]     = [     10.8,      17.7,       2.0] Nms/rad  auto (factor 1.90)
  descend to         20 mm clearance at 0.100 m/s
descend:    t=  0.0 s | distance=   0.1 mm | height=+125.5 mm (target 20.0) | force= -0.0 N
descend:    t=  0.2 s | distance=  20.1 mm | height=+113.3 mm (target 20.0) | force=  1.2 N
descend:    t=  0.4 s | distance=  40.1 mm | height= +97.7 mm (target 20.0) | force=  2.8 N
descend:    t=  0.6 s | distance=  60.2 mm | height= +81.5 mm (target 20.0) | force=  2.6 N
descend:    t=  0.8 s | distance=  80.3 mm | height= +63.8 mm (target 20.0) | force=  2.6 N
descend:    t=  1.0 s | distance= 100.4 mm | height= +46.4 mm (target 20.0) | force=  3.7 N
descend:    t=  1.2 s | distance= 120.5 mm | height= +29.0 mm (target 20.0) | force=  3.1 N

Clearance reached: distance=130.9 mm | height=19.9 mm | target=20.0 mm | force=1.8 N
  offset_ee        = [     20.0,      60.0,      20.0] mm
  p_EE_at_contact  = [    519.3,       0.9,      49.1] mm
  contact_point    = [    538.1,     -56.8,       1.3] mm
  edge_offset      = [     18.8,     -57.6,     -47.8] mm

-- phase: setup --------------------------------------------------------------

-- setup impedance -----------------------------------------------------------
  law                wrench = K_TCP*dx + D_TCP*dv
                     K_TCP  = Ad(r_c)^T * blkdiag(Kp,KR) * Ad(r_c)
  Kp [t1,t2,n]     = [   2000.0,    2000.0,     350.0] N/m
  Dp [t1,t2,n]     = [    230.5,     177.5,     112.4] Ns/m     auto
  KR [t1,t2,n]     = [      5.0,       5.0,      50.0] Nm/rad
  DR [t1,t2,n]     = [      1.5,       1.9,       1.2] Nms/rad  auto
  p_c [EE]         = [      0.0,       0.0,      60.0] mm       commanded in the tool frame
  r_c [t1,t2,n]    = [      1.0,      -9.0,      59.3] mm       p_TCP - p_c, in the plane
setup:     t=  0.0 s | tip=  0.0 deg | F=  0.0 N | M=  0.0 Nm (limit 150.0) | contact= 19.9 mm
setup:     t=  0.2 s | tip=  0.7 deg | F=  1.6 N | M=  1.1 Nm (limit 150.0) | contact=  7.5 mm
setup:     t=  0.4 s | tip=  1.3 deg | F= 20.4 N | M= 10.7 Nm (limit 150.0) | contact=  2.2 mm
setup:     t=  0.6 s | tip=  1.3 deg | F= 16.8 N | M=  9.2 Nm (limit 150.0) | contact=  2.3 mm
setup:     t=  0.8 s | tip=  1.3 deg | F= 22.0 N | M= 11.9 Nm (limit 150.0) | contact=  2.4 mm
setup:     t=  1.0 s | tip=  1.3 deg | F= 27.3 N | M= 14.7 Nm (limit 150.0) | contact=  2.6 mm
setup:     t=  1.2 s | tip=  1.3 deg | F= 33.2 N | M= 17.7 Nm (limit 150.0) | contact=  2.8 mm
setup:     t=  1.4 s | tip=  1.4 deg | F= 38.8 N | M= 20.6 Nm (limit 150.0) | contact=  2.9 mm
setup:     t=  1.6 s | tip=  1.4 deg | F= 44.4 N | M= 23.5 Nm (limit 150.0) | contact=  3.1 mm
setup:     t=  1.8 s | tip=  1.4 deg | F= 50.6 N | M= 26.7 Nm (limit 150.0) | contact=  3.2 mm
setup:     t=  2.0 s | tip=  1.6 deg | F= 56.4 N | M= 29.6 Nm (limit 150.0) | contact=  3.3 mm
setup:     t=  2.2 s | tip=  1.9 deg | F= 60.9 N | M= 31.8 Nm (limit 150.0) | contact=  3.4 mm
setup:     t=  2.4 s | tip=  2.5 deg | F= 67.2 N | M= 35.2 Nm (limit 150.0) | contact=  3.5 mm
setup:     t=  2.6 s | tip=  4.2 deg | F= 68.2 N | M= 36.2 Nm (limit 150.0) | contact=  3.8 mm
setup:     t=  2.8 s | tip=  6.5 deg | F= 73.4 N | M= 38.8 Nm (limit 150.0) | contact=  4.3 mm
setup:     t=  3.0 s | tip=  7.4 deg | F= 81.8 N | M= 43.3 Nm (limit 150.0) | contact=  4.2 mm
setup:     t=  3.2 s | tip=  7.4 deg | F= 85.9 N | M= 45.4 Nm (limit 150.0) | contact=  4.4 mm
setup:     t=  3.4 s | tip=  7.4 deg | F= 81.0 N | M= 42.9 Nm (limit 150.0) | contact=  4.4 mm
setup:     t=  3.6 s | tip=  7.4 deg | F= 80.9 N | M= 42.8 Nm (limit 150.0) | contact=  4.4 mm
setup:     t=  3.8 s | tip=  7.4 deg | F= 81.0 N | M= 42.9 Nm (limit 150.0) | contact=  4.4 mm
setup:     t=  4.0 s | tip=  7.4 deg | F= 80.9 N | M= 42.8 Nm (limit 150.0) | contact=  4.4 mm
setup:     t=  4.2 s | tip=  7.4 deg | F= 80.9 N | M= 42.8 Nm (limit 150.0) | contact=  4.4 mm
setup:     t=  4.4 s | tip=  7.4 deg | F= 80.7 N | M= 42.7 Nm (limit 150.0) | contact=  4.4 mm
setup:     t=  4.6 s | tip=  7.4 deg | F= 80.8 N | M= 42.8 Nm (limit 150.0) | contact=  4.4 mm
setup:     t=  4.8 s | tip=  7.4 deg | F= 80.8 N | M= 42.7 Nm (limit 150.0) | contact=  4.4 mm

==============================================================================
  SETUP RESULT
==============================================================================
  stop: time | t=5.0 s | tip=7.4 deg | F=80.7 N | M=42.7 Nm
  contact_from_start = [-0.6, +2.4, -3.6] mm | norm=4.4 mm
  tcp_from_contact  = [-19.0, +62.6, +17.2] mm | norm=67.6 mm
  alignment: before=8.70 deg | after=2.58 deg | gain=+6.12 deg
  alignment components [t1,t2,n] deg: before=[-8.65,-0.91,+0.00] | after=[-1.38,-2.18,+0.00]

-- setup surface-frame breakdown ---------------------------------------------
  frame              alignment-target [tangent1, tangent2, normal]
  force        [N]      = [    +3.36,     +3.78,    -80.59]
  tcp_disp     [mm]     = [    +0.35,     +5.82,    -30.46]
  contact_disp [mm]     = [    -0.51,     +2.47,     -3.58]
  Kp_eff=F/tcp [N/m]    = [   9546.5,     649.9,    2645.3]
  M_contact    [Nm]     = [    -5.49,    +41.22,     +2.05]
  tip_angle    [deg]    = [    +7.28,     -1.30,     +0.28]
  KR_eff=M/ang [Nm/rad] = [    -43.2,   -1813.8,     421.8]
  frame              tool face [length, width, tool axis]
  M_contact    [Nm]     = [   -41.21,     +5.84,     -0.84]

-- center of compliance ------------------------------------------------------
  definition         r_c = p_TCP - p_c
  p_TCP [x,y,z]    = [    519.2,       5.8,      18.5] mm
  p_c [EE]         = [     -0.0,      -0.0,      60.0] mm
  r_c [t1,t2,n]    = [      2.3,      -1.4,      59.9] mm
                     p_c resolved at end of setup

-- effective TCP impedance ---------------------------------------------------
  K_TCP translation = [   1999.5,    1998.7,     351.8] N/m
  K_TCP rotation   = [     12.2,      12.2,      50.0] Nm/rad
  commanded KR was = [      5.0,       5.0,      50.0] Nm/rad   including lever contribution
  D_TCP translation = [    230.5,     177.4,     112.4] Ns/m
  D_TCP rotation   = [      2.1,       2.7,       1.2] Nms/rad
  coupling           max |moment per unit translation| = 119.9 Nm/m (K), 13.8 Nms/m (D)
  eigenvalues        K_TCP 4.98 .. 2007 | D_TCP 1.19 .. 231  (both positive: valid springs)

  K_TCP [N/m, Nm/rad | rows fx..mz, cols tx..rz]:
           tx        ty        tz    |    rx        ry        rz
  fx [    2000  -0.7871   -28.44 | -0.04114   -119.9   0.4258 ]
  fy [ -0.7871     1999   -45.62 |    119.7  -0.1042   -6.631 ]
  fz [  -28.44   -45.62    351.8 |   -2.807    2.871   0.1453 ]
     ---------------------------+---------------------------
  mx [-0.04114    119.7   -2.807 |    12.19  0.01462   0.3783 ]
  my [  -119.9  -0.1042    2.871 |  0.01462    12.23    1.219 ]
  mz [  0.4258   -6.631   0.1453 |   0.3783    1.219    49.97 ]

  D_TCP [Ns/m, Nms/rad]:
           tx        ty        tz    |    rx        ry        rz
  fx [   230.5 -0.05635   -2.036 | -0.002945   -13.81  0.04896 ]
  fy [-0.05635    177.4     -1.8 |    10.63 -0.002596  -0.5887 ]
  fz [  -2.036     -1.8    112.4 |  -0.1316    0.495 0.005541 ]
     ---------------------------+---------------------------
  mx [-0.002945    10.63  -0.1316 |    2.135 -0.000408 -0.04061 ]
  my [  -13.81 -0.002596    0.495 | -0.000408    2.702 -0.02185 ]
  mz [ 0.04896  -0.5887 0.005541 | -0.04061 -0.02185    1.191 ]

[GATE] Set up finished (still pressing). Press Enter to start the grind (e+Enter stops).

Stop requested with e + Enter. Finishing control loop...

-- joint motion [deg] --------------------------------------------------------
  joint       start    final    delta
  q1            0.9      5.5     +4.6
  q2           12.1     30.4    +18.3
  q3           -0.5     -4.2     -3.6
  q4         -130.9   -129.0     +1.9
  q5           -0.1      5.0     +5.1
  q6          142.9    156.2    +13.3
  q7           44.7     42.7     -2.1

==============================================================================
  FINAL RESULT
==============================================================================
  p_d              = [    514.9,      -6.3,    -210.7] mm
  p_EE             = [    519.2,       5.8,      18.5] mm
  e_p              = [     -4.3,     -12.2,    -229.2] mm
  e_R              = [     7.28,     -1.30,      0.19] deg
------------------------------------------------------------------------------
  position error     229.56 mm
  rotation error     7.40 deg
  csv                logs/surface_grinding_controller_log.csv
------------------------------------------------------------------------------
