
==============================================================================
  SURFACE GRINDING CONTROLLER
==============================================================================
  robot              172.16.0.2
  parameters         /home/hm-panda/Desktop/Thesis_Final_Control/surface_grinding_controller/params
------------------------------------------------------------------------------

==============================================================================
  SURFACE GRINDING CONTROLLER - STARTUP MENU
==============================================================================

-- RUN MODES -----------------------------------------------------------------
  s      Run orientation, approach, setup, and grinding
  h      Cartesian pose hold at the initial posture
  t      Cartesian pose hold with the setup impedance
  g      Start manual guidance from the current robot pose

-- ROBOT PREPARATION ---------------------------------------------------------
  i      Move to the configured initial joint posture

-- GRIPPER AND TOOL ----------------------------------------------------------
  o      Open the gripper
  c      Grasp the tool
  r      Recalibrate the gripper with empty fingers
  f      Pick up the tool from the holder
  b      Return the tool to the holder

-- PROGRAM -------------------------------------------------------------------
  e      Exit
------------------------------------------------------------------------------
  During control: e = stop | m = startup menu | g = guidance
------------------------------------------------------------------------------
Selection [s/h/t/g/i/o/c/r/f/b/e]: 
-- SELECTED MODE: PHASE SEQUENCE ---------------------------------------------

-- moving to q_init ----------------------------------------------------------
  case               saved_qinit
  q1..q7 [deg]     = [0.8, 12.1, -0.5, -130.9, -0.2, 142.9, 44.7] deg
  saved_qinit = [0.014777, 0.210911, -0.009320, -2.284835, -0.002725, 2.493410, 0.780694] rad
  q_init reached.

-- start pose ----------------------------------------------------------------
  q_start          = [0.9, 12.1, -0.5, -130.9, -0.1, 142.9, 44.7] deg
  p_start          = [    531.3,       2.5,     156.8] mm

==============================================================================
  RUN
==============================================================================

-- phase: approach_orient ----------------------------------------------------
  Kp [t1,t2,n]     = [    150.0,     150.0,     150.0] N/m
  Dp [t1,t2,n]     = [    133.7,      94.2,     128.3] Ns/m     auto (factor 1.90)
  KR [t1,t2,n]     = [    180.0,     180.0,      90.0] Nm/rad
  DR [t1,t2,n]     = [     15.3,      25.0,       2.0] Nms/rad  auto (factor 1.90)
orient:     t=  0.0 s | axis_err=  8.5 deg | spin_err=  0.5 deg
orient:     t=  0.2 s | axis_err=  7.2 deg | spin_err=  0.2 deg
orient:     t=  0.4 s | axis_err=  3.3 deg | spin_err=  0.2 deg
orient:     t=  0.6 s | axis_err=  1.1 deg | spin_err=  0.3 deg
orient:     t=  0.8 s | axis_err=  0.8 deg | spin_err=  0.2 deg

Orientation reached: axis_err=0.8 deg | spin_err=0.2 deg

-- phase: approach_descend ---------------------------------------------------
  Kp [t1,t2,n]     = [    150.0,     150.0,     150.0] N/m
  Dp [t1,t2,n]     = [    133.7,      94.2,     128.3] Ns/m     auto (factor 1.90)
  KR [t1,t2,n]     = [    180.0,     180.0,      90.0] Nm/rad
  DR [t1,t2,n]     = [     15.3,      25.0,       2.0] Nms/rad  auto (factor 1.90)
  descend to         20 mm clearance at 0.100 m/s
descend:    t=  0.0 s | distance=   0.1 mm | height=+121.0 mm (target 20.0) | force=  0.0 N
descend:    t=  0.2 s | distance=  20.2 mm | height=+110.2 mm (target 20.0) | force=  2.4 N
descend:    t=  0.4 s | distance=  40.3 mm | height= +95.3 mm (target 20.0) | force=  2.8 N
descend:    t=  0.6 s | distance=  60.4 mm | height= +79.0 mm (target 20.0) | force=  1.8 N
descend:    t=  0.8 s | distance=  80.5 mm | height= +61.9 mm (target 20.0) | force=  3.2 N
descend:    t=  1.0 s | distance= 100.6 mm | height= +45.0 mm (target 20.0) | force=  3.8 N
descend:    t=  1.2 s | distance= 120.7 mm | height= +28.0 mm (target 20.0) | force=  3.7 N

Clearance reached: distance=130.5 mm | height=19.9 mm | target=20.0 mm | force=2.6 N
  offset_ee        = [     20.0,      60.0,      20.0] mm
  p_EE_at_contact  = [    516.7,       1.4,      49.8] mm
  contact_point    = [    535.2,     -56.0,       1.3] mm
  edge_offset      = [     18.4,     -57.4,     -48.5] mm

-- phase: setup --------------------------------------------------------------

-- setup impedance -----------------------------------------------------------
  law                wrench = K_TCP*dx + D_TCP*dv
                     K_TCP  = Ad(r_c)^T * blkdiag(Kp,KR) * Ad(r_c)
  Kp [t1,t2,n]     = [   2000.0,    2000.0,     350.0] N/m
  Dp [t1,t2,n]     = [    231.2,     178.1,     112.1] Ns/m     auto
  KR [t1,t2,n]     = [      5.0,       5.0,      50.0] Nm/rad
  DR [t1,t2,n]     = [      1.5,       1.9,       1.2] Nms/rad  auto
  p_c [EE]         = [      0.0,     -50.0,       0.0] mm       commanded in the tool frame
  r_c [t1,t2,n]    = [      0.0,     -49.4,      -7.8] mm       p_TCP - p_c, in the plane
setup:     t=  0.0 s | ee=  0.0 deg | F=  0.0 N | M=  0.0 Nm (limit 150.0) | contact= 19.8 mm
setup:     t=  0.2 s | ee=  0.9 deg | F=  1.1 N | M=  0.9 Nm (limit 150.0) | contact=  7.3 mm
setup:     t=  0.4 s | ee=  1.6 deg | F= 19.5 N | M= 10.3 Nm (limit 150.0) | contact=  3.6 mm
setup:     t=  0.6 s | ee=  1.7 deg | F= 15.6 N | M=  8.8 Nm (limit 150.0) | contact=  3.7 mm
setup:     t=  0.8 s | ee=  1.7 deg | F= 21.1 N | M= 11.6 Nm (limit 150.0) | contact=  3.8 mm
setup:     t=  1.0 s | ee=  1.7 deg | F= 26.4 N | M= 14.3 Nm (limit 150.0) | contact=  3.9 mm
setup:     t=  1.2 s | ee=  1.8 deg | F= 32.2 N | M= 17.2 Nm (limit 150.0) | contact=  4.0 mm
setup:     t=  1.4 s | ee=  2.1 deg | F= 36.7 N | M= 19.4 Nm (limit 150.0) | contact=  4.2 mm
setup:     t=  1.6 s | ee=  2.5 deg | F= 43.3 N | M= 22.7 Nm (limit 150.0) | contact=  4.2 mm
setup:     t=  1.8 s | ee=  4.1 deg | F= 45.4 N | M= 23.9 Nm (limit 150.0) | contact=  4.3 mm
setup:     t=  2.0 s | ee=  6.9 deg | F= 47.2 N | M= 24.9 Nm (limit 150.0) | contact=  4.4 mm
setup:     t=  2.2 s | ee=  8.3 deg | F= 54.9 N | M= 29.8 Nm (limit 150.0) | contact=  4.3 mm
setup:     t=  2.4 s | ee=  8.3 deg | F= 60.9 N | M= 32.8 Nm (limit 150.0) | contact=  4.5 mm
setup:     t=  2.6 s | ee=  8.3 deg | F= 66.0 N | M= 35.3 Nm (limit 150.0) | contact=  4.6 mm
setup:     t=  2.8 s | ee=  8.3 deg | F= 71.9 N | M= 38.3 Nm (limit 150.0) | contact=  4.8 mm
setup:     t=  3.0 s | ee=  8.3 deg | F= 77.0 N | M= 40.8 Nm (limit 150.0) | contact=  4.9 mm
setup:     t=  3.2 s | ee=  8.3 deg | F= 82.7 N | M= 43.8 Nm (limit 150.0) | contact=  5.0 mm
setup:     t=  3.4 s | ee=  8.3 deg | F= 77.3 N | M= 41.3 Nm (limit 150.0) | contact=  4.9 mm
setup:     t=  3.6 s | ee=  8.3 deg | F= 77.1 N | M= 41.2 Nm (limit 150.0) | contact=  4.9 mm
setup:     t=  3.8 s | ee=  8.3 deg | F= 77.1 N | M= 41.2 Nm (limit 150.0) | contact=  4.9 mm
setup:     t=  4.0 s | ee=  8.3 deg | F= 77.0 N | M= 41.2 Nm (limit 150.0) | contact=  4.9 mm
setup:     t=  4.2 s | ee=  8.3 deg | F= 77.0 N | M= 41.1 Nm (limit 150.0) | contact=  4.9 mm
setup:     t=  4.4 s | ee=  8.3 deg | F= 77.0 N | M= 41.1 Nm (limit 150.0) | contact=  4.9 mm
setup:     t=  4.6 s | ee=  8.3 deg | F= 77.1 N | M= 41.2 Nm (limit 150.0) | contact=  4.9 mm
setup:     t=  4.8 s | ee=  8.3 deg | F= 76.9 N | M= 41.1 Nm (limit 150.0) | contact=  4.9 mm

==============================================================================
  SETUP RESULT
==============================================================================
  stop: time | t=5.0 s | ee=8.3 deg | F=76.9 N | M=41.1 Nm
  contact_from_start = [-3.0, +0.5, -3.9] mm | norm=4.9 mm
  tcp_from_contact  = [-20.5, +60.9, +17.3] mm | norm=66.6 mm
  deviation: before=9.36 deg | after=3.25 deg | gain=+6.11 deg
  deviation components [t1,t2,n] deg: before=[-9.35,-0.48,+0.00] | after=[-1.46,-2.91,+0.00]

-- setup surface-frame breakdown ---------------------------------------------
  frame              alignment-target [tangent1, tangent2, normal]
  force        [N]      = [    +3.09,     -8.27,    -76.37]
  tcp_disp     [mm]     = [    -1.54,     +4.35,    -31.05]
  contact_disp [mm]     = [    -2.95,     +0.64,     -3.92]
  Kp_eff=F/tcp [N/m]    = [  -2004.0,   -1900.9,    2459.8]
  M_contact    [Nm]     = [    -8.98,    +39.27,     -4.34]
  tip_angle    [deg]    = [    +7.91,     -2.46,     +0.28]
  KR_eff=M/ang [Nm/rad] = [    -65.0,    -913.0,    -881.7]
  frame              tool face [length, width, tool axis]
  M_contact    [Nm]     = [   -39.07,     +9.04,     +5.79]

-- center of compliance ------------------------------------------------------
  definition         r_c = p_TCP - p_c
  p_TCP [x,y,z]    = [    514.7,       4.9,      18.7] mm
  p_c [EE]         = [     -0.0,     -50.0,      -0.0] mm
  r_c [t1,t2,n]    = [     -0.4,     -50.0,      -0.9] mm
                     p_c resolved at end of setup

-- effective TCP impedance ---------------------------------------------------
  K_TCP translation = [   1999.5,    1998.7,     351.8] N/m
  K_TCP rotation   = [      5.9,       5.0,      55.0] Nm/rad
  commanded KR was = [      5.0,       5.0,      50.0] Nm/rad   including lever contribution
  D_TCP translation = [    231.1,     178.0,     112.2] Ns/m
  D_TCP rotation   = [      1.8,       1.9,       1.8] Nms/rad
  coupling           max |moment per unit translation| = 100.0 Nm/m (K), 11.6 Nms/m (D)
  eigenvalues        K_TCP 4.99 .. 2005 | D_TCP 1.20 .. 232  (both positive: valid springs)

  K_TCP [N/m, Nm/rad | rows fx..mz, cols tx..rz]:
           tx        ty        tz    |    rx        ry        rz
  fx [    2000  -0.7871   -28.44 |   -1.422  -0.9357   -99.97 ]
  fy [ -0.7871     1999   -45.62 |   -1.333  0.02052   0.9222 ]
  fz [  -28.44   -45.62    351.8 |    17.56  -0.1419    1.402 ]
     ---------------------------+---------------------------
  mx [  -1.422   -1.333    17.56 |    5.891  0.01438   0.8461 ]
  my [ -0.9357  0.02052  -0.1419 |  0.01438    5.035    1.291 ]
  mz [  -99.97   0.9222    1.402 |   0.8461    1.291    54.95 ]

  D_TCP [Ns/m, Nms/rad]:
           tx        ty        tz    |    rx        ry        rz
  fx [   231.1  -0.0568   -2.052 |  -0.1026  -0.1087   -11.56 ]
  fy [ -0.0568      178   -1.824 | -0.006775 0.0008328  0.08149 ]
  fz [  -2.052   -1.824    112.2 |    5.608 -0.04858   0.1018 ]
     ---------------------------+---------------------------
  mx [ -0.1026 -0.006775    5.608 |    1.771 -0.002564 0.0002357 ]
  my [ -0.1087 0.0008328 -0.04858 | -0.002564    1.896 -0.01362 ]
  mz [  -11.56  0.08149   0.1018 | 0.0002357 -0.01362    1.786 ]

[GATE] Set up finished (still pressing). Press Enter to start the grind (e+Enter stops).

Stop requested with e + Enter. Finishing control loop...

-- joint motion [deg] --------------------------------------------------------
  joint       start    final    delta
  q1            0.9      5.7     +4.8
  q2           12.1     30.4    +18.3
  q3           -0.5     -4.5     -3.9
  q4         -130.9   -128.4     +2.5
  q5           -0.1      4.3     +4.4
  q6          142.9    153.2    +10.3
  q7           44.7     43.3     -1.4

==============================================================================
  FINAL RESULT
==============================================================================
  p_d              = [    512.3,      -5.8,    -210.0] mm
  p_EE             = [    514.7,       4.9,      18.7] mm
  e_p              = [     -2.4,     -10.7,    -228.7] mm
  e_R              = [     7.91,     -2.46,      0.21] deg
------------------------------------------------------------------------------
  position error     228.92 mm
  rotation error     8.29 deg
  csv                logs/surface_grinding_controller_log.csv
------------------------------------------------------------------------------
