
==============================================================================
  SURFACE GRINDING CONTROLLER
==============================================================================
  robot              172.16.0.2
  parameters         /home/hm-panda/Desktop/Thesis_Final_Control/surface_grinding_controller/params
------------------------------------------------------------------------------

==============================================================================
  SURFACE GRINDING CONTROLLER - STARTUP MENU
==============================================================================

-- RUN MODES -----------------------------------------------------------------
  s      Run orientation, approach, setup, and grinding
  h      Cartesian pose hold at the initial posture
  t      Cartesian pose hold with the setup impedance
  g      Start manual guidance from the current robot pose

-- ROBOT PREPARATION ---------------------------------------------------------
  i      Move to the configured initial joint posture

-- GRIPPER AND TOOL ----------------------------------------------------------
  o      Open the gripper
  c      Grasp the tool
  r      Recalibrate the gripper with empty fingers
  f      Pick up the tool from the holder
  b      Return the tool to the holder

-- PROGRAM -------------------------------------------------------------------
  e      Exit
------------------------------------------------------------------------------
  During control: e = stop | m = startup menu | g = guidance
------------------------------------------------------------------------------
Selection [s/h/t/g/i/o/c/r/f/b/e]: 
-- SELECTED MODE: PHASE SEQUENCE ---------------------------------------------

-- moving to q_init ----------------------------------------------------------
  case               saved_qinit
  q1..q7 [deg]     = [0.8, 12.1, -0.5, -130.9, -0.2, 142.9, 44.7] deg
  saved_qinit = [0.014777, 0.210911, -0.009320, -2.284835, -0.002725, 2.493410, 0.780694] rad
  q_init reached.

-- start pose ----------------------------------------------------------------
  q_start          = [0.9, 12.1, -0.5, -130.9, -0.1, 142.9, 44.7] deg
  p_start          = [    531.4,       2.5,     156.8] mm

==============================================================================
  RUN
==============================================================================

-- phase: approach_orient ----------------------------------------------------
  Kp [t1,t2,n]     = [    150.0,     150.0,     150.0] N/m
  Dp [t1,t2,n]     = [    133.7,      94.2,     128.3] Ns/m     auto (factor 1.90)
  KR [t1,t2,n]     = [    180.0,     180.0,      90.0] Nm/rad
  DR [t1,t2,n]     = [     15.3,      25.0,       2.0] Nms/rad  auto (factor 1.90)
orient:     t=  0.0 s | axis_err=  8.5 deg | spin_err=  0.5 deg
orient:     t=  0.2 s | axis_err=  7.2 deg | spin_err=  0.2 deg
orient:     t=  0.4 s | axis_err=  3.2 deg | spin_err=  0.2 deg
orient:     t=  0.6 s | axis_err=  1.0 deg | spin_err=  0.3 deg
orient:     t=  0.8 s | axis_err=  0.8 deg | spin_err=  0.2 deg

Orientation reached: axis_err=0.8 deg | spin_err=0.2 deg

-- phase: approach_descend ---------------------------------------------------
  Kp [t1,t2,n]     = [    150.0,     150.0,     150.0] N/m
  Dp [t1,t2,n]     = [    133.7,      94.2,     128.3] Ns/m     auto (factor 1.90)
  KR [t1,t2,n]     = [    180.0,     180.0,      90.0] Nm/rad
  DR [t1,t2,n]     = [     15.3,      25.0,       2.0] Nms/rad  auto (factor 1.90)
  descend to         20 mm clearance at 0.100 m/s
descend:    t=  0.0 s | distance=   0.1 mm | height=+121.6 mm (target 20.0) | force= -0.0 N
descend:    t=  0.2 s | distance=  20.2 mm | height=+110.6 mm (target 20.0) | force=  1.5 N
descend:    t=  0.4 s | distance=  40.3 mm | height= +95.4 mm (target 20.0) | force=  2.3 N
descend:    t=  0.6 s | distance=  60.4 mm | height= +79.1 mm (target 20.0) | force=  2.3 N
descend:    t=  0.8 s | distance=  80.5 mm | height= +62.3 mm (target 20.0) | force=  3.2 N
descend:    t=  1.0 s | distance= 100.6 mm | height= +45.6 mm (target 20.0) | force=  3.9 N
descend:    t=  1.2 s | distance= 120.7 mm | height= +28.4 mm (target 20.0) | force=  3.4 N

Clearance reached: distance=130.8 mm | height=19.9 mm | target=20.0 mm | force=1.8 N
  offset_ee        = [     20.0,      60.0,      20.0] mm
  p_EE_at_contact  = [    516.7,       1.3,      49.8] mm
  contact_point    = [    535.1,     -56.1,       1.4] mm
  edge_offset      = [     18.4,     -57.4,     -48.4] mm

-- phase: setup --------------------------------------------------------------

-- setup impedance -----------------------------------------------------------
  law                wrench = K_TCP*dx + D_TCP*dv
                     K_TCP  = Ad(r_c)^T * blkdiag(Kp,KR) * Ad(r_c)
  Kp [t1,t2,n]     = [   2000.0,     300.0,     350.0] N/m
  Dp [t1,t2,n]     = [    231.2,      69.0,     112.1] Ns/m     auto
  KR [t1,t2,n]     = [     50.0,       5.0,      50.0] Nm/rad
  DR [t1,t2,n]     = [      4.7,       1.9,       1.2] Nms/rad  auto
  p_c [EE]         = [      0.0,       0.0,       0.0] mm       resolved in the tool frame
  r_c [t1,t2,n]    = [      0.0,       0.0,       0.0] mm       commanded: p_TCP - p_c, in the plane
setup:     t=  0.0 s | ee=  0.0 deg | F=  0.1 N | M=  0.0 Nm (limit 150.0) | contact= 19.8 mm
setup:     t=  0.2 s | ee=  0.9 deg | F=  1.8 N | M=  0.5 Nm (limit 150.0) | contact=  7.1 mm
setup:     t=  0.4 s | ee=  1.5 deg | F= 20.5 N | M=  1.0 Nm (limit 150.0) | contact=  3.1 mm
setup:     t=  0.6 s | ee=  1.5 deg | F= 15.9 N | M=  0.7 Nm (limit 150.0) | contact=  3.2 mm
setup:     t=  0.8 s | ee=  1.5 deg | F= 21.7 N | M=  0.8 Nm (limit 150.0) | contact=  3.3 mm
setup:     t=  1.0 s | ee=  1.6 deg | F= 27.2 N | M=  0.8 Nm (limit 150.0) | contact=  3.5 mm
setup:     t=  1.2 s | ee=  1.6 deg | F= 33.2 N | M=  0.9 Nm (limit 150.0) | contact=  3.6 mm
setup:     t=  1.4 s | ee=  1.6 deg | F= 38.6 N | M=  1.0 Nm (limit 150.0) | contact=  3.8 mm
setup:     t=  1.6 s | ee=  1.6 deg | F= 44.0 N | M=  1.1 Nm (limit 150.0) | contact=  3.9 mm
setup:     t=  1.8 s | ee=  1.6 deg | F= 49.7 N | M=  1.3 Nm (limit 150.0) | contact=  4.1 mm
setup:     t=  2.0 s | ee=  1.7 deg | F= 55.8 N | M=  1.4 Nm (limit 150.0) | contact=  4.3 mm
setup:     t=  2.2 s | ee=  1.7 deg | F= 61.3 N | M=  1.6 Nm (limit 150.0) | contact=  4.4 mm
setup:     t=  2.4 s | ee=  1.8 deg | F= 66.4 N | M=  1.7 Nm (limit 150.0) | contact=  4.6 mm
setup:     t=  2.6 s | ee=  1.9 deg | F= 71.9 N | M=  1.9 Nm (limit 150.0) | contact=  4.8 mm
setup:     t=  2.8 s | ee=  2.1 deg | F= 77.6 N | M=  2.1 Nm (limit 150.0) | contact=  4.9 mm
setup:     t=  3.0 s | ee=  2.3 deg | F= 82.7 N | M=  2.4 Nm (limit 150.0) | contact=  5.0 mm
setup:     t=  3.2 s | ee=  2.5 deg | F= 88.1 N | M=  2.7 Nm (limit 150.0) | contact=  5.1 mm
setup:     t=  3.4 s | ee=  2.5 deg | F= 82.3 N | M=  2.5 Nm (limit 150.0) | contact=  5.0 mm
setup:     t=  3.6 s | ee=  2.6 deg | F= 81.9 N | M=  2.4 Nm (limit 150.0) | contact=  5.0 mm
setup:     t=  3.8 s | ee=  3.1 deg | F= 80.5 N | M=  2.1 Nm (limit 150.0) | contact=  5.0 mm
setup:     t=  4.0 s | ee=  3.2 deg | F= 80.6 N | M=  2.0 Nm (limit 150.0) | contact=  5.0 mm
setup:     t=  4.2 s | ee=  3.3 deg | F= 80.7 N | M=  2.1 Nm (limit 150.0) | contact=  5.0 mm
setup:     t=  4.4 s | ee=  3.3 deg | F= 80.6 N | M=  2.0 Nm (limit 150.0) | contact=  5.0 mm
setup:     t=  4.6 s | ee=  3.3 deg | F= 80.7 N | M=  2.0 Nm (limit 150.0) | contact=  5.0 mm
setup:     t=  4.8 s | ee=  3.3 deg | F= 80.6 N | M=  2.0 Nm (limit 150.0) | contact=  5.1 mm

==============================================================================
  SETUP RESULT
==============================================================================
  stop: time | t=5.0 s | ee=3.3 deg | F=80.6 N | M_TCP=2.0 Nm
  contact_from_start = [-2.9, +0.7, -4.0] mm | norm=5.1 mm
  tcp_from_contact  = [-20.6, +59.0, +22.2] mm | norm=66.3 mm
  deviation: before=9.31 deg | after=6.91 deg | gain=+2.40 deg
  t_align: not reached | tolerance=2.00 deg | hold=0.30 s
  t_align_fraction: not reached | fraction=0.50 of the deviation at contact
  deviation_min: 6.91 deg at t=5.00 s
  align_status: not_aligned
  deviation components [t1,t2,n] deg: before=[-9.30,-0.50,+0.00] | after=[-6.55,-2.20,+0.00]

-- setup surface-frame breakdown ---------------------------------------------
  frame              alignment-target [tangent1, tangent2, normal]
  force        [N]      = [    +2.13,     -1.11,    -80.51]
  tcp_disp     [mm]     = [    -1.76,     +2.30,    -26.17]
  contact_disp [mm]     = [    -2.86,     +0.84,     -4.08]
  Kp_eff=F/tcp [N/m]    = [  -1212.9,    -483.3,    3076.2]
  M_contact    [Nm]     = [    -2.78,     -0.62,     +0.23]
  ee_angle     [deg]    = [    +2.76,     -1.75,     +0.23]
  KR_eff=M/ang [Nm/rad] = [    -57.8,      20.2,      58.6]
  frame              tool face [length, width, tool axis]
  M_contact    [Nm]     = [    +0.61,     +2.79,     -0.19]

-- center of compliance ------------------------------------------------------
  definition         r_c = p_TCP - p_c
  p_TCP [x,y,z]    = [    514.5,       2.9,      23.6] mm
  p_c [EE]         = [     -0.0,       0.0,      -0.0] mm
  r_c [t1,t2,n]    = [      0.0,       0.0,       0.0] mm
                     p_c resolved at end of setup

-- effective TCP impedance ---------------------------------------------------
  K_TCP translation = [   1999.5,     300.0,     350.5] N/m
  K_TCP rotation   = [     50.0,       5.0,      50.0] Nm/rad
  commanded KR was = [     50.0,       5.0,      50.0] Nm/rad   including lever contribution
  D_TCP translation = [    231.1,      69.0,     112.1] Ns/m
  D_TCP rotation   = [      4.7,       1.9,       1.2] Nms/rad
  coupling           max |moment per unit translation| = 0.0 Nm/m (K), 0.0 Nms/m (D)
  eigenvalues        K_TCP 5.00 .. 2000 | D_TCP 1.20 .. 231  (both positive: valid springs)

  K_TCP [N/m, Nm/rad | rows fx..mz, cols tx..rz]:
           tx        ty        tz    |    rx        ry        rz
  fx [    2000  -0.7871   -28.44 |        0        0        0 ]
  fy [ -0.7871      300    1.396 |        0        0        0 ]
  fz [  -28.44    1.396    350.5 |        0        0        0 ]
     ---------------------------+---------------------------
  mx [       0        0        0 |       50 -3.469e-18 -2.22e-16 ]
  my [       0        0        0 | -6.939e-18    5.034    1.245 ]
  mz [       0        0        0 | -2.22e-16    1.245    49.97 ]

  D_TCP [Ns/m, Nms/rad]:
           tx        ty        tz    |    rx        ry        rz
  fx [   231.1 -0.05681   -2.053 |        0        0        0 ]
  fy [-0.05681    68.99    1.194 |        0        0        0 ]
  fz [  -2.053    1.194    112.1 |        0        0        0 ]
     ---------------------------+---------------------------
  mx [       0        0        0 |     4.71 -0.001673 -0.06046 ]
  my [       0        0        0 | -0.001673    1.897 -0.01916 ]
  mz [       0        0        0 | -0.06046 -0.01916    1.205 ]

[GATE] Set up finished (still pressing). Press Enter to start the grind (e+Enter stops).

Stop requested with e + Enter. Finishing control loop...

-- joint motion [deg] --------------------------------------------------------
  joint       start    final    delta
  q1            0.9      4.9     +4.0
  q2           12.1     29.6    +17.5
  q3           -0.5     -4.3     -3.8
  q4         -130.9   -128.8     +2.1
  q5           -0.1     15.0    +15.2
  q6          142.9    152.8    +10.0
  q7           44.7     32.7    -12.1

==============================================================================
  FINAL RESULT
==============================================================================
  p_d              = [    512.2,      -5.8,    -210.0] mm
  p_EE             = [    514.4,       2.9,      23.6] mm
  e_p              = [     -2.3,      -8.8,    -233.6] mm
  e_R              = [     2.76,     -1.74,      0.23] deg
------------------------------------------------------------------------------
  position error     233.78 mm
  rotation error     3.27 deg
  csv                logs/surface_grinding_controller_log.csv
------------------------------------------------------------------------------
