
==============================================================================
  SURFACE GRINDING CONTROLLER
==============================================================================
  robot              172.16.0.2
  parameters         /home/hm-panda/Desktop/Thesis_Final_Control/surface_grinding_controller/params
------------------------------------------------------------------------------

==============================================================================
  SURFACE GRINDING CONTROLLER - STARTUP MENU
==============================================================================

-- RUN MODES -----------------------------------------------------------------
  s      Run orientation, approach, setup, and grinding
  h      Cartesian pose hold at the initial posture
  t      Cartesian pose hold with the setup impedance
  g      Start manual guidance from the current robot pose

-- ROBOT PREPARATION ---------------------------------------------------------
  i      Move to the configured initial joint posture

-- GRIPPER AND TOOL ----------------------------------------------------------
  o      Open the gripper
  c      Grasp the tool
  r      Recalibrate the gripper with empty fingers
  f      Pick up the tool from the holder
  b      Return the tool to the holder

-- PROGRAM -------------------------------------------------------------------
  e      Exit
------------------------------------------------------------------------------
  During control: e = stop | m = startup menu | g = guidance
------------------------------------------------------------------------------
Selection [s/h/t/g/i/o/c/r/f/b/e]: 
-- SELECTED MODE: PHASE SEQUENCE ---------------------------------------------

-- moving to q_init ----------------------------------------------------------
  case               saved_qinit
  q1..q7 [deg]     = [0.8, 12.1, -0.5, -130.9, -0.2, 142.9, 44.7] deg
  saved_qinit = [0.014777, 0.210911, -0.009320, -2.284835, -0.002725, 2.493410, 0.780694] rad
  q_init reached.

-- start pose ----------------------------------------------------------------
  q_start          = [0.8, 12.1, -0.5, -130.9, -0.2, 142.9, 44.7] deg
  p_start          = [    531.3,       2.4,     156.9] mm

==============================================================================
  RUN
==============================================================================

-- phase: approach_orient ----------------------------------------------------
  Kp [t1,t2,n]     = [    150.0,     150.0,     150.0] N/m
  Dp [t1,t2,n]     = [    133.7,      94.2,     128.3] Ns/m     auto (factor 1.90)
  KR [t1,t2,n]     = [     90.0,      90.0,      90.0] Nm/rad
  DR [t1,t2,n]     = [     10.8,      17.7,       2.0] Nms/rad  auto (factor 1.90)
orient:     t=  0.0 s | axis_err=  1.6 deg | spin_err=  0.7 deg
orient:     t=  0.2 s | axis_err=  1.4 deg | spin_err=  0.0 deg
orient:     t=  0.4 s | axis_err=  1.3 deg | spin_err=  0.0 deg

Orientation reached: axis_err=1.2 deg | spin_err=0.0 deg

-- phase: approach_descend ---------------------------------------------------
  Kp [t1,t2,n]     = [    150.0,     150.0,     150.0] N/m
  Dp [t1,t2,n]     = [    133.7,      94.2,     128.3] Ns/m     auto (factor 1.90)
  KR [t1,t2,n]     = [     90.0,      90.0,      90.0] Nm/rad
  DR [t1,t2,n]     = [     10.8,      17.7,       2.0] Nms/rad  auto (factor 1.90)
  descend to         20 mm clearance at 0.100 m/s
descend:    t=  0.0 s | distance=   0.1 mm | height=+132.7 mm (target 20.0) | force=  0.0 N
descend:    t=  0.2 s | distance=  20.1 mm | height=+121.1 mm (target 20.0) | force=  0.8 N
descend:    t=  0.4 s | distance=  40.1 mm | height=+104.5 mm (target 20.0) | force=  1.7 N
descend:    t=  0.6 s | distance=  60.2 mm | height= +86.7 mm (target 20.0) | force=  0.5 N
descend:    t=  0.8 s | distance=  80.3 mm | height= +68.7 mm (target 20.0) | force=  1.9 N
descend:    t=  1.0 s | distance= 100.4 mm | height= +50.6 mm (target 20.0) | force=  1.0 N
descend:    t=  1.2 s | distance= 120.5 mm | height= +32.6 mm (target 20.0) | force=  2.4 N

Clearance reached: distance=134.7 mm | height=20.0 mm | target=20.0 mm | force=3.0 N
  offset_ee        = [     20.0,      60.0,      20.0] mm
  p_EE_at_contact  = [    520.4,       0.0,      41.3] mm
  contact_point    = [    539.5,     -60.8,       1.4] mm
  edge_offset      = [     19.1,     -60.8,     -39.9] mm

-- phase: setup --------------------------------------------------------------

-- setup impedance -----------------------------------------------------------
  law                wrench = K_TCP*dx + D_TCP*dv
                     K_TCP  = Ad(r_c)^T * blkdiag(Kp,KR) * Ad(r_c)
  Kp [t1,t2,n]     = [   2000.0,    2000.0,     350.0] N/m
  Dp [t1,t2,n]     = [    231.7,     169.8,     113.1] Ns/m     auto
  KR [t1,t2,n]     = [      5.0,       5.0,      50.0] Nm/rad
  DR [t1,t2,n]     = [      1.3,       2.0,       0.8] Nms/rad  auto
  p_c [EE]         = [     -0.0,     -60.0,      -0.0] mm       commanded in the tool frame
  r_c [t1,t2,n]    = [     -0.1,     -60.0,      -1.0] mm       p_TCP - p_c, in the plane
setup:     t=  0.0 s | tip=  0.0 deg | F=  0.1 N | M=  0.1 Nm (limit 150.0) | contact= 19.9 mm
setup:     t=  0.2 s | tip=  0.9 deg | F=  0.8 N | M=  0.4 Nm (limit 150.0) | contact=  7.3 mm
setup:     t=  0.4 s | tip=  1.3 deg | F= 13.9 N | M=  7.7 Nm (limit 150.0) | contact=  2.7 mm
setup:     t=  0.6 s | tip=  1.4 deg | F= 14.1 N | M=  7.7 Nm (limit 150.0) | contact=  2.8 mm
setup:     t=  0.8 s | tip=  1.4 deg | F= 19.7 N | M= 10.6 Nm (limit 150.0) | contact=  2.9 mm
setup:     t=  1.0 s | tip=  1.4 deg | F= 25.4 N | M= 13.6 Nm (limit 150.0) | contact=  3.0 mm
setup:     t=  1.2 s | tip=  1.4 deg | F= 31.1 N | M= 16.5 Nm (limit 150.0) | contact=  3.1 mm
setup:     t=  1.4 s | tip=  1.4 deg | F= 36.6 N | M= 19.3 Nm (limit 150.0) | contact=  3.2 mm
setup:     t=  1.6 s | tip=  1.4 deg | F= 42.2 N | M= 22.3 Nm (limit 150.0) | contact=  3.4 mm
setup:     t=  1.8 s | tip=  1.4 deg | F= 47.8 N | M= 25.2 Nm (limit 150.0) | contact=  3.5 mm
setup:     t=  2.0 s | tip=  1.4 deg | F= 53.5 N | M= 28.1 Nm (limit 150.0) | contact=  3.7 mm
setup:     t=  2.2 s | tip=  1.5 deg | F= 59.4 N | M= 31.2 Nm (limit 150.0) | contact=  3.8 mm
setup:     t=  2.4 s | tip=  1.5 deg | F= 64.9 N | M= 34.0 Nm (limit 150.0) | contact=  4.0 mm
setup:     t=  2.6 s | tip=  1.5 deg | F= 70.5 N | M= 37.0 Nm (limit 150.0) | contact=  4.1 mm
setup:     t=  2.8 s | tip=  1.5 deg | F= 76.0 N | M= 39.8 Nm (limit 150.0) | contact=  4.2 mm
setup:     t=  3.0 s | tip=  1.5 deg | F= 81.4 N | M= 42.6 Nm (limit 150.0) | contact=  4.4 mm
setup:     t=  3.2 s | tip=  1.5 deg | F= 86.4 N | M= 45.2 Nm (limit 150.0) | contact=  4.5 mm
setup:     t=  3.4 s | tip=  1.5 deg | F= 81.8 N | M= 43.0 Nm (limit 150.0) | contact=  4.4 mm
setup:     t=  3.6 s | tip=  1.5 deg | F= 81.6 N | M= 42.9 Nm (limit 150.0) | contact=  4.4 mm
setup:     t=  3.8 s | tip=  1.5 deg | F= 81.6 N | M= 42.9 Nm (limit 150.0) | contact=  4.4 mm
setup:     t=  4.0 s | tip=  1.5 deg | F= 81.6 N | M= 42.9 Nm (limit 150.0) | contact=  4.4 mm
setup:     t=  4.2 s | tip=  1.5 deg | F= 81.5 N | M= 42.8 Nm (limit 150.0) | contact=  4.4 mm
setup:     t=  4.4 s | tip=  1.5 deg | F= 81.5 N | M= 42.8 Nm (limit 150.0) | contact=  4.4 mm
setup:     t=  4.6 s | tip=  1.5 deg | F= 81.2 N | M= 42.7 Nm (limit 150.0) | contact=  4.4 mm
setup:     t=  4.8 s | tip=  1.5 deg | F= 81.4 N | M= 42.8 Nm (limit 150.0) | contact=  4.4 mm

==============================================================================
  SETUP RESULT
==============================================================================
  stop: time | t=5.0 s | tip=1.5 deg | F=81.4 N | M=42.8 Nm
  contact_from_start = [-3.2, -0.3, -3.0] mm | norm=4.4 mm
  tcp_from_contact  = [-21.7, +60.1, +17.3] mm | norm=66.2 mm
  alignment: before=1.11 deg | after=2.18 deg | gain=-1.08 deg
  alignment components [t1,t2,n] deg: before=[-0.98,-0.51,+0.00] | after=[-0.95,-1.97,+0.00]

-- setup surface-frame breakdown ---------------------------------------------
  frame              alignment-target [tangent1, tangent2, normal]
  force        [N]      = [    +2.60,     +0.50,    -81.36]
  tcp_disp     [mm]     = [    -2.21,     -0.05,    -22.61]
  contact_disp [mm]     = [    -3.13,     -0.19,     -3.08]
  Kp_eff=F/tcp [N/m]    = [  -1174.4,   -9722.9,    3598.7]
  M_contact    [Nm]     = [    -8.76,    +41.12,     +0.04]
  tip_angle    [deg]    = [    +0.04,     -1.46,     +0.36]
  KR_eff=M/ang [Nm/rad] = [ -13019.5,   -1613.5,       6.8]
  frame              tool face [length, width, tool axis]
  M_contact    [Nm]     = [   -41.04,     +9.04,     +0.94]

-- center of compliance ------------------------------------------------------
  definition         r_c = p_TCP - p_c
  p_TCP [x,y,z]    = [    517.8,      -0.6,      18.7] mm
  p_c [EE]         = [     -0.0,     -60.0,       0.0] mm
  r_c [t1,t2,n]    = [     -0.5,     -60.0,      -1.0] mm
                     p_c resolved at end of setup

-- effective TCP impedance ---------------------------------------------------
  K_TCP translation = [   1999.5,    1998.7,     351.8] N/m
  K_TCP rotation   = [      6.3,       5.0,      57.1] Nm/rad
  commanded KR was = [      5.0,       5.0,      50.0] Nm/rad   including lever contribution
  D_TCP translation = [    231.7,     169.8,     113.2] Ns/m
  D_TCP rotation   = [      1.7,       2.0,       1.6] Nms/rad
  coupling           max |moment per unit translation| = 120.0 Nm/m (K), 13.9 Nms/m (D)
  eigenvalues        K_TCP 4.98 .. 2007 | D_TCP 0.78 .. 233  (both positive: valid springs)

  K_TCP [N/m, Nm/rad | rows fx..mz, cols tx..rz]:
           tx        ty        tz    |    rx        ry        rz
  fx [    2000  -0.7871   -28.44 |   -1.707   -1.363     -120 ]
  fy [ -0.7871     1999   -45.62 |   -1.361  0.02212   0.9928 ]
  fz [  -28.44   -45.62    351.8 |    21.07  -0.1468    1.685 ]
     ---------------------------+---------------------------
  mx [  -1.707   -1.361    21.07 |    6.277  0.01267   0.8773 ]
  my [  -1.363  0.02212  -0.1468 |  0.01267    5.035    1.326 ]
  mz [    -120   0.9928    1.685 |   0.8773    1.326    57.15 ]

  D_TCP [Ns/m, Nms/rad]:
           tx        ty        tz    |    rx        ry        rz
  fx [   231.7 -0.05659   -2.045 |  -0.1227  -0.1586    -13.9 ]
  fy [-0.05659    169.8   -1.567 |  0.02285 0.0007804   0.0837 ]
  fz [  -2.045   -1.567    113.2 |    6.789 -0.05213   0.1219 ]
     ---------------------------+---------------------------
  mx [ -0.1227  0.02285    6.789 |    1.734 -0.003385 -0.001962 ]
  my [ -0.1586 0.0007804 -0.05213 | -0.003385    1.992 -0.02388 ]
  mz [   -13.9   0.0837   0.1219 | -0.001962 -0.02388    1.621 ]

[GATE] Set up finished (still pressing). Press Enter to start the grind (e+Enter stops).

Stop requested with e + Enter. Finishing control loop...

-- joint motion [deg] --------------------------------------------------------
  joint       start    final    delta
  q1            0.8      0.5     -0.3
  q2           12.1     30.2    +18.0
  q3           -0.5     -0.5     +0.0
  q4         -130.9   -129.5     +1.4
  q5           -0.2     -1.0     -0.8
  q6          142.9    156.7    +13.8
  q7           44.7     46.4     +1.7

==============================================================================
  FINAL RESULT
==============================================================================
  p_d              = [    515.9,      -7.2,    -218.6] mm
  p_EE             = [    517.8,      -0.6,      18.7] mm
  e_p              = [     -1.9,      -6.5,    -237.3] mm
  e_R              = [     0.04,     -1.45,      0.40] deg
------------------------------------------------------------------------------
  position error     237.39 mm
  rotation error     1.50 deg
  csv                logs/surface_grinding_controller_log.csv
------------------------------------------------------------------------------
