
==============================================================================
  SURFACE GRINDING CONTROLLER
==============================================================================
  robot              172.16.0.2
  parameters         /home/hm-panda/Desktop/Thesis_Final_Control/surface_grinding_controller/params
------------------------------------------------------------------------------

==============================================================================
  SURFACE GRINDING CONTROLLER - STARTUP MENU
==============================================================================

-- RUN MODES -----------------------------------------------------------------
  s      Run orientation, approach, setup, and grinding
  h      Cartesian pose hold at the initial posture
  t      Cartesian pose hold with the setup impedance
  g      Start manual guidance from the current robot pose

-- ROBOT PREPARATION ---------------------------------------------------------
  i      Move to the configured initial joint posture

-- GRIPPER AND TOOL ----------------------------------------------------------
  o      Open the gripper
  c      Grasp the tool
  r      Recalibrate the gripper with empty fingers
  f      Pick up the tool from the holder
  b      Return the tool to the holder

-- PROGRAM -------------------------------------------------------------------
  e      Exit
------------------------------------------------------------------------------
  During control: e = stop | m = startup menu | g = guidance
------------------------------------------------------------------------------
Selection [s/h/t/g/i/o/c/r/f/b/e]: 
-- SELECTED MODE: PHASE SEQUENCE ---------------------------------------------

-- moving to q_init ----------------------------------------------------------
  case               saved_qinit
  q1..q7 [deg]     = [0.8, 12.1, -0.5, -130.9, -0.2, 142.9, 44.7] deg
  saved_qinit = [0.014777, 0.210911, -0.009320, -2.284835, -0.002725, 2.493410, 0.780694] rad
  q_init reached.

-- start pose ----------------------------------------------------------------
  q_start          = [0.9, 12.1, -0.5, -130.9, -0.1, 142.9, 44.7] deg
  p_start          = [    531.4,       2.5,     156.9] mm

==============================================================================
  RUN
==============================================================================

-- phase: approach_orient ----------------------------------------------------
  Kp [t1,t2,n]     = [    150.0,     150.0,     150.0] N/m
  Dp [t1,t2,n]     = [    133.7,      94.2,     128.3] Ns/m     auto (factor 1.90)
  KR [t1,t2,n]     = [    180.0,     180.0,      90.0] Nm/rad
  DR [t1,t2,n]     = [     15.3,      25.0,       2.0] Nms/rad  auto (factor 1.90)
orient:     t=  0.0 s | axis_err=  8.5 deg | spin_err=  0.5 deg
orient:     t=  0.2 s | axis_err=  7.3 deg | spin_err=  0.3 deg
orient:     t=  0.4 s | axis_err=  3.3 deg | spin_err=  0.2 deg
orient:     t=  0.6 s | axis_err=  1.1 deg | spin_err=  0.3 deg
orient:     t=  0.8 s | axis_err=  0.9 deg | spin_err=  0.3 deg

Orientation reached: axis_err=0.8 deg | spin_err=0.3 deg

-- phase: approach_descend ---------------------------------------------------
  Kp [t1,t2,n]     = [    150.0,     150.0,     150.0] N/m
  Dp [t1,t2,n]     = [    133.7,      94.2,     128.3] Ns/m     auto (factor 1.90)
  KR [t1,t2,n]     = [    180.0,     180.0,      90.0] Nm/rad
  DR [t1,t2,n]     = [     15.3,      25.0,       2.0] Nms/rad  auto (factor 1.90)
  descend to         20 mm clearance at 0.100 m/s
descend:    t=  0.0 s | distance=   0.1 mm | height=+121.4 mm (target 20.0) | force=  0.0 N
descend:    t=  0.2 s | distance=  20.2 mm | height=+110.6 mm (target 20.0) | force=  2.2 N
descend:    t=  0.4 s | distance=  40.3 mm | height= +95.7 mm (target 20.0) | force=  2.8 N
descend:    t=  0.6 s | distance=  60.4 mm | height= +79.6 mm (target 20.0) | force=  3.1 N
descend:    t=  0.8 s | distance=  80.5 mm | height= +62.4 mm (target 20.0) | force=  2.8 N
descend:    t=  1.0 s | distance= 100.6 mm | height= +45.4 mm (target 20.0) | force=  2.9 N
descend:    t=  1.2 s | distance= 120.7 mm | height= +28.2 mm (target 20.0) | force=  3.1 N

Clearance reached: distance=130.5 mm | height=20.0 mm | target=20.0 mm | force=2.3 N
  offset_ee        = [     20.0,      60.0,      20.0] mm
  p_EE_at_contact  = [    516.5,       1.8,      49.8] mm
  contact_point    = [    534.9,     -55.7,       1.3] mm
  edge_offset      = [     18.4,     -57.5,     -48.4] mm

-- phase: setup --------------------------------------------------------------

-- setup impedance -----------------------------------------------------------
  law                wrench = K_TCP*dx + D_TCP*dv
                     K_TCP  = Ad(r_c)^T * blkdiag(Kp,KR) * Ad(r_c)
  Kp [t1,t2,n]     = [   2000.0,    2000.0,     350.0] N/m
  Dp [t1,t2,n]     = [    231.1,     178.0,     112.1] Ns/m     auto
  KR [t1,t2,n]     = [      5.0,       5.0,      50.0] Nm/rad
  DR [t1,t2,n]     = [      1.5,       1.9,       1.2] Nms/rad  auto
  p_c [EE]         = [     -0.0,       0.0,      90.0] mm       commanded in the tool frame
  r_c [t1,t2,n]    = [      3.0,     -13.9,      88.9] mm       p_TCP - p_c, in the plane
setup:     t=  0.0 s | ee=  0.0 deg | F=  0.1 N | M=  0.1 Nm (limit 150.0) | contact= 19.9 mm
setup:     t=  0.2 s | ee=  0.5 deg | F=  0.8 N | M=  0.7 Nm (limit 150.0) | contact=  7.6 mm
setup:     t=  0.4 s | ee=  1.1 deg | F= 15.0 N | M=  7.9 Nm (limit 150.0) | contact=  2.5 mm
setup:     t=  0.6 s | ee=  1.1 deg | F= 15.1 N | M=  8.3 Nm (limit 150.0) | contact=  2.5 mm
setup:     t=  0.8 s | ee=  1.1 deg | F= 20.8 N | M= 11.2 Nm (limit 150.0) | contact=  2.7 mm
setup:     t=  1.0 s | ee=  1.1 deg | F= 26.7 N | M= 14.2 Nm (limit 150.0) | contact=  2.8 mm
setup:     t=  1.2 s | ee=  1.1 deg | F= 32.4 N | M= 17.1 Nm (limit 150.0) | contact=  3.0 mm
setup:     t=  1.4 s | ee=  1.2 deg | F= 38.2 N | M= 20.0 Nm (limit 150.0) | contact=  3.2 mm
setup:     t=  1.6 s | ee=  1.2 deg | F= 43.6 N | M= 22.8 Nm (limit 150.0) | contact=  3.3 mm
setup:     t=  1.8 s | ee=  1.3 deg | F= 49.1 N | M= 25.6 Nm (limit 150.0) | contact=  3.5 mm
setup:     t=  2.0 s | ee=  1.5 deg | F= 53.5 N | M= 27.9 Nm (limit 150.0) | contact=  3.7 mm
setup:     t=  2.2 s | ee=  1.9 deg | F= 60.6 N | M= 31.6 Nm (limit 150.0) | contact=  3.8 mm
setup:     t=  2.4 s | ee=  2.5 deg | F= 64.8 N | M= 33.6 Nm (limit 150.0) | contact=  3.7 mm
setup:     t=  2.6 s | ee=  4.0 deg | F= 71.1 N | M= 37.1 Nm (limit 150.0) | contact=  3.9 mm
setup:     t=  2.8 s | ee=  6.2 deg | F= 74.8 N | M= 39.6 Nm (limit 150.0) | contact=  4.8 mm
setup:     t=  3.0 s | ee=  7.6 deg | F= 82.6 N | M= 43.4 Nm (limit 150.0) | contact=  5.2 mm
setup:     t=  3.2 s | ee=  7.5 deg | F= 85.7 N | M= 44.9 Nm (limit 150.0) | contact=  5.7 mm
setup:     t=  3.4 s | ee=  7.5 deg | F= 80.6 N | M= 42.3 Nm (limit 150.0) | contact=  5.6 mm
setup:     t=  3.6 s | ee=  7.5 deg | F= 80.4 N | M= 42.2 Nm (limit 150.0) | contact=  5.6 mm
setup:     t=  3.8 s | ee=  7.5 deg | F= 80.3 N | M= 42.2 Nm (limit 150.0) | contact=  5.6 mm
setup:     t=  4.0 s | ee=  7.5 deg | F= 80.3 N | M= 42.1 Nm (limit 150.0) | contact=  5.6 mm
setup:     t=  4.2 s | ee=  7.5 deg | F= 80.3 N | M= 42.1 Nm (limit 150.0) | contact=  5.6 mm
setup:     t=  4.4 s | ee=  7.5 deg | F= 80.1 N | M= 42.1 Nm (limit 150.0) | contact=  5.6 mm
setup:     t=  4.6 s | ee=  7.5 deg | F= 80.2 N | M= 42.1 Nm (limit 150.0) | contact=  5.6 mm
setup:     t=  4.8 s | ee=  7.5 deg | F= 80.2 N | M= 42.1 Nm (limit 150.0) | contact=  5.6 mm

==============================================================================
  SETUP RESULT
==============================================================================
  stop: time | t=5.0 s | ee=7.5 deg | F=80.2 N | M=42.1 Nm
  contact_from_start = [+0.4, +4.3, -3.6] mm | norm=5.6 mm
  tcp_from_contact  = [-18.0, +64.4, +17.2] mm | norm=69.1 mm
  deviation: before=9.30 deg | after=1.88 deg | gain=+7.42 deg
  deviation components [t1,t2,n] deg: before=[-9.29,-0.43,+0.00] | after=[-1.79,-0.58,+0.00]

-- setup surface-frame breakdown ---------------------------------------------
  frame              alignment-target [tangent1, tangent2, normal]
  force        [N]      = [    -1.76,     +8.18,    -79.72]
  tcp_disp     [mm]     = [    +0.90,     +7.86,    -31.02]
  contact_disp [mm]     = [    +0.51,     +4.35,     -3.51]
  Kp_eff=F/tcp [N/m]    = [  -1945.8,    1041.1,    2570.4]
  M_contact    [Nm]     = [    -5.33,    +40.29,     +4.42]
  tip_angle    [deg]    = [    +7.50,     -0.19,     +0.31]
  KR_eff=M/ang [Nm/rad] = [    -40.7,  -12418.3,     824.0]
  frame              tool face [length, width, tool axis]
  M_contact    [Nm]     = [   -40.37,     +5.63,     -3.11]

-- center of compliance ------------------------------------------------------
  definition         r_c = p_TCP - p_c
  p_TCP [x,y,z]    = [    516.8,       8.7,      18.6] mm
  p_c [EE]         = [     -0.0,      -0.0,      90.0] mm
  r_c [t1,t2,n]    = [      3.3,      -2.2,      89.9] mm
                     p_c resolved at end of setup

-- effective TCP impedance ---------------------------------------------------
  K_TCP translation = [   1999.5,    1998.7,     351.8] N/m
  K_TCP rotation   = [     21.2,      21.2,      50.0] Nm/rad
  commanded KR was = [      5.0,       5.0,      50.0] Nm/rad   including lever contribution
  D_TCP translation = [    231.1,     178.0,     112.2] Ns/m
  D_TCP rotation   = [      2.9,       3.8,       1.2] Nms/rad
  coupling           max |moment per unit translation| = 179.8 Nm/m (K), 20.8 Nms/m (D)
  eigenvalues        K_TCP 4.96 .. 2016 | D_TCP 1.20 .. 233  (both positive: valid springs)

  K_TCP [N/m, Nm/rad | rows fx..mz, cols tx..rz]:
           tx        ty        tz    |    rx        ry        rz
  fx [    2000  -0.7871   -28.44 | -0.06312   -179.8   0.5397 ]
  fy [ -0.7871     1999   -45.62 |    179.6  -0.1503   -9.686 ]
  fz [  -28.44   -45.62    351.8 |   -4.194     4.26   0.2135 ]
     ---------------------------+---------------------------
  mx [-0.06312    179.6   -4.194 |    21.16 0.006815 -0.09493 ]
  my [  -179.8  -0.1503     4.26 | 0.006815    21.22    1.197 ]
  mz [  0.5397   -9.686   0.2135 | -0.09493    1.197       50 ]

  D_TCP [Ns/m, Nms/rad]:
           tx        ty        tz    |    rx        ry        rz
  fx [   231.1 -0.05676   -2.051 | -0.004552   -20.78  0.06221 ]
  fy [-0.05676      178   -1.821 |    15.99 -0.003721  -0.8624 ]
  fz [  -2.051   -1.821    112.2 |  -0.1937   0.7282 0.008273 ]
     ---------------------------+---------------------------
  mx [-0.004552    15.99  -0.1937 |    2.927 -0.0006666 -0.08246 ]
  my [  -20.78 -0.003721   0.7282 | -0.0006666    3.766 -0.02471 ]
  mz [ 0.06221  -0.8624 0.008273 | -0.08246 -0.02471    1.208 ]

[GATE] Set up finished (still pressing). Press Enter to start the grind (e+Enter stops).

Stop requested with e + Enter. Finishing control loop...

-- joint motion [deg] --------------------------------------------------------
  joint       start    final    delta
  q1            0.9      6.0     +5.2
  q2           12.1     30.2    +18.1
  q3           -0.5     -4.4     -3.8
  q4         -130.9   -129.6     +1.3
  q5           -0.1      5.4     +5.5
  q6          142.9    156.5    +13.6
  q7           44.7     42.6     -2.1

==============================================================================
  FINAL RESULT
==============================================================================
  p_d              = [    512.0,      -5.4,    -210.1] mm
  p_EE             = [    516.8,       8.8,      18.6] mm
  e_p              = [     -4.9,     -14.2,    -228.6] mm
  e_R              = [     7.51,     -0.18,      0.18] deg
------------------------------------------------------------------------------
  position error     229.10 mm
  rotation error     7.51 deg
  csv                logs/surface_grinding_controller_log.csv
------------------------------------------------------------------------------
