
==============================================================================
  SURFACE GRINDING CONTROLLER
==============================================================================
  robot              172.16.0.2
  parameters         /home/hm-panda/Desktop/Thesis_Final_Control/surface_grinding_controller/params
------------------------------------------------------------------------------

==============================================================================
  SURFACE GRINDING CONTROLLER - STARTUP MENU
==============================================================================

-- RUN MODES -----------------------------------------------------------------
  s      Run orientation, approach, setup, and grinding
  h      Cartesian pose hold at the initial posture
  t      Cartesian pose hold with the setup impedance
  g      Start manual guidance from the current robot pose

-- ROBOT PREPARATION ---------------------------------------------------------
  i      Move to the configured initial joint posture

-- GRIPPER AND TOOL ----------------------------------------------------------
  o      Open the gripper
  c      Grasp the tool
  r      Recalibrate the gripper with empty fingers
  f      Pick up the tool from the holder
  b      Return the tool to the holder

-- PROGRAM -------------------------------------------------------------------
  e      Exit
------------------------------------------------------------------------------
  During control: e = stop | m = startup menu | g = guidance
------------------------------------------------------------------------------
Selection [s/h/t/g/i/o/c/r/f/b/e]: 
-- SELECTED MODE: PHASE SEQUENCE ---------------------------------------------

-- moving to q_init ----------------------------------------------------------
  case               saved_qinit
  q1..q7 [deg]     = [0.8, 12.1, -0.5, -130.9, -0.2, 142.9, 44.7] deg
  saved_qinit = [0.014777, 0.210911, -0.009320, -2.284835, -0.002725, 2.493410, 0.780694] rad
  q_init reached.

-- start pose ----------------------------------------------------------------
  q_start          = [0.8, 12.1, -0.5, -130.9, -0.1, 142.9, 44.7] deg
  p_start          = [    531.3,       2.4,     156.8] mm

==============================================================================
  RUN
==============================================================================

-- phase: approach_orient ----------------------------------------------------
  Kp [t1,t2,n]     = [    150.0,     150.0,     150.0] N/m
  Dp [t1,t2,n]     = [    133.7,      94.2,     128.3] Ns/m     auto (factor 1.90)
  KR [t1,t2,n]     = [     90.0,      90.0,      90.0] Nm/rad
  DR [t1,t2,n]     = [     10.8,      17.7,       2.0] Nms/rad  auto (factor 1.90)
orient:     t=  0.0 s | axis_err=  8.6 deg | spin_err=  0.6 deg
orient:     t=  0.2 s | axis_err=  7.9 deg | spin_err=  0.1 deg
orient:     t=  0.4 s | axis_err=  4.7 deg | spin_err=  0.2 deg

Orientation reached: axis_err=2.0 deg | spin_err=0.2 deg

-- phase: approach_descend ---------------------------------------------------
  Kp [t1,t2,n]     = [    150.0,     150.0,     150.0] N/m
  Dp [t1,t2,n]     = [    133.7,      94.2,     128.3] Ns/m     auto (factor 1.90)
  KR [t1,t2,n]     = [     90.0,      90.0,      90.0] Nm/rad
  DR [t1,t2,n]     = [     10.8,      17.7,       2.0] Nms/rad  auto (factor 1.90)
  descend to         20 mm clearance at 0.100 m/s
descend:    t=  0.0 s | distance=   0.1 mm | height=+125.9 mm (target 20.0) | force= -0.0 N
descend:    t=  0.2 s | distance=  20.1 mm | height=+114.1 mm (target 20.0) | force=  1.0 N
descend:    t=  0.4 s | distance=  40.1 mm | height= +98.2 mm (target 20.0) | force=  2.6 N
descend:    t=  0.6 s | distance=  60.2 mm | height= +82.2 mm (target 20.0) | force=  3.2 N
descend:    t=  0.8 s | distance=  80.3 mm | height= +65.0 mm (target 20.0) | force=  2.0 N
descend:    t=  1.0 s | distance= 100.4 mm | height= +48.1 mm (target 20.0) | force=  3.4 N
descend:    t=  1.2 s | distance= 120.5 mm | height= +31.0 mm (target 20.0) | force=  2.2 N

Clearance reached: distance=133.4 mm | height=19.9 mm | target=20.0 mm | force=1.7 N
  offset_ee        = [     20.0,      60.0,      20.0] mm
  p_EE_at_contact  = [    519.1,       1.6,      49.1] mm
  contact_point    = [    537.7,     -56.1,       1.3] mm
  edge_offset      = [     18.7,     -57.7,     -47.7] mm

-- phase: setup --------------------------------------------------------------

-- setup impedance -----------------------------------------------------------
  law                wrench = K_TCP*dx + D_TCP*dv
                     K_TCP  = Ad(r_c)^T * blkdiag(Kp,KR) * Ad(r_c)
  Kp [t1,t2,n]     = [   2000.0,    2000.0,     350.0] N/m
  Dp [t1,t2,n]     = [    230.5,     177.3,     112.4] Ns/m     auto
  KR [t1,t2,n]     = [      5.0,       5.0,      50.0] Nm/rad
  DR [t1,t2,n]     = [      1.5,       1.9,       1.2] Nms/rad  auto
  p_c [EE]         = [      0.0,      59.3,      -9.0] mm       resolved in the tool frame
  r_c [t1,t2,n]    = [      0.0,      60.0,       0.0] mm       commanded: p_TCP - p_c, in the plane
setup:     t=  0.0 s | tip=  0.0 deg | F=  0.1 N | M=  0.0 Nm (limit 150.0) | contact= 19.9 mm
setup:     t=  0.2 s | tip=  0.9 deg | F=  2.2 N | M=  1.4 Nm (limit 150.0) | contact=  7.7 mm
setup:     t=  0.4 s | tip=  1.5 deg | F= 19.3 N | M= 10.2 Nm (limit 150.0) | contact=  3.1 mm
setup:     t=  0.6 s | tip=  1.5 deg | F= 16.7 N | M=  9.2 Nm (limit 150.0) | contact=  3.2 mm
setup:     t=  0.8 s | tip=  1.5 deg | F= 21.9 N | M= 11.8 Nm (limit 150.0) | contact=  3.4 mm
setup:     t=  1.0 s | tip=  1.5 deg | F= 27.4 N | M= 14.6 Nm (limit 150.0) | contact=  3.5 mm
setup:     t=  1.2 s | tip=  1.6 deg | F= 32.9 N | M= 17.5 Nm (limit 150.0) | contact=  3.7 mm
setup:     t=  1.4 s | tip=  1.6 deg | F= 38.9 N | M= 20.6 Nm (limit 150.0) | contact=  3.8 mm
setup:     t=  1.6 s | tip=  1.6 deg | F= 45.0 N | M= 23.7 Nm (limit 150.0) | contact=  4.0 mm
setup:     t=  1.8 s | tip=  1.6 deg | F= 50.3 N | M= 26.5 Nm (limit 150.0) | contact=  4.2 mm
setup:     t=  2.0 s | tip=  1.6 deg | F= 55.9 N | M= 29.4 Nm (limit 150.0) | contact=  4.3 mm
setup:     t=  2.2 s | tip=  1.6 deg | F= 61.4 N | M= 32.3 Nm (limit 150.0) | contact=  4.5 mm
setup:     t=  2.4 s | tip=  1.6 deg | F= 66.7 N | M= 35.1 Nm (limit 150.0) | contact=  4.6 mm
setup:     t=  2.6 s | tip=  1.7 deg | F= 72.5 N | M= 38.1 Nm (limit 150.0) | contact=  4.8 mm
setup:     t=  2.8 s | tip=  1.7 deg | F= 77.9 N | M= 40.9 Nm (limit 150.0) | contact=  4.9 mm
setup:     t=  3.0 s | tip=  1.7 deg | F= 83.5 N | M= 43.9 Nm (limit 150.0) | contact=  5.1 mm
setup:     t=  3.2 s | tip=  1.7 deg | F= 88.8 N | M= 46.6 Nm (limit 150.0) | contact=  5.2 mm
setup:     t=  3.4 s | tip=  1.7 deg | F= 83.8 N | M= 44.2 Nm (limit 150.0) | contact=  5.1 mm
setup:     t=  3.6 s | tip=  1.7 deg | F= 83.6 N | M= 44.2 Nm (limit 150.0) | contact=  5.1 mm
setup:     t=  3.8 s | tip=  1.7 deg | F= 83.6 N | M= 44.2 Nm (limit 150.0) | contact=  5.1 mm
setup:     t=  4.0 s | tip=  1.7 deg | F= 83.6 N | M= 44.1 Nm (limit 150.0) | contact=  5.1 mm
setup:     t=  4.2 s | tip=  1.7 deg | F= 83.7 N | M= 44.2 Nm (limit 150.0) | contact=  5.1 mm
setup:     t=  4.4 s | tip=  1.7 deg | F= 83.5 N | M= 44.1 Nm (limit 150.0) | contact=  5.1 mm
setup:     t=  4.6 s | tip=  1.7 deg | F= 83.5 N | M= 44.1 Nm (limit 150.0) | contact=  5.1 mm
setup:     t=  4.8 s | tip=  1.7 deg | F= 83.4 N | M= 44.1 Nm (limit 150.0) | contact=  5.1 mm

==============================================================================
  SETUP RESULT
==============================================================================
  stop: time | t=5.0 s | tip=1.7 deg | F=83.4 N | M=44.1 Nm
  contact_from_start = [-2.9, +0.4, -4.2] mm | norm=5.1 mm
  tcp_from_contact  = [-21.4, +57.5, +24.0] mm | norm=65.8 mm
  alignment: before=8.63 deg | after=8.86 deg | gain=-0.23 deg
  alignment components [t1,t2,n] deg: before=[-8.58,-0.92,+0.00] | after=[-8.47,-2.60,+0.00]

-- setup surface-frame breakdown ---------------------------------------------
  frame              alignment-target [tangent1, tangent2, normal]
  force        [N]      = [    +4.64,     -1.02,    -83.27]
  tcp_disp     [mm]     = [    -2.27,     +0.42,    -23.77]
  contact_disp [mm]     = [    -2.80,     +0.47,     -4.27]
  Kp_eff=F/tcp [N/m]    = [  -2043.3,   -2428.5,    3503.1]
  M_contact    [Nm]     = [    -0.93,    +42.46,     -0.57]
  tip_angle    [deg]    = [    +0.11,     -1.65,     -0.31]
  KR_eff=M/ang [Nm/rad] = [   -495.7,   -1477.4,     105.7]
  frame              tool face [length, width, tool axis]
  M_contact    [Nm]     = [   -41.92,     +0.69,     +6.86]

-- center of compliance ------------------------------------------------------
  definition         r_c = p_TCP - p_c
  p_TCP [x,y,z]    = [    516.4,       1.3,      25.3] mm
  p_c [EE]         = [     -0.3,      59.3,      -8.8] mm
  r_c [t1,t2,n]    = [      0.0,      60.0,       0.0] mm
                     p_c resolved at end of setup

-- effective TCP impedance ---------------------------------------------------
  K_TCP translation = [   1999.5,    1998.7,     351.8] N/m
  K_TCP rotation   = [      6.3,       5.0,      57.1] Nm/rad
  commanded KR was = [      5.0,       5.0,      50.0] Nm/rad   including lever contribution
  D_TCP translation = [    230.5,     177.3,     112.5] Ns/m
  D_TCP rotation   = [      1.9,       1.9,       2.0] Nms/rad
  coupling           max |moment per unit translation| = 119.9 Nm/m (K), 13.8 Nms/m (D)
  eigenvalues        K_TCP 4.98 .. 2007 | D_TCP 1.18 .. 231  (both positive: valid springs)

  K_TCP [N/m, Nm/rad | rows fx..mz, cols tx..rz]:
           tx        ty        tz    |    rx        ry        rz
  fx [    2000  -0.7871   -28.44 |    1.707    3.319    119.9 ]
  fy [ -0.7871     1999   -45.62 |  -0.5818 -0.001307 -0.04721 ]
  fz [  -28.44   -45.62    351.8 |   -21.02 -0.04721   -1.706 ]
     ---------------------------+---------------------------
  mx [   1.707  -0.5818   -21.02 |    6.275   0.0243    0.878 ]
  my [   3.319 -0.001307 -0.04721 |   0.0243     5.04    1.443 ]
  mz [   119.9 -0.04721   -1.706 |    0.878    1.443    57.14 ]

  D_TCP [Ns/m, Nms/rad]:
           tx        ty        tz    |    rx        ry        rz
  fx [   230.5 -0.05635   -2.036 |   0.1222   0.3826    13.82 ]
  fy [-0.05635    177.3   -1.795 |  -0.1866 -9.354e-05 -0.00338 ]
  fz [  -2.036   -1.795    112.5 |   -6.743 -0.00338  -0.1221 ]
     ---------------------------+---------------------------
  mx [  0.1222  -0.1866   -6.743 |      1.9 5.467e-05 0.001975 ]
  my [  0.3826 -9.354e-05 -0.00338 | 5.467e-05    1.876 0.003825 ]
  mz [   13.82 -0.00338  -0.1221 | 0.001975 0.003825    2.014 ]

[GATE] Set up finished (still pressing). Press Enter to start the grind (e+Enter stops).

Stop requested with e + Enter. Finishing control loop...

-- joint motion [deg] --------------------------------------------------------
  joint       start    final    delta
  q1            0.8      0.7     -0.2
  q2           12.1     29.3    +17.2
  q3           -0.5     -0.8     -0.3
  q4         -130.9   -129.1     +1.8
  q5           -0.1     16.7    +16.8
  q6          142.9    153.8    +10.9
  q7           44.7     29.7    -15.0

==============================================================================
  FINAL RESULT
==============================================================================
  p_d              = [    514.6,      -5.6,    -210.8] mm
  p_EE             = [    516.4,       1.3,      25.3] mm
  e_p              = [     -1.8,      -7.0,    -236.1] mm
  e_R              = [     0.10,     -1.66,     -0.27] deg
------------------------------------------------------------------------------
  position error     236.18 mm
  rotation error     1.68 deg
  csv                logs/surface_grinding_controller_log.csv
------------------------------------------------------------------------------
