
==============================================================================
  SURFACE GRINDING CONTROLLER
==============================================================================
  robot              172.16.0.2
  parameters         /home/hm-panda/Desktop/Thesis_Final_Control/surface_grinding_controller/params
------------------------------------------------------------------------------

==============================================================================
  SURFACE GRINDING CONTROLLER - STARTUP MENU
==============================================================================

-- RUN MODES -----------------------------------------------------------------
  s      Run orientation, approach, setup, and grinding
  h      Cartesian pose hold at the initial posture
  t      Cartesian pose hold with the setup impedance
  g      Start manual guidance from the current robot pose

-- ROBOT PREPARATION ---------------------------------------------------------
  i      Move to the configured initial joint posture

-- GRIPPER AND TOOL ----------------------------------------------------------
  o      Open the gripper
  c      Grasp the tool
  r      Recalibrate the gripper with empty fingers
  f      Pick up the tool from the holder
  b      Return the tool to the holder

-- PROGRAM -------------------------------------------------------------------
  e      Exit
------------------------------------------------------------------------------
  During control: e = stop | m = startup menu | g = guidance
------------------------------------------------------------------------------
Selection [s/h/t/g/i/o/c/r/f/b/e]: 
-- SELECTED MODE: PHASE SEQUENCE ---------------------------------------------

-- moving to q_init ----------------------------------------------------------
  case               saved_qinit
  q1..q7 [deg]     = [0.8, 12.1, -0.5, -130.9, -0.2, 142.9, 44.7] deg
  saved_qinit = [0.014777, 0.210911, -0.009320, -2.284835, -0.002725, 2.493410, 0.780694] rad
  q_init reached.

-- start pose ----------------------------------------------------------------
  q_start          = [0.8, 12.1, -0.5, -130.9, -0.2, 142.9, 44.7] deg
  p_start          = [    531.3,       2.5,     156.8] mm

==============================================================================
  RUN
==============================================================================

-- phase: approach_orient ----------------------------------------------------
  Kp [t1,t2,n]     = [    150.0,     150.0,     150.0] N/m
  Dp [t1,t2,n]     = [    133.7,      94.2,     128.3] Ns/m     auto (factor 1.90)
  KR [t1,t2,n]     = [     90.0,      90.0,      90.0] Nm/rad
  DR [t1,t2,n]     = [     10.8,      17.7,       2.0] Nms/rad  auto (factor 1.90)
orient:     t=  0.0 s | axis_err=  6.0 deg | spin_err=  0.7 deg
orient:     t=  0.2 s | axis_err=  5.2 deg | spin_err=  0.3 deg
orient:     t=  0.4 s | axis_err=  3.2 deg | spin_err=  0.0 deg
orient:     t=  0.6 s | axis_err=  2.2 deg | spin_err=  0.0 deg

Orientation reached: axis_err=2.0 deg | spin_err=0.0 deg

-- phase: approach_descend ---------------------------------------------------
  Kp [t1,t2,n]     = [    150.0,     150.0,     150.0] N/m
  Dp [t1,t2,n]     = [    133.7,      94.2,     128.3] Ns/m     auto (factor 1.90)
  KR [t1,t2,n]     = [     90.0,      90.0,      90.0] Nm/rad
  DR [t1,t2,n]     = [     10.8,      17.7,       2.0] Nms/rad  auto (factor 1.90)
  descend to         20 mm clearance at 0.100 m/s
descend:    t=  0.0 s | distance=   0.1 mm | height=+128.0 mm (target 20.0) | force= -0.0 N
descend:    t=  0.2 s | distance=  20.1 mm | height=+115.8 mm (target 20.0) | force=  1.4 N
descend:    t=  0.4 s | distance=  40.2 mm | height= +99.5 mm (target 20.0) | force=  2.4 N
descend:    t=  0.6 s | distance=  60.3 mm | height= +82.4 mm (target 20.0) | force=  2.4 N
descend:    t=  0.8 s | distance=  80.4 mm | height= +64.8 mm (target 20.0) | force=  2.7 N
descend:    t=  1.0 s | distance= 100.5 mm | height= +47.1 mm (target 20.0) | force=  2.6 N
descend:    t=  1.2 s | distance= 120.6 mm | height= +29.6 mm (target 20.0) | force=  3.3 N

Clearance reached: distance=131.8 mm | height=19.9 mm | target=20.0 mm | force=3.3 N
  offset_ee        = [     20.0,      60.0,      20.0] mm
  p_EE_at_contact  = [    507.1,       0.9,      43.2] mm
  contact_point    = [    524.3,     -59.8,       1.6] mm
  edge_offset      = [     17.2,     -60.8,     -41.5] mm

-- phase: setup --------------------------------------------------------------

-- setup impedance -----------------------------------------------------------
  law                wrench = K_TCP*dx + D_TCP*dv
                     K_TCP  = Ad(r_c)^T * blkdiag(Kp,KR) * Ad(r_c)
  Kp [t1,t2,n]     = [   2000.0,    2000.0,     350.0] N/m
  Dp [t1,t2,n]     = [    233.6,     173.3,     112.2] Ns/m     auto
  KR [t1,t2,n]     = [      5.0,       5.0,      50.0] Nm/rad
  DR [t1,t2,n]     = [      1.3,       2.1,       0.9] Nms/rad  auto
  p_c [EE]         = [      0.0,       0.0,       0.0] mm       resolved in the tool frame
  r_c [t1,t2,n]    = [      0.0,       0.0,       0.0] mm       commanded: p_TCP - p_c, in the plane
setup:     t=  0.0 s | tip=  0.0 deg | F=  0.1 N | M=  0.0 Nm (limit 150.0) | contact= 19.8 mm
setup:     t=  0.2 s | tip=  0.7 deg | F=  0.2 N | M=  0.4 Nm (limit 150.0) | contact=  7.6 mm
setup:     t=  0.4 s | tip=  1.4 deg | F= 13.1 N | M=  6.6 Nm (limit 150.0) | contact=  4.0 mm
setup:     t=  0.6 s | tip=  1.4 deg | F= 14.6 N | M=  7.8 Nm (limit 150.0) | contact=  3.9 mm
setup:     t=  0.8 s | tip=  1.5 deg | F= 19.9 N | M= 10.7 Nm (limit 150.0) | contact=  4.1 mm
setup:     t=  1.0 s | tip=  1.5 deg | F= 25.3 N | M= 13.4 Nm (limit 150.0) | contact=  4.3 mm
setup:     t=  1.2 s | tip=  1.5 deg | F= 30.9 N | M= 16.2 Nm (limit 150.0) | contact=  4.6 mm
setup:     t=  1.4 s | tip=  1.5 deg | F= 36.9 N | M= 19.2 Nm (limit 150.0) | contact=  5.0 mm
setup:     t=  1.6 s | tip=  1.6 deg | F= 42.4 N | M= 22.0 Nm (limit 150.0) | contact=  5.2 mm
setup:     t=  1.8 s | tip=  1.6 deg | F= 47.9 N | M= 24.9 Nm (limit 150.0) | contact=  5.4 mm
setup:     t=  2.0 s | tip=  1.6 deg | F= 53.3 N | M= 27.6 Nm (limit 150.0) | contact=  5.5 mm
setup:     t=  2.2 s | tip=  1.6 deg | F= 58.6 N | M= 30.3 Nm (limit 150.0) | contact=  5.7 mm
setup:     t=  2.4 s | tip=  1.6 deg | F= 64.3 N | M= 33.1 Nm (limit 150.0) | contact=  5.9 mm
setup:     t=  2.6 s | tip=  1.6 deg | F= 69.7 N | M= 35.9 Nm (limit 150.0) | contact=  6.1 mm
setup:     t=  2.8 s | tip=  1.6 deg | F= 75.4 N | M= 38.7 Nm (limit 150.0) | contact=  6.2 mm
setup:     t=  3.0 s | tip=  1.7 deg | F= 80.8 N | M= 41.4 Nm (limit 150.0) | contact=  6.4 mm
setup:     t=  3.2 s | tip=  1.7 deg | F= 86.6 N | M= 44.3 Nm (limit 150.0) | contact=  6.6 mm
setup:     t=  3.4 s | tip=  1.7 deg | F= 81.9 N | M= 41.8 Nm (limit 150.0) | contact=  6.5 mm
setup:     t=  3.6 s | tip=  1.7 deg | F= 81.7 N | M= 41.7 Nm (limit 150.0) | contact=  6.5 mm
setup:     t=  3.8 s | tip=  1.7 deg | F= 81.7 N | M= 41.7 Nm (limit 150.0) | contact=  6.5 mm
setup:     t=  4.0 s | tip=  1.7 deg | F= 81.6 N | M= 41.7 Nm (limit 150.0) | contact=  6.5 mm
setup:     t=  4.2 s | tip=  1.7 deg | F= 81.5 N | M= 41.6 Nm (limit 150.0) | contact=  6.5 mm
setup:     t=  4.4 s | tip=  1.7 deg | F= 81.5 N | M= 41.6 Nm (limit 150.0) | contact=  6.5 mm
setup:     t=  4.6 s | tip=  1.7 deg | F= 81.5 N | M= 41.6 Nm (limit 150.0) | contact=  6.5 mm
setup:     t=  4.8 s | tip=  1.7 deg | F= 81.5 N | M= 41.6 Nm (limit 150.0) | contact=  6.5 mm

==============================================================================
  SETUP RESULT
==============================================================================
  stop: time | t=5.0 s | tip=1.7 deg | F=81.5 N | M=41.6 Nm
  contact_from_start = [-3.7, +0.1, -5.3] mm | norm=6.5 mm
  tcp_from_contact  = [-20.3, +60.3, +16.9] mm | norm=65.9 mm
  alignment: before=5.30 deg | after=6.93 deg | gain=-1.63 deg
  alignment components [t1,t2,n] deg: before=[-1.20,-5.16,+0.00] | after=[-1.38,-6.79,-0.00]

-- setup surface-frame breakdown ---------------------------------------------
  frame              alignment-target [tangent1, tangent2, normal]
  force        [N]      = [    +4.71,     +0.64,    -81.31]
  tcp_disp     [mm]     = [    -2.71,     +0.24,    -24.64]
  contact_disp [mm]     = [    -3.64,     +0.23,     -5.37]
  Kp_eff=F/tcp [N/m]    = [  -1735.2,    2648.6,    3300.1]
  M_contact    [Nm]     = [    -5.03,    +40.31,     -0.23]
  tip_angle    [deg]    = [    -0.15,     -1.63,     +0.25]
  KR_eff=M/ang [Nm/rad] = [   1881.6,   -1412.5,     -52.5]
  frame              tool face [length, width, tool axis]
  M_contact    [Nm]     = [   -40.25,     +5.18,     +1.80]

-- center of compliance ------------------------------------------------------
  definition         r_c = p_TCP - p_c
  p_TCP [x,y,z]    = [    503.9,       0.5,      18.6] mm
  p_c [EE]         = [     -0.0,      -0.0,       0.0] mm
  r_c [t1,t2,n]    = [      0.0,       0.0,       0.0] mm
                     p_c resolved at end of setup

-- effective TCP impedance ---------------------------------------------------
  K_TCP translation = [   1999.5,    1998.7,     351.8] N/m
  K_TCP rotation   = [      5.0,       5.0,      50.0] Nm/rad
  commanded KR was = [      5.0,       5.0,      50.0] Nm/rad   including lever contribution
  D_TCP translation = [    233.6,     173.3,     112.3] Ns/m
  D_TCP rotation   = [      1.3,       2.1,       0.9] Nms/rad
  coupling           max |moment per unit translation| = 0.0 Nm/m (K), 0.0 Nms/m (D)
  eigenvalues        K_TCP 5.00 .. 2000 | D_TCP 0.89 .. 234  (both positive: valid springs)

  K_TCP [N/m, Nm/rad | rows fx..mz, cols tx..rz]:
           tx        ty        tz    |    rx        ry        rz
  fx [    2000  -0.7871   -28.44 |        0        0        0 ]
  fy [ -0.7871     1999   -45.62 |        0        0        0 ]
  fz [  -28.44   -45.62    351.8 |        0        0        0 ]
     ---------------------------+---------------------------
  mx [       0        0        0 |    5.013  0.02147   0.7756 ]
  my [       0        0        0 |  0.02147    5.034    1.244 ]
  mz [       0        0        0 |   0.7756    1.244    49.95 ]

  D_TCP [Ns/m, Nms/rad]:
           tx        ty        tz    |    rx        ry        rz
  fx [   233.6 -0.05794   -2.093 |        0        0        0 ]
  fy [-0.05794    173.3    -1.69 |        0        0        0 ]
  fz [  -2.093    -1.69    112.3 |        0        0        0 ]
     ---------------------------+---------------------------
  mx [       0        0        0 |      1.3 -0.0001937 -0.006998 ]
  my [       0        0        0 | -0.0001937    2.066 -0.03244 ]
  mz [       0        0        0 | -0.006998 -0.03244    0.895 ]

[GATE] Set up finished (still pressing). Press Enter to start the grind (e+Enter stops).

Stop requested with e + Enter. Finishing control loop...

-- joint motion [deg] --------------------------------------------------------
  joint       start    final    delta
  q1            0.8      0.1     -0.7
  q2           12.1     29.7    +17.6
  q3           -0.5     -0.0     +0.5
  q4         -130.9   -128.9     +2.0
  q5           -0.2     -0.4     -0.2
  q6          142.9    150.8     +8.0
  q7           44.7     45.9     +1.2

==============================================================================
  FINAL RESULT
==============================================================================
  p_d              = [    502.6,      -6.3,    -216.6] mm
  p_EE             = [    503.9,       0.5,      18.6] mm
  e_p              = [     -1.3,      -6.8,    -235.2] mm
  e_R              = [    -0.15,     -1.63,      0.30] deg
------------------------------------------------------------------------------
  position error     235.30 mm
  rotation error     1.66 deg
  csv                logs/surface_grinding_controller_log.csv
------------------------------------------------------------------------------
