
==============================================================================
  SURFACE GRINDING CONTROLLER
==============================================================================
  robot              172.16.0.2
  parameters         /home/hm-panda/Desktop/Thesis_Final_Control/surface_grinding_controller/params
------------------------------------------------------------------------------

==============================================================================
  SURFACE GRINDING CONTROLLER - STARTUP MENU
==============================================================================

-- RUN MODES -----------------------------------------------------------------
  s      Run orientation, approach, setup, and grinding
  h      Cartesian pose hold at the initial posture
  t      Cartesian pose hold with the setup impedance
  g      Start manual guidance from the current robot pose

-- ROBOT PREPARATION ---------------------------------------------------------
  i      Move to the configured initial joint posture

-- GRIPPER AND TOOL ----------------------------------------------------------
  o      Open the gripper
  c      Grasp the tool
  r      Recalibrate the gripper with empty fingers
  f      Pick up the tool from the holder
  b      Return the tool to the holder

-- PROGRAM -------------------------------------------------------------------
  e      Exit
------------------------------------------------------------------------------
  During control: e = stop | m = startup menu | g = guidance
------------------------------------------------------------------------------
Selection [s/h/t/g/i/o/c/r/f/b/e]: 
-- SELECTED MODE: PHASE SEQUENCE ---------------------------------------------

-- moving to q_init ----------------------------------------------------------
  case               saved_qinit
  q1..q7 [deg]     = [0.8, 12.1, -0.5, -130.9, -0.2, 142.9, 44.7] deg
  saved_qinit = [0.014777, 0.210911, -0.009320, -2.284835, -0.002725, 2.493410, 0.780694] rad
  q_init reached.

-- start pose ----------------------------------------------------------------
  q_start          = [0.8, 12.1, -0.5, -130.9, -0.2, 142.9, 44.7] deg
  p_start          = [    531.1,       2.4,     156.6] mm

==============================================================================
  RUN
==============================================================================

-- phase: approach_orient ----------------------------------------------------
  Kp [t1,t2,n]     = [    150.0,     150.0,     150.0] N/m
  Dp [t1,t2,n]     = [    133.6,      94.2,     128.3] Ns/m     auto (factor 1.90)
  KR [t1,t2,n]     = [    180.0,     180.0,      90.0] Nm/rad
  DR [t1,t2,n]     = [     15.3,      25.0,       2.0] Nms/rad  auto (factor 1.90)
orient:     t=  0.0 s | axis_err=  7.9 deg | spin_err=  0.9 deg
orient:     t=  0.2 s | axis_err=  6.4 deg | spin_err=  0.7 deg
orient:     t=  0.4 s | axis_err=  3.2 deg | spin_err=  0.3 deg
orient:     t=  0.6 s | axis_err=  1.4 deg | spin_err=  0.2 deg
orient:     t=  0.8 s | axis_err=  1.0 deg | spin_err=  0.2 deg
orient:     t=  1.0 s | axis_err=  0.9 deg | spin_err=  0.2 deg

Orientation reached: axis_err=0.9 deg | spin_err=0.2 deg

-- phase: approach_descend ---------------------------------------------------
  Kp [t1,t2,n]     = [    150.0,     150.0,     150.0] N/m
  Dp [t1,t2,n]     = [    133.6,      94.2,     128.3] Ns/m     auto (factor 1.90)
  KR [t1,t2,n]     = [    180.0,     180.0,      90.0] Nm/rad
  DR [t1,t2,n]     = [     15.3,      25.0,       2.0] Nms/rad  auto (factor 1.90)
  descend to         20 mm clearance at 0.100 m/s
descend:    t=  0.0 s | distance=   0.1 mm | height=+136.6 mm (target 20.0) | force=  0.0 N
descend:    t=  0.2 s | distance=  20.2 mm | height=+125.8 mm (target 20.0) | force=  0.6 N
descend:    t=  0.4 s | distance=  40.3 mm | height=+108.8 mm (target 20.0) | force= -0.1 N
descend:    t=  0.6 s | distance=  60.4 mm | height= +90.9 mm (target 20.0) | force=  0.8 N
descend:    t=  0.8 s | distance=  80.5 mm | height= +72.3 mm (target 20.0) | force=  1.0 N
descend:    t=  1.0 s | distance= 100.6 mm | height= +53.4 mm (target 20.0) | force= -1.1 N
descend:    t=  1.2 s | distance= 120.7 mm | height= +34.4 mm (target 20.0) | force=  0.8 N

Clearance reached: distance=136.0 mm | height=20.0 mm | target=20.0 mm | force=-0.9 N
  offset_ee        = [    -20.0,      60.0,      20.0] mm
  p_EE_at_contact  = [    535.2,      -4.3,      43.0] mm
  contact_point    = [    517.7,     -65.3,       1.9] mm
  edge_offset      = [    -17.5,     -61.0,     -41.1] mm

-- phase: setup --------------------------------------------------------------

-- setup impedance -----------------------------------------------------------
  law                wrench = K_TCP*dx + D_TCP*dv
                     K_TCP  = Ad(r_c)^T * blkdiag(Kp,KR) * Ad(r_c)
  Kp [t1,t2,n]     = [   2000.0,    2000.0,     350.0] N/m
  Dp [t1,t2,n]     = [    227.8,     160.3,     115.5] Ns/m     auto
  KR [t1,t2,n]     = [      5.0,       5.0,      50.0] Nm/rad
  DR [t1,t2,n]     = [      1.6,       1.9,       1.0] Nms/rad  auto
  p_c [EE]         = [     10.0,      -0.0,       0.0] mm       commanded in the tool frame
  r_c [t1,t2,n]    = [     -9.9,      -0.0,      -1.4] mm       p_TCP - p_c, in the plane
setup:     t=  0.0 s | ee=  0.0 deg | F=  0.1 N | M=  0.0 Nm (limit 150.0) | contact= 19.9 mm
setup:     t=  0.2 s | ee=  0.7 deg | F=  1.9 N | M=  0.7 Nm (limit 150.0) | contact=  6.8 mm
setup:     t=  0.4 s | ee=  1.1 deg | F= 14.7 N | M=  0.6 Nm (limit 150.0) | contact=  1.7 mm
setup:     t=  0.6 s | ee=  1.2 deg | F= 17.5 N | M=  0.6 Nm (limit 150.0) | contact=  1.8 mm
setup:     t=  0.8 s | ee=  1.2 deg | F= 23.1 N | M=  0.8 Nm (limit 150.0) | contact=  2.0 mm
setup:     t=  1.0 s | ee=  1.2 deg | F= 28.8 N | M=  0.9 Nm (limit 150.0) | contact=  2.1 mm
setup:     t=  1.2 s | ee=  1.2 deg | F= 34.3 N | M=  1.1 Nm (limit 150.0) | contact=  2.4 mm
setup:     t=  1.4 s | ee=  1.2 deg | F= 39.7 N | M=  1.2 Nm (limit 150.0) | contact=  2.7 mm
setup:     t=  1.6 s | ee=  1.2 deg | F= 45.0 N | M=  1.4 Nm (limit 150.0) | contact=  2.9 mm
setup:     t=  1.8 s | ee=  1.3 deg | F= 50.8 N | M=  1.5 Nm (limit 150.0) | contact=  3.3 mm
setup:     t=  2.0 s | ee=  1.3 deg | F= 56.6 N | M=  1.5 Nm (limit 150.0) | contact=  3.5 mm
setup:     t=  2.2 s | ee=  1.3 deg | F= 61.9 N | M=  1.6 Nm (limit 150.0) | contact=  3.7 mm
setup:     t=  2.4 s | ee=  1.4 deg | F= 67.8 N | M=  1.7 Nm (limit 150.0) | contact=  3.9 mm
setup:     t=  2.6 s | ee=  1.4 deg | F= 73.0 N | M=  1.8 Nm (limit 150.0) | contact=  4.0 mm
setup:     t=  2.8 s | ee=  1.4 deg | F= 78.4 N | M=  1.9 Nm (limit 150.0) | contact=  4.2 mm
setup:     t=  3.0 s | ee=  1.4 deg | F= 83.6 N | M=  1.9 Nm (limit 150.0) | contact=  4.4 mm
setup:     t=  3.2 s | ee=  1.4 deg | F= 88.7 N | M=  2.0 Nm (limit 150.0) | contact=  4.6 mm
setup:     t=  3.4 s | ee=  1.4 deg | F= 84.2 N | M=  1.9 Nm (limit 150.0) | contact=  4.4 mm
setup:     t=  3.6 s | ee=  1.4 deg | F= 84.0 N | M=  1.9 Nm (limit 150.0) | contact=  4.5 mm
setup:     t=  3.8 s | ee=  1.4 deg | F= 83.9 N | M=  1.9 Nm (limit 150.0) | contact=  4.5 mm
setup:     t=  4.0 s | ee=  1.4 deg | F= 83.9 N | M=  1.8 Nm (limit 150.0) | contact=  4.5 mm
setup:     t=  4.2 s | ee=  1.4 deg | F= 83.8 N | M=  1.8 Nm (limit 150.0) | contact=  4.5 mm
setup:     t=  4.4 s | ee=  1.4 deg | F= 83.8 N | M=  1.8 Nm (limit 150.0) | contact=  4.5 mm
setup:     t=  4.6 s | ee=  1.4 deg | F= 83.7 N | M=  1.8 Nm (limit 150.0) | contact=  4.5 mm
setup:     t=  4.8 s | ee=  1.4 deg | F= 83.7 N | M=  1.8 Nm (limit 150.0) | contact=  4.5 mm

==============================================================================
  SETUP RESULT
==============================================================================
  stop: time | t=5.0 s | ee=1.4 deg | F=83.6 N | M_TCP=1.8 Nm
  contact_from_start = [-2.9, -0.4, -3.3] mm | norm=4.5 mm
  tcp_from_contact  = [+14.9, +59.9, +17.7] mm | norm=64.3 mm
  deviation: before=9.59 deg | after=8.25 deg | gain=+1.35 deg
  t_align: not reached | tolerance=2.00 deg | hold=0.30 s
  t_align_fraction: not reached | fraction=0.50 of the deviation at contact
  deviation_min: 8.25 deg at t=4.33 s
  align_status: not_aligned
  deviation components [t1,t2,n] deg: before=[-0.85,+9.56,+0.00] | after=[-1.18,+8.16,-0.00]

-- setup surface-frame breakdown ---------------------------------------------
  frame              alignment-target [tangent1, tangent2, normal]
  force        [N]      = [    +4.24,     +2.51,    -83.50]
  tcp_disp     [mm]     = [    -2.21,     -0.45,    -23.45]
  contact_disp [mm]     = [    -2.89,     -0.28,     -3.40]
  Kp_eff=F/tcp [N/m]    = [  -1918.3,   -5572.6,    3561.3]
  M_contact    [Nm]     = [    -6.54,     +2.54,     -0.44]
  ee_angle     [deg]    = [    -0.35,     -1.40,     +0.11]
  KR_eff=M/ang [Nm/rad] = [   1080.4,    -104.4,    -226.7]
  frame              tool face [length, width, tool axis]
  M_contact    [Nm]     = [    -2.55,     +6.54,     -0.44]

-- center of compliance ------------------------------------------------------
  definition         r_c = p_TCP - p_c
  p_TCP [x,y,z]    = [    532.6,      -5.4,      19.6] mm
  p_c [EE]         = [     10.0,       0.0,       0.0] mm
  r_c [t1,t2,n]    = [     -9.9,       0.0,      -1.2] mm
                     p_c resolved at end of setup

-- effective TCP impedance ---------------------------------------------------
  K_TCP translation = [   1999.5,    1998.7,     351.8] N/m
  K_TCP rotation   = [      5.0,       5.1,      50.2] Nm/rad
  commanded KR was = [      5.0,       5.0,      50.0] Nm/rad   including lever contribution
  D_TCP translation = [    227.8,     160.3,     115.6] Ns/m
  D_TCP rotation   = [      1.6,       2.0,       1.0] Nms/rad
  coupling           max |moment per unit translation| = 19.9 Nm/m (K), 1.6 Nms/m (D)
  eigenvalues        K_TCP 5.00 .. 2000 | D_TCP 1.01 .. 228  (both positive: valid springs)

  K_TCP [N/m, Nm/rad | rows fx..mz, cols tx..rz]:
           tx        ty        tz    |    rx        ry        rz
  fx [    2000  -0.7871   -28.44 | 0.0001043    2.256  -0.0551 ]
  fy [ -0.7871     1999   -45.62 |   -1.973   0.4532    19.89 ]
  fz [  -28.44   -45.62    351.8 |  0.05332   -3.528  -0.4533 ]
     ---------------------------+---------------------------
  mx [0.0001043   -1.973  0.05332 |    5.015  0.02094    0.756 ]
  my [   2.256   0.4532   -3.528 |  0.02094    5.072    1.249 ]
  mz [ -0.0551    19.89  -0.4533 |    0.756    1.249    50.15 ]

  D_TCP [Ns/m, Nms/rad]:
           tx        ty        tz    |    rx        ry        rz
  fx [   227.8 -0.05358   -1.936 | 7.097e-06    0.244 -0.005918 ]
  fy [-0.05358    160.3   -1.238 |  -0.1581  0.01226    1.595 ]
  fz [  -1.936   -1.238    115.6 | 0.003953   -1.152 -0.01227 ]
     ---------------------------+---------------------------
  mx [7.097e-06  -0.1581 0.003953 |    1.624 -0.0003319 -0.01214 ]
  my [   0.244  0.01226   -1.152 | -0.0003319     1.95 -0.02554 ]
  mz [-0.005918    1.595 -0.01227 | -0.01214 -0.02554    1.028 ]

[GATE] Set up finished (still pressing). Press Enter to start the grind (e+Enter stops).

Stop requested with e + Enter. Finishing control loop...

-- joint motion [deg] --------------------------------------------------------
  joint       start    final    delta
  q1            0.8      0.6     -0.2
  q2           12.1     30.7    +18.5
  q3           -0.5     -1.1     -0.5
  q4         -130.9   -132.2     -1.2
  q5           -0.2     -1.0     -0.8
  q6          142.9    168.5    +25.6
  q7           44.7     45.6     +0.8

==============================================================================
  FINAL RESULT
==============================================================================
  p_d              = [    530.8,     -11.5,    -216.9] mm
  p_EE             = [    532.6,      -5.4,      19.6] mm
  e_p              = [     -1.9,      -6.1,    -236.5] mm
  e_R              = [    -0.34,     -1.39,      0.16] deg
------------------------------------------------------------------------------
  position error     236.56 mm
  rotation error     1.44 deg
  csv                logs/surface_grinding_controller_log.csv
------------------------------------------------------------------------------
