
==============================================================================
  SURFACE GRINDING CONTROLLER
==============================================================================
  robot              172.16.0.2
  parameters         /home/hm-panda/Desktop/Thesis_Final_Control/surface_grinding_controller/params
------------------------------------------------------------------------------

==============================================================================
  SURFACE GRINDING CONTROLLER - STARTUP MENU
==============================================================================

-- RUN MODES -----------------------------------------------------------------
  s      Run orientation, approach, setup, and grinding
  h      Cartesian pose hold at the initial posture
  t      Cartesian pose hold with the setup impedance
  g      Start manual guidance from the current robot pose

-- ROBOT PREPARATION ---------------------------------------------------------
  i      Move to the configured initial joint posture

-- GRIPPER AND TOOL ----------------------------------------------------------
  o      Open the gripper
  c      Grasp the tool
  r      Recalibrate the gripper with empty fingers
  f      Pick up the tool from the holder
  b      Return the tool to the holder

-- PROGRAM -------------------------------------------------------------------
  e      Exit
------------------------------------------------------------------------------
  During control: e = stop | m = startup menu | g = guidance
------------------------------------------------------------------------------
Selection [s/h/t/g/i/o/c/r/f/b/e]: 
-- SELECTED MODE: PHASE SEQUENCE ---------------------------------------------

-- moving to q_init ----------------------------------------------------------
  case               saved_qinit
  q1..q7 [deg]     = [0.8, 12.1, -0.5, -130.9, -0.2, 142.9, 44.7] deg
  saved_qinit = [0.014777, 0.210911, -0.009320, -2.284835, -0.002725, 2.493410, 0.780694] rad
  q_init reached.

-- start pose ----------------------------------------------------------------
  q_start          = [0.8, 12.1, -0.5, -130.9, -0.1, 142.9, 44.7] deg
  p_start          = [    531.3,       2.5,     156.8] mm

==============================================================================
  RUN
==============================================================================

-- phase: approach_orient ----------------------------------------------------
  Kp [t1,t2,n]     = [    150.0,     150.0,     150.0] N/m
  Dp [t1,t2,n]     = [    133.7,      94.2,     128.3] Ns/m     auto (factor 1.90)
  KR [t1,t2,n]     = [     90.0,      90.0,      90.0] Nm/rad
  DR [t1,t2,n]     = [     10.8,      17.7,       2.0] Nms/rad  auto (factor 1.90)
orient:     t=  0.0 s | axis_err=  1.6 deg | spin_err=  0.7 deg
orient:     t=  0.2 s | axis_err=  1.3 deg | spin_err=  0.0 deg
orient:     t=  0.4 s | axis_err=  1.1 deg | spin_err=  0.0 deg

Orientation reached: axis_err=1.1 deg | spin_err=0.0 deg

-- phase: approach_descend ---------------------------------------------------
  Kp [t1,t2,n]     = [    150.0,     150.0,     150.0] N/m
  Dp [t1,t2,n]     = [    133.7,      94.2,     128.3] Ns/m     auto (factor 1.90)
  KR [t1,t2,n]     = [     90.0,      90.0,      90.0] Nm/rad
  DR [t1,t2,n]     = [     10.8,      17.7,       2.0] Nms/rad  auto (factor 1.90)
  descend to         20 mm clearance at 0.100 m/s
descend:    t=  0.0 s | distance=   0.1 mm | height=+132.8 mm (target 20.0) | force=  0.0 N
descend:    t=  0.2 s | distance=  20.1 mm | height=+121.1 mm (target 20.0) | force=  1.2 N
descend:    t=  0.4 s | distance=  40.1 mm | height=+104.3 mm (target 20.0) | force=  2.1 N
descend:    t=  0.6 s | distance=  60.2 mm | height= +86.5 mm (target 20.0) | force=  1.3 N
descend:    t=  0.8 s | distance=  80.3 mm | height= +68.4 mm (target 20.0) | force=  2.1 N
descend:    t=  1.0 s | distance= 100.4 mm | height= +50.3 mm (target 20.0) | force=  1.8 N
descend:    t=  1.2 s | distance= 120.5 mm | height= +32.4 mm (target 20.0) | force=  3.0 N

Clearance reached: distance=134.4 mm | height=19.9 mm | target=20.0 mm | force=2.9 N
  offset_ee        = [     20.0,      60.0,      20.0] mm
  p_EE_at_contact  = [    520.8,       0.3,      41.2] mm
  contact_point    = [    539.8,     -60.5,       1.4] mm
  edge_offset      = [     19.1,     -60.8,     -39.8] mm

-- phase: setup --------------------------------------------------------------

-- setup impedance -----------------------------------------------------------
  law                wrench = K_TCP*dx + D_TCP*dv
                     K_TCP  = Ad(r_c)^T * blkdiag(Kp,KR) * Ad(r_c)
  Kp [t1,t2,n]     = [   2000.0,    2000.0,     350.0] N/m
  Dp [t1,t2,n]     = [    231.7,     169.8,     113.1] Ns/m     auto
  KR [t1,t2,n]     = [      5.0,       5.0,      50.0] Nm/rad
  DR [t1,t2,n]     = [      1.3,       2.0,       0.8] Nms/rad  auto
  p_c [EE]         = [     -0.0,      60.0,       0.0] mm       commanded in the tool frame
  r_c [t1,t2,n]    = [      0.0,      60.0,       1.0] mm       p_TCP - p_c, in the plane
setup:     t=  0.0 s | tip=  0.0 deg | F=  0.1 N | M=  0.1 Nm (limit 150.0) | contact= 19.8 mm
setup:     t=  0.2 s | tip=  0.7 deg | F=  0.8 N | M=  0.4 Nm (limit 150.0) | contact=  6.7 mm
setup:     t=  0.4 s | tip=  1.2 deg | F= 13.4 N | M=  7.5 Nm (limit 150.0) | contact=  1.9 mm
setup:     t=  0.6 s | tip=  1.2 deg | F= 14.6 N | M=  8.0 Nm (limit 150.0) | contact=  2.1 mm
setup:     t=  0.8 s | tip=  1.2 deg | F= 19.7 N | M= 10.6 Nm (limit 150.0) | contact=  2.4 mm
setup:     t=  1.0 s | tip=  1.3 deg | F= 25.8 N | M= 13.9 Nm (limit 150.0) | contact=  2.8 mm
setup:     t=  1.2 s | tip=  1.4 deg | F= 31.6 N | M= 16.9 Nm (limit 150.0) | contact=  3.0 mm
setup:     t=  1.4 s | tip=  1.4 deg | F= 37.3 N | M= 19.8 Nm (limit 150.0) | contact=  3.2 mm
setup:     t=  1.6 s | tip=  1.4 deg | F= 43.0 N | M= 22.7 Nm (limit 150.0) | contact=  3.3 mm
setup:     t=  1.8 s | tip=  1.4 deg | F= 48.9 N | M= 25.8 Nm (limit 150.0) | contact=  3.5 mm
setup:     t=  2.0 s | tip=  1.4 deg | F= 55.0 N | M= 29.0 Nm (limit 150.0) | contact=  3.7 mm
setup:     t=  2.2 s | tip=  1.5 deg | F= 60.3 N | M= 32.0 Nm (limit 150.0) | contact=  3.8 mm
setup:     t=  2.4 s | tip=  1.5 deg | F= 65.8 N | M= 34.8 Nm (limit 150.0) | contact=  4.0 mm
setup:     t=  2.6 s | tip=  1.5 deg | F= 71.1 N | M= 37.5 Nm (limit 150.0) | contact=  4.1 mm
setup:     t=  2.8 s | tip=  1.5 deg | F= 76.7 N | M= 40.4 Nm (limit 150.0) | contact=  4.3 mm
setup:     t=  3.0 s | tip=  1.6 deg | F= 81.8 N | M= 43.0 Nm (limit 150.0) | contact=  4.5 mm
setup:     t=  3.2 s | tip=  1.6 deg | F= 87.5 N | M= 46.0 Nm (limit 150.0) | contact=  4.6 mm
setup:     t=  3.4 s | tip=  1.6 deg | F= 82.3 N | M= 43.5 Nm (limit 150.0) | contact=  4.5 mm
setup:     t=  3.6 s | tip=  1.6 deg | F= 82.2 N | M= 43.4 Nm (limit 150.0) | contact=  4.5 mm
setup:     t=  3.8 s | tip=  1.6 deg | F= 82.2 N | M= 43.4 Nm (limit 150.0) | contact=  4.5 mm
setup:     t=  4.0 s | tip=  1.6 deg | F= 82.1 N | M= 43.3 Nm (limit 150.0) | contact=  4.5 mm
setup:     t=  4.2 s | tip=  1.6 deg | F= 82.1 N | M= 43.3 Nm (limit 150.0) | contact=  4.5 mm
setup:     t=  4.4 s | tip=  1.6 deg | F= 82.1 N | M= 43.3 Nm (limit 150.0) | contact=  4.5 mm
setup:     t=  4.6 s | tip=  1.6 deg | F= 82.0 N | M= 43.3 Nm (limit 150.0) | contact=  4.5 mm
setup:     t=  4.8 s | tip=  1.6 deg | F= 82.0 N | M= 43.3 Nm (limit 150.0) | contact=  4.5 mm

==============================================================================
  SETUP RESULT
==============================================================================
  stop: time | t=5.0 s | tip=1.6 deg | F=82.0 N | M=43.3 Nm
  contact_from_start = [-2.5, +0.4, -3.7] mm | norm=4.5 mm
  tcp_from_contact  = [-21.4, +60.4, +17.4] mm | norm=66.4 mm
  alignment: before=1.09 deg | after=2.55 deg | gain=-1.46 deg
  alignment components [t1,t2,n] deg: before=[-0.95,-0.53,+0.00] | after=[-1.69,-1.91,+0.00]

-- setup surface-frame breakdown ---------------------------------------------
  frame              alignment-target [tangent1, tangent2, normal]
  force        [N]      = [    +3.72,     -0.38,    -81.90]
  tcp_disp     [mm]     = [    -1.91,     +0.21,    -22.45]
  contact_disp [mm]     = [    -2.46,     +0.48,     -3.75]
  Kp_eff=F/tcp [N/m]    = [  -1945.9,   -1786.7,    3648.8]
  M_contact    [Nm]     = [    +0.66,    +41.41,     -0.21]
  tip_angle    [deg]    = [    -0.74,     -1.38,     +0.02]
  KR_eff=M/ang [Nm/rad] = [    -51.4,   -1718.1,       n/a]
  frame              tool face [length, width, tool axis]
  M_contact    [Nm]     = [   -41.39,     -0.67,     +1.41]

-- center of compliance ------------------------------------------------------
  definition         r_c = p_TCP - p_c
  p_TCP [x,y,z]    = [    518.5,      -0.1,      18.8] mm
  p_c [EE]         = [      0.0,      60.0,      -0.0] mm
  r_c [t1,t2,n]    = [      0.1,      60.0,       1.8] mm
                     p_c resolved at end of setup

-- effective TCP impedance ---------------------------------------------------
  K_TCP translation = [   1999.5,    1998.7,     351.8] N/m
  K_TCP rotation   = [      6.3,       5.0,      57.2] Nm/rad
  commanded KR was = [      5.0,       5.0,      50.0] Nm/rad   including lever contribution
  D_TCP translation = [    231.7,     169.7,     113.1] Ns/m
  D_TCP rotation   = [      1.7,       2.0,       1.6] Nms/rad
  coupling           max |moment per unit translation| = 120.0 Nm/m (K), 13.9 Nms/m (D)
  eigenvalues        K_TCP 4.98 .. 2007 | D_TCP 0.78 .. 233  (both positive: valid springs)

  K_TCP [N/m, Nm/rad | rows fx..mz, cols tx..rz]:
           tx        ty        tz    |    rx        ry        rz
  fx [    2000  -0.7871   -28.44 |    1.706  -0.2208      120 ]
  fy [ -0.7871     1999   -45.62 |    2.955 -0.004113  -0.2312 ]
  fz [  -28.44   -45.62    351.8 |   -21.11  0.03548   -1.702 ]
     ---------------------------+---------------------------
  mx [   1.706    2.955   -21.11 |     6.28  0.01934   0.8777 ]
  my [ -0.2208 -0.004113  0.03548 |  0.01934    5.034    1.231 ]
  mz [     120  -0.2312   -1.702 |   0.8777    1.231    57.15 ]

  D_TCP [Ns/m, Nms/rad]:
           tx        ty        tz    |    rx        ry        rz
  fx [   231.7 -0.05662   -2.046 |   0.1227 -0.02547     13.9 ]
  fy [-0.05662    169.7   -1.568 |   0.1126 -0.0001381 -0.01902 ]
  fz [  -2.046   -1.568    113.1 |   -6.788  0.01064  -0.1226 ]
     ---------------------------+---------------------------
  mx [  0.1227   0.1126   -6.788 |    1.732 -0.0008957 -0.001953 ]
  my [-0.02547 -0.0001381  0.01064 | -0.0008957    1.993 -0.03497 ]
  mz [    13.9 -0.01902  -0.1226 | -0.001953 -0.03497     1.62 ]

[GATE] Set up finished (still pressing). Press Enter to start the grind (e+Enter stops).

Stop requested with e + Enter. Finishing control loop...

-- joint motion [deg] --------------------------------------------------------
  joint       start    final    delta
  q1            0.8     -0.3     -1.1
  q2           12.1     30.2    +18.1
  q3           -0.5      0.2     +0.8
  q4         -130.9   -129.4     +1.5
  q5           -0.1     -0.0     +0.1
  q6          142.9    156.7    +13.9
  q7           44.7     45.0     +0.3

==============================================================================
  FINAL RESULT
==============================================================================
  p_d              = [    516.3,      -6.9,    -218.6] mm
  p_EE             = [    518.5,      -0.1,      18.8] mm
  e_p              = [     -2.2,      -6.8,    -237.4] mm
  e_R              = [    -0.74,     -1.38,      0.07] deg
------------------------------------------------------------------------------
  position error     237.49 mm
  rotation error     1.57 deg
  csv                logs/surface_grinding_controller_log.csv
------------------------------------------------------------------------------
