
==============================================================================
  SURFACE GRINDING CONTROLLER
==============================================================================
  robot              172.16.0.2
  parameters         /home/hm-panda/Desktop/Thesis_Final_Control/surface_grinding_controller/params
------------------------------------------------------------------------------

==============================================================================
  SURFACE GRINDING CONTROLLER - STARTUP MENU
==============================================================================

-- RUN MODES -----------------------------------------------------------------
  s      Run orientation, approach, setup, and grinding
  h      Cartesian pose hold at the initial posture
  t      Cartesian pose hold with the setup impedance
  g      Start manual guidance from the current robot pose

-- ROBOT PREPARATION ---------------------------------------------------------
  i      Move to the configured initial joint posture

-- GRIPPER AND TOOL ----------------------------------------------------------
  o      Open the gripper
  c      Grasp the tool
  r      Recalibrate the gripper with empty fingers
  f      Pick up the tool from the holder
  b      Return the tool to the holder

-- PROGRAM -------------------------------------------------------------------
  e      Exit
------------------------------------------------------------------------------
  During control: e = stop | m = startup menu | g = guidance
------------------------------------------------------------------------------
Selection [s/h/t/g/i/o/c/r/f/b/e]: 
-- SELECTED MODE: PHASE SEQUENCE ---------------------------------------------

-- moving to q_init ----------------------------------------------------------
  case               saved_qinit
  q1..q7 [deg]     = [0.8, 12.1, -0.5, -130.9, -0.2, 142.9, 44.7] deg
  saved_qinit = [0.014777, 0.210911, -0.009320, -2.284835, -0.002725, 2.493410, 0.780694] rad
  q_init reached.

-- start pose ----------------------------------------------------------------
  q_start          = [0.9, 12.1, -0.5, -130.9, -0.1, 142.9, 44.7] deg
  p_start          = [    531.3,       2.5,     156.8] mm

==============================================================================
  RUN
==============================================================================

-- phase: approach_orient ----------------------------------------------------
  Kp [t1,t2,n]     = [    150.0,     150.0,     150.0] N/m
  Dp [t1,t2,n]     = [    133.7,      94.2,     128.3] Ns/m     auto (factor 1.90)
  KR [t1,t2,n]     = [    300.0,     300.0,      90.0] Nm/rad
  DR [t1,t2,n]     = [     19.8,      32.3,       2.0] Nms/rad  auto (factor 1.90)
orient:     t=  0.0 s | axis_err=  8.5 deg | spin_err=  0.5 deg
orient:     t=  0.2 s | axis_err=  6.5 deg | spin_err=  0.2 deg
orient:     t=  0.4 s | axis_err=  2.5 deg | spin_err=  0.2 deg
orient:     t=  0.6 s | axis_err=  0.6 deg | spin_err=  0.1 deg
orient:     t=  0.8 s | axis_err=  0.5 deg | spin_err=  0.2 deg

Orientation reached: axis_err=0.5 deg | spin_err=0.2 deg

-- phase: approach_descend ---------------------------------------------------
  Kp [t1,t2,n]     = [    150.0,     150.0,     150.0] N/m
  Dp [t1,t2,n]     = [    133.7,      94.2,     128.3] Ns/m     auto (factor 1.90)
  KR [t1,t2,n]     = [    300.0,     300.0,      90.0] Nm/rad
  DR [t1,t2,n]     = [     19.8,      32.3,       2.0] Nms/rad  auto (factor 1.90)
  descend to         20 mm clearance at 0.100 m/s
descend:    t=  0.0 s | distance=   0.1 mm | height=+119.8 mm (target 20.0) | force= -0.1 N
descend:    t=  0.2 s | distance=  20.2 mm | height=+109.7 mm (target 20.0) | force=  2.7 N
descend:    t=  0.4 s | distance=  40.3 mm | height= +94.4 mm (target 20.0) | force=  1.7 N
descend:    t=  0.6 s | distance=  60.4 mm | height= +78.0 mm (target 20.0) | force=  2.0 N
descend:    t=  0.8 s | distance=  80.5 mm | height= +61.1 mm (target 20.0) | force=  3.1 N
descend:    t=  1.0 s | distance= 100.6 mm | height= +43.7 mm (target 20.0) | force=  1.8 N
descend:    t=  1.2 s | distance= 120.7 mm | height= +26.3 mm (target 20.0) | force=  3.2 N

Clearance reached: distance=128.1 mm | height=20.0 mm | target=20.0 mm | force=2.3 N
  offset_ee        = [     20.0,      60.0,      20.0] mm
  p_EE_at_contact  = [    519.5,       1.6,      50.0] mm
  contact_point    = [    538.0,     -55.7,       1.3] mm
  edge_offset      = [     18.6,     -57.3,     -48.7] mm

-- phase: setup --------------------------------------------------------------

-- setup impedance -----------------------------------------------------------
  law                wrench = K_TCP*dx + D_TCP*dv
                     K_TCP  = Ad(r_c)^T * blkdiag(Kp,KR) * Ad(r_c)
  Kp [t1,t2,n]     = [   2000.0,    2000.0,     350.0] N/m
  Dp [t1,t2,n]     = [    231.2,     178.3,     111.9] Ns/m     auto
  KR [t1,t2,n]     = [      5.0,       5.0,      50.0] Nm/rad
  DR [t1,t2,n]     = [      1.5,       1.9,       1.2] Nms/rad  auto
  p_c [EE]         = [      0.0,      -0.0,     120.0] mm       commanded in the tool frame
  r_c [t1,t2,n]    = [      3.8,     -19.2,     118.4] mm       p_TCP - p_c, in the plane
setup:     t=  0.0 s | tip=  0.0 deg | F=  0.3 N | M=  0.1 Nm (limit 150.0) | contact= 19.9 mm
setup:     t=  0.2 s | tip=  0.7 deg | F=  2.5 N | M=  1.1 Nm (limit 150.0) | contact=  7.4 mm
setup:     t=  0.4 s | tip=  1.2 deg | F= 16.3 N | M=  8.6 Nm (limit 150.0) | contact=  2.6 mm
setup:     t=  0.6 s | tip=  1.2 deg | F= 16.6 N | M=  9.2 Nm (limit 150.0) | contact=  2.6 mm
setup:     t=  0.8 s | tip=  1.2 deg | F= 21.4 N | M= 11.7 Nm (limit 150.0) | contact=  2.7 mm
setup:     t=  1.0 s | tip=  1.2 deg | F= 27.5 N | M= 14.8 Nm (limit 150.0) | contact=  2.8 mm
setup:     t=  1.2 s | tip=  1.3 deg | F= 32.7 N | M= 17.4 Nm (limit 150.0) | contact=  2.9 mm
setup:     t=  1.4 s | tip=  1.3 deg | F= 38.0 N | M= 20.1 Nm (limit 150.0) | contact=  3.1 mm
setup:     t=  1.6 s | tip=  1.4 deg | F= 44.0 N | M= 23.2 Nm (limit 150.0) | contact=  3.2 mm
setup:     t=  1.8 s | tip=  1.6 deg | F= 49.7 N | M= 26.2 Nm (limit 150.0) | contact=  3.3 mm
setup:     t=  2.0 s | tip=  1.9 deg | F= 53.2 N | M= 28.2 Nm (limit 150.0) | contact=  3.5 mm
setup:     t=  2.2 s | tip=  2.5 deg | F= 60.1 N | M= 31.9 Nm (limit 150.0) | contact=  3.8 mm
setup:     t=  2.4 s | tip=  3.7 deg | F= 61.3 N | M= 33.2 Nm (limit 150.0) | contact=  4.3 mm
setup:     t=  2.6 s | tip=  5.7 deg | F= 72.1 N | M= 38.5 Nm (limit 150.0) | contact=  5.6 mm
libfranka exception: libfranka: Move command aborted: motion aborted by reflex! ["tau_J_range_violation"]
control_command_success_rate: 0.94
Recover the robot in Franka Desk before the next run.
