
==============================================================================
  SURFACE GRINDING CONTROLLER
==============================================================================
  robot              172.16.0.2
  parameters         /home/hm-panda/Desktop/Thesis_Final_Control/surface_grinding_controller/params
------------------------------------------------------------------------------

==============================================================================
  SURFACE GRINDING CONTROLLER - STARTUP MENU
==============================================================================

-- RUN MODES -----------------------------------------------------------------
  s      Run orientation, approach, setup, and grinding
  h      Cartesian pose hold at the initial posture
  t      Cartesian pose hold with the setup impedance
  g      Start manual guidance from the current robot pose

-- ROBOT PREPARATION ---------------------------------------------------------
  i      Move to the configured initial joint posture

-- GRIPPER AND TOOL ----------------------------------------------------------
  o      Open the gripper
  c      Grasp the tool
  r      Recalibrate the gripper with empty fingers
  f      Pick up the tool from the holder
  b      Return the tool to the holder

-- PROGRAM -------------------------------------------------------------------
  e      Exit
------------------------------------------------------------------------------
  During control: e = stop | m = startup menu | g = guidance
------------------------------------------------------------------------------
Selection [s/h/t/g/i/o/c/r/f/b/e]: 
-- SELECTED MODE: PHASE SEQUENCE ---------------------------------------------

-- moving to q_init ----------------------------------------------------------
  case               saved_qinit
  q1..q7 [deg]     = [0.8, 12.1, -0.5, -130.9, -0.2, 142.9, 44.7] deg
  saved_qinit = [0.014777, 0.210911, -0.009320, -2.284835, -0.002725, 2.493410, 0.780694] rad
  q_init reached.

-- start pose ----------------------------------------------------------------
  q_start          = [0.8, 12.1, -0.5, -130.9, -0.2, 142.9, 44.7] deg
  p_start          = [    531.3,       2.4,     156.8] mm

==============================================================================
  RUN
==============================================================================

-- phase: approach_orient ----------------------------------------------------
  Kp [t1,t2,n]     = [    150.0,     150.0,     150.0] N/m
  Dp [t1,t2,n]     = [    133.7,      94.2,     128.3] Ns/m     auto (factor 1.90)
  KR [t1,t2,n]     = [    180.0,     180.0,      90.0] Nm/rad
  DR [t1,t2,n]     = [     15.3,      25.0,       2.0] Nms/rad  auto (factor 1.90)
orient:     t=  0.0 s | axis_err=  7.1 deg | spin_err=  1.1 deg
orient:     t=  0.2 s | axis_err=  5.9 deg | spin_err=  0.1 deg
orient:     t=  0.4 s | axis_err=  2.4 deg | spin_err=  0.1 deg
orient:     t=  0.6 s | axis_err=  1.1 deg | spin_err=  0.1 deg
orient:     t=  0.8 s | axis_err=  1.0 deg | spin_err=  0.1 deg

Orientation reached: axis_err=0.9 deg | spin_err=0.2 deg

-- phase: approach_descend ---------------------------------------------------
  Kp [t1,t2,n]     = [    150.0,     150.0,     150.0] N/m
  Dp [t1,t2,n]     = [    133.7,      94.2,     128.3] Ns/m     auto (factor 1.90)
  KR [t1,t2,n]     = [    180.0,     180.0,      90.0] Nm/rad
  DR [t1,t2,n]     = [     15.3,      25.0,       2.0] Nms/rad  auto (factor 1.90)
  descend to         20 mm clearance at 0.100 m/s
descend:    t=  0.0 s | distance=   0.1 mm | height=+133.2 mm (target 20.0) | force=  0.0 N
descend:    t=  0.2 s | distance=  20.2 mm | height=+122.4 mm (target 20.0) | force=  0.4 N
descend:    t=  0.4 s | distance=  40.3 mm | height=+105.2 mm (target 20.0) | force=  0.7 N
descend:    t=  0.6 s | distance=  60.4 mm | height= +87.8 mm (target 20.0) | force=  1.5 N
descend:    t=  0.8 s | distance=  80.5 mm | height= +70.1 mm (target 20.0) | force=  1.6 N
descend:    t=  1.0 s | distance= 100.6 mm | height= +52.4 mm (target 20.0) | force=  1.3 N
descend:    t=  1.2 s | distance= 120.7 mm | height= +34.3 mm (target 20.0) | force=  0.9 N

Clearance reached: distance=137.0 mm | height=19.9 mm | target=20.0 mm | force=1.6 N
  offset_ee        = [    -20.0,      60.0,      20.0] mm
  p_EE_at_contact  = [    533.7,       2.9,      47.2] mm
  contact_point    = [    514.3,     -55.8,       1.7] mm
  edge_offset      = [    -19.4,     -58.7,     -45.5] mm

-- phase: setup --------------------------------------------------------------

-- setup impedance -----------------------------------------------------------
  law                wrench = K_TCP*dx + D_TCP*dv
                     K_TCP  = Ad(r_c)^T * blkdiag(Kp,KR) * Ad(r_c)
  Kp [t1,t2,n]     = [   2000.0,    2000.0,     350.0] N/m
  Dp [t1,t2,n]     = [    228.0,     170.6,     113.8] Ns/m     auto
  KR [t1,t2,n]     = [      5.0,       5.0,      50.0] Nm/rad
  DR [t1,t2,n]     = [      1.6,       1.8,       1.1] Nms/rad  auto
  p_c [EE]         = [     28.3,     -28.3,       0.0] mm       commanded in the tool frame
  r_c [t1,t2,n]    = [    -28.3,     -27.7,      -5.2] mm       p_TCP - p_c, in the plane
setup:     t=  0.0 s | ee=  0.0 deg | F=  0.0 N | M=  0.0 Nm (limit 150.0) | contact= 19.8 mm
setup:     t=  0.2 s | ee=  0.9 deg | F=  1.8 N | M=  1.3 Nm (limit 150.0) | contact=  7.9 mm
setup:     t=  0.4 s | ee=  1.5 deg | F= 15.8 N | M=  0.7 Nm (limit 150.0) | contact=  3.1 mm
setup:     t=  0.6 s | ee=  1.6 deg | F= 14.3 N | M=  1.1 Nm (limit 150.0) | contact=  3.2 mm
setup:     t=  0.8 s | ee=  1.6 deg | F= 19.8 N | M=  1.1 Nm (limit 150.0) | contact=  3.3 mm
setup:     t=  1.0 s | ee=  1.6 deg | F= 25.4 N | M=  1.0 Nm (limit 150.0) | contact=  3.4 mm
setup:     t=  1.2 s | ee=  1.7 deg | F= 30.6 N | M=  1.0 Nm (limit 150.0) | contact=  3.6 mm
setup:     t=  1.4 s | ee=  1.9 deg | F= 34.8 N | M=  1.1 Nm (limit 150.0) | contact=  3.8 mm
setup:     t=  1.6 s | ee=  2.4 deg | F= 41.0 N | M=  1.2 Nm (limit 150.0) | contact=  4.0 mm
setup:     t=  1.8 s | ee=  3.1 deg | F= 45.4 N | M=  1.3 Nm (limit 150.0) | contact=  4.2 mm
setup:     t=  2.0 s | ee=  3.8 deg | F= 51.7 N | M=  1.5 Nm (limit 150.0) | contact=  4.2 mm
setup:     t=  2.2 s | ee=  4.4 deg | F= 56.0 N | M=  1.9 Nm (limit 150.0) | contact=  4.5 mm
setup:     t=  2.4 s | ee=  5.2 deg | F= 62.5 N | M=  2.2 Nm (limit 150.0) | contact=  4.5 mm
setup:     t=  2.6 s | ee=  5.4 deg | F= 68.2 N | M=  3.2 Nm (limit 150.0) | contact=  4.6 mm
setup:     t=  2.8 s | ee=  5.4 deg | F= 73.1 N | M=  3.3 Nm (limit 150.0) | contact=  4.7 mm
setup:     t=  3.0 s | ee=  5.4 deg | F= 78.2 N | M=  3.4 Nm (limit 150.0) | contact=  4.8 mm
setup:     t=  3.2 s | ee=  5.5 deg | F= 83.4 N | M=  3.5 Nm (limit 150.0) | contact=  4.9 mm
setup:     t=  3.4 s | ee=  5.7 deg | F= 78.1 N | M=  3.7 Nm (limit 150.0) | contact=  4.9 mm
setup:     t=  3.6 s | ee=  5.7 deg | F= 77.8 N | M=  3.6 Nm (limit 150.0) | contact=  4.9 mm
setup:     t=  3.8 s | ee=  5.7 deg | F= 77.7 N | M=  3.5 Nm (limit 150.0) | contact=  4.9 mm
setup:     t=  4.0 s | ee=  5.7 deg | F= 77.7 N | M=  3.5 Nm (limit 150.0) | contact=  4.9 mm
setup:     t=  4.2 s | ee=  5.7 deg | F= 77.8 N | M=  3.5 Nm (limit 150.0) | contact=  4.9 mm
setup:     t=  4.4 s | ee=  5.7 deg | F= 77.8 N | M=  3.5 Nm (limit 150.0) | contact=  4.9 mm
setup:     t=  4.6 s | ee=  5.7 deg | F= 77.8 N | M=  3.5 Nm (limit 150.0) | contact=  4.9 mm
setup:     t=  4.8 s | ee=  5.7 deg | F= 77.9 N | M=  3.5 Nm (limit 150.0) | contact=  4.9 mm

==============================================================================
  SETUP RESULT
==============================================================================
  stop: time | t=5.0 s | ee=5.7 deg | F=77.8 N | M_TCP=3.6 Nm
  contact_from_start = [-3.9, +1.6, -2.4] mm | norm=4.9 mm
  tcp_from_contact  = [+16.9, +61.4, +17.3] mm | norm=66.0 mm
  deviation: before=8.88 deg | after=3.39 deg | gain=+5.50 deg
  t_align: not reached | tolerance=2.00 deg | hold=0.30 s
  t_align_fraction: 2.27 s | fraction=0.50 of the deviation at contact
  deviation_min: 3.39 deg at t=4.99 s
  align_status: not_aligned
  deviation components [t1,t2,n] deg: before=[-6.04,+6.52,+0.00] | after=[-1.54,+3.01,+0.00]

-- setup surface-frame breakdown ---------------------------------------------
  frame              alignment-target [tangent1, tangent2, normal]
  force        [N]      = [    +1.33,     -6.79,    -77.47]
  tcp_disp     [mm]     = [    -2.00,     +3.51,    -28.16]
  contact_disp [mm]     = [    -3.88,     +1.71,     -2.47]
  Kp_eff=F/tcp [N/m]    = [   -664.9,   -1934.9,    2751.0]
  M_contact    [Nm]     = [    -7.27,     +3.78,     -0.22]
  ee_angle     [deg]    = [    +4.47,     -3.52,     +0.35]
  KR_eff=M/ang [Nm/rad] = [    -93.3,     -61.5,     -36.3]
  frame              tool face [length, width, tool axis]
  M_contact    [Nm]     = [    -3.66,     +7.34,     -0.06]

-- center of compliance ------------------------------------------------------
  definition         r_c = p_TCP - p_c
  p_TCP [x,y,z]    = [    531.2,       5.6,      19.0] mm
  p_c [EE]         = [     28.3,     -28.3,       0.0] mm
  r_c [t1,t2,n]    = [    -28.7,     -27.8,      -1.3] mm
                     p_c resolved at end of setup

-- effective TCP impedance ---------------------------------------------------
  K_TCP translation = [   1999.5,    1998.7,     351.8] N/m
  K_TCP rotation   = [      5.3,       5.3,      53.2] Nm/rad
  commanded KR was = [      5.0,       5.0,      50.0] Nm/rad   including lever contribution
  D_TCP translation = [    227.9,     170.5,     113.9] Ns/m
  D_TCP rotation   = [      1.6,       1.9,       1.4] Nms/rad
  coupling           max |moment per unit translation| = 57.5 Nm/m (K), 6.3 Nms/m (D)
  eigenvalues        K_TCP 4.99 .. 2003 | D_TCP 1.12 .. 228  (both positive: valid springs)

  K_TCP [N/m, Nm/rad | rows fx..mz, cols tx..rz]:
           tx        ty        tz    |    rx        ry        rz
  fx [    2000  -0.7871   -28.44 |  -0.7912   0.9383   -55.66 ]
  fy [ -0.7871     1999   -45.62 |    -1.39    1.311    57.46 ]
  fz [  -28.44   -45.62    351.8 |     9.79   -10.11  -0.5197 ]
     ---------------------------+---------------------------
  mx [ -0.7912    -1.39     9.79 |    5.286  -0.2599   0.7577 ]
  my [  0.9383    1.311   -10.11 |  -0.2599    5.325    1.256 ]
  mz [  -55.66    57.46  -0.5197 |   0.7577    1.256    53.15 ]

  D_TCP [Ns/m, Nms/rad]:
           tx        ty        tz    |    rx        ry        rz
  fx [   227.9 -0.05444   -1.967 | -0.05473  0.07033   -6.343 ]
  fy [-0.05444    170.5   -1.569 | -0.05398  0.04508    4.902 ]
  fz [  -1.967   -1.569    113.9 |    3.169   -3.273 0.009647 ]
     ---------------------------+---------------------------
  mx [-0.05473 -0.05398    3.169 |    1.643 -0.09128 -0.007467 ]
  my [ 0.07033  0.04508   -3.273 | -0.09128    1.925 -0.02026 ]
  mz [  -6.343    4.902 0.009647 | -0.007467 -0.02026    1.441 ]

[GATE] Set up finished (still pressing). Press Enter to start the grind (e+Enter stops).

Stop requested with e + Enter. Finishing control loop...

-- joint motion [deg] --------------------------------------------------------
  joint       start    final    delta
  q1            0.8      0.6     -0.2
  q2           12.1     30.9    +18.8
  q3           -0.5     -0.1     +0.5
  q4         -130.9   -129.2     +1.7
  q5           -0.2     -1.1     -1.0
  q6          142.9    160.6    +17.7
  q7           44.7     47.6     +2.8

==============================================================================
  FINAL RESULT
==============================================================================
  p_d              = [    529.2,      -4.3,    -212.6] mm
  p_EE             = [    531.2,       5.6,      19.0] mm
  e_p              = [     -2.0,      -9.9,    -231.6] mm
  e_R              = [     4.47,     -3.51,      0.37] deg
------------------------------------------------------------------------------
  position error     231.82 mm
  rotation error     5.70 deg
  csv                logs/surface_grinding_controller_log.csv
------------------------------------------------------------------------------
