
==============================================================================
  SURFACE GRINDING CONTROLLER
==============================================================================
  robot              172.16.0.2
  parameters         /home/hm-panda/Desktop/Thesis_Final_Control/surface_grinding_controller/params
------------------------------------------------------------------------------

==============================================================================
  SURFACE GRINDING CONTROLLER - STARTUP MENU
==============================================================================

-- RUN MODES -----------------------------------------------------------------
  s      Run orientation, approach, setup, and grinding
  h      Cartesian pose hold at the initial posture
  t      Cartesian pose hold with the setup impedance
  g      Start manual guidance from the current robot pose

-- ROBOT PREPARATION ---------------------------------------------------------
  i      Move to the configured initial joint posture

-- GRIPPER AND TOOL ----------------------------------------------------------
  o      Open the gripper
  c      Grasp the tool
  r      Recalibrate the gripper with empty fingers
  f      Pick up the tool from the holder
  b      Return the tool to the holder

-- PROGRAM -------------------------------------------------------------------
  e      Exit
------------------------------------------------------------------------------
  During control: e = stop | m = startup menu | g = guidance
------------------------------------------------------------------------------
Selection [s/h/t/g/i/o/c/r/f/b/e]: 
-- SELECTED MODE: PHASE SEQUENCE ---------------------------------------------

-- moving to q_init ----------------------------------------------------------
  case               saved_qinit
  q1..q7 [deg]     = [0.8, 12.1, -0.5, -130.9, -0.2, 142.9, 44.7] deg
  saved_qinit = [0.014777, 0.210911, -0.009320, -2.284835, -0.002725, 2.493410, 0.780694] rad
  q_init reached.

-- start pose ----------------------------------------------------------------
  q_start          = [0.8, 12.1, -0.5, -130.9, -0.2, 142.9, 44.7] deg
  p_start          = [    531.3,       2.5,     156.8] mm

==============================================================================
  RUN
==============================================================================

-- phase: approach_orient ----------------------------------------------------
  Kp [t1,t2,n]     = [    150.0,     150.0,     150.0] N/m
  Dp [t1,t2,n]     = [    133.7,      94.2,     128.3] Ns/m     auto (factor 1.90)
  KR [t1,t2,n]     = [    180.0,     180.0,      90.0] Nm/rad
  DR [t1,t2,n]     = [     15.3,      25.0,       2.0] Nms/rad  auto (factor 1.90)
orient:     t=  0.0 s | axis_err= 12.0 deg | spin_err=  0.9 deg
orient:     t=  0.2 s | axis_err= 10.4 deg | spin_err=  0.9 deg
orient:     t=  0.4 s | axis_err=  6.6 deg | spin_err=  0.6 deg
orient:     t=  0.6 s | axis_err=  2.7 deg | spin_err=  0.3 deg
orient:     t=  0.8 s | axis_err=  1.0 deg | spin_err=  0.2 deg

Orientation reached: axis_err=0.9 deg | spin_err=0.2 deg

-- phase: approach_descend ---------------------------------------------------
  Kp [t1,t2,n]     = [    150.0,     150.0,     150.0] N/m
  Dp [t1,t2,n]     = [    133.7,      94.2,     128.3] Ns/m     auto (factor 1.90)
  KR [t1,t2,n]     = [    180.0,     180.0,      90.0] Nm/rad
  DR [t1,t2,n]     = [     15.3,      25.0,       2.0] Nms/rad  auto (factor 1.90)
  descend to         20 mm clearance at 0.100 m/s
descend:    t=  0.0 s | distance=   0.1 mm | height=+120.6 mm (target 20.0) | force=  0.0 N
descend:    t=  0.2 s | distance=  20.2 mm | height=+110.5 mm (target 20.0) | force=  1.6 N
descend:    t=  0.4 s | distance=  40.3 mm | height= +95.6 mm (target 20.0) | force=  2.4 N
descend:    t=  0.6 s | distance=  60.4 mm | height= +79.7 mm (target 20.0) | force=  2.4 N
descend:    t=  0.8 s | distance=  80.5 mm | height= +63.1 mm (target 20.0) | force=  2.2 N
descend:    t=  1.0 s | distance= 100.6 mm | height= +46.4 mm (target 20.0) | force=  2.8 N
descend:    t=  1.2 s | distance= 120.7 mm | height= +29.9 mm (target 20.0) | force=  2.1 N

Clearance reached: distance=132.9 mm | height=19.9 mm | target=20.0 mm | force=3.1 N
  offset_ee        = [     20.0,     -60.0,      20.0] mm
  p_EE_at_contact  = [    514.8,      -1.2,      50.8] mm
  contact_point    = [    533.2,      53.0,      -1.6] mm
  edge_offset      = [     18.4,      54.2,     -52.4] mm

-- phase: setup --------------------------------------------------------------

-- setup impedance -----------------------------------------------------------
  law                wrench = K_TCP*dx + D_TCP*dv
                     K_TCP  = Ad(r_c)^T * blkdiag(Kp,KR) * Ad(r_c)
  Kp [t1,t2,n]     = [   2000.0,    2000.0,     350.0] N/m
  Dp [t1,t2,n]     = [    234.2,     174.6,     111.5] Ns/m     auto
  KR [t1,t2,n]     = [      5.0,       5.0,      50.0] Nm/rad
  DR [t1,t2,n]     = [      1.3,       2.0,       1.3] Nms/rad  auto
  p_c [EE]         = [     -0.0,     -20.0,      -0.0] mm       commanded in the tool frame
  r_c [t1,t2,n]    = [     -0.0,     -19.7,       3.4] mm       p_TCP - p_c, in the plane
setup:     t=  0.0 s | ee=  0.0 deg | F=  0.1 N | M=  0.0 Nm (limit 150.0) | contact= 19.8 mm
setup:     t=  0.2 s | ee=  0.9 deg | F=  0.7 N | M=  0.7 Nm (limit 150.0) | contact=  7.3 mm
setup:     t=  0.4 s | ee=  1.3 deg | F= 11.9 N | M=  0.9 Nm (limit 150.0) | contact=  1.8 mm
setup:     t=  0.6 s | ee=  1.3 deg | F= 14.8 N | M=  0.9 Nm (limit 150.0) | contact=  1.8 mm
setup:     t=  0.8 s | ee=  1.3 deg | F= 20.9 N | M=  1.0 Nm (limit 150.0) | contact=  1.8 mm
setup:     t=  1.0 s | ee=  1.4 deg | F= 26.3 N | M=  1.1 Nm (limit 150.0) | contact=  1.8 mm
setup:     t=  1.2 s | ee=  1.4 deg | F= 31.9 N | M=  1.2 Nm (limit 150.0) | contact=  1.8 mm
setup:     t=  1.4 s | ee=  1.4 deg | F= 37.5 N | M=  1.3 Nm (limit 150.0) | contact=  1.8 mm
setup:     t=  1.6 s | ee=  1.4 deg | F= 43.4 N | M=  1.6 Nm (limit 150.0) | contact=  1.9 mm
setup:     t=  1.8 s | ee=  1.4 deg | F= 49.3 N | M=  1.8 Nm (limit 150.0) | contact=  2.0 mm
setup:     t=  2.0 s | ee=  1.4 deg | F= 55.0 N | M=  2.0 Nm (limit 150.0) | contact=  2.1 mm
setup:     t=  2.2 s | ee=  1.4 deg | F= 60.5 N | M=  2.2 Nm (limit 150.0) | contact=  2.2 mm
setup:     t=  2.4 s | ee=  1.5 deg | F= 65.9 N | M=  2.4 Nm (limit 150.0) | contact=  2.3 mm
setup:     t=  2.6 s | ee=  1.6 deg | F= 72.2 N | M=  2.7 Nm (limit 150.0) | contact=  2.4 mm
setup:     t=  2.8 s | ee=  1.7 deg | F= 77.7 N | M=  2.8 Nm (limit 150.0) | contact=  2.5 mm
setup:     t=  3.0 s | ee=  1.9 deg | F= 82.9 N | M=  2.8 Nm (limit 150.0) | contact=  2.8 mm
setup:     t=  3.2 s | ee=  2.2 deg | F= 87.8 N | M=  3.2 Nm (limit 150.0) | contact=  3.0 mm
setup:     t=  3.4 s | ee=  2.6 deg | F= 81.0 N | M=  2.8 Nm (limit 150.0) | contact=  2.8 mm
setup:     t=  3.6 s | ee=  2.9 deg | F= 81.6 N | M=  3.0 Nm (limit 150.0) | contact=  2.8 mm
setup:     t=  3.8 s | ee=  3.3 deg | F= 81.8 N | M=  3.1 Nm (limit 150.0) | contact=  2.7 mm
setup:     t=  4.0 s | ee=  3.5 deg | F= 82.2 N | M=  3.2 Nm (limit 150.0) | contact=  2.7 mm
setup:     t=  4.2 s | ee=  3.8 deg | F= 82.3 N | M=  3.1 Nm (limit 150.0) | contact=  2.6 mm
setup:     t=  4.4 s | ee=  4.1 deg | F= 82.6 N | M=  3.0 Nm (limit 150.0) | contact=  2.7 mm
setup:     t=  4.6 s | ee=  4.4 deg | F= 80.3 N | M=  2.8 Nm (limit 150.0) | contact=  2.8 mm
setup:     t=  4.8 s | ee=  4.9 deg | F= 80.5 N | M=  2.6 Nm (limit 150.0) | contact=  2.8 mm

==============================================================================
  SETUP RESULT
==============================================================================
  stop: time | t=5.0 s | ee=5.4 deg | F=80.7 N | M_TCP=2.6 Nm
  contact_from_start = [-2.2, -0.9, -1.5] mm | norm=2.8 mm
  tcp_from_contact  = [-20.1, -58.3, +26.6] mm | norm=67.2 mm
  deviation: before=9.42 deg | after=4.93 deg | gain=+4.49 deg
  t_align: not reached | tolerance=2.00 deg | hold=0.30 s
  deviation components [t1,t2,n] deg: before=[+9.41,-0.55,+0.00] | after=[+4.36,-2.32,+0.00]

-- setup surface-frame breakdown ---------------------------------------------
  frame              alignment-target [tangent1, tangent2, normal]
  force        [N]      = [    +2.04,     +8.20,    -80.21]
  tcp_disp     [mm]     = [    -1.30,     -3.41,    -25.89]
  contact_disp [mm]     = [    -2.21,     -0.90,     -1.52]
  Kp_eff=F/tcp [N/m]    = [  -1562.7,   -2400.4,    3098.2]
  M_contact    [Nm]     = [    +2.04,     -0.48,     -0.27]
  ee_angle     [deg]    = [    -5.05,     -1.78,     -0.03]
  KR_eff=M/ang [Nm/rad] = [    -23.1,      15.3,     526.5]
  frame              tool face [length, width, tool axis]
  M_contact    [Nm]     = [    +0.46,     -2.05,     +0.22]

-- center of compliance ------------------------------------------------------
  definition         r_c = p_TCP - p_c
  p_TCP [x,y,z]    = [    513.0,      -5.3,      25.0] mm
  p_c [EE]         = [     -0.0,     -20.0,       0.0] mm
  r_c [t1,t2,n]    = [      0.1,     -19.9,       1.7] mm
                     p_c resolved at end of setup

-- effective TCP impedance ---------------------------------------------------
  K_TCP translation = [   1999.5,    1998.7,     351.8] N/m
  K_TCP rotation   = [      5.2,       5.0,      50.7] Nm/rad
  commanded KR was = [      5.0,       5.0,      50.0] Nm/rad   including lever contribution
  D_TCP translation = [    234.2,     174.5,     111.5] Ns/m
  D_TCP rotation   = [      1.3,       2.0,       1.4] Nms/rad
  coupling           max |moment per unit translation| = 39.7 Nm/m (K), 4.7 Nms/m (D)
  eigenvalues        K_TCP 5.00 .. 2001 | D_TCP 1.27 .. 234  (both positive: valid springs)

  K_TCP [N/m, Nm/rad | rows fx..mz, cols tx..rz]:
           tx        ty        tz    |    rx        ry        rz
  fx [    2000  -0.7871   -28.44 |   -0.567   -4.401   -39.75 ]
  fy [ -0.7871     1999   -45.62 |    3.489 -0.003496  -0.2134 ]
  fz [  -28.44   -45.62    351.8 |    6.892   0.1028   0.5705 ]
     ---------------------------+---------------------------
  mx [  -0.567    3.489    6.892 |    5.158   0.0235   0.7865 ]
  my [  -4.401 -0.003496   0.1028 |   0.0235    5.044    1.332 ]
  mz [  -39.75  -0.2134   0.5705 |   0.7865    1.332    50.74 ]

  D_TCP [Ns/m, Nms/rad]:
           tx        ty        tz    |    rx        ry        rz
  fx [   234.2 -0.05856   -2.116 | -0.04219  -0.5153   -4.655 ]
  fy [-0.05856    174.5   -1.745 |   0.3492 -7.117e-05 -0.01883 ]
  fz [  -2.116   -1.745    111.5 |    2.213  0.01743  0.04226 ]
     ---------------------------+---------------------------
  mx [-0.04219   0.3492    2.213 |    1.314 0.0003731 0.001765 ]
  my [ -0.5153 -7.117e-05  0.01743 | 0.0003731    2.049 -0.009742 ]
  mz [  -4.655 -0.01883  0.04226 | 0.001765 -0.009742    1.419 ]

[GATE] Set up finished (still pressing). Press Enter to start the grind (e+Enter stops).

Stop requested with e + Enter. Finishing control loop...

-- joint motion [deg] --------------------------------------------------------
  joint       start    final    delta
  q1            0.8     -7.8     -8.6
  q2           12.1     29.5    +17.4
  q3           -0.5      6.9     +7.4
  q4         -130.9   -128.6     +2.3
  q5           -0.2    -21.1    -20.9
  q6          142.9    151.6     +8.8
  q7           44.7     62.5    +17.8

==============================================================================
  FINAL RESULT
==============================================================================
  p_d              = [    510.3,      -8.4,    -209.0] mm
  p_EE             = [    513.0,      -5.3,      25.0] mm
  e_p              = [     -2.7,      -3.1,    -234.0] mm
  e_R              = [    -5.05,     -1.78,      0.11] deg
------------------------------------------------------------------------------
  position error     234.08 mm
  rotation error     5.36 deg
  csv                logs/surface_grinding_controller_log.csv
------------------------------------------------------------------------------
