
==============================================================================
  SURFACE GRINDING CONTROLLER
==============================================================================
  robot              172.16.0.2
  parameters         /home/hm-panda/Desktop/Thesis_Final_Control/surface_grinding_controller/params
------------------------------------------------------------------------------

==============================================================================
  SURFACE GRINDING CONTROLLER - STARTUP MENU
==============================================================================

-- RUN MODES -----------------------------------------------------------------
  s      Run orientation, approach, setup, and grinding
  h      Cartesian pose hold at the initial posture
  t      Cartesian pose hold with the setup impedance
  g      Start manual guidance from the current robot pose

-- ROBOT PREPARATION ---------------------------------------------------------
  i      Move to the configured initial joint posture

-- GRIPPER AND TOOL ----------------------------------------------------------
  o      Open the gripper
  c      Grasp the tool
  r      Recalibrate the gripper with empty fingers
  f      Pick up the tool from the holder
  b      Return the tool to the holder

-- PROGRAM -------------------------------------------------------------------
  e      Exit
------------------------------------------------------------------------------
  During control: e = stop | m = startup menu | g = guidance
------------------------------------------------------------------------------
Selection [s/h/t/g/i/o/c/r/f/b/e]: 
-- SELECTED MODE: PHASE SEQUENCE ---------------------------------------------

-- moving to q_init ----------------------------------------------------------
  case               saved_qinit
  q1..q7 [deg]     = [0.8, 12.1, -0.5, -130.9, -0.2, 142.9, 44.7] deg
  saved_qinit = [0.014777, 0.210911, -0.009320, -2.284835, -0.002725, 2.493410, 0.780694] rad
  q_init reached.

-- start pose ----------------------------------------------------------------
  q_start          = [0.8, 12.1, -0.5, -130.9, -0.2, 142.9, 44.7] deg
  p_start          = [    531.2,       2.3,     156.7] mm

==============================================================================
  RUN
==============================================================================

-- phase: approach_orient ----------------------------------------------------
  Kp [t1,t2,n]     = [    150.0,     150.0,     150.0] N/m
  Dp [t1,t2,n]     = [    133.6,      94.2,     128.3] Ns/m     auto (factor 1.90)
  KR [t1,t2,n]     = [     90.0,      90.0,      90.0] Nm/rad
  DR [t1,t2,n]     = [     10.8,      17.7,       2.0] Nms/rad  auto (factor 1.90)
orient:     t=  0.0 s | axis_err=  6.0 deg | spin_err=  0.7 deg
orient:     t=  0.2 s | axis_err=  5.3 deg | spin_err=  0.4 deg
orient:     t=  0.4 s | axis_err=  3.2 deg | spin_err=  0.0 deg
orient:     t=  0.6 s | axis_err=  2.1 deg | spin_err=  0.0 deg

Orientation reached: axis_err=2.0 deg | spin_err=0.0 deg

-- phase: approach_descend ---------------------------------------------------
  Kp [t1,t2,n]     = [    150.0,     150.0,     150.0] N/m
  Dp [t1,t2,n]     = [    133.6,      94.2,     128.3] Ns/m     auto (factor 1.90)
  KR [t1,t2,n]     = [     90.0,      90.0,      90.0] Nm/rad
  DR [t1,t2,n]     = [     10.8,      17.7,       2.0] Nms/rad  auto (factor 1.90)
  descend to         20 mm clearance at 0.100 m/s
descend:    t=  0.0 s | distance=   0.1 mm | height=+127.2 mm (target 20.0) | force= -0.0 N
descend:    t=  0.2 s | distance=  20.1 mm | height=+114.7 mm (target 20.0) | force=  2.1 N
descend:    t=  0.4 s | distance=  40.2 mm | height= +98.8 mm (target 20.0) | force=  2.3 N
descend:    t=  0.6 s | distance=  60.3 mm | height= +82.0 mm (target 20.0) | force=  2.4 N
descend:    t=  0.8 s | distance=  80.4 mm | height= +64.6 mm (target 20.0) | force=  2.9 N
descend:    t=  1.0 s | distance= 100.5 mm | height= +46.7 mm (target 20.0) | force=  2.7 N
descend:    t=  1.2 s | distance= 120.6 mm | height= +29.0 mm (target 20.0) | force=  3.4 N

Clearance reached: distance=131.0 mm | height=19.9 mm | target=20.0 mm | force=3.5 N
  offset_ee        = [     20.0,      60.0,      20.0] mm
  p_EE_at_contact  = [    506.4,       0.0,      42.8] mm
  contact_point    = [    523.7,     -60.8,       1.7] mm
  edge_offset      = [     17.4,     -60.8,     -41.2] mm

-- phase: setup --------------------------------------------------------------

-- setup impedance -----------------------------------------------------------
  law                wrench = K_TCP*dx + D_TCP*dv
                     K_TCP  = Ad(r_c)^T * blkdiag(Kp,KR) * Ad(r_c)
  Kp [t1,t2,n]     = [   2000.0,    2000.0,     350.0] N/m
  Dp [t1,t2,n]     = [    233.5,     173.2,     112.3] Ns/m     auto
  KR [t1,t2,n]     = [      5.0,       5.0,      50.0] Nm/rad
  DR [t1,t2,n]     = [      1.3,       2.1,       0.9] Nms/rad  auto
  p_c [EE]         = [    -10.0,       0.0,      -0.0] mm       commanded in the tool frame
  r_c [t1,t2,n]    = [     10.0,       0.0,      -0.9] mm       p_TCP - p_c, in the plane
setup:     t=  0.0 s | tip=  0.0 deg | F=  0.0 N | M=  0.0 Nm (limit 150.0) | contact= 19.8 mm
setup:     t=  0.2 s | tip=  0.6 deg | F=  0.1 N | M=  0.3 Nm (limit 150.0) | contact=  7.6 mm
setup:     t=  0.4 s | tip=  1.1 deg | F= 11.4 N | M=  5.9 Nm (limit 150.0) | contact=  3.5 mm
setup:     t=  0.6 s | tip=  1.1 deg | F= 15.5 N | M=  8.0 Nm (limit 150.0) | contact=  3.5 mm
setup:     t=  0.8 s | tip=  1.2 deg | F= 21.6 N | M= 10.9 Nm (limit 150.0) | contact=  3.9 mm
setup:     t=  1.0 s | tip=  1.3 deg | F= 27.3 N | M= 13.5 Nm (limit 150.0) | contact=  4.6 mm
setup:     t=  1.2 s | tip=  1.5 deg | F= 33.2 N | M= 16.3 Nm (limit 150.0) | contact=  5.7 mm
setup:     t=  1.4 s | tip=  1.6 deg | F= 38.7 N | M= 18.9 Nm (limit 150.0) | contact=  6.8 mm
setup:     t=  1.6 s | tip=  1.7 deg | F= 44.7 N | M= 21.9 Nm (limit 150.0) | contact=  7.7 mm
setup:     t=  1.8 s | tip=  1.8 deg | F= 50.6 N | M= 24.7 Nm (limit 150.0) | contact=  8.5 mm
setup:     t=  2.0 s | tip=  1.9 deg | F= 56.3 N | M= 27.4 Nm (limit 150.0) | contact=  9.5 mm
setup:     t=  2.2 s | tip=  2.0 deg | F= 61.2 N | M= 29.8 Nm (limit 150.0) | contact= 10.5 mm
setup:     t=  2.4 s | tip=  2.0 deg | F= 66.4 N | M= 32.2 Nm (limit 150.0) | contact= 10.6 mm
setup:     t=  2.6 s | tip=  2.1 deg | F= 72.0 N | M= 35.0 Nm (limit 150.0) | contact= 10.7 mm
setup:     t=  2.8 s | tip=  2.1 deg | F= 77.8 N | M= 37.9 Nm (limit 150.0) | contact= 10.8 mm
setup:     t=  3.0 s | tip=  2.1 deg | F= 83.1 N | M= 40.6 Nm (limit 150.0) | contact= 10.9 mm
setup:     t=  3.2 s | tip=  2.1 deg | F= 88.4 N | M= 43.3 Nm (limit 150.0) | contact= 11.0 mm
setup:     t=  3.4 s | tip=  2.1 deg | F= 84.0 N | M= 41.0 Nm (limit 150.0) | contact= 10.9 mm
setup:     t=  3.6 s | tip=  2.1 deg | F= 83.8 N | M= 40.9 Nm (limit 150.0) | contact= 10.9 mm
setup:     t=  3.8 s | tip=  2.1 deg | F= 83.7 N | M= 40.8 Nm (limit 150.0) | contact= 10.9 mm
setup:     t=  4.0 s | tip=  2.1 deg | F= 83.7 N | M= 40.8 Nm (limit 150.0) | contact= 10.9 mm
setup:     t=  4.2 s | tip=  2.1 deg | F= 83.5 N | M= 40.7 Nm (limit 150.0) | contact= 10.9 mm
setup:     t=  4.4 s | tip=  2.1 deg | F= 83.5 N | M= 40.7 Nm (limit 150.0) | contact= 10.9 mm
setup:     t=  4.6 s | tip=  2.1 deg | F= 83.4 N | M= 40.7 Nm (limit 150.0) | contact= 10.9 mm
setup:     t=  4.8 s | tip=  2.1 deg | F= 83.4 N | M= 40.6 Nm (limit 150.0) | contact= 10.9 mm

==============================================================================
  SETUP RESULT
==============================================================================
  stop: time | t=5.0 s | tip=2.1 deg | F=83.4 N | M=40.7 Nm
  contact_from_start = [-9.6, +0.1, -5.3] mm | norm=10.9 mm
  tcp_from_contact  = [-26.8, +60.1, +17.1] mm | norm=68.0 mm
  alignment: before=5.16 deg | after=7.21 deg | gain=-2.05 deg
  alignment components [t1,t2,n] deg: before=[-0.87,-5.09,+0.00] | after=[-1.31,-7.09,-0.00]

-- setup surface-frame breakdown ---------------------------------------------
  frame              alignment-target [tangent1, tangent2, normal]
  force        [N]      = [   +17.49,     +0.22,    -81.56]
  tcp_disp     [mm]     = [    -9.00,     -0.07,    -24.25]
  contact_disp [mm]     = [    -9.47,     +0.22,     -5.45]
  Kp_eff=F/tcp [N/m]    = [  -1943.5,   -3114.8,    3362.9]
  M_contact    [Nm]     = [    -4.16,    +39.64,     -1.18]
  tip_angle    [deg]    = [    -0.48,     -1.99,     -0.32]
  KR_eff=M/ang [Nm/rad] = [    497.6,   -1139.4,     210.8]
  frame              tool face [length, width, tool axis]
  M_contact    [Nm]     = [   -39.62,     +3.70,     +2.59]

-- center of compliance ------------------------------------------------------
  definition         r_c = p_TCP - p_c
  p_TCP [x,y,z]    = [    497.0,      -0.7,      18.8] mm
  p_c [EE]         = [    -10.0,      -0.0,       0.0] mm
  r_c [t1,t2,n]    = [      9.9,       0.1,      -1.2] mm
                     p_c resolved at end of setup

-- effective TCP impedance ---------------------------------------------------
  K_TCP translation = [   1999.5,    1998.7,     351.8] N/m
  K_TCP rotation   = [      5.0,       5.1,      50.1] Nm/rad
  commanded KR was = [      5.0,       5.0,      50.0] Nm/rad   including lever contribution
  D_TCP translation = [    233.5,     173.1,     112.4] Ns/m
  D_TCP rotation   = [      1.3,       2.1,       0.9] Nms/rad
  coupling           max |moment per unit translation| = 19.8 Nm/m (K), 1.7 Nms/m (D)
  eigenvalues        K_TCP 5.00 .. 2000 | D_TCP 0.89 .. 234  (both positive: valid springs)

  K_TCP [N/m, Nm/rad | rows fx..mz, cols tx..rz]:
           tx        ty        tz    |    rx        ry        rz
  fx [    2000  -0.7871   -28.44 | 0.002046    2.527   0.0739 ]
  fy [ -0.7871     1999   -45.62 |   -2.806  -0.4528   -19.79 ]
  fz [  -28.44   -45.62    351.8 |  0.05246    3.443   0.4507 ]
     ---------------------------+---------------------------
  mx [0.002046   -2.806  0.05246 |    5.017  0.02199   0.8034 ]
  my [   2.527  -0.4528    3.443 |  0.02199    5.072    1.249 ]
  mz [  0.0739   -19.79   0.4507 |   0.8034    1.249    50.15 ]

  D_TCP [Ns/m, Nms/rad]:
           tx        ty        tz    |    rx        ry        rz
  fx [   233.5 -0.05783    -2.09 | 0.0001503   0.3073 0.008293 ]
  fy [-0.05783    173.1   -1.682 |  -0.2431 -0.01673   -1.714 ]
  fz [   -2.09   -1.682    112.4 | -0.001353     1.11  0.01658 ]
     ---------------------------+---------------------------
  mx [0.0001503  -0.2431 -0.001353 |    1.296 -0.0002074 -0.004608 ]
  my [  0.3073 -0.01673     1.11 | -0.0002074    2.078  -0.0324 ]
  mz [0.008293   -1.714  0.01658 | -0.004608  -0.0324    0.907 ]

[GATE] Set up finished (still pressing). Press Enter to start the grind (e+Enter stops).

Stop requested with e + Enter. Finishing control loop...

-- joint motion [deg] --------------------------------------------------------
  joint       start    final    delta
  q1            0.8     -0.3     -1.1
  q2           12.1     29.1    +17.0
  q3           -0.5      0.2     +0.7
  q4         -130.9   -130.1     +0.9
  q5           -0.2     -0.8     -0.6
  q6          142.9    151.1     +8.2
  q7           44.7     45.4     +0.6

==============================================================================
  FINAL RESULT
==============================================================================
  p_d              = [    501.9,      -7.2,    -216.9] mm
  p_EE             = [    497.0,      -0.7,      18.8] mm
  e_p              = [      4.9,      -6.5,    -235.7] mm
  e_R              = [    -0.48,     -2.00,     -0.26] deg
------------------------------------------------------------------------------
  position error     235.84 mm
  rotation error     2.08 deg
  csv                logs/surface_grinding_controller_log.csv
------------------------------------------------------------------------------
