
==============================================================================
  SURFACE GRINDING CONTROLLER
==============================================================================
  robot              172.16.0.2
  parameters         /home/hm-panda/Desktop/Thesis_Final_Control/surface_grinding_controller/params
------------------------------------------------------------------------------

==============================================================================
  SURFACE GRINDING CONTROLLER - STARTUP MENU
==============================================================================

-- RUN MODES -----------------------------------------------------------------
  s      Run orientation, approach, setup, and grinding
  h      Cartesian pose hold at the initial posture
  t      Cartesian pose hold with the setup impedance
  g      Start manual guidance from the current robot pose

-- ROBOT PREPARATION ---------------------------------------------------------
  i      Move to the configured initial joint posture

-- GRIPPER AND TOOL ----------------------------------------------------------
  o      Open the gripper
  c      Grasp the tool
  r      Recalibrate the gripper with empty fingers
  f      Pick up the tool from the holder
  b      Return the tool to the holder

-- PROGRAM -------------------------------------------------------------------
  e      Exit
------------------------------------------------------------------------------
  During control: e = stop | m = startup menu | g = guidance
------------------------------------------------------------------------------
Selection [s/h/t/g/i/o/c/r/f/b/e]: 
-- SELECTED MODE: PHASE SEQUENCE ---------------------------------------------

-- moving to q_init ----------------------------------------------------------
  case               saved_qinit
  q1..q7 [deg]     = [0.8, 12.1, -0.5, -130.9, -0.2, 142.9, 44.7] deg
  saved_qinit = [0.014777, 0.210911, -0.009320, -2.284835, -0.002725, 2.493410, 0.780694] rad
  q_init reached.

-- start pose ----------------------------------------------------------------
  q_start          = [0.8, 12.1, -0.5, -130.9, -0.2, 142.9, 44.7] deg
  p_start          = [    531.4,       2.4,     156.9] mm

==============================================================================
  RUN
==============================================================================

-- phase: approach_orient ----------------------------------------------------
  Kp [t1,t2,n]     = [    150.0,     150.0,     150.0] N/m
  Dp [t1,t2,n]     = [    133.7,      94.2,     128.3] Ns/m     auto (factor 1.90)
  KR [t1,t2,n]     = [    180.0,     180.0,      90.0] Nm/rad
  DR [t1,t2,n]     = [     15.3,      25.0,       2.0] Nms/rad  auto (factor 1.90)
orient:     t=  0.0 s | axis_err= 12.0 deg | spin_err=  0.9 deg
orient:     t=  0.2 s | axis_err= 10.4 deg | spin_err=  0.9 deg
orient:     t=  0.4 s | axis_err=  6.6 deg | spin_err=  0.6 deg
orient:     t=  0.6 s | axis_err=  2.7 deg | spin_err=  0.3 deg
orient:     t=  0.8 s | axis_err=  1.0 deg | spin_err=  0.3 deg

Orientation reached: axis_err=0.9 deg | spin_err=0.2 deg

-- phase: approach_descend ---------------------------------------------------
  Kp [t1,t2,n]     = [    150.0,     150.0,     150.0] N/m
  Dp [t1,t2,n]     = [    133.7,      94.2,     128.3] Ns/m     auto (factor 1.90)
  KR [t1,t2,n]     = [    180.0,     180.0,      90.0] Nm/rad
  DR [t1,t2,n]     = [     15.3,      25.0,       2.0] Nms/rad  auto (factor 1.90)
  descend to         20 mm clearance at 0.100 m/s
descend:    t=  0.0 s | distance=   0.1 mm | height=+120.4 mm (target 20.0) | force=  0.0 N
descend:    t=  0.2 s | distance=  20.2 mm | height=+110.2 mm (target 20.0) | force=  2.5 N
descend:    t=  0.4 s | distance=  40.3 mm | height= +95.5 mm (target 20.0) | force=  3.1 N
descend:    t=  0.6 s | distance=  60.4 mm | height= +79.6 mm (target 20.0) | force=  3.2 N
descend:    t=  0.8 s | distance=  80.5 mm | height= +62.9 mm (target 20.0) | force=  2.0 N
descend:    t=  1.0 s | distance= 100.7 mm | height= +46.0 mm (target 20.0) | force=  3.4 N
descend:    t=  1.2 s | distance= 120.8 mm | height= +29.2 mm (target 20.0) | force=  2.2 N

Clearance reached: distance=132.2 mm | height=20.0 mm | target=20.0 mm | force=3.2 N
  offset_ee        = [     20.0,     -60.0,      20.0] mm
  p_EE_at_contact  = [    515.4,      -1.3,      50.7] mm
  contact_point    = [    533.8,      52.9,      -1.6] mm
  edge_offset      = [     18.4,      54.2,     -52.4] mm

-- phase: setup --------------------------------------------------------------

-- setup impedance -----------------------------------------------------------
  law                wrench = K_TCP*dx + D_TCP*dv
                     K_TCP  = Ad(r_c)^T * blkdiag(Kp,KR) * Ad(r_c)
  Kp [t1,t2,n]     = [   2000.0,    2000.0,     350.0] N/m
  Dp [t1,t2,n]     = [    234.3,     174.5,     111.4] Ns/m     auto
  KR [t1,t2,n]     = [      5.0,       5.0,      50.0] Nm/rad
  DR [t1,t2,n]     = [      1.3,       2.0,       1.3] Nms/rad  auto
  p_c [EE]         = [     -0.0,      20.0,       0.0] mm       commanded in the tool frame
  r_c [t1,t2,n]    = [      0.0,      19.7,      -3.4] mm       p_TCP - p_c, in the plane
setup:     t=  0.0 s | ee=  0.0 deg | F=  0.2 N | M=  0.0 Nm (limit 150.0) | contact= 19.9 mm
setup:     t=  0.2 s | ee=  0.9 deg | F=  0.8 N | M=  0.8 Nm (limit 150.0) | contact=  7.1 mm
setup:     t=  0.4 s | ee=  1.3 deg | F= 12.1 N | M=  0.7 Nm (limit 150.0) | contact=  1.7 mm
setup:     t=  0.6 s | ee=  1.3 deg | F= 15.3 N | M=  0.6 Nm (limit 150.0) | contact=  1.7 mm
setup:     t=  0.8 s | ee=  1.3 deg | F= 21.0 N | M=  0.6 Nm (limit 150.0) | contact=  1.6 mm
setup:     t=  1.0 s | ee=  1.4 deg | F= 26.6 N | M=  0.6 Nm (limit 150.0) | contact=  1.6 mm
setup:     t=  1.2 s | ee=  1.4 deg | F= 32.8 N | M=  0.6 Nm (limit 150.0) | contact=  1.6 mm
setup:     t=  1.4 s | ee=  1.5 deg | F= 38.8 N | M=  0.6 Nm (limit 150.0) | contact=  1.6 mm
setup:     t=  1.6 s | ee=  1.7 deg | F= 43.5 N | M=  0.8 Nm (limit 150.0) | contact=  1.7 mm
setup:     t=  1.8 s | ee=  2.0 deg | F= 49.4 N | M=  0.9 Nm (limit 150.0) | contact=  1.8 mm
setup:     t=  2.0 s | ee=  2.5 deg | F= 55.0 N | M=  1.0 Nm (limit 150.0) | contact=  1.9 mm
setup:     t=  2.2 s | ee=  3.2 deg | F= 59.8 N | M=  1.1 Nm (limit 150.0) | contact=  2.1 mm
setup:     t=  2.4 s | ee=  4.1 deg | F= 64.6 N | M=  1.3 Nm (limit 150.0) | contact=  2.1 mm
setup:     t=  2.6 s | ee=  6.5 deg | F= 69.1 N | M=  1.5 Nm (limit 150.0) | contact=  2.0 mm
setup:     t=  2.8 s | ee=  9.9 deg | F= 71.1 N | M=  1.5 Nm (limit 150.0) | contact=  2.7 mm
setup:     t=  3.0 s | ee= 11.5 deg | F= 77.9 N | M=  3.7 Nm (limit 150.0) | contact=  3.0 mm
setup:     t=  3.2 s | ee= 11.4 deg | F= 83.2 N | M=  2.7 Nm (limit 150.0) | contact=  3.2 mm
setup:     t=  3.4 s | ee= 11.4 deg | F= 78.4 N | M=  2.6 Nm (limit 150.0) | contact=  3.1 mm
setup:     t=  3.6 s | ee= 11.4 deg | F= 78.3 N | M=  2.5 Nm (limit 150.0) | contact=  3.1 mm
setup:     t=  3.8 s | ee= 11.4 deg | F= 78.2 N | M=  2.5 Nm (limit 150.0) | contact=  3.1 mm
setup:     t=  4.0 s | ee= 11.4 deg | F= 78.2 N | M=  2.5 Nm (limit 150.0) | contact=  3.1 mm
setup:     t=  4.2 s | ee= 11.4 deg | F= 78.2 N | M=  2.5 Nm (limit 150.0) | contact=  3.1 mm
setup:     t=  4.4 s | ee= 11.4 deg | F= 78.2 N | M=  2.5 Nm (limit 150.0) | contact=  3.1 mm
setup:     t=  4.6 s | ee= 11.4 deg | F= 78.1 N | M=  2.5 Nm (limit 150.0) | contact=  3.1 mm
setup:     t=  4.8 s | ee= 11.4 deg | F= 78.1 N | M=  2.5 Nm (limit 150.0) | contact=  3.1 mm

==============================================================================
  SETUP RESULT
==============================================================================
  stop: time | t=5.0 s | ee=11.4 deg | F=78.1 N | M_TCP=2.5 Nm
  contact_from_start = [-2.7, -0.8, -1.2] mm | norm=3.1 mm
  tcp_from_contact  = [-20.6, -60.9, +20.6] mm | norm=67.5 mm
  deviation: before=9.35 deg | after=3.23 deg | gain=+6.12 deg
  t_align: not reached | tolerance=2.00 deg | hold=0.30 s
  deviation components [t1,t2,n] deg: before=[+9.33,-0.57,+0.00] | after=[-1.87,-2.64,+0.00]

-- setup surface-frame breakdown ---------------------------------------------
  frame              alignment-target [tangent1, tangent2, normal]
  force        [N]      = [    +3.64,    +10.92,    -77.25]
  tcp_disp     [mm]     = [    -1.62,     -5.80,    -31.98]
  contact_disp [mm]     = [    -2.69,     -0.81,     -1.25]
  Kp_eff=F/tcp [N/m]    = [  -2242.9,   -1883.2,    2415.8]
  M_contact    [Nm]     = [    +6.64,     -0.20,     -0.02]
  ee_angle     [deg]    = [   -11.21,     -2.08,     -0.14]
  KR_eff=M/ang [Nm/rad] = [    -34.0,       5.5,       7.7]
  frame              tool face [length, width, tool axis]
  M_contact    [Nm]     = [    +0.23,     -6.64,     -0.29]

-- center of compliance ------------------------------------------------------
  definition         r_c = p_TCP - p_c
  p_TCP [x,y,z]    = [    513.2,      -8.0,      19.0] mm
  p_c [EE]         = [     -0.0,      20.0,      -0.0] mm
  r_c [t1,t2,n]    = [     -0.1,      20.0,       0.5] mm
                     p_c resolved at end of setup

-- effective TCP impedance ---------------------------------------------------
  K_TCP translation = [   1999.5,    1998.7,     351.8] N/m
  K_TCP rotation   = [      5.2,       5.0,      50.8] Nm/rad
  commanded KR was = [      5.0,       5.0,      50.0] Nm/rad   including lever contribution
  D_TCP translation = [    234.3,     174.5,     111.5] Ns/m
  D_TCP rotation   = [      1.3,       2.0,       1.4] Nms/rad
  coupling           max |moment per unit translation| = 40.0 Nm/m (K), 4.7 Nms/m (D)
  eigenvalues        K_TCP 5.00 .. 2001 | D_TCP 1.27 .. 234  (both positive: valid springs)

  K_TCP [N/m, Nm/rad | rows fx..mz, cols tx..rz]:
           tx        ty        tz    |    rx        ry        rz
  fx [    2000  -0.7871   -28.44 |   0.5688  0.05745    39.99 ]
  fy [ -0.7871     1999   -45.62 |   0.8575 0.004014   0.1611 ]
  fz [  -28.44   -45.62    351.8 |   -7.034  -0.0319  -0.5728 ]
     ---------------------------+---------------------------
  mx [  0.5688   0.8575   -7.034 |    5.154   0.0221    0.787 ]
  my [ 0.05745 0.004014  -0.0319 |   0.0221    5.034    1.245 ]
  mz [   39.99   0.1611  -0.5728 |    0.787    1.245    50.75 ]

  D_TCP [Ns/m, Nms/rad]:
           tx        ty        tz    |    rx        ry        rz
  fx [   234.3 -0.05862   -2.118 |  0.04236 0.006623    4.685 ]
  fy [-0.05862    174.5   -1.745 |   0.0301 0.0001528  0.01426 ]
  fz [  -2.118   -1.745    111.5 |    -2.23 -0.009921 -0.04252 ]
     ---------------------------+---------------------------
  mx [ 0.04236   0.0301    -2.23 |    1.313 0.0002227 0.001729 ]
  my [0.006623 0.0001528 -0.009921 | 0.0002227    2.049 -0.02005 ]
  mz [   4.685  0.01426 -0.04252 | 0.001729 -0.02005    1.414 ]

[GATE] Set up finished (still pressing). Press Enter to start the grind (e+Enter stops).

Stop requested with e + Enter. Finishing control loop...

-- joint motion [deg] --------------------------------------------------------
  joint       start    final    delta
  q1            0.8     -9.1     -9.9
  q2           12.1     30.3    +18.2
  q3           -0.5      7.2     +7.8
  q4         -130.9   -128.8     +2.1
  q5           -0.2     -9.0     -8.8
  q6          142.9    153.5    +10.6
  q7           44.7     50.3     +5.5

==============================================================================
  FINAL RESULT
==============================================================================
  p_d              = [    510.9,      -8.5,    -209.1] mm
  p_EE             = [    513.2,      -8.0,      19.0] mm
  e_p              = [     -2.3,      -0.5,    -228.1] mm
  e_R              = [   -11.21,     -2.08,      0.11] deg
------------------------------------------------------------------------------
  position error     228.10 mm
  rotation error     11.40 deg
  csv                logs/surface_grinding_controller_log.csv
------------------------------------------------------------------------------
